Using TensorFlow backend.
Loading caffemodel:  ./cnnseg/velodyne64/deploy.caffemodel
Iteration 0 of 100: loss=0.000400854361942 object_loss=0.000400854361942 distance_loss=3.84592503904e-16
Iteration 1 of 100: loss=0.0924047455192 object_loss=0.000454885681393 distance_loss=0.0919498577714
Iteration 2 of 100: loss=0.0592979602516 object_loss=0.000392360641854 distance_loss=0.0589055977762
Iteration 3 of 100: loss=0.00551679357886 object_loss=0.00033160392195 distance_loss=0.00518518965691
Iteration 4 of 100: loss=0.0433248057961 object_loss=0.00095757615054 distance_loss=0.0423672311008
Iteration 5 of 100: loss=0.0521551072598 object_loss=0.000918527599424 distance_loss=0.0512365810573
Iteration 6 of 100: loss=0.0562174059451 object_loss=0.000558890926186 distance_loss=0.0556585155427
Iteration 7 of 100: loss=0.0474667772651 object_loss=0.00049739406677 distance_loss=0.046969383955
Iteration 8 of 100: loss=0.0262466091663 object_loss=0.000245753297349 distance_loss=0.0260008554906
Iteration 9 of 100: loss=0.0109800100327 object_loss=0.000211934137042 distance_loss=0.0107680754736
Iteration 10 of 100: loss=0.0292260814458 object_loss=0.000216891145101 distance_loss=0.0290091894567
Iteration 11 of 100: loss=0.0361886620522 object_loss=0.00023268336372 distance_loss=0.0359559804201
Iteration 12 of 100: loss=0.0347842015326 object_loss=0.000278999475995 distance_loss=0.0345052033663
Iteration 13 of 100: loss=0.0260221976787 object_loss=0.000420837110141 distance_loss=0.0256013609469
Iteration 14 of 100: loss=0.0214886236936 object_loss=0.000617311568931 distance_loss=0.0208713114262
Iteration 15 of 100: loss=0.0218639206141 object_loss=0.000861862092279 distance_loss=0.0210020579398
Iteration 16 of 100: loss=0.0225614514202 object_loss=0.000855733582284 distance_loss=0.021705718711
Iteration 17 of 100: loss=0.0220118537545 object_loss=0.000628266949207 distance_loss=0.021383587271
Iteration 18 of 100: loss=0.0203515980393 object_loss=0.000366023770766 distance_loss=0.0199855733663
Iteration 19 of 100: loss=0.0200098305941 object_loss=0.00016979558859 distance_loss=0.0198400355875
Iteration 20 of 100: loss=0.0206767171621 object_loss=0.000169806822669 distance_loss=0.0205069109797
Iteration 21 of 100: loss=0.0211537964642 object_loss=0.000244230497628 distance_loss=0.0209095664322
Iteration 22 of 100: loss=0.0200189705938 object_loss=0.000218754634261 distance_loss=0.0198002159595
Iteration 23 of 100: loss=0.0157343503088 object_loss=0.000287299160846 distance_loss=0.0154470512643
Iteration 24 of 100: loss=0.014903889969 object_loss=0.000419087242335 distance_loss=0.014484802261
Iteration 25 of 100: loss=0.017685027793 object_loss=0.000524472328834 distance_loss=0.0171605553478
Iteration 26 of 100: loss=0.0185783207417 object_loss=0.00072861922672 distance_loss=0.017849702388
Iteration 27 of 100: loss=0.0166089981794 object_loss=0.000599760387558 distance_loss=0.0160092376173
Iteration 28 of 100: loss=0.0150885172188 object_loss=0.000478040019516 distance_loss=0.0146104767919
Iteration 29 of 100: loss=0.0144335618243 object_loss=0.000367149041267 distance_loss=0.0140664130449
Iteration 30 of 100: loss=0.0143656469882 object_loss=0.000203595409403 distance_loss=0.0141620514914
Iteration 31 of 100: loss=0.014917133376 object_loss=0.000162198528415 distance_loss=0.0147549351677
Iteration 32 of 100: loss=0.0143522135913 object_loss=0.000244989525527 distance_loss=0.0141072245315
Iteration 33 of 100: loss=0.0138355204836 object_loss=0.000332822120981 distance_loss=0.0135026983917
Iteration 34 of 100: loss=0.0141723463312 object_loss=0.000478322006529 distance_loss=0.0136940246448
Iteration 35 of 100: loss=0.0146916760132 object_loss=0.000685041770339 distance_loss=0.0140066342428
Iteration 36 of 100: loss=0.014192789793 object_loss=0.000476825865917 distance_loss=0.0137159638107
Iteration 37 of 100: loss=0.0135342981666 object_loss=0.000487853714731 distance_loss=0.0130464443937
Iteration 38 of 100: loss=0.0125491973013 object_loss=0.000421925389674 distance_loss=0.0121272718534
Iteration 39 of 100: loss=0.0129036428407 object_loss=0.000364704610547 distance_loss=0.0125389378518
Iteration 40 of 100: loss=0.0139111494645 object_loss=0.00044756900752 distance_loss=0.0134635800496
Iteration 41 of 100: loss=0.0135205890983 object_loss=0.000481211551232 distance_loss=0.013039377518
Iteration 42 of 100: loss=0.0130139570683 object_loss=0.000397147930926 distance_loss=0.0126168094575
Iteration 43 of 100: loss=0.0124584492296 object_loss=0.000383448408684 distance_loss=0.0120750004426
Iteration 44 of 100: loss=0.0118550024927 object_loss=0.000295688398182 distance_loss=0.0115593140945
Iteration 45 of 100: loss=0.0128041747957 object_loss=0.000357660377631 distance_loss=0.0124465143308
Iteration 46 of 100: loss=0.0134399794042 object_loss=0.0004097102792 distance_loss=0.0130302691832
Iteration 47 of 100: loss=0.0127946063876 object_loss=0.000239810993662 distance_loss=0.0125547954813
Iteration 48 of 100: loss=0.0117556629702 object_loss=0.00036912393989 distance_loss=0.0113865388557
Iteration 49 of 100: loss=0.0118619147688 object_loss=0.000372847134713 distance_loss=0.0114890672266
Iteration 50 of 100: loss=0.0126652894542 object_loss=0.000395894021494 distance_loss=0.0122693954036
Iteration 51 of 100: loss=0.0127740688622 object_loss=0.000344633503119 distance_loss=0.0124294357374
Iteration 52 of 100: loss=0.0125353708863 object_loss=0.000380163401132 distance_loss=0.0121552078053
Iteration 53 of 100: loss=0.0118201039732 object_loss=0.000582721375395 distance_loss=0.0112373828888
Iteration 54 of 100: loss=0.0119850952178 object_loss=0.000527992844582 distance_loss=0.0114571023732
Iteration 55 of 100: loss=0.0128076970577 object_loss=0.000788701116107 distance_loss=0.0120189962909
Iteration 56 of 100: loss=0.0122290551662 object_loss=0.000527332536876 distance_loss=0.0117017226294
Iteration 57 of 100: loss=0.0118164438754 object_loss=0.000383057980798 distance_loss=0.0114333862439
Iteration 58 of 100: loss=0.0115429721773 object_loss=0.000300783547573 distance_loss=0.0112421885133
Iteration 59 of 100: loss=0.0117341158912 object_loss=0.000240673267399 distance_loss=0.0114934425801
Iteration 60 of 100: loss=0.0122275622562 object_loss=0.000366673484677 distance_loss=0.0118608884513
Iteration 61 of 100: loss=0.0119377709925 object_loss=0.000364008796168 distance_loss=0.0115737626329
Iteration 62 of 100: loss=0.0116896377876 object_loss=0.000660681049339 distance_loss=0.0110289566219
Iteration 63 of 100: loss=0.0118727628142 object_loss=0.000696481496561 distance_loss=0.0111762816086
Iteration 64 of 100: loss=0.0121995108202 object_loss=0.000446322606876 distance_loss=0.0117531884462
Iteration 65 of 100: loss=0.0126236919314 object_loss=0.000649861351121 distance_loss=0.0119738308713
Iteration 66 of 100: loss=0.0122721726075 object_loss=0.000467426842079 distance_loss=0.0118047455326
Iteration 67 of 100: loss=0.0123538849875 object_loss=0.000422743032686 distance_loss=0.0119311418384
Iteration 68 of 100: loss=0.0116856442764 object_loss=0.000393699418055 distance_loss=0.0112919444218
Iteration 69 of 100: loss=0.0116675533354 object_loss=0.000335267221089 distance_loss=0.0113322865218
Iteration 70 of 100: loss=0.0117254611105 object_loss=0.000414393987739 distance_loss=0.0113110672683
Iteration 71 of 100: loss=0.0118149090558 object_loss=0.000366988475434 distance_loss=0.011447920464
Iteration 72 of 100: loss=0.0116720134392 object_loss=0.000352257629856 distance_loss=0.0113197555766
Iteration 73 of 100: loss=0.0117010204121 object_loss=0.000440030184109 distance_loss=0.0112609900534
Iteration 74 of 100: loss=0.0117261717096 object_loss=0.00056605838472 distance_loss=0.0111601129174
Iteration 75 of 100: loss=0.0118996147066 object_loss=0.000536113744602 distance_loss=0.0113635007292
Iteration 76 of 100: loss=0.012116054073 object_loss=0.000627422821708 distance_loss=0.0114886313677
Iteration 77 of 100: loss=0.0119049968198 object_loss=0.000491774757393 distance_loss=0.0114132221788
Iteration 78 of 100: loss=0.0115723889321 object_loss=0.000446732563432 distance_loss=0.0111256567761
Iteration 79 of 100: loss=0.0117177730426 object_loss=0.000406340841437 distance_loss=0.0113114323467
Iteration 80 of 100: loss=0.01165019162 object_loss=0.000357443204848 distance_loss=0.0112927481532
Iteration 81 of 100: loss=0.0118699744344 object_loss=0.000654747185763 distance_loss=0.0112152276561
Iteration 82 of 100: loss=0.0117412637919 object_loss=0.000604984059464 distance_loss=0.0111362794414
Iteration 83 of 100: loss=0.0115309618413 object_loss=0.000454590655863 distance_loss=0.0110763711855
Iteration 84 of 100: loss=0.0114945052192 object_loss=0.000288369454211 distance_loss=0.0112061360851
Iteration 85 of 100: loss=0.0115367472172 object_loss=0.000263806839939 distance_loss=0.0112729407847
Iteration 86 of 100: loss=0.0113930320367 object_loss=0.000260103173787 distance_loss=0.0111329285428
Iteration 87 of 100: loss=0.0117358863354 object_loss=0.000358469435014 distance_loss=0.0113774165511
Iteration 88 of 100: loss=0.0116080278531 object_loss=0.000386438012356 distance_loss=0.0112215895206
Iteration 89 of 100: loss=0.012010095641 object_loss=0.000522919348441 distance_loss=0.0114871766418
Iteration 90 of 100: loss=0.0118711320683 object_loss=0.000379767094273 distance_loss=0.0114913647994
Iteration 91 of 100: loss=0.012021294795 object_loss=0.000486584438477 distance_loss=0.0115347104147
Iteration 92 of 100: loss=0.0115722585469 object_loss=0.000339068821631 distance_loss=0.0112331900746
Iteration 93 of 100: loss=0.0117600280792 object_loss=0.000266373855993 distance_loss=0.0114936539903
Iteration 94 of 100: loss=0.0114432247356 object_loss=0.000247376563493 distance_loss=0.0111958477646
Iteration 95 of 100: loss=0.0114871067926 object_loss=0.000300359271932 distance_loss=0.0111867478117
Iteration 96 of 100: loss=0.0118911350146 object_loss=0.000443038530648 distance_loss=0.0114480964839
Iteration 97 of 100: loss=0.0114879282191 object_loss=0.000361773272743 distance_loss=0.0111261550337
Iteration 98 of 100: loss=0.0112385656685 object_loss=0.000336032971973 distance_loss=0.0109025323763
Iteration 99 of 100: loss=0.011859472841 object_loss=0.0005979288253 distance_loss=0.0112615441903
Iteration 0 of 100: loss=0.0165166407824 object_loss=0.00500428723171 distance_loss=0.0115123540163
Iteration 1 of 100: loss=0.0150950122625 object_loss=0.00207989057526 distance_loss=0.0130151212215
Iteration 2 of 100: loss=0.0151377730072 object_loss=0.00064609531546 distance_loss=0.0144916772842
Iteration 3 of 100: loss=0.0151237156242 object_loss=0.000502439856064 distance_loss=0.0146212754771
Iteration 4 of 100: loss=0.0144805535674 object_loss=0.000425044912845 distance_loss=0.0140555081889
Iteration 5 of 100: loss=0.0141198607162 object_loss=0.000703690049704 distance_loss=0.0134161710739
Iteration 6 of 100: loss=0.014177559875 object_loss=0.00131437776145 distance_loss=0.0128631824628
Iteration 7 of 100: loss=0.0143503975123 object_loss=0.00168648199178 distance_loss=0.0126639157534
Iteration 8 of 100: loss=0.0149242831394 object_loss=0.00253307819366 distance_loss=0.0123912049457
Iteration 9 of 100: loss=0.0156946703792 object_loss=0.00306269526482 distance_loss=0.012631974183
Iteration 10 of 100: loss=0.0148014388978 object_loss=0.0014105043374 distance_loss=0.0133909350261
Iteration 11 of 100: loss=0.0157005023211 object_loss=0.00142096844502 distance_loss=0.0142795341089
Iteration 12 of 100: loss=0.0162852909416 object_loss=0.00170265277848 distance_loss=0.0145826376975
Iteration 13 of 100: loss=0.0162604562938 object_loss=0.00175429275259 distance_loss=0.0145061640069
Iteration 14 of 100: loss=0.0154099352658 object_loss=0.00112696865108 distance_loss=0.0142829669639
Iteration 15 of 100: loss=0.0152804860845 object_loss=0.00119991321117 distance_loss=0.0140805728734
Iteration 16 of 100: loss=0.0158246867359 object_loss=0.00206944486126 distance_loss=0.0137552423403
Iteration 17 of 100: loss=0.0158561188728 object_loss=0.00255822087638 distance_loss=0.0132978986949
Iteration 18 of 100: loss=0.0153304040432 object_loss=0.00242773978971 distance_loss=0.0129026640207
Iteration 19 of 100: loss=0.0145327514037 object_loss=0.000950699613895 distance_loss=0.0135820517316
Iteration 20 of 100: loss=0.0151065494865 object_loss=0.00120795262046 distance_loss=0.0138985970989
Iteration 21 of 100: loss=0.0147593151778 object_loss=0.00138254743069 distance_loss=0.0133767677471
Iteration 22 of 100: loss=0.0142311882228 object_loss=0.00101714069024 distance_loss=0.0132140479982
Iteration 23 of 100: loss=0.0141676943749 object_loss=0.00117577973288 distance_loss=0.0129919145256
Iteration 24 of 100: loss=0.015034545213 object_loss=0.00218125851825 distance_loss=0.0128532871604
Iteration 25 of 100: loss=0.0145310452208 object_loss=0.00164937146474 distance_loss=0.0128816738725
Iteration 26 of 100: loss=0.0152928363532 object_loss=0.00249373307452 distance_loss=0.0127991037443
Iteration 27 of 100: loss=0.0142864240333 object_loss=0.00126028899103 distance_loss=0.0130261350423
Iteration 28 of 100: loss=0.0149181513116 object_loss=0.00129293196369 distance_loss=0.0136252194643
Iteration 29 of 100: loss=0.014618633315 object_loss=0.000876469595823 distance_loss=0.0137421637774
Iteration 30 of 100: loss=0.0146756879985 object_loss=0.00149859371595 distance_loss=0.0131770940498
Iteration 31 of 100: loss=0.0143070630729 object_loss=0.00169406959321 distance_loss=0.012612993829
Iteration 32 of 100: loss=0.0143456915393 object_loss=0.00159223563969 distance_loss=0.0127534558997
Iteration 33 of 100: loss=0.0142659135163 object_loss=0.0016351127997 distance_loss=0.0126308007166
Iteration 34 of 100: loss=0.0145557411015 object_loss=0.00193170690909 distance_loss=0.0126240346581
Iteration 35 of 100: loss=0.0140043767169 object_loss=0.00125410791952 distance_loss=0.0127502689138
Iteration 36 of 100: loss=0.0146048823372 object_loss=0.00174891448114 distance_loss=0.0128559675068
Iteration 37 of 100: loss=0.0148216793314 object_loss=0.0017712371191 distance_loss=0.0130504425615
Iteration 38 of 100: loss=0.0149023104459 object_loss=0.00176079862285 distance_loss=0.0131415119395
Iteration 39 of 100: loss=0.0146421277896 object_loss=0.00150411704089 distance_loss=0.0131380110979
Iteration 40 of 100: loss=0.0154598113149 object_loss=0.00214039580896 distance_loss=0.0133194150403
Iteration 41 of 100: loss=0.0156743694097 object_loss=0.00215841992758 distance_loss=0.0135159492493
Iteration 42 of 100: loss=0.0142556643113 object_loss=0.000917616882361 distance_loss=0.0133380470797
Iteration 43 of 100: loss=0.0144311469048 object_loss=0.000971494999249 distance_loss=0.013459651731
Iteration 44 of 100: loss=0.0142657477409 object_loss=0.00104737002403 distance_loss=0.0132183777168
Iteration 45 of 100: loss=0.0143468081951 object_loss=0.00151407485828 distance_loss=0.0128327338025
Iteration 46 of 100: loss=0.0142297893763 object_loss=0.00168676127214 distance_loss=0.0125430282205
Iteration 47 of 100: loss=0.014396536164 object_loss=0.00175409787335 distance_loss=0.0126424385235
Iteration 48 of 100: loss=0.0143109941855 object_loss=0.0015936344862 distance_loss=0.0127173596993
Iteration 49 of 100: loss=0.014249548316 object_loss=0.00149352918379 distance_loss=0.0127560188994
Iteration 50 of 100: loss=0.014576498419 object_loss=0.00134359067306 distance_loss=0.0132329082116
Iteration 51 of 100: loss=0.0145911686122 object_loss=0.00164794118609 distance_loss=0.0129432277754
Iteration 52 of 100: loss=0.0145436041057 object_loss=0.00164585490711 distance_loss=0.0128977494314
Iteration 53 of 100: loss=0.0145694091916 object_loss=0.00150734325871 distance_loss=0.0130620654672
Iteration 54 of 100: loss=0.0141782015562 object_loss=0.00102069904096 distance_loss=0.0131575027481
Iteration 55 of 100: loss=0.0139273721725 object_loss=0.00099953787867 distance_loss=0.0129278339446
Iteration 56 of 100: loss=0.0135717326775 object_loss=0.00115818739869 distance_loss=0.0124135455117
Iteration 57 of 100: loss=0.0139703303576 object_loss=0.00188540131785 distance_loss=0.0120849292725
Iteration 58 of 100: loss=0.0140182683244 object_loss=0.00165860180277 distance_loss=0.0123596666381
Iteration 59 of 100: loss=0.0151398982853 object_loss=0.00249098613858 distance_loss=0.0126489121467
Iteration 60 of 100: loss=0.0145371658728 object_loss=0.00120976020116 distance_loss=0.013327405788
Iteration 61 of 100: loss=0.0146315814927 object_loss=0.00105224980507 distance_loss=0.0135793313384
Iteration 62 of 100: loss=0.0148521512747 object_loss=0.00130892219022 distance_loss=0.0135432286188
Iteration 63 of 100: loss=0.0152227208018 object_loss=0.00162000104319 distance_loss=0.0136027196422
Iteration 64 of 100: loss=0.0151582909748 object_loss=0.00159772310872 distance_loss=0.0135605679825
Iteration 65 of 100: loss=0.0146196316928 object_loss=0.00159666512627 distance_loss=0.0130229666829
Iteration 66 of 100: loss=0.0140500813723 object_loss=0.00142504251562 distance_loss=0.0126250386238
Iteration 67 of 100: loss=0.0151648232713 object_loss=0.00249865837395 distance_loss=0.0126661648974
Iteration 68 of 100: loss=0.0158231966197 object_loss=0.00230978988111 distance_loss=0.0135134067386
Iteration 69 of 100: loss=0.0156200770289 object_loss=0.00161085720174 distance_loss=0.0140092195943
Iteration 70 of 100: loss=0.0154308918864 object_loss=0.00166415597778 distance_loss=0.0137667357922
Iteration 71 of 100: loss=0.0144144333899 object_loss=0.000954233924858 distance_loss=0.0134601993486
Iteration 72 of 100: loss=0.0140162929893 object_loss=0.000542777299415 distance_loss=0.0134735153988
Iteration 73 of 100: loss=0.014374377206 object_loss=0.00151742098387 distance_loss=0.0128569565713
Iteration 74 of 100: loss=0.0162783320993 object_loss=0.00338005227968 distance_loss=0.012898279354
Iteration 75 of 100: loss=0.0151023436338 object_loss=0.001629460603 distance_loss=0.0134728830308
Iteration 76 of 100: loss=0.0146497730166 object_loss=0.000808716169558 distance_loss=0.0138410571963
Iteration 77 of 100: loss=0.0147149404511 object_loss=0.00101274903864 distance_loss=0.0137021914124
Iteration 78 of 100: loss=0.0145024657249 object_loss=0.00131423817948 distance_loss=0.0131882270798
Iteration 79 of 100: loss=0.015497202985 object_loss=0.00275488919578 distance_loss=0.0127423135564
Iteration 80 of 100: loss=0.0144505575299 object_loss=0.00152225187048 distance_loss=0.0129283061251
Iteration 81 of 100: loss=0.0150119373575 object_loss=0.00155682966579 distance_loss=0.0134551078081
Iteration 82 of 100: loss=0.0172385089099 object_loss=0.00388257135637 distance_loss=0.0133559377864
Iteration 83 of 100: loss=0.016112472862 object_loss=0.00181750627235 distance_loss=0.014294966124
Iteration 84 of 100: loss=0.0159733910114 object_loss=0.00100221636239 distance_loss=0.0149711742997
Iteration 85 of 100: loss=0.0158671755344 object_loss=0.000974446069449 distance_loss=0.0148927289993
Iteration 86 of 100: loss=0.0157072152942 object_loss=0.000962584803347 distance_loss=0.0147446300834
Iteration 87 of 100: loss=0.0149980364367 object_loss=0.000801256799605 distance_loss=0.0141967795789
Iteration 88 of 100: loss=0.0153185501695 object_loss=0.00156505976338 distance_loss=0.0137534905225
Iteration 89 of 100: loss=0.0149010764435 object_loss=0.00146494526416 distance_loss=0.0134361311793
Iteration 90 of 100: loss=0.0152447875589 object_loss=0.00194681901485 distance_loss=0.0132979685441
Iteration 91 of 100: loss=0.0151775395498 object_loss=0.00191330327652 distance_loss=0.0132642360404
Iteration 92 of 100: loss=0.015897732228 object_loss=0.00218278937973 distance_loss=0.0137149421498
Iteration 93 of 100: loss=0.0156884584576 object_loss=0.0014140359126 distance_loss=0.0142744220793
Iteration 94 of 100: loss=0.0156664568931 object_loss=0.00126988219563 distance_loss=0.0143965743482
Iteration 95 of 100: loss=0.0153557984158 object_loss=0.00137528800406 distance_loss=0.0139805106446
Iteration 96 of 100: loss=0.0141807915643 object_loss=0.000995990703814 distance_loss=0.0131848007441
Iteration 97 of 100: loss=0.0144294984639 object_loss=0.00127653800882 distance_loss=0.0131529606879
Iteration 98 of 100: loss=0.0151888746768 object_loss=0.00213888147846 distance_loss=0.0130499927327
Iteration 99 of 100: loss=0.0162548925728 object_loss=0.00285520963371 distance_loss=0.0133996829391
Iteration 0 of 100: loss=0.0139358881861 object_loss=0.000116833929496 distance_loss=0.0138190547004
Iteration 1 of 100: loss=0.0138644753024 object_loss=0.00010007727542 distance_loss=0.0137643981725
Iteration 2 of 100: loss=0.0134981395677 object_loss=0.000115466405987 distance_loss=0.0133826732635
Iteration 3 of 100: loss=0.0130721833557 object_loss=0.000136289832881 distance_loss=0.0129358936101
Iteration 4 of 100: loss=0.0127689260989 object_loss=0.000166517856997 distance_loss=0.0126024084166
Iteration 5 of 100: loss=0.0129926782101 object_loss=0.000172939398908 distance_loss=0.0128197390586
Iteration 6 of 100: loss=0.0130902798846 object_loss=0.000218782894081 distance_loss=0.0128714973107
Iteration 7 of 100: loss=0.0125893047079 object_loss=0.000260864268057 distance_loss=0.0123284403235
Iteration 8 of 100: loss=0.0122176092118 object_loss=0.000217144042836 distance_loss=0.0120004648343
Iteration 9 of 100: loss=0.0123331323266 object_loss=0.000222999398829 distance_loss=0.012110132724
Iteration 10 of 100: loss=0.0123692825437 object_loss=0.000189915692317 distance_loss=0.0121793672442
Iteration 11 of 100: loss=0.0123669318855 object_loss=0.000204332201974 distance_loss=0.0121625997126
Iteration 12 of 100: loss=0.01230386924 object_loss=0.000273684621789 distance_loss=0.012030184269
Iteration 13 of 100: loss=0.0118678202853 object_loss=0.000152522421558 distance_loss=0.0117152975872
Iteration 14 of 100: loss=0.0117293810472 object_loss=0.00010858233145 distance_loss=0.0116207990795
Iteration 15 of 100: loss=0.0120205814019 object_loss=0.000170043684193 distance_loss=0.0118505377322
Iteration 16 of 100: loss=0.0120090181008 object_loss=0.000181668423465 distance_loss=0.0118273496628
Iteration 17 of 100: loss=0.0118271093816 object_loss=0.000211127422517 distance_loss=0.0116159822792
Iteration 18 of 100: loss=0.0115770371631 object_loss=0.000238876207732 distance_loss=0.0113381613046
Iteration 19 of 100: loss=0.0115051129833 object_loss=0.000288168084808 distance_loss=0.0112169450149
Iteration 20 of 100: loss=0.011556298472 object_loss=0.000234677849221 distance_loss=0.0113216210157
Iteration 21 of 100: loss=0.0115329902619 object_loss=0.000144492223626 distance_loss=0.0113884983584
Iteration 22 of 100: loss=0.0113089000806 object_loss=0.000204692900297 distance_loss=0.0111042074859
Iteration 23 of 100: loss=0.0111679472029 object_loss=0.000149945728481 distance_loss=0.0110180014744
Iteration 24 of 100: loss=0.0110614001751 object_loss=0.000134079367854 distance_loss=0.010927320458
Iteration 25 of 100: loss=0.011129129678 object_loss=0.000156719819643 distance_loss=0.0109724095091
Iteration 26 of 100: loss=0.0110713746399 object_loss=0.000126491373521 distance_loss=0.0109448833391
Iteration 27 of 100: loss=0.0112653607503 object_loss=0.000193276879145 distance_loss=0.0110720843077
Iteration 28 of 100: loss=0.0114970272407 object_loss=0.000218959787162 distance_loss=0.0112780677155
Iteration 29 of 100: loss=0.011631864123 object_loss=0.000202228722628 distance_loss=0.0114296358079
Iteration 30 of 100: loss=0.0114573985338 object_loss=0.000177144946065 distance_loss=0.0112802535295
Iteration 31 of 100: loss=0.0113561563194 object_loss=0.000141261625686 distance_loss=0.0112148942426
Iteration 32 of 100: loss=0.0111509868875 object_loss=0.000166056634043 distance_loss=0.0109849302098
Iteration 33 of 100: loss=0.0110696256161 object_loss=0.000204253738048 distance_loss=0.0108653716743
Iteration 34 of 100: loss=0.0112459277734 object_loss=0.000204165437026 distance_loss=0.0110417623073
Iteration 35 of 100: loss=0.0115887774155 object_loss=0.000185226672329 distance_loss=0.0114035503939
Iteration 36 of 100: loss=0.0115074720234 object_loss=0.000178414324182 distance_loss=0.0113290576264
Iteration 37 of 100: loss=0.0112224733457 object_loss=0.000198394685867 distance_loss=0.0110240783542
Iteration 38 of 100: loss=0.0109129929915 object_loss=0.000128130777739 distance_loss=0.010784862563
Iteration 39 of 100: loss=0.0113846911117 object_loss=0.000191480939975 distance_loss=0.0111932102591
Iteration 40 of 100: loss=0.0113395620137 object_loss=0.000176924571861 distance_loss=0.0111626377329
Iteration 41 of 100: loss=0.0110729625449 object_loss=0.000150396313984 distance_loss=0.0109225660563
Iteration 42 of 100: loss=0.0110005158931 object_loss=0.000150971842231 distance_loss=0.0108495438471
Iteration 43 of 100: loss=0.0112296165898 object_loss=0.000215414969716 distance_loss=0.0110142016783
Iteration 44 of 100: loss=0.0113115841523 object_loss=0.000227738288231 distance_loss=0.0110838459805
Iteration 45 of 100: loss=0.011178387329 object_loss=0.00024996852153 distance_loss=0.0109284184873
Iteration 46 of 100: loss=0.011115340516 object_loss=0.00025303842267 distance_loss=0.0108623020351
Iteration 47 of 100: loss=0.0109865749255 object_loss=0.000210058802622 distance_loss=0.0107765160501
Iteration 48 of 100: loss=0.0109826819971 object_loss=0.000162701850059 distance_loss=0.0108199799433
Iteration 49 of 100: loss=0.0111931161955 object_loss=0.000212879574974 distance_loss=0.010980236344
Iteration 50 of 100: loss=0.0110579691827 object_loss=0.000136132483021 distance_loss=0.0109218368307
Iteration 51 of 100: loss=0.0111506935209 object_loss=0.000276321574347 distance_loss=0.0108743719757
Iteration 52 of 100: loss=0.011223143898 object_loss=0.000323342363117 distance_loss=0.0108998017386
Iteration 53 of 100: loss=0.0113006047904 object_loss=0.000186363686225 distance_loss=0.0111142415553
Iteration 54 of 100: loss=0.0112209105864 object_loss=0.000185511293239 distance_loss=0.0110353995115
Iteration 55 of 100: loss=0.0111173950136 object_loss=0.000194981344976 distance_loss=0.0109224133193
Iteration 56 of 100: loss=0.0111596258357 object_loss=0.000200739392312 distance_loss=0.0109588867053
Iteration 57 of 100: loss=0.0113537879661 object_loss=0.000301255116938 distance_loss=0.0110525330529
Iteration 58 of 100: loss=0.0112864570692 object_loss=0.000226279487833 distance_loss=0.0110601773486
Iteration 59 of 100: loss=0.0114303715527 object_loss=0.000185854514712 distance_loss=0.0112445168197
Iteration 60 of 100: loss=0.0114887375385 object_loss=0.000210636950214 distance_loss=0.0112781003118
Iteration 61 of 100: loss=0.011376561597 object_loss=0.000154535286129 distance_loss=0.0112220263109
Iteration 62 of 100: loss=0.0114466371015 object_loss=0.00019136465562 distance_loss=0.0112552726641
Iteration 63 of 100: loss=0.0113246347755 object_loss=0.000233821498114 distance_loss=0.0110908132046
Iteration 64 of 100: loss=0.0110439946875 object_loss=0.000268752861302 distance_loss=0.0107752420008
Iteration 65 of 100: loss=0.0115252751857 object_loss=0.000193481362658 distance_loss=0.0113317938522
Iteration 66 of 100: loss=0.0114996861666 object_loss=0.000170845087268 distance_loss=0.0113288406283
Iteration 67 of 100: loss=0.0111689874902 object_loss=0.00016941515787 distance_loss=0.0109995724633
Iteration 68 of 100: loss=0.0109767066315 object_loss=0.000234825056395 distance_loss=0.0107418820262
Iteration 69 of 100: loss=0.0108860265464 object_loss=0.000203355535632 distance_loss=0.0106826713309
Iteration 70 of 100: loss=0.0111082391813 object_loss=0.000191017505131 distance_loss=0.0109172221273
Iteration 71 of 100: loss=0.0110138421878 object_loss=0.000152801643708 distance_loss=0.010861040093
Iteration 72 of 100: loss=0.011062652804 object_loss=0.000162066717166 distance_loss=0.0109005859122
Iteration 73 of 100: loss=0.0112503040582 object_loss=0.000202904004254 distance_loss=0.0110473996028
Iteration 74 of 100: loss=0.0112155266106 object_loss=0.000164516284713 distance_loss=0.0110510103405
Iteration 75 of 100: loss=0.0109997401014 object_loss=0.000236841166043 distance_loss=0.0107628991827
Iteration 76 of 100: loss=0.0108609870076 object_loss=0.000158592520165 distance_loss=0.0107023948804
Iteration 77 of 100: loss=0.0111833009869 object_loss=0.000175000270247 distance_loss=0.0110083008185
Iteration 78 of 100: loss=0.0115415016189 object_loss=0.000233088823734 distance_loss=0.0113084129989
Iteration 79 of 100: loss=0.0112377470359 object_loss=0.00020839231729 distance_loss=0.0110293542966
Iteration 80 of 100: loss=0.0110829733312 object_loss=0.000245831848588 distance_loss=0.0108371414244
Iteration 81 of 100: loss=0.0109601449221 object_loss=0.000204801064683 distance_loss=0.010755344294
Iteration 82 of 100: loss=0.0110349310562 object_loss=0.000161638497957 distance_loss=0.0108732925728
Iteration 83 of 100: loss=0.0110169444233 object_loss=0.000156819194672 distance_loss=0.0108601255342
Iteration 84 of 100: loss=0.0108851063997 object_loss=0.0001558688964 distance_loss=0.0107292374596
Iteration 85 of 100: loss=0.0110321883112 object_loss=0.000177203619387 distance_loss=0.0108549846336
Iteration 86 of 100: loss=0.0109846284613 object_loss=0.000212398445001 distance_loss=0.0107722301036
Iteration 87 of 100: loss=0.0109829111025 object_loss=0.000232594611589 distance_loss=0.0107503160834
Iteration 88 of 100: loss=0.0107680456713 object_loss=0.000294929370284 distance_loss=0.010473116301
Iteration 89 of 100: loss=0.0109909679741 object_loss=0.000188736521523 distance_loss=0.010802231729
Iteration 90 of 100: loss=0.0111043844372 object_loss=0.000221898197196 distance_loss=0.0108824865893
Iteration 91 of 100: loss=0.0108619565144 object_loss=0.000206636686926 distance_loss=0.0106553202495
Iteration 92 of 100: loss=0.0109618408605 object_loss=0.000174010026967 distance_loss=0.0107878306881
Iteration 93 of 100: loss=0.0113182980567 object_loss=0.000161025629495 distance_loss=0.0111572723836
Iteration 94 of 100: loss=0.0110727129504 object_loss=0.000156988302479 distance_loss=0.0109157245606
Iteration 95 of 100: loss=0.0110410181805 object_loss=0.00014804075181 distance_loss=0.0108929770067
Iteration 96 of 100: loss=0.0111017748713 object_loss=0.000168324695551 distance_loss=0.0109334504232
Iteration 97 of 100: loss=0.0113984774798 object_loss=0.000163527336554 distance_loss=0.0112349502742
Iteration 98 of 100: loss=0.0114896837622 object_loss=0.000308955553919 distance_loss=0.0111807286739
Iteration 99 of 100: loss=0.0113412840292 object_loss=0.000236774270888 distance_loss=0.0111045101658
Iteration 0 of 100: loss=0.0108962515369 object_loss=8.91905292519e-05 distance_loss=0.0108070606366
Iteration 1 of 100: loss=0.0108835687861 object_loss=9.34217532631e-05 distance_loss=0.0107901468873
Iteration 2 of 100: loss=0.0109060052782 object_loss=8.72500240803e-05 distance_loss=0.0108187552541
Iteration 3 of 100: loss=0.0109676644206 object_loss=6.60045334371e-05 distance_loss=0.0109016597271
Iteration 4 of 100: loss=0.0110866557807 object_loss=8.57945924508e-05 distance_loss=0.0110008614138
Iteration 5 of 100: loss=0.0111028002575 object_loss=7.04021804268e-05 distance_loss=0.0110323978588
Iteration 6 of 100: loss=0.0109567604959 object_loss=9.66332008829e-05 distance_loss=0.0108601273969
Iteration 7 of 100: loss=0.0105051295832 object_loss=8.54749087011e-05 distance_loss=0.0104196546599
Iteration 8 of 100: loss=0.0104717109352 object_loss=9.25047497731e-05 distance_loss=0.0103792063892
Iteration 9 of 100: loss=0.0110402181745 object_loss=6.90629531164e-05 distance_loss=0.0109711550176
Iteration 10 of 100: loss=0.0110707068816 object_loss=8.1312697148e-05 distance_loss=0.0109893940389
Iteration 11 of 100: loss=0.0109868375584 object_loss=8.69263967616e-05 distance_loss=0.0108999107033
Iteration 12 of 100: loss=0.0107293361798 object_loss=0.000101250363514 distance_loss=0.0106280855834
Iteration 13 of 100: loss=0.010893760249 object_loss=9.83064019238e-05 distance_loss=0.0107954535633
Iteration 14 of 100: loss=0.0111955739558 object_loss=0.00011835074838 distance_loss=0.0110772233456
Iteration 15 of 100: loss=0.0111045790836 object_loss=0.000111938847112 distance_loss=0.0109926406294
Iteration 16 of 100: loss=0.0108551718295 object_loss=8.53682940942e-05 distance_loss=0.010769803077
Iteration 17 of 100: loss=0.0105424476787 object_loss=6.95001872373e-05 distance_loss=0.0104729477316
Iteration 18 of 100: loss=0.0109227262437 object_loss=8.25748429634e-05 distance_loss=0.010840151459
Iteration 19 of 100: loss=0.0107588293031 object_loss=6.59163997625e-05 distance_loss=0.0106929130852
Iteration 20 of 100: loss=0.0108019402251 object_loss=8.31336074043e-05 distance_loss=0.0107188066468
Iteration 21 of 100: loss=0.0107464306056 object_loss=9.83338832157e-05 distance_loss=0.0106480969116
Iteration 22 of 100: loss=0.0105054285377 object_loss=8.31957077025e-05 distance_loss=0.0104222325608
Iteration 23 of 100: loss=0.0106483735144 object_loss=7.93081417214e-05 distance_loss=0.0105690658092
Iteration 24 of 100: loss=0.0109017491341 object_loss=9.98107207124e-05 distance_loss=0.0108019383624
Iteration 25 of 100: loss=0.0109122535214 object_loss=9.36610158533e-05 distance_loss=0.0108185922727
Iteration 26 of 100: loss=0.0107030235231 object_loss=9.09547306946e-05 distance_loss=0.0106120686978
Iteration 27 of 100: loss=0.0104112653062 object_loss=8.20553686935e-05 distance_loss=0.0103292101994
Iteration 28 of 100: loss=0.0102867661044 object_loss=8.14491068013e-05 distance_loss=0.0102053172886
Iteration 29 of 100: loss=0.0108069069684 object_loss=7.18449155102e-05 distance_loss=0.010735061951
Iteration 30 of 100: loss=0.0106436479837 object_loss=9.13049079827e-05 distance_loss=0.0105523429811
Iteration 31 of 100: loss=0.0102223176509 object_loss=7.82752613304e-05 distance_loss=0.0101440427825
Iteration 32 of 100: loss=0.0104059558362 object_loss=9.11557799554e-05 distance_loss=0.0103147998452
Iteration 33 of 100: loss=0.0105806961656 object_loss=0.000130398053443 distance_loss=0.0104502979666
Iteration 34 of 100: loss=0.0104213831946 object_loss=0.000103666963696 distance_loss=0.0103177158162
Iteration 35 of 100: loss=0.0104119107127 object_loss=8.40868742671e-05 distance_loss=0.0103278234601
Iteration 36 of 100: loss=0.0101486900821 object_loss=7.05497077433e-05 distance_loss=0.0100781405345
Iteration 37 of 100: loss=0.0101115573198 object_loss=7.32153930585e-05 distance_loss=0.0100383423269
Iteration 38 of 100: loss=0.0104539189488 object_loss=7.01776298229e-05 distance_loss=0.0103837409988
Iteration 39 of 100: loss=0.0106482431293 object_loss=8.84467881406e-05 distance_loss=0.0105597963557
Iteration 40 of 100: loss=0.0104324538261 object_loss=0.000113092151878 distance_loss=0.0103193614632
Iteration 41 of 100: loss=0.0103903915733 object_loss=0.000143274533912 distance_loss=0.0102471169084
Iteration 42 of 100: loss=0.0104483412579 object_loss=8.03878210718e-05 distance_loss=0.0103679532185
Iteration 43 of 100: loss=0.0104507366195 object_loss=7.1364127507e-05 distance_loss=0.0103793721646
Iteration 44 of 100: loss=0.0104617625475 object_loss=8.16847314127e-05 distance_loss=0.0103800781071
Iteration 45 of 100: loss=0.0102603547275 object_loss=7.94612642494e-05 distance_loss=0.0101808933541
Iteration 46 of 100: loss=0.00995364040136 object_loss=9.43701088545e-05 distance_loss=0.0098592704162
Iteration 47 of 100: loss=0.0101738004014 object_loss=8.90675728442e-05 distance_loss=0.0100847324356
Iteration 48 of 100: loss=0.0104587953538 object_loss=0.000118754433061 distance_loss=0.0103400405496
Iteration 49 of 100: loss=0.0104581750929 object_loss=9.86723171081e-05 distance_loss=0.0103595023975
Iteration 50 of 100: loss=0.0103265848011 object_loss=9.37795484788e-05 distance_loss=0.0102328052744
Iteration 51 of 100: loss=0.0105960387737 object_loss=0.000105560924567 distance_loss=0.0104904780164
Iteration 52 of 100: loss=0.0105738649145 object_loss=0.000104578590253 distance_loss=0.0104692867026
Iteration 53 of 100: loss=0.0105699030682 object_loss=7.04034246155e-05 distance_loss=0.0104994997382
Iteration 54 of 100: loss=0.0106398537755 object_loss=8.84369874257e-05 distance_loss=0.0105514172465
Iteration 55 of 100: loss=0.0105446865782 object_loss=7.42472766433e-05 distance_loss=0.0104704396799
Iteration 56 of 100: loss=0.0106011312455 object_loss=8.95828561625e-05 distance_loss=0.0105115482584
Iteration 57 of 100: loss=0.010591856204 object_loss=6.52802700642e-05 distance_loss=0.0105265760794
Iteration 58 of 100: loss=0.0106338858604 object_loss=7.99859408289e-05 distance_loss=0.0105539001524
Iteration 59 of 100: loss=0.0108504462987 object_loss=8.70943331392e-05 distance_loss=0.0107633518055
Iteration 60 of 100: loss=0.010515880771 object_loss=0.00011212121899 distance_loss=0.0104037597775
Iteration 61 of 100: loss=0.0104919662699 object_loss=0.00011007465946 distance_loss=0.0103818913922
Iteration 62 of 100: loss=0.0106108719483 object_loss=9.18171790545e-05 distance_loss=0.0105190547183
Iteration 63 of 100: loss=0.0106499418616 object_loss=8.26031027827e-05 distance_loss=0.0105673391372
Iteration 64 of 100: loss=0.0105659822002 object_loss=0.000102887221146 distance_loss=0.0104630952701
Iteration 65 of 100: loss=0.0107476450503 object_loss=0.000107498715806 distance_loss=0.0106401462108
Iteration 66 of 100: loss=0.010757451877 object_loss=9.74503345788e-05 distance_loss=0.0106600020081
Iteration 67 of 100: loss=0.0103086661547 object_loss=6.002270311e-05 distance_loss=0.0102486433461
Iteration 68 of 100: loss=0.0101292617619 object_loss=6.97710638633e-05 distance_loss=0.0100594907999
Iteration 69 of 100: loss=0.0101800318807 object_loss=8.26216200949e-05 distance_loss=0.0100974105299
Iteration 70 of 100: loss=0.0105361361057 object_loss=0.000121927987493 distance_loss=0.0104142082855
Iteration 71 of 100: loss=0.0106668025255 object_loss=0.000106156934635 distance_loss=0.0105606457219
Iteration 72 of 100: loss=0.0102000935003 object_loss=6.90977758495e-05 distance_loss=0.0101309958845
Iteration 73 of 100: loss=0.0104172695428 object_loss=6.93251276971e-05 distance_loss=0.0103479446843
Iteration 74 of 100: loss=0.0105559714139 object_loss=0.000124921629322 distance_loss=0.0104310493916
Iteration 75 of 100: loss=0.0107121728361 object_loss=0.000120336058899 distance_loss=0.0105918366462
Iteration 76 of 100: loss=0.0102394204587 object_loss=9.78382740868e-05 distance_loss=0.0101415822282
Iteration 77 of 100: loss=0.0100796148181 object_loss=9.78243988357e-05 distance_loss=0.0099817905575
Iteration 78 of 100: loss=0.0102275777608 object_loss=7.45330617065e-05 distance_loss=0.0101530449465
Iteration 79 of 100: loss=0.0106211835518 object_loss=5.43309906789e-05 distance_loss=0.0105668529868
Iteration 80 of 100: loss=0.0105694727972 object_loss=5.85373200011e-05 distance_loss=0.0105109354481
Iteration 81 of 100: loss=0.0104052703828 object_loss=9.13280455279e-05 distance_loss=0.0103139420971
Iteration 82 of 100: loss=0.0101580573246 object_loss=0.000124516562209 distance_loss=0.0100335404277
Iteration 83 of 100: loss=0.0101762386039 object_loss=0.000105312661617 distance_loss=0.0100709255785
Iteration 84 of 100: loss=0.0106734987348 object_loss=0.000124835438328 distance_loss=0.0105486633256
Iteration 85 of 100: loss=0.0108155691996 object_loss=7.90549747762e-05 distance_loss=0.0107365138829
Iteration 86 of 100: loss=0.0104810930789 object_loss=7.95441155788e-05 distance_loss=0.0104015488178
Iteration 87 of 100: loss=0.0102294581011 object_loss=6.64386097924e-05 distance_loss=0.0101630194113
Iteration 88 of 100: loss=0.0104515710846 object_loss=5.85311645409e-05 distance_loss=0.0103930402547
Iteration 89 of 100: loss=0.0106362355873 object_loss=7.14370326023e-05 distance_loss=0.0105647984892
Iteration 90 of 100: loss=0.0106667596847 object_loss=6.77794669173e-05 distance_loss=0.0105989798903
Iteration 91 of 100: loss=0.0106311412528 object_loss=7.12080000085e-05 distance_loss=0.0105599332601
Iteration 92 of 100: loss=0.0102032478899 object_loss=6.2317114498e-05 distance_loss=0.0101409312338
Iteration 93 of 100: loss=0.0104023013264 object_loss=8.52209850564e-05 distance_loss=0.0103170806542
Iteration 94 of 100: loss=0.0106622464955 object_loss=9.04773769435e-05 distance_loss=0.0105717694387
Iteration 95 of 100: loss=0.0105858603492 object_loss=9.80474433163e-05 distance_loss=0.0104878125712
Iteration 96 of 100: loss=0.0102488668635 object_loss=6.00613675488e-05 distance_loss=0.0101888058707
Iteration 97 of 100: loss=0.0102373817936 object_loss=8.1129015598e-05 distance_loss=0.0101562524214
Iteration 98 of 100: loss=0.0104024168104 object_loss=6.86546700308e-05 distance_loss=0.0103337625042
Iteration 99 of 100: loss=0.0107222283259 object_loss=8.99763908819e-05 distance_loss=0.0106322523206
Iteration 0 of 100: loss=0.0105042420328 object_loss=6.04140477662e-05 distance_loss=0.0104438280687
Iteration 1 of 100: loss=0.0102018779144 object_loss=9.43587365327e-05 distance_loss=0.0101075191051
Iteration 2 of 100: loss=0.00997655279934 object_loss=7.91558559285e-05 distance_loss=0.00989739689976
Iteration 3 of 100: loss=0.0104621201754 object_loss=5.57102939638e-05 distance_loss=0.0104064103216
Iteration 4 of 100: loss=0.010641688481 object_loss=5.24348761246e-05 distance_loss=0.0105892531574
Iteration 5 of 100: loss=0.0104803955182 object_loss=6.38973288005e-05 distance_loss=0.0104164984077
Iteration 6 of 100: loss=0.0105280708522 object_loss=7.82987117418e-05 distance_loss=0.0104497717693
Iteration 7 of 100: loss=0.010531142354 object_loss=6.30756621831e-05 distance_loss=0.01046806667
Iteration 8 of 100: loss=0.0105510065332 object_loss=7.41800467949e-05 distance_loss=0.0104768266901
Iteration 9 of 100: loss=0.010325383395 object_loss=6.3288374804e-05 distance_loss=0.0102620953694
Iteration 10 of 100: loss=0.0100686708465 object_loss=6.20205391897e-05 distance_loss=0.010006650351
Iteration 11 of 100: loss=0.0104833589867 object_loss=9.51911351876e-05 distance_loss=0.010388167575
Iteration 12 of 100: loss=0.0106519423425 object_loss=0.000106750492705 distance_loss=0.0105451922864
Iteration 13 of 100: loss=0.0104193110019 object_loss=6.66289779474e-05 distance_loss=0.0103526823223
Iteration 14 of 100: loss=0.0104699656367 object_loss=6.25372631475e-05 distance_loss=0.0104074282572
Iteration 15 of 100: loss=0.0105991950259 object_loss=6.2449471443e-05 distance_loss=0.0105367451906
Iteration 16 of 100: loss=0.0107557578012 object_loss=5.33366255695e-05 distance_loss=0.0107024209574
Iteration 17 of 100: loss=0.0108108045533 object_loss=6.68301508995e-05 distance_loss=0.010743974708
Iteration 18 of 100: loss=0.0105890715495 object_loss=8.83133834577e-05 distance_loss=0.010500757955
Iteration 19 of 100: loss=0.0102901319042 object_loss=8.56011247379e-05 distance_loss=0.0102045303211
Iteration 20 of 100: loss=0.0104660978541 object_loss=5.90173549426e-05 distance_loss=0.0104070808738
Iteration 21 of 100: loss=0.0103134345263 object_loss=7.92145146988e-05 distance_loss=0.0102342199534
Iteration 22 of 100: loss=0.00996406003833 object_loss=8.92906318768e-05 distance_loss=0.00987476948649
Iteration 23 of 100: loss=0.0100606158376 object_loss=9.17843863135e-05 distance_loss=0.00996883120388
Iteration 24 of 100: loss=0.00995520409197 object_loss=6.47240376566e-05 distance_loss=0.009890479967
Iteration 25 of 100: loss=0.00990324374288 object_loss=5.38107160537e-05 distance_loss=0.00984943285584
Iteration 26 of 100: loss=0.00996927078813 object_loss=7.16732683941e-05 distance_loss=0.00989759713411
Iteration 27 of 100: loss=0.0100645851344 object_loss=7.05733982613e-05 distance_loss=0.00999401137233
Iteration 28 of 100: loss=0.0101564452052 object_loss=5.7308414398e-05 distance_loss=0.0100991372019
Iteration 29 of 100: loss=0.0102139115334 object_loss=7.70082406234e-05 distance_loss=0.0101369032636
Iteration 30 of 100: loss=0.010143908672 object_loss=7.38272501621e-05 distance_loss=0.0100700818002
Iteration 31 of 100: loss=0.0102924695238 object_loss=8.52571465657e-05 distance_loss=0.0102072125301
Iteration 32 of 100: loss=0.0101538440213 object_loss=7.80611153459e-05 distance_loss=0.010075783357
Iteration 33 of 100: loss=0.0101030487567 object_loss=7.05348866177e-05 distance_loss=0.0100325141102
Iteration 34 of 100: loss=0.0101357707754 object_loss=6.35241522104e-05 distance_loss=0.0100722461939
Iteration 35 of 100: loss=0.0101420236751 object_loss=7.21919204807e-05 distance_loss=0.0100698322058
Iteration 36 of 100: loss=0.00980706885457 object_loss=7.57886518841e-05 distance_loss=0.00973128061742
Iteration 37 of 100: loss=0.0097767310217 object_loss=7.11503817001e-05 distance_loss=0.00970558077097
Iteration 38 of 100: loss=0.00984670873731 object_loss=8.54997124407e-05 distance_loss=0.00976120866835
Iteration 39 of 100: loss=0.00988170690835 object_loss=9.58946402534e-05 distance_loss=0.00978581234813
Iteration 40 of 100: loss=0.0098231639713 object_loss=8.43704983708e-05 distance_loss=0.00973879359663
Iteration 41 of 100: loss=0.00979545619339 object_loss=8.05667223176e-05 distance_loss=0.0097148893401
Iteration 42 of 100: loss=0.00996532663703 object_loss=6.1822909629e-05 distance_loss=0.00990350358188
Iteration 43 of 100: loss=0.010178389959 object_loss=6.82771060383e-05 distance_loss=0.0101101128384
Iteration 44 of 100: loss=0.0102190040052 object_loss=5.51072407688e-05 distance_loss=0.0101638967171
Iteration 45 of 100: loss=0.0100560123101 object_loss=6.11225550529e-05 distance_loss=0.00999488960952
Iteration 46 of 100: loss=0.0101532936096 object_loss=5.68209106859e-05 distance_loss=0.010096472688
Iteration 47 of 100: loss=0.0103502636775 object_loss=7.25624922779e-05 distance_loss=0.0102777015418
Iteration 48 of 100: loss=0.0100910551846 object_loss=8.23986774776e-05 distance_loss=0.0100086564198
Iteration 49 of 100: loss=0.0100135281682 object_loss=6.31203874946e-05 distance_loss=0.00995040778071
Iteration 50 of 100: loss=0.0101504540071 object_loss=5.4211661336e-05 distance_loss=0.0100962426513
Iteration 51 of 100: loss=0.0102307908237 object_loss=7.10744643584e-05 distance_loss=0.0101597160101
Iteration 52 of 100: loss=0.0100687742233 object_loss=5.00801361341e-05 distance_loss=0.0100186942145
Iteration 53 of 100: loss=0.0100502353162 object_loss=7.72501953179e-05 distance_loss=0.00997298490256
Iteration 54 of 100: loss=0.0101350154728 object_loss=6.00672428845e-05 distance_loss=0.0100749479607
Iteration 55 of 100: loss=0.0105886384845 object_loss=8.21457142592e-05 distance_loss=0.0105064930394
Iteration 56 of 100: loss=0.0103630255908 object_loss=7.71630802774e-05 distance_loss=0.0102858627215
Iteration 57 of 100: loss=0.0098371040076 object_loss=0.000107523192128 distance_loss=0.00972958095372
Iteration 58 of 100: loss=0.0100927818567 object_loss=5.33280217496e-05 distance_loss=0.0100394533947
Iteration 59 of 100: loss=0.0103254737332 object_loss=6.16881952737e-05 distance_loss=0.0102637857199
Iteration 60 of 100: loss=0.0101286703721 object_loss=5.28901036887e-05 distance_loss=0.0100757805631
Iteration 61 of 100: loss=0.0100752357394 object_loss=6.15135431872e-05 distance_loss=0.0100137218833
Iteration 62 of 100: loss=0.010213044472 object_loss=6.86121857143e-05 distance_loss=0.0101444320753
Iteration 63 of 100: loss=0.0104520898312 object_loss=6.57202908769e-05 distance_loss=0.0103863691911
Iteration 64 of 100: loss=0.0102502945811 object_loss=8.83354150574e-05 distance_loss=0.0101619595662
Iteration 65 of 100: loss=0.0100335944444 object_loss=7.42913398426e-05 distance_loss=0.00995930284262
Iteration 66 of 100: loss=0.0100340368226 object_loss=7.35581197659e-05 distance_loss=0.00996047910303
Iteration 67 of 100: loss=0.0106104584411 object_loss=7.05048441887e-05 distance_loss=0.0105399535969
Iteration 68 of 100: loss=0.0106103373691 object_loss=5.72091157665e-05 distance_loss=0.010553128086
Iteration 69 of 100: loss=0.0099020563066 object_loss=4.97322362207e-05 distance_loss=0.00985232368112
Iteration 70 of 100: loss=0.0100584290922 object_loss=6.37829507468e-05 distance_loss=0.00999464653432
Iteration 71 of 100: loss=0.0104757864028 object_loss=9.16222707019e-05 distance_loss=0.0103841638193
Iteration 72 of 100: loss=0.0102548366413 object_loss=0.000107617561298 distance_loss=0.0101472195238
Iteration 73 of 100: loss=0.01004759036 object_loss=0.000101981386251 distance_loss=0.00994560867548
Iteration 74 of 100: loss=0.0102788759395 object_loss=8.98175712791e-05 distance_loss=0.0101890582591
Iteration 75 of 100: loss=0.0104136401787 object_loss=7.93776707724e-05 distance_loss=0.0103342626244
Iteration 76 of 100: loss=0.0103573752567 object_loss=8.40524880914e-05 distance_loss=0.010273322463
Iteration 77 of 100: loss=0.0100651811808 object_loss=5.66151757084e-05 distance_loss=0.0100085660815
Iteration 78 of 100: loss=0.00999945402145 object_loss=6.02131731284e-05 distance_loss=0.00993924122304
Iteration 79 of 100: loss=0.0104049295187 object_loss=7.52881387598e-05 distance_loss=0.0103296414018
Iteration 80 of 100: loss=0.010247929953 object_loss=7.50677718315e-05 distance_loss=0.0101728625596
Iteration 81 of 100: loss=0.0100149028003 object_loss=8.88413487701e-05 distance_loss=0.00992606114596
Iteration 82 of 100: loss=0.0101120201871 object_loss=8.62468732521e-05 distance_loss=0.0100257731974
Iteration 83 of 100: loss=0.010341187939 object_loss=7.9814097262e-05 distance_loss=0.0102613735944
Iteration 84 of 100: loss=0.0100029446185 object_loss=5.78433828196e-05 distance_loss=0.00994510110468
Iteration 85 of 100: loss=0.00993025582284 object_loss=6.34398747934e-05 distance_loss=0.0098668159917
Iteration 86 of 100: loss=0.0100312735885 object_loss=6.57209311612e-05 distance_loss=0.00996555294842
Iteration 87 of 100: loss=0.0101363072172 object_loss=7.33246342861e-05 distance_loss=0.0100629823282
Iteration 88 of 100: loss=0.0105171706527 object_loss=0.000103625061456 distance_loss=0.0104135451838
Iteration 89 of 100: loss=0.0104098580778 object_loss=8.21309513412e-05 distance_loss=0.0103277275339
Iteration 90 of 100: loss=0.0102019710466 object_loss=8.67205744726e-05 distance_loss=0.0101152500138
Iteration 91 of 100: loss=0.0103731350973 object_loss=5.22568989254e-05 distance_loss=0.0103208785877
Iteration 92 of 100: loss=0.010465237312 object_loss=6.01204301347e-05 distance_loss=0.0104051167145
Iteration 93 of 100: loss=0.0102832112461 object_loss=5.35333929292e-05 distance_loss=0.0102296778932
Iteration 94 of 100: loss=0.0102377897128 object_loss=6.70694062137e-05 distance_loss=0.0101707205176
Iteration 95 of 100: loss=0.0103414729238 object_loss=6.47115739412e-05 distance_loss=0.010276760906
Iteration 96 of 100: loss=0.0102641275153 object_loss=6.93250331096e-05 distance_loss=0.0101948026568
Iteration 97 of 100: loss=0.0104711260647 object_loss=0.000103882914118 distance_loss=0.0103672435507
Iteration 98 of 100: loss=0.010347195901 object_loss=7.29914027033e-05 distance_loss=0.0102742044255
Iteration 99 of 100: loss=0.0102671002969 object_loss=8.056218212e-05 distance_loss=0.0101865381002
Iteration 0 of 100: loss=0.0104372762144 object_loss=0.000301491265418 distance_loss=0.0101357847452
Iteration 1 of 100: loss=0.0106347836554 object_loss=0.000295432924759 distance_loss=0.0103393504396
Iteration 2 of 100: loss=0.0106099136174 object_loss=0.000287890376057 distance_loss=0.0103220231831
Iteration 3 of 100: loss=0.0106672141701 object_loss=0.000273131241556 distance_loss=0.010394083336
Iteration 4 of 100: loss=0.0104017760605 object_loss=0.000212502593058 distance_loss=0.0101892733946
Iteration 5 of 100: loss=0.0104096503928 object_loss=0.000173254098627 distance_loss=0.0102363964543
Iteration 6 of 100: loss=0.0105989892036 object_loss=0.000313762691803 distance_loss=0.0102852266282
Iteration 7 of 100: loss=0.0107619334012 object_loss=0.000245505972998 distance_loss=0.0105164274573
Iteration 8 of 100: loss=0.0105201099068 object_loss=0.000157106260303 distance_loss=0.010363003239
Iteration 9 of 100: loss=0.0103415753692 object_loss=0.00025985686807 distance_loss=0.0100817186758
Iteration 10 of 100: loss=0.010630321689 object_loss=0.000237836051383 distance_loss=0.0103924851865
Iteration 11 of 100: loss=0.0110210468993 object_loss=0.000402681471314 distance_loss=0.0106183653697
Iteration 12 of 100: loss=0.0106968777254 object_loss=0.000289291434456 distance_loss=0.010407586582
Iteration 13 of 100: loss=0.0106085604057 object_loss=0.000251699442742 distance_loss=0.0103568611667
Iteration 14 of 100: loss=0.0108375865966 object_loss=0.000251996156294 distance_loss=0.0105855902657
Iteration 15 of 100: loss=0.0113240526989 object_loss=0.00028036304866 distance_loss=0.0110436892137
Iteration 16 of 100: loss=0.0109430570155 object_loss=0.000235751183936 distance_loss=0.0107073057443
Iteration 17 of 100: loss=0.0105977077037 object_loss=0.000239801287535 distance_loss=0.0103579061106
Iteration 18 of 100: loss=0.0106472456828 object_loss=0.000245911825914 distance_loss=0.0104013336822
Iteration 19 of 100: loss=0.0111278155819 object_loss=0.0002849517914 distance_loss=0.0108428634703
Iteration 20 of 100: loss=0.0112179629505 object_loss=0.000327579269651 distance_loss=0.0108903832734
Iteration 21 of 100: loss=0.0107838604599 object_loss=0.000333553296514 distance_loss=0.0104503072798
Iteration 22 of 100: loss=0.0106505909935 object_loss=0.000313551485306 distance_loss=0.0103370398283
Iteration 23 of 100: loss=0.0110143469647 object_loss=0.000231932703173 distance_loss=0.010782414116
Iteration 24 of 100: loss=0.0109717994928 object_loss=0.000258343759924 distance_loss=0.0107134552673
Iteration 25 of 100: loss=0.0108724711463 object_loss=0.00032367190579 distance_loss=0.0105487992987
Iteration 26 of 100: loss=0.0109417485073 object_loss=0.00023493131448 distance_loss=0.0107068167999
Iteration 27 of 100: loss=0.0108484737575 object_loss=0.000215275504161 distance_loss=0.0106331985444
Iteration 28 of 100: loss=0.0107775824144 object_loss=0.000224200586672 distance_loss=0.0105533814058
Iteration 29 of 100: loss=0.0108965998515 object_loss=0.000277668936178 distance_loss=0.0106189306825
Iteration 30 of 100: loss=0.0108953919262 object_loss=0.000238780368818 distance_loss=0.0106566119939
Iteration 31 of 100: loss=0.0109445704147 object_loss=0.000303026725305 distance_loss=0.010641544126
Iteration 32 of 100: loss=0.0109137352556 object_loss=0.000467240810394 distance_loss=0.0104464944452
Iteration 33 of 100: loss=0.0107197277248 object_loss=0.000408753257943 distance_loss=0.0103109749034
Iteration 34 of 100: loss=0.0107869533822 object_loss=0.000210073165363 distance_loss=0.010576880537
Iteration 35 of 100: loss=0.0112046031281 object_loss=0.000181770432391 distance_loss=0.0110228322446
Iteration 36 of 100: loss=0.010794670321 object_loss=0.000167438949575 distance_loss=0.0106272315606
Iteration 37 of 100: loss=0.01070664078 object_loss=0.000219225752517 distance_loss=0.0104874148965
Iteration 38 of 100: loss=0.0107806688175 object_loss=0.000294272613246 distance_loss=0.0104863960296
Iteration 39 of 100: loss=0.0107545051724 object_loss=0.000258364540059 distance_loss=0.0104961404577
Iteration 40 of 100: loss=0.0109190186486 object_loss=0.000256754196016 distance_loss=0.0106622641906
Iteration 41 of 100: loss=0.0110042588785 object_loss=0.000323945569107 distance_loss=0.0106803132221
Iteration 42 of 100: loss=0.0107267145067 object_loss=0.00036970936344 distance_loss=0.0103570055217
Iteration 43 of 100: loss=0.0109012173489 object_loss=0.000259015068877 distance_loss=0.010642202571
Iteration 44 of 100: loss=0.0110269496217 object_loss=0.000286293565296 distance_loss=0.0107406564057
Iteration 45 of 100: loss=0.0107896886766 object_loss=0.000254114420386 distance_loss=0.0105355745181
Iteration 46 of 100: loss=0.0108137810603 object_loss=0.000346041255398 distance_loss=0.0104677397758
Iteration 47 of 100: loss=0.0105723170564 object_loss=0.000309837021632 distance_loss=0.0102624800056
Iteration 48 of 100: loss=0.0105157922953 object_loss=0.000258088519331 distance_loss=0.0102577041835
Iteration 49 of 100: loss=0.0109646394849 object_loss=0.000276959122857 distance_loss=0.0106876799837
Iteration 50 of 100: loss=0.0109940283 object_loss=0.000312728894642 distance_loss=0.0106812994927
Iteration 51 of 100: loss=0.0108059216291 object_loss=0.00017923930136 distance_loss=0.0106266820803
Iteration 52 of 100: loss=0.0105627188459 object_loss=0.000172447893419 distance_loss=0.0103902705014
Iteration 53 of 100: loss=0.0105806645006 object_loss=0.000256151048234 distance_loss=0.0103245135397
Iteration 54 of 100: loss=0.0108890486881 object_loss=0.000325183180394 distance_loss=0.010563865304
Iteration 55 of 100: loss=0.0113335214555 object_loss=0.000425750447903 distance_loss=0.0109077710658
Iteration 56 of 100: loss=0.0107868891209 object_loss=0.000340288068401 distance_loss=0.010446600616
Iteration 57 of 100: loss=0.0104950675741 object_loss=0.000215315201785 distance_loss=0.0102797523141
Iteration 58 of 100: loss=0.0107853226364 object_loss=0.00021431191999 distance_loss=0.0105710104108
Iteration 59 of 100: loss=0.0110248588026 object_loss=0.000159592687851 distance_loss=0.0108652664348
Iteration 60 of 100: loss=0.0107837021351 object_loss=0.000158806346008 distance_loss=0.0106248958036
Iteration 61 of 100: loss=0.0105368262157 object_loss=0.000214426414459 distance_loss=0.0103223994374
Iteration 62 of 100: loss=0.0105074942112 object_loss=0.000243537753704 distance_loss=0.0102639561519
Iteration 63 of 100: loss=0.0109237441793 object_loss=0.000402872508857 distance_loss=0.0105208717287
Iteration 64 of 100: loss=0.010948385112 object_loss=0.000534535327461 distance_loss=0.0104138497263
Iteration 65 of 100: loss=0.0108082666993 object_loss=0.00038516666973 distance_loss=0.0104230996221
Iteration 66 of 100: loss=0.0109753040597 object_loss=0.000204951807973 distance_loss=0.0107703525573
Iteration 67 of 100: loss=0.0104096345603 object_loss=0.000147459839354 distance_loss=0.0102621745318
Iteration 68 of 100: loss=0.0103704864159 object_loss=0.00020052457694 distance_loss=0.0101699614897
Iteration 69 of 100: loss=0.011012069881 object_loss=0.000364207196981 distance_loss=0.0106478622183
Iteration 70 of 100: loss=0.0111872265115 object_loss=0.00044233049266 distance_loss=0.010744895786
Iteration 71 of 100: loss=0.0112409777939 object_loss=0.000497430912219 distance_loss=0.010743547231
Iteration 72 of 100: loss=0.0108537273481 object_loss=0.000279565021629 distance_loss=0.0105741620064
Iteration 73 of 100: loss=0.0107302749529 object_loss=0.000183386189747 distance_loss=0.0105468891561
Iteration 74 of 100: loss=0.0107955215499 object_loss=0.000191552288015 distance_loss=0.0106039689854
Iteration 75 of 100: loss=0.011458308436 object_loss=0.0003384425072 distance_loss=0.0111198658124
Iteration 76 of 100: loss=0.0111049832776 object_loss=0.000236079300521 distance_loss=0.0108689041808
Iteration 77 of 100: loss=0.0108343837783 object_loss=0.000259475200437 distance_loss=0.0105749089271
Iteration 78 of 100: loss=0.0110109848902 object_loss=0.000225265393965 distance_loss=0.0107857193798
Iteration 79 of 100: loss=0.0109997587278 object_loss=0.000256272382103 distance_loss=0.010743486695
Iteration 80 of 100: loss=0.0108497114852 object_loss=0.000267134368187 distance_loss=0.0105825774372
Iteration 81 of 100: loss=0.0108583569527 object_loss=0.000402669218602 distance_loss=0.0104556875303
Iteration 82 of 100: loss=0.0108711495996 object_loss=0.000472674408229 distance_loss=0.0103984754533
Iteration 83 of 100: loss=0.0110147921368 object_loss=0.000326436420437 distance_loss=0.0106883561239
Iteration 84 of 100: loss=0.0108809294179 object_loss=0.000223799259402 distance_loss=0.0106571298093
Iteration 85 of 100: loss=0.0107704168186 object_loss=0.000215975451283 distance_loss=0.0105544412509
Iteration 86 of 100: loss=0.0109693352133 object_loss=0.000196688051801 distance_loss=0.0107726473361
Iteration 87 of 100: loss=0.0106767984107 object_loss=0.000175702982233 distance_loss=0.0105010950938
Iteration 88 of 100: loss=0.0106957582757 object_loss=0.000228457007324 distance_loss=0.0104673011228
Iteration 89 of 100: loss=0.0107563659549 object_loss=0.000280528183794 distance_loss=0.0104758376256
Iteration 90 of 100: loss=0.0111556649208 object_loss=0.000312314252369 distance_loss=0.010843350552
Iteration 91 of 100: loss=0.0111234430224 object_loss=0.000329493137542 distance_loss=0.0107939494774
Iteration 92 of 100: loss=0.0107024926692 object_loss=0.000282897497527 distance_loss=0.0104195950553
Iteration 93 of 100: loss=0.0108003336936 object_loss=0.000236758525716 distance_loss=0.0105635747313
Iteration 94 of 100: loss=0.0107332207263 object_loss=0.000251288787695 distance_loss=0.0104819322005
Iteration 95 of 100: loss=0.0108740078285 object_loss=0.00019096264441 distance_loss=0.0106830447912
Iteration 96 of 100: loss=0.0108053172007 object_loss=0.000205397984246 distance_loss=0.0105999195948
Iteration 97 of 100: loss=0.0108861373737 object_loss=0.000276774982922 distance_loss=0.0106093622744
Iteration 98 of 100: loss=0.0111971748993 object_loss=0.000353439740138 distance_loss=0.0108437351882
Iteration 99 of 100: loss=0.0112255802378 object_loss=0.000427012244472 distance_loss=0.010798567906
Iteration 0 of 100: loss=0.0109086940065 object_loss=0.00029087162693 distance_loss=0.0106178224087
Iteration 1 of 100: loss=0.0107360873371 object_loss=0.000263454392552 distance_loss=0.0104726329446
Iteration 2 of 100: loss=0.0108199948445 object_loss=0.000177825932042 distance_loss=0.0106421690434
Iteration 3 of 100: loss=0.0109884524718 object_loss=0.000167157268152 distance_loss=0.0108212949708
Iteration 4 of 100: loss=0.0110811889172 object_loss=0.000128039668198 distance_loss=0.010953148827
Iteration 5 of 100: loss=0.0111344149336 object_loss=0.000302372849546 distance_loss=0.0108320424333
Iteration 6 of 100: loss=0.0110585838556 object_loss=0.00028090638807 distance_loss=0.0107776774094
Iteration 7 of 100: loss=0.0112732872367 object_loss=0.00031689016032 distance_loss=0.0109563972801
Iteration 8 of 100: loss=0.0110093913972 object_loss=0.000175831664819 distance_loss=0.0108335595578
Iteration 9 of 100: loss=0.0108720408753 object_loss=0.00017747527454 distance_loss=0.0106945652515
Iteration 10 of 100: loss=0.0109403189272 object_loss=0.000186713950825 distance_loss=0.0107536045834
Iteration 11 of 100: loss=0.0111319134012 object_loss=0.000188159901882 distance_loss=0.0109437536448
Iteration 12 of 100: loss=0.0109651442617 object_loss=0.000241245987127 distance_loss=0.0107238981873
Iteration 13 of 100: loss=0.0111193880439 object_loss=0.000228057950153 distance_loss=0.0108913304284
Iteration 14 of 100: loss=0.0111255832016 object_loss=0.000221446971409 distance_loss=0.0109041361138
Iteration 15 of 100: loss=0.0110595040023 object_loss=0.000220722082304 distance_loss=0.0108387814835
Iteration 16 of 100: loss=0.0108003308997 object_loss=0.000184621254448 distance_loss=0.0106157092378
Iteration 17 of 100: loss=0.0108582554385 object_loss=0.000245929695666 distance_loss=0.0106123257428
Iteration 18 of 100: loss=0.0108830695972 object_loss=0.000248384254519 distance_loss=0.0106346849352
Iteration 19 of 100: loss=0.011376501061 object_loss=0.000405137107009 distance_loss=0.0109713636339
Iteration 20 of 100: loss=0.0110263861716 object_loss=0.000173452135641 distance_loss=0.0108529338613
Iteration 21 of 100: loss=0.0109987966716 object_loss=0.000274501508102 distance_loss=0.0107242949307
Iteration 22 of 100: loss=0.0109426612034 object_loss=0.00026171997888 distance_loss=0.0106809409335
Iteration 23 of 100: loss=0.0109585477039 object_loss=0.000271384429652 distance_loss=0.0106871630996
Iteration 24 of 100: loss=0.0110010830685 object_loss=0.000214357147343 distance_loss=0.0107867261395
Iteration 25 of 100: loss=0.0109877055511 object_loss=0.000188081510714 distance_loss=0.0107996240258
Iteration 26 of 100: loss=0.01084577851 object_loss=0.00020882258832 distance_loss=0.0106369554996
Iteration 27 of 100: loss=0.0108967134729 object_loss=0.000237587461015 distance_loss=0.0106591256335
Iteration 28 of 100: loss=0.0108207194135 object_loss=0.000225939191296 distance_loss=0.0105947805569
Iteration 29 of 100: loss=0.0110428184271 object_loss=0.000289892021101 distance_loss=0.0107529265806
Iteration 30 of 100: loss=0.0111222621053 object_loss=0.000241764777456 distance_loss=0.0108804972842
Iteration 31 of 100: loss=0.0110529018566 object_loss=0.000197674904484 distance_loss=0.0108552267775
Iteration 32 of 100: loss=0.010833487846 object_loss=0.000224692223128 distance_loss=0.0106087960303
Iteration 33 of 100: loss=0.0108720809221 object_loss=0.000215442225453 distance_loss=0.0106566390023
Iteration 34 of 100: loss=0.0110798235983 object_loss=0.000259982363787 distance_loss=0.0108198411763
Iteration 35 of 100: loss=0.0110183386132 object_loss=0.000239584216615 distance_loss=0.0107787540182
Iteration 36 of 100: loss=0.010734227486 object_loss=0.000280568987364 distance_loss=0.0104536581784
Iteration 37 of 100: loss=0.0106891328469 object_loss=0.000184728894965 distance_loss=0.0105044040829
Iteration 38 of 100: loss=0.0107620218769 object_loss=0.000217577355215 distance_loss=0.0105444444343
Iteration 39 of 100: loss=0.0108734639362 object_loss=0.000180622504558 distance_loss=0.0106928413734
Iteration 40 of 100: loss=0.0108762532473 object_loss=0.000230265330174 distance_loss=0.010645987466
Iteration 41 of 100: loss=0.0108762513846 object_loss=0.0003093839332 distance_loss=0.010566867888
Iteration 42 of 100: loss=0.0108657861128 object_loss=0.000281292537693 distance_loss=0.0105844931677
Iteration 43 of 100: loss=0.0109828002751 object_loss=0.000211146980291 distance_loss=0.0107716536149
Iteration 44 of 100: loss=0.0109063563868 object_loss=0.000206381970202 distance_loss=0.010699974373
Iteration 45 of 100: loss=0.0108065390959 object_loss=0.000247434974881 distance_loss=0.010559104383
Iteration 46 of 100: loss=0.0111223906279 object_loss=0.000237496860791 distance_loss=0.0108848940581
Iteration 47 of 100: loss=0.0109740877524 object_loss=0.000242733905907 distance_loss=0.0107313534245
Iteration 48 of 100: loss=0.0107807265595 object_loss=0.000296836195048 distance_loss=0.0104838907719
Iteration 49 of 100: loss=0.0108835296705 object_loss=0.000275975908153 distance_loss=0.010607553646
Iteration 50 of 100: loss=0.0110352989286 object_loss=0.000317912286846 distance_loss=0.0107173863798
Iteration 51 of 100: loss=0.0112669235095 object_loss=0.000236712410697 distance_loss=0.0110302111134
Iteration 52 of 100: loss=0.0109363812953 object_loss=0.000217679844354 distance_loss=0.0107187014073
Iteration 53 of 100: loss=0.010756958276 object_loss=0.000292876444291 distance_loss=0.0104640815407
Iteration 54 of 100: loss=0.0106670344248 object_loss=0.000310589122819 distance_loss=0.0103564448655
Iteration 55 of 100: loss=0.0110637275502 object_loss=0.000296026730211 distance_loss=0.0107677010819
Iteration 56 of 100: loss=0.0111635830253 object_loss=0.000268243340543 distance_loss=0.0108953397721
Iteration 57 of 100: loss=0.0109518626705 object_loss=0.000240586028667 distance_loss=0.0107112769037
Iteration 58 of 100: loss=0.0107291312888 object_loss=0.000221418420551 distance_loss=0.010507713072
Iteration 59 of 100: loss=0.0106940455735 object_loss=0.000192087391042 distance_loss=0.0105019584298
Iteration 60 of 100: loss=0.0109322220087 object_loss=0.000215799649595 distance_loss=0.010716422461
Iteration 61 of 100: loss=0.0110122393817 object_loss=0.000229009630857 distance_loss=0.0107832299545
Iteration 62 of 100: loss=0.0109143210575 object_loss=0.000352156232111 distance_loss=0.010562164709
Iteration 63 of 100: loss=0.0106669757515 object_loss=0.000263387861196 distance_loss=0.0104035874829
Iteration 64 of 100: loss=0.0106400894001 object_loss=0.000209157762583 distance_loss=0.010430932045
Iteration 65 of 100: loss=0.0106976497918 object_loss=0.00024675228633 distance_loss=0.0104508977383
Iteration 66 of 100: loss=0.0106463367119 object_loss=0.000215017498704 distance_loss=0.0104313194752
Iteration 67 of 100: loss=0.0105413058773 object_loss=0.000270551448921 distance_loss=0.0102707548067
Iteration 68 of 100: loss=0.0105957156047 object_loss=0.000299717416056 distance_loss=0.0102959983051
Iteration 69 of 100: loss=0.0104863774031 object_loss=0.000224861360039 distance_loss=0.0102615160868
Iteration 70 of 100: loss=0.0106170615181 object_loss=0.000245369999902 distance_loss=0.0103716915473
Iteration 71 of 100: loss=0.0106524471194 object_loss=0.000196669541765 distance_loss=0.0104557778686
Iteration 72 of 100: loss=0.0103549659252 object_loss=0.000212288752664 distance_loss=0.0101426774636
Iteration 73 of 100: loss=0.0104296347126 object_loss=0.000325149652781 distance_loss=0.0101044848561
Iteration 74 of 100: loss=0.010587268509 object_loss=0.000250337267062 distance_loss=0.0103369308636
Iteration 75 of 100: loss=0.0107139721513 object_loss=0.000226542077144 distance_loss=0.0104874297976
Iteration 76 of 100: loss=0.0103387096897 object_loss=0.000192829291336 distance_loss=0.0101458802819
Iteration 77 of 100: loss=0.0104952268302 object_loss=0.000316978228511 distance_loss=0.010178248398
Iteration 78 of 100: loss=0.0107450298965 object_loss=0.000379911391065 distance_loss=0.0103651182726
Iteration 79 of 100: loss=0.0109921619296 object_loss=0.000272019387921 distance_loss=0.0107201421633
Iteration 80 of 100: loss=0.0109661510214 object_loss=0.000225359777687 distance_loss=0.0107407914475
Iteration 81 of 100: loss=0.0105252927169 object_loss=0.000211768900044 distance_loss=0.0103135239333
Iteration 82 of 100: loss=0.01041976735 object_loss=0.000188844918739 distance_loss=0.0102309221402
Iteration 83 of 100: loss=0.0108196856454 object_loss=0.000168197366293 distance_loss=0.0106514878571
Iteration 84 of 100: loss=0.0108973616734 object_loss=0.000264049362158 distance_loss=0.0106333121657
Iteration 85 of 100: loss=0.0109157599509 object_loss=0.000217464199523 distance_loss=0.0106982961297
Iteration 86 of 100: loss=0.0110196890309 object_loss=0.000347291148501 distance_loss=0.0106723979115
Iteration 87 of 100: loss=0.0109557211399 object_loss=0.000268026546109 distance_loss=0.0106876948848
Iteration 88 of 100: loss=0.0107824122533 object_loss=0.000204386815312 distance_loss=0.0105780251324
Iteration 89 of 100: loss=0.010737686418 object_loss=0.000306299276417 distance_loss=0.0104313874617
Iteration 90 of 100: loss=0.0104722073302 object_loss=0.000229285113164 distance_loss=0.0102429222316
Iteration 91 of 100: loss=0.0106580927968 object_loss=0.000257182022324 distance_loss=0.0104009108618
Iteration 92 of 100: loss=0.010812304914 object_loss=0.000280260719592 distance_loss=0.0105320438743
Iteration 93 of 100: loss=0.0107700759545 object_loss=0.000258726126049 distance_loss=0.0105113498867
Iteration 94 of 100: loss=0.0107163926587 object_loss=0.000191599014215 distance_loss=0.010524793528
Iteration 95 of 100: loss=0.0110459495336 object_loss=0.000225321535254 distance_loss=0.0108206281438
Iteration 96 of 100: loss=0.0109168831259 object_loss=0.000216589905904 distance_loss=0.0107002928853
Iteration 97 of 100: loss=0.0109753683209 object_loss=0.000288639828796 distance_loss=0.010686728172
Iteration 98 of 100: loss=0.0108981877565 object_loss=0.000283902045339 distance_loss=0.0106142861769
Iteration 99 of 100: loss=0.0108622564003 object_loss=0.000243529750151 distance_loss=0.0106187267229
Iteration 0 of 100: loss=0.0106571847573 object_loss=0.000254466460319 distance_loss=0.0104027185589
Iteration 1 of 100: loss=0.0108167156577 object_loss=0.000190449034562 distance_loss=0.0106262667105
Iteration 2 of 100: loss=0.0109332036227 object_loss=0.00023931497708 distance_loss=0.01069388818
Iteration 3 of 100: loss=0.0108720017597 object_loss=0.000217648819671 distance_loss=0.0106543526053
Iteration 4 of 100: loss=0.0104583762586 object_loss=0.000246870069532 distance_loss=0.0102115059271
Iteration 5 of 100: loss=0.0102469269186 object_loss=0.000173340609763 distance_loss=0.0100735863671
Iteration 6 of 100: loss=0.010333978571 object_loss=0.000229960409342 distance_loss=0.0101040182635
Iteration 7 of 100: loss=0.0105440178886 object_loss=0.000253271515248 distance_loss=0.0102907465771
Iteration 8 of 100: loss=0.01078668423 object_loss=0.000308772985591 distance_loss=0.0104779116809
Iteration 9 of 100: loss=0.0106904916465 object_loss=0.000213786872337 distance_loss=0.0104767046869
Iteration 10 of 100: loss=0.0107538290322 object_loss=0.000183260402991 distance_loss=0.0105705689639
Iteration 11 of 100: loss=0.0105520933867 object_loss=0.000202995463042 distance_loss=0.0103490976617
Iteration 12 of 100: loss=0.0102315377444 object_loss=0.000141097116284 distance_loss=0.0100904405117
Iteration 13 of 100: loss=0.0106616765261 object_loss=0.000181854353286 distance_loss=0.0104798218235
Iteration 14 of 100: loss=0.0110570443794 object_loss=0.000239591026912 distance_loss=0.0108174532652
Iteration 15 of 100: loss=0.0108146555722 object_loss=0.000206053780857 distance_loss=0.0106086013839
Iteration 16 of 100: loss=0.0103733930737 object_loss=0.000166053854628 distance_loss=0.0102073391899
Iteration 17 of 100: loss=0.0105120744556 object_loss=0.000187007375644 distance_loss=0.0103250667453
Iteration 18 of 100: loss=0.0107310442254 object_loss=0.000240535111516 distance_loss=0.0104905087501
Iteration 19 of 100: loss=0.0107927490026 object_loss=0.000274923950201 distance_loss=0.0105178253725
Iteration 20 of 100: loss=0.0106720179319 object_loss=0.000214240906644 distance_loss=0.0104577774182
Iteration 21 of 100: loss=0.0105935772881 object_loss=0.00016820676683 distance_loss=0.0104253701866
Iteration 22 of 100: loss=0.0104913767427 object_loss=0.000185422439245 distance_loss=0.0103059541434
Iteration 23 of 100: loss=0.01074132137 object_loss=0.00023260411399 distance_loss=0.0105087170377
Iteration 24 of 100: loss=0.0103153670207 object_loss=0.000172965985257 distance_loss=0.0101424008608
Iteration 25 of 100: loss=0.0105952797458 object_loss=0.000227054973948 distance_loss=0.0103682251647
Iteration 26 of 100: loss=0.0105249127373 object_loss=0.000197458663024 distance_loss=0.010327453725
Iteration 27 of 100: loss=0.0105611365288 object_loss=0.000219325986109 distance_loss=0.0103418109939
Iteration 28 of 100: loss=0.0104646552354 object_loss=0.000251467165072 distance_loss=0.0102131878957
Iteration 29 of 100: loss=0.0105492034927 object_loss=0.000266572256805 distance_loss=0.0102826310322
Iteration 30 of 100: loss=0.0102444225922 object_loss=0.00020258584118 distance_loss=0.0100418366492
Iteration 31 of 100: loss=0.0105927363038 object_loss=0.00019334848912 distance_loss=0.0103993881494
Iteration 32 of 100: loss=0.0104034980759 object_loss=0.000254546059296 distance_loss=0.0101489517838
Iteration 33 of 100: loss=0.0104466751218 object_loss=0.000267037772574 distance_loss=0.010179637
Iteration 34 of 100: loss=0.0106177721173 object_loss=0.000245522183832 distance_loss=0.0103722503409
Iteration 35 of 100: loss=0.0106879267842 object_loss=0.000211201637285 distance_loss=0.010476725176
Iteration 36 of 100: loss=0.0104667907581 object_loss=0.000148412582348 distance_loss=0.0103183779866
Iteration 37 of 100: loss=0.0103088580072 object_loss=0.000189634462004 distance_loss=0.0101192239672
Iteration 38 of 100: loss=0.0102900154889 object_loss=0.000219170746277 distance_loss=0.0100708445534
Iteration 39 of 100: loss=0.0105289323255 object_loss=0.000313673983328 distance_loss=0.0102152582258
Iteration 40 of 100: loss=0.0104641234502 object_loss=0.000203938019695 distance_loss=0.0102601852268
Iteration 41 of 100: loss=0.0108423549682 object_loss=0.000201458649826 distance_loss=0.0106408959255
Iteration 42 of 100: loss=0.0109259523451 object_loss=0.000292501179501 distance_loss=0.0106334509328
Iteration 43 of 100: loss=0.0106058977544 object_loss=0.000273125100648 distance_loss=0.0103327725083
Iteration 44 of 100: loss=0.0102601777762 object_loss=0.000190379272681 distance_loss=0.0100697986782
Iteration 45 of 100: loss=0.0104466509074 object_loss=0.000194760694285 distance_loss=0.0102518899366
Iteration 46 of 100: loss=0.0106334537268 object_loss=0.000178094371222 distance_loss=0.0104553597048
Iteration 47 of 100: loss=0.0105338599533 object_loss=0.00017167837359 distance_loss=0.0103621818125
Iteration 48 of 100: loss=0.0104589788243 object_loss=0.000163496166351 distance_loss=0.0102954823524
Iteration 49 of 100: loss=0.0109248999506 object_loss=0.000265967973974 distance_loss=0.0106589319184
Iteration 50 of 100: loss=0.0108787147328 object_loss=0.000217131266254 distance_loss=0.0106615833938
Iteration 51 of 100: loss=0.0108259022236 object_loss=0.000222558461246 distance_loss=0.0106033440679
Iteration 52 of 100: loss=0.010608968325 object_loss=0.000172105865204 distance_loss=0.0104368627071
Iteration 53 of 100: loss=0.0105871343985 object_loss=0.000202532013645 distance_loss=0.0103846024722
Iteration 54 of 100: loss=0.010739736259 object_loss=0.000262630928773 distance_loss=0.0104771051556
Iteration 55 of 100: loss=0.0107921836898 object_loss=0.000316010526149 distance_loss=0.0104761729017
Iteration 56 of 100: loss=0.0108834849671 object_loss=0.00033740903018 distance_loss=0.0105460761115
Iteration 57 of 100: loss=0.010769912973 object_loss=0.000185799828614 distance_loss=0.0105841131881
Iteration 58 of 100: loss=0.0106307510287 object_loss=0.000148240258568 distance_loss=0.0104825105518
Iteration 59 of 100: loss=0.0104550682008 object_loss=0.000151642729179 distance_loss=0.0103034256026
Iteration 60 of 100: loss=0.0104791224003 object_loss=0.000177739653736 distance_loss=0.0103013822809
Iteration 61 of 100: loss=0.0104809273034 object_loss=0.000204150928766 distance_loss=0.0102767767385
Iteration 62 of 100: loss=0.0107428506017 object_loss=0.000254107173532 distance_loss=0.0104887429625
Iteration 63 of 100: loss=0.0106060374528 object_loss=0.000200862952624 distance_loss=0.0104051744565
Iteration 64 of 100: loss=0.0103808222339 object_loss=0.000258968182607 distance_loss=0.0101218540221
Iteration 65 of 100: loss=0.0106111094356 object_loss=0.000250244891504 distance_loss=0.0103608649224
Iteration 66 of 100: loss=0.0107897752896 object_loss=0.000202700044611 distance_loss=0.0105870747939
Iteration 67 of 100: loss=0.0107068028301 object_loss=0.000140994990943 distance_loss=0.0105658080429
Iteration 68 of 100: loss=0.0106781516224 object_loss=0.000229114069953 distance_loss=0.0104490378872
Iteration 69 of 100: loss=0.0109802344814 object_loss=0.000262961752014 distance_loss=0.0107172727585
Iteration 70 of 100: loss=0.0108165759593 object_loss=0.000221351438086 distance_loss=0.0105952247977
Iteration 71 of 100: loss=0.010954670608 object_loss=0.000235189028899 distance_loss=0.0107194818556
Iteration 72 of 100: loss=0.0109185017645 object_loss=0.000246829848038 distance_loss=0.0106716714799
Iteration 73 of 100: loss=0.0109147038311 object_loss=0.00022664424614 distance_loss=0.0106880599633
Iteration 74 of 100: loss=0.0107473330572 object_loss=0.000250346842222 distance_loss=0.0104969860986
Iteration 75 of 100: loss=0.0107647292316 object_loss=0.000252440222539 distance_loss=0.0105122886598
Iteration 76 of 100: loss=0.0110079767182 object_loss=0.000224347531912 distance_loss=0.0107836294919
Iteration 77 of 100: loss=0.0109343295917 object_loss=0.000182553412742 distance_loss=0.0107517763972
Iteration 78 of 100: loss=0.0108067244291 object_loss=0.000239979388425 distance_loss=0.0105667449534
Iteration 79 of 100: loss=0.0107794413343 object_loss=0.000173540596734 distance_loss=0.0106059005484
Iteration 80 of 100: loss=0.0105975037441 object_loss=0.000155439469381 distance_loss=0.0104420641437
Iteration 81 of 100: loss=0.0106323407963 object_loss=0.00018283832469 distance_loss=0.0104495026171
Iteration 82 of 100: loss=0.0106575721875 object_loss=0.000133337001898 distance_loss=0.0105242347345
Iteration 83 of 100: loss=0.010676513426 object_loss=0.000219512774493 distance_loss=0.0104570006952
Iteration 84 of 100: loss=0.0104461926967 object_loss=0.000241968402406 distance_loss=0.0102042239159
Iteration 85 of 100: loss=0.010606710799 object_loss=0.000214663668885 distance_loss=0.0103920474648
Iteration 86 of 100: loss=0.0106959827244 object_loss=0.000227934637223 distance_loss=0.0104680480435
Iteration 87 of 100: loss=0.0107844425365 object_loss=0.000227528682444 distance_loss=0.0105569139123
Iteration 88 of 100: loss=0.0105645013973 object_loss=0.000249040982453 distance_loss=0.0103154601529
Iteration 89 of 100: loss=0.0107049867511 object_loss=0.000140490621561 distance_loss=0.0105644958094
Iteration 90 of 100: loss=0.0108942817897 object_loss=0.000169936334714 distance_loss=0.0107243452221
Iteration 91 of 100: loss=0.0111550828442 object_loss=0.000262317131273 distance_loss=0.0108927655965
Iteration 92 of 100: loss=0.0107268439606 object_loss=0.000235753905145 distance_loss=0.0104910898954
Iteration 93 of 100: loss=0.0106195025146 object_loss=0.000183054435183 distance_loss=0.0104364482686
Iteration 94 of 100: loss=0.0109089370817 object_loss=0.00032703494071 distance_loss=0.0105819022283
Iteration 95 of 100: loss=0.0108215603977 object_loss=0.000200082722586 distance_loss=0.0106214778498
Iteration 96 of 100: loss=0.010882739909 object_loss=0.000167075268109 distance_loss=0.0107156643644
Iteration 97 of 100: loss=0.0109339728951 object_loss=0.000190183636732 distance_loss=0.0107437893748
Iteration 98 of 100: loss=0.0106923179701 object_loss=0.000205211210414 distance_loss=0.0104871066287
Iteration 99 of 100: loss=0.0107305478305 object_loss=0.000253733363934 distance_loss=0.0104768145829
Iteration 0 of 100: loss=0.0109713179991 object_loss=0.000349330366589 distance_loss=0.0106219872832
Iteration 1 of 100: loss=0.0109453909099 object_loss=0.000275183294434 distance_loss=0.0106702074409
Iteration 2 of 100: loss=0.0105537297204 object_loss=0.000170650644577 distance_loss=0.0103830788285
Iteration 3 of 100: loss=0.0105180004612 object_loss=0.000162470692885 distance_loss=0.0103555293754
Iteration 4 of 100: loss=0.0105025367811 object_loss=0.000180478629773 distance_loss=0.0103220585734
Iteration 5 of 100: loss=0.0106471180916 object_loss=0.000242272944888 distance_loss=0.0104048447683
Iteration 6 of 100: loss=0.0110211027786 object_loss=0.000421668461058 distance_loss=0.0105994343758
Iteration 7 of 100: loss=0.0107720252126 object_loss=0.000356758915586 distance_loss=0.010415266268
Iteration 8 of 100: loss=0.0107906861231 object_loss=0.000246986921411 distance_loss=0.0105436993763
Iteration 9 of 100: loss=0.0108093498275 object_loss=0.000143477212987 distance_loss=0.0106658730656
Iteration 10 of 100: loss=0.0109754791483 object_loss=0.000205458782148 distance_loss=0.0107700200751
Iteration 11 of 100: loss=0.0108450064436 object_loss=0.000258228625171 distance_loss=0.010586777702
Iteration 12 of 100: loss=0.0107539342716 object_loss=0.000248095224379 distance_loss=0.010505839251
Iteration 13 of 100: loss=0.0111009320244 object_loss=0.000256744388025 distance_loss=0.010844187811
Iteration 14 of 100: loss=0.0108750769868 object_loss=0.000177744906978 distance_loss=0.0106973322108
Iteration 15 of 100: loss=0.0109433308244 object_loss=0.000198910784093 distance_loss=0.0107444198802
Iteration 16 of 100: loss=0.0106924921274 object_loss=0.000222878807108 distance_loss=0.0104696135968
Iteration 17 of 100: loss=0.0106513909996 object_loss=0.000216679414734 distance_loss=0.010434711352
Iteration 18 of 100: loss=0.0107048703358 object_loss=0.000275817030342 distance_loss=0.0104290535673
Iteration 19 of 100: loss=0.0104572083801 object_loss=0.000353870593244 distance_loss=0.0101033374667
Iteration 20 of 100: loss=0.0102829243988 object_loss=0.000276369886706 distance_loss=0.0100065544248
Iteration 21 of 100: loss=0.0104659358039 object_loss=0.00022375320259 distance_loss=0.0102421827614
Iteration 22 of 100: loss=0.0105028590187 object_loss=0.000245369126787 distance_loss=0.0102574899793
Iteration 23 of 100: loss=0.0104783698916 object_loss=0.000168973609107 distance_loss=0.0103093963116
Iteration 24 of 100: loss=0.010495280847 object_loss=0.000147578903125 distance_loss=0.0103477016091
Iteration 25 of 100: loss=0.0104941111058 object_loss=0.000221796173719 distance_loss=0.010272314772
Iteration 26 of 100: loss=0.0107344221324 object_loss=0.000358310790034 distance_loss=0.0103761116043
Iteration 27 of 100: loss=0.0111069632694 object_loss=0.000318783946568 distance_loss=0.0107881790027
Iteration 28 of 100: loss=0.0105571653694 object_loss=0.000263529655058 distance_loss=0.0102936355397
Iteration 29 of 100: loss=0.0106420572847 object_loss=0.000236431849771 distance_loss=0.0104056252167
Iteration 30 of 100: loss=0.0108961518854 object_loss=0.000230445453781 distance_loss=0.0106657063589
Iteration 31 of 100: loss=0.0110916597769 object_loss=0.000208740864764 distance_loss=0.0108829187229
Iteration 32 of 100: loss=0.0107361664996 object_loss=0.000216424494283 distance_loss=0.0105197420344
Iteration 33 of 100: loss=0.0105689018965 object_loss=0.00022831086244 distance_loss=0.0103405909613
Iteration 34 of 100: loss=0.0106357419863 object_loss=0.000263069523498 distance_loss=0.01037267223
Iteration 35 of 100: loss=0.0105803515762 object_loss=0.000270453107078 distance_loss=0.0103098982945
Iteration 36 of 100: loss=0.010779636912 object_loss=0.000385656108847 distance_loss=0.0103939808905
Iteration 37 of 100: loss=0.010468473658 object_loss=0.000198436886421 distance_loss=0.010270036757
Iteration 38 of 100: loss=0.0106573794037 object_loss=0.000332015188178 distance_loss=0.0103253638372
Iteration 39 of 100: loss=0.0107018351555 object_loss=0.000255294929957 distance_loss=0.01044654008
Iteration 40 of 100: loss=0.0104666892439 object_loss=0.000228437434998 distance_loss=0.0102382516488
Iteration 41 of 100: loss=0.0103752948344 object_loss=0.000276841747109 distance_loss=0.0100984526798
Iteration 42 of 100: loss=0.0105558140203 object_loss=0.000281007407466 distance_loss=0.0102748069912
Iteration 43 of 100: loss=0.0107129802927 object_loss=0.000181235285709 distance_loss=0.0105317449197
Iteration 44 of 100: loss=0.0105406176299 object_loss=0.000212933533476 distance_loss=0.0103276837617
Iteration 45 of 100: loss=0.0106726251543 object_loss=0.000195427055587 distance_loss=0.0104771982878
Iteration 46 of 100: loss=0.0106721343473 object_loss=0.000406509556342 distance_loss=0.010265625082
Iteration 47 of 100: loss=0.0104161035269 object_loss=0.000391692999983 distance_loss=0.0100244106725
Iteration 48 of 100: loss=0.0103997634724 object_loss=0.000299985462334 distance_loss=0.0100997779518
Iteration 49 of 100: loss=0.0107578961179 object_loss=0.000245557312155 distance_loss=0.0105123389512
Iteration 50 of 100: loss=0.0107102384791 object_loss=0.000218674511416 distance_loss=0.0104915639386
Iteration 51 of 100: loss=0.0107915075496 object_loss=0.000176412591827 distance_loss=0.0106150945649
Iteration 52 of 100: loss=0.0106532946229 object_loss=0.000222846298129 distance_loss=0.0104304486886
Iteration 53 of 100: loss=0.0105205634609 object_loss=0.000246281939326 distance_loss=0.0102742817253
Iteration 54 of 100: loss=0.0104228816926 object_loss=0.000226008851314 distance_loss=0.0101968729869
Iteration 55 of 100: loss=0.0108804488555 object_loss=0.00025311333593 distance_loss=0.0106273358688
Iteration 56 of 100: loss=0.0107122752815 object_loss=0.000271956290817 distance_loss=0.0104403188452
Iteration 57 of 100: loss=0.0106555502862 object_loss=0.000312365475111 distance_loss=0.0103431846946
Iteration 58 of 100: loss=0.0106457760558 object_loss=0.000240329973167 distance_loss=0.0104054464027
Iteration 59 of 100: loss=0.0105309784412 object_loss=0.000238039778196 distance_loss=0.0102929389104
Iteration 60 of 100: loss=0.0104662599042 object_loss=0.000217663749936 distance_loss=0.0102485958487
Iteration 61 of 100: loss=0.0107584819198 object_loss=0.000218792905798 distance_loss=0.0105396891013
Iteration 62 of 100: loss=0.0106470324099 object_loss=0.000209000048926 distance_loss=0.0104380324483
Iteration 63 of 100: loss=0.0106126889586 object_loss=0.00026222888846 distance_loss=0.0103504601866
Iteration 64 of 100: loss=0.0106713464484 object_loss=0.000292325712508 distance_loss=0.010379021056
Iteration 65 of 100: loss=0.0107458475977 object_loss=0.000203488540137 distance_loss=0.0105423592031
Iteration 66 of 100: loss=0.0107458066195 object_loss=0.000211931197555 distance_loss=0.0105338757858
Iteration 67 of 100: loss=0.0108097624034 object_loss=0.000244916212978 distance_loss=0.0105648459867
Iteration 68 of 100: loss=0.0104366159067 object_loss=0.000264024740318 distance_loss=0.0101725915447
Iteration 69 of 100: loss=0.010499432683 object_loss=0.000303484121105 distance_loss=0.0101959481835
Iteration 70 of 100: loss=0.0107037900016 object_loss=0.000267115334282 distance_loss=0.01043667458
Iteration 71 of 100: loss=0.0105931945145 object_loss=0.000284263689537 distance_loss=0.0103089306504
Iteration 72 of 100: loss=0.0105428500101 object_loss=0.000213414110476 distance_loss=0.0103294355795
Iteration 73 of 100: loss=0.0106898210943 object_loss=0.000217240900383 distance_loss=0.0104725798592
Iteration 74 of 100: loss=0.0106577705592 object_loss=0.000229187236982 distance_loss=0.0104285832494
Iteration 75 of 100: loss=0.0107463467866 object_loss=0.000198355439352 distance_loss=0.0105479909107
Iteration 76 of 100: loss=0.0107661113143 object_loss=0.00027334105107 distance_loss=0.0104927700013
Iteration 77 of 100: loss=0.010579964146 object_loss=0.000296974729281 distance_loss=0.0102829895914
Iteration 78 of 100: loss=0.0107990140095 object_loss=0.000231008263654 distance_loss=0.0105680059642
Iteration 79 of 100: loss=0.0109860030934 object_loss=0.000205926204217 distance_loss=0.0107800764963
Iteration 80 of 100: loss=0.0105595421046 object_loss=0.000206855955184 distance_loss=0.0103526860476
Iteration 81 of 100: loss=0.0104913441464 object_loss=0.000263338471996 distance_loss=0.0102280052379
Iteration 82 of 100: loss=0.0109559223056 object_loss=0.000284034380456 distance_loss=0.0106718875468
Iteration 83 of 100: loss=0.0107853421941 object_loss=0.000234562103287 distance_loss=0.0105507802218
Iteration 84 of 100: loss=0.0109664890915 object_loss=0.000320330582326 distance_loss=0.0106461588293
Iteration 85 of 100: loss=0.0111830914393 object_loss=0.000372401991626 distance_loss=0.0108106890693
Iteration 86 of 100: loss=0.0108923846856 object_loss=0.000352350034518 distance_loss=0.010540034622
Iteration 87 of 100: loss=0.010524654761 object_loss=0.000158581518917 distance_loss=0.0103660728782
Iteration 88 of 100: loss=0.0102913621813 object_loss=0.000170100320247 distance_loss=0.010121261701
Iteration 89 of 100: loss=0.0103892311454 object_loss=0.000272494304227 distance_loss=0.0101167364046
Iteration 90 of 100: loss=0.010765328072 object_loss=0.000294434197713 distance_loss=0.0104708941653
Iteration 91 of 100: loss=0.0108006251976 object_loss=0.000268243573373 distance_loss=0.0105323819444
Iteration 92 of 100: loss=0.0102690830827 object_loss=0.000248428958002 distance_loss=0.0100206537172
Iteration 93 of 100: loss=0.0102695394307 object_loss=0.000195080094272 distance_loss=0.0100744590163
Iteration 94 of 100: loss=0.0105677582324 object_loss=0.000211099162698 distance_loss=0.0103566590697
Iteration 95 of 100: loss=0.010533885099 object_loss=0.000250082463026 distance_loss=0.010283802636
Iteration 96 of 100: loss=0.0103777181357 object_loss=0.000286334485281 distance_loss=0.0100913839415
Iteration 97 of 100: loss=0.0104921348393 object_loss=0.00024656887399 distance_loss=0.0102455662563
Iteration 98 of 100: loss=0.0106334500015 object_loss=0.000213668623473 distance_loss=0.0104197813198
Iteration 99 of 100: loss=0.0106828268617 object_loss=0.000199698464712 distance_loss=0.0104831280187
Iteration 0 of 100: loss=0.0108229089528 object_loss=0.000338029960403 distance_loss=0.0104848789051
Iteration 1 of 100: loss=0.010532611981 object_loss=0.000341137812939 distance_loss=0.0101914741099
Iteration 2 of 100: loss=0.0106868110597 object_loss=0.000277441722574 distance_loss=0.0104093691334
Iteration 3 of 100: loss=0.0111295990646 object_loss=0.000261813838733 distance_loss=0.0108677856624
Iteration 4 of 100: loss=0.0110257277265 object_loss=0.000373751245206 distance_loss=0.0106519768015
Iteration 5 of 100: loss=0.0106997517869 object_loss=0.000324318622006 distance_loss=0.0103754336014
Iteration 6 of 100: loss=0.0107107562944 object_loss=0.000281439104583 distance_loss=0.0104293171316
Iteration 7 of 100: loss=0.0107035711408 object_loss=0.000221083115321 distance_loss=0.0104824882001
Iteration 8 of 100: loss=0.0108070354909 object_loss=0.000393251160858 distance_loss=0.0104137845337
Iteration 9 of 100: loss=0.0106292925775 object_loss=0.000415210379288 distance_loss=0.0102140819654
Iteration 10 of 100: loss=0.0103422654793 object_loss=0.000266324786935 distance_loss=0.0100759407505
Iteration 11 of 100: loss=0.0103709194809 object_loss=0.000191076949704 distance_loss=0.0101798428223
Iteration 12 of 100: loss=0.0107480846345 object_loss=0.000249085889664 distance_loss=0.0104989986867
Iteration 13 of 100: loss=0.0106595866382 object_loss=0.000224588337005 distance_loss=0.0104349981993
Iteration 14 of 100: loss=0.0107635073364 object_loss=0.000483676587464 distance_loss=0.0102798305452
Iteration 15 of 100: loss=0.0107399504632 object_loss=0.000407270621508 distance_loss=0.010332679376
Iteration 16 of 100: loss=0.0106443120167 object_loss=0.000343028019415 distance_loss=0.0103012835607
Iteration 17 of 100: loss=0.0104707581922 object_loss=0.00019141388475 distance_loss=0.0102793443948
Iteration 18 of 100: loss=0.0107701141387 object_loss=0.000204148731427 distance_loss=0.0105659654364
Iteration 19 of 100: loss=0.0106553612277 object_loss=0.000308021320961 distance_loss=0.010347340256
Iteration 20 of 100: loss=0.0106804762036 object_loss=0.000353353942046 distance_loss=0.0103271221742
Iteration 21 of 100: loss=0.0108890365809 object_loss=0.000433373119449 distance_loss=0.010455663316
Iteration 22 of 100: loss=0.0110137043521 object_loss=0.000385354593163 distance_loss=0.0106283500791
Iteration 23 of 100: loss=0.0112489843741 object_loss=0.000299788080156 distance_loss=0.010949196294
Iteration 24 of 100: loss=0.0110347038135 object_loss=0.000229278783081 distance_loss=0.0108054252341
Iteration 25 of 100: loss=0.0108491098508 object_loss=0.000355743803084 distance_loss=0.0104933660477
Iteration 26 of 100: loss=0.0107522709295 object_loss=0.000386116153095 distance_loss=0.0103661548346
Iteration 27 of 100: loss=0.0113362176344 object_loss=0.00044815117144 distance_loss=0.0108880661428
Iteration 28 of 100: loss=0.0112106334418 object_loss=0.000580664142035 distance_loss=0.010629969649
Iteration 29 of 100: loss=0.0109941242263 object_loss=0.000408014981076 distance_loss=0.0105861090124
Iteration 30 of 100: loss=0.010949248448 object_loss=0.000376621464966 distance_loss=0.0105726271868
Iteration 31 of 100: loss=0.0110075538978 object_loss=0.000283777335426 distance_loss=0.010723776184
Iteration 32 of 100: loss=0.0107411071658 object_loss=0.00023472684552 distance_loss=0.0105063803494
Iteration 33 of 100: loss=0.0109505197033 object_loss=0.000378384254873 distance_loss=0.0105721354485
Iteration 34 of 100: loss=0.0106667587534 object_loss=0.000270741729764 distance_loss=0.0103960167617
Iteration 35 of 100: loss=0.0109476298094 object_loss=0.000382551166695 distance_loss=0.0105650788173
Iteration 36 of 100: loss=0.0109851723537 object_loss=0.000318385136779 distance_loss=0.0106667876244
Iteration 37 of 100: loss=0.0107367523015 object_loss=0.000370155234123 distance_loss=0.0103665972129
Iteration 38 of 100: loss=0.0106961531565 object_loss=0.000389142776839 distance_loss=0.0103070102632
Iteration 39 of 100: loss=0.0111741945148 object_loss=0.000448728911579 distance_loss=0.0107254656032
Iteration 40 of 100: loss=0.0110317263752 object_loss=0.000298154453048 distance_loss=0.0107335718349
Iteration 41 of 100: loss=0.0107952021062 object_loss=0.000244070761255 distance_loss=0.0105511313304
Iteration 42 of 100: loss=0.0107352444902 object_loss=0.000246080424404 distance_loss=0.0104891639203
Iteration 43 of 100: loss=0.010750667192 object_loss=0.000289546238491 distance_loss=0.0104611208662
Iteration 44 of 100: loss=0.0107075572014 object_loss=0.000441384792794 distance_loss=0.0102661726996
Iteration 45 of 100: loss=0.0108745926991 object_loss=0.000407349638408 distance_loss=0.0104672433808
Iteration 46 of 100: loss=0.010808355175 object_loss=0.000439845316578 distance_loss=0.0103685101494
Iteration 47 of 100: loss=0.011108235456 object_loss=0.000271603814326 distance_loss=0.010836631991
Iteration 48 of 100: loss=0.0110812233761 object_loss=0.000334215757903 distance_loss=0.0107470080256
Iteration 49 of 100: loss=0.010958366096 object_loss=0.000294920115266 distance_loss=0.010663446039
Iteration 50 of 100: loss=0.0108053730801 object_loss=0.000231496771448 distance_loss=0.0105738760903
Iteration 51 of 100: loss=0.0110607268289 object_loss=0.000242821857682 distance_loss=0.0108179049566
Iteration 52 of 100: loss=0.0107202809304 object_loss=0.000270738266408 distance_loss=0.010449542664
Iteration 53 of 100: loss=0.0109351091087 object_loss=0.000271682947641 distance_loss=0.0106634264812
Iteration 54 of 100: loss=0.0112326005474 object_loss=0.000311125157168 distance_loss=0.0109214754775
Iteration 55 of 100: loss=0.0111107034609 object_loss=0.000385256920708 distance_loss=0.0107254469767
Iteration 56 of 100: loss=0.0107543068007 object_loss=0.000554960046429 distance_loss=0.0101993465796
Iteration 57 of 100: loss=0.0106708472595 object_loss=0.000398599659093 distance_loss=0.0102722477168
Iteration 58 of 100: loss=0.0108904028311 object_loss=0.000337927311193 distance_loss=0.0105524752289
Iteration 59 of 100: loss=0.0113184442744 object_loss=0.000353882205673 distance_loss=0.0109645621851
Iteration 60 of 100: loss=0.0109189907089 object_loss=0.000304895744193 distance_loss=0.0106140952557
Iteration 61 of 100: loss=0.0103766908869 object_loss=0.000264202011749 distance_loss=0.0101124886423
Iteration 62 of 100: loss=0.0108227701858 object_loss=0.000363541650586 distance_loss=0.0104592284188
Iteration 63 of 100: loss=0.0109829111025 object_loss=0.000284918496618 distance_loss=0.0106979925185
Iteration 64 of 100: loss=0.0106592923403 object_loss=0.000302728469251 distance_loss=0.0103565640748
Iteration 65 of 100: loss=0.0109411105514 object_loss=0.000356473319698 distance_loss=0.0105846375227
Iteration 66 of 100: loss=0.0111217629164 object_loss=0.00033534981776 distance_loss=0.0107864132151
Iteration 67 of 100: loss=0.0106588592753 object_loss=0.000231806276133 distance_loss=0.0104270530865
Iteration 68 of 100: loss=0.0105124628171 object_loss=0.000363204802852 distance_loss=0.0101492581889
Iteration 69 of 100: loss=0.0106450496241 object_loss=0.000263839348918 distance_loss=0.0103812105954
Iteration 70 of 100: loss=0.0107516897842 object_loss=0.00037317108945 distance_loss=0.0103785190731
Iteration 71 of 100: loss=0.0107025308535 object_loss=0.000212457918678 distance_loss=0.0104900728911
Iteration 72 of 100: loss=0.0106762638316 object_loss=0.000204469775781 distance_loss=0.0104717938229
Iteration 73 of 100: loss=0.0106108617038 object_loss=0.000271289900411 distance_loss=0.0103395720944
Iteration 74 of 100: loss=0.0107817081735 object_loss=0.000249478209298 distance_loss=0.0105322301388
Iteration 75 of 100: loss=0.0109702106565 object_loss=0.000345649168594 distance_loss=0.0106245614588
Iteration 76 of 100: loss=0.0107561489567 object_loss=0.000406730978284 distance_loss=0.0103494180366
Iteration 77 of 100: loss=0.0109828570858 object_loss=0.000278477615211 distance_loss=0.0107043795288
Iteration 78 of 100: loss=0.0108837485313 object_loss=0.000276662962278 distance_loss=0.0106070851907
Iteration 79 of 100: loss=0.0106199467555 object_loss=0.000201569855562 distance_loss=0.0104183768854
Iteration 80 of 100: loss=0.0105774123222 object_loss=0.000294957106235 distance_loss=0.0102824550122
Iteration 81 of 100: loss=0.0108773624524 object_loss=0.000398086180212 distance_loss=0.0104792760685
Iteration 82 of 100: loss=0.0108087873086 object_loss=0.000403645011829 distance_loss=0.0104051418602
Iteration 83 of 100: loss=0.0110993897542 object_loss=0.000486254779389 distance_loss=0.0106131350622
Iteration 84 of 100: loss=0.0111284190789 object_loss=0.000335937249474 distance_loss=0.010792481713
Iteration 85 of 100: loss=0.0107622351497 object_loss=0.000339461112162 distance_loss=0.0104227736592
Iteration 86 of 100: loss=0.0106013622135 object_loss=0.000174390239408 distance_loss=0.0104269720614
Iteration 87 of 100: loss=0.0106586972252 object_loss=0.000239649030846 distance_loss=0.0104190483689
Iteration 88 of 100: loss=0.0107917543501 object_loss=0.000233066311921 distance_loss=0.0105586880818
Iteration 89 of 100: loss=0.0110822981223 object_loss=0.000544131675269 distance_loss=0.0105381663889
Iteration 90 of 100: loss=0.0111379884183 object_loss=0.000459601811599 distance_loss=0.0106783863157
Iteration 91 of 100: loss=0.0111035937443 object_loss=0.000271292432444 distance_loss=0.010832301341
Iteration 92 of 100: loss=0.0105370432138 object_loss=0.000145738827996 distance_loss=0.0103913042694
Iteration 93 of 100: loss=0.0107696130872 object_loss=0.000138525676448 distance_loss=0.0106310872361
Iteration 94 of 100: loss=0.0104961572215 object_loss=0.000175449837116 distance_loss=0.0103207072243
Iteration 95 of 100: loss=0.0110282618552 object_loss=0.000370246882085 distance_loss=0.0106580145657
Iteration 96 of 100: loss=0.0110872117803 object_loss=0.000383513426641 distance_loss=0.010703698732
Iteration 97 of 100: loss=0.0106959734112 object_loss=0.000452807056718 distance_loss=0.0102431662381
Iteration 98 of 100: loss=0.0104069579393 object_loss=0.000362582999514 distance_loss=0.0100443745032
Iteration 99 of 100: loss=0.0110043706372 object_loss=0.000316716032103 distance_loss=0.010687654838
Iteration 0 of 100: loss=0.0108899101615 object_loss=0.000281492481008 distance_loss=0.0106084179133
Iteration 1 of 100: loss=0.0103453602642 object_loss=0.000228376957239 distance_loss=0.0101169832051
Iteration 2 of 100: loss=0.0104523925111 object_loss=0.000207335135201 distance_loss=0.0102450577542
Iteration 3 of 100: loss=0.0103736771271 object_loss=0.000211944425246 distance_loss=0.0101617323235
Iteration 4 of 100: loss=0.0102455755696 object_loss=0.00027355083148 distance_loss=0.00997202470899
Iteration 5 of 100: loss=0.0106679489836 object_loss=0.000306763424305 distance_loss=0.0103611852974
Iteration 6 of 100: loss=0.0109641002491 object_loss=0.000374525669031 distance_loss=0.0105895744637
Iteration 7 of 100: loss=0.0109559101984 object_loss=0.000557923980523 distance_loss=0.0103979865089
Iteration 8 of 100: loss=0.011029693298 object_loss=0.000468727230327 distance_loss=0.0105609660968
Iteration 9 of 100: loss=0.0108362967148 object_loss=0.000265269773081 distance_loss=0.0105710271746
Iteration 10 of 100: loss=0.010936902836 object_loss=0.00033437719685 distance_loss=0.0106025254354
Iteration 11 of 100: loss=0.0109826996922 object_loss=0.000210499099921 distance_loss=0.0107722003013
Iteration 12 of 100: loss=0.010777884163 object_loss=0.000319202285027 distance_loss=0.0104586817324
Iteration 13 of 100: loss=0.0106546925381 object_loss=0.000287854345515 distance_loss=0.0103668384254
Iteration 14 of 100: loss=0.0108451424167 object_loss=0.000236664738622 distance_loss=0.010608477518
Iteration 15 of 100: loss=0.0108699183911 object_loss=0.000431416818174 distance_loss=0.0104385018349
Iteration 16 of 100: loss=0.0105421924964 object_loss=0.00041431657155 distance_loss=0.0101278759539
Iteration 17 of 100: loss=0.0104312160984 object_loss=0.000260333355982 distance_loss=0.0101708825678
Iteration 18 of 100: loss=0.0103935236111 object_loss=0.000242590831476 distance_loss=0.0101509327069
Iteration 19 of 100: loss=0.0107198627666 object_loss=0.000168863130966 distance_loss=0.0105510000139
Iteration 20 of 100: loss=0.0105794509873 object_loss=0.000198250869289 distance_loss=0.0103812003508
Iteration 21 of 100: loss=0.0102097969502 object_loss=0.000304376299027 distance_loss=0.00990542024374
Iteration 22 of 100: loss=0.0102636665106 object_loss=0.00029964686837 distance_loss=0.00996401999146
Iteration 23 of 100: loss=0.0109227923676 object_loss=0.000455632718513 distance_loss=0.0104671595618
Iteration 24 of 100: loss=0.0105650043115 object_loss=0.000307970680296 distance_loss=0.0102570336312
Iteration 25 of 100: loss=0.0105339493603 object_loss=0.000288209528662 distance_loss=0.0102457394823
Iteration 26 of 100: loss=0.0105487387627 object_loss=0.000304111163132 distance_loss=0.0102446274832
Iteration 27 of 100: loss=0.0103092482314 object_loss=0.000221037349547 distance_loss=0.0100882109255
Iteration 28 of 100: loss=0.0104991337284 object_loss=0.000420558848418 distance_loss=0.0100785745308
Iteration 29 of 100: loss=0.0107313683257 object_loss=0.000294696597848 distance_loss=0.010436671786
Iteration 30 of 100: loss=0.0106494715437 object_loss=0.000328464520862 distance_loss=0.0103210071102
Iteration 31 of 100: loss=0.010541325435 object_loss=0.000233796890825 distance_loss=0.0103075290099
Iteration 32 of 100: loss=0.0103346649557 object_loss=0.000193884479813 distance_loss=0.0101407803595
Iteration 33 of 100: loss=0.0103680975735 object_loss=0.000266202929197 distance_loss=0.010101894848
Iteration 34 of 100: loss=0.0102870175615 object_loss=0.000241718327743 distance_loss=0.0100452993065
Iteration 35 of 100: loss=0.0108743561432 object_loss=0.00018311435997 distance_loss=0.0106912413612
Iteration 36 of 100: loss=0.0108179142699 object_loss=0.000245770526817 distance_loss=0.0105721438304
Iteration 37 of 100: loss=0.0107640335336 object_loss=0.000259866239503 distance_loss=0.010504167527
Iteration 38 of 100: loss=0.010552700609 object_loss=0.000267289520707 distance_loss=0.0102854110301
Iteration 39 of 100: loss=0.0105618247762 object_loss=0.000443778000772 distance_loss=0.0101180467755
Iteration 40 of 100: loss=0.0104899276048 object_loss=0.000396864605136 distance_loss=0.0100930631161
Iteration 41 of 100: loss=0.0106855947524 object_loss=0.000334121839842 distance_loss=0.0103514725342
Iteration 42 of 100: loss=0.0109894070774 object_loss=0.000196220193175 distance_loss=0.0107931867242
Iteration 43 of 100: loss=0.0108114350587 object_loss=0.000181222319952 distance_loss=0.0106302127242
Iteration 44 of 100: loss=0.0106206675991 object_loss=0.000187110636034 distance_loss=0.010433556512
Iteration 45 of 100: loss=0.0105464560911 object_loss=0.00020352624415 distance_loss=0.0103429295123
Iteration 46 of 100: loss=0.0108160851523 object_loss=0.000278071180219 distance_loss=0.010538013652
Iteration 47 of 100: loss=0.0110424654558 object_loss=0.000238467808231 distance_loss=0.0108039975166
Iteration 48 of 100: loss=0.0109491022304 object_loss=0.000271163822617 distance_loss=0.0106779383495
Iteration 49 of 100: loss=0.0108168190345 object_loss=0.000230526988162 distance_loss=0.0105862924829
Iteration 50 of 100: loss=0.0106203313917 object_loss=0.000239802990109 distance_loss=0.0103805288672
Iteration 51 of 100: loss=0.0104866353795 object_loss=0.000233748185565 distance_loss=0.0102528873831
Iteration 52 of 100: loss=0.0103034460917 object_loss=0.000235806990531 distance_loss=0.0100676389411
Iteration 53 of 100: loss=0.0109321316704 object_loss=0.000253136473475 distance_loss=0.0106789954007
Iteration 54 of 100: loss=0.0109410956502 object_loss=0.000308503280394 distance_loss=0.0106325922534
Iteration 55 of 100: loss=0.0108554242179 object_loss=0.000228707111091 distance_loss=0.0106267174706
Iteration 56 of 100: loss=0.011021066457 object_loss=0.000417598232161 distance_loss=0.0106034679338
Iteration 57 of 100: loss=0.0106836361811 object_loss=0.00026699033333 distance_loss=0.0104166455567
Iteration 58 of 100: loss=0.0105006098747 object_loss=0.000204392737942 distance_loss=0.0102962171659
Iteration 59 of 100: loss=0.0109792985022 object_loss=0.000181313880603 distance_loss=0.0107979848981
Iteration 60 of 100: loss=0.0108064040542 object_loss=0.000190441845916 distance_loss=0.0106159625575
Iteration 61 of 100: loss=0.0104476809502 object_loss=0.00017673248658 distance_loss=0.0102709485218
Iteration 62 of 100: loss=0.0107724294066 object_loss=0.000416177674197 distance_loss=0.0103562520817
Iteration 63 of 100: loss=0.010646013543 object_loss=0.000282752502244 distance_loss=0.0103632612154
Iteration 64 of 100: loss=0.0108244614676 object_loss=0.000405574653996 distance_loss=0.0104188872501
Iteration 65 of 100: loss=0.0108031239361 object_loss=0.000296446465654 distance_loss=0.0105066774413
Iteration 66 of 100: loss=0.0108842505142 object_loss=0.000254363403656 distance_loss=0.0106298867613
Iteration 67 of 100: loss=0.0107346279547 object_loss=0.000214937506826 distance_loss=0.0105196908116
Iteration 68 of 100: loss=0.0106834210455 object_loss=0.000240591791226 distance_loss=0.0104428296909
Iteration 69 of 100: loss=0.0106062302366 object_loss=0.000215997977648 distance_loss=0.0103902323171
Iteration 70 of 100: loss=0.0108534684405 object_loss=0.00022769763018 distance_loss=0.0106257712469
Iteration 71 of 100: loss=0.0107975406572 object_loss=0.000200565904379 distance_loss=0.0105969747528
Iteration 72 of 100: loss=0.0102236596867 object_loss=0.00024213216966 distance_loss=0.00998152792454
Iteration 73 of 100: loss=0.0103281959891 object_loss=0.000384660612326 distance_loss=0.00994353555143
Iteration 74 of 100: loss=0.0104485685006 object_loss=0.000232092017541 distance_loss=0.0102164763957
Iteration 75 of 100: loss=0.0107382973656 object_loss=0.000269910611678 distance_loss=0.010468387045
Iteration 76 of 100: loss=0.0105366241187 object_loss=0.000274899794022 distance_loss=0.010261724703
Iteration 77 of 100: loss=0.0105852000415 object_loss=0.000232205260545 distance_loss=0.0103529952466
Iteration 78 of 100: loss=0.0101737743244 object_loss=0.000244798400672 distance_loss=0.00992897618562
Iteration 79 of 100: loss=0.0101099424064 object_loss=0.000169664810528 distance_loss=0.00994027778506
Iteration 80 of 100: loss=0.0105957016349 object_loss=0.000187849014765 distance_loss=0.0104078529403
Iteration 81 of 100: loss=0.0104022938758 object_loss=0.000255966471741 distance_loss=0.0101463273168
Iteration 82 of 100: loss=0.0105626350269 object_loss=0.000408745167078 distance_loss=0.0101538896561
Iteration 83 of 100: loss=0.0107634635642 object_loss=0.000306701578666 distance_loss=0.0104567622766
Iteration 84 of 100: loss=0.0104123698547 object_loss=0.000227111420827 distance_loss=0.010185258463
Iteration 85 of 100: loss=0.0103161567822 object_loss=0.000229103592574 distance_loss=0.0100870532915
Iteration 86 of 100: loss=0.0105146253482 object_loss=0.00027929560747 distance_loss=0.0102353300899
Iteration 87 of 100: loss=0.0104484641925 object_loss=0.00022409853409 distance_loss=0.0102243656293
Iteration 88 of 100: loss=0.0103640006855 object_loss=0.000292960728984 distance_loss=0.0100710401312
Iteration 89 of 100: loss=0.010322606191 object_loss=0.000289218442049 distance_loss=0.0100333876908
Iteration 90 of 100: loss=0.0101498886943 object_loss=0.000331494229613 distance_loss=0.0098183946684
Iteration 91 of 100: loss=0.0104548372328 object_loss=0.000242928479565 distance_loss=0.0102119091898
Iteration 92 of 100: loss=0.0104589331895 object_loss=0.00020148573094 distance_loss=0.0102574471384
Iteration 93 of 100: loss=0.0104052564129 object_loss=0.000219104898861 distance_loss=0.0101861516014
Iteration 94 of 100: loss=0.0104289930314 object_loss=0.000315108714858 distance_loss=0.0101138846949
Iteration 95 of 100: loss=0.0105031477287 object_loss=0.000283786590444 distance_loss=0.0102193607017
Iteration 96 of 100: loss=0.0105133038014 object_loss=0.000339823862305 distance_loss=0.0101734800264
Iteration 97 of 100: loss=0.0104315076023 object_loss=0.000205185977393 distance_loss=0.0102263214067
Iteration 98 of 100: loss=0.0102674681693 object_loss=0.000193334140931 distance_loss=0.0100741339847
Iteration 99 of 100: loss=0.010176458396 object_loss=0.00017927888257 distance_loss=0.00999717973173
Iteration 0 of 100: loss=0.0105778202415 object_loss=0.000496315362398 distance_loss=0.0100815044716
Iteration 1 of 100: loss=0.0110143683851 object_loss=0.000499525340274 distance_loss=0.0105148432776
Iteration 2 of 100: loss=0.0107100866735 object_loss=0.000431389780715 distance_loss=0.0102786971256
Iteration 3 of 100: loss=0.0107824625447 object_loss=0.000613482610788 distance_loss=0.0101689798757
Iteration 4 of 100: loss=0.0106273824349 object_loss=0.00047319746227 distance_loss=0.0101541848853
Iteration 5 of 100: loss=0.0106824394315 object_loss=0.000464247190394 distance_loss=0.0102181918919
Iteration 6 of 100: loss=0.0107811614871 object_loss=0.000499743968248 distance_loss=0.0102814175189
Iteration 7 of 100: loss=0.0113078132272 object_loss=0.000857721839566 distance_loss=0.010450091213
Iteration 8 of 100: loss=0.0107418578118 object_loss=0.000521902111359 distance_loss=0.0102199558169
Iteration 9 of 100: loss=0.0108654880896 object_loss=0.000500636466313 distance_loss=0.0103648519143
Iteration 10 of 100: loss=0.0110962772742 object_loss=0.000536620093044 distance_loss=0.0105596575886
Iteration 11 of 100: loss=0.0108407223597 object_loss=0.000406399922213 distance_loss=0.0104343220592
Iteration 12 of 100: loss=0.01065227855 object_loss=0.000379605422495 distance_loss=0.0102726733312
Iteration 13 of 100: loss=0.0107351159677 object_loss=0.000355692376615 distance_loss=0.0103794233873
Iteration 14 of 100: loss=0.0105990776792 object_loss=0.000437741546193 distance_loss=0.0101613365114
Iteration 15 of 100: loss=0.0107500134036 object_loss=0.000652403337881 distance_loss=0.0100976098329
Iteration 16 of 100: loss=0.0108785843477 object_loss=0.000752530060709 distance_loss=0.010126054287
Iteration 17 of 100: loss=0.0109456768259 object_loss=0.000633295567241 distance_loss=0.0103123812005
Iteration 18 of 100: loss=0.0108563965186 object_loss=0.000334747222951 distance_loss=0.010521649383
Iteration 19 of 100: loss=0.01111845579 object_loss=0.00033533925307 distance_loss=0.0107831163332
Iteration 20 of 100: loss=0.0112093156204 object_loss=0.000503645569552 distance_loss=0.0107056703418
Iteration 21 of 100: loss=0.0110134389251 object_loss=0.000806694966741 distance_loss=0.0102067440748
Iteration 22 of 100: loss=0.0107581978664 object_loss=0.000503905059304 distance_loss=0.0102542927489
Iteration 23 of 100: loss=0.0109141394496 object_loss=0.00048991793301 distance_loss=0.0104242218658
Iteration 24 of 100: loss=0.0110950600356 object_loss=0.000507266551722 distance_loss=0.0105877937749
Iteration 25 of 100: loss=0.0113146873191 object_loss=0.000792086182628 distance_loss=0.0105226011947
Iteration 26 of 100: loss=0.0113421836868 object_loss=0.000887429632712 distance_loss=0.0104547543451
Iteration 27 of 100: loss=0.0114031396806 object_loss=0.000805547228083 distance_loss=0.0105975922197
Iteration 28 of 100: loss=0.0116596724838 object_loss=0.000666375330184 distance_loss=0.0109932972118
Iteration 29 of 100: loss=0.0115217259154 object_loss=0.000428477011155 distance_loss=0.0110932486132
Iteration 30 of 100: loss=0.0114431930706 object_loss=0.000333908828907 distance_loss=0.0111092841253
Iteration 31 of 100: loss=0.011312966235 object_loss=0.000412187131587 distance_loss=0.0109007786959
Iteration 32 of 100: loss=0.0112036857754 object_loss=0.000563190726098 distance_loss=0.0106404954568
Iteration 33 of 100: loss=0.0113784633577 object_loss=0.000838932406623 distance_loss=0.0105395307764
Iteration 34 of 100: loss=0.0113279744983 object_loss=0.000891336705536 distance_loss=0.0104366373271
Iteration 35 of 100: loss=0.0113891307265 object_loss=0.00062195584178 distance_loss=0.0107671748847
Iteration 36 of 100: loss=0.0112493345514 object_loss=0.000478163361549 distance_loss=0.0107711711898
Iteration 37 of 100: loss=0.0113527756184 object_loss=0.000486282835482 distance_loss=0.0108664929867
Iteration 38 of 100: loss=0.0111955413595 object_loss=0.000454228924355 distance_loss=0.0107413120568
Iteration 39 of 100: loss=0.0109872985631 object_loss=0.000421715143602 distance_loss=0.0105655835941
Iteration 40 of 100: loss=0.0111817009747 object_loss=0.000722673896234 distance_loss=0.0104590272531
Iteration 41 of 100: loss=0.0113869868219 object_loss=0.000742135627661 distance_loss=0.0106448512524
Iteration 42 of 100: loss=0.0116285793483 object_loss=0.000728312297724 distance_loss=0.0109002673998
Iteration 43 of 100: loss=0.0116503285244 object_loss=0.000603078107815 distance_loss=0.0110472505912
Iteration 44 of 100: loss=0.0114607270807 object_loss=0.000538847525604 distance_loss=0.0109218796715
Iteration 45 of 100: loss=0.0116805564612 object_loss=0.000518137123436 distance_loss=0.0111624188721
Iteration 46 of 100: loss=0.011706141755 object_loss=0.000611194875091 distance_loss=0.0110949464142
Iteration 47 of 100: loss=0.0113010108471 object_loss=0.000373203423806 distance_loss=0.0109278075397
Iteration 48 of 100: loss=0.0112215178087 object_loss=0.00042800582014 distance_loss=0.0107935117558
Iteration 49 of 100: loss=0.0115804141387 object_loss=0.000474542379379 distance_loss=0.0111058717594
Iteration 50 of 100: loss=0.0116554759443 object_loss=0.000380765268346 distance_loss=0.0112747102976
Iteration 51 of 100: loss=0.0116758393124 object_loss=0.000492550258059 distance_loss=0.0111832888797
Iteration 52 of 100: loss=0.0115214576945 object_loss=0.000819453038275 distance_loss=0.0107020046562
Iteration 53 of 100: loss=0.0112049104646 object_loss=0.000565869733691 distance_loss=0.0106390407309
Iteration 54 of 100: loss=0.0109638422728 object_loss=0.000300177372992 distance_loss=0.0106636648998
Iteration 55 of 100: loss=0.0113522876054 object_loss=0.00045972634689 distance_loss=0.0108925616369
Iteration 56 of 100: loss=0.0112658152357 object_loss=0.000424017955083 distance_loss=0.010841797106
Iteration 57 of 100: loss=0.0113971866667 object_loss=0.000852855155244 distance_loss=0.0105443317443
Iteration 58 of 100: loss=0.0111882593483 object_loss=0.000290979223792 distance_loss=0.010897279717
Iteration 59 of 100: loss=0.0115410070866 object_loss=0.000296823767712 distance_loss=0.0112441834062
Iteration 60 of 100: loss=0.0114415157586 object_loss=0.000363216036931 distance_loss=0.0110782999545
Iteration 61 of 100: loss=0.0112462639809 object_loss=0.000465411168989 distance_loss=0.0107808532193
Iteration 62 of 100: loss=0.0111306402832 object_loss=0.000460535637103 distance_loss=0.0106701049954
Iteration 63 of 100: loss=0.0114432647824 object_loss=0.000554765400011 distance_loss=0.0108884992078
Iteration 64 of 100: loss=0.0114827333018 object_loss=0.000644936808385 distance_loss=0.0108377961442
Iteration 65 of 100: loss=0.0114612728357 object_loss=0.000450105872005 distance_loss=0.0110111664981
Iteration 66 of 100: loss=0.0110176578164 object_loss=0.000235347688431 distance_loss=0.0107823098078
Iteration 67 of 100: loss=0.0110018178821 object_loss=0.000290847034194 distance_loss=0.0107109704986
Iteration 68 of 100: loss=0.0109905172139 object_loss=0.000444059900474 distance_loss=0.0105464570224
Iteration 69 of 100: loss=0.0109847839922 object_loss=0.000464353593998 distance_loss=0.0105204302818
Iteration 70 of 100: loss=0.0115185100585 object_loss=0.000674429931678 distance_loss=0.0108440797776
Iteration 71 of 100: loss=0.0113744325936 object_loss=0.000543276080862 distance_loss=0.0108311567456
Iteration 72 of 100: loss=0.0108072133735 object_loss=0.000380085606594 distance_loss=0.0104271275923
Iteration 73 of 100: loss=0.010874716565 object_loss=0.000382251251722 distance_loss=0.0104924654588
Iteration 74 of 100: loss=0.0111629609019 object_loss=0.000373147340724 distance_loss=0.0107898134738
Iteration 75 of 100: loss=0.011470397003 object_loss=0.000507001474034 distance_loss=0.0109633952379
Iteration 76 of 100: loss=0.0114910509437 object_loss=0.000650054600555 distance_loss=0.0108409961686
Iteration 77 of 100: loss=0.0109681459144 object_loss=0.000609617913142 distance_loss=0.0103585282341
Iteration 78 of 100: loss=0.0109632834792 object_loss=0.000791285070591 distance_loss=0.0101719982922
Iteration 79 of 100: loss=0.0111188478768 object_loss=0.000425131322118 distance_loss=0.0106937168166
Iteration 80 of 100: loss=0.0111017460003 object_loss=0.000373129121726 distance_loss=0.0107286171988
Iteration 81 of 100: loss=0.0107012456283 object_loss=0.000290431460598 distance_loss=0.010410814546
Iteration 82 of 100: loss=0.0109841646627 object_loss=0.000335576274665 distance_loss=0.0106485886499
Iteration 83 of 100: loss=0.0112441014498 object_loss=0.000342661951436 distance_loss=0.010901439935
Iteration 84 of 100: loss=0.011069287546 object_loss=0.0006240006187 distance_loss=0.0104452865198
Iteration 85 of 100: loss=0.0108956163749 object_loss=0.000729717954528 distance_loss=0.0101658981293
Iteration 86 of 100: loss=0.0110986977816 object_loss=0.000630626920611 distance_loss=0.0104680703953
Iteration 87 of 100: loss=0.0112544652075 object_loss=0.000493600091431 distance_loss=0.0107608651742
Iteration 88 of 100: loss=0.0112416259944 object_loss=0.000339436082868 distance_loss=0.0109021896496
Iteration 89 of 100: loss=0.0109481746331 object_loss=0.000290905853035 distance_loss=0.0106572685763
Iteration 90 of 100: loss=0.010861360468 object_loss=0.000340076570865 distance_loss=0.0105212843046
Iteration 91 of 100: loss=0.0109320599586 object_loss=0.000418642361183 distance_loss=0.0105134174228
Iteration 92 of 100: loss=0.0110830459744 object_loss=0.00072380353231 distance_loss=0.0103592425585
Iteration 93 of 100: loss=0.0113198021427 object_loss=0.000817817344796 distance_loss=0.0105019845068
Iteration 94 of 100: loss=0.0115087190643 object_loss=0.00091477582464 distance_loss=0.0105939432979
Iteration 95 of 100: loss=0.0118335066363 object_loss=0.00107155763544 distance_loss=0.0107619492337
Iteration 96 of 100: loss=0.0111058661714 object_loss=0.000507726857904 distance_loss=0.0105981389061
Iteration 97 of 100: loss=0.0109807569534 object_loss=0.000328887894284 distance_loss=0.010651868768
Iteration 98 of 100: loss=0.010827797465 object_loss=0.000293237972073 distance_loss=0.0105345593765
Iteration 99 of 100: loss=0.011011024937 object_loss=0.000420341646532 distance_loss=0.0105906836689
Iteration 0 of 100: loss=0.0113084735349 object_loss=0.000762174313422 distance_loss=0.0105462996289
Iteration 1 of 100: loss=0.0109978979453 object_loss=0.000656845397316 distance_loss=0.0103410528973
Iteration 2 of 100: loss=0.0112987179309 object_loss=0.000807732110843 distance_loss=0.0104909855872
Iteration 3 of 100: loss=0.0117639927194 object_loss=0.000895791512448 distance_loss=0.0108682010323
Iteration 4 of 100: loss=0.0116060962901 object_loss=0.000809569086414 distance_loss=0.0107965273783
Iteration 5 of 100: loss=0.0114650791511 object_loss=0.000633053597994 distance_loss=0.0108320256695
Iteration 6 of 100: loss=0.0114574804902 object_loss=0.000510976475198 distance_loss=0.0109465038404
Iteration 7 of 100: loss=0.0111701283604 object_loss=0.000436862930655 distance_loss=0.0107332654297
Iteration 8 of 100: loss=0.0110320206732 object_loss=0.000544108857866 distance_loss=0.0104879122227
Iteration 9 of 100: loss=0.0115224737674 object_loss=0.000723064120393 distance_loss=0.0107994098216
Iteration 10 of 100: loss=0.0120379114524 object_loss=0.00130468863063 distance_loss=0.0107332225889
Iteration 11 of 100: loss=0.0115637211129 object_loss=0.000809546734672 distance_loss=0.0107541745529
Iteration 12 of 100: loss=0.0112059470266 object_loss=0.000384824699722 distance_loss=0.0108211226761
Iteration 13 of 100: loss=0.0114734694362 object_loss=0.000438169605331 distance_loss=0.0110352998599
Iteration 14 of 100: loss=0.0116445152089 object_loss=0.000525663956068 distance_loss=0.0111188516021
Iteration 15 of 100: loss=0.011549199 object_loss=0.000473916734336 distance_loss=0.0110752824694
Iteration 16 of 100: loss=0.0111263943836 object_loss=0.000457759568235 distance_loss=0.010668634437
Iteration 17 of 100: loss=0.0108768157661 object_loss=0.000357321812771 distance_loss=0.0105194943026
Iteration 18 of 100: loss=0.0110543863848 object_loss=0.00041513715405 distance_loss=0.0106392493472
Iteration 19 of 100: loss=0.0112115647644 object_loss=0.000379656004952 distance_loss=0.0108319083229
Iteration 20 of 100: loss=0.0112972091883 object_loss=0.000690039072651 distance_loss=0.0106071699411
Iteration 21 of 100: loss=0.011212204583 object_loss=0.000585246772971 distance_loss=0.0106269577518
Iteration 22 of 100: loss=0.0111487526447 object_loss=0.000582416309044 distance_loss=0.0105663361028
Iteration 23 of 100: loss=0.0110126882792 object_loss=0.000284268811811 distance_loss=0.0107284197584
Iteration 24 of 100: loss=0.0111601455137 object_loss=0.000324624357745 distance_loss=0.0108355209231
Iteration 25 of 100: loss=0.0112243564799 object_loss=0.000374510709662 distance_loss=0.0108498455957
Iteration 26 of 100: loss=0.0113091226667 object_loss=0.000580758205615 distance_loss=0.0107283648103
Iteration 27 of 100: loss=0.0113614713773 object_loss=0.00047208572505 distance_loss=0.0108893858269
Iteration 28 of 100: loss=0.0110569130629 object_loss=0.000499203801155 distance_loss=0.0105577092618
Iteration 29 of 100: loss=0.0109315058216 object_loss=0.000525118492078 distance_loss=0.0104063870385
Iteration 30 of 100: loss=0.0111842248589 object_loss=0.000692501780577 distance_loss=0.0104917231947
Iteration 31 of 100: loss=0.0119094820693 object_loss=0.000882528431248 distance_loss=0.011026953347
Iteration 32 of 100: loss=0.0112847117707 object_loss=0.000453487940831 distance_loss=0.0108312238008
Iteration 33 of 100: loss=0.0113397231326 object_loss=0.000632354582194 distance_loss=0.0107073681429
Iteration 34 of 100: loss=0.011383747682 object_loss=0.000484368239995 distance_loss=0.0108993798494
Iteration 35 of 100: loss=0.0114736966789 object_loss=0.000435403024312 distance_loss=0.011038294062
Iteration 36 of 100: loss=0.0115906791762 object_loss=0.000642457220238 distance_loss=0.0109482221305
Iteration 37 of 100: loss=0.0111570144072 object_loss=0.000573899422307 distance_loss=0.0105831148103
Iteration 38 of 100: loss=0.011120185256 object_loss=0.000563560111914 distance_loss=0.0105566252023
Iteration 39 of 100: loss=0.0113163404167 object_loss=0.000609031470958 distance_loss=0.0107073085383
Iteration 40 of 100: loss=0.0114079453051 object_loss=0.000695667695254 distance_loss=0.0107122771442
Iteration 41 of 100: loss=0.0109447976574 object_loss=0.000451340514701 distance_loss=0.0104934573174
Iteration 42 of 100: loss=0.0113322455436 object_loss=0.000497289060149 distance_loss=0.0108349565417
Iteration 43 of 100: loss=0.0117146121338 object_loss=0.000753574422561 distance_loss=0.0109610380605
Iteration 44 of 100: loss=0.0110599901527 object_loss=0.000532109872438 distance_loss=0.010527879931
Iteration 45 of 100: loss=0.0112845012918 object_loss=0.000645771971904 distance_loss=0.0106387296692
Iteration 46 of 100: loss=0.011152301915 object_loss=0.000427640334237 distance_loss=0.0107246618718
Iteration 47 of 100: loss=0.0111064389348 object_loss=0.000506659969687 distance_loss=0.0105997789651
Iteration 48 of 100: loss=0.0114805744961 object_loss=0.000681312405504 distance_loss=0.0107992617413
Iteration 49 of 100: loss=0.0111327236518 object_loss=0.000556442886591 distance_loss=0.0105762807652
Iteration 50 of 100: loss=0.0114935701713 object_loss=0.000799065979663 distance_loss=0.0106945037842
Iteration 51 of 100: loss=0.0116542261094 object_loss=0.000722341123037 distance_loss=0.0109318848699
Iteration 52 of 100: loss=0.0111570227891 object_loss=0.000522565911524 distance_loss=0.0106344567612
Iteration 53 of 100: loss=0.0114062465727 object_loss=0.000601816631388 distance_loss=0.0108044296503
Iteration 54 of 100: loss=0.0112277427688 object_loss=0.000347907043761 distance_loss=0.0108798360452
Iteration 55 of 100: loss=0.0112875113264 object_loss=0.000498629058711 distance_loss=0.0107888821512
Iteration 56 of 100: loss=0.0109994867817 object_loss=0.000429994717706 distance_loss=0.010569492355
Iteration 57 of 100: loss=0.0108878435567 object_loss=0.000359374505933 distance_loss=0.0105284694582
Iteration 58 of 100: loss=0.0110684623942 object_loss=0.000474550382933 distance_loss=0.0105939116329
Iteration 59 of 100: loss=0.0112720746547 object_loss=0.000456888141343 distance_loss=0.010815186426
Iteration 60 of 100: loss=0.0112845320255 object_loss=0.000564645975828 distance_loss=0.0107198860496
Iteration 61 of 100: loss=0.0107029611245 object_loss=0.000443270197138 distance_loss=0.0102596906945
Iteration 62 of 100: loss=0.0108223669231 object_loss=0.000558004248887 distance_loss=0.0102643631399
Iteration 63 of 100: loss=0.0111220534891 object_loss=0.000620624166913 distance_loss=0.0105014294386
Iteration 64 of 100: loss=0.0110423574224 object_loss=0.000464247685159 distance_loss=0.0105781098828
Iteration 65 of 100: loss=0.0111387893558 object_loss=0.000555048347451 distance_loss=0.0105837406591
Iteration 66 of 100: loss=0.0113704036921 object_loss=0.000760506954975 distance_loss=0.0106098968536
Iteration 67 of 100: loss=0.0110965836793 object_loss=0.000661140948068 distance_loss=0.0104354424402
Iteration 68 of 100: loss=0.0110635552555 object_loss=0.000642895698547 distance_loss=0.010420659557
Iteration 69 of 100: loss=0.0109224328771 object_loss=0.00036765972618 distance_loss=0.0105547728017
Iteration 70 of 100: loss=0.010931070894 object_loss=0.000402580684749 distance_loss=0.0105284899473
Iteration 71 of 100: loss=0.0111118806526 object_loss=0.000589801173192 distance_loss=0.010522079654
Iteration 72 of 100: loss=0.0109449299052 object_loss=0.000502886308823 distance_loss=0.0104420436546
Iteration 73 of 100: loss=0.0109988395125 object_loss=0.000466395606054 distance_loss=0.010532444343
Iteration 74 of 100: loss=0.0112631209195 object_loss=0.00055767694721 distance_loss=0.0107054440305
Iteration 75 of 100: loss=0.0110182566568 object_loss=0.000427805411164 distance_loss=0.0105904508382
Iteration 76 of 100: loss=0.0113550201058 object_loss=0.000740007031709 distance_loss=0.0106150126085
Iteration 77 of 100: loss=0.0112505108118 object_loss=0.000439463066868 distance_loss=0.0108110476285
Iteration 78 of 100: loss=0.0110105993226 object_loss=0.000266783958068 distance_loss=0.0107438154519
Iteration 79 of 100: loss=0.0110011938959 object_loss=0.000481509952806 distance_loss=0.0105196842924
Iteration 80 of 100: loss=0.0109628168866 object_loss=0.000350791960955 distance_loss=0.0106120249256
Iteration 81 of 100: loss=0.0110372407362 object_loss=0.000459904345917 distance_loss=0.0105773359537
Iteration 82 of 100: loss=0.0111528160051 object_loss=0.000462373311166 distance_loss=0.0106904422864
Iteration 83 of 100: loss=0.0110035100952 object_loss=0.000518778513651 distance_loss=0.0104847317562
Iteration 84 of 100: loss=0.0109064793214 object_loss=0.000376274751034 distance_loss=0.0105302045122
Iteration 85 of 100: loss=0.0110669732094 object_loss=0.000619889120571 distance_loss=0.0104470839724
Iteration 86 of 100: loss=0.0107925496995 object_loss=0.000456195964944 distance_loss=0.0103363534436
Iteration 87 of 100: loss=0.0107264947146 object_loss=0.000533308717422 distance_loss=0.0101931858808
Iteration 88 of 100: loss=0.0110691329464 object_loss=0.000787561701145 distance_loss=0.0102815711871
Iteration 89 of 100: loss=0.0109170544893 object_loss=0.000432720466051 distance_loss=0.0104843340814
Iteration 90 of 100: loss=0.0109354909509 object_loss=0.000318275764585 distance_loss=0.0106172151864
Iteration 91 of 100: loss=0.0111977970228 object_loss=0.000303095963318 distance_loss=0.0108947008848
Iteration 92 of 100: loss=0.0110162999481 object_loss=0.000465929799248 distance_loss=0.0105503704399
Iteration 93 of 100: loss=0.0106144463643 object_loss=0.000411061424529 distance_loss=0.0102033847943
Iteration 94 of 100: loss=0.0107670854777 object_loss=0.000499932444654 distance_loss=0.0102671533823
Iteration 95 of 100: loss=0.0111696533859 object_loss=0.000645473133773 distance_loss=0.0105241807178
Iteration 96 of 100: loss=0.0109705217183 object_loss=0.000530171499122 distance_loss=0.0104403505102
Iteration 97 of 100: loss=0.0105838198215 object_loss=0.000361357175279 distance_loss=0.0102224629372
Iteration 98 of 100: loss=0.010555382818 object_loss=0.000425014673965 distance_loss=0.0101303681731
Iteration 99 of 100: loss=0.0108559979126 object_loss=0.000543122238014 distance_loss=0.0103128757328
Iteration 0 of 100: loss=0.0112974280491 object_loss=0.00109592534136 distance_loss=0.0102015025914
Iteration 1 of 100: loss=0.0109784342349 object_loss=0.000795213331003 distance_loss=0.0101832207292
Iteration 2 of 100: loss=0.0111469738185 object_loss=0.000669047702104 distance_loss=0.0104779256508
Iteration 3 of 100: loss=0.0114854434505 object_loss=0.000782439077739 distance_loss=0.0107030039653
Iteration 4 of 100: loss=0.0118107739836 object_loss=0.000758749432862 distance_loss=0.0110520245507
Iteration 5 of 100: loss=0.0114447278902 object_loss=0.000782955437899 distance_loss=0.0106617724523
Iteration 6 of 100: loss=0.0117979468778 object_loss=0.00155218341388 distance_loss=0.0102457636967
Iteration 7 of 100: loss=0.0113704381511 object_loss=0.000797346583568 distance_loss=0.0105730919167
Iteration 8 of 100: loss=0.0116109568626 object_loss=0.000948376429733 distance_loss=0.0106625808403
Iteration 9 of 100: loss=0.0118481963873 object_loss=0.000966676569078 distance_loss=0.0108815198764
Iteration 10 of 100: loss=0.0118884593248 object_loss=0.000681586039718 distance_loss=0.0112068736926
Iteration 11 of 100: loss=0.0120289875194 object_loss=0.000915898534004 distance_loss=0.011113088578
Iteration 12 of 100: loss=0.0120432563126 object_loss=0.00114149833098 distance_loss=0.010901757516
Iteration 13 of 100: loss=0.0117276133969 object_loss=0.000721949210856 distance_loss=0.0110056642443
Iteration 14 of 100: loss=0.0122819198295 object_loss=0.00129070039839 distance_loss=0.0109912194312
Iteration 15 of 100: loss=0.0116198826581 object_loss=0.00067449756898 distance_loss=0.010945385322
Iteration 16 of 100: loss=0.0113660329953 object_loss=0.000516315107234 distance_loss=0.0108497180045
Iteration 17 of 100: loss=0.0118062868714 object_loss=0.00076722871745 distance_loss=0.0110390577465
Iteration 18 of 100: loss=0.0118681173772 object_loss=0.00065208831802 distance_loss=0.0112160285935
Iteration 19 of 100: loss=0.0119894836098 object_loss=0.000821303459816 distance_loss=0.0111681800336
Iteration 20 of 100: loss=0.0116345789284 object_loss=0.000568268005736 distance_loss=0.011066311039
Iteration 21 of 100: loss=0.0114399176091 object_loss=0.00066608726047 distance_loss=0.0107738301158
Iteration 22 of 100: loss=0.011755881831 object_loss=0.000837712490465 distance_loss=0.0109181692824
Iteration 23 of 100: loss=0.0119806686416 object_loss=0.00106004229747 distance_loss=0.0109206261113
Iteration 24 of 100: loss=0.0118693280965 object_loss=0.000708115228917 distance_loss=0.0111612128094
Iteration 25 of 100: loss=0.0119116604328 object_loss=0.000760330993216 distance_loss=0.0111513296142
Iteration 26 of 100: loss=0.0114656807855 object_loss=0.000586873793509 distance_loss=0.0108788069338
Iteration 27 of 100: loss=0.0114127825946 object_loss=0.000720541691408 distance_loss=0.0106922406703
Iteration 28 of 100: loss=0.0120841292664 object_loss=0.00120880547911 distance_loss=0.0108753237873
Iteration 29 of 100: loss=0.0113961752504 object_loss=0.000536038423888 distance_loss=0.0108601367101
Iteration 30 of 100: loss=0.0119236940518 object_loss=0.00100618111901 distance_loss=0.0109175127
Iteration 31 of 100: loss=0.0119449803606 object_loss=0.000790706253611 distance_loss=0.0111542744562
Iteration 32 of 100: loss=0.0116732437164 object_loss=0.00055122456979 distance_loss=0.0111220190302
Iteration 33 of 100: loss=0.0115296132863 object_loss=0.000561672030017 distance_loss=0.0109679410234
Iteration 34 of 100: loss=0.0114921610802 object_loss=0.000646491942462 distance_loss=0.0108456695452
Iteration 35 of 100: loss=0.0115843303502 object_loss=0.000502899987623 distance_loss=0.0110814301297
Iteration 36 of 100: loss=0.0114442007616 object_loss=0.000525888113771 distance_loss=0.0109183127061
Iteration 37 of 100: loss=0.011061001569 object_loss=0.000438302347902 distance_loss=0.0106226988137
Iteration 38 of 100: loss=0.011071799323 object_loss=0.000547771749552 distance_loss=0.0105240279809
Iteration 39 of 100: loss=0.0116240158677 object_loss=0.000875721336342 distance_loss=0.0107482941821
Iteration 40 of 100: loss=0.0116916559637 object_loss=0.000979429692961 distance_loss=0.0107122259215
Iteration 41 of 100: loss=0.0118122193962 object_loss=0.000849019328598 distance_loss=0.0109631996602
Iteration 42 of 100: loss=0.0118367578834 object_loss=0.000630275288131 distance_loss=0.0112064825371
Iteration 43 of 100: loss=0.0119856335223 object_loss=0.000593553064391 distance_loss=0.0113920802251
Iteration 44 of 100: loss=0.0120432469994 object_loss=0.000798899214715 distance_loss=0.0112443482503
Iteration 45 of 100: loss=0.0119223482907 object_loss=0.000711924338248 distance_loss=0.0112104238942
Iteration 46 of 100: loss=0.0121988905594 object_loss=0.00102788454387 distance_loss=0.0111710056663
Iteration 47 of 100: loss=0.0121083268896 object_loss=0.00104956736322 distance_loss=0.0110587598756
Iteration 48 of 100: loss=0.0120083615184 object_loss=0.000921159400605 distance_loss=0.011087202467
Iteration 49 of 100: loss=0.0121506396681 object_loss=0.00107115320861 distance_loss=0.0110794864595
Iteration 50 of 100: loss=0.0122461114079 object_loss=0.000760454800911 distance_loss=0.0114856567234
Iteration 51 of 100: loss=0.0120522184297 object_loss=0.000809890800156 distance_loss=0.0112423272803
Iteration 52 of 100: loss=0.0115754483268 object_loss=0.000900871003978 distance_loss=0.0106745772064
Iteration 53 of 100: loss=0.0118977436796 object_loss=0.00100544036832 distance_loss=0.0108923036605
Iteration 54 of 100: loss=0.0119240432978 object_loss=0.000733966124244 distance_loss=0.0111900772899
Iteration 55 of 100: loss=0.0116072893143 object_loss=0.00055320939282 distance_loss=0.0110540799797
Iteration 56 of 100: loss=0.0116345845163 object_loss=0.000755003944505 distance_loss=0.0108795808628
Iteration 57 of 100: loss=0.0113340085372 object_loss=0.000661328493152 distance_loss=0.0106726801023
Iteration 58 of 100: loss=0.0112893842161 object_loss=0.0005040835822 distance_loss=0.0107853002846
Iteration 59 of 100: loss=0.0118095185608 object_loss=0.000715951551683 distance_loss=0.0110935671255
Iteration 60 of 100: loss=0.0119749866426 object_loss=0.00098950881511 distance_loss=0.0109854778275
Iteration 61 of 100: loss=0.0120518002659 object_loss=0.00109698320739 distance_loss=0.0109548168257
Iteration 62 of 100: loss=0.0119495168328 object_loss=0.000920035061426 distance_loss=0.0110294818878
Iteration 63 of 100: loss=0.0120173869655 object_loss=0.000983123667538 distance_loss=0.0110342632979
Iteration 64 of 100: loss=0.0118693578988 object_loss=0.000637262186501 distance_loss=0.0112320957705
Iteration 65 of 100: loss=0.0120179373771 object_loss=0.000713388086297 distance_loss=0.0113045489416
Iteration 66 of 100: loss=0.0117987375706 object_loss=0.000457518093754 distance_loss=0.0113412197679
Iteration 67 of 100: loss=0.0115309646353 object_loss=0.00031411316013 distance_loss=0.0112168518826
Iteration 68 of 100: loss=0.0113833555952 object_loss=0.000339355116012 distance_loss=0.0110440002754
Iteration 69 of 100: loss=0.0111325541511 object_loss=0.000460144481622 distance_loss=0.0106724100187
Iteration 70 of 100: loss=0.0116790765896 object_loss=0.00100006186403 distance_loss=0.0106790149584
Iteration 71 of 100: loss=0.0118303364143 object_loss=0.000835071376059 distance_loss=0.0109952650964
Iteration 72 of 100: loss=0.0118990521878 object_loss=0.00082353973994 distance_loss=0.0110755125061
Iteration 73 of 100: loss=0.0115231312811 object_loss=0.00050726212794 distance_loss=0.0110158687457
Iteration 74 of 100: loss=0.0112023707479 object_loss=0.000493064057082 distance_loss=0.0107093062252
Iteration 75 of 100: loss=0.0111466068774 object_loss=0.000615681405179 distance_loss=0.0105309253559
Iteration 76 of 100: loss=0.0108136096969 object_loss=0.000617545330897 distance_loss=0.0101960645989
Iteration 77 of 100: loss=0.0111945802346 object_loss=0.000874319521245 distance_loss=0.0103202611208
Iteration 78 of 100: loss=0.0123775405809 object_loss=0.00194516277406 distance_loss=0.0104323774576
Iteration 79 of 100: loss=0.0116206258535 object_loss=0.0010168759618 distance_loss=0.0106037501246
Iteration 80 of 100: loss=0.0111975232139 object_loss=0.00049561006017 distance_loss=0.0107019133866
Iteration 81 of 100: loss=0.0112574351951 object_loss=0.000648149114568 distance_loss=0.010609285906
Iteration 82 of 100: loss=0.0117279179394 object_loss=0.000804823474027 distance_loss=0.0109230941162
Iteration 83 of 100: loss=0.0116706686094 object_loss=0.000647388049401 distance_loss=0.0110232802108
Iteration 84 of 100: loss=0.0114459814504 object_loss=0.000671930087265 distance_loss=0.0107740517706
Iteration 85 of 100: loss=0.0112153086811 object_loss=0.000708481587935 distance_loss=0.0105068273842
Iteration 86 of 100: loss=0.0115690268576 object_loss=0.00104639562778 distance_loss=0.010522630997
Iteration 87 of 100: loss=0.0116086322814 object_loss=0.000859598279931 distance_loss=0.0107490336522
Iteration 88 of 100: loss=0.0119773996994 object_loss=0.00127622415312 distance_loss=0.0107011757791
Iteration 89 of 100: loss=0.0115062138066 object_loss=0.000670414359774 distance_loss=0.0108357993886
Iteration 90 of 100: loss=0.0115011706948 object_loss=0.000659607816488 distance_loss=0.010841563344
Iteration 91 of 100: loss=0.0117332153022 object_loss=0.000890517083462 distance_loss=0.0108426986262
Iteration 92 of 100: loss=0.0116318892688 object_loss=0.000711773347575 distance_loss=0.0109201157466
Iteration 93 of 100: loss=0.0117143969983 object_loss=0.000708237115759 distance_loss=0.0110061597079
Iteration 94 of 100: loss=0.0120624210685 object_loss=0.00122010160703 distance_loss=0.0108423195779
Iteration 95 of 100: loss=0.0117004718632 object_loss=0.000908383575734 distance_loss=0.0107920886949
Iteration 96 of 100: loss=0.0119910445064 object_loss=0.000881635118276 distance_loss=0.0111094098538
Iteration 97 of 100: loss=0.0117813237011 object_loss=0.000703179975972 distance_loss=0.0110781434923
Iteration 98 of 100: loss=0.0119499089196 object_loss=0.00101039302535 distance_loss=0.0109395161271
Iteration 99 of 100: loss=0.0115870982409 object_loss=0.000732996850275 distance_loss=0.0108541017398
Iteration 0 of 100: loss=0.0121491774917 object_loss=0.00140041229315 distance_loss=0.0107487654313
Iteration 1 of 100: loss=0.0121212303638 object_loss=0.00114880071487 distance_loss=0.0109724299982
Iteration 2 of 100: loss=0.0120605463162 object_loss=0.000845736125484 distance_loss=0.0112148104236
Iteration 3 of 100: loss=0.0123909711838 object_loss=0.000984982703812 distance_loss=0.0114059885964
Iteration 4 of 100: loss=0.0121152270585 object_loss=0.000886298948899 distance_loss=0.0112289283425
Iteration 5 of 100: loss=0.0121052004397 object_loss=0.00109573407099 distance_loss=0.011009465903
Iteration 6 of 100: loss=0.0129471048713 object_loss=0.00201591919176 distance_loss=0.0109311854467
Iteration 7 of 100: loss=0.0122675094754 object_loss=0.00107261491939 distance_loss=0.0111948950216
Iteration 8 of 100: loss=0.0124985864386 object_loss=0.00119423901197 distance_loss=0.0113043477759
Iteration 9 of 100: loss=0.0120334643871 object_loss=0.000627376022749 distance_loss=0.0114060882479
Iteration 10 of 100: loss=0.0121244080365 object_loss=0.000556239276193 distance_loss=0.0115681691095
Iteration 11 of 100: loss=0.0125837149099 object_loss=0.000917876139283 distance_loss=0.0116658387706
Iteration 12 of 100: loss=0.012309753336 object_loss=0.00103237584699 distance_loss=0.0112773776054
Iteration 13 of 100: loss=0.0124474810436 object_loss=0.00107875862159 distance_loss=0.0113687226549
Iteration 14 of 100: loss=0.0122992135584 object_loss=0.000935983145609 distance_loss=0.0113632306457
Iteration 15 of 100: loss=0.0126217585057 object_loss=0.00106414989568 distance_loss=0.0115576088428
Iteration 16 of 100: loss=0.0125548094511 object_loss=0.000695244525559 distance_loss=0.011859565042
Iteration 17 of 100: loss=0.0135216256604 object_loss=0.00174568430521 distance_loss=0.011775941588
Iteration 18 of 100: loss=0.0127320932224 object_loss=0.00118196185213 distance_loss=0.0115501312539
Iteration 19 of 100: loss=0.0122578013688 object_loss=0.000833777128719 distance_loss=0.0114240245894
Iteration 20 of 100: loss=0.0123209664598 object_loss=0.00123412220273 distance_loss=0.0110868439078
Iteration 21 of 100: loss=0.0129964174703 object_loss=0.00157553970348 distance_loss=0.0114208776504
Iteration 22 of 100: loss=0.0129252010956 object_loss=0.00095300731482 distance_loss=0.0119721936062
Iteration 23 of 100: loss=0.0124901132658 object_loss=0.00058145535877 distance_loss=0.0119086578488
Iteration 24 of 100: loss=0.0118881650269 object_loss=0.000573502213228 distance_loss=0.0113146631047
Iteration 25 of 100: loss=0.0120947863907 object_loss=0.000806288211606 distance_loss=0.0112884985283
Iteration 26 of 100: loss=0.0126890921965 object_loss=0.00109991407953 distance_loss=0.0115891778842
Iteration 27 of 100: loss=0.0129101313651 object_loss=0.00140546332113 distance_loss=0.0115046678111
Iteration 28 of 100: loss=0.0122755039483 object_loss=0.000958591175731 distance_loss=0.0113169131801
Iteration 29 of 100: loss=0.0122534241527 object_loss=0.00109993002843 distance_loss=0.0111534940079
Iteration 30 of 100: loss=0.0119841927662 object_loss=0.00073014391819 distance_loss=0.0112540489063
Iteration 31 of 100: loss=0.0122360121459 object_loss=0.000823388574645 distance_loss=0.0114126233384
Iteration 32 of 100: loss=0.0117747336626 object_loss=0.000768427154981 distance_loss=0.0110063068569
Iteration 33 of 100: loss=0.011226862669 object_loss=0.00067515601404 distance_loss=0.0105517068878
Iteration 34 of 100: loss=0.0116792107001 object_loss=0.000721856427845 distance_loss=0.0109573546797
Iteration 35 of 100: loss=0.0119195431471 object_loss=0.000820697459858 distance_loss=0.0110988458619
Iteration 36 of 100: loss=0.011546340771 object_loss=0.000578466220759 distance_loss=0.0109678748995
Iteration 37 of 100: loss=0.0112537452951 object_loss=0.000556929444429 distance_loss=0.0106968162581
Iteration 38 of 100: loss=0.0112621858716 object_loss=0.000776424189098 distance_loss=0.0104857617989
Iteration 39 of 100: loss=0.0114319697022 object_loss=0.000810824916698 distance_loss=0.0106211444363
Iteration 40 of 100: loss=0.0118908518925 object_loss=0.000789115729276 distance_loss=0.0111017357558
Iteration 41 of 100: loss=0.0119169289246 object_loss=0.000798560038675 distance_loss=0.011118369177
Iteration 42 of 100: loss=0.0117366621271 object_loss=0.000648975372314 distance_loss=0.0110876867548
Iteration 43 of 100: loss=0.0116867441684 object_loss=0.000774624641053 distance_loss=0.0109121194109
Iteration 44 of 100: loss=0.0116420304403 object_loss=0.000968299456872 distance_loss=0.0106737306342
Iteration 45 of 100: loss=0.0117604546249 object_loss=0.00079369317973 distance_loss=0.0109667610377
Iteration 46 of 100: loss=0.0117907971144 object_loss=0.000561645370908 distance_loss=0.0112291518599
Iteration 47 of 100: loss=0.011852956377 object_loss=0.000802852795459 distance_loss=0.0110501032323
Iteration 48 of 100: loss=0.0116985375062 object_loss=0.000698395306244 distance_loss=0.0110001424327
Iteration 49 of 100: loss=0.0117530189455 object_loss=0.000633309129626 distance_loss=0.0111197102815
Iteration 50 of 100: loss=0.011822826229 object_loss=0.000771761464421 distance_loss=0.0110510643572
Iteration 51 of 100: loss=0.0124739957973 object_loss=0.00127357454039 distance_loss=0.0112004214898
Iteration 52 of 100: loss=0.0123017514125 object_loss=0.00103298167232 distance_loss=0.0112687693909
Iteration 53 of 100: loss=0.0124605931342 object_loss=0.000899388222024 distance_loss=0.0115612046793
Iteration 54 of 100: loss=0.0125951506197 object_loss=0.00106985808816 distance_loss=0.0115252928808
Iteration 55 of 100: loss=0.0123353693634 object_loss=0.000719187024515 distance_loss=0.0116161825135
Iteration 56 of 100: loss=0.0120326960459 object_loss=0.000751689891331 distance_loss=0.0112810060382
Iteration 57 of 100: loss=0.0128454258665 object_loss=0.00172048329841 distance_loss=0.0111249424517
Iteration 58 of 100: loss=0.011889802292 object_loss=0.000625062850304 distance_loss=0.0112647395581
Iteration 59 of 100: loss=0.012046311982 object_loss=0.000709376472514 distance_loss=0.0113369356841
Iteration 60 of 100: loss=0.0120517462492 object_loss=0.000864275032654 distance_loss=0.0111874714494
Iteration 61 of 100: loss=0.011916317977 object_loss=0.000860693631694 distance_loss=0.0110556241125
Iteration 62 of 100: loss=0.0119339507073 object_loss=0.000897228484973 distance_loss=0.0110367219895
Iteration 63 of 100: loss=0.0123845655471 object_loss=0.00105458905455 distance_loss=0.0113299768418
Iteration 64 of 100: loss=0.0121235409752 object_loss=0.000702652905602 distance_loss=0.0114208878949
Iteration 65 of 100: loss=0.0121822524816 object_loss=0.000952342234086 distance_loss=0.0112299099565
Iteration 66 of 100: loss=0.0122873168439 object_loss=0.00133296404965 distance_loss=0.010954353027
Iteration 67 of 100: loss=0.0121000446379 object_loss=0.000911010894924 distance_loss=0.0111890332773
Iteration 68 of 100: loss=0.0122077949345 object_loss=0.000840211112518 distance_loss=0.0113675836474
Iteration 69 of 100: loss=0.0118952719495 object_loss=0.000835145881865 distance_loss=0.0110601261258
Iteration 70 of 100: loss=0.0118027655408 object_loss=0.00106014392804 distance_loss=0.0107426214963
Iteration 71 of 100: loss=0.0121672814712 object_loss=0.00117724586744 distance_loss=0.0109900357202
Iteration 72 of 100: loss=0.0124159986153 object_loss=0.000834827369545 distance_loss=0.011581171304
Iteration 73 of 100: loss=0.0124449636787 object_loss=0.000693128386047 distance_loss=0.0117518352345
Iteration 74 of 100: loss=0.0121659357101 object_loss=0.000547197996639 distance_loss=0.0116187380627
Iteration 75 of 100: loss=0.0123577425256 object_loss=0.000639819598291 distance_loss=0.0117179229856
Iteration 76 of 100: loss=0.0120548866689 object_loss=0.000669885892421 distance_loss=0.0113850012422
Iteration 77 of 100: loss=0.0119052026421 object_loss=0.000731200620066 distance_loss=0.011174001731
Iteration 78 of 100: loss=0.0122169479728 object_loss=0.000868620700203 distance_loss=0.0113483276218
Iteration 79 of 100: loss=0.0122520038858 object_loss=0.00073118309956 distance_loss=0.0115208206698
Iteration 80 of 100: loss=0.0118438405916 object_loss=0.000776453118306 distance_loss=0.0110673876479
Iteration 81 of 100: loss=0.0119255455211 object_loss=0.000881089828908 distance_loss=0.0110444556922
Iteration 82 of 100: loss=0.0120821539313 object_loss=0.000977802788839 distance_loss=0.0111043509096
Iteration 83 of 100: loss=0.0120545811951 object_loss=0.0010470302077 distance_loss=0.0110075511038
Iteration 84 of 100: loss=0.0125719234347 object_loss=0.00153091084212 distance_loss=0.0110410125926
Iteration 85 of 100: loss=0.0126218590885 object_loss=0.00137984997127 distance_loss=0.011242008768
Iteration 86 of 100: loss=0.0126184634864 object_loss=0.0011848238064 distance_loss=0.0114336395636
Iteration 87 of 100: loss=0.0127987964079 object_loss=0.00104195182212 distance_loss=0.0117568448186
Iteration 88 of 100: loss=0.0124242044985 object_loss=0.000709115993232 distance_loss=0.011715088971
Iteration 89 of 100: loss=0.0123120937496 object_loss=0.000798471679445 distance_loss=0.0115136224777
Iteration 90 of 100: loss=0.0121115669608 object_loss=0.000945450505242 distance_loss=0.0111661162227
Iteration 91 of 100: loss=0.0118706654757 object_loss=0.000942940299865 distance_loss=0.0109277255833
Iteration 92 of 100: loss=0.0124969426543 object_loss=0.00136637617834 distance_loss=0.0111305667087
Iteration 93 of 100: loss=0.0125058107078 object_loss=0.000813972088508 distance_loss=0.0116918385029
Iteration 94 of 100: loss=0.0129393581301 object_loss=0.000988780055195 distance_loss=0.0119505776092
Iteration 95 of 100: loss=0.0125961368904 object_loss=0.000876931124367 distance_loss=0.0117192054167
Iteration 96 of 100: loss=0.0124108521268 object_loss=0.00109838682692 distance_loss=0.0113124651834
Iteration 97 of 100: loss=0.0120123112574 object_loss=0.00078762875637 distance_loss=0.0112246824428
Iteration 98 of 100: loss=0.0125736454502 object_loss=0.00114112801384 distance_loss=0.0114325173199
Iteration 99 of 100: loss=0.0127822579816 object_loss=0.000839990563691 distance_loss=0.0119422674179
Iteration 0 of 100: loss=0.0124703757465 object_loss=0.000548093987163 distance_loss=0.0119222821668
Iteration 1 of 100: loss=0.0122360428795 object_loss=0.000802725262474 distance_loss=0.011433317326
Iteration 2 of 100: loss=0.0120701389387 object_loss=0.000754062784836 distance_loss=0.0113160759211
Iteration 3 of 100: loss=0.0122332917526 object_loss=0.00081888429122 distance_loss=0.0114144077525
Iteration 4 of 100: loss=0.0125230848789 object_loss=0.00104600039776 distance_loss=0.0114770848304
Iteration 5 of 100: loss=0.0120157599449 object_loss=0.000613707583398 distance_loss=0.0114020518959
Iteration 6 of 100: loss=0.0121956812218 object_loss=0.000500301423017 distance_loss=0.0116953793913
Iteration 7 of 100: loss=0.0122855631635 object_loss=0.000520957517438 distance_loss=0.0117646055296
Iteration 8 of 100: loss=0.0122951008379 object_loss=0.000716149865184 distance_loss=0.011578951031
Iteration 9 of 100: loss=0.0121214380488 object_loss=0.000848200113978 distance_loss=0.0112732378766
Iteration 10 of 100: loss=0.0121756698936 object_loss=0.000960716570262 distance_loss=0.0112149529159
Iteration 11 of 100: loss=0.0128639992326 object_loss=0.00133984081913 distance_loss=0.0115241585299
Iteration 12 of 100: loss=0.0127077857032 object_loss=0.000968745036516 distance_loss=0.0117390407249
Iteration 13 of 100: loss=0.012378692627 object_loss=0.000698157411534 distance_loss=0.0116805350408
Iteration 14 of 100: loss=0.0120596885681 object_loss=0.000668456312269 distance_loss=0.0113912317902
Iteration 15 of 100: loss=0.0118704289198 object_loss=0.000601036474109 distance_loss=0.0112693924457
Iteration 16 of 100: loss=0.0118853859603 object_loss=0.000834883947391 distance_loss=0.0110505018383
Iteration 17 of 100: loss=0.0118032470345 object_loss=0.000761438393965 distance_loss=0.0110418088734
Iteration 18 of 100: loss=0.0113711040467 object_loss=0.000655651267152 distance_loss=0.0107154529542
Iteration 19 of 100: loss=0.0114213572815 object_loss=0.000527601339854 distance_loss=0.0108937555924
Iteration 20 of 100: loss=0.0114455223083 object_loss=0.000560293439776 distance_loss=0.0108852293342
Iteration 21 of 100: loss=0.0115913394839 object_loss=0.000872912758496 distance_loss=0.0107184266672
Iteration 22 of 100: loss=0.0117149120197 object_loss=0.000846320181154 distance_loss=0.0108685921878
Iteration 23 of 100: loss=0.0117862010375 object_loss=0.000911988900043 distance_loss=0.0108742117882
Iteration 24 of 100: loss=0.0116806104779 object_loss=0.000644226267468 distance_loss=0.0110363839194
Iteration 25 of 100: loss=0.0120060518384 object_loss=0.000691792520229 distance_loss=0.0113142589107
Iteration 26 of 100: loss=0.0119518237188 object_loss=0.000624187348876 distance_loss=0.0113276364282
Iteration 27 of 100: loss=0.0119451368228 object_loss=0.000805717892945 distance_loss=0.0111394189298
Iteration 28 of 100: loss=0.0113382777199 object_loss=0.000702391786035 distance_loss=0.0106358863413
Iteration 29 of 100: loss=0.0120406756178 object_loss=0.00139836396556 distance_loss=0.0106423115358
Iteration 30 of 100: loss=0.0119575401768 object_loss=0.000866874470375 distance_loss=0.0110906660557
Iteration 31 of 100: loss=0.011888416484 object_loss=0.000711095693987 distance_loss=0.0111773209646
Iteration 32 of 100: loss=0.0118246562779 object_loss=0.000765309203416 distance_loss=0.0110593466088
Iteration 33 of 100: loss=0.0118639441207 object_loss=0.000795041734818 distance_loss=0.0110689019784
Iteration 34 of 100: loss=0.0117787327617 object_loss=0.000832028687 distance_loss=0.0109467040747
Iteration 35 of 100: loss=0.0117675913498 object_loss=0.00107187777758 distance_loss=0.0106957135722
Iteration 36 of 100: loss=0.0119519848377 object_loss=0.00136218173429 distance_loss=0.0105898026377
Iteration 37 of 100: loss=0.0116510745138 object_loss=0.00072945933789 distance_loss=0.0109216151759
Iteration 38 of 100: loss=0.0118069406599 object_loss=0.00056286144536 distance_loss=0.0112440790981
Iteration 39 of 100: loss=0.0117998523638 object_loss=0.00060004479019 distance_loss=0.0111998077482
Iteration 40 of 100: loss=0.0120779220015 object_loss=0.00116749678273 distance_loss=0.0109104253352
Iteration 41 of 100: loss=0.0117547819391 object_loss=0.000768000376411 distance_loss=0.0109867816791
Iteration 42 of 100: loss=0.0118488529697 object_loss=0.000644910323899 distance_loss=0.0112039428204
Iteration 43 of 100: loss=0.0121775362641 object_loss=0.000857728358824 distance_loss=0.0113198077306
Iteration 44 of 100: loss=0.0122117884457 object_loss=0.00110661867075 distance_loss=0.0111051695421
Iteration 45 of 100: loss=0.0118095772341 object_loss=0.000694102433044 distance_loss=0.0111154746264
Iteration 46 of 100: loss=0.0117887910455 object_loss=0.000712143897545 distance_loss=0.011076646857
Iteration 47 of 100: loss=0.0118300952017 object_loss=0.0006218192284 distance_loss=0.0112082762644
Iteration 48 of 100: loss=0.0119393952191 object_loss=0.000647832639515 distance_loss=0.0112915625796
Iteration 49 of 100: loss=0.0123117826879 object_loss=0.000916293123737 distance_loss=0.011395489797
Iteration 50 of 100: loss=0.0124005610123 object_loss=0.00106587074697 distance_loss=0.0113346902654
Iteration 51 of 100: loss=0.0123206963763 object_loss=0.00089951697737 distance_loss=0.0114211793989
Iteration 52 of 100: loss=0.0122462632135 object_loss=0.00131303048693 distance_loss=0.0109332324937
Iteration 53 of 100: loss=0.0125524513423 object_loss=0.00155425723642 distance_loss=0.0109981941059
Iteration 54 of 100: loss=0.012028654106 object_loss=0.000916078628507 distance_loss=0.0111125754192
Iteration 55 of 100: loss=0.0116444565356 object_loss=0.000833119847812 distance_loss=0.0108113363385
Iteration 56 of 100: loss=0.0114749157801 object_loss=0.000934546755161 distance_loss=0.0105403689668
Iteration 57 of 100: loss=0.0120254196227 object_loss=0.0012914375402 distance_loss=0.0107339825481
Iteration 58 of 100: loss=0.0118188885972 object_loss=0.000903611187823 distance_loss=0.0109152775258
Iteration 59 of 100: loss=0.0120337093249 object_loss=0.000788136734627 distance_loss=0.0112455729395
Iteration 60 of 100: loss=0.0123963262886 object_loss=0.000907754758373 distance_loss=0.011488571763
Iteration 61 of 100: loss=0.0118568604812 object_loss=0.000875926925801 distance_loss=0.0109809339046
Iteration 62 of 100: loss=0.0119396001101 object_loss=0.00085446779849 distance_loss=0.0110851321369
Iteration 63 of 100: loss=0.0119572486728 object_loss=0.000474095635582 distance_loss=0.0114831533283
Iteration 64 of 100: loss=0.0119010340422 object_loss=0.000441360200057 distance_loss=0.0114596737549
Iteration 65 of 100: loss=0.012093918398 object_loss=0.000684639904648 distance_loss=0.011409278959
Iteration 66 of 100: loss=0.0123685309663 object_loss=0.000918160774745 distance_loss=0.0114503698424
Iteration 67 of 100: loss=0.0125651024282 object_loss=0.00123019900639 distance_loss=0.0113349035382
Iteration 68 of 100: loss=0.0123170306906 object_loss=0.00119764474221 distance_loss=0.0111193861812
Iteration 69 of 100: loss=0.0121279284358 object_loss=0.00071522698272 distance_loss=0.0114127015695
Iteration 70 of 100: loss=0.0123718958348 object_loss=0.000737057824153 distance_loss=0.011634837836
Iteration 71 of 100: loss=0.0122631983832 object_loss=0.000689498148859 distance_loss=0.0115737002343
Iteration 72 of 100: loss=0.0118431961164 object_loss=0.000559513457119 distance_loss=0.0112836826593
Iteration 73 of 100: loss=0.0116981817409 object_loss=0.000628189998679 distance_loss=0.0110699916258
Iteration 74 of 100: loss=0.0118066575378 object_loss=0.000690097629558 distance_loss=0.0111165596172
Iteration 75 of 100: loss=0.0118580013514 object_loss=0.000804410432465 distance_loss=0.0110535910353
Iteration 76 of 100: loss=0.0120126213878 object_loss=0.00118547666352 distance_loss=0.0108271446079
Iteration 77 of 100: loss=0.0123666292056 object_loss=0.00175485236105 distance_loss=0.0106117771938
Iteration 78 of 100: loss=0.0116616971791 object_loss=0.000967876520008 distance_loss=0.0106938201934
Iteration 79 of 100: loss=0.012218978256 object_loss=0.00101521564648 distance_loss=0.0112037630752
Iteration 80 of 100: loss=0.0121763339266 object_loss=0.000711120956112 distance_loss=0.0114652132615
Iteration 81 of 100: loss=0.0124362586066 object_loss=0.00107073283289 distance_loss=0.0113655254245
Iteration 82 of 100: loss=0.0118675790727 object_loss=0.000794888706878 distance_loss=0.0110726905987
Iteration 83 of 100: loss=0.0120521103963 object_loss=0.000965976971202 distance_loss=0.0110861333087
Iteration 84 of 100: loss=0.0123293101788 object_loss=0.000960999110248 distance_loss=0.0113683110103
Iteration 85 of 100: loss=0.0116375498474 object_loss=0.000635345175397 distance_loss=0.0110022043809
Iteration 86 of 100: loss=0.0114891454577 object_loss=0.000844681169838 distance_loss=0.0106444638222
Iteration 87 of 100: loss=0.011897040531 object_loss=0.00109250389505 distance_loss=0.0108045367524
Iteration 88 of 100: loss=0.0118441209197 object_loss=0.000964366830885 distance_loss=0.0108797540888
Iteration 89 of 100: loss=0.0119009623304 object_loss=0.00101891404483 distance_loss=0.0108820479363
Iteration 90 of 100: loss=0.0117688262835 object_loss=0.000636716024019 distance_loss=0.0111321099102
Iteration 91 of 100: loss=0.0117536690086 object_loss=0.000508511031512 distance_loss=0.0112451575696
Iteration 92 of 100: loss=0.0117554683238 object_loss=0.000726616475731 distance_loss=0.0110288523138
Iteration 93 of 100: loss=0.0118416259065 object_loss=0.000669801898766 distance_loss=0.0111718242988
Iteration 94 of 100: loss=0.0124429240823 object_loss=0.00117123057134 distance_loss=0.0112716937438
Iteration 95 of 100: loss=0.0120852580294 object_loss=0.000664195918944 distance_loss=0.0114210620522
Iteration 96 of 100: loss=0.0123664336279 object_loss=0.000825264200103 distance_loss=0.0115411691368
Iteration 97 of 100: loss=0.0119945043698 object_loss=0.000632134790067 distance_loss=0.0113623691723
Iteration 98 of 100: loss=0.0120786260813 object_loss=0.00067044456955 distance_loss=0.011408181861
Iteration 99 of 100: loss=0.0121913505718 object_loss=0.00103377178311 distance_loss=0.0111575787887
Iteration 0 of 100: loss=0.0125625748187 object_loss=0.00167753593996 distance_loss=0.0108850393444
Iteration 1 of 100: loss=0.0125064048916 object_loss=0.00127733324189 distance_loss=0.0112290717661
Iteration 2 of 100: loss=0.0125635806471 object_loss=0.000758199952543 distance_loss=0.0118053806946
Iteration 3 of 100: loss=0.0124172735959 object_loss=0.000706500723027 distance_loss=0.0117107732221
Iteration 4 of 100: loss=0.0123931253329 object_loss=0.000773683015723 distance_loss=0.0116194421425
Iteration 5 of 100: loss=0.0126880416647 object_loss=0.00109319668263 distance_loss=0.011594844982
Iteration 6 of 100: loss=0.0122745800763 object_loss=0.00091144425096 distance_loss=0.0113631356508
Iteration 7 of 100: loss=0.0122587233782 object_loss=0.00110755371861 distance_loss=0.0111511694267
Iteration 8 of 100: loss=0.0127281108871 object_loss=0.00147672288585 distance_loss=0.0112513881177
Iteration 9 of 100: loss=0.0128285242245 object_loss=0.00144915771671 distance_loss=0.0113793667406
Iteration 10 of 100: loss=0.0130877960473 object_loss=0.00104986922815 distance_loss=0.0120379272848
Iteration 11 of 100: loss=0.0136557035148 object_loss=0.00122948235366 distance_loss=0.0124262208119
Iteration 12 of 100: loss=0.0131493126974 object_loss=0.00107583391946 distance_loss=0.0120734786615
Iteration 13 of 100: loss=0.012559521012 object_loss=0.000913193798624 distance_loss=0.0116463275626
Iteration 14 of 100: loss=0.0124783590436 object_loss=0.00106817518827 distance_loss=0.0114101842046
Iteration 15 of 100: loss=0.0123956510797 object_loss=0.001104901894 distance_loss=0.011290749535
Iteration 16 of 100: loss=0.0123547445983 object_loss=0.000958012184128 distance_loss=0.0113967321813
Iteration 17 of 100: loss=0.0130208348855 object_loss=0.00143662968185 distance_loss=0.0115842055529
Iteration 18 of 100: loss=0.0130203515291 object_loss=0.0013291441137 distance_loss=0.0116912070662
Iteration 19 of 100: loss=0.0131588149816 object_loss=0.00155617366545 distance_loss=0.0116026410833
Iteration 20 of 100: loss=0.0127855055034 object_loss=0.00126181950327 distance_loss=0.0115236863494
Iteration 21 of 100: loss=0.013055508025 object_loss=0.00139983731788 distance_loss=0.0116556705907
Iteration 22 of 100: loss=0.01280143857 object_loss=0.000644604151603 distance_loss=0.0121568348259
Iteration 23 of 100: loss=0.013494104147 object_loss=0.00127546070144 distance_loss=0.0122186429799
Iteration 24 of 100: loss=0.0132752805948 object_loss=0.00142444425728 distance_loss=0.0118508366868
Iteration 25 of 100: loss=0.0128622502089 object_loss=0.0013443500502 distance_loss=0.0115179000422
Iteration 26 of 100: loss=0.0126143405214 object_loss=0.00106743257493 distance_loss=0.0115469079465
Iteration 27 of 100: loss=0.0125608937815 object_loss=0.00108951423317 distance_loss=0.0114713795483
Iteration 28 of 100: loss=0.0123568149284 object_loss=0.00114158319775 distance_loss=0.0112152313814
Iteration 29 of 100: loss=0.0129252234474 object_loss=0.00114717578981 distance_loss=0.0117780473083
Iteration 30 of 100: loss=0.0130857434124 object_loss=0.00101833348162 distance_loss=0.0120674101636
Iteration 31 of 100: loss=0.0129958381876 object_loss=0.00101086962968 distance_loss=0.011984968558
Iteration 32 of 100: loss=0.0125994309783 object_loss=0.000840888998937 distance_loss=0.0117585416883
Iteration 33 of 100: loss=0.0125720053911 object_loss=0.000975462142378 distance_loss=0.0115965437144
Iteration 34 of 100: loss=0.0128156887367 object_loss=0.00110742356628 distance_loss=0.0117082651705
Iteration 35 of 100: loss=0.0128155937418 object_loss=0.00116431456991 distance_loss=0.0116512794048
Iteration 36 of 100: loss=0.0122734578326 object_loss=0.00108326447662 distance_loss=0.0111901937053
Iteration 37 of 100: loss=0.0118467025459 object_loss=0.000887166592292 distance_loss=0.0109595358372
Iteration 38 of 100: loss=0.0122469235212 object_loss=0.00126134837046 distance_loss=0.0109855756164
Iteration 39 of 100: loss=0.0121030183509 object_loss=0.0009964160854 distance_loss=0.0111066019163
Iteration 40 of 100: loss=0.0119414804503 object_loss=0.000601770239882 distance_loss=0.011339710094
Iteration 41 of 100: loss=0.0122532397509 object_loss=0.000632196199149 distance_loss=0.0116210430861
Iteration 42 of 100: loss=0.0124356132001 object_loss=0.000869503011927 distance_loss=0.0115661099553
Iteration 43 of 100: loss=0.0128566641361 object_loss=0.00134091719519 distance_loss=0.0115157468244
Iteration 44 of 100: loss=0.0125844944268 object_loss=0.000924159423448 distance_loss=0.0116603346542
Iteration 45 of 100: loss=0.0124251274392 object_loss=0.000753674306907 distance_loss=0.011671452783
Iteration 46 of 100: loss=0.012524632737 object_loss=0.000815639214125 distance_loss=0.0117089934647
Iteration 47 of 100: loss=0.0122133074328 object_loss=0.000750307866838 distance_loss=0.0114629995078
Iteration 48 of 100: loss=0.0119260409847 object_loss=0.000769076519646 distance_loss=0.0111569641158
Iteration 49 of 100: loss=0.0126983402297 object_loss=0.001620991854 distance_loss=0.0110773481429
Iteration 50 of 100: loss=0.0121832638979 object_loss=0.000641668448225 distance_loss=0.0115415956825
Iteration 51 of 100: loss=0.012124883011 object_loss=0.000575990881771 distance_loss=0.0115488925949
Iteration 52 of 100: loss=0.0121058989316 object_loss=0.000529836397618 distance_loss=0.0115760620683
Iteration 53 of 100: loss=0.0123978080228 object_loss=0.000749896920752 distance_loss=0.011647910811
Iteration 54 of 100: loss=0.0122671891004 object_loss=0.000978181604296 distance_loss=0.0112890070304
Iteration 55 of 100: loss=0.0121327992529 object_loss=0.00105268950574 distance_loss=0.0110801095143
Iteration 56 of 100: loss=0.0126315159723 object_loss=0.00151895615272 distance_loss=0.0111125595868
Iteration 57 of 100: loss=0.01181743294 object_loss=0.00084222573787 distance_loss=0.0109752072021
Iteration 58 of 100: loss=0.0119116911665 object_loss=0.00056605192367 distance_loss=0.0113456388935
Iteration 59 of 100: loss=0.0124157555401 object_loss=0.000787243596278 distance_loss=0.0116285122931
Iteration 60 of 100: loss=0.0122802406549 object_loss=0.000855418038554 distance_loss=0.0114248227328
Iteration 61 of 100: loss=0.0120429461822 object_loss=0.000840890570544 distance_loss=0.0112020559609
Iteration 62 of 100: loss=0.0120062660426 object_loss=0.000810959783848 distance_loss=0.0111953066662
Iteration 63 of 100: loss=0.0119786160067 object_loss=0.000959571334533 distance_loss=0.0110190445557
Iteration 64 of 100: loss=0.0119730094448 object_loss=0.000901792082004 distance_loss=0.0110712172464
Iteration 65 of 100: loss=0.0119093004614 object_loss=0.000881567189936 distance_loss=0.011027732864
Iteration 66 of 100: loss=0.0122445998713 object_loss=0.00108758383431 distance_loss=0.0111570162699
Iteration 67 of 100: loss=0.0126367481425 object_loss=0.0012881414732 distance_loss=0.0113486070186
Iteration 68 of 100: loss=0.012084257789 object_loss=0.000734452856705 distance_loss=0.0113498046994
Iteration 69 of 100: loss=0.0118970125914 object_loss=0.000660298683215 distance_loss=0.0112367141992
Iteration 70 of 100: loss=0.0121479518712 object_loss=0.000635318865534 distance_loss=0.0115126334131
Iteration 71 of 100: loss=0.0121487574652 object_loss=0.000785344047472 distance_loss=0.0113634131849
Iteration 72 of 100: loss=0.0119560407475 object_loss=0.00092539016623 distance_loss=0.0110306506976
Iteration 73 of 100: loss=0.0121035054326 object_loss=0.00100569240749 distance_loss=0.0110978130251
Iteration 74 of 100: loss=0.0122454836965 object_loss=0.000844210386276 distance_loss=0.0114012733102
Iteration 75 of 100: loss=0.0120553150773 object_loss=0.000812054146081 distance_loss=0.0112432604656
Iteration 76 of 100: loss=0.0117935556918 object_loss=0.000678046082612 distance_loss=0.0111155100167
Iteration 77 of 100: loss=0.0117037948221 object_loss=0.000730443163775 distance_loss=0.0109733520076
Iteration 78 of 100: loss=0.0122539326549 object_loss=0.00127863441594 distance_loss=0.0109752984717
Iteration 79 of 100: loss=0.0118478564546 object_loss=0.000796617532615 distance_loss=0.0110512385145
Iteration 80 of 100: loss=0.0123744411394 object_loss=0.000771895051003 distance_loss=0.0116025460884
Iteration 81 of 100: loss=0.0124679533765 object_loss=0.000963947444689 distance_loss=0.0115040056407
Iteration 82 of 100: loss=0.0124741001055 object_loss=0.000919388257898 distance_loss=0.0115547114983
Iteration 83 of 100: loss=0.01202230528 object_loss=0.000697950890753 distance_loss=0.0113243544474
Iteration 84 of 100: loss=0.0114067187533 object_loss=0.000672795285936 distance_loss=0.0107339238748
Iteration 85 of 100: loss=0.0114588402212 object_loss=0.0007644261932 distance_loss=0.0106944143772
Iteration 86 of 100: loss=0.0124459508806 object_loss=0.00150693487376 distance_loss=0.0109390160069
Iteration 87 of 100: loss=0.0115749873221 object_loss=0.000978503841907 distance_loss=0.0105964839458
Iteration 88 of 100: loss=0.0121382381767 object_loss=0.00133845652454 distance_loss=0.0107997814193
Iteration 89 of 100: loss=0.0126212071627 object_loss=0.00115452671889 distance_loss=0.0114666800946
Iteration 90 of 100: loss=0.0124836433679 object_loss=0.00123323919252 distance_loss=0.0112504037097
Iteration 91 of 100: loss=0.0127693368122 object_loss=0.00184502103366 distance_loss=0.0109243160114
Iteration 92 of 100: loss=0.0118289571255 object_loss=0.00105342175812 distance_loss=0.0107755353674
Iteration 93 of 100: loss=0.0126707879826 object_loss=0.00137225689832 distance_loss=0.0112985307351
Iteration 94 of 100: loss=0.0130788926035 object_loss=0.00157960690558 distance_loss=0.0114992856979
Iteration 95 of 100: loss=0.0122073870152 object_loss=0.00065585563425 distance_loss=0.0115515310317
Iteration 96 of 100: loss=0.0125465933233 object_loss=0.00114681292325 distance_loss=0.0113997804001
Iteration 97 of 100: loss=0.0119353029877 object_loss=0.000902884814423 distance_loss=0.0110324183479
Iteration 98 of 100: loss=0.012114959769 object_loss=0.0010938514024 distance_loss=0.0110211083665
Iteration 99 of 100: loss=0.0122640859336 object_loss=0.00116839597467 distance_loss=0.0110956896096
Iteration 0 of 100: loss=0.0128763327375 object_loss=0.0015298742801 distance_loss=0.0113464584574
Iteration 1 of 100: loss=0.0126245329157 object_loss=0.00147031748202 distance_loss=0.0111542157829
Iteration 2 of 100: loss=0.0126882866025 object_loss=0.00125337182544 distance_loss=0.0114349145442
Iteration 3 of 100: loss=0.0130844814703 object_loss=0.00171090813819 distance_loss=0.0113735729828
Iteration 4 of 100: loss=0.0135817788541 object_loss=0.0020172027871 distance_loss=0.011564576067
Iteration 5 of 100: loss=0.0150667708367 object_loss=0.00328903272748 distance_loss=0.0117777381092
Iteration 6 of 100: loss=0.0145048294216 object_loss=0.00207773060538 distance_loss=0.0124270990491
Iteration 7 of 100: loss=0.0142294606194 object_loss=0.00111276202369 distance_loss=0.0131166987121
Iteration 8 of 100: loss=0.0144494390115 object_loss=0.00101279246155 distance_loss=0.0134366462007
Iteration 9 of 100: loss=0.014240687713 object_loss=0.000812235637568 distance_loss=0.0134284524247
Iteration 10 of 100: loss=0.0142129762098 object_loss=0.000935549323913 distance_loss=0.0132774272934
Iteration 11 of 100: loss=0.0146004064009 object_loss=0.00155180355068 distance_loss=0.0130486031994
Iteration 12 of 100: loss=0.014520614408 object_loss=0.00201973482035 distance_loss=0.0125008793548
Iteration 13 of 100: loss=0.0149858258665 object_loss=0.00203353795223 distance_loss=0.0129522876814
Iteration 14 of 100: loss=0.0150343030691 object_loss=0.00162106950302 distance_loss=0.0134132336825
Iteration 15 of 100: loss=0.0151352826506 object_loss=0.0015491299564 distance_loss=0.0135861523449
Iteration 16 of 100: loss=0.0150359477848 object_loss=0.00121317850426 distance_loss=0.0138227697462
Iteration 17 of 100: loss=0.0149436015636 object_loss=0.0014408204006 distance_loss=0.0135027812794
Iteration 18 of 100: loss=0.0146577954292 object_loss=0.00134226074442 distance_loss=0.0133155342191
Iteration 19 of 100: loss=0.0140380188823 object_loss=0.00103462010156 distance_loss=0.0130033986643
Iteration 20 of 100: loss=0.0143143134192 object_loss=0.00145175680518 distance_loss=0.012862556614
Iteration 21 of 100: loss=0.0159069560468 object_loss=0.00302236061543 distance_loss=0.0128845945001
Iteration 22 of 100: loss=0.0151859382167 object_loss=0.00190722022671 distance_loss=0.0132787181064
Iteration 23 of 100: loss=0.0153714744374 object_loss=0.00180379394442 distance_loss=0.013567680493
Iteration 24 of 100: loss=0.014778720215 object_loss=0.00128072919324 distance_loss=0.0134979905561
Iteration 25 of 100: loss=0.0148729356006 object_loss=0.00126027420629 distance_loss=0.0136126615107
Iteration 26 of 100: loss=0.0148032866418 object_loss=0.00128632015549 distance_loss=0.0135169662535
Iteration 27 of 100: loss=0.0144159765914 object_loss=0.00129274290521 distance_loss=0.0131232338026
Iteration 28 of 100: loss=0.0151829523966 object_loss=0.00234444742091 distance_loss=0.0128385052085
Iteration 29 of 100: loss=0.0144161516801 object_loss=0.00141783955041 distance_loss=0.0129983117804
Iteration 30 of 100: loss=0.014968290925 object_loss=0.00140019506216 distance_loss=0.0135680958629
Iteration 31 of 100: loss=0.0150037100539 object_loss=0.00136123679113 distance_loss=0.0136424731463
Iteration 32 of 100: loss=0.0151312854141 object_loss=0.00191677513067 distance_loss=0.0132145099342
Iteration 33 of 100: loss=0.0149506572634 object_loss=0.00174311501905 distance_loss=0.01320754271
Iteration 34 of 100: loss=0.0150270750746 object_loss=0.00190497923177 distance_loss=0.0131220957264
Iteration 35 of 100: loss=0.0148814404383 object_loss=0.00192522979341 distance_loss=0.0129562104121
Iteration 36 of 100: loss=0.015390234068 object_loss=0.00218882691115 distance_loss=0.0132014071569
Iteration 37 of 100: loss=0.0152066480368 object_loss=0.00197662157007 distance_loss=0.0132300266996
Iteration 38 of 100: loss=0.014744553715 object_loss=0.00186579907313 distance_loss=0.0128787541762
Iteration 39 of 100: loss=0.0141009641811 object_loss=0.00117703236174 distance_loss=0.012923931703
Iteration 40 of 100: loss=0.0140250362456 object_loss=0.00107736792415 distance_loss=0.0129476683214
Iteration 41 of 100: loss=0.0144181074575 object_loss=0.00165839435067 distance_loss=0.012759713456
Iteration 42 of 100: loss=0.0144732147455 object_loss=0.00186416623183 distance_loss=0.0126090487465
Iteration 43 of 100: loss=0.0143348928541 object_loss=0.00190067512449 distance_loss=0.0124342180789
Iteration 44 of 100: loss=0.0146969519556 object_loss=0.00221054023132 distance_loss=0.0124864121899
Iteration 45 of 100: loss=0.0141859604046 object_loss=0.00175374303944 distance_loss=0.012432217598
Iteration 46 of 100: loss=0.014631440863 object_loss=0.00210683001205 distance_loss=0.0125246113166
Iteration 47 of 100: loss=0.014463272877 object_loss=0.00203627557494 distance_loss=0.0124269975349
Iteration 48 of 100: loss=0.014042914845 object_loss=0.00167929416057 distance_loss=0.0123636210337
Iteration 49 of 100: loss=0.013916939497 object_loss=0.00149221764877 distance_loss=0.0124247223139
Iteration 50 of 100: loss=0.0138346068561 object_loss=0.00164820649661 distance_loss=0.0121864005923
Iteration 51 of 100: loss=0.0142269814387 object_loss=0.00224016536959 distance_loss=0.0119868163019
Iteration 52 of 100: loss=0.0139366034418 object_loss=0.00167616212275 distance_loss=0.0122604416683
Iteration 53 of 100: loss=0.0146535281092 object_loss=0.00217379722744 distance_loss=0.0124797308818
Iteration 54 of 100: loss=0.0141952652484 object_loss=0.00169647508301 distance_loss=0.0124987903982
Iteration 55 of 100: loss=0.0139708155766 object_loss=0.001528627472 distance_loss=0.0124421883374
Iteration 56 of 100: loss=0.0134989283979 object_loss=0.00167168944608 distance_loss=0.0118272388354
Iteration 57 of 100: loss=0.0138601046056 object_loss=0.00215878756717 distance_loss=0.0117013165727
Iteration 58 of 100: loss=0.0138722453266 object_loss=0.00185106997378 distance_loss=0.0120211755857
Iteration 59 of 100: loss=0.0136359548196 object_loss=0.00139395310543 distance_loss=0.0122420014814
Iteration 60 of 100: loss=0.0137868076563 object_loss=0.00135735608637 distance_loss=0.0124294515699
Iteration 61 of 100: loss=0.0138529567048 object_loss=0.0015758817317 distance_loss=0.0122770750895
Iteration 62 of 100: loss=0.0134480390698 object_loss=0.00181508576497 distance_loss=0.0116329528391
Iteration 63 of 100: loss=0.0130210882053 object_loss=0.00143405923154 distance_loss=0.011587029323
Iteration 64 of 100: loss=0.0130950715393 object_loss=0.00112542009447 distance_loss=0.0119696510956
Iteration 65 of 100: loss=0.0132817225531 object_loss=0.00140256271698 distance_loss=0.0118791600689
Iteration 66 of 100: loss=0.0138204554096 object_loss=0.00189140276052 distance_loss=0.0119290528819
Iteration 67 of 100: loss=0.0135214962065 object_loss=0.0015680763172 distance_loss=0.0119534200057
Iteration 68 of 100: loss=0.0132679175586 object_loss=0.00150521157775 distance_loss=0.0117627056316
Iteration 69 of 100: loss=0.0132036209106 object_loss=0.00137967197224 distance_loss=0.0118239484727
Iteration 70 of 100: loss=0.0143975289539 object_loss=0.00194269430358 distance_loss=0.0124548347667
Iteration 71 of 100: loss=0.0142936501652 object_loss=0.00177598139271 distance_loss=0.0125176683068
Iteration 72 of 100: loss=0.0136176496744 object_loss=0.00160339102149 distance_loss=0.0120142586529
Iteration 73 of 100: loss=0.0136888269335 object_loss=0.00172708905302 distance_loss=0.0119617376477
Iteration 74 of 100: loss=0.0133375618607 object_loss=0.00166009401437 distance_loss=0.0116774681956
Iteration 75 of 100: loss=0.0136578707024 object_loss=0.00189368135761 distance_loss=0.0117641892284
Iteration 76 of 100: loss=0.0133652742952 object_loss=0.00157562852837 distance_loss=0.0117896459997
Iteration 77 of 100: loss=0.0130004445091 object_loss=0.00131755846087 distance_loss=0.011682885699
Iteration 78 of 100: loss=0.0139055913314 object_loss=0.00238518137485 distance_loss=0.0115204099566
Iteration 79 of 100: loss=0.0137896500528 object_loss=0.00221373629756 distance_loss=0.0115759139881
Iteration 80 of 100: loss=0.0131472423673 object_loss=0.00160053418949 distance_loss=0.0115467077121
Iteration 81 of 100: loss=0.0134367318824 object_loss=0.00162766024005 distance_loss=0.0118090715259
Iteration 82 of 100: loss=0.0134473219514 object_loss=0.00162204692606 distance_loss=0.0118252746761
Iteration 83 of 100: loss=0.0130325742066 object_loss=0.00142077135388 distance_loss=0.0116118025035
Iteration 84 of 100: loss=0.0130790695548 object_loss=0.00157770083752 distance_loss=0.0115013690665
Iteration 85 of 100: loss=0.0126488385722 object_loss=0.000837886938825 distance_loss=0.0118109518662
Iteration 86 of 100: loss=0.0128614949062 object_loss=0.000883575587068 distance_loss=0.0119779193774
Iteration 87 of 100: loss=0.013016580604 object_loss=0.0011315139709 distance_loss=0.0118850665167
Iteration 88 of 100: loss=0.0133560458198 object_loss=0.00163293012884 distance_loss=0.0117231160402
Iteration 89 of 100: loss=0.0132258925587 object_loss=0.00145572889596 distance_loss=0.0117701636627
Iteration 90 of 100: loss=0.0133684305474 object_loss=0.00126393639948 distance_loss=0.0121044944972
Iteration 91 of 100: loss=0.0133320419118 object_loss=0.00138573604636 distance_loss=0.0119463056326
Iteration 92 of 100: loss=0.0133515559137 object_loss=0.00168865558226 distance_loss=0.0116629004478
Iteration 93 of 100: loss=0.0131569663063 object_loss=0.00162171910051 distance_loss=0.0115352468565
Iteration 94 of 100: loss=0.0136274565011 object_loss=0.00182752264664 distance_loss=0.0117999333888
Iteration 95 of 100: loss=0.013383503072 object_loss=0.00135939032771 distance_loss=0.0120241129771
Iteration 96 of 100: loss=0.0130714820698 object_loss=0.000962812802754 distance_loss=0.0121086696163
Iteration 97 of 100: loss=0.0136519903317 object_loss=0.00141326023731 distance_loss=0.0122387297451
Iteration 98 of 100: loss=0.0138754285872 object_loss=0.00159827736206 distance_loss=0.012277151458
Iteration 99 of 100: loss=0.0135898413137 object_loss=0.00122991006356 distance_loss=0.0123599311337
Iteration 0 of 100: loss=0.0136754028499 object_loss=0.00110802007839 distance_loss=0.0125673832372
Iteration 1 of 100: loss=0.0131224216893 object_loss=0.000655418029055 distance_loss=0.0124670034274
Iteration 2 of 100: loss=0.0134230665863 object_loss=0.000749579106923 distance_loss=0.0126734878868
Iteration 3 of 100: loss=0.0134982345626 object_loss=0.000805579475127 distance_loss=0.0126926554367
Iteration 4 of 100: loss=0.013167951256 object_loss=0.000985924038105 distance_loss=0.0121820271015
Iteration 5 of 100: loss=0.0131681887433 object_loss=0.00130925793201 distance_loss=0.0118589308113
Iteration 6 of 100: loss=0.0131556037813 object_loss=0.00141077488661 distance_loss=0.0117448288947
Iteration 7 of 100: loss=0.0142541630194 object_loss=0.0025202112738 distance_loss=0.0117339519784
Iteration 8 of 100: loss=0.0142048709095 object_loss=0.00161242112517 distance_loss=0.0125924497843
Iteration 9 of 100: loss=0.0151689080521 object_loss=0.00206017238088 distance_loss=0.0131087359041
Iteration 10 of 100: loss=0.0147033082321 object_loss=0.00143410731107 distance_loss=0.0132692009211
Iteration 11 of 100: loss=0.014505228959 object_loss=0.00103270506952 distance_loss=0.0134725235403
Iteration 12 of 100: loss=0.014373332262 object_loss=0.000690328364726 distance_loss=0.0136830043048
Iteration 13 of 100: loss=0.0141340354457 object_loss=0.00047987716971 distance_loss=0.0136541584507
Iteration 14 of 100: loss=0.0136897200719 object_loss=0.000533288752194 distance_loss=0.0131564317271
Iteration 15 of 100: loss=0.0133989611641 object_loss=0.000795916887 distance_loss=0.0126030445099
Iteration 16 of 100: loss=0.0137548586354 object_loss=0.00154452654533 distance_loss=0.0122103318572
Iteration 17 of 100: loss=0.0136374039575 object_loss=0.00142385810614 distance_loss=0.0122135458514
Iteration 18 of 100: loss=0.0133162019774 object_loss=0.0010284128366 distance_loss=0.0122877890244
Iteration 19 of 100: loss=0.0136480834335 object_loss=0.00156797515228 distance_loss=0.0120801078156
Iteration 20 of 100: loss=0.0138320075348 object_loss=0.00200505345128 distance_loss=0.0118269538507
Iteration 21 of 100: loss=0.0129794999957 object_loss=0.00100344256498 distance_loss=0.0119760576636
Iteration 22 of 100: loss=0.0128408987075 object_loss=0.000883220520336 distance_loss=0.0119576780125
Iteration 23 of 100: loss=0.0133064985275 object_loss=0.00121027568821 distance_loss=0.0120962224901
Iteration 24 of 100: loss=0.0132819088176 object_loss=0.00126414652914 distance_loss=0.0120177622885
Iteration 25 of 100: loss=0.0132565824315 object_loss=0.00150158524048 distance_loss=0.0117549970746
Iteration 26 of 100: loss=0.0130426324904 object_loss=0.00132608937565 distance_loss=0.0117165427655
Iteration 27 of 100: loss=0.013334536925 object_loss=0.00154695054516 distance_loss=0.0117875859141
Iteration 28 of 100: loss=0.0141260456294 object_loss=0.00228908378631 distance_loss=0.0118369618431
Iteration 29 of 100: loss=0.0130489291623 object_loss=0.000943588675 distance_loss=0.0121053401381
Iteration 30 of 100: loss=0.0129029331729 object_loss=0.00067363207927 distance_loss=0.0122293010354
Iteration 31 of 100: loss=0.0131137482822 object_loss=0.000969316519331 distance_loss=0.0121444314718
Iteration 32 of 100: loss=0.0134626626968 object_loss=0.00131665030494 distance_loss=0.0121460128576
Iteration 33 of 100: loss=0.0147617720068 object_loss=0.00226871459745 distance_loss=0.0124930571765
Iteration 34 of 100: loss=0.0138145256788 object_loss=0.00137682119384 distance_loss=0.0124377040192
Iteration 35 of 100: loss=0.0132574094459 object_loss=0.000804613577202 distance_loss=0.0124527961016
Iteration 36 of 100: loss=0.0134004428983 object_loss=0.00105666869786 distance_loss=0.0123437745497
Iteration 37 of 100: loss=0.0135387089103 object_loss=0.00156563124619 distance_loss=0.0119730774313
Iteration 38 of 100: loss=0.0131227802485 object_loss=0.00131528044585 distance_loss=0.0118074994534
Iteration 39 of 100: loss=0.0130474492908 object_loss=0.00118990207557 distance_loss=0.0118575468659
Iteration 40 of 100: loss=0.0128362551332 object_loss=0.00114853167906 distance_loss=0.0116877239197
Iteration 41 of 100: loss=0.0123363910243 object_loss=0.000773129868321 distance_loss=0.0115632610396
Iteration 42 of 100: loss=0.0127619635314 object_loss=0.00098968995735 distance_loss=0.0117722731084
Iteration 43 of 100: loss=0.0125526608899 object_loss=0.000975321279839 distance_loss=0.0115773398429
Iteration 44 of 100: loss=0.0129385329783 object_loss=0.00142134400085 distance_loss=0.0115171885118
Iteration 45 of 100: loss=0.0131855411455 object_loss=0.00146838848013 distance_loss=0.0117171527818
Iteration 46 of 100: loss=0.0129681834951 object_loss=0.000964789418504 distance_loss=0.0120033938438
Iteration 47 of 100: loss=0.0138391032815 object_loss=0.00172198109794 distance_loss=0.0121171223
Iteration 48 of 100: loss=0.0141828460619 object_loss=0.00188062980305 distance_loss=0.0123022161424
Iteration 49 of 100: loss=0.0133994342759 object_loss=0.000650041096378 distance_loss=0.0127493934706
Iteration 50 of 100: loss=0.0136548634619 object_loss=0.000709102372639 distance_loss=0.0129457609728
Iteration 51 of 100: loss=0.0138311870396 object_loss=0.000835894141346 distance_loss=0.0129952933639
Iteration 52 of 100: loss=0.014771384187 object_loss=0.00223304610699 distance_loss=0.01253833808
Iteration 53 of 100: loss=0.0140627231449 object_loss=0.00152859522495 distance_loss=0.0125341275707
Iteration 54 of 100: loss=0.0136698158458 object_loss=0.00108290754724 distance_loss=0.012586908415
Iteration 55 of 100: loss=0.0134538523853 object_loss=0.000990746309981 distance_loss=0.0124631058425
Iteration 56 of 100: loss=0.0133726708591 object_loss=0.00104753603227 distance_loss=0.0123251350597
Iteration 57 of 100: loss=0.0134203135967 object_loss=0.00128150417004 distance_loss=0.0121388090774
Iteration 58 of 100: loss=0.0137215033174 object_loss=0.00178739242256 distance_loss=0.0119341108948
Iteration 59 of 100: loss=0.0136608667672 object_loss=0.00160570885055 distance_loss=0.0120551576838
Iteration 60 of 100: loss=0.0138920256868 object_loss=0.00159001839347 distance_loss=0.0123020075262
Iteration 61 of 100: loss=0.0137224160135 object_loss=0.00121646758635 distance_loss=0.0125059485435
Iteration 62 of 100: loss=0.0136372316629 object_loss=0.00134273408912 distance_loss=0.0122944973409
Iteration 63 of 100: loss=0.0136235356331 object_loss=0.00142419571057 distance_loss=0.0121993403882
Iteration 64 of 100: loss=0.0137322582304 object_loss=0.00146024918649 distance_loss=0.0122720086947
Iteration 65 of 100: loss=0.0138474348933 object_loss=0.00144859217107 distance_loss=0.0123988427222
Iteration 66 of 100: loss=0.0144981890917 object_loss=0.00195487285964 distance_loss=0.0125433159992
Iteration 67 of 100: loss=0.0142555590719 object_loss=0.00193191494327 distance_loss=0.0123236440122
Iteration 68 of 100: loss=0.0139367375523 object_loss=0.00152548379265 distance_loss=0.0124112535268
Iteration 69 of 100: loss=0.0138083500788 object_loss=0.00139236345422 distance_loss=0.0124159865081
Iteration 70 of 100: loss=0.0138489594683 object_loss=0.00157253805082 distance_loss=0.0122764213011
Iteration 71 of 100: loss=0.0135979996994 object_loss=0.0010006140219 distance_loss=0.0125973857939
Iteration 72 of 100: loss=0.0136843482032 object_loss=0.000917673227377 distance_loss=0.0127666750923
Iteration 73 of 100: loss=0.0141451628879 object_loss=0.00142644613516 distance_loss=0.0127187166363
Iteration 74 of 100: loss=0.013874925673 object_loss=0.00146934040822 distance_loss=0.0124055854976
Iteration 75 of 100: loss=0.0139509495348 object_loss=0.00164858379867 distance_loss=0.0123023660854
Iteration 76 of 100: loss=0.0141756013036 object_loss=0.00189884356223 distance_loss=0.0122767575085
Iteration 77 of 100: loss=0.0133953196928 object_loss=0.00108588649891 distance_loss=0.012309432961
Iteration 78 of 100: loss=0.0133646372706 object_loss=0.00108944135718 distance_loss=0.0122751956806
Iteration 79 of 100: loss=0.0133163342252 object_loss=0.00123241916299 distance_loss=0.0120839150622
Iteration 80 of 100: loss=0.0129983089864 object_loss=0.0011735460721 distance_loss=0.01182476338
Iteration 81 of 100: loss=0.0134374750778 object_loss=0.00162872695364 distance_loss=0.011808748357
Iteration 82 of 100: loss=0.0135196205229 object_loss=0.0015300224768 distance_loss=0.0119895981625
Iteration 83 of 100: loss=0.012932099402 object_loss=0.00124979950488 distance_loss=0.0116822998971
Iteration 84 of 100: loss=0.0128792626783 object_loss=0.00124835036695 distance_loss=0.0116309123114
Iteration 85 of 100: loss=0.0129002835602 object_loss=0.00131162710022 distance_loss=0.0115886563435
Iteration 86 of 100: loss=0.0128210932016 object_loss=0.000904831278604 distance_loss=0.0119162620977
Iteration 87 of 100: loss=0.0128435641527 object_loss=0.000963426602539 distance_loss=0.0118801379576
Iteration 88 of 100: loss=0.0127582633868 object_loss=0.00147032469977 distance_loss=0.0112879388034
Iteration 89 of 100: loss=0.0128975696862 object_loss=0.00136825896334 distance_loss=0.0115293106064
Iteration 90 of 100: loss=0.013302853331 object_loss=0.00147367245518 distance_loss=0.011829180643
Iteration 91 of 100: loss=0.0133172506467 object_loss=0.0015812657075 distance_loss=0.0117359850556
Iteration 92 of 100: loss=0.0135648036376 object_loss=0.00211907364428 distance_loss=0.0114457299933
Iteration 93 of 100: loss=0.0130917299539 object_loss=0.0011624727631 distance_loss=0.0119292568415
Iteration 94 of 100: loss=0.0128408148885 object_loss=0.000971129571553 distance_loss=0.0118696857244
Iteration 95 of 100: loss=0.0128062376752 object_loss=0.00105310510844 distance_loss=0.0117531325668
Iteration 96 of 100: loss=0.0123379155993 object_loss=0.000955529161729 distance_loss=0.0113823860884
Iteration 97 of 100: loss=0.0123660918325 object_loss=0.00131179240998 distance_loss=0.0110542997718
Iteration 98 of 100: loss=0.0126663753763 object_loss=0.00131741899531 distance_loss=0.0113489562646
Iteration 99 of 100: loss=0.0137132657692 object_loss=0.00211937911808 distance_loss=0.0115938866511
Iteration 0 of 100: loss=0.0141521170735 object_loss=0.00275503052399 distance_loss=0.0113970870152
Iteration 1 of 100: loss=0.0134618300945 object_loss=0.00156845944002 distance_loss=0.0118933701888
Iteration 2 of 100: loss=0.0141975022852 object_loss=0.00188863254152 distance_loss=0.0123088695109
Iteration 3 of 100: loss=0.0174990110099 object_loss=0.00481452327222 distance_loss=0.012684488669
Iteration 4 of 100: loss=0.0157524310052 object_loss=0.00187829858623 distance_loss=0.0138741331175
Iteration 5 of 100: loss=0.0169202852994 object_loss=0.002432879759 distance_loss=0.0144874053076
Iteration 6 of 100: loss=0.0162063129246 object_loss=0.00148496765178 distance_loss=0.0147213451564
Iteration 7 of 100: loss=0.0161343868822 object_loss=0.00134734553285 distance_loss=0.0147870406508
Iteration 8 of 100: loss=0.0156851727515 object_loss=0.00106827798299 distance_loss=0.0146168945357
Iteration 9 of 100: loss=0.0158387050033 object_loss=0.00162946479395 distance_loss=0.014209240675
Iteration 10 of 100: loss=0.0159964058548 object_loss=0.00209620315582 distance_loss=0.013900202699
Iteration 11 of 100: loss=0.0162829291075 object_loss=0.0022008609958 distance_loss=0.0140820676461
Iteration 12 of 100: loss=0.0161474980414 object_loss=0.00239056441933 distance_loss=0.0137569345534
Iteration 13 of 100: loss=0.0156913809478 object_loss=0.00227806717157 distance_loss=0.0134133147076
Iteration 14 of 100: loss=0.015532610938 object_loss=0.00221708929166 distance_loss=0.0133155211806
Iteration 15 of 100: loss=0.014692354016 object_loss=0.00145279441494 distance_loss=0.0132395597175
Iteration 16 of 100: loss=0.0145801007748 object_loss=0.0015942461323 distance_loss=0.0129858544096
Iteration 17 of 100: loss=0.0148723293096 object_loss=0.00166615913622 distance_loss=0.0132061699405
Iteration 18 of 100: loss=0.0161943025887 object_loss=0.00295997573994 distance_loss=0.0132343266159
Iteration 19 of 100: loss=0.0169130098075 object_loss=0.00280236289836 distance_loss=0.0141106471419
Iteration 20 of 100: loss=0.0158613603562 object_loss=0.00114604388364 distance_loss=0.0147153157741
Iteration 21 of 100: loss=0.0158379431814 object_loss=0.00135064136703 distance_loss=0.0144873019308
Iteration 22 of 100: loss=0.0162285361439 object_loss=0.00150729354937 distance_loss=0.0147212417796
Iteration 23 of 100: loss=0.0164234675467 object_loss=0.00171314983163 distance_loss=0.0147103173658
Iteration 24 of 100: loss=0.0169888418168 object_loss=0.00267076352611 distance_loss=0.0143180787563
Iteration 25 of 100: loss=0.0168434381485 object_loss=0.00250575458631 distance_loss=0.0143376840279
Iteration 26 of 100: loss=0.0172974951565 object_loss=0.00253237178549 distance_loss=0.0147651229054
Iteration 27 of 100: loss=0.0169032048434 object_loss=0.00208576256409 distance_loss=0.014817442745
Iteration 28 of 100: loss=0.0172550939023 object_loss=0.0021073766984 distance_loss=0.0151477167383
Iteration 29 of 100: loss=0.017324205488 object_loss=0.00196223682724 distance_loss=0.0153619693592
Iteration 30 of 100: loss=0.0178241282701 object_loss=0.00220511900261 distance_loss=0.0156190097332
Iteration 31 of 100: loss=0.0174467526376 object_loss=0.00181170273572 distance_loss=0.0156350489706
Iteration 32 of 100: loss=0.0173129010946 object_loss=0.00209223804995 distance_loss=0.0152206625789
Iteration 33 of 100: loss=0.016708638519 object_loss=0.00162869493943 distance_loss=0.0150799434632
Iteration 34 of 100: loss=0.0172876249999 object_loss=0.00221081101336 distance_loss=0.015076813288
Iteration 35 of 100: loss=0.0175759978592 object_loss=0.00200940389186 distance_loss=0.0155665948987
Iteration 36 of 100: loss=0.0166916977614 object_loss=0.00160310172942 distance_loss=0.0150885954499
Iteration 37 of 100: loss=0.0167924836278 object_loss=0.00204998045228 distance_loss=0.0147425029427
Iteration 38 of 100: loss=0.016900524497 object_loss=0.00207210611552 distance_loss=0.0148284183815
Iteration 39 of 100: loss=0.0179607924074 object_loss=0.00324877281673 distance_loss=0.0147120198235
Iteration 40 of 100: loss=0.0159660410136 object_loss=0.00131119287107 distance_loss=0.0146548487246
Iteration 41 of 100: loss=0.0155576122925 object_loss=0.00104980135802 distance_loss=0.0145078105852
Iteration 42 of 100: loss=0.0151656530797 object_loss=0.00114829558879 distance_loss=0.014017357491
Iteration 43 of 100: loss=0.0155721250921 object_loss=0.00186004536226 distance_loss=0.0137120801955
Iteration 44 of 100: loss=0.0161256194115 object_loss=0.00258973240852 distance_loss=0.0135358879343
Iteration 45 of 100: loss=0.0172651391476 object_loss=0.00382097065449 distance_loss=0.0134441684932
Iteration 46 of 100: loss=0.015794808045 object_loss=0.00168417778332 distance_loss=0.0141106294468
Iteration 47 of 100: loss=0.0170071367174 object_loss=0.00203478708863 distance_loss=0.0149723496288
Iteration 48 of 100: loss=0.0166060887277 object_loss=0.00166786054615 distance_loss=0.0149382278323
Iteration 49 of 100: loss=0.0171746443957 object_loss=0.00225136382505 distance_loss=0.014923280105
Iteration 50 of 100: loss=0.0167434811592 object_loss=0.00169269228354 distance_loss=0.01505078841
Iteration 51 of 100: loss=0.0161782540381 object_loss=0.00126001576427 distance_loss=0.0149182379246
Iteration 52 of 100: loss=0.0157312192023 object_loss=0.00132886657957 distance_loss=0.0144023522735
Iteration 53 of 100: loss=0.0158593524247 object_loss=0.00144315359648 distance_loss=0.0144161991775
Iteration 54 of 100: loss=0.016233433038 object_loss=0.00160523119848 distance_loss=0.0146282017231
Iteration 55 of 100: loss=0.0167498625815 object_loss=0.00223253224976 distance_loss=0.0145173305646
Iteration 56 of 100: loss=0.0158256869763 object_loss=0.00192374142352 distance_loss=0.0139019452035
Iteration 57 of 100: loss=0.0161163825542 object_loss=0.00242971791886 distance_loss=0.0136866644025
Iteration 58 of 100: loss=0.0171989798546 object_loss=0.00319735496305 distance_loss=0.01400162559
Iteration 59 of 100: loss=0.0169889293611 object_loss=0.00258031347767 distance_loss=0.0144086154178
Iteration 60 of 100: loss=0.0174835808575 object_loss=0.00303769856691 distance_loss=0.0144458813593
Iteration 61 of 100: loss=0.016037164256 object_loss=0.00167551275808 distance_loss=0.014361650683
Iteration 62 of 100: loss=0.016244597733 object_loss=0.00144338293467 distance_loss=0.0148012153804
Iteration 63 of 100: loss=0.0161645766348 object_loss=0.00136819435284 distance_loss=0.0147963827476
Iteration 64 of 100: loss=0.0157441813499 object_loss=0.0011299313046 distance_loss=0.0146142505109
Iteration 65 of 100: loss=0.0160487517715 object_loss=0.00167099700775 distance_loss=0.0143777551129
Iteration 66 of 100: loss=0.0172091778368 object_loss=0.00319328671321 distance_loss=0.0140158906579
Iteration 67 of 100: loss=0.0167610310018 object_loss=0.00278719537891 distance_loss=0.0139738349244
Iteration 68 of 100: loss=0.0162043329328 object_loss=0.00216434150934 distance_loss=0.0140399914235
Iteration 69 of 100: loss=0.016878079623 object_loss=0.00269409967586 distance_loss=0.0141839804128
Iteration 70 of 100: loss=0.0164073202759 object_loss=0.00218178192154 distance_loss=0.0142255378887
Iteration 71 of 100: loss=0.01752076298 object_loss=0.0034582472872 distance_loss=0.01406251546
Iteration 72 of 100: loss=0.0166190173477 object_loss=0.00303114275448 distance_loss=0.0135878752917
Iteration 73 of 100: loss=0.0164100062102 object_loss=0.00251774513163 distance_loss=0.0138922603801
Iteration 74 of 100: loss=0.0165773648769 object_loss=0.00232808524743 distance_loss=0.0142492791638
Iteration 75 of 100: loss=0.0161279439926 object_loss=0.00177837896626 distance_loss=0.0143495658413
Iteration 76 of 100: loss=0.0159361213446 object_loss=0.00151111430023 distance_loss=0.0144250076264
Iteration 77 of 100: loss=0.0159959346056 object_loss=0.00125773076434 distance_loss=0.0147382039577
Iteration 78 of 100: loss=0.0164273362607 object_loss=0.00157982495148 distance_loss=0.0148475114256
Iteration 79 of 100: loss=0.0174415241927 object_loss=0.00275953160599 distance_loss=0.014681992121
Iteration 80 of 100: loss=0.0179666094482 object_loss=0.00339583703317 distance_loss=0.0145707717165
Iteration 81 of 100: loss=0.0169102977961 object_loss=0.00277223461308 distance_loss=0.0141380624846
Iteration 82 of 100: loss=0.0164226852357 object_loss=0.00206639897078 distance_loss=0.0143562853336
Iteration 83 of 100: loss=0.0167463831604 object_loss=0.00217062607408 distance_loss=0.0145757580176
Iteration 84 of 100: loss=0.0168463252485 object_loss=0.00226005655713 distance_loss=0.0145862679929
Iteration 85 of 100: loss=0.0172915644944 object_loss=0.00261980644427 distance_loss=0.0146717578173
Iteration 86 of 100: loss=0.0178809836507 object_loss=0.00289170676842 distance_loss=0.0149892764166
Iteration 87 of 100: loss=0.0188802164048 object_loss=0.00346481637098 distance_loss=0.0154153993353
Iteration 88 of 100: loss=0.0175128597766 object_loss=0.00172457389999 distance_loss=0.0157882850617
Iteration 89 of 100: loss=0.0178042892367 object_loss=0.00184994458687 distance_loss=0.0159543454647
Iteration 90 of 100: loss=0.0181435607374 object_loss=0.00236698356457 distance_loss=0.0157765764743
Iteration 91 of 100: loss=0.0169942434877 object_loss=0.00134434283245 distance_loss=0.0156498998404
Iteration 92 of 100: loss=0.0167281106114 object_loss=0.00142852275167 distance_loss=0.0152995875105
Iteration 93 of 100: loss=0.0164436679333 object_loss=0.00130873254966 distance_loss=0.0151349361986
Iteration 94 of 100: loss=0.0168984159827 object_loss=0.00160613830667 distance_loss=0.015292278491
Iteration 95 of 100: loss=0.0168179702014 object_loss=0.00160477275494 distance_loss=0.0152131970972
Iteration 96 of 100: loss=0.0171671137214 object_loss=0.00222246651538 distance_loss=0.0149446474388
Iteration 97 of 100: loss=0.0168592967093 object_loss=0.00223367079161 distance_loss=0.0146256256849
Iteration 98 of 100: loss=0.01703732647 object_loss=0.00249193771742 distance_loss=0.0145453894511
Iteration 99 of 100: loss=0.017792114988 object_loss=0.00318380398676 distance_loss=0.0146083105356
Iteration 0 of 100: loss=0.0207268837839 object_loss=0.00622107507661 distance_loss=0.0145058082417
Iteration 1 of 100: loss=0.0184361934662 object_loss=0.00217453576624 distance_loss=0.0162616576999
Iteration 2 of 100: loss=0.0192309450358 object_loss=0.00133754301351 distance_loss=0.0178934019059
Iteration 3 of 100: loss=0.0212516486645 object_loss=0.00226333271712 distance_loss=0.0189883168787
Iteration 4 of 100: loss=0.0208931025118 object_loss=0.00129019969609 distance_loss=0.0196029022336
Iteration 5 of 100: loss=0.0213596187532 object_loss=0.00150599016342 distance_loss=0.0198536291718
Iteration 6 of 100: loss=0.0210576225072 object_loss=0.00122882262804 distance_loss=0.019828800112
Iteration 7 of 100: loss=0.0213104020804 object_loss=0.00133361271583 distance_loss=0.0199767891318
Iteration 8 of 100: loss=0.0212920736521 object_loss=0.00176443590317 distance_loss=0.0195276383311
Iteration 9 of 100: loss=0.0204004291445 object_loss=0.0012645223178 distance_loss=0.0191359072924
Iteration 10 of 100: loss=0.0220674201846 object_loss=0.0029208380729 distance_loss=0.0191465821117
Iteration 11 of 100: loss=0.0239143706858 object_loss=0.00408749748021 distance_loss=0.0198268741369
Iteration 12 of 100: loss=0.0216339789331 object_loss=0.00166038388852 distance_loss=0.0199735946953
Iteration 13 of 100: loss=0.0219662766904 object_loss=0.00186099321581 distance_loss=0.0201052837074
Iteration 14 of 100: loss=0.0227222777903 object_loss=0.00236611953005 distance_loss=0.0203561577946
Iteration 15 of 100: loss=0.0225452072918 object_loss=0.00219737458974 distance_loss=0.0203478317708
Iteration 16 of 100: loss=0.0267665758729 object_loss=0.00633919518441 distance_loss=0.0204273797572
Iteration 17 of 100: loss=0.0246303156018 object_loss=0.00342047796585 distance_loss=0.0212098378688
Iteration 18 of 100: loss=0.0244833342731 object_loss=0.00207444350235 distance_loss=0.0224088914692
Iteration 19 of 100: loss=0.0247915163636 object_loss=0.00132814550307 distance_loss=0.0234633702785
Iteration 20 of 100: loss=0.0260044876486 object_loss=0.0018227044493 distance_loss=0.0241817831993
Iteration 21 of 100: loss=0.0259888935834 object_loss=0.00155494117644 distance_loss=0.0244339518249
Iteration 22 of 100: loss=0.0258975755423 object_loss=0.00103721162304 distance_loss=0.0248603634536
Iteration 23 of 100: loss=0.0270951706916 object_loss=0.00209132838063 distance_loss=0.0250038430095
Iteration 24 of 100: loss=0.02781996876 object_loss=0.0031519040931 distance_loss=0.0246680639684
Iteration 25 of 100: loss=0.0269652400166 object_loss=0.002313478617 distance_loss=0.0246517620981
Iteration 26 of 100: loss=0.026318738237 object_loss=0.00157641409896 distance_loss=0.0247423239052
Iteration 27 of 100: loss=0.0263623464853 object_loss=0.00161431671586 distance_loss=0.0247480291873
Iteration 28 of 100: loss=0.0252581369132 object_loss=0.000992436311208 distance_loss=0.0242657009512
Iteration 29 of 100: loss=0.0245835017413 object_loss=0.00106449984014 distance_loss=0.0235190019011
Iteration 30 of 100: loss=0.0252329744399 object_loss=0.00188911065925 distance_loss=0.0233438629657
Iteration 31 of 100: loss=0.0249900985509 object_loss=0.0018580595497 distance_loss=0.023132039234
Iteration 32 of 100: loss=0.0241148080677 object_loss=0.00151436717715 distance_loss=0.0226004403085
Iteration 33 of 100: loss=0.0241377912462 object_loss=0.00154052663129 distance_loss=0.0225972644985
Iteration 34 of 100: loss=0.0237679556012 object_loss=0.00153827248141 distance_loss=0.0222296826541
Iteration 35 of 100: loss=0.0243327729404 object_loss=0.00259085046127 distance_loss=0.0217419229448
Iteration 36 of 100: loss=0.0258347913623 object_loss=0.00447112973779 distance_loss=0.0213636606932
Iteration 37 of 100: loss=0.0238108001649 object_loss=0.00275606825016 distance_loss=0.0210547316819
Iteration 38 of 100: loss=0.0229079388082 object_loss=0.00220302585512 distance_loss=0.0207049120218
Iteration 39 of 100: loss=0.0223365593702 object_loss=0.00185007543769 distance_loss=0.0204864833504
Iteration 40 of 100: loss=0.0226290598512 object_loss=0.00225305370986 distance_loss=0.0203760061413
Iteration 41 of 100: loss=0.0228044986725 object_loss=0.00288368761539 distance_loss=0.0199208110571
Iteration 42 of 100: loss=0.0220445394516 object_loss=0.00256530474871 distance_loss=0.0194792337716
Iteration 43 of 100: loss=0.0224544890225 object_loss=0.00346330623142 distance_loss=0.0189911834896
Iteration 44 of 100: loss=0.0256714448333 object_loss=0.00663270894438 distance_loss=0.0190387368202
Iteration 45 of 100: loss=0.0232478901744 object_loss=0.00230787368491 distance_loss=0.0209400169551
Iteration 46 of 100: loss=0.0231289826334 object_loss=0.000863627996296 distance_loss=0.0222653541714
Iteration 47 of 100: loss=0.0242119543254 object_loss=0.00134339090437 distance_loss=0.0228685643524
Iteration 48 of 100: loss=0.024393837899 object_loss=0.00112464593258 distance_loss=0.0232691913843
Iteration 49 of 100: loss=0.0250510908663 object_loss=0.00175594259053 distance_loss=0.0232951473445
Iteration 50 of 100: loss=0.0246539860964 object_loss=0.00111791223753 distance_loss=0.0235360730439
Iteration 51 of 100: loss=0.0243708547205 object_loss=0.000949005363509 distance_loss=0.0234218500555
Iteration 52 of 100: loss=0.0241525676101 object_loss=0.00109853700269 distance_loss=0.0230540297925
Iteration 53 of 100: loss=0.0237897653133 object_loss=0.00146074406803 distance_loss=0.0223290212452
Iteration 54 of 100: loss=0.0240111909807 object_loss=0.00208569248207 distance_loss=0.0219254978001
Iteration 55 of 100: loss=0.0236819926649 object_loss=0.00158852932509 distance_loss=0.0220934636891
Iteration 56 of 100: loss=0.0244749672711 object_loss=0.00265795062296 distance_loss=0.0218170173466
Iteration 57 of 100: loss=0.0235448274761 object_loss=0.00182135216892 distance_loss=0.0217234753072
Iteration 58 of 100: loss=0.0237370673567 object_loss=0.00231571379118 distance_loss=0.021421354264
Iteration 59 of 100: loss=0.0232348144054 object_loss=0.00235694297589 distance_loss=0.0208778716624
Iteration 60 of 100: loss=0.0221517570317 object_loss=0.00178937066812 distance_loss=0.02036238648
Iteration 61 of 100: loss=0.0216777212918 object_loss=0.00179225066677 distance_loss=0.0198854710907
Iteration 62 of 100: loss=0.0213534738868 object_loss=0.00205488060601 distance_loss=0.0192985925823
Iteration 63 of 100: loss=0.0210938490927 object_loss=0.00197405554354 distance_loss=0.0191197935492
Iteration 64 of 100: loss=0.0206422228366 object_loss=0.00177657953463 distance_loss=0.0188656430691
Iteration 65 of 100: loss=0.0202903822064 object_loss=0.00179590075277 distance_loss=0.0184944812208
Iteration 66 of 100: loss=0.0196525026113 object_loss=0.00103586656041 distance_loss=0.0186166353524
Iteration 67 of 100: loss=0.0202599912882 object_loss=0.00215237261727 distance_loss=0.0181076191366
Iteration 68 of 100: loss=0.019146554172 object_loss=0.00188192608766 distance_loss=0.0172646287829
Iteration 69 of 100: loss=0.0184291582555 object_loss=0.00155780068599 distance_loss=0.0168713573366
Iteration 70 of 100: loss=0.0193048547953 object_loss=0.00247287214734 distance_loss=0.0168319828808
Iteration 71 of 100: loss=0.0178787950426 object_loss=0.00134226446971 distance_loss=0.0165365301073
Iteration 72 of 100: loss=0.0185498520732 object_loss=0.00250504631549 distance_loss=0.016044806689
Iteration 73 of 100: loss=0.0180852394551 object_loss=0.00176715676207 distance_loss=0.0163180828094
Iteration 74 of 100: loss=0.0178354475647 object_loss=0.00140593620017 distance_loss=0.0164295118302
Iteration 75 of 100: loss=0.0192044805735 object_loss=0.00252764159814 distance_loss=0.0166768394411
Iteration 76 of 100: loss=0.0183592755347 object_loss=0.00157885299996 distance_loss=0.0167804230005
Iteration 77 of 100: loss=0.0187213271856 object_loss=0.00206995219924 distance_loss=0.0166513752192
Iteration 78 of 100: loss=0.0187143273652 object_loss=0.00145280081779 distance_loss=0.017261525616
Iteration 79 of 100: loss=0.0217605363578 object_loss=0.00430250866339 distance_loss=0.0174580272287
Iteration 80 of 100: loss=0.0202403925359 object_loss=0.00266560958698 distance_loss=0.0175747834146
Iteration 81 of 100: loss=0.0202797036618 object_loss=0.00198030122556 distance_loss=0.0182994026691
Iteration 82 of 100: loss=0.0206597764045 object_loss=0.0015230049612 distance_loss=0.0191367715597
Iteration 83 of 100: loss=0.0208587367088 object_loss=0.00146766600665 distance_loss=0.0193910710514
Iteration 84 of 100: loss=0.0210564974695 object_loss=0.00147387897596 distance_loss=0.0195826180279
Iteration 85 of 100: loss=0.0218012705445 object_loss=0.00240648072213 distance_loss=0.0193947888911
Iteration 86 of 100: loss=0.0209024548531 object_loss=0.00176776398439 distance_loss=0.0191346909851
Iteration 87 of 100: loss=0.0220776870847 object_loss=0.0027245010715 distance_loss=0.0193531867117
Iteration 88 of 100: loss=0.0213529057801 object_loss=0.00199295114726 distance_loss=0.0193599555641
Iteration 89 of 100: loss=0.020567515865 object_loss=0.00121536105871 distance_loss=0.0193521548063
Iteration 90 of 100: loss=0.0219617448747 object_loss=0.00292545976117 distance_loss=0.0190362855792
Iteration 91 of 100: loss=0.0220780801028 object_loss=0.00344918528572 distance_loss=0.0186288952827
Iteration 92 of 100: loss=0.0234085246921 object_loss=0.00473921466619 distance_loss=0.0186693109572
Iteration 93 of 100: loss=0.0217006038874 object_loss=0.00187325768638 distance_loss=0.0198273453861
Iteration 94 of 100: loss=0.0225146729499 object_loss=0.00193036685232 distance_loss=0.0205843057483
Iteration 95 of 100: loss=0.0225859694183 object_loss=0.00153473927639 distance_loss=0.0210512299091
Iteration 96 of 100: loss=0.0226629208773 object_loss=0.00167947099544 distance_loss=0.0209834501147
Iteration 97 of 100: loss=0.024455934763 object_loss=0.00394148007035 distance_loss=0.0205144546926
Iteration 98 of 100: loss=0.0234913788736 object_loss=0.00286502530798 distance_loss=0.0206263530999
Iteration 99 of 100: loss=0.0223145093769 object_loss=0.0014348103432 distance_loss=0.0208796989173
Iteration 0 of 100: loss=0.0236005224288 object_loss=0.00296353618614 distance_loss=0.0206369869411
Iteration 1 of 100: loss=0.0276046283543 object_loss=0.00738017586991 distance_loss=0.0202244520187
Iteration 2 of 100: loss=0.0283074751496 object_loss=0.00636454578489 distance_loss=0.0219429302961
Iteration 3 of 100: loss=0.0270111002028 object_loss=0.00234380317852 distance_loss=0.0246672965586
Iteration 4 of 100: loss=0.0293030198663 object_loss=0.00279756099917 distance_loss=0.0265054591
Iteration 5 of 100: loss=0.029198396951 object_loss=0.00123246398289 distance_loss=0.0279659330845
Iteration 6 of 100: loss=0.0315353572369 object_loss=0.00260446593165 distance_loss=0.0289308931679
Iteration 7 of 100: loss=0.0305562391877 object_loss=0.00167380343191 distance_loss=0.0288824364543
Iteration 8 of 100: loss=0.0302124992013 object_loss=0.00143599230796 distance_loss=0.028776505962
Iteration 9 of 100: loss=0.0302903298289 object_loss=0.0015566132497 distance_loss=0.0287337172776
Iteration 10 of 100: loss=0.0319298505783 object_loss=0.0034567466937 distance_loss=0.0284731034189
Iteration 11 of 100: loss=0.0322648137808 object_loss=0.0036194876302 distance_loss=0.0286453254521
Iteration 12 of 100: loss=0.0308721344918 object_loss=0.00228413008153 distance_loss=0.0285880044103
Iteration 13 of 100: loss=0.0300932209939 object_loss=0.00143168296199 distance_loss=0.0286615379155
Iteration 14 of 100: loss=0.0305653102696 object_loss=0.0020941416733 distance_loss=0.0284711681306
Iteration 15 of 100: loss=0.029993519187 object_loss=0.0018697893247 distance_loss=0.0281237307936
Iteration 16 of 100: loss=0.0296224951744 object_loss=0.00220155646093 distance_loss=0.027420938015
Iteration 17 of 100: loss=0.0312100127339 object_loss=0.00409541744739 distance_loss=0.0271145962179
Iteration 18 of 100: loss=0.0305802952498 object_loss=0.00316796102561 distance_loss=0.027412334457
Iteration 19 of 100: loss=0.0288470406085 object_loss=0.0013016781304 distance_loss=0.027545362711
Iteration 20 of 100: loss=0.0284358728677 object_loss=0.000749645056203 distance_loss=0.027686227113
Iteration 21 of 100: loss=0.028692997992 object_loss=0.000991516746581 distance_loss=0.0277014803141
Iteration 22 of 100: loss=0.028660306707 object_loss=0.00119057111442 distance_loss=0.0274697355926
Iteration 23 of 100: loss=0.0287111755461 object_loss=0.00166366028134 distance_loss=0.0270475149155
Iteration 24 of 100: loss=0.0285672079772 object_loss=0.00175320100971 distance_loss=0.026814006269
Iteration 25 of 100: loss=0.0291142743081 object_loss=0.00220271945 distance_loss=0.0269115548581
Iteration 26 of 100: loss=0.0283982921392 object_loss=0.00147176149767 distance_loss=0.0269265305251
Iteration 27 of 100: loss=0.0285698268563 object_loss=0.00134744949173 distance_loss=0.0272223781794
Iteration 28 of 100: loss=0.0281313378364 object_loss=0.00149228575174 distance_loss=0.0266390517354
Iteration 29 of 100: loss=0.0274603962898 object_loss=0.00145955162589 distance_loss=0.0260008443147
Iteration 30 of 100: loss=0.0276622939855 object_loss=0.00220605591312 distance_loss=0.025456238538
Iteration 31 of 100: loss=0.026663178578 object_loss=0.00177453015931 distance_loss=0.0248886477202
Iteration 32 of 100: loss=0.0274325087667 object_loss=0.00276814121753 distance_loss=0.0246643666178
Iteration 33 of 100: loss=0.027639053762 object_loss=0.0028992225416 distance_loss=0.024739831686
Iteration 34 of 100: loss=0.0261351745576 object_loss=0.00171463075094 distance_loss=0.0244205445051
Iteration 35 of 100: loss=0.0276193358004 object_loss=0.00308149377815 distance_loss=0.0245378427207
Iteration 36 of 100: loss=0.0283796917647 object_loss=0.00366183626465 distance_loss=0.0247178561985
Iteration 37 of 100: loss=0.0278003234416 object_loss=0.00267461058684 distance_loss=0.0251257121563
Iteration 38 of 100: loss=0.0276822447777 object_loss=0.00236885785125 distance_loss=0.0253133866936
Iteration 39 of 100: loss=0.0278537087142 object_loss=0.00244271103293 distance_loss=0.0254109986126
Iteration 40 of 100: loss=0.0272525567561 object_loss=0.00195220008027 distance_loss=0.0253003574908
Iteration 41 of 100: loss=0.0286323912442 object_loss=0.0032928569708 distance_loss=0.0253395345062
Iteration 42 of 100: loss=0.0274161901325 object_loss=0.00190227129497 distance_loss=0.0255139190704
Iteration 43 of 100: loss=0.0272839814425 object_loss=0.0020811194554 distance_loss=0.0252028610557
Iteration 44 of 100: loss=0.0263791400939 object_loss=0.00180067855399 distance_loss=0.0245784614235
Iteration 45 of 100: loss=0.0272856298834 object_loss=0.00323548051529 distance_loss=0.0240501500666
Iteration 46 of 100: loss=0.0260027498007 object_loss=0.00210599508137 distance_loss=0.023896753788
Iteration 47 of 100: loss=0.0260873232037 object_loss=0.00245486502536 distance_loss=0.0236324574798
Iteration 48 of 100: loss=0.0255226846784 object_loss=0.00232858629897 distance_loss=0.0231940988451
Iteration 49 of 100: loss=0.0264513678849 object_loss=0.00356683973223 distance_loss=0.0228845272213
Iteration 50 of 100: loss=0.0270699504763 object_loss=0.00398870743811 distance_loss=0.0230812430382
Iteration 51 of 100: loss=0.0283875577152 object_loss=0.00461187027395 distance_loss=0.0237756874412
Iteration 52 of 100: loss=0.0261753741652 object_loss=0.00200837873854 distance_loss=0.0241669956595
Iteration 53 of 100: loss=0.0259067863226 object_loss=0.0013813826954 distance_loss=0.0245254039764
Iteration 54 of 100: loss=0.0263219829649 object_loss=0.00165993114933 distance_loss=0.0246620513499
Iteration 55 of 100: loss=0.0264972876757 object_loss=0.0020333037246 distance_loss=0.0244639832526
Iteration 56 of 100: loss=0.0259611979127 object_loss=0.00178626668639 distance_loss=0.0241749305278
Iteration 57 of 100: loss=0.0264981482178 object_loss=0.00273888208903 distance_loss=0.0237592663616
Iteration 58 of 100: loss=0.0254811700433 object_loss=0.00183651724365 distance_loss=0.0236446522176
Iteration 59 of 100: loss=0.0256767850369 object_loss=0.00217929296196 distance_loss=0.023497492075
Iteration 60 of 100: loss=0.0256629120559 object_loss=0.00254360563122 distance_loss=0.0231193061918
Iteration 61 of 100: loss=0.0241557080299 object_loss=0.00168222025968 distance_loss=0.022473488003
Iteration 62 of 100: loss=0.0242481157184 object_loss=0.0021772517357 distance_loss=0.0220708642155
Iteration 63 of 100: loss=0.024445515126 object_loss=0.0025312951766 distance_loss=0.0219142194837
Iteration 64 of 100: loss=0.0237790886313 object_loss=0.00241230102256 distance_loss=0.0213667880744
Iteration 65 of 100: loss=0.0227562393993 object_loss=0.0017968743341 distance_loss=0.0209593642503
Iteration 66 of 100: loss=0.0227996557951 object_loss=0.00211189314723 distance_loss=0.0206877626479
Iteration 67 of 100: loss=0.0227375403047 object_loss=0.00239357841201 distance_loss=0.0203439611942
Iteration 68 of 100: loss=0.0224965326488 object_loss=0.00229906057939 distance_loss=0.0201974716038
Iteration 69 of 100: loss=0.0235241986811 object_loss=0.00374816264957 distance_loss=0.0197760369629
Iteration 70 of 100: loss=0.0244393460453 object_loss=0.0049982117489 distance_loss=0.0194411352277
Iteration 71 of 100: loss=0.0233673900366 object_loss=0.00331944529898 distance_loss=0.0200479440391
Iteration 72 of 100: loss=0.0241128243506 object_loss=0.00345631153323 distance_loss=0.0206565130502
Iteration 73 of 100: loss=0.0232624802738 object_loss=0.00181079097092 distance_loss=0.0214516893029
Iteration 74 of 100: loss=0.0245901253074 object_loss=0.00287065072916 distance_loss=0.0217194743454
Iteration 75 of 100: loss=0.0235004648566 object_loss=0.00198549916968 distance_loss=0.0215149652213
Iteration 76 of 100: loss=0.0230068881065 object_loss=0.00184985564556 distance_loss=0.0211570318788
Iteration 77 of 100: loss=0.0231738984585 object_loss=0.00219939462841 distance_loss=0.0209745038301
Iteration 78 of 100: loss=0.0233108699322 object_loss=0.00235567404889 distance_loss=0.0209551956505
Iteration 79 of 100: loss=0.0229284763336 object_loss=0.00243060011417 distance_loss=0.0204978771508
Iteration 80 of 100: loss=0.0227512940764 object_loss=0.0026311383117 distance_loss=0.0201201550663
Iteration 81 of 100: loss=0.0246079154313 object_loss=0.00439486093819 distance_loss=0.0202130544931
Iteration 82 of 100: loss=0.0235703084618 object_loss=0.00308966008015 distance_loss=0.0204806476831
Iteration 83 of 100: loss=0.0234052184969 object_loss=0.00250695715658 distance_loss=0.0208982620388
Iteration 84 of 100: loss=0.0230091139674 object_loss=0.00192044640426 distance_loss=0.0210886672139
Iteration 85 of 100: loss=0.023122401908 object_loss=0.00200127414428 distance_loss=0.0211211275309
Iteration 86 of 100: loss=0.0254569854587 object_loss=0.00438705272973 distance_loss=0.021069932729
Iteration 87 of 100: loss=0.0247198753059 object_loss=0.00347576150671 distance_loss=0.0212441142648
Iteration 88 of 100: loss=0.0236492231488 object_loss=0.00274826353416 distance_loss=0.020900959149
Iteration 89 of 100: loss=0.0228901579976 object_loss=0.00203821342438 distance_loss=0.0208519436419
Iteration 90 of 100: loss=0.0234955511987 object_loss=0.00258352607489 distance_loss=0.0209120251238
Iteration 91 of 100: loss=0.0222723968327 object_loss=0.00131341186352 distance_loss=0.0209589842707
Iteration 92 of 100: loss=0.0231215972453 object_loss=0.00285344268195 distance_loss=0.0202681552619
Iteration 93 of 100: loss=0.0220649223775 object_loss=0.00149133882951 distance_loss=0.0205735843629
Iteration 94 of 100: loss=0.023008055985 object_loss=0.00213040108792 distance_loss=0.0208776555955
Iteration 95 of 100: loss=0.0240342821926 object_loss=0.00288963713683 distance_loss=0.0211446452886
Iteration 96 of 100: loss=0.0253947302699 object_loss=0.00446078972891 distance_loss=0.0209339410067
Iteration 97 of 100: loss=0.0227368287742 object_loss=0.00182549469173 distance_loss=0.0209113340825
Iteration 98 of 100: loss=0.0228821672499 object_loss=0.00163552514277 distance_loss=0.0212466418743
Iteration 99 of 100: loss=0.023170216009 object_loss=0.00146148900967 distance_loss=0.0217087268829
Iteration 0 of 100: loss=0.0230359919369 object_loss=0.00162848376203 distance_loss=0.02140750736
Iteration 1 of 100: loss=0.0228111669421 object_loss=0.0018620317569 distance_loss=0.0209491346031
Iteration 2 of 100: loss=0.0235881954432 object_loss=0.00304642203264 distance_loss=0.020541774109
Iteration 3 of 100: loss=0.0227639898658 object_loss=0.00229750364088 distance_loss=0.0204664859921
Iteration 4 of 100: loss=0.02372385934 object_loss=0.00322591233999 distance_loss=0.0204979460686
Iteration 5 of 100: loss=0.0227744318545 object_loss=0.0020003982354 distance_loss=0.0207740329206
Iteration 6 of 100: loss=0.0236934255809 object_loss=0.00286339852028 distance_loss=0.0208300277591
Iteration 7 of 100: loss=0.0252446178347 object_loss=0.00446644471958 distance_loss=0.0207781735808
Iteration 8 of 100: loss=0.0228365007788 object_loss=0.00213131541386 distance_loss=0.0207051858306
Iteration 9 of 100: loss=0.0241417400539 object_loss=0.00315925781615 distance_loss=0.0209824815392
Iteration 10 of 100: loss=0.0233826711774 object_loss=0.00210152170621 distance_loss=0.0212811492383
Iteration 11 of 100: loss=0.0230809580535 object_loss=0.0020932671614 distance_loss=0.0209876913577
Iteration 12 of 100: loss=0.0217048823833 object_loss=0.00120287982281 distance_loss=0.0205020029098
Iteration 13 of 100: loss=0.0214330740273 object_loss=0.00146838766523 distance_loss=0.0199646856636
Iteration 14 of 100: loss=0.0213607214391 object_loss=0.00195445655845 distance_loss=0.0194062646478
Iteration 15 of 100: loss=0.0201190635562 object_loss=0.00132236466743 distance_loss=0.0187966991216
Iteration 16 of 100: loss=0.0199206080288 object_loss=0.00168395228684 distance_loss=0.0182366557419
Iteration 17 of 100: loss=0.0211685523391 object_loss=0.00358977727592 distance_loss=0.0175787750632
Iteration 18 of 100: loss=0.0216743536294 object_loss=0.00411283830181 distance_loss=0.0175615157932
Iteration 19 of 100: loss=0.0215914547443 object_loss=0.00347956037149 distance_loss=0.0181118939072
Iteration 20 of 100: loss=0.0207234267145 object_loss=0.00216893898323 distance_loss=0.018554488197
Iteration 21 of 100: loss=0.021812543273 object_loss=0.00329030700959 distance_loss=0.0185222364962
Iteration 22 of 100: loss=0.0214069951326 object_loss=0.00250615924597 distance_loss=0.0189008358866
Iteration 23 of 100: loss=0.02166945301 object_loss=0.00227458286099 distance_loss=0.0193948708475
Iteration 24 of 100: loss=0.0204426143318 object_loss=0.00141177675687 distance_loss=0.0190308373421
Iteration 25 of 100: loss=0.0197500344366 object_loss=0.00109284289647 distance_loss=0.0186571907252
Iteration 26 of 100: loss=0.019294038415 object_loss=0.00142447114922 distance_loss=0.0178695674986
Iteration 27 of 100: loss=0.019571563229 object_loss=0.00225685839541 distance_loss=0.0173147041351
Iteration 28 of 100: loss=0.0231083948165 object_loss=0.00580549798906 distance_loss=0.0173028968275
Iteration 29 of 100: loss=0.025953931734 object_loss=0.00758918421343 distance_loss=0.0183647479862
Iteration 30 of 100: loss=0.0286055095494 object_loss=0.0082656564191 distance_loss=0.020339852199
Iteration 31 of 100: loss=0.0251509957016 object_loss=0.00221498985775 distance_loss=0.0229360051453
Iteration 32 of 100: loss=0.025809507817 object_loss=0.00145098601934 distance_loss=0.0243585221469
Iteration 33 of 100: loss=0.0263822227716 object_loss=0.0012367409654 distance_loss=0.0251454822719
Iteration 34 of 100: loss=0.0261577460915 object_loss=0.00067521299934 distance_loss=0.0254825334996
Iteration 35 of 100: loss=0.0268445890397 object_loss=0.00118277186994 distance_loss=0.0256618168205
Iteration 36 of 100: loss=0.0274071339518 object_loss=0.0021259188652 distance_loss=0.0252812150866
Iteration 37 of 100: loss=0.0279958173633 object_loss=0.00323025765829 distance_loss=0.0247655604035
Iteration 38 of 100: loss=0.0272725392133 object_loss=0.00220252363943 distance_loss=0.025070015341
Iteration 39 of 100: loss=0.0267132669687 object_loss=0.00181582092773 distance_loss=0.0248974468559
Iteration 40 of 100: loss=0.027751557529 object_loss=0.00314949406311 distance_loss=0.0246020630002
Iteration 41 of 100: loss=0.0261151455343 object_loss=0.00194299861323 distance_loss=0.024172147736
Iteration 42 of 100: loss=0.0261211562902 object_loss=0.00220833579078 distance_loss=0.0239128209651
Iteration 43 of 100: loss=0.0256256815046 object_loss=0.001917950809 distance_loss=0.0237077306956
Iteration 44 of 100: loss=0.0256480555981 object_loss=0.00232750410214 distance_loss=0.0233205519617
Iteration 45 of 100: loss=0.025395764038 object_loss=0.00216728635132 distance_loss=0.0232284776866
Iteration 46 of 100: loss=0.0250691920519 object_loss=0.00173232052475 distance_loss=0.0233368724585
Iteration 47 of 100: loss=0.0242283269763 object_loss=0.00101252249442 distance_loss=0.023215804249
Iteration 48 of 100: loss=0.0250602178276 object_loss=0.00248820125125 distance_loss=0.0225720163435
Iteration 49 of 100: loss=0.0247452948242 object_loss=0.00222194218077 distance_loss=0.0225233528763
Iteration 50 of 100: loss=0.0252524260432 object_loss=0.00229865009896 distance_loss=0.0229537766427
Iteration 51 of 100: loss=0.0255657657981 object_loss=0.00244983006269 distance_loss=0.0231159348041
Iteration 52 of 100: loss=0.0254865866154 object_loss=0.00250123394653 distance_loss=0.0229853522032
Iteration 53 of 100: loss=0.0246592033654 object_loss=0.00144226802513 distance_loss=0.0232169348747
Iteration 54 of 100: loss=0.024533720687 object_loss=0.00136464496609 distance_loss=0.0231690760702
Iteration 55 of 100: loss=0.0244863871485 object_loss=0.00185930344742 distance_loss=0.0226270835847
Iteration 56 of 100: loss=0.0233370345086 object_loss=0.00139507779386 distance_loss=0.0219419561327
Iteration 57 of 100: loss=0.022239215672 object_loss=0.0013499124907 distance_loss=0.0208893027157
Iteration 58 of 100: loss=0.0222162567079 object_loss=0.00221294001676 distance_loss=0.020003316924
Iteration 59 of 100: loss=0.0230613611639 object_loss=0.00308911222965 distance_loss=0.0199722480029
Iteration 60 of 100: loss=0.022070389241 object_loss=0.00193091970868 distance_loss=0.0201394688338
Iteration 61 of 100: loss=0.0236247871071 object_loss=0.00330108846538 distance_loss=0.0203236993402
Iteration 62 of 100: loss=0.0229826960713 object_loss=0.00198678160086 distance_loss=0.0209959149361
Iteration 63 of 100: loss=0.022800590843 object_loss=0.00182438851334 distance_loss=0.0209762025625
Iteration 64 of 100: loss=0.022480648011 object_loss=0.00181825854816 distance_loss=0.0206623896956
Iteration 65 of 100: loss=0.0223506726325 object_loss=0.001448786119 distance_loss=0.0209018867463
Iteration 66 of 100: loss=0.0217448100448 object_loss=0.000868200615514 distance_loss=0.020876608789
Iteration 67 of 100: loss=0.0224933214486 object_loss=0.00222835619934 distance_loss=0.0202649645507
Iteration 68 of 100: loss=0.021904412657 object_loss=0.00193796551321 distance_loss=0.0199664477259
Iteration 69 of 100: loss=0.0223489981145 object_loss=0.00272151199169 distance_loss=0.0196274854243
Iteration 70 of 100: loss=0.0216174609959 object_loss=0.00197647232562 distance_loss=0.0196409896016
Iteration 71 of 100: loss=0.0215030852705 object_loss=0.00178256770596 distance_loss=0.0197205170989
Iteration 72 of 100: loss=0.0205535832793 object_loss=0.00130814523436 distance_loss=0.0192454382777
Iteration 73 of 100: loss=0.021028406918 object_loss=0.00204769987613 distance_loss=0.0189807079732
Iteration 74 of 100: loss=0.0219718776643 object_loss=0.00286217872053 distance_loss=0.0191096998751
Iteration 75 of 100: loss=0.0213313642889 object_loss=0.00201476737857 distance_loss=0.0193165969104
Iteration 76 of 100: loss=0.0212336368859 object_loss=0.00171588966623 distance_loss=0.0195177476853
Iteration 77 of 100: loss=0.0218598153442 object_loss=0.00238098809496 distance_loss=0.0194788277149
Iteration 78 of 100: loss=0.0211841575801 object_loss=0.00183255132288 distance_loss=0.0193516071886
Iteration 79 of 100: loss=0.0225419066846 object_loss=0.00316902296618 distance_loss=0.0193728841841
Iteration 80 of 100: loss=0.0272025391459 object_loss=0.00817862246186 distance_loss=0.0190239157528
Iteration 81 of 100: loss=0.0216653961688 object_loss=0.00197830493562 distance_loss=0.0196870919317
Iteration 82 of 100: loss=0.0264140013605 object_loss=0.00550420815125 distance_loss=0.0209097936749
Iteration 83 of 100: loss=0.0266046803445 object_loss=0.00389436190017 distance_loss=0.0227103177458
Iteration 84 of 100: loss=0.0286583583802 object_loss=0.00463087111712 distance_loss=0.0240274872631
Iteration 85 of 100: loss=0.0303876660764 object_loss=0.00474097020924 distance_loss=0.0256466958672
Iteration 86 of 100: loss=0.0331762470305 object_loss=0.00562350964174 distance_loss=0.0275527387857
Iteration 87 of 100: loss=0.0320750363171 object_loss=0.00270972051658 distance_loss=0.0293653141707
Iteration 88 of 100: loss=0.0324988737702 object_loss=0.00146625482012 distance_loss=0.0310326181352
Iteration 89 of 100: loss=0.0334385968745 object_loss=0.00129567913245 distance_loss=0.0321429185569
Iteration 90 of 100: loss=0.0336489975452 object_loss=0.000742608914152 distance_loss=0.0329063870013
Iteration 91 of 100: loss=0.0343741104007 object_loss=0.000890989671461 distance_loss=0.0334831215441
Iteration 92 of 100: loss=0.0348273329437 object_loss=0.0018919572467 distance_loss=0.0329353772104
Iteration 93 of 100: loss=0.0364428386092 object_loss=0.0043139886111 distance_loss=0.0321288481355
Iteration 94 of 100: loss=0.0330618023872 object_loss=0.00117432163097 distance_loss=0.0318874791265
Iteration 95 of 100: loss=0.0331801101565 object_loss=0.001435412094 distance_loss=0.0317446999252
Iteration 96 of 100: loss=0.0327145345509 object_loss=0.0013923260849 distance_loss=0.0313222073019
Iteration 97 of 100: loss=0.0326204225421 object_loss=0.00187731243204 distance_loss=0.030743110925
Iteration 98 of 100: loss=0.0321869552135 object_loss=0.00183812889736 distance_loss=0.0303488280624
Iteration 99 of 100: loss=0.031337685883 object_loss=0.00147177220788 distance_loss=0.0298659130931
Iteration 0 of 100: loss=0.0314465276897 object_loss=0.00205089617521 distance_loss=0.0293956305832
Iteration 1 of 100: loss=0.0319210626185 object_loss=0.00310754659586 distance_loss=0.0288135148585
Iteration 2 of 100: loss=0.0350120849907 object_loss=0.00647102063522 distance_loss=0.0285410657525
Iteration 3 of 100: loss=0.0368068553507 object_loss=0.00778546463698 distance_loss=0.0290213916451
Iteration 4 of 100: loss=0.046075746417 object_loss=0.0158143639565 distance_loss=0.0302613843232
Iteration 5 of 100: loss=0.0377294942737 object_loss=0.00471318420023 distance_loss=0.0330163091421
Iteration 6 of 100: loss=0.0403636060655 object_loss=0.00369710777886 distance_loss=0.0366664975882
Iteration 7 of 100: loss=0.0407098419964 object_loss=0.00111390696838 distance_loss=0.0395959354937
Iteration 8 of 100: loss=0.0426742397249 object_loss=0.00112027372234 distance_loss=0.041553966701
Iteration 9 of 100: loss=0.0440468192101 object_loss=0.00122219393961 distance_loss=0.0428246259689
Iteration 10 of 100: loss=0.0448769442737 object_loss=0.000799184956122 distance_loss=0.044077757746
Iteration 11 of 100: loss=0.0459103547037 object_loss=0.00133675313555 distance_loss=0.0445736013353
Iteration 12 of 100: loss=0.0457939021289 object_loss=0.00143733050209 distance_loss=0.0443565733731
Iteration 13 of 100: loss=0.0448969677091 object_loss=0.000795478292275 distance_loss=0.0441014878452
Iteration 14 of 100: loss=0.0450776405632 object_loss=0.00147452915553 distance_loss=0.0436031110585
Iteration 15 of 100: loss=0.0440995544195 object_loss=0.00134344561957 distance_loss=0.0427561104298
Iteration 16 of 100: loss=0.0436778962612 object_loss=0.00211571273394 distance_loss=0.0415621846914
Iteration 17 of 100: loss=0.0430705472827 object_loss=0.00302025862038 distance_loss=0.040050290525
Iteration 18 of 100: loss=0.0420050881803 object_loss=0.0030160669703 distance_loss=0.0389890223742
Iteration 19 of 100: loss=0.040006481111 object_loss=0.00139244575985 distance_loss=0.0386140346527
Iteration 20 of 100: loss=0.0403950065374 object_loss=0.00248917541467 distance_loss=0.0379058308899
Iteration 21 of 100: loss=0.0396886914968 object_loss=0.00250784866512 distance_loss=0.0371808409691
Iteration 22 of 100: loss=0.0384638346732 object_loss=0.00145891192369 distance_loss=0.0370049215853
Iteration 23 of 100: loss=0.0382316336036 object_loss=0.00165389943868 distance_loss=0.0365777350962
Iteration 24 of 100: loss=0.0371196977794 object_loss=0.0012148746755 distance_loss=0.0359048247337
Iteration 25 of 100: loss=0.0358991213143 object_loss=0.00082696339814 distance_loss=0.0350721590221
Iteration 26 of 100: loss=0.0355200096965 object_loss=0.00146547646727 distance_loss=0.0340545326471
Iteration 27 of 100: loss=0.0337803810835 object_loss=0.00088299671188 distance_loss=0.0328973829746
Iteration 28 of 100: loss=0.0326461493969 object_loss=0.000996934249997 distance_loss=0.0316492132843
Iteration 29 of 100: loss=0.0331217423081 object_loss=0.00245298212394 distance_loss=0.0306687615812
Iteration 30 of 100: loss=0.0326597988605 object_loss=0.00241517950781 distance_loss=0.0302446186543
Iteration 31 of 100: loss=0.0319964028895 object_loss=0.00197902950458 distance_loss=0.0300173740834
Iteration 32 of 100: loss=0.0303947329521 object_loss=0.00134937930852 distance_loss=0.0290453545749
Iteration 33 of 100: loss=0.0291633289307 object_loss=0.000989826745354 distance_loss=0.0281735025346
Iteration 34 of 100: loss=0.0285198520869 object_loss=0.00133654475212 distance_loss=0.0271833073348
Iteration 35 of 100: loss=0.0278160683811 object_loss=0.00126082811039 distance_loss=0.0265552401543
Iteration 36 of 100: loss=0.0271924585104 object_loss=0.00178199913353 distance_loss=0.0254104584455
Iteration 37 of 100: loss=0.0259772054851 object_loss=0.00124814966694 distance_loss=0.0247290562838
Iteration 38 of 100: loss=0.025966765359 object_loss=0.00193264451809 distance_loss=0.0240341201425
Iteration 39 of 100: loss=0.0254580937326 object_loss=0.00191612076014 distance_loss=0.0235419739038
Iteration 40 of 100: loss=0.0265558157116 object_loss=0.00342713738792 distance_loss=0.0231286790222
Iteration 41 of 100: loss=0.0257883742452 object_loss=0.00296327192336 distance_loss=0.0228251032531
Iteration 42 of 100: loss=0.0246716234833 object_loss=0.00179019267671 distance_loss=0.0228814315051
Iteration 43 of 100: loss=0.0257540419698 object_loss=0.00295819272287 distance_loss=0.0227958485484
Iteration 44 of 100: loss=0.0250623617321 object_loss=0.00254741008393 distance_loss=0.0225149523467
Iteration 45 of 100: loss=0.0247467178851 object_loss=0.00248249922879 distance_loss=0.0222642179579
Iteration 46 of 100: loss=0.0242737010121 object_loss=0.00191094633192 distance_loss=0.0223627556115
Iteration 47 of 100: loss=0.0251032989472 object_loss=0.00325560919009 distance_loss=0.0218476895243
Iteration 48 of 100: loss=0.0233591925353 object_loss=0.00192242302001 distance_loss=0.0214367695153
Iteration 49 of 100: loss=0.0238218456507 object_loss=0.00250791548751 distance_loss=0.0213139299303
Iteration 50 of 100: loss=0.0238455366343 object_loss=0.00257883919403 distance_loss=0.0212666969746
Iteration 51 of 100: loss=0.0246662311256 object_loss=0.0028722025454 distance_loss=0.0217940285802
Iteration 52 of 100: loss=0.0260198283941 object_loss=0.00416086846963 distance_loss=0.0218589603901
Iteration 53 of 100: loss=0.0248887389898 object_loss=0.00271030887961 distance_loss=0.0221784301102
Iteration 54 of 100: loss=0.0244957078248 object_loss=0.00237314403057 distance_loss=0.0221225637943
Iteration 55 of 100: loss=0.0273468531668 object_loss=0.00512975547463 distance_loss=0.0222170986235
Iteration 56 of 100: loss=0.0239796414971 object_loss=0.000967772910371 distance_loss=0.0230118688196
Iteration 57 of 100: loss=0.0249118264765 object_loss=0.00128279440105 distance_loss=0.0236290320754
Iteration 58 of 100: loss=0.0256652124226 object_loss=0.00163167249411 distance_loss=0.0240335408598
Iteration 59 of 100: loss=0.0270783957094 object_loss=0.00283160270192 distance_loss=0.0242467932403
Iteration 60 of 100: loss=0.0286599323153 object_loss=0.00455488404259 distance_loss=0.0241050478071
Iteration 61 of 100: loss=0.0264118909836 object_loss=0.00207319296896 distance_loss=0.0243386980146
Iteration 62 of 100: loss=0.0277219582349 object_loss=0.00333443796262 distance_loss=0.0243875198066
Iteration 63 of 100: loss=0.0276869572699 object_loss=0.00301992194727 distance_loss=0.0246670357883
Iteration 64 of 100: loss=0.0301172267646 object_loss=0.00548020983115 distance_loss=0.0246370173991
Iteration 65 of 100: loss=0.0320442467928 object_loss=0.00669719139114 distance_loss=0.0253470558673
Iteration 66 of 100: loss=0.0277978945524 object_loss=0.00119725253899 distance_loss=0.0266006421298
Iteration 67 of 100: loss=0.0308554694057 object_loss=0.00317567726597 distance_loss=0.027679791674
Iteration 68 of 100: loss=0.0300033167005 object_loss=0.00189793657046 distance_loss=0.0281053800136
Iteration 69 of 100: loss=0.0330414250493 object_loss=0.00427496060729 distance_loss=0.0287664663047
Iteration 70 of 100: loss=0.0325604192913 object_loss=0.0021594632417 distance_loss=0.0304009560496
Iteration 71 of 100: loss=0.0350908227265 object_loss=0.00356291234493 distance_loss=0.0315279103816
Iteration 72 of 100: loss=0.0341342315078 object_loss=0.00168570003007 distance_loss=0.0324485301971
Iteration 73 of 100: loss=0.041368752718 object_loss=0.00800061784685 distance_loss=0.0333681330085
Iteration 74 of 100: loss=0.0366508886218 object_loss=0.0014524848666 distance_loss=0.035198405385
Iteration 75 of 100: loss=0.0372036918998 object_loss=0.000725674675778 distance_loss=0.0364780165255
Iteration 76 of 100: loss=0.0380877368152 object_loss=0.000993707799353 distance_loss=0.0370940305293
Iteration 77 of 100: loss=0.0383628904819 object_loss=0.000974384485744 distance_loss=0.0373885072768
Iteration 78 of 100: loss=0.0380323007703 object_loss=0.000802416238002 distance_loss=0.0372298844159
Iteration 79 of 100: loss=0.0371853671968 object_loss=0.000763782940339 distance_loss=0.0364215858281
Iteration 80 of 100: loss=0.0363608635962 object_loss=0.00099274830427 distance_loss=0.0353681147099
Iteration 81 of 100: loss=0.0362172201276 object_loss=0.00213119853288 distance_loss=0.034086022526
Iteration 82 of 100: loss=0.035112965852 object_loss=0.00163400254678 distance_loss=0.0334789641201
Iteration 83 of 100: loss=0.0384653955698 object_loss=0.00509523414075 distance_loss=0.0333701595664
Iteration 84 of 100: loss=0.0353280082345 object_loss=0.0016908783 distance_loss=0.0336371287704
Iteration 85 of 100: loss=0.0351241007447 object_loss=0.00126122159418 distance_loss=0.0338628776371
Iteration 86 of 100: loss=0.0356603004038 object_loss=0.00172398879658 distance_loss=0.0339363105595
Iteration 87 of 100: loss=0.0353744477034 object_loss=0.00138333928771 distance_loss=0.0339911095798
Iteration 88 of 100: loss=0.0366177670658 object_loss=0.00283102644607 distance_loss=0.033786740154
Iteration 89 of 100: loss=0.0376840345562 object_loss=0.00375681323931 distance_loss=0.0339272208512
Iteration 90 of 100: loss=0.0370971560478 object_loss=0.00283364299685 distance_loss=0.0342635139823
Iteration 91 of 100: loss=0.0443503670394 object_loss=0.0103463316336 distance_loss=0.0340040363371
Iteration 92 of 100: loss=0.0379688218236 object_loss=0.00134289776906 distance_loss=0.0366259254515
Iteration 93 of 100: loss=0.0406365990639 object_loss=0.00180136424024 distance_loss=0.0388352349401
Iteration 94 of 100: loss=0.0424405373633 object_loss=0.00197640294209 distance_loss=0.0404641330242
Iteration 95 of 100: loss=0.0453385040164 object_loss=0.00407772837207 distance_loss=0.0412607751787
Iteration 96 of 100: loss=0.045206181705 object_loss=0.00337130017579 distance_loss=0.0418348796666
Iteration 97 of 100: loss=0.0452056154609 object_loss=0.00240786699578 distance_loss=0.0427977479994
Iteration 98 of 100: loss=0.0454052127898 object_loss=0.00206175865605 distance_loss=0.0433434545994
Iteration 99 of 100: loss=0.0460880547762 object_loss=0.00238930433989 distance_loss=0.0436987504363
Iteration 0 of 100: loss=0.0506090112031 object_loss=0.00675575481728 distance_loss=0.0438532568514
Iteration 1 of 100: loss=0.0457824058831 object_loss=0.00160465738736 distance_loss=0.0441777482629
Iteration 2 of 100: loss=0.0454896911979 object_loss=0.00139245460741 distance_loss=0.044097237289
Iteration 3 of 100: loss=0.046337749809 object_loss=0.00220932415687 distance_loss=0.0441284254193
Iteration 4 of 100: loss=0.0450569055974 object_loss=0.00145534449257 distance_loss=0.0436015613377
Iteration 5 of 100: loss=0.049925416708 object_loss=0.00735729746521 distance_loss=0.0425681173801
Iteration 6 of 100: loss=0.0462155118585 object_loss=0.00301485857926 distance_loss=0.0432006530464
Iteration 7 of 100: loss=0.052607987076 object_loss=0.00805612746626 distance_loss=0.0445518605411
Iteration 8 of 100: loss=0.0507488362491 object_loss=0.00401006778702 distance_loss=0.0467387698591
Iteration 9 of 100: loss=0.0507794953883 object_loss=0.00167800812051 distance_loss=0.0491014868021
Iteration 10 of 100: loss=0.0519219078124 object_loss=0.00131164537743 distance_loss=0.0506102629006
Iteration 11 of 100: loss=0.0526211000979 object_loss=0.00107391504571 distance_loss=0.0515471845865
Iteration 12 of 100: loss=0.0526088736951 object_loss=0.000622733961791 distance_loss=0.0519861392677
Iteration 13 of 100: loss=0.0528388917446 object_loss=0.00110181455966 distance_loss=0.0517370775342
Iteration 14 of 100: loss=0.0525698103011 object_loss=0.00160247413442 distance_loss=0.050967335701
Iteration 15 of 100: loss=0.0526698641479 object_loss=0.00251207011752 distance_loss=0.0501577928662
Iteration 16 of 100: loss=0.0511428415775 object_loss=0.00199714768678 distance_loss=0.0491456948221
Iteration 17 of 100: loss=0.0505710840225 object_loss=0.00231857411563 distance_loss=0.0482525117695
Iteration 18 of 100: loss=0.048601899296 object_loss=0.00128729897551 distance_loss=0.0473145991564
Iteration 19 of 100: loss=0.0491545982659 object_loss=0.00315205403604 distance_loss=0.0460025444627
Iteration 20 of 100: loss=0.0481668263674 object_loss=0.00263645825908 distance_loss=0.0455303676426
Iteration 21 of 100: loss=0.0479465350509 object_loss=0.00284900167026 distance_loss=0.0450975336134
Iteration 22 of 100: loss=0.0463732294738 object_loss=0.00215753680095 distance_loss=0.0442156940699
Iteration 23 of 100: loss=0.0460933409631 object_loss=0.00252693612128 distance_loss=0.0435664057732
Iteration 24 of 100: loss=0.0445883199573 object_loss=0.00186565821059 distance_loss=0.0427226610482
Iteration 25 of 100: loss=0.0429688952863 object_loss=0.00125641899649 distance_loss=0.0417124778032
Iteration 26 of 100: loss=0.0421004071832 object_loss=0.00118980440311 distance_loss=0.0409106016159
Iteration 27 of 100: loss=0.0440303683281 object_loss=0.003591689514 distance_loss=0.0404386781156
Iteration 28 of 100: loss=0.04322527349 object_loss=0.00329391122796 distance_loss=0.0399313606322
Iteration 29 of 100: loss=0.0428523533046 object_loss=0.00328600034118 distance_loss=0.0395663529634
Iteration 30 of 100: loss=0.0419695861638 object_loss=0.00249809911475 distance_loss=0.039471488446
Iteration 31 of 100: loss=0.0422043837607 object_loss=0.00370981078595 distance_loss=0.0384945720434
Iteration 32 of 100: loss=0.0393453352153 object_loss=0.00165098358411 distance_loss=0.037694349885
Iteration 33 of 100: loss=0.0429537072778 object_loss=0.0057848286815 distance_loss=0.0371688790619
Iteration 34 of 100: loss=0.0433497317135 object_loss=0.00598908448592 distance_loss=0.0373606458306
Iteration 35 of 100: loss=0.050969209522 object_loss=0.0125986030325 distance_loss=0.0383706055582
Iteration 36 of 100: loss=0.0494807213545 object_loss=0.00763165997341 distance_loss=0.0418490618467
Iteration 37 of 100: loss=0.0493140183389 object_loss=0.00445346301422 distance_loss=0.0448605567217
Iteration 38 of 100: loss=0.0524547882378 object_loss=0.00539593398571 distance_loss=0.0470588542521
Iteration 39 of 100: loss=0.0504892729223 object_loss=0.00111854297575 distance_loss=0.0493707284331
Iteration 40 of 100: loss=0.0521919727325 object_loss=0.00101456884295 distance_loss=0.0511774048209
Iteration 41 of 100: loss=0.0533232390881 object_loss=0.00101863627788 distance_loss=0.0523046031594
Iteration 42 of 100: loss=0.0564404390752 object_loss=0.0032870923169 distance_loss=0.053153347224
Iteration 43 of 100: loss=0.0549910776317 object_loss=0.00127359014004 distance_loss=0.0537174865603
Iteration 44 of 100: loss=0.0574820823967 object_loss=0.00383669091389 distance_loss=0.0536453910172
Iteration 45 of 100: loss=0.0601670965552 object_loss=0.00658896006644 distance_loss=0.0535781383514
Iteration 46 of 100: loss=0.0596273541451 object_loss=0.0052364198491 distance_loss=0.0543909333646
Iteration 47 of 100: loss=0.0572919659317 object_loss=0.00223680539057 distance_loss=0.0550551600754
Iteration 48 of 100: loss=0.0592065043747 object_loss=0.00407539727166 distance_loss=0.0551311075687
Iteration 49 of 100: loss=0.0575463883579 object_loss=0.00241798069328 distance_loss=0.0551284067333
Iteration 50 of 100: loss=0.0569702200592 object_loss=0.00191872555297 distance_loss=0.0550514943898
Iteration 51 of 100: loss=0.056337390095 object_loss=0.00165658816695 distance_loss=0.054680801928
Iteration 52 of 100: loss=0.0570431351662 object_loss=0.00288839498535 distance_loss=0.0541547387838
Iteration 53 of 100: loss=0.0600816868246 object_loss=0.00600727414712 distance_loss=0.0540744140744
Iteration 54 of 100: loss=0.0561766251922 object_loss=0.0022804767359 distance_loss=0.0538961477578
Iteration 55 of 100: loss=0.0562726445496 object_loss=0.00273412722163 distance_loss=0.0535385161638
Iteration 56 of 100: loss=0.0545991882682 object_loss=0.00161939905956 distance_loss=0.0529797896743
Iteration 57 of 100: loss=0.0562830194831 object_loss=0.00385608174838 distance_loss=0.0524269379675
Iteration 58 of 100: loss=0.0549702644348 object_loss=0.00261254631914 distance_loss=0.0523577183485
Iteration 59 of 100: loss=0.0536112189293 object_loss=0.000980929471552 distance_loss=0.0526302903891
Iteration 60 of 100: loss=0.0532071329653 object_loss=0.000854120240547 distance_loss=0.0523530133069
Iteration 61 of 100: loss=0.0535405129194 object_loss=0.00146085186861 distance_loss=0.0520796626806
Iteration 62 of 100: loss=0.053066868335 object_loss=0.00118641497102 distance_loss=0.0518804527819
Iteration 63 of 100: loss=0.0522983074188 object_loss=0.00115436257329 distance_loss=0.0511439442635
Iteration 64 of 100: loss=0.0514922663569 object_loss=0.00146976532415 distance_loss=0.0500225014985
Iteration 65 of 100: loss=0.0515269301832 object_loss=0.00256261578761 distance_loss=0.0489643141627
Iteration 66 of 100: loss=0.0501205548644 object_loss=0.00202965084463 distance_loss=0.0480909049511
Iteration 67 of 100: loss=0.0500971600413 object_loss=0.00278892344795 distance_loss=0.0473082363605
Iteration 68 of 100: loss=0.0477829389274 object_loss=0.00139916071203 distance_loss=0.046383779496
Iteration 69 of 100: loss=0.0466134920716 object_loss=0.00140822958201 distance_loss=0.0452052615583
Iteration 70 of 100: loss=0.0460849143565 object_loss=0.00142570701428 distance_loss=0.0446592085063
Iteration 71 of 100: loss=0.0478828214109 object_loss=0.00342030753382 distance_loss=0.0444625131786
Iteration 72 of 100: loss=0.0482663586736 object_loss=0.00417806021869 distance_loss=0.0440882965922
Iteration 73 of 100: loss=0.051369510591 object_loss=0.00736171472818 distance_loss=0.0440077967942
Iteration 74 of 100: loss=0.0468339286745 object_loss=0.00278445682488 distance_loss=0.0440494716167
Iteration 75 of 100: loss=0.0460862964392 object_loss=0.00147030700464 distance_loss=0.0446159876883
Iteration 76 of 100: loss=0.0466866493225 object_loss=0.00209257355891 distance_loss=0.0445940755308
Iteration 77 of 100: loss=0.0462431013584 object_loss=0.00198787474073 distance_loss=0.0442552268505
Iteration 78 of 100: loss=0.0450506173074 object_loss=0.00148044736125 distance_loss=0.0435701683164
Iteration 79 of 100: loss=0.0453805141151 object_loss=0.00217189406976 distance_loss=0.0432086214423
Iteration 80 of 100: loss=0.0444683246315 object_loss=0.00186261092313 distance_loss=0.0426057130098
Iteration 81 of 100: loss=0.0434644557536 object_loss=0.00161627773196 distance_loss=0.0418481789529
Iteration 82 of 100: loss=0.0436681695282 object_loss=0.00247876928188 distance_loss=0.0411893986166
Iteration 83 of 100: loss=0.0441472940147 object_loss=0.00343070551753 distance_loss=0.0407165884972
Iteration 84 of 100: loss=0.0436206646264 object_loss=0.00320247048512 distance_loss=0.0404181927443
Iteration 85 of 100: loss=0.0437188372016 object_loss=0.00370176648721 distance_loss=0.0400170721114
Iteration 86 of 100: loss=0.0427037402987 object_loss=0.00307305227034 distance_loss=0.0396306887269
Iteration 87 of 100: loss=0.0437396466732 object_loss=0.00447186455131 distance_loss=0.0392677821219
Iteration 88 of 100: loss=0.0440673306584 object_loss=0.00519955344498 distance_loss=0.0388677753508
Iteration 89 of 100: loss=0.0443344376981 object_loss=0.00476235849783 distance_loss=0.0395720787346
Iteration 90 of 100: loss=0.044105079025 object_loss=0.00367640214972 distance_loss=0.0404286757112
Iteration 91 of 100: loss=0.0428976677358 object_loss=0.00180068204645 distance_loss=0.0410969853401
Iteration 92 of 100: loss=0.044272236526 object_loss=0.00292695639655 distance_loss=0.0413452796638
Iteration 93 of 100: loss=0.0427971892059 object_loss=0.00123378657736 distance_loss=0.0415634028614
Iteration 94 of 100: loss=0.0434519425035 object_loss=0.00198858091608 distance_loss=0.0414633601904
Iteration 95 of 100: loss=0.042851883918 object_loss=0.00139189686161 distance_loss=0.0414599888027
Iteration 96 of 100: loss=0.0429006516933 object_loss=0.00204830802977 distance_loss=0.0408523455262
Iteration 97 of 100: loss=0.0421099923551 object_loss=0.00217109778896 distance_loss=0.0399388931692
Iteration 98 of 100: loss=0.0407959856093 object_loss=0.00129401299637 distance_loss=0.0395019724965
Iteration 99 of 100: loss=0.0425714477897 object_loss=0.00360525911674 distance_loss=0.0389661900699
Iteration 0 of 100: loss=0.0414074473083 object_loss=0.00291121890768 distance_loss=0.0384962297976
Iteration 1 of 100: loss=0.0450839921832 object_loss=0.00630638562143 distance_loss=0.0387776046991
Iteration 2 of 100: loss=0.0431013815105 object_loss=0.00285953027196 distance_loss=0.0402418524027
Iteration 3 of 100: loss=0.0460556298494 object_loss=0.00485860975459 distance_loss=0.0411970205605
Iteration 4 of 100: loss=0.0440216958523 object_loss=0.00195453525521 distance_loss=0.0420671589673
Iteration 5 of 100: loss=0.0440579503775 object_loss=0.00138456502464 distance_loss=0.0426733866334
Iteration 6 of 100: loss=0.0442187339067 object_loss=0.00131565751508 distance_loss=0.0429030768573
Iteration 7 of 100: loss=0.0442351177335 object_loss=0.00156601180788 distance_loss=0.0426691062748
Iteration 8 of 100: loss=0.0439450703561 object_loss=0.00168599525932 distance_loss=0.0422590747476
Iteration 9 of 100: loss=0.0441361926496 object_loss=0.00226739048958 distance_loss=0.04186880216
Iteration 10 of 100: loss=0.0464175567031 object_loss=0.00470670918003 distance_loss=0.0417108461261
Iteration 11 of 100: loss=0.0440504215658 object_loss=0.00213551311754 distance_loss=0.041914910078
Iteration 12 of 100: loss=0.0436276346445 object_loss=0.00221082963981 distance_loss=0.0414168052375
Iteration 13 of 100: loss=0.0439875684679 object_loss=0.00247723772191 distance_loss=0.0415103323758
Iteration 14 of 100: loss=0.0446396656334 object_loss=0.0035084458068 distance_loss=0.041131220758
Iteration 15 of 100: loss=0.0481622889638 object_loss=0.00746668316424 distance_loss=0.0406956076622
Iteration 16 of 100: loss=0.0460276268423 object_loss=0.00441594654694 distance_loss=0.0416116788983
Iteration 17 of 100: loss=0.0485493019223 object_loss=0.00603715470061 distance_loss=0.0425121486187
Iteration 18 of 100: loss=0.0472321584821 object_loss=0.00368901202455 distance_loss=0.0435431450605
Iteration 19 of 100: loss=0.0487324520946 object_loss=0.00430793408304 distance_loss=0.0444245189428
Iteration 20 of 100: loss=0.0525470711291 object_loss=0.00715451966971 distance_loss=0.045392550528
Iteration 21 of 100: loss=0.0482404530048 object_loss=0.00187214801554 distance_loss=0.0463683046401
Iteration 22 of 100: loss=0.0494884587824 object_loss=0.00185464811511 distance_loss=0.0476338118315
Iteration 23 of 100: loss=0.0493477806449 object_loss=0.000803743372671 distance_loss=0.0485440380871
Iteration 24 of 100: loss=0.0497730188072 object_loss=0.000838457257487 distance_loss=0.0489345602691
Iteration 25 of 100: loss=0.0496063642204 object_loss=0.000955169380177 distance_loss=0.0486511960626
Iteration 26 of 100: loss=0.0520360767841 object_loss=0.00359306880273 distance_loss=0.0484430082142
Iteration 27 of 100: loss=0.050172097981 object_loss=0.00220242189243 distance_loss=0.0479696765542
Iteration 28 of 100: loss=0.0522582679987 object_loss=0.00442579435185 distance_loss=0.0478324741125
Iteration 29 of 100: loss=0.049762647599 object_loss=0.00172984134406 distance_loss=0.0480328053236
Iteration 30 of 100: loss=0.0536852404475 object_loss=0.00578272901475 distance_loss=0.0479025095701
Iteration 31 of 100: loss=0.0525683090091 object_loss=0.00419674487785 distance_loss=0.0483715645969
Iteration 32 of 100: loss=0.0510460734367 object_loss=0.00255782390013 distance_loss=0.0484882481396
Iteration 33 of 100: loss=0.0523369945586 object_loss=0.00386005314067 distance_loss=0.0484769418836
Iteration 34 of 100: loss=0.0501600429416 object_loss=0.00193338340614 distance_loss=0.0482266582549
Iteration 35 of 100: loss=0.0496833510697 object_loss=0.00190257688519 distance_loss=0.0477807745337
Iteration 36 of 100: loss=0.048155143857 object_loss=0.00110735418275 distance_loss=0.0470477901399
Iteration 37 of 100: loss=0.0475719720125 object_loss=0.0010358733125 distance_loss=0.0465360991657
Iteration 38 of 100: loss=0.0464123077691 object_loss=0.000746400386561 distance_loss=0.0456659086049
Iteration 39 of 100: loss=0.0457491725683 object_loss=0.00136347336229 distance_loss=0.0443856976926
Iteration 40 of 100: loss=0.0455928258598 object_loss=0.00212144758552 distance_loss=0.0434713773429
Iteration 41 of 100: loss=0.0459929592907 object_loss=0.0030322119128 distance_loss=0.0429607480764
Iteration 42 of 100: loss=0.0457547008991 object_loss=0.00310903927311 distance_loss=0.042645663023
Iteration 43 of 100: loss=0.0444782935083 object_loss=0.00219103740528 distance_loss=0.0422872565687
Iteration 44 of 100: loss=0.0434300936759 object_loss=0.00159703881945 distance_loss=0.0418330542743
Iteration 45 of 100: loss=0.0425520241261 object_loss=0.00148185878061 distance_loss=0.0410701669753
Iteration 46 of 100: loss=0.0419866815209 object_loss=0.00132070400286 distance_loss=0.0406659767032
Iteration 47 of 100: loss=0.0420130677521 object_loss=0.00181284628343 distance_loss=0.0402002222836
Iteration 48 of 100: loss=0.0409036129713 object_loss=0.0016066969838 distance_loss=0.0392969176173
Iteration 49 of 100: loss=0.0420615114272 object_loss=0.00359128089622 distance_loss=0.0384702309966
Iteration 50 of 100: loss=0.0427208691835 object_loss=0.00387693685479 distance_loss=0.0388439334929
Iteration 51 of 100: loss=0.0426608510315 object_loss=0.00310869445093 distance_loss=0.0395521558821
Iteration 52 of 100: loss=0.0428542420268 object_loss=0.00298033002764 distance_loss=0.0398739129305
Iteration 53 of 100: loss=0.0464950762689 object_loss=0.00665032118559 distance_loss=0.0398447550833
Iteration 54 of 100: loss=0.0449009798467 object_loss=0.00436937762424 distance_loss=0.0405316017568
Iteration 55 of 100: loss=0.0466787181795 object_loss=0.00509415473789 distance_loss=0.0415845625103
Iteration 56 of 100: loss=0.0444673188031 object_loss=0.00262591266073 distance_loss=0.0418414063752
Iteration 57 of 100: loss=0.0464449040592 object_loss=0.00447636190802 distance_loss=0.0419685430825
Iteration 58 of 100: loss=0.0486780591309 object_loss=0.00625854823738 distance_loss=0.0424195118248
Iteration 59 of 100: loss=0.0564686320722 object_loss=0.0131386267021 distance_loss=0.0433300063014
Iteration 60 of 100: loss=0.0475075207651 object_loss=0.00224889372475 distance_loss=0.0452586263418
Iteration 61 of 100: loss=0.0497035495937 object_loss=0.00284574832767 distance_loss=0.0468578003347
Iteration 62 of 100: loss=0.0505342632532 object_loss=0.00222093216144 distance_loss=0.0483133308589
Iteration 63 of 100: loss=0.0526693165302 object_loss=0.00352376140654 distance_loss=0.049145553261
Iteration 64 of 100: loss=0.0534833073616 object_loss=0.00372583069839 distance_loss=0.049757476896
Iteration 65 of 100: loss=0.0536956340075 object_loss=0.00344844046049 distance_loss=0.0502471923828
Iteration 66 of 100: loss=0.0525879636407 object_loss=0.00163981830701 distance_loss=0.0509481467307
Iteration 67 of 100: loss=0.053236592561 object_loss=0.00189068214968 distance_loss=0.051345910877
Iteration 68 of 100: loss=0.0522046498954 object_loss=0.00131824822165 distance_loss=0.050886400044
Iteration 69 of 100: loss=0.0521880351007 object_loss=0.00185853312723 distance_loss=0.050329502672
Iteration 70 of 100: loss=0.0541234761477 object_loss=0.00420404272154 distance_loss=0.0499194338918
Iteration 71 of 100: loss=0.0541719794273 object_loss=0.00463235098869 distance_loss=0.04953962937
Iteration 72 of 100: loss=0.0601270198822 object_loss=0.0110931089148 distance_loss=0.0490339100361
Iteration 73 of 100: loss=0.0535070821643 object_loss=0.0021670658607 distance_loss=0.0513400174677
Iteration 74 of 100: loss=0.0542787723243 object_loss=0.00110919005238 distance_loss=0.0531695820391
Iteration 75 of 100: loss=0.0591667108238 object_loss=0.00470939138904 distance_loss=0.0544573180377
Iteration 76 of 100: loss=0.0564041025937 object_loss=0.00139957875945 distance_loss=0.0550045222044
Iteration 77 of 100: loss=0.0584472157061 object_loss=0.00301339640282 distance_loss=0.0554338209331
Iteration 78 of 100: loss=0.0568187832832 object_loss=0.00116830563638 distance_loss=0.0556504763663
Iteration 79 of 100: loss=0.0577524676919 object_loss=0.00188225880265 distance_loss=0.0558702088892
Iteration 80 of 100: loss=0.0565303824842 object_loss=0.00121363252401 distance_loss=0.0553167499602
Iteration 81 of 100: loss=0.0569717176259 object_loss=0.00257746875286 distance_loss=0.054394248873
Iteration 82 of 100: loss=0.0564025864005 object_loss=0.0024987028446 distance_loss=0.0539038851857
Iteration 83 of 100: loss=0.0552485100925 object_loss=0.00194325193297 distance_loss=0.0533052571118
Iteration 84 of 100: loss=0.0584438666701 object_loss=0.0064728083089 distance_loss=0.0519710592926
Iteration 85 of 100: loss=0.053582329303 object_loss=0.00144069537055 distance_loss=0.0521416328847
Iteration 86 of 100: loss=0.0540379323065 object_loss=0.00161890464369 distance_loss=0.0524190291762
Iteration 87 of 100: loss=0.0534289069474 object_loss=0.00127468979917 distance_loss=0.0521542169154
Iteration 88 of 100: loss=0.0527660883963 object_loss=0.00100778916385 distance_loss=0.051758300513
Iteration 89 of 100: loss=0.0523848906159 object_loss=0.00105270533822 distance_loss=0.0513321869075
Iteration 90 of 100: loss=0.0513092949986 object_loss=0.000963772414252 distance_loss=0.0503455214202
Iteration 91 of 100: loss=0.0506885275245 object_loss=0.00119193771388 distance_loss=0.0494965910912
Iteration 92 of 100: loss=0.0493050590158 object_loss=0.001178719569 distance_loss=0.0481263399124
Iteration 93 of 100: loss=0.0486481301486 object_loss=0.00133055821061 distance_loss=0.047317571938
Iteration 94 of 100: loss=0.0485810749233 object_loss=0.00215189228766 distance_loss=0.0464291833341
Iteration 95 of 100: loss=0.0476346425712 object_loss=0.00197582854889 distance_loss=0.0456588156521
Iteration 96 of 100: loss=0.0470933318138 object_loss=0.0026012272574 distance_loss=0.0444921031594
Iteration 97 of 100: loss=0.0468558706343 object_loss=0.00279191252775 distance_loss=0.0440639592707
Iteration 98 of 100: loss=0.0453308299184 object_loss=0.00158677028958 distance_loss=0.0437440611422
Iteration 99 of 100: loss=0.0443947389722 object_loss=0.00162645662203 distance_loss=0.0427682809532
Iteration 0 of 100: loss=0.0437098480761 object_loss=0.00176223693416 distance_loss=0.0419476106763
Iteration 1 of 100: loss=0.0457700863481 object_loss=0.00441204383969 distance_loss=0.0413580425084
Iteration 2 of 100: loss=0.0448610186577 object_loss=0.00352953607216 distance_loss=0.0413314811885
Iteration 3 of 100: loss=0.0439942032099 object_loss=0.00257914629765 distance_loss=0.0414150580764
Iteration 4 of 100: loss=0.0439722128212 object_loss=0.00291298422962 distance_loss=0.0410592295229
Iteration 5 of 100: loss=0.048434779048 object_loss=0.00802757777274 distance_loss=0.0404071994126
Iteration 6 of 100: loss=0.0451011545956 object_loss=0.00433132145554 distance_loss=0.0407698340714
Iteration 7 of 100: loss=0.0431049279869 object_loss=0.00196604849771 distance_loss=0.0411388799548
Iteration 8 of 100: loss=0.0451763942838 object_loss=0.00424930918962 distance_loss=0.0409270860255
Iteration 9 of 100: loss=0.0423546358943 object_loss=0.00123944366351 distance_loss=0.0411151908338
Iteration 10 of 100: loss=0.0422447696328 object_loss=0.00101496069692 distance_loss=0.0412298105657
Iteration 11 of 100: loss=0.0430955439806 object_loss=0.00239070528187 distance_loss=0.0407048389316
Iteration 12 of 100: loss=0.0437939427793 object_loss=0.00379952671938 distance_loss=0.0399944148958
Iteration 13 of 100: loss=0.0435938723385 object_loss=0.00332607049495 distance_loss=0.0402678027749
Iteration 14 of 100: loss=0.0426857061684 object_loss=0.00217744684778 distance_loss=0.0405082590878
Iteration 15 of 100: loss=0.0452692136168 object_loss=0.00459215603769 distance_loss=0.0406770557165
Iteration 16 of 100: loss=0.0438556931913 object_loss=0.00334502873011 distance_loss=0.0405106656253
Iteration 17 of 100: loss=0.042613055557 object_loss=0.00215084059164 distance_loss=0.0404622144997
Iteration 18 of 100: loss=0.0417788624763 object_loss=0.00152597518172 distance_loss=0.0402528867126
Iteration 19 of 100: loss=0.0417461395264 object_loss=0.00208054459654 distance_loss=0.039665594697
Iteration 20 of 100: loss=0.0407187454402 object_loss=0.00193607527763 distance_loss=0.0387826710939
Iteration 21 of 100: loss=0.0399802103639 object_loss=0.00170459179208 distance_loss=0.0382756181061
Iteration 22 of 100: loss=0.0394684784114 object_loss=0.00174169021193 distance_loss=0.0377267897129
Iteration 23 of 100: loss=0.039667006582 object_loss=0.00285901781172 distance_loss=0.036807987839
Iteration 24 of 100: loss=0.0383371114731 object_loss=0.00206224713475 distance_loss=0.0362748652697
Iteration 25 of 100: loss=0.0388250872493 object_loss=0.00256410473958 distance_loss=0.0362609811127
Iteration 26 of 100: loss=0.0385610759258 object_loss=0.00214701681398 distance_loss=0.0364140607417
Iteration 27 of 100: loss=0.0416356734931 object_loss=0.00518010184169 distance_loss=0.0364555716515
Iteration 28 of 100: loss=0.0418982692063 object_loss=0.00546132493764 distance_loss=0.0364369452
Iteration 29 of 100: loss=0.0411557778716 object_loss=0.00491346977651 distance_loss=0.0362423099577
Iteration 30 of 100: loss=0.0387179479003 object_loss=0.00193449191283 distance_loss=0.0367834568024
Iteration 31 of 100: loss=0.0391232445836 object_loss=0.00180090684444 distance_loss=0.0373223386705
Iteration 32 of 100: loss=0.0388842709363 object_loss=0.00229413295165 distance_loss=0.0365901365876
Iteration 33 of 100: loss=0.0386238321662 object_loss=0.00224300287664 distance_loss=0.0363808274269
Iteration 34 of 100: loss=0.0377500616014 object_loss=0.00156715302728 distance_loss=0.0361829102039
Iteration 35 of 100: loss=0.0366010293365 object_loss=0.000904746586457 distance_loss=0.0356962829828
Iteration 36 of 100: loss=0.0358505807817 object_loss=0.00101584312506 distance_loss=0.0348347388208
Iteration 37 of 100: loss=0.0352473929524 object_loss=0.00118386396207 distance_loss=0.0340635292232
Iteration 38 of 100: loss=0.0361830666661 object_loss=0.00285138934851 distance_loss=0.0333316773176
Iteration 39 of 100: loss=0.034526091069 object_loss=0.00149496924132 distance_loss=0.0330311208963
Iteration 40 of 100: loss=0.0341361276805 object_loss=0.00138747517485 distance_loss=0.0327486507595
Iteration 41 of 100: loss=0.0340821109712 object_loss=0.00194833287969 distance_loss=0.0321337766945
Iteration 42 of 100: loss=0.034224871546 object_loss=0.00247666635551 distance_loss=0.0317482054234
Iteration 43 of 100: loss=0.0355007015169 object_loss=0.0039991135709 distance_loss=0.0315015874803
Iteration 44 of 100: loss=0.0343528203666 object_loss=0.00299731711857 distance_loss=0.0313555039465
Iteration 45 of 100: loss=0.035634983331 object_loss=0.00378767168149 distance_loss=0.0318473130465
Iteration 46 of 100: loss=0.036282017827 object_loss=0.00387568282895 distance_loss=0.0324063338339
Iteration 47 of 100: loss=0.0383498109877 object_loss=0.0059289583005 distance_loss=0.0324208512902
Iteration 48 of 100: loss=0.0404291898012 object_loss=0.00796414352953 distance_loss=0.0324650481343
Iteration 49 of 100: loss=0.0352312102914 object_loss=0.00171513995156 distance_loss=0.0335160717368
Iteration 50 of 100: loss=0.0356185771525 object_loss=0.00186760956421 distance_loss=0.0337509661913
Iteration 51 of 100: loss=0.0379960946739 object_loss=0.00407587084919 distance_loss=0.033920224756
Iteration 52 of 100: loss=0.0357244610786 object_loss=0.00179652962834 distance_loss=0.0339279323816
Iteration 53 of 100: loss=0.0357069708407 object_loss=0.00191338034347 distance_loss=0.0337935909629
Iteration 54 of 100: loss=0.0386911928654 object_loss=0.00499893771484 distance_loss=0.0336922556162
Iteration 55 of 100: loss=0.0441798940301 object_loss=0.0102426065132 distance_loss=0.0339372865856
Iteration 56 of 100: loss=0.038492526859 object_loss=0.0029286085628 distance_loss=0.0355639196932
Iteration 57 of 100: loss=0.0396947823465 object_loss=0.00210763537325 distance_loss=0.0375871472061
Iteration 58 of 100: loss=0.0401917621493 object_loss=0.00113468128256 distance_loss=0.0390570797026
Iteration 59 of 100: loss=0.041444260627 object_loss=0.00147423113231 distance_loss=0.0399700291455
Iteration 60 of 100: loss=0.044434774667 object_loss=0.00385831017047 distance_loss=0.0405764654279
Iteration 61 of 100: loss=0.0421227030456 object_loss=0.0016038317699 distance_loss=0.0405188724399
Iteration 62 of 100: loss=0.0425600558519 object_loss=0.00221405760385 distance_loss=0.0403459966183
Iteration 63 of 100: loss=0.0436963923275 object_loss=0.00328034511767 distance_loss=0.040416046977
Iteration 64 of 100: loss=0.0421305447817 object_loss=0.00156755978242 distance_loss=0.0405629836023
Iteration 65 of 100: loss=0.0433095321059 object_loss=0.00303454231471 distance_loss=0.0402749888599
Iteration 66 of 100: loss=0.0423157028854 object_loss=0.00238612666726 distance_loss=0.0399295762181
Iteration 67 of 100: loss=0.0408246032894 object_loss=0.00116338126827 distance_loss=0.0396612212062
Iteration 68 of 100: loss=0.0406527258456 object_loss=0.00182046880946 distance_loss=0.0388322584331
Iteration 69 of 100: loss=0.0403645522892 object_loss=0.00205760588869 distance_loss=0.0383069477975
Iteration 70 of 100: loss=0.041068315506 object_loss=0.00308212684467 distance_loss=0.037986189127
Iteration 71 of 100: loss=0.0404719896615 object_loss=0.00265687680803 distance_loss=0.0378151126206
Iteration 72 of 100: loss=0.0383098423481 object_loss=0.000994323869236 distance_loss=0.037315517664
Iteration 73 of 100: loss=0.0399878770113 object_loss=0.00268296571448 distance_loss=0.0373049117625
Iteration 74 of 100: loss=0.0401172563434 object_loss=0.00327995140105 distance_loss=0.0368373058736
Iteration 75 of 100: loss=0.0386679880321 object_loss=0.00178125500679 distance_loss=0.0368867330253
Iteration 76 of 100: loss=0.0395177267492 object_loss=0.0026594242081 distance_loss=0.0368583016098
Iteration 77 of 100: loss=0.0384601317346 object_loss=0.00150129722897 distance_loss=0.036958836019
Iteration 78 of 100: loss=0.0400301329792 object_loss=0.00278766895644 distance_loss=0.0372424647212
Iteration 79 of 100: loss=0.039711419493 object_loss=0.00257900590077 distance_loss=0.0371324121952
Iteration 80 of 100: loss=0.0389279648662 object_loss=0.00213330518454 distance_loss=0.0367946587503
Iteration 81 of 100: loss=0.0397899858654 object_loss=0.00299076363444 distance_loss=0.0367992222309
Iteration 82 of 100: loss=0.0392804145813 object_loss=0.00229024561122 distance_loss=0.0369901694357
Iteration 83 of 100: loss=0.038201186806 object_loss=0.0018340726383 distance_loss=0.0363671146333
Iteration 84 of 100: loss=0.0405380539596 object_loss=0.00479015195742 distance_loss=0.0357479006052
Iteration 85 of 100: loss=0.04083430022 object_loss=0.00507046980783 distance_loss=0.0357638299465
Iteration 86 of 100: loss=0.0397656671703 object_loss=0.00336668011732 distance_loss=0.0363989882171
Iteration 87 of 100: loss=0.0393949858844 object_loss=0.00223742006347 distance_loss=0.0371575653553
Iteration 88 of 100: loss=0.0390364192426 object_loss=0.00202188268304 distance_loss=0.0370145365596
Iteration 89 of 100: loss=0.0408860594034 object_loss=0.00440766848624 distance_loss=0.0364783927798
Iteration 90 of 100: loss=0.040179502219 object_loss=0.00347167113796 distance_loss=0.036707829684
Iteration 91 of 100: loss=0.0393712073565 object_loss=0.00248762220144 distance_loss=0.036883585155
Iteration 92 of 100: loss=0.0379750281572 object_loss=0.00188215321396 distance_loss=0.0360928736627
Iteration 93 of 100: loss=0.039201553911 object_loss=0.00321792578325 distance_loss=0.0359836295247
Iteration 94 of 100: loss=0.0426952950656 object_loss=0.00672222906724 distance_loss=0.0359730646014
Iteration 95 of 100: loss=0.0395000725985 object_loss=0.00289119966328 distance_loss=0.0366088747978
Iteration 96 of 100: loss=0.0398034602404 object_loss=0.00277720950544 distance_loss=0.0370262488723
Iteration 97 of 100: loss=0.0394375510514 object_loss=0.00212924648076 distance_loss=0.0373083055019
Iteration 98 of 100: loss=0.0386940799654 object_loss=0.00119080708828 distance_loss=0.037503272295
Iteration 99 of 100: loss=0.0397782959044 object_loss=0.00216056709178 distance_loss=0.0376177281141
Iteration 0 of 100: loss=0.0386858917773 object_loss=0.00137862970587 distance_loss=0.0373072624207
Iteration 1 of 100: loss=0.0372236259282 object_loss=0.000876964768395 distance_loss=0.0363466627896
Iteration 2 of 100: loss=0.0367005392909 object_loss=0.000978358672 distance_loss=0.035722181201
Iteration 3 of 100: loss=0.0370610319078 object_loss=0.00176114519127 distance_loss=0.035299886018
Iteration 4 of 100: loss=0.0371319800615 object_loss=0.00245287711732 distance_loss=0.0346791036427
Iteration 5 of 100: loss=0.0375239402056 object_loss=0.00290199322626 distance_loss=0.0346219465137
Iteration 6 of 100: loss=0.0366083048284 object_loss=0.00229405937716 distance_loss=0.0343142449856
Iteration 7 of 100: loss=0.0367723219097 object_loss=0.00291335722432 distance_loss=0.0338589660823
Iteration 8 of 100: loss=0.0363749749959 object_loss=0.00264555867761 distance_loss=0.0337294153869
Iteration 9 of 100: loss=0.0356220640242 object_loss=0.00193906913046 distance_loss=0.0336829945445
Iteration 10 of 100: loss=0.0349498875439 object_loss=0.00181557633914 distance_loss=0.0331343114376
Iteration 11 of 100: loss=0.0352388545871 object_loss=0.00276795448735 distance_loss=0.0324709005654
Iteration 12 of 100: loss=0.034446220845 object_loss=0.00291374628432 distance_loss=0.0315324738622
Iteration 13 of 100: loss=0.0345371738076 object_loss=0.00314869312569 distance_loss=0.0313884802163
Iteration 14 of 100: loss=0.0353926084936 object_loss=0.00405134400353 distance_loss=0.031341265887
Iteration 15 of 100: loss=0.0393882505596 object_loss=0.0083834445104 distance_loss=0.0310048051178
Iteration 16 of 100: loss=0.0335280671716 object_loss=0.00227476796135 distance_loss=0.0312533006072
Iteration 17 of 100: loss=0.035736490041 object_loss=0.00395581824705 distance_loss=0.0317806713283
Iteration 18 of 100: loss=0.0346054323018 object_loss=0.0023640061263 distance_loss=0.0322414264083
Iteration 19 of 100: loss=0.035144045949 object_loss=0.00268747308291 distance_loss=0.0324565730989
Iteration 20 of 100: loss=0.0358118116856 object_loss=0.00350228138268 distance_loss=0.0323095321655
Iteration 21 of 100: loss=0.0399639979005 object_loss=0.00767867499962 distance_loss=0.0322853215039
Iteration 22 of 100: loss=0.0395159870386 object_loss=0.00566129619256 distance_loss=0.0338546894491
Iteration 23 of 100: loss=0.0380856394768 object_loss=0.00224974029697 distance_loss=0.0358358994126
Iteration 24 of 100: loss=0.0403920263052 object_loss=0.00323388469405 distance_loss=0.0371581427753
Iteration 25 of 100: loss=0.0400437749922 object_loss=0.00216132635251 distance_loss=0.0378824472427
Iteration 26 of 100: loss=0.0415815040469 object_loss=0.00299087213352 distance_loss=0.0385906323791
Iteration 27 of 100: loss=0.0434228107333 object_loss=0.00415749615058 distance_loss=0.0392653159797
Iteration 28 of 100: loss=0.0424823798239 object_loss=0.00334548135288 distance_loss=0.0391368977726
Iteration 29 of 100: loss=0.0459573157132 object_loss=0.006414426025 distance_loss=0.0395428910851
Iteration 30 of 100: loss=0.0426129214466 object_loss=0.00229015992954 distance_loss=0.0403227619827
Iteration 31 of 100: loss=0.0429560728371 object_loss=0.0019031544216 distance_loss=0.0410529188812
Iteration 32 of 100: loss=0.0430196411908 object_loss=0.00163596612401 distance_loss=0.0413836762309
Iteration 33 of 100: loss=0.0433277487755 object_loss=0.00184186978731 distance_loss=0.0414858795702
Iteration 34 of 100: loss=0.043430455029 object_loss=0.00248506106436 distance_loss=0.0409453958273
Iteration 35 of 100: loss=0.0448049753904 object_loss=0.00412315968424 distance_loss=0.0406818166375
Iteration 36 of 100: loss=0.0432024858892 object_loss=0.002283642767 distance_loss=0.040918841958
Iteration 37 of 100: loss=0.0426784269512 object_loss=0.00161027989816 distance_loss=0.0410681478679
Iteration 38 of 100: loss=0.0423707067966 object_loss=0.00113972125109 distance_loss=0.0412309840322
Iteration 39 of 100: loss=0.0452682375908 object_loss=0.00418783538043 distance_loss=0.041080404073
Iteration 40 of 100: loss=0.0478596203029 object_loss=0.00712217018008 distance_loss=0.0407374501228
Iteration 41 of 100: loss=0.0431116707623 object_loss=0.00194471760187 distance_loss=0.0411669537425
Iteration 42 of 100: loss=0.043305311352 object_loss=0.00169105047826 distance_loss=0.0416142605245
Iteration 43 of 100: loss=0.043180719018 object_loss=0.00179784873035 distance_loss=0.0413828715682
Iteration 44 of 100: loss=0.0424630492926 object_loss=0.00162531703245 distance_loss=0.0408377312124
Iteration 45 of 100: loss=0.0446874089539 object_loss=0.00445254845545 distance_loss=0.0402348600328
Iteration 46 of 100: loss=0.0423609614372 object_loss=0.00208222493529 distance_loss=0.0402787365019
Iteration 47 of 100: loss=0.0426877737045 object_loss=0.00217581517063 distance_loss=0.0405119583011
Iteration 48 of 100: loss=0.0425106994808 object_loss=0.00230908137746 distance_loss=0.0402016192675
Iteration 49 of 100: loss=0.0420741513371 object_loss=0.00240841624327 distance_loss=0.039665736258
Iteration 50 of 100: loss=0.0419190712273 object_loss=0.00206649303436 distance_loss=0.0398525781929
Iteration 51 of 100: loss=0.041536256671 object_loss=0.00170472043101 distance_loss=0.0398315377533
Iteration 52 of 100: loss=0.0416358299553 object_loss=0.0026735200081 distance_loss=0.0389623083174
Iteration 53 of 100: loss=0.0411295741796 object_loss=0.0025221768301 distance_loss=0.0386073961854
Iteration 54 of 100: loss=0.0414615534246 object_loss=0.00333361956291 distance_loss=0.0381279326975
Iteration 55 of 100: loss=0.0403914451599 object_loss=0.00323655176908 distance_loss=0.0371548943222
Iteration 56 of 100: loss=0.0404016673565 object_loss=0.00389293022454 distance_loss=0.0365087389946
Iteration 57 of 100: loss=0.0412061735988 object_loss=0.00507473992184 distance_loss=0.0361314341426
Iteration 58 of 100: loss=0.0397857800126 object_loss=0.00360358390026 distance_loss=0.0361821949482
Iteration 59 of 100: loss=0.0467721298337 object_loss=0.0101497825235 distance_loss=0.0366223491728
Iteration 60 of 100: loss=0.0411069393158 object_loss=0.00161782931536 distance_loss=0.0394891090691
Iteration 61 of 100: loss=0.0445518568158 object_loss=0.00250223441981 distance_loss=0.0420496240258
Iteration 62 of 100: loss=0.0471278317273 object_loss=0.00282293208875 distance_loss=0.0443048998713
Iteration 63 of 100: loss=0.0531921610236 object_loss=0.00707606784999 distance_loss=0.046116091311
Iteration 64 of 100: loss=0.0503730103374 object_loss=0.00207278435118 distance_loss=0.0483002252877
Iteration 65 of 100: loss=0.0525509268045 object_loss=0.00211372319609 distance_loss=0.0504372045398
Iteration 66 of 100: loss=0.0543965548277 object_loss=0.00255962461233 distance_loss=0.0518369302154
Iteration 67 of 100: loss=0.0594320222735 object_loss=0.00679561449215 distance_loss=0.0526364073157
Iteration 68 of 100: loss=0.0563794411719 object_loss=0.00244008377194 distance_loss=0.0539393573999
Iteration 69 of 100: loss=0.0570448450744 object_loss=0.00207162299193 distance_loss=0.0549732223153
Iteration 70 of 100: loss=0.0568418428302 object_loss=0.00119284726679 distance_loss=0.0556489937007
Iteration 71 of 100: loss=0.0573661550879 object_loss=0.00131991470698 distance_loss=0.0560462400317
Iteration 72 of 100: loss=0.0564669147134 object_loss=0.000889421149623 distance_loss=0.055577494204
Iteration 73 of 100: loss=0.0565632581711 object_loss=0.00178142788354 distance_loss=0.0547818318009
Iteration 74 of 100: loss=0.0550778992474 object_loss=0.00116900797002 distance_loss=0.0539088919759
Iteration 75 of 100: loss=0.0548003725708 object_loss=0.00144948367961 distance_loss=0.0533508881927
Iteration 76 of 100: loss=0.0537612847984 object_loss=0.000950260495301 distance_loss=0.0528110228479
Iteration 77 of 100: loss=0.0552632957697 object_loss=0.00296868337318 distance_loss=0.0522946119308
Iteration 78 of 100: loss=0.053489882499 object_loss=0.00185263820458 distance_loss=0.0516372434795
Iteration 79 of 100: loss=0.0527559816837 object_loss=0.00190366513561 distance_loss=0.050852317363
Iteration 80 of 100: loss=0.0514281466603 object_loss=0.00107086659409 distance_loss=0.0503572784364
Iteration 81 of 100: loss=0.0515141449869 object_loss=0.00179889483843 distance_loss=0.0497152507305
Iteration 82 of 100: loss=0.0507735162973 object_loss=0.00158235884737 distance_loss=0.0491911582649
Iteration 83 of 100: loss=0.0511499233544 object_loss=0.0025941315107 distance_loss=0.048555791378
Iteration 84 of 100: loss=0.0500680208206 object_loss=0.00222998298705 distance_loss=0.0478380396962
Iteration 85 of 100: loss=0.0511985644698 object_loss=0.00389217631891 distance_loss=0.0473063886166
Iteration 86 of 100: loss=0.0540048778057 object_loss=0.00658608786762 distance_loss=0.0474187880754
Iteration 87 of 100: loss=0.0501312799752 object_loss=0.0022169824224 distance_loss=0.0479142963886
Iteration 88 of 100: loss=0.0493837408721 object_loss=0.00184611603618 distance_loss=0.047537624836
Iteration 89 of 100: loss=0.0498722791672 object_loss=0.00219249492511 distance_loss=0.047679785639
Iteration 90 of 100: loss=0.0489311926067 object_loss=0.0010512501467 distance_loss=0.0478799417615
Iteration 91 of 100: loss=0.0490123070776 object_loss=0.00159249897115 distance_loss=0.047419808805
Iteration 92 of 100: loss=0.0485141351819 object_loss=0.00135868531652 distance_loss=0.0471554510295
Iteration 93 of 100: loss=0.0513423085213 object_loss=0.00427032215521 distance_loss=0.0470719859004
Iteration 94 of 100: loss=0.0509759038687 object_loss=0.00418388424441 distance_loss=0.0467920191586
Iteration 95 of 100: loss=0.0486710332334 object_loss=0.00198425143026 distance_loss=0.046686783433
Iteration 96 of 100: loss=0.0474592633545 object_loss=0.00136027403641 distance_loss=0.0460989885032
Iteration 97 of 100: loss=0.0491624176502 object_loss=0.00389293767512 distance_loss=0.0452694781125
Iteration 98 of 100: loss=0.050332531333 object_loss=0.00548672163859 distance_loss=0.0448458082974
Iteration 99 of 100: loss=0.0579109489918 object_loss=0.0128186484799 distance_loss=0.0450922995806
Iteration 0 of 100: loss=0.0765193998814 object_loss=0.0296865273267 distance_loss=0.046832870692
Iteration 1 of 100: loss=0.0526331402361 object_loss=0.0016105218092 distance_loss=0.051022619009
Iteration 2 of 100: loss=0.0576245598495 object_loss=0.00242027593777 distance_loss=0.0552042834461
Iteration 3 of 100: loss=0.0590992644429 object_loss=0.00088542397134 distance_loss=0.0582138411701
Iteration 4 of 100: loss=0.060944378376 object_loss=0.000500589492731 distance_loss=0.0604437887669
Iteration 5 of 100: loss=0.0629042461514 object_loss=0.00055259745568 distance_loss=0.0623516477644
Iteration 6 of 100: loss=0.0647566914558 object_loss=0.00116465915926 distance_loss=0.0635920315981
Iteration 7 of 100: loss=0.0667230412364 object_loss=0.00229553622194 distance_loss=0.0644275024533
Iteration 8 of 100: loss=0.0664391741157 object_loss=0.00105437729508 distance_loss=0.0653847977519
Iteration 9 of 100: loss=0.0671269074082 object_loss=0.00152884924319 distance_loss=0.0655980557203
Iteration 10 of 100: loss=0.0677585750818 object_loss=0.00172131799627 distance_loss=0.0660372599959
Iteration 11 of 100: loss=0.0675150677562 object_loss=0.00117494328879 distance_loss=0.0663401260972
Iteration 12 of 100: loss=0.0670123174787 object_loss=0.00121236382984 distance_loss=0.0657999515533
Iteration 13 of 100: loss=0.0658143684268 object_loss=0.000584715045989 distance_loss=0.0652296543121
Iteration 14 of 100: loss=0.0647854283452 object_loss=0.000604768749326 distance_loss=0.0641806572676
Iteration 15 of 100: loss=0.0636303722858 object_loss=0.000795186613686 distance_loss=0.0628351867199
Iteration 16 of 100: loss=0.0632985904813 object_loss=0.00185773591511 distance_loss=0.0614408515394
Iteration 17 of 100: loss=0.0623560845852 object_loss=0.00158254848793 distance_loss=0.0607735365629
Iteration 18 of 100: loss=0.0647320374846 object_loss=0.00494586536661 distance_loss=0.0597861744463
Iteration 19 of 100: loss=0.062753342092 object_loss=0.00262498599477 distance_loss=0.0601283572614
Iteration 20 of 100: loss=0.0639781206846 object_loss=0.00409523118287 distance_loss=0.0598828904331
Iteration 21 of 100: loss=0.0634595230222 object_loss=0.00400943867862 distance_loss=0.0594500824809
Iteration 22 of 100: loss=0.0609490200877 object_loss=0.00161151285283 distance_loss=0.0593375079334
Iteration 23 of 100: loss=0.0598004050553 object_loss=0.000898202939425 distance_loss=0.0589022003114
Iteration 24 of 100: loss=0.0585718564689 object_loss=0.000761555100325 distance_loss=0.0578103028238
Iteration 25 of 100: loss=0.0589846558869 object_loss=0.00220980099402 distance_loss=0.05677485466
Iteration 26 of 100: loss=0.0574834086001 object_loss=0.00166411930695 distance_loss=0.0558192878962
Iteration 27 of 100: loss=0.0567335896194 object_loss=0.00200213538483 distance_loss=0.0547314547002
Iteration 28 of 100: loss=0.0555688291788 object_loss=0.00187829555944 distance_loss=0.053690534085
Iteration 29 of 100: loss=0.0549011975527 object_loss=0.00207799207419 distance_loss=0.0528232045472
Iteration 30 of 100: loss=0.0538374856114 object_loss=0.00221896683797 distance_loss=0.0516185201705
Iteration 31 of 100: loss=0.0538757704198 object_loss=0.00302259880118 distance_loss=0.0508531704545
Iteration 32 of 100: loss=0.0517325773835 object_loss=0.00170955853537 distance_loss=0.0500230193138
Iteration 33 of 100: loss=0.0507959090173 object_loss=0.00173713883851 distance_loss=0.0490587688982
Iteration 34 of 100: loss=0.0498377904296 object_loss=0.00127931125462 distance_loss=0.0485584810376
Iteration 35 of 100: loss=0.0516778677702 object_loss=0.00346237118356 distance_loss=0.0482154972851
Iteration 36 of 100: loss=0.0550995916128 object_loss=0.00732786394656 distance_loss=0.0477717295289
Iteration 37 of 100: loss=0.0535672083497 object_loss=0.00464526750147 distance_loss=0.0489219389856
Iteration 38 of 100: loss=0.0570877566934 object_loss=0.00720348302275 distance_loss=0.0498842746019
Iteration 39 of 100: loss=0.0558296665549 object_loss=0.00460516801104 distance_loss=0.0512244999409
Iteration 40 of 100: loss=0.0543661862612 object_loss=0.00214041164145 distance_loss=0.0522257760167
Iteration 41 of 100: loss=0.0547725558281 object_loss=0.0021527747158 distance_loss=0.0526197813451
Iteration 42 of 100: loss=0.0532023608685 object_loss=0.000948512169998 distance_loss=0.0522538498044
Iteration 43 of 100: loss=0.0523696653545 object_loss=0.000620348728262 distance_loss=0.0517493151128
Iteration 44 of 100: loss=0.0516161397099 object_loss=0.000798704335466 distance_loss=0.0508174337447
Iteration 45 of 100: loss=0.0518416725099 object_loss=0.00194882054348 distance_loss=0.0498928502202
Iteration 46 of 100: loss=0.0507107749581 object_loss=0.00136795511935 distance_loss=0.0493428185582
Iteration 47 of 100: loss=0.0505202226341 object_loss=0.00199265428819 distance_loss=0.0485275685787
Iteration 48 of 100: loss=0.0495155341923 object_loss=0.00195282849018 distance_loss=0.0475627072155
Iteration 49 of 100: loss=0.0529753565788 object_loss=0.00592440599576 distance_loss=0.0470509491861
Iteration 50 of 100: loss=0.0507362671196 object_loss=0.00319311278872 distance_loss=0.0475431531668
Iteration 51 of 100: loss=0.0541026368737 object_loss=0.00643298588693 distance_loss=0.0476696528494
Iteration 52 of 100: loss=0.0519586578012 object_loss=0.00361293065362 distance_loss=0.0483457259834
Iteration 53 of 100: loss=0.0506840497255 object_loss=0.00145420152694 distance_loss=0.0492298491299
Iteration 54 of 100: loss=0.0512218624353 object_loss=0.00149902480189 distance_loss=0.0497228391469
Iteration 55 of 100: loss=0.0509565360844 object_loss=0.001145803486 distance_loss=0.0498107336462
Iteration 56 of 100: loss=0.0507191084325 object_loss=0.00120699871331 distance_loss=0.0495121106505
Iteration 57 of 100: loss=0.0513363368809 object_loss=0.0024100667797 distance_loss=0.0489262714982
Iteration 58 of 100: loss=0.0521598607302 object_loss=0.00360632431693 distance_loss=0.0485535375774
Iteration 59 of 100: loss=0.0562804639339 object_loss=0.00807939376682 distance_loss=0.0482010692358
Iteration 60 of 100: loss=0.0582882538438 object_loss=0.0102861104533 distance_loss=0.0480021424592
Iteration 61 of 100: loss=0.0518190972507 object_loss=0.00280093331821 distance_loss=0.049018163234
Iteration 62 of 100: loss=0.0559362061322 object_loss=0.00600896030664 distance_loss=0.0499272458255
Iteration 63 of 100: loss=0.0543463677168 object_loss=0.00312402076088 distance_loss=0.0512223467231
Iteration 64 of 100: loss=0.0537043139338 object_loss=0.00172622327227 distance_loss=0.0519780889153
Iteration 65 of 100: loss=0.0531415380538 object_loss=0.0011478838278 distance_loss=0.0519936531782
Iteration 66 of 100: loss=0.0558363460004 object_loss=0.00391045631841 distance_loss=0.0519258901477
Iteration 67 of 100: loss=0.0548166930676 object_loss=0.00252935872413 distance_loss=0.0522873327136
Iteration 68 of 100: loss=0.0541295036674 object_loss=0.00191568164155 distance_loss=0.0522138215601
Iteration 69 of 100: loss=0.0540200360119 object_loss=0.00219816854224 distance_loss=0.0518218688667
Iteration 70 of 100: loss=0.0535406544805 object_loss=0.00207659322768 distance_loss=0.0514640621841
Iteration 71 of 100: loss=0.0527056492865 object_loss=0.00129516166635 distance_loss=0.0514104887843
Iteration 72 of 100: loss=0.0513685829937 object_loss=0.000904070562683 distance_loss=0.0504645109177
Iteration 73 of 100: loss=0.0508628711104 object_loss=0.00124214519747 distance_loss=0.0496207252145
Iteration 74 of 100: loss=0.0500647984445 object_loss=0.00121563626453 distance_loss=0.0488491617143
Iteration 75 of 100: loss=0.0495695434511 object_loss=0.000911163282581 distance_loss=0.0486583784223
Iteration 76 of 100: loss=0.0497781746089 object_loss=0.00168809725437 distance_loss=0.0480900779366
Iteration 77 of 100: loss=0.0496206209064 object_loss=0.00228132423945 distance_loss=0.0473392978311
Iteration 78 of 100: loss=0.0479316189885 object_loss=0.00179128127638 distance_loss=0.0461403392255
Iteration 79 of 100: loss=0.0482200346887 object_loss=0.00307005317882 distance_loss=0.0451499819756
Iteration 80 of 100: loss=0.0468054488301 object_loss=0.00272344541736 distance_loss=0.0440820045769
Iteration 81 of 100: loss=0.047165133059 object_loss=0.00392584642395 distance_loss=0.0432392880321
Iteration 82 of 100: loss=0.0457802899182 object_loss=0.00274978857487 distance_loss=0.043030500412
Iteration 83 of 100: loss=0.0444204248488 object_loss=0.00163748511113 distance_loss=0.0427829399705
Iteration 84 of 100: loss=0.0434822849929 object_loss=0.00146134523675 distance_loss=0.0420209392905
Iteration 85 of 100: loss=0.0431879162788 object_loss=0.00171721470542 distance_loss=0.0414707027376
Iteration 86 of 100: loss=0.0424806848168 object_loss=0.00179210491478 distance_loss=0.0406885780394
Iteration 87 of 100: loss=0.0414906702936 object_loss=0.00188331166282 distance_loss=0.0396073572338
Iteration 88 of 100: loss=0.0412195287645 object_loss=0.00212107831612 distance_loss=0.0390984490514
Iteration 89 of 100: loss=0.0429260507226 object_loss=0.00422302726656 distance_loss=0.0387030243874
Iteration 90 of 100: loss=0.0422655753791 object_loss=0.00366703700274 distance_loss=0.0385985374451
Iteration 91 of 100: loss=0.0420701429248 object_loss=0.00283963326365 distance_loss=0.0392305105925
Iteration 92 of 100: loss=0.0433911457658 object_loss=0.00408024806529 distance_loss=0.0393108986318
Iteration 93 of 100: loss=0.0415072701871 object_loss=0.00238004419953 distance_loss=0.0391272269189
Iteration 94 of 100: loss=0.0419971272349 object_loss=0.0028380069416 distance_loss=0.0391591191292
Iteration 95 of 100: loss=0.0409887991846 object_loss=0.00202209223062 distance_loss=0.0389667078853
Iteration 96 of 100: loss=0.0407379791141 object_loss=0.00261080497876 distance_loss=0.0381271727383
Iteration 97 of 100: loss=0.0395261980593 object_loss=0.00147660018411 distance_loss=0.0380495972931
Iteration 98 of 100: loss=0.0390011370182 object_loss=0.00142345449422 distance_loss=0.0375776812434
Iteration 99 of 100: loss=0.0386980473995 object_loss=0.00138265884016 distance_loss=0.0373153872788
Iteration 0 of 100: loss=0.0391589812934 object_loss=0.00182162853889 distance_loss=0.0373373515904
Iteration 1 of 100: loss=0.0390338003635 object_loss=0.00175249390304 distance_loss=0.0372813083231
Iteration 2 of 100: loss=0.0390159897506 object_loss=0.00226086401381 distance_loss=0.0367551259696
Iteration 3 of 100: loss=0.0384647287428 object_loss=0.00181279680692 distance_loss=0.0366519317031
Iteration 4 of 100: loss=0.0393044240773 object_loss=0.00300646503456 distance_loss=0.0362979583442
Iteration 5 of 100: loss=0.0392815433443 object_loss=0.00324053992517 distance_loss=0.0360410027206
Iteration 6 of 100: loss=0.0392648652196 object_loss=0.00354433711618 distance_loss=0.0357205271721
Iteration 7 of 100: loss=0.038752797991 object_loss=0.00322533072904 distance_loss=0.0355274677277
Iteration 8 of 100: loss=0.0390132442117 object_loss=0.00342483981512 distance_loss=0.0355884060264
Iteration 9 of 100: loss=0.0395872592926 object_loss=0.00341981370002 distance_loss=0.0361674465239
Iteration 10 of 100: loss=0.0402864180505 object_loss=0.00382525613531 distance_loss=0.0364611633122
Iteration 11 of 100: loss=0.0419871024787 object_loss=0.00522931292653 distance_loss=0.0367577895522
Iteration 12 of 100: loss=0.0403548628092 object_loss=0.00345957744867 distance_loss=0.0368952862918
Iteration 13 of 100: loss=0.0400285348296 object_loss=0.00276309088804 distance_loss=0.0372654423118
Iteration 14 of 100: loss=0.0404267944396 object_loss=0.0029627548065 distance_loss=0.0374640412629
Iteration 15 of 100: loss=0.0415673702955 object_loss=0.0044585778378 distance_loss=0.0371087938547
Iteration 16 of 100: loss=0.0393078289926 object_loss=0.0023554386571 distance_loss=0.0369523912668
Iteration 17 of 100: loss=0.0387177914381 object_loss=0.00202077650465 distance_loss=0.0366970151663
Iteration 18 of 100: loss=0.0392014607787 object_loss=0.0026140306145 distance_loss=0.0365874320269
Iteration 19 of 100: loss=0.0397210605443 object_loss=0.00336007820442 distance_loss=0.0363609828055
Iteration 20 of 100: loss=0.0420326478779 object_loss=0.00593750458211 distance_loss=0.0360951423645
Iteration 21 of 100: loss=0.038867700845 object_loss=0.00263804057613 distance_loss=0.0362296588719
Iteration 22 of 100: loss=0.0385770611465 object_loss=0.00248221354559 distance_loss=0.0360948480666
Iteration 23 of 100: loss=0.0407945849001 object_loss=0.00452550593764 distance_loss=0.0362690798938
Iteration 24 of 100: loss=0.038428734988 object_loss=0.00206110393628 distance_loss=0.0363676324487
Iteration 25 of 100: loss=0.0384662412107 object_loss=0.00255905138329 distance_loss=0.0359071902931
Iteration 26 of 100: loss=0.038209348917 object_loss=0.00280965492129 distance_loss=0.0353996939957
Iteration 27 of 100: loss=0.0391008853912 object_loss=0.00393270235509 distance_loss=0.0351681821048
Iteration 28 of 100: loss=0.0403174124658 object_loss=0.00538551528007 distance_loss=0.0349318981171
Iteration 29 of 100: loss=0.0418565943837 object_loss=0.00680926861241 distance_loss=0.035047326237
Iteration 30 of 100: loss=0.040309984237 object_loss=0.00450428947806 distance_loss=0.0358056947589
Iteration 31 of 100: loss=0.0406330376863 object_loss=0.00424909824505 distance_loss=0.0363839380443
Iteration 32 of 100: loss=0.0383747406304 object_loss=0.00150903710164 distance_loss=0.0368657037616
Iteration 33 of 100: loss=0.0388188771904 object_loss=0.00120355910622 distance_loss=0.0376153178513
Iteration 34 of 100: loss=0.0396062768996 object_loss=0.00153865793254 distance_loss=0.0380676202476
Iteration 35 of 100: loss=0.0413667075336 object_loss=0.00349620427005 distance_loss=0.037870503962
Iteration 36 of 100: loss=0.0398559980094 object_loss=0.00238640303724 distance_loss=0.0374695956707
Iteration 37 of 100: loss=0.0408764444292 object_loss=0.00388739141636 distance_loss=0.0369890518486
Iteration 38 of 100: loss=0.0387218184769 object_loss=0.00257740542293 distance_loss=0.036144413054
Iteration 39 of 100: loss=0.038712117821 object_loss=0.00309019465931 distance_loss=0.0356219224632
Iteration 40 of 100: loss=0.0392667278647 object_loss=0.00351356901228 distance_loss=0.0357531569898
Iteration 41 of 100: loss=0.0373576432467 object_loss=0.00209962180816 distance_loss=0.0352580212057
Iteration 42 of 100: loss=0.0371764786541 object_loss=0.00239234906621 distance_loss=0.0347841307521
Iteration 43 of 100: loss=0.0366864427924 object_loss=0.00242360658012 distance_loss=0.0342628359795
Iteration 44 of 100: loss=0.0352796204388 object_loss=0.00190318119712 distance_loss=0.0333764404058
Iteration 45 of 100: loss=0.0362112559378 object_loss=0.00327715254389 distance_loss=0.0329341031611
Iteration 46 of 100: loss=0.036176674068 object_loss=0.00322780152783 distance_loss=0.0329488739371
Iteration 47 of 100: loss=0.0351026877761 object_loss=0.00212480849586 distance_loss=0.0329778790474
Iteration 48 of 100: loss=0.0368636399508 object_loss=0.00413385033607 distance_loss=0.0327297896147
Iteration 49 of 100: loss=0.0348683334887 object_loss=0.00251049827784 distance_loss=0.0323578342795
Iteration 50 of 100: loss=0.0358537323773 object_loss=0.00402412656695 distance_loss=0.0318296067417
Iteration 51 of 100: loss=0.0341307073832 object_loss=0.00266838865355 distance_loss=0.0314623191953
Iteration 52 of 100: loss=0.0333672203124 object_loss=0.00233687856235 distance_loss=0.0310303401202
Iteration 53 of 100: loss=0.0347105897963 object_loss=0.00418692361563 distance_loss=0.030523667112
Iteration 54 of 100: loss=0.034320127219 object_loss=0.00387718924321 distance_loss=0.0304429363459
Iteration 55 of 100: loss=0.0344573967159 object_loss=0.00388806685805 distance_loss=0.0305693298578
Iteration 56 of 100: loss=0.0333731584251 object_loss=0.00279352930374 distance_loss=0.0305796284229
Iteration 57 of 100: loss=0.0324301756918 object_loss=0.00178453687113 distance_loss=0.0306456387043
Iteration 58 of 100: loss=0.0333484634757 object_loss=0.00325786788017 distance_loss=0.0300905965269
Iteration 59 of 100: loss=0.0318706743419 object_loss=0.00228496314958 distance_loss=0.029585711658
Iteration 60 of 100: loss=0.0317033305764 object_loss=0.00225510005839 distance_loss=0.0294482316822
Iteration 61 of 100: loss=0.0332940332592 object_loss=0.00377178238705 distance_loss=0.0295222513378
Iteration 62 of 100: loss=0.0331454053521 object_loss=0.00358520378359 distance_loss=0.02956020087
Iteration 63 of 100: loss=0.0339733287692 object_loss=0.00420476403087 distance_loss=0.0297685656697
Iteration 64 of 100: loss=0.0363965407014 object_loss=0.00634545693174 distance_loss=0.0300510842353
Iteration 65 of 100: loss=0.03673414886 object_loss=0.00617182534188 distance_loss=0.0305623225868
Iteration 66 of 100: loss=0.0444803759456 object_loss=0.0125425998122 distance_loss=0.0319377742708
Iteration 67 of 100: loss=0.0450897663832 object_loss=0.010006647557 distance_loss=0.0350831188262
Iteration 68 of 100: loss=0.0417789369822 object_loss=0.00350778573193 distance_loss=0.0382711514831
Iteration 69 of 100: loss=0.043833270669 object_loss=0.00291067035869 distance_loss=0.040922600776
Iteration 70 of 100: loss=0.0442030467093 object_loss=0.00145593902562 distance_loss=0.0427471064031
Iteration 71 of 100: loss=0.0463526248932 object_loss=0.00282890885137 distance_loss=0.0435237176716
Iteration 72 of 100: loss=0.0452526137233 object_loss=0.00130023784004 distance_loss=0.0439523756504
Iteration 73 of 100: loss=0.0462283119559 object_loss=0.00184977753088 distance_loss=0.0443785339594
Iteration 74 of 100: loss=0.0469899661839 object_loss=0.00245672976598 distance_loss=0.0445332378149
Iteration 75 of 100: loss=0.0480510406196 object_loss=0.00358476513065 distance_loss=0.0444662757218
Iteration 76 of 100: loss=0.0469198822975 object_loss=0.00283654616214 distance_loss=0.0440833345056
Iteration 77 of 100: loss=0.0468176528811 object_loss=0.00361081119627 distance_loss=0.0432068407536
Iteration 78 of 100: loss=0.0456780530512 object_loss=0.00289973407052 distance_loss=0.0427783206105
Iteration 79 of 100: loss=0.0440485291183 object_loss=0.00174027413595 distance_loss=0.0423082560301
Iteration 80 of 100: loss=0.0429454520345 object_loss=0.00161091703922 distance_loss=0.0413345359266
Iteration 81 of 100: loss=0.0421667397022 object_loss=0.00160138774663 distance_loss=0.0405653528869
Iteration 82 of 100: loss=0.0428867340088 object_loss=0.00317690521479 distance_loss=0.039709828794
Iteration 83 of 100: loss=0.0440891943872 object_loss=0.00524621037766 distance_loss=0.0388429835439
Iteration 84 of 100: loss=0.0505037605762 object_loss=0.0117016052827 distance_loss=0.0388021543622
Iteration 85 of 100: loss=0.0571408942342 object_loss=0.0177353378385 distance_loss=0.0394055582583
Iteration 86 of 100: loss=0.0466595105827 object_loss=0.00559711968526 distance_loss=0.0410623922944
Iteration 87 of 100: loss=0.0497061386704 object_loss=0.00668959040195 distance_loss=0.0430165491998
Iteration 88 of 100: loss=0.0486862175167 object_loss=0.00386072718538 distance_loss=0.0448254905641
Iteration 89 of 100: loss=0.0494083054364 object_loss=0.0029311880935 distance_loss=0.0464771166444
Iteration 90 of 100: loss=0.0502985008061 object_loss=0.0019407090731 distance_loss=0.0483577921987
Iteration 91 of 100: loss=0.0512928850949 object_loss=0.00182879250497 distance_loss=0.0494640916586
Iteration 92 of 100: loss=0.053313575685 object_loss=0.0035404805094 distance_loss=0.049773093313
Iteration 93 of 100: loss=0.0538281835616 object_loss=0.00328541267663 distance_loss=0.0505427718163
Iteration 94 of 100: loss=0.053570035845 object_loss=0.00277860998176 distance_loss=0.0507914274931
Iteration 95 of 100: loss=0.053697489202 object_loss=0.003386386903 distance_loss=0.0503111034632
Iteration 96 of 100: loss=0.0517182350159 object_loss=0.00180815521162 distance_loss=0.0499100796878
Iteration 97 of 100: loss=0.0527729727328 object_loss=0.0036156445276 distance_loss=0.0491573289037
Iteration 98 of 100: loss=0.0503125078976 object_loss=0.00176435231697 distance_loss=0.0485481545329
Iteration 99 of 100: loss=0.0567804276943 object_loss=0.00853977445513 distance_loss=0.0482406541705
Iteration 0 of 100: loss=0.05580804497 object_loss=0.00662435824051 distance_loss=0.0491836853325
Iteration 1 of 100: loss=0.052205696702 object_loss=0.00173583917785 distance_loss=0.0504698567092
Iteration 2 of 100: loss=0.0534123666584 object_loss=0.00174818432424 distance_loss=0.0516641810536
Iteration 3 of 100: loss=0.0534176230431 object_loss=0.00119585217908 distance_loss=0.0522217713296
Iteration 4 of 100: loss=0.0559191927314 object_loss=0.00353569793515 distance_loss=0.0523834936321
Iteration 5 of 100: loss=0.0559267215431 object_loss=0.00268320855685 distance_loss=0.0532435141504
Iteration 6 of 100: loss=0.0586404949427 object_loss=0.00476354779676 distance_loss=0.0538769476116
Iteration 7 of 100: loss=0.0688040852547 object_loss=0.0143988505006 distance_loss=0.0544052347541
Iteration 8 of 100: loss=0.0601132661104 object_loss=0.003802026622 distance_loss=0.0563112385571
Iteration 9 of 100: loss=0.0604647770524 object_loss=0.00185380864423 distance_loss=0.0586109682918
Iteration 10 of 100: loss=0.0621532201767 object_loss=0.00192630372476 distance_loss=0.0602269172668
Iteration 11 of 100: loss=0.0637174472213 object_loss=0.00137701747008 distance_loss=0.0623404309154
Iteration 12 of 100: loss=0.0669388175011 object_loss=0.00273722666316 distance_loss=0.064201593399
Iteration 13 of 100: loss=0.0687156170607 object_loss=0.00327901402488 distance_loss=0.0654366016388
Iteration 14 of 100: loss=0.0678863674402 object_loss=0.00174313772004 distance_loss=0.0661432296038
Iteration 15 of 100: loss=0.0680174157023 object_loss=0.00102609209716 distance_loss=0.0669913217425
Iteration 16 of 100: loss=0.0689296349883 object_loss=0.00165625999216 distance_loss=0.0672733783722
Iteration 17 of 100: loss=0.0687375217676 object_loss=0.00119359174278 distance_loss=0.0675439313054
Iteration 18 of 100: loss=0.0686429813504 object_loss=0.00119751493912 distance_loss=0.0674454644322
Iteration 19 of 100: loss=0.0690192207694 object_loss=0.00216088583693 distance_loss=0.0668583363295
Iteration 20 of 100: loss=0.0691422820091 object_loss=0.00288736307994 distance_loss=0.0662549212575
Iteration 21 of 100: loss=0.0674787163734 object_loss=0.00156952475663 distance_loss=0.0659091919661
Iteration 22 of 100: loss=0.0674605518579 object_loss=0.00217220094055 distance_loss=0.0652883499861
Iteration 23 of 100: loss=0.066835179925 object_loss=0.00220820377581 distance_loss=0.0646269768476
Iteration 24 of 100: loss=0.0661622285843 object_loss=0.00197538454086 distance_loss=0.0641868412495
Iteration 25 of 100: loss=0.0654579624534 object_loss=0.00228354847059 distance_loss=0.0631744116545
Iteration 26 of 100: loss=0.0658997744322 object_loss=0.00347484624945 distance_loss=0.0624249279499
Iteration 27 of 100: loss=0.067009203136 object_loss=0.0052669076249 distance_loss=0.0617422945797
Iteration 28 of 100: loss=0.0648488923907 object_loss=0.00363875227049 distance_loss=0.0612101405859
Iteration 29 of 100: loss=0.0653485953808 object_loss=0.00475486926734 distance_loss=0.0605937242508
Iteration 30 of 100: loss=0.0845399275422 object_loss=0.0238352715969 distance_loss=0.0607046559453
Iteration 31 of 100: loss=0.067775554955 object_loss=0.00374936568551 distance_loss=0.0640261918306
Iteration 32 of 100: loss=0.0711894631386 object_loss=0.00344140827656 distance_loss=0.067748054862
Iteration 33 of 100: loss=0.0748254358768 object_loss=0.00397988688201 distance_loss=0.0708455517888
Iteration 34 of 100: loss=0.0765346735716 object_loss=0.00298649212345 distance_loss=0.0735481828451
Iteration 35 of 100: loss=0.0790881812572 object_loss=0.00279359240085 distance_loss=0.0762945860624
Iteration 36 of 100: loss=0.0811898037791 object_loss=0.00320183578879 distance_loss=0.0779879689217
Iteration 37 of 100: loss=0.0863932073116 object_loss=0.00733074266464 distance_loss=0.079062461853
Iteration 38 of 100: loss=0.0828156769276 object_loss=0.00269934022799 distance_loss=0.0801163390279
Iteration 39 of 100: loss=0.0864146202803 object_loss=0.00550593296066 distance_loss=0.0809086859226
Iteration 40 of 100: loss=0.0840404704213 object_loss=0.00267160404474 distance_loss=0.0813688635826
Iteration 41 of 100: loss=0.0841017067432 object_loss=0.00245260074735 distance_loss=0.0816491022706
Iteration 42 of 100: loss=0.085042744875 object_loss=0.00285643874668 distance_loss=0.0821863040328
Iteration 43 of 100: loss=0.0847196057439 object_loss=0.00229655299336 distance_loss=0.0824230536819
Iteration 44 of 100: loss=0.0847103893757 object_loss=0.00234501087107 distance_loss=0.0823653787374
Iteration 45 of 100: loss=0.0849377065897 object_loss=0.00307048833929 distance_loss=0.0818672180176
Iteration 46 of 100: loss=0.0838903710246 object_loss=0.00239155045711 distance_loss=0.08149882406
Iteration 47 of 100: loss=0.0834338143468 object_loss=0.00227374932729 distance_loss=0.081160068512
Iteration 48 of 100: loss=0.0842778533697 object_loss=0.0036925743334 distance_loss=0.0805852785707
Iteration 49 of 100: loss=0.0814501196146 object_loss=0.00156178721227 distance_loss=0.0798883289099
Iteration 50 of 100: loss=0.0801603347063 object_loss=0.00107631459832 distance_loss=0.0790840163827
Iteration 51 of 100: loss=0.0796387642622 object_loss=0.00150544510689 distance_loss=0.0781333222985
Iteration 52 of 100: loss=0.0883612632751 object_loss=0.0115112075582 distance_loss=0.0768500566483
Iteration 53 of 100: loss=0.0803057402372 object_loss=0.00162468943745 distance_loss=0.0786810517311
Iteration 54 of 100: loss=0.0838976800442 object_loss=0.00346279796213 distance_loss=0.0804348811507
Iteration 55 of 100: loss=0.0873728096485 object_loss=0.00579094793648 distance_loss=0.0815818607807
Iteration 56 of 100: loss=0.0848029702902 object_loss=0.00196387106553 distance_loss=0.082839101553
Iteration 57 of 100: loss=0.0860193297267 object_loss=0.00209236424416 distance_loss=0.0839269682765
Iteration 58 of 100: loss=0.0860128626227 object_loss=0.00182397360913 distance_loss=0.0841888859868
Iteration 59 of 100: loss=0.0869874581695 object_loss=0.00277414894663 distance_loss=0.08421330899
Iteration 60 of 100: loss=0.0872923135757 object_loss=0.00283002108335 distance_loss=0.0844622924924
Iteration 61 of 100: loss=0.0865522921085 object_loss=0.00250473059714 distance_loss=0.084047563374
Iteration 62 of 100: loss=0.0857619941235 object_loss=0.00196783570573 distance_loss=0.0837941616774
Iteration 63 of 100: loss=0.0844976752996 object_loss=0.00151004246436 distance_loss=0.0829876363277
Iteration 64 of 100: loss=0.0831632241607 object_loss=0.00155468587764 distance_loss=0.0816085413098
Iteration 65 of 100: loss=0.0830103829503 object_loss=0.00251745339483 distance_loss=0.0804929286242
Iteration 66 of 100: loss=0.0820100605488 object_loss=0.00252045295201 distance_loss=0.0794896110892
Iteration 67 of 100: loss=0.080916531384 object_loss=0.00238181371242 distance_loss=0.0785347148776
Iteration 68 of 100: loss=0.0845012739301 object_loss=0.00681426050141 distance_loss=0.077687010169
Iteration 69 of 100: loss=0.0850294083357 object_loss=0.00744635565206 distance_loss=0.077583052218
Iteration 70 of 100: loss=0.0796671658754 object_loss=0.00215058634058 distance_loss=0.0775165781379
Iteration 71 of 100: loss=0.0794464573264 object_loss=0.00182650133502 distance_loss=0.0776199549437
Iteration 72 of 100: loss=0.0785281062126 object_loss=0.00130116962828 distance_loss=0.0772269368172
Iteration 73 of 100: loss=0.0788150727749 object_loss=0.0017032235628 distance_loss=0.0771118476987
Iteration 74 of 100: loss=0.0774455815554 object_loss=0.000898287515156 distance_loss=0.0765472948551
Iteration 75 of 100: loss=0.0764896571636 object_loss=0.000798775174189 distance_loss=0.0756908804178
Iteration 76 of 100: loss=0.0757682844996 object_loss=0.00157940888312 distance_loss=0.0741888731718
Iteration 77 of 100: loss=0.078380599618 object_loss=0.00541914952919 distance_loss=0.0729614496231
Iteration 78 of 100: loss=0.0731972455978 object_loss=0.00101602158975 distance_loss=0.072181224823
Iteration 79 of 100: loss=0.0751939117908 object_loss=0.00363243161701 distance_loss=0.0715614780784
Iteration 80 of 100: loss=0.0733703821898 object_loss=0.00214028172195 distance_loss=0.0712300986052
Iteration 81 of 100: loss=0.0724452733994 object_loss=0.00184569135308 distance_loss=0.070599578321
Iteration 82 of 100: loss=0.0717700272799 object_loss=0.00194237881806 distance_loss=0.0698276460171
Iteration 83 of 100: loss=0.0705484822392 object_loss=0.00131403782871 distance_loss=0.0692344456911
Iteration 84 of 100: loss=0.0694383382797 object_loss=0.00116743484978 distance_loss=0.068270906806
Iteration 85 of 100: loss=0.068436615169 object_loss=0.00131775892805 distance_loss=0.0671188533306
Iteration 86 of 100: loss=0.0677928328514 object_loss=0.00153391866479 distance_loss=0.0662589147687
Iteration 87 of 100: loss=0.0670756995678 object_loss=0.00175728276372 distance_loss=0.0653184130788
Iteration 88 of 100: loss=0.0661969333887 object_loss=0.0026148268953 distance_loss=0.0635821074247
Iteration 89 of 100: loss=0.0657298266888 object_loss=0.00338787585497 distance_loss=0.0623419545591
Iteration 90 of 100: loss=0.0670303627849 object_loss=0.00575196975842 distance_loss=0.0612783916295
Iteration 91 of 100: loss=0.0661908984184 object_loss=0.00570385251194 distance_loss=0.0604870468378
Iteration 92 of 100: loss=0.0639124289155 object_loss=0.0037493025884 distance_loss=0.0601631253958
Iteration 93 of 100: loss=0.0617671236396 object_loss=0.00185928540304 distance_loss=0.0599078387022
Iteration 94 of 100: loss=0.060720294714 object_loss=0.00164457224309 distance_loss=0.0590757243335
Iteration 95 of 100: loss=0.0599269047379 object_loss=0.00165044225287 distance_loss=0.0582764633
Iteration 96 of 100: loss=0.0601221099496 object_loss=0.0026607804466 distance_loss=0.0574613288045
Iteration 97 of 100: loss=0.0589030236006 object_loss=0.00258782296441 distance_loss=0.056315202266
Iteration 98 of 100: loss=0.0573551654816 object_loss=0.00221095746383 distance_loss=0.0551442094147
Iteration 99 of 100: loss=0.056115232408 object_loss=0.00196246453561 distance_loss=0.0541527681053
Iteration 0 of 100: loss=0.0554074533284 object_loss=0.00232666381635 distance_loss=0.0530807897449
Iteration 1 of 100: loss=0.0541995614767 object_loss=0.00173491251189 distance_loss=0.0524646490812
Iteration 2 of 100: loss=0.0538144223392 object_loss=0.00210769986734 distance_loss=0.0517067238688
Iteration 3 of 100: loss=0.0531515106559 object_loss=0.0024346858263 distance_loss=0.0507168248296
Iteration 4 of 100: loss=0.0534521043301 object_loss=0.00361950136721 distance_loss=0.0498326048255
Iteration 5 of 100: loss=0.0518214851618 object_loss=0.00298363063484 distance_loss=0.0488378554583
Iteration 6 of 100: loss=0.0510007664561 object_loss=0.00318707316183 distance_loss=0.0478136949241
Iteration 7 of 100: loss=0.0517810434103 object_loss=0.00447740964592 distance_loss=0.047303635627
Iteration 8 of 100: loss=0.0506162345409 object_loss=0.00388104678132 distance_loss=0.0467351861298
Iteration 9 of 100: loss=0.0523077994585 object_loss=0.00614561000839 distance_loss=0.0461621880531
Iteration 10 of 100: loss=0.0490165650845 object_loss=0.00270906859078 distance_loss=0.0463074967265
Iteration 11 of 100: loss=0.0494723320007 object_loss=0.00308800465427 distance_loss=0.0463843271136
Iteration 12 of 100: loss=0.0488249920309 object_loss=0.00299165048636 distance_loss=0.0458333417773
Iteration 13 of 100: loss=0.049891538918 object_loss=0.0044246991165 distance_loss=0.0454668402672
Iteration 14 of 100: loss=0.0516096390784 object_loss=0.00605574296787 distance_loss=0.0455538965762
Iteration 15 of 100: loss=0.0489111430943 object_loss=0.00329475011677 distance_loss=0.0456163920462
Iteration 16 of 100: loss=0.049737855792 object_loss=0.00444888230413 distance_loss=0.0452889725566
Iteration 17 of 100: loss=0.0494367256761 object_loss=0.00462515372783 distance_loss=0.0448115728796
Iteration 18 of 100: loss=0.0478876233101 object_loss=0.00358852255158 distance_loss=0.0442990995944
Iteration 19 of 100: loss=0.0479641854763 object_loss=0.00410118699074 distance_loss=0.0438629984856
Iteration 20 of 100: loss=0.0492116510868 object_loss=0.00563948554918 distance_loss=0.043572165072
Iteration 21 of 100: loss=0.0467837117612 object_loss=0.00342772388831 distance_loss=0.0433559864759
Iteration 22 of 100: loss=0.0453545004129 object_loss=0.00194618175738 distance_loss=0.0434083193541
Iteration 23 of 100: loss=0.0450176894665 object_loss=0.00166387751233 distance_loss=0.0433538109064
Iteration 24 of 100: loss=0.0450182296336 object_loss=0.00221876334399 distance_loss=0.0427994653583
Iteration 25 of 100: loss=0.0440975874662 object_loss=0.00186532293446 distance_loss=0.0422322638333
Iteration 26 of 100: loss=0.0436788983643 object_loss=0.00209952495061 distance_loss=0.0415793731809
Iteration 27 of 100: loss=0.0437308624387 object_loss=0.00274605117738 distance_loss=0.0409848093987
Iteration 28 of 100: loss=0.0430049821734 object_loss=0.00227798288688 distance_loss=0.0407270006835
Iteration 29 of 100: loss=0.0424317903817 object_loss=0.00245660054497 distance_loss=0.0399751886725
Iteration 30 of 100: loss=0.0432190559804 object_loss=0.00403992226347 distance_loss=0.039179135114
Iteration 31 of 100: loss=0.0428106971085 object_loss=0.00370152061805 distance_loss=0.0391091778874
Iteration 32 of 100: loss=0.0426921099424 object_loss=0.00367689691484 distance_loss=0.039015211165
Iteration 33 of 100: loss=0.0440219826996 object_loss=0.00529360910878 distance_loss=0.0387283749878
Iteration 34 of 100: loss=0.041479613632 object_loss=0.00256562465802 distance_loss=0.038913987577
Iteration 35 of 100: loss=0.0411055386066 object_loss=0.00213873758912 distance_loss=0.0389668010175
Iteration 36 of 100: loss=0.0398924984038 object_loss=0.00143332045991 distance_loss=0.0384591780603
Iteration 37 of 100: loss=0.0402516908944 object_loss=0.00228866515681 distance_loss=0.0379630252719
Iteration 38 of 100: loss=0.0410043485463 object_loss=0.00347047136165 distance_loss=0.0375338755548
Iteration 39 of 100: loss=0.0418096110225 object_loss=0.00471141003072 distance_loss=0.0370981991291
Iteration 40 of 100: loss=0.0401067845523 object_loss=0.00343263102695 distance_loss=0.0366741530597
Iteration 41 of 100: loss=0.0410049632192 object_loss=0.00462205847725 distance_loss=0.0363829061389
Iteration 42 of 100: loss=0.0396279320121 object_loss=0.00339426170103 distance_loss=0.0362336710095
Iteration 43 of 100: loss=0.0390616729856 object_loss=0.00279656029306 distance_loss=0.0362651124597
Iteration 44 of 100: loss=0.0391318462789 object_loss=0.0030830106698 distance_loss=0.0360488370061
Iteration 45 of 100: loss=0.0404207631946 object_loss=0.00473006721586 distance_loss=0.0356906950474
Iteration 46 of 100: loss=0.0391618721187 object_loss=0.00373380677775 distance_loss=0.0354280658066
Iteration 47 of 100: loss=0.0372834131122 object_loss=0.00208362913691 distance_loss=0.0351997837424
Iteration 48 of 100: loss=0.0375689938664 object_loss=0.00329959136434 distance_loss=0.0342694036663
Iteration 49 of 100: loss=0.0373359061778 object_loss=0.00333655253053 distance_loss=0.0339993536472
Iteration 50 of 100: loss=0.0363523028791 object_loss=0.00230836099945 distance_loss=0.0340439416468
Iteration 51 of 100: loss=0.0365535840392 object_loss=0.00269192829728 distance_loss=0.0338616557419
Iteration 52 of 100: loss=0.0364815220237 object_loss=0.00278807617724 distance_loss=0.0336934439838
Iteration 53 of 100: loss=0.0352774560452 object_loss=0.00182514823973 distance_loss=0.0334523059428
Iteration 54 of 100: loss=0.035186689347 object_loss=0.00194563856348 distance_loss=0.0332410521805
Iteration 55 of 100: loss=0.034896004945 object_loss=0.00194122584071 distance_loss=0.0329547785223
Iteration 56 of 100: loss=0.0342119708657 object_loss=0.0016464398941 distance_loss=0.0325655303895
Iteration 57 of 100: loss=0.0339504592121 object_loss=0.00191624951549 distance_loss=0.0320342108607
Iteration 58 of 100: loss=0.0347988791764 object_loss=0.00286697922274 distance_loss=0.031931899488
Iteration 59 of 100: loss=0.0341448299587 object_loss=0.00256581907161 distance_loss=0.0315790101886
Iteration 60 of 100: loss=0.0333401374519 object_loss=0.00206244480796 distance_loss=0.0312776938081
Iteration 61 of 100: loss=0.0336683243513 object_loss=0.00274169608019 distance_loss=0.0309266280383
Iteration 62 of 100: loss=0.0335960462689 object_loss=0.00306244497187 distance_loss=0.0305336024612
Iteration 63 of 100: loss=0.0365740396082 object_loss=0.00614607241005 distance_loss=0.0304279662669
Iteration 64 of 100: loss=0.0350360684097 object_loss=0.00453228643164 distance_loss=0.030503783375
Iteration 65 of 100: loss=0.0358880981803 object_loss=0.00551826693118 distance_loss=0.0303698331118
Iteration 66 of 100: loss=0.0414295457304 object_loss=0.0105506116524 distance_loss=0.0308789331466
Iteration 67 of 100: loss=0.0409375354648 object_loss=0.00897956173867 distance_loss=0.0319579727948
Iteration 68 of 100: loss=0.0385330729187 object_loss=0.00546158896759 distance_loss=0.0330714844167
Iteration 69 of 100: loss=0.0370493121445 object_loss=0.00284872506745 distance_loss=0.0342005863786
Iteration 70 of 100: loss=0.0378618873656 object_loss=0.00217655976303 distance_loss=0.0356853269041
Iteration 71 of 100: loss=0.0383679643273 object_loss=0.00200547766872 distance_loss=0.0363624878228
Iteration 72 of 100: loss=0.0391704700887 object_loss=0.00313967769034 distance_loss=0.0360307916999
Iteration 73 of 100: loss=0.0390213355422 object_loss=0.00301495171152 distance_loss=0.0360063835979
Iteration 74 of 100: loss=0.0401673875749 object_loss=0.00408173399046 distance_loss=0.0360856540501
Iteration 75 of 100: loss=0.0412605181336 object_loss=0.00525928288698 distance_loss=0.0360012352467
Iteration 76 of 100: loss=0.0431079268456 object_loss=0.00716858776286 distance_loss=0.0359393395483
Iteration 77 of 100: loss=0.0390497967601 object_loss=0.00218935590237 distance_loss=0.0368604399264
Iteration 78 of 100: loss=0.0394918471575 object_loss=0.00230062822811 distance_loss=0.0371912196279
Iteration 79 of 100: loss=0.0405648425221 object_loss=0.0030956082046 distance_loss=0.0374692343175
Iteration 80 of 100: loss=0.0390238426626 object_loss=0.00148201815318 distance_loss=0.0375418253243
Iteration 81 of 100: loss=0.0395543687046 object_loss=0.00216597341932 distance_loss=0.0373883955181
Iteration 82 of 100: loss=0.0400732345879 object_loss=0.0031163811218 distance_loss=0.0369568541646
Iteration 83 of 100: loss=0.0392689593136 object_loss=0.00232329615392 distance_loss=0.0369456633925
Iteration 84 of 100: loss=0.0405019670725 object_loss=0.00363066513091 distance_loss=0.0368713028729
Iteration 85 of 100: loss=0.0415562279522 object_loss=0.00477441912517 distance_loss=0.0367818102241
Iteration 86 of 100: loss=0.0424704216421 object_loss=0.00553187401965 distance_loss=0.0369385480881
Iteration 87 of 100: loss=0.0432736463845 object_loss=0.00632003694773 distance_loss=0.0369536094368
Iteration 88 of 100: loss=0.040806338191 object_loss=0.00360503559932 distance_loss=0.0372013039887
Iteration 89 of 100: loss=0.0403167046607 object_loss=0.00269012106583 distance_loss=0.0376265831292
Iteration 90 of 100: loss=0.041883867234 object_loss=0.00425725104287 distance_loss=0.0376266166568
Iteration 91 of 100: loss=0.0411148481071 object_loss=0.00349694536999 distance_loss=0.0376179032028
Iteration 92 of 100: loss=0.0401987470686 object_loss=0.00252575404011 distance_loss=0.0376729927957
Iteration 93 of 100: loss=0.0421979017556 object_loss=0.00431118160486 distance_loss=0.0378867201507
Iteration 94 of 100: loss=0.041996460408 object_loss=0.00350571307354 distance_loss=0.0384907461703
Iteration 95 of 100: loss=0.0432570613921 object_loss=0.00428964570165 distance_loss=0.0389674156904
Iteration 96 of 100: loss=0.0500029623508 object_loss=0.0109778009355 distance_loss=0.0390251614153
Iteration 97 of 100: loss=0.0506407506764 object_loss=0.00969849620014 distance_loss=0.0409422554076
Iteration 98 of 100: loss=0.0732004642487 object_loss=0.0297878235579 distance_loss=0.0434126406908
Iteration 99 of 100: loss=0.0506058372557 object_loss=0.00146545516327 distance_loss=0.0491403825581
Iteration 0 of 100: loss=0.0553756020963 object_loss=0.00151507277042 distance_loss=0.0538605302572
Iteration 1 of 100: loss=0.0603049173951 object_loss=0.00238163513131 distance_loss=0.057923283428
Iteration 2 of 100: loss=0.0630669668317 object_loss=0.00162133877166 distance_loss=0.0614456273615
Iteration 3 of 100: loss=0.0650348588824 object_loss=0.000663395796437 distance_loss=0.0643714666367
Iteration 4 of 100: loss=0.0669776573777 object_loss=0.000975138391368 distance_loss=0.0660025179386
Iteration 5 of 100: loss=0.0691594034433 object_loss=0.00229424424469 distance_loss=0.0668651610613
Iteration 6 of 100: loss=0.0686194822192 object_loss=0.000649287423585 distance_loss=0.0679701939225
Iteration 7 of 100: loss=0.0696750506759 object_loss=0.00103290891275 distance_loss=0.0686421394348
Iteration 8 of 100: loss=0.069373190403 object_loss=0.000971037894487 distance_loss=0.0684021562338
Iteration 9 of 100: loss=0.0693591460586 object_loss=0.00108271813951 distance_loss=0.0682764276862
Iteration 10 of 100: loss=0.0691155865788 object_loss=0.00145781494211 distance_loss=0.0676577687263
Iteration 11 of 100: loss=0.068619966507 object_loss=0.0016239467077 distance_loss=0.0669960230589
Iteration 12 of 100: loss=0.0681789070368 object_loss=0.00200704997405 distance_loss=0.0661718547344
Iteration 13 of 100: loss=0.0686200037599 object_loss=0.00253463233821 distance_loss=0.0660853683949
Iteration 14 of 100: loss=0.0676961392164 object_loss=0.00176607514732 distance_loss=0.0659300610423
Iteration 15 of 100: loss=0.0677454322577 object_loss=0.00207362230867 distance_loss=0.0656718090177
Iteration 16 of 100: loss=0.0674511268735 object_loss=0.0025722165592 distance_loss=0.06487891078
Iteration 17 of 100: loss=0.0658841952682 object_loss=0.0019791892264 distance_loss=0.0639050081372
Iteration 18 of 100: loss=0.0643585696816 object_loss=0.00116484356113 distance_loss=0.0631937235594
Iteration 19 of 100: loss=0.0641647428274 object_loss=0.00184436421841 distance_loss=0.062320381403
Iteration 20 of 100: loss=0.0631597340107 object_loss=0.00192321988288 distance_loss=0.0612365119159
Iteration 21 of 100: loss=0.0613686107099 object_loss=0.00122743367683 distance_loss=0.0601411759853
Iteration 22 of 100: loss=0.0606676824391 object_loss=0.00120703619905 distance_loss=0.0594606474042
Iteration 23 of 100: loss=0.0602678693831 object_loss=0.0019890984986 distance_loss=0.0582787692547
Iteration 24 of 100: loss=0.0672976970673 object_loss=0.00999758765101 distance_loss=0.057300105691
Iteration 25 of 100: loss=0.0653734207153 object_loss=0.00734288664535 distance_loss=0.0580305345356
Iteration 26 of 100: loss=0.0666357725859 object_loss=0.00685091177002 distance_loss=0.0597848631442
Iteration 27 of 100: loss=0.0637919455767 object_loss=0.00157473632134 distance_loss=0.0622172057629
Iteration 28 of 100: loss=0.0653048753738 object_loss=0.00131227879319 distance_loss=0.0639925971627
Iteration 29 of 100: loss=0.0662750154734 object_loss=0.00119004491717 distance_loss=0.0650849714875
Iteration 30 of 100: loss=0.0672221928835 object_loss=0.00123365828767 distance_loss=0.0659885331988
Iteration 31 of 100: loss=0.0673903077841 object_loss=0.000945983629208 distance_loss=0.0664443224669
Iteration 32 of 100: loss=0.067823536694 object_loss=0.00166855065618 distance_loss=0.0661549866199
Iteration 33 of 100: loss=0.0679269507527 object_loss=0.00169962504879 distance_loss=0.066227324307
Iteration 34 of 100: loss=0.0674021393061 object_loss=0.00162325054407 distance_loss=0.065778888762
Iteration 35 of 100: loss=0.06658411026 object_loss=0.00129633734468 distance_loss=0.0652877762914
Iteration 36 of 100: loss=0.0661794617772 object_loss=0.00137578393333 distance_loss=0.0648036748171
Iteration 37 of 100: loss=0.0654073879123 object_loss=0.00126991758589 distance_loss=0.0641374737024
Iteration 38 of 100: loss=0.0646293908358 object_loss=0.00150493683759 distance_loss=0.0631244555116
Iteration 39 of 100: loss=0.063966691494 object_loss=0.00171698420309 distance_loss=0.0622497051954
Iteration 40 of 100: loss=0.0627783536911 object_loss=0.00113405741286 distance_loss=0.0616442970932
Iteration 41 of 100: loss=0.0611766912043 object_loss=0.000803423288744 distance_loss=0.0603732690215
Iteration 42 of 100: loss=0.0606104321778 object_loss=0.00127005472314 distance_loss=0.0593403764069
Iteration 43 of 100: loss=0.0598308555782 object_loss=0.00167012121528 distance_loss=0.0581607334316
Iteration 44 of 100: loss=0.0581092014909 object_loss=0.00128078751732 distance_loss=0.0568284131587
Iteration 45 of 100: loss=0.0581431388855 object_loss=0.00194265728351 distance_loss=0.0562004819512
Iteration 46 of 100: loss=0.0571628063917 object_loss=0.00178314198274 distance_loss=0.0553796626627
Iteration 47 of 100: loss=0.0572411864996 object_loss=0.00285526132211 distance_loss=0.0543859265745
Iteration 48 of 100: loss=0.0554608851671 object_loss=0.00233923410997 distance_loss=0.0531216524541
Iteration 49 of 100: loss=0.0542990416288 object_loss=0.00218772352673 distance_loss=0.0521113164723
Iteration 50 of 100: loss=0.0533927157521 object_loss=0.00213693641126 distance_loss=0.0512557812035
Iteration 51 of 100: loss=0.0537632592022 object_loss=0.00326584721915 distance_loss=0.0504974126816
Iteration 52 of 100: loss=0.0701123476028 object_loss=0.0202848184854 distance_loss=0.0498275272548
Iteration 53 of 100: loss=0.0545843355358 object_loss=0.00279974704608 distance_loss=0.0517845898867
Iteration 54 of 100: loss=0.0555044896901 object_loss=0.00163201417308 distance_loss=0.0538724772632
Iteration 55 of 100: loss=0.0567837506533 object_loss=0.00172957323957 distance_loss=0.0550541765988
Iteration 56 of 100: loss=0.0587096698582 object_loss=0.00311315362342 distance_loss=0.0555965155363
Iteration 57 of 100: loss=0.0574223771691 object_loss=0.00153623649385 distance_loss=0.0558861419559
Iteration 58 of 100: loss=0.0578630045056 object_loss=0.00167788367253 distance_loss=0.0561851225793
Iteration 59 of 100: loss=0.0585141479969 object_loss=0.00190969894174 distance_loss=0.0566044487059
Iteration 60 of 100: loss=0.0588833205402 object_loss=0.00176856864709 distance_loss=0.0571147501469
Iteration 61 of 100: loss=0.0592716522515 object_loss=0.00192750978749 distance_loss=0.0573441423476
Iteration 62 of 100: loss=0.0582760609686 object_loss=0.00144698261283 distance_loss=0.0568290799856
Iteration 63 of 100: loss=0.0585311427712 object_loss=0.00221895007417 distance_loss=0.0563121922314
Iteration 64 of 100: loss=0.0596548952162 object_loss=0.00359201477841 distance_loss=0.0560628809035
Iteration 65 of 100: loss=0.0582784079015 object_loss=0.00225697364658 distance_loss=0.0560214333236
Iteration 66 of 100: loss=0.0583292096853 object_loss=0.00273092789575 distance_loss=0.0555982813239
Iteration 67 of 100: loss=0.0559237711132 object_loss=0.000977153657004 distance_loss=0.054946616292
Iteration 68 of 100: loss=0.0553548671305 object_loss=0.00110402540304 distance_loss=0.0542508400977
Iteration 69 of 100: loss=0.055582832545 object_loss=0.00174009276088 distance_loss=0.0538427382708
Iteration 70 of 100: loss=0.0546715483069 object_loss=0.00130619399715 distance_loss=0.0533653534949
Iteration 71 of 100: loss=0.053545024246 object_loss=0.00108078692574 distance_loss=0.052464235574
Iteration 72 of 100: loss=0.0528082288802 object_loss=0.0012802494457 distance_loss=0.051527980715
Iteration 73 of 100: loss=0.0525852330029 object_loss=0.00175914040301 distance_loss=0.0508260913193
Iteration 74 of 100: loss=0.0544022656977 object_loss=0.00469546858221 distance_loss=0.0497067980468
Iteration 75 of 100: loss=0.0537519901991 object_loss=0.00409551616758 distance_loss=0.0496564731002
Iteration 76 of 100: loss=0.057087816298 object_loss=0.00692543154582 distance_loss=0.0501623861492
Iteration 77 of 100: loss=0.0539189018309 object_loss=0.003308609128 distance_loss=0.0506102927029
Iteration 78 of 100: loss=0.0523630827665 object_loss=0.00135084614158 distance_loss=0.051012236625
Iteration 79 of 100: loss=0.0535020306706 object_loss=0.00249353563413 distance_loss=0.0510084964335
Iteration 80 of 100: loss=0.0519863441586 object_loss=0.00107172178105 distance_loss=0.0509146228433
Iteration 81 of 100: loss=0.051775790751 object_loss=0.00100273720454 distance_loss=0.0507730543613
Iteration 82 of 100: loss=0.0518494099379 object_loss=0.00159367010929 distance_loss=0.0502557381988
Iteration 83 of 100: loss=0.0518511533737 object_loss=0.00235183211043 distance_loss=0.0494993217289
Iteration 84 of 100: loss=0.0525908432901 object_loss=0.00338324997574 distance_loss=0.0492075942457
Iteration 85 of 100: loss=0.0520423091948 object_loss=0.00312690669671 distance_loss=0.0489154011011
Iteration 86 of 100: loss=0.0519121102989 object_loss=0.00353278499097 distance_loss=0.0483793243766
Iteration 87 of 100: loss=0.0502881854773 object_loss=0.00174020160921 distance_loss=0.0485479831696
Iteration 88 of 100: loss=0.0511609464884 object_loss=0.00307754706591 distance_loss=0.0480833984911
Iteration 89 of 100: loss=0.0504094809294 object_loss=0.00341573450714 distance_loss=0.0469937473536
Iteration 90 of 100: loss=0.0499138049781 object_loss=0.00324956327677 distance_loss=0.0466642417014
Iteration 91 of 100: loss=0.0502885617316 object_loss=0.00340777565725 distance_loss=0.0468807853758
Iteration 92 of 100: loss=0.0517418794334 object_loss=0.00532291457057 distance_loss=0.0464189648628
Iteration 93 of 100: loss=0.0499121770263 object_loss=0.0034880801104 distance_loss=0.0464240983129
Iteration 94 of 100: loss=0.0495210811496 object_loss=0.00274523533881 distance_loss=0.0467758476734
Iteration 95 of 100: loss=0.0512850880623 object_loss=0.00455558532849 distance_loss=0.0467295013368
Iteration 96 of 100: loss=0.051355689764 object_loss=0.00483667245135 distance_loss=0.0465190187097
Iteration 97 of 100: loss=0.0479094497859 object_loss=0.00132395117544 distance_loss=0.0465855002403
Iteration 98 of 100: loss=0.0477662980556 object_loss=0.000989827560261 distance_loss=0.0467764697969
Iteration 99 of 100: loss=0.0482386536896 object_loss=0.00145690981299 distance_loss=0.046781744808
Iteration 0 of 100: loss=0.0474431030452 object_loss=0.00100026011933 distance_loss=0.0464428439736
Iteration 1 of 100: loss=0.0485443808138 object_loss=0.00249509769492 distance_loss=0.0460492819548
Iteration 2 of 100: loss=0.0483953654766 object_loss=0.00256028561853 distance_loss=0.0458350814879
Iteration 3 of 100: loss=0.0493393465877 object_loss=0.00335854617879 distance_loss=0.0459807999432
Iteration 4 of 100: loss=0.048561360687 object_loss=0.00270575890318 distance_loss=0.0458556003869
Iteration 5 of 100: loss=0.047117318958 object_loss=0.00140055036172 distance_loss=0.0457167699933
Iteration 6 of 100: loss=0.0477116592228 object_loss=0.00220099207945 distance_loss=0.0455106683075
Iteration 7 of 100: loss=0.048716597259 object_loss=0.00344892847352 distance_loss=0.0452676676214
Iteration 8 of 100: loss=0.0469078794122 object_loss=0.00177545915358 distance_loss=0.0451324209571
Iteration 9 of 100: loss=0.047103330493 object_loss=0.00215417891741 distance_loss=0.0449491515756
Iteration 10 of 100: loss=0.0477123856544 object_loss=0.0030280908104 distance_loss=0.0446842946112
Iteration 11 of 100: loss=0.0460682250559 object_loss=0.0015996202128 distance_loss=0.0444686040282
Iteration 12 of 100: loss=0.0484435893595 object_loss=0.00440651644021 distance_loss=0.0440370738506
Iteration 13 of 100: loss=0.0465140789747 object_loss=0.00268905982375 distance_loss=0.043825019151
Iteration 14 of 100: loss=0.0453818105161 object_loss=0.00162043201271 distance_loss=0.0437613800168
Iteration 15 of 100: loss=0.0469071678817 object_loss=0.00357618089765 distance_loss=0.0433309860528
Iteration 16 of 100: loss=0.0457835197449 object_loss=0.00309321540408 distance_loss=0.0426903031766
Iteration 17 of 100: loss=0.0451600253582 object_loss=0.00261263223365 distance_loss=0.0425473935902
Iteration 18 of 100: loss=0.0437023490667 object_loss=0.00167784432415 distance_loss=0.0420245043933
Iteration 19 of 100: loss=0.043144017458 object_loss=0.00169818138238 distance_loss=0.0414458364248
Iteration 20 of 100: loss=0.0441429503262 object_loss=0.00314248679206 distance_loss=0.0410004630685
Iteration 21 of 100: loss=0.0434293076396 object_loss=0.00227883830667 distance_loss=0.0411504693329
Iteration 22 of 100: loss=0.0423524528742 object_loss=0.00135774235241 distance_loss=0.0409947112203
Iteration 23 of 100: loss=0.04262329638 object_loss=0.00194647361059 distance_loss=0.0406768210232
Iteration 24 of 100: loss=0.0419741384685 object_loss=0.00177667837124 distance_loss=0.0401974618435
Iteration 25 of 100: loss=0.0418514460325 object_loss=0.00244075758383 distance_loss=0.039410687983
Iteration 26 of 100: loss=0.0407143756747 object_loss=0.00199849298224 distance_loss=0.0387158840895
Iteration 27 of 100: loss=0.0410245880485 object_loss=0.00289915967733 distance_loss=0.0381254293025
Iteration 28 of 100: loss=0.0404893010855 object_loss=0.0028313472867 distance_loss=0.0376579537988
Iteration 29 of 100: loss=0.0395274199545 object_loss=0.00208262330852 distance_loss=0.0374447964132
Iteration 30 of 100: loss=0.0399209111929 object_loss=0.00259599764831 distance_loss=0.0373249128461
Iteration 31 of 100: loss=0.0405463054776 object_loss=0.00367219070904 distance_loss=0.0368741154671
Iteration 32 of 100: loss=0.0404307171702 object_loss=0.00387301598676 distance_loss=0.036557700485
Iteration 33 of 100: loss=0.0384886525571 object_loss=0.00186594051775 distance_loss=0.036622710526
Iteration 34 of 100: loss=0.0405064038932 object_loss=0.0040731257759 distance_loss=0.0364332795143
Iteration 35 of 100: loss=0.0421519614756 object_loss=0.00570636522025 distance_loss=0.036445595324
Iteration 36 of 100: loss=0.0412204489112 object_loss=0.00404853513464 distance_loss=0.0371719151735
Iteration 37 of 100: loss=0.0426726862788 object_loss=0.00501892436296 distance_loss=0.0376537628472
Iteration 38 of 100: loss=0.0418183766305 object_loss=0.00350094563328 distance_loss=0.0383174307644
Iteration 39 of 100: loss=0.0465540960431 object_loss=0.00795513950288 distance_loss=0.0385989584029
Iteration 40 of 100: loss=0.0499627776444 object_loss=0.0105675160885 distance_loss=0.0393952615559
Iteration 41 of 100: loss=0.0534704774618 object_loss=0.0128980875015 distance_loss=0.0405723899603
Iteration 42 of 100: loss=0.0516601130366 object_loss=0.00908872298896 distance_loss=0.042571388185
Iteration 43 of 100: loss=0.0510895438492 object_loss=0.00690392497927 distance_loss=0.0441856198013
Iteration 44 of 100: loss=0.059946898371 object_loss=0.0145983314142 distance_loss=0.0453485660255
Iteration 45 of 100: loss=0.048941295594 object_loss=0.00145321048331 distance_loss=0.0474880859256
Iteration 46 of 100: loss=0.0498195588589 object_loss=0.000809781718999 distance_loss=0.0490097776055
Iteration 47 of 100: loss=0.0523714348674 object_loss=0.00249123503454 distance_loss=0.0498801991343
Iteration 48 of 100: loss=0.0517727136612 object_loss=0.00109704455826 distance_loss=0.0506756678224
Iteration 49 of 100: loss=0.0524298138916 object_loss=0.00104225310497 distance_loss=0.0513875596225
Iteration 50 of 100: loss=0.057525087148 object_loss=0.00577282579616 distance_loss=0.0517522618175
Iteration 51 of 100: loss=0.0547058805823 object_loss=0.00193942070473 distance_loss=0.0527664609253
Iteration 52 of 100: loss=0.0569731071591 object_loss=0.00351025466807 distance_loss=0.0534628517926
Iteration 53 of 100: loss=0.0572209991515 object_loss=0.00238634669222 distance_loss=0.0548346526921
Iteration 54 of 100: loss=0.0611745379865 object_loss=0.00526424590498 distance_loss=0.0559102930129
Iteration 55 of 100: loss=0.0579996518791 object_loss=0.0014936379157 distance_loss=0.0565060153604
Iteration 56 of 100: loss=0.0599933490157 object_loss=0.00297962245531 distance_loss=0.0570137277246
Iteration 57 of 100: loss=0.0633293688297 object_loss=0.00577797368169 distance_loss=0.0575513988733
Iteration 58 of 100: loss=0.0666066631675 object_loss=0.00859460793436 distance_loss=0.0580120570958
Iteration 59 of 100: loss=0.0610629208386 object_loss=0.00236471602693 distance_loss=0.0586982034147
Iteration 60 of 100: loss=0.0635691210628 object_loss=0.00459885317832 distance_loss=0.0589702688158
Iteration 61 of 100: loss=0.0618369989097 object_loss=0.00288432021625 distance_loss=0.058952677995
Iteration 62 of 100: loss=0.0618591494858 object_loss=0.00263180374168 distance_loss=0.059227347374
Iteration 63 of 100: loss=0.0626526847482 object_loss=0.00334724062122 distance_loss=0.0593054406345
Iteration 64 of 100: loss=0.0729502663016 object_loss=0.0137295294553 distance_loss=0.059220738709
Iteration 65 of 100: loss=0.0670807659626 object_loss=0.00679684244096 distance_loss=0.0602839253843
Iteration 66 of 100: loss=0.0630912706256 object_loss=0.00116228428669 distance_loss=0.0619289875031
Iteration 67 of 100: loss=0.0648620352149 object_loss=0.00176842906512 distance_loss=0.0630936026573
Iteration 68 of 100: loss=0.0683881789446 object_loss=0.00422305334359 distance_loss=0.064165122807
Iteration 69 of 100: loss=0.0669191330671 object_loss=0.00147593324073 distance_loss=0.0654432028532
Iteration 70 of 100: loss=0.0676834732294 object_loss=0.00127074762713 distance_loss=0.0664127245545
Iteration 71 of 100: loss=0.0679599195719 object_loss=0.000936352997087 distance_loss=0.0670235678554
Iteration 72 of 100: loss=0.0684880763292 object_loss=0.0013583159307 distance_loss=0.0671297609806
Iteration 73 of 100: loss=0.0687537714839 object_loss=0.00156100199092 distance_loss=0.0671927705407
Iteration 74 of 100: loss=0.068775601685 object_loss=0.0019461249467 distance_loss=0.0668294802308
Iteration 75 of 100: loss=0.067407168448 object_loss=0.00103966915049 distance_loss=0.0663674995303
Iteration 76 of 100: loss=0.0678978338838 object_loss=0.00229781842791 distance_loss=0.065600015223
Iteration 77 of 100: loss=0.0688634291291 object_loss=0.00349438120611 distance_loss=0.0653690472245
Iteration 78 of 100: loss=0.0686475783587 object_loss=0.00308336201124 distance_loss=0.0655642151833
Iteration 79 of 100: loss=0.06750677526 object_loss=0.00201499322429 distance_loss=0.0654917806387
Iteration 80 of 100: loss=0.0690465569496 object_loss=0.00344109884463 distance_loss=0.0656054615974
Iteration 81 of 100: loss=0.0676692724228 object_loss=0.00234104786068 distance_loss=0.0653282254934
Iteration 82 of 100: loss=0.0658465921879 object_loss=0.00116855138913 distance_loss=0.0646780431271
Iteration 83 of 100: loss=0.0660936608911 object_loss=0.0020141126588 distance_loss=0.0640795454383
Iteration 84 of 100: loss=0.0656606778502 object_loss=0.00211826711893 distance_loss=0.0635424107313
Iteration 85 of 100: loss=0.0639499947429 object_loss=0.000823130307253 distance_loss=0.0631268620491
Iteration 86 of 100: loss=0.0636735856533 object_loss=0.000777508015744 distance_loss=0.0628960803151
Iteration 87 of 100: loss=0.0647320523858 object_loss=0.00240777363069 distance_loss=0.0623242780566
Iteration 88 of 100: loss=0.0621930360794 object_loss=0.00103084277362 distance_loss=0.0611621923745
Iteration 89 of 100: loss=0.0628168135881 object_loss=0.00256258249283 distance_loss=0.0602542348206
Iteration 90 of 100: loss=0.0610517673194 object_loss=0.00167597923428 distance_loss=0.0593757890165
Iteration 91 of 100: loss=0.0605834387243 object_loss=0.00233854819089 distance_loss=0.0582448914647
Iteration 92 of 100: loss=0.0582776218653 object_loss=0.00113155110739 distance_loss=0.0571460723877
Iteration 93 of 100: loss=0.0569987520576 object_loss=0.000694274902344 distance_loss=0.0563044771552
Iteration 94 of 100: loss=0.0564483813941 object_loss=0.00118492834736 distance_loss=0.0552634522319
Iteration 95 of 100: loss=0.0556907057762 object_loss=0.00146482570563 distance_loss=0.0542258806527
Iteration 96 of 100: loss=0.0549472905695 object_loss=0.00193870731164 distance_loss=0.053008582443
Iteration 97 of 100: loss=0.0534232854843 object_loss=0.00150209304411 distance_loss=0.0519211925566
Iteration 98 of 100: loss=0.0528437197208 object_loss=0.00165551388636 distance_loss=0.0511882044375
Iteration 99 of 100: loss=0.0512525960803 object_loss=0.00114682642743 distance_loss=0.0501057691872
Iteration 0 of 100: loss=0.0502691417933 object_loss=0.00149611802772 distance_loss=0.0487730242312
Iteration 1 of 100: loss=0.0494406297803 object_loss=0.0018276614137 distance_loss=0.0476129688323
Iteration 2 of 100: loss=0.0492870882154 object_loss=0.00218113861047 distance_loss=0.0471059493721
Iteration 3 of 100: loss=0.05033031106 object_loss=0.00415265001357 distance_loss=0.046177662909
Iteration 4 of 100: loss=0.0515721440315 object_loss=0.00620104232803 distance_loss=0.0453711003065
Iteration 5 of 100: loss=0.0484924167395 object_loss=0.00323233101517 distance_loss=0.0452600866556
Iteration 6 of 100: loss=0.0477357693017 object_loss=0.00250789662823 distance_loss=0.0452278740704
Iteration 7 of 100: loss=0.0481648296118 object_loss=0.00316793727688 distance_loss=0.0449968911707
Iteration 8 of 100: loss=0.0464626736939 object_loss=0.00161365326494 distance_loss=0.0448490194976
Iteration 9 of 100: loss=0.0465301759541 object_loss=0.00169571419246 distance_loss=0.0448344610631
Iteration 10 of 100: loss=0.0467135198414 object_loss=0.00184387108311 distance_loss=0.0448696501553
Iteration 11 of 100: loss=0.0462139211595 object_loss=0.0016539596254 distance_loss=0.0445599630475
Iteration 12 of 100: loss=0.0456088259816 object_loss=0.00187728425954 distance_loss=0.0437315404415
Iteration 13 of 100: loss=0.04480881989 object_loss=0.00142426276579 distance_loss=0.0433845557272
Iteration 14 of 100: loss=0.0439986027777 object_loss=0.00142160360701 distance_loss=0.0425769984722
Iteration 15 of 100: loss=0.0437187217176 object_loss=0.00167288572993 distance_loss=0.0420458354056
Iteration 16 of 100: loss=0.0434155762196 object_loss=0.00196793396026 distance_loss=0.0414476431906
Iteration 17 of 100: loss=0.0424700789154 object_loss=0.00185307802167 distance_loss=0.0406170003116
Iteration 18 of 100: loss=0.0419834963977 object_loss=0.0023726420477 distance_loss=0.0396108552814
Iteration 19 of 100: loss=0.040205270052 object_loss=0.00142487534322 distance_loss=0.0387803949416
Iteration 20 of 100: loss=0.0399068109691 object_loss=0.00174449430779 distance_loss=0.038162317127
Iteration 21 of 100: loss=0.0389972738922 object_loss=0.00162513321266 distance_loss=0.0373721420765
Iteration 22 of 100: loss=0.0405960604548 object_loss=0.00386592233554 distance_loss=0.0367301367223
Iteration 23 of 100: loss=0.0411306098104 object_loss=0.00481046829373 distance_loss=0.0363201424479
Iteration 24 of 100: loss=0.0419735647738 object_loss=0.00593206426129 distance_loss=0.0360415019095
Iteration 25 of 100: loss=0.0374144203961 object_loss=0.00142859201878 distance_loss=0.035985827446
Iteration 26 of 100: loss=0.0378580242395 object_loss=0.00165970204398 distance_loss=0.0361983217299
Iteration 27 of 100: loss=0.0374755933881 object_loss=0.0016228123568 distance_loss=0.0358527824283
Iteration 28 of 100: loss=0.0388984009624 object_loss=0.00336750899442 distance_loss=0.0355308912694
Iteration 29 of 100: loss=0.0514025315642 object_loss=0.0158446952701 distance_loss=0.0355578362942
Iteration 30 of 100: loss=0.0419998802245 object_loss=0.00368431862444 distance_loss=0.0383155606687
Iteration 31 of 100: loss=0.0423307791352 object_loss=0.00142238289118 distance_loss=0.040908396244
Iteration 32 of 100: loss=0.0441755577922 object_loss=0.00166751944926 distance_loss=0.0425080396235
Iteration 33 of 100: loss=0.0455869995058 object_loss=0.00189286516979 distance_loss=0.0436941348016
Iteration 34 of 100: loss=0.048221424222 object_loss=0.00349923409522 distance_loss=0.0447221882641
Iteration 35 of 100: loss=0.0488590486348 object_loss=0.00293958187103 distance_loss=0.0459194667637
Iteration 36 of 100: loss=0.0511199831963 object_loss=0.00463077565655 distance_loss=0.0464892089367
Iteration 37 of 100: loss=0.050877135247 object_loss=0.00428950134665 distance_loss=0.0465876348317
Iteration 38 of 100: loss=0.0488636791706 object_loss=0.00190992082935 distance_loss=0.0469537600875
Iteration 39 of 100: loss=0.048748396337 object_loss=0.00155762501527 distance_loss=0.0471907705069
Iteration 40 of 100: loss=0.0490469485521 object_loss=0.00182199967094 distance_loss=0.0472249500453
Iteration 41 of 100: loss=0.0491069033742 object_loss=0.00208798749372 distance_loss=0.0470189154148
Iteration 42 of 100: loss=0.0490124039352 object_loss=0.00277079991065 distance_loss=0.0462416037917
Iteration 43 of 100: loss=0.0517757944763 object_loss=0.00619352515787 distance_loss=0.0455822683871
Iteration 44 of 100: loss=0.0642340108752 object_loss=0.0190442334861 distance_loss=0.0451897792518
Iteration 45 of 100: loss=0.0702279284596 object_loss=0.0225092750043 distance_loss=0.047718655318
Iteration 46 of 100: loss=0.0599359348416 object_loss=0.00740433996543 distance_loss=0.0525315962732
Iteration 47 of 100: loss=0.0590188242495 object_loss=0.00173971080221 distance_loss=0.0572791136801
Iteration 48 of 100: loss=0.0613307692111 object_loss=0.000760882452596 distance_loss=0.0605698861182
Iteration 49 of 100: loss=0.0651660561562 object_loss=0.0015985466307 distance_loss=0.0635675117373
Iteration 50 of 100: loss=0.0692382380366 object_loss=0.00299178669229 distance_loss=0.0662464499474
Iteration 51 of 100: loss=0.0698184892535 object_loss=0.00185146054719 distance_loss=0.0679670274258
Iteration 52 of 100: loss=0.0699380487204 object_loss=0.000990538275801 distance_loss=0.0689475089312
Iteration 53 of 100: loss=0.0710661709309 object_loss=0.00118730566464 distance_loss=0.0698788687587
Iteration 54 of 100: loss=0.0714410543442 object_loss=0.00132640823722 distance_loss=0.0701146423817
Iteration 55 of 100: loss=0.0724302306771 object_loss=0.00225196708925 distance_loss=0.0701782628894
Iteration 56 of 100: loss=0.0735679939389 object_loss=0.00356325274333 distance_loss=0.0700047388673
Iteration 57 of 100: loss=0.0722654387355 object_loss=0.00249028927647 distance_loss=0.0697751492262
Iteration 58 of 100: loss=0.0730460211635 object_loss=0.0034090760164 distance_loss=0.0696369484067
Iteration 59 of 100: loss=0.0703331083059 object_loss=0.000834222009871 distance_loss=0.0694988891482
Iteration 60 of 100: loss=0.0712677240372 object_loss=0.00213854713365 distance_loss=0.0691291764379
Iteration 61 of 100: loss=0.0815793350339 object_loss=0.0126769747585 distance_loss=0.0689023584127
Iteration 62 of 100: loss=0.0759399905801 object_loss=0.0056974622421 distance_loss=0.0702425315976
Iteration 63 of 100: loss=0.0730065628886 object_loss=0.00123750173952 distance_loss=0.0717690587044
Iteration 64 of 100: loss=0.0734794959426 object_loss=0.000794969964772 distance_loss=0.0726845264435
Iteration 65 of 100: loss=0.0745525211096 object_loss=0.001563029713 distance_loss=0.0729894936085
Iteration 66 of 100: loss=0.0752879977226 object_loss=0.00237156357616 distance_loss=0.0729164332151
Iteration 67 of 100: loss=0.0739999562502 object_loss=0.00114863028284 distance_loss=0.0728513225913
Iteration 68 of 100: loss=0.0736231431365 object_loss=0.000868531758897 distance_loss=0.0727546140552
Iteration 69 of 100: loss=0.0733012482524 object_loss=0.000578865932766 distance_loss=0.0727223828435
Iteration 70 of 100: loss=0.0733468011022 object_loss=0.000745208468288 distance_loss=0.0726015940309
Iteration 71 of 100: loss=0.073521643877 object_loss=0.00183146051131 distance_loss=0.0716901868582
Iteration 72 of 100: loss=0.0715122669935 object_loss=0.00116447708569 distance_loss=0.0703477934003
Iteration 73 of 100: loss=0.071242287755 object_loss=0.00179917213973 distance_loss=0.0694431141019
Iteration 74 of 100: loss=0.0699996352196 object_loss=0.00119773868937 distance_loss=0.068801894784
Iteration 75 of 100: loss=0.0688069164753 object_loss=0.000885178043973 distance_loss=0.0679217353463
Iteration 76 of 100: loss=0.0678038224578 object_loss=0.00105472409632 distance_loss=0.0667490959167
Iteration 77 of 100: loss=0.0674790591002 object_loss=0.00198398088105 distance_loss=0.0654950812459
Iteration 78 of 100: loss=0.0674417391419 object_loss=0.00310301152058 distance_loss=0.0643387287855
Iteration 79 of 100: loss=0.06683601439 object_loss=0.00338183017448 distance_loss=0.0634541809559
Iteration 80 of 100: loss=0.0651884227991 object_loss=0.00268880021758 distance_loss=0.0624996237457
Iteration 81 of 100: loss=0.0645006224513 object_loss=0.00311467959546 distance_loss=0.0613859407604
Iteration 82 of 100: loss=0.0627100393176 object_loss=0.00184992398135 distance_loss=0.0608601123095
Iteration 83 of 100: loss=0.0615444928408 object_loss=0.00120033335406 distance_loss=0.0603441596031
Iteration 84 of 100: loss=0.0609980933368 object_loss=0.00161230319645 distance_loss=0.0593857914209
Iteration 85 of 100: loss=0.0602216683328 object_loss=0.00168574380223 distance_loss=0.058535926044
Iteration 86 of 100: loss=0.0632219985127 object_loss=0.00574482697994 distance_loss=0.0574771724641
Iteration 87 of 100: loss=0.0606103055179 object_loss=0.003404825693 distance_loss=0.0572054795921
Iteration 88 of 100: loss=0.0611275620759 object_loss=0.00410459330305 distance_loss=0.0570229701698
Iteration 89 of 100: loss=0.0618781670928 object_loss=0.00512539083138 distance_loss=0.0567527748644
Iteration 90 of 100: loss=0.0626931488514 object_loss=0.00644636247307 distance_loss=0.0562467835844
Iteration 91 of 100: loss=0.0595349557698 object_loss=0.00351801794022 distance_loss=0.0560169368982
Iteration 92 of 100: loss=0.0576053261757 object_loss=0.00154789292719 distance_loss=0.0560574345291
Iteration 93 of 100: loss=0.0575023889542 object_loss=0.00159652787261 distance_loss=0.0559058599174
Iteration 94 of 100: loss=0.0580042675138 object_loss=0.00229573855177 distance_loss=0.055708527565
Iteration 95 of 100: loss=0.0572484880686 object_loss=0.00193776143715 distance_loss=0.0553107261658
Iteration 96 of 100: loss=0.0571420527995 object_loss=0.00246146274731 distance_loss=0.0546805895865
Iteration 97 of 100: loss=0.0570503734052 object_loss=0.00273739662953 distance_loss=0.0543129779398
Iteration 98 of 100: loss=0.0553361475468 object_loss=0.00136638700496 distance_loss=0.0539697594941
Iteration 99 of 100: loss=0.055606674403 object_loss=0.00211185519584 distance_loss=0.0534948185086
Iteration 0 of 100: loss=0.0577932819724 object_loss=0.0048520360142 distance_loss=0.0529412440956
Iteration 1 of 100: loss=0.0554185435176 object_loss=0.0023256461136 distance_loss=0.0530928969383
Iteration 2 of 100: loss=0.054979044944 object_loss=0.00204618577845 distance_loss=0.0529328584671
Iteration 3 of 100: loss=0.0549571625888 object_loss=0.00222348817624 distance_loss=0.0527336746454
Iteration 4 of 100: loss=0.0658233836293 object_loss=0.0136325992644 distance_loss=0.0521907843649
Iteration 5 of 100: loss=0.0597443729639 object_loss=0.00563107989728 distance_loss=0.054113291204
Iteration 6 of 100: loss=0.0594283752143 object_loss=0.00249439687468 distance_loss=0.0569339767098
Iteration 7 of 100: loss=0.0608095638454 object_loss=0.0014511711197 distance_loss=0.0593583919108
Iteration 8 of 100: loss=0.0634047687054 object_loss=0.00236259121448 distance_loss=0.0610421784222
Iteration 9 of 100: loss=0.064602188766 object_loss=0.00250549660996 distance_loss=0.0620966888964
Iteration 10 of 100: loss=0.0653484612703 object_loss=0.00198103208095 distance_loss=0.0633674263954
Iteration 11 of 100: loss=0.0674740672112 object_loss=0.00364163541235 distance_loss=0.0638324320316
Iteration 12 of 100: loss=0.0680796429515 object_loss=0.0041253650561 distance_loss=0.0639542788267
Iteration 13 of 100: loss=0.066872164607 object_loss=0.002828003373 distance_loss=0.064044162631
Iteration 14 of 100: loss=0.0674353986979 object_loss=0.00374780851416 distance_loss=0.0636875927448
Iteration 15 of 100: loss=0.0704190954566 object_loss=0.00677377218381 distance_loss=0.0636453256011
Iteration 16 of 100: loss=0.0705347135663 object_loss=0.00662581669167 distance_loss=0.0639088973403
Iteration 17 of 100: loss=0.0681915357709 object_loss=0.00406647194177 distance_loss=0.0641250610352
Iteration 18 of 100: loss=0.0692968219519 object_loss=0.00460906047374 distance_loss=0.0646877586842
Iteration 19 of 100: loss=0.0687575414777 object_loss=0.00331323454157 distance_loss=0.0654443055391
Iteration 20 of 100: loss=0.0683098584414 object_loss=0.00272907782346 distance_loss=0.0655807778239
Iteration 21 of 100: loss=0.068898819387 object_loss=0.00294068315998 distance_loss=0.06595813483
Iteration 22 of 100: loss=0.0674427077174 object_loss=0.00129722733982 distance_loss=0.0661454796791
Iteration 23 of 100: loss=0.0669555366039 object_loss=0.00111928791739 distance_loss=0.065836250782
Iteration 24 of 100: loss=0.0661702007055 object_loss=0.00094893143978 distance_loss=0.065221272409
Iteration 25 of 100: loss=0.0658186450601 object_loss=0.00135289470199 distance_loss=0.0644657537341
Iteration 26 of 100: loss=0.0651551485062 object_loss=0.00170480879024 distance_loss=0.0634503364563
Iteration 27 of 100: loss=0.064877524972 object_loss=0.0024248699192 distance_loss=0.0624526515603
Iteration 28 of 100: loss=0.0669596344233 object_loss=0.00556071242318 distance_loss=0.0613989233971
Iteration 29 of 100: loss=0.0644363611937 object_loss=0.00387794524431 distance_loss=0.0605584196746
Iteration 30 of 100: loss=0.0663235411048 object_loss=0.00585145922378 distance_loss=0.0604720823467
Iteration 31 of 100: loss=0.0737458691001 object_loss=0.0133558223024 distance_loss=0.0603900440037
Iteration 32 of 100: loss=0.0708823427558 object_loss=0.0106126833707 distance_loss=0.0602696575224
Iteration 33 of 100: loss=0.0788843259215 object_loss=0.017579542473 distance_loss=0.0613047815859
Iteration 34 of 100: loss=0.0678271427751 object_loss=0.00540859345347 distance_loss=0.0624185502529
Iteration 35 of 100: loss=0.0657067596912 object_loss=0.0022856737487 distance_loss=0.0634210854769
Iteration 36 of 100: loss=0.0704730153084 object_loss=0.00635471288115 distance_loss=0.0641183033586
Iteration 37 of 100: loss=0.0699267834425 object_loss=0.00460577988997 distance_loss=0.0653210058808
Iteration 38 of 100: loss=0.0695140361786 object_loss=0.00312193227001 distance_loss=0.0663921013474
Iteration 39 of 100: loss=0.0692667365074 object_loss=0.00181875110138 distance_loss=0.0674479827285
Iteration 40 of 100: loss=0.0700806751847 object_loss=0.00198892923072 distance_loss=0.0680917426944
Iteration 41 of 100: loss=0.0701160654426 object_loss=0.00196026987396 distance_loss=0.0681557953358
Iteration 42 of 100: loss=0.0708200037479 object_loss=0.00262769591063 distance_loss=0.0681923106313
Iteration 43 of 100: loss=0.0710983723402 object_loss=0.00273885950446 distance_loss=0.068359516561
Iteration 44 of 100: loss=0.0709875524044 object_loss=0.00294993980788 distance_loss=0.0680376142263
Iteration 45 of 100: loss=0.0695476084948 object_loss=0.0017625875771 distance_loss=0.0677850246429
Iteration 46 of 100: loss=0.069467201829 object_loss=0.00193004950415 distance_loss=0.0675371512771
Iteration 47 of 100: loss=0.07096426934 object_loss=0.00418479274958 distance_loss=0.0667794793844
Iteration 48 of 100: loss=0.088680781424 object_loss=0.022048374638 distance_loss=0.0666324049234
Iteration 49 of 100: loss=0.0742266848683 object_loss=0.00375391868874 distance_loss=0.0704727694392
Iteration 50 of 100: loss=0.085351832211 object_loss=0.0115672945976 distance_loss=0.0737845376134
Iteration 51 of 100: loss=0.0960193648934 object_loss=0.0186944752932 distance_loss=0.0773248896003
Iteration 52 of 100: loss=0.091771312058 object_loss=0.0093361614272 distance_loss=0.0824351534247
Iteration 53 of 100: loss=0.0941539928317 object_loss=0.006644485984 distance_loss=0.0875095054507
Iteration 54 of 100: loss=0.101837970316 object_loss=0.0104298545048 distance_loss=0.0914081186056
Iteration 55 of 100: loss=0.0966904237866 object_loss=0.00126308854669 distance_loss=0.0954273343086
Iteration 56 of 100: loss=0.100659653544 object_loss=0.00222550611943 distance_loss=0.098434150219
Iteration 57 of 100: loss=0.114671096206 object_loss=0.0136172883213 distance_loss=0.10105381161
Iteration 58 of 100: loss=0.10744292289 object_loss=0.00392346084118 distance_loss=0.103519462049
Iteration 59 of 100: loss=0.107507735491 object_loss=0.00174590968527 distance_loss=0.105761826038
Iteration 60 of 100: loss=0.109806329012 object_loss=0.00223318580538 distance_loss=0.107573144138
Iteration 61 of 100: loss=0.111272387207 object_loss=0.00281713344157 distance_loss=0.108455255628
Iteration 62 of 100: loss=0.111663304269 object_loss=0.00223097321577 distance_loss=0.109432332218
Iteration 63 of 100: loss=0.114326387644 object_loss=0.00401325337589 distance_loss=0.110313132405
Iteration 64 of 100: loss=0.112501293421 object_loss=0.00148966384586 distance_loss=0.111011631787
Iteration 65 of 100: loss=0.118181921542 object_loss=0.00727504072711 distance_loss=0.110906884074
Iteration 66 of 100: loss=0.13242033124 object_loss=0.0217434987426 distance_loss=0.110676825047
Iteration 67 of 100: loss=0.114859849215 object_loss=0.00312308548018 distance_loss=0.111736766994
Iteration 68 of 100: loss=0.115324273705 object_loss=0.00297113624401 distance_loss=0.112353138626
Iteration 69 of 100: loss=0.114580698311 object_loss=0.00152336317115 distance_loss=0.113057337701
Iteration 70 of 100: loss=0.115231968462 object_loss=0.00138756248634 distance_loss=0.113844409585
Iteration 71 of 100: loss=0.115346856415 object_loss=0.00140576192643 distance_loss=0.113941095769
Iteration 72 of 100: loss=0.115254305303 object_loss=0.00182087079156 distance_loss=0.113433435559
Iteration 73 of 100: loss=0.113780587912 object_loss=0.000745105091482 distance_loss=0.113035485148
Iteration 74 of 100: loss=0.114157095551 object_loss=0.00204796902835 distance_loss=0.11210912466
Iteration 75 of 100: loss=0.111918732524 object_loss=0.000707696483005 distance_loss=0.111211039126
Iteration 76 of 100: loss=0.110456943512 object_loss=0.00060713919811 distance_loss=0.10984980315
Iteration 77 of 100: loss=0.109370872378 object_loss=0.00073924427852 distance_loss=0.108631625772
Iteration 78 of 100: loss=0.108907274902 object_loss=0.00140205095522 distance_loss=0.107505224645
Iteration 79 of 100: loss=0.109396763146 object_loss=0.00320640625432 distance_loss=0.106190353632
Iteration 80 of 100: loss=0.106418572366 object_loss=0.00208114553243 distance_loss=0.10433742404
Iteration 81 of 100: loss=0.104068905115 object_loss=0.0014158480335 distance_loss=0.102653056383
Iteration 82 of 100: loss=0.102189324796 object_loss=0.00110013142694 distance_loss=0.101089194417
Iteration 83 of 100: loss=0.10170212388 object_loss=0.00231061666273 distance_loss=0.0993915051222
Iteration 84 of 100: loss=0.099844366312 object_loss=0.0022382682655 distance_loss=0.097606100142
Iteration 85 of 100: loss=0.097284168005 object_loss=0.00100545503665 distance_loss=0.0962787121534
Iteration 86 of 100: loss=0.0963444188237 object_loss=0.00123616040219 distance_loss=0.095108255744
Iteration 87 of 100: loss=0.0990941748023 object_loss=0.00572380237281 distance_loss=0.0933703705668
Iteration 88 of 100: loss=0.095072299242 object_loss=0.0025407623034 distance_loss=0.0925315394998
Iteration 89 of 100: loss=0.0940479114652 object_loss=0.00212272815406 distance_loss=0.0919251814485
Iteration 90 of 100: loss=0.0935610234737 object_loss=0.00231563765556 distance_loss=0.0912453830242
Iteration 91 of 100: loss=0.0928279459476 object_loss=0.00234430795535 distance_loss=0.090483635664
Iteration 92 of 100: loss=0.0973191410303 object_loss=0.00801150128245 distance_loss=0.0893076360226
Iteration 93 of 100: loss=0.0937812253833 object_loss=0.00402199197561 distance_loss=0.0897592306137
Iteration 94 of 100: loss=0.0947065427899 object_loss=0.00441349763423 distance_loss=0.0902930423617
Iteration 95 of 100: loss=0.0925574600697 object_loss=0.0013714596862 distance_loss=0.0911860018969
Iteration 96 of 100: loss=0.0960850417614 object_loss=0.00420506251976 distance_loss=0.091879978776
Iteration 97 of 100: loss=0.0947442725301 object_loss=0.00214098836295 distance_loss=0.0926032811403
Iteration 98 of 100: loss=0.095839202404 object_loss=0.00297993863933 distance_loss=0.0928592607379
Iteration 99 of 100: loss=0.0967540442944 object_loss=0.00325563689694 distance_loss=0.0934984087944
Iteration 0 of 100: loss=0.0963818430901 object_loss=0.00245193718001 distance_loss=0.0939299091697
Iteration 1 of 100: loss=0.0946808457375 object_loss=0.00101814779919 distance_loss=0.0936627015471
Iteration 2 of 100: loss=0.0940520763397 object_loss=0.000727239996195 distance_loss=0.0933248400688
Iteration 3 of 100: loss=0.093377918005 object_loss=0.000606929184869 distance_loss=0.092770986259
Iteration 4 of 100: loss=0.0923948809505 object_loss=0.000638352823444 distance_loss=0.0917565301061
Iteration 5 of 100: loss=0.0913849845529 object_loss=0.0006809780607 distance_loss=0.0907040089369
Iteration 6 of 100: loss=0.0908200740814 object_loss=0.00101782160345 distance_loss=0.0898022502661
Iteration 7 of 100: loss=0.0894228667021 object_loss=0.00104047893547 distance_loss=0.0883823856711
Iteration 8 of 100: loss=0.0884443894029 object_loss=0.00143159425352 distance_loss=0.0870127975941
Iteration 9 of 100: loss=0.0875541046262 object_loss=0.00170264521148 distance_loss=0.0858514606953
Iteration 10 of 100: loss=0.0857521742582 object_loss=0.00129951909184 distance_loss=0.0844526514411
Iteration 11 of 100: loss=0.0856466963887 object_loss=0.0021271428559 distance_loss=0.0835195556283
Iteration 12 of 100: loss=0.0843595042825 object_loss=0.0019861725159 distance_loss=0.0823733285069
Iteration 13 of 100: loss=0.0841592848301 object_loss=0.00319974380545 distance_loss=0.0809595435858
Iteration 14 of 100: loss=0.0890452116728 object_loss=0.00939596630633 distance_loss=0.0796492472291
Iteration 15 of 100: loss=0.0823880210519 object_loss=0.00244090612978 distance_loss=0.0799471139908
Iteration 16 of 100: loss=0.0849246010184 object_loss=0.00473133288324 distance_loss=0.0801932662725
Iteration 17 of 100: loss=0.0852703526616 object_loss=0.00420589745045 distance_loss=0.0810644552112
Iteration 18 of 100: loss=0.0876654535532 object_loss=0.00554082542658 distance_loss=0.0821246281266
Iteration 19 of 100: loss=0.0974739417434 object_loss=0.0140610961244 distance_loss=0.083412848413
Iteration 20 of 100: loss=0.0977734923363 object_loss=0.0119258500636 distance_loss=0.085847645998
Iteration 21 of 100: loss=0.0933226644993 object_loss=0.00439310958609 distance_loss=0.0889295563102
Iteration 22 of 100: loss=0.0964255258441 object_loss=0.00508468458429 distance_loss=0.0913408398628
Iteration 23 of 100: loss=0.0956596136093 object_loss=0.00201273243874 distance_loss=0.0936468839645
Iteration 24 of 100: loss=0.0990455448627 object_loss=0.00387193518691 distance_loss=0.095173612237
Iteration 25 of 100: loss=0.0963809266686 object_loss=0.000608637172263 distance_loss=0.0957722887397
Iteration 26 of 100: loss=0.0971227288246 object_loss=0.000973676447757 distance_loss=0.0961490496993
Iteration 27 of 100: loss=0.0974118188024 object_loss=0.0010763182072 distance_loss=0.0963355004787
Iteration 28 of 100: loss=0.0974176153541 object_loss=0.00130709272344 distance_loss=0.096110522747
Iteration 29 of 100: loss=0.0982924997807 object_loss=0.00198090192862 distance_loss=0.0963115990162
Iteration 30 of 100: loss=0.0978382602334 object_loss=0.00149143277667 distance_loss=0.0963468253613
Iteration 31 of 100: loss=0.0974585711956 object_loss=0.00130086147692 distance_loss=0.096157707274
Iteration 32 of 100: loss=0.0978009998798 object_loss=0.00181139225606 distance_loss=0.0959896072745
Iteration 33 of 100: loss=0.0979371964931 object_loss=0.00219717645086 distance_loss=0.0957400202751
Iteration 34 of 100: loss=0.100037038326 object_loss=0.00471782684326 distance_loss=0.095319211483
Iteration 35 of 100: loss=0.0982420966029 object_loss=0.00269321701489 distance_loss=0.0955488830805
Iteration 36 of 100: loss=0.0970015451312 object_loss=0.00134671246633 distance_loss=0.0956548303366
Iteration 37 of 100: loss=0.0964051038027 object_loss=0.00111468706746 distance_loss=0.095290414989
Iteration 38 of 100: loss=0.095513984561 object_loss=0.000712317007128 distance_loss=0.0948016643524
Iteration 39 of 100: loss=0.0955248773098 object_loss=0.00115573778749 distance_loss=0.0943691432476
Iteration 40 of 100: loss=0.0948251783848 object_loss=0.00098106416408 distance_loss=0.0938441157341
Iteration 41 of 100: loss=0.0958800837398 object_loss=0.00279329577461 distance_loss=0.0930867865682
Iteration 42 of 100: loss=0.0937665775418 object_loss=0.00150879228022 distance_loss=0.0922577828169
Iteration 43 of 100: loss=0.0929073765874 object_loss=0.00159645907115 distance_loss=0.0913109183311
Iteration 44 of 100: loss=0.0914862677455 object_loss=0.00140511628706 distance_loss=0.0900811478496
Iteration 45 of 100: loss=0.0916324853897 object_loss=0.00261624855921 distance_loss=0.0890162363648
Iteration 46 of 100: loss=0.0908409133554 object_loss=0.00243297382258 distance_loss=0.0884079411626
Iteration 47 of 100: loss=0.0905192792416 object_loss=0.00254223076627 distance_loss=0.0879770517349
Iteration 48 of 100: loss=0.0889891684055 object_loss=0.00186158518773 distance_loss=0.0871275812387
Iteration 49 of 100: loss=0.087553858757 object_loss=0.00113663135562 distance_loss=0.0864172279835
Iteration 50 of 100: loss=0.0869134962559 object_loss=0.00111550488509 distance_loss=0.0857979878783
Iteration 51 of 100: loss=0.0861399322748 object_loss=0.00118714908604 distance_loss=0.0849527865648
Iteration 52 of 100: loss=0.0848625525832 object_loss=0.00147125881631 distance_loss=0.0833912938833
Iteration 53 of 100: loss=0.0855638161302 object_loss=0.0033222627826 distance_loss=0.0822415500879
Iteration 54 of 100: loss=0.0828481689095 object_loss=0.00123297725804 distance_loss=0.0816151946783
Iteration 55 of 100: loss=0.0826803520322 object_loss=0.00192912411876 distance_loss=0.0807512253523
Iteration 56 of 100: loss=0.0816208571196 object_loss=0.00186984147877 distance_loss=0.0797510147095
Iteration 57 of 100: loss=0.0815896466374 object_loss=0.00245672767051 distance_loss=0.0791329219937
Iteration 58 of 100: loss=0.0826465860009 object_loss=0.00412037270144 distance_loss=0.0785262137651
Iteration 59 of 100: loss=0.0832080245018 object_loss=0.00497735105455 distance_loss=0.0782306715846
Iteration 60 of 100: loss=0.0813740044832 object_loss=0.0030990159139 distance_loss=0.078274987638
Iteration 61 of 100: loss=0.0814030840993 object_loss=0.00343476911075 distance_loss=0.07796831429
Iteration 62 of 100: loss=0.0826515555382 object_loss=0.00485462881625 distance_loss=0.0777969285846
Iteration 63 of 100: loss=0.0804067701101 object_loss=0.00254912883975 distance_loss=0.0778576433659
Iteration 64 of 100: loss=0.0792592912912 object_loss=0.00196289597079 distance_loss=0.0772963985801
Iteration 65 of 100: loss=0.0792000442743 object_loss=0.00226874067448 distance_loss=0.0769313052297
Iteration 66 of 100: loss=0.0787558704615 object_loss=0.00213019712828 distance_loss=0.076625674963
Iteration 67 of 100: loss=0.0782897993922 object_loss=0.00217790901661 distance_loss=0.0761118903756
Iteration 68 of 100: loss=0.077218413353 object_loss=0.00173252425157 distance_loss=0.0754858925939
Iteration 69 of 100: loss=0.0778120458126 object_loss=0.00304375565611 distance_loss=0.0747682899237
Iteration 70 of 100: loss=0.0790687054396 object_loss=0.00516145769507 distance_loss=0.0739072486758
Iteration 71 of 100: loss=0.075943633914 object_loss=0.00220812717453 distance_loss=0.0737355053425
Iteration 72 of 100: loss=0.075320251286 object_loss=0.00222340063192 distance_loss=0.0730968490243
Iteration 73 of 100: loss=0.0752015337348 object_loss=0.00300652254373 distance_loss=0.0721950083971
Iteration 74 of 100: loss=0.0739369764924 object_loss=0.00211094971746 distance_loss=0.0718260258436
Iteration 75 of 100: loss=0.0738972127438 object_loss=0.00230586435646 distance_loss=0.071591347456
Iteration 76 of 100: loss=0.0732020586729 object_loss=0.00234369584359 distance_loss=0.0708583593369
Iteration 77 of 100: loss=0.0721462145448 object_loss=0.00199295929633 distance_loss=0.0701532587409
Iteration 78 of 100: loss=0.0716379731894 object_loss=0.00226210826077 distance_loss=0.0693758651614
Iteration 79 of 100: loss=0.0777908414602 object_loss=0.00935346353799 distance_loss=0.0684373751283
Iteration 80 of 100: loss=0.0717160105705 object_loss=0.00315832882188 distance_loss=0.0685576796532
Iteration 81 of 100: loss=0.0721016302705 object_loss=0.00335560971871 distance_loss=0.0687460228801
Iteration 82 of 100: loss=0.0707450732589 object_loss=0.00208684755489 distance_loss=0.0686582252383
Iteration 83 of 100: loss=0.0712529420853 object_loss=0.00236091506667 distance_loss=0.0688920244575
Iteration 84 of 100: loss=0.0702858567238 object_loss=0.001641723793 distance_loss=0.0686441361904
Iteration 85 of 100: loss=0.0719864889979 object_loss=0.00361406058073 distance_loss=0.0683724284172
Iteration 86 of 100: loss=0.0731402039528 object_loss=0.00517905130982 distance_loss=0.0679611489177
Iteration 87 of 100: loss=0.0864166021347 object_loss=0.0185773707926 distance_loss=0.0678392276168
Iteration 88 of 100: loss=0.0750453993678 object_loss=0.00494093634188 distance_loss=0.0701044648886
Iteration 89 of 100: loss=0.0739869102836 object_loss=0.00147015147377 distance_loss=0.0725167617202
Iteration 90 of 100: loss=0.0767608508468 object_loss=0.0023188313935 distance_loss=0.0744420215487
Iteration 91 of 100: loss=0.0790144875646 object_loss=0.00332866283134 distance_loss=0.0756858214736
Iteration 92 of 100: loss=0.0798466801643 object_loss=0.00318679446355 distance_loss=0.0766598880291
Iteration 93 of 100: loss=0.0821289792657 object_loss=0.00424674991518 distance_loss=0.0778822302818
Iteration 94 of 100: loss=0.0818145051599 object_loss=0.00328426086344 distance_loss=0.0785302445292
Iteration 95 of 100: loss=0.0815946161747 object_loss=0.00239910394885 distance_loss=0.0791955143213
Iteration 96 of 100: loss=0.0818096846342 object_loss=0.0025362430606 distance_loss=0.0792734399438
Iteration 97 of 100: loss=0.0802659392357 object_loss=0.0014823517995 distance_loss=0.0787835866213
Iteration 98 of 100: loss=0.0806026756763 object_loss=0.00215191487223 distance_loss=0.0784507617354
Iteration 99 of 100: loss=0.0799916610122 object_loss=0.00183419743553 distance_loss=0.0781574621797
Iteration 0 of 100: loss=0.0926313698292 object_loss=0.015355406329 distance_loss=0.0772759616375
Iteration 1 of 100: loss=0.0880329161882 object_loss=0.00965074449778 distance_loss=0.0783821716905
Iteration 2 of 100: loss=0.0872499346733 object_loss=0.00696703791618 distance_loss=0.0802828967571
Iteration 3 of 100: loss=0.0883674994111 object_loss=0.00650110561401 distance_loss=0.0818663910031
Iteration 4 of 100: loss=0.0883654952049 object_loss=0.00485717039555 distance_loss=0.0835083276033
Iteration 5 of 100: loss=0.106615409255 object_loss=0.0217202939093 distance_loss=0.0848951116204
Iteration 6 of 100: loss=0.0908844321966 object_loss=0.00286598713137 distance_loss=0.0880184471607
Iteration 7 of 100: loss=0.0938629955053 object_loss=0.00320207281038 distance_loss=0.0906609222293
Iteration 8 of 100: loss=0.0946125611663 object_loss=0.00149723875802 distance_loss=0.0931153222919
Iteration 9 of 100: loss=0.0965935885906 object_loss=0.00106863246765 distance_loss=0.0955249592662
Iteration 10 of 100: loss=0.100170589983 object_loss=0.0027147596702 distance_loss=0.0974558293819
Iteration 11 of 100: loss=0.100198499858 object_loss=0.00126473477576 distance_loss=0.0989337638021
Iteration 12 of 100: loss=0.101733885705 object_loss=0.00229341560043 distance_loss=0.0994404703379
Iteration 13 of 100: loss=0.102521859109 object_loss=0.00247312569991 distance_loss=0.100048735738
Iteration 14 of 100: loss=0.101721435785 object_loss=0.00173326698132 distance_loss=0.0999881699681
Iteration 15 of 100: loss=0.100945755839 object_loss=0.00116189755499 distance_loss=0.099783860147
Iteration 16 of 100: loss=0.101540371776 object_loss=0.00215144408867 distance_loss=0.0993889272213
Iteration 17 of 100: loss=0.102393075824 object_loss=0.00334766693413 distance_loss=0.0990454107523
Iteration 18 of 100: loss=0.101017013192 object_loss=0.00227555632591 distance_loss=0.0987414568663
Iteration 19 of 100: loss=0.103292882442 object_loss=0.00487713236362 distance_loss=0.0984157472849
Iteration 20 of 100: loss=0.102343544364 object_loss=0.00405487045646 distance_loss=0.0982886701822
Iteration 21 of 100: loss=0.101880289614 object_loss=0.00421969406307 distance_loss=0.0976605936885
Iteration 22 of 100: loss=0.100076824427 object_loss=0.00315673695877 distance_loss=0.0969200879335
Iteration 23 of 100: loss=0.0991368442774 object_loss=0.00290881446563 distance_loss=0.0962280333042
Iteration 24 of 100: loss=0.0980928242207 object_loss=0.00264512887225 distance_loss=0.0954476967454
Iteration 25 of 100: loss=0.0988382920623 object_loss=0.00424866285175 distance_loss=0.0945896282792
Iteration 26 of 100: loss=0.0965853407979 object_loss=0.00268037850037 distance_loss=0.0939049646258
Iteration 27 of 100: loss=0.094129987061 object_loss=0.00103029946331 distance_loss=0.0930996909738
Iteration 28 of 100: loss=0.0945458933711 object_loss=0.00245671765879 distance_loss=0.092089176178
Iteration 29 of 100: loss=0.0938827544451 object_loss=0.00231262226589 distance_loss=0.0915701314807
Iteration 30 of 100: loss=0.0938924252987 object_loss=0.00257288874127 distance_loss=0.0913195386529
Iteration 31 of 100: loss=0.0958639830351 object_loss=0.00503278709948 distance_loss=0.0908311977983
Iteration 32 of 100: loss=0.0919487178326 object_loss=0.00162920274306 distance_loss=0.0903195142746
Iteration 33 of 100: loss=0.0919085592031 object_loss=0.00191634404473 distance_loss=0.0899922177196
Iteration 34 of 100: loss=0.0942074507475 object_loss=0.00454964395612 distance_loss=0.08965780586
Iteration 35 of 100: loss=0.0957562252879 object_loss=0.00649850768968 distance_loss=0.0892577171326
Iteration 36 of 100: loss=0.093765065074 object_loss=0.00505757285282 distance_loss=0.0887074917555
Iteration 37 of 100: loss=0.0932046249509 object_loss=0.0044485158287 distance_loss=0.0887561067939
Iteration 38 of 100: loss=0.0928002372384 object_loss=0.00400716904551 distance_loss=0.0887930691242
Iteration 39 of 100: loss=0.0906600356102 object_loss=0.00185194704682 distance_loss=0.0888080894947
Iteration 40 of 100: loss=0.0902223661542 object_loss=0.00175201194361 distance_loss=0.0884703546762
Iteration 41 of 100: loss=0.0901092737913 object_loss=0.00233108457178 distance_loss=0.0877781882882
Iteration 42 of 100: loss=0.0958263278008 object_loss=0.00915782153606 distance_loss=0.0866685062647
Iteration 43 of 100: loss=0.0900898054242 object_loss=0.00396333215758 distance_loss=0.0861264765263
Iteration 44 of 100: loss=0.0874942094088 object_loss=0.00169048516545 distance_loss=0.0858037248254
Iteration 45 of 100: loss=0.0902758017182 object_loss=0.00446828501299 distance_loss=0.0858075171709
Iteration 46 of 100: loss=0.0877536609769 object_loss=0.0017861048691 distance_loss=0.0859675556421
Iteration 47 of 100: loss=0.0882124602795 object_loss=0.00217693042941 distance_loss=0.0860355272889
Iteration 48 of 100: loss=0.0872999504209 object_loss=0.00194385484792 distance_loss=0.0853560939431
Iteration 49 of 100: loss=0.0905321091413 object_loss=0.0053822491318 distance_loss=0.0851498618722
Iteration 50 of 100: loss=0.0867326706648 object_loss=0.00136524275877 distance_loss=0.0853674262762
Iteration 51 of 100: loss=0.0876192376018 object_loss=0.00235999794677 distance_loss=0.0852592363954
Iteration 52 of 100: loss=0.0875199586153 object_loss=0.00273059634492 distance_loss=0.08478936553
Iteration 53 of 100: loss=0.0863326787949 object_loss=0.00196409178898 distance_loss=0.0843685865402
Iteration 54 of 100: loss=0.0868091881275 object_loss=0.00325760850683 distance_loss=0.0835515782237
Iteration 55 of 100: loss=0.0848513543606 object_loss=0.00160051207058 distance_loss=0.0832508429885
Iteration 56 of 100: loss=0.0851273536682 object_loss=0.00263903359883 distance_loss=0.0824883207679
Iteration 57 of 100: loss=0.0852628797293 object_loss=0.0036425658036 distance_loss=0.0816203132272
Iteration 58 of 100: loss=0.0837849676609 object_loss=0.00234457617626 distance_loss=0.0814403891563
Iteration 59 of 100: loss=0.0854592248797 object_loss=0.00421732710674 distance_loss=0.0812418982387
Iteration 60 of 100: loss=0.0908505544066 object_loss=0.010323160328 distance_loss=0.08052739501
Iteration 61 of 100: loss=0.0884411111474 object_loss=0.0078918337822 distance_loss=0.0805492773652
Iteration 62 of 100: loss=0.087746232748 object_loss=0.0065380493179 distance_loss=0.0812081843615
Iteration 63 of 100: loss=0.0846084281802 object_loss=0.00241882214323 distance_loss=0.08218960464
Iteration 64 of 100: loss=0.0870966017246 object_loss=0.00444158073515 distance_loss=0.0826550200582
Iteration 65 of 100: loss=0.0913708433509 object_loss=0.00815337058157 distance_loss=0.083217471838
Iteration 66 of 100: loss=0.0878351777792 object_loss=0.00349172530696 distance_loss=0.0843434557319
Iteration 67 of 100: loss=0.0887201726437 object_loss=0.00322175654583 distance_loss=0.0854984149337
Iteration 68 of 100: loss=0.0889510139823 object_loss=0.00214685848914 distance_loss=0.0868041589856
Iteration 69 of 100: loss=0.0896645858884 object_loss=0.00191338884179 distance_loss=0.0877511948347
Iteration 70 of 100: loss=0.0896232798696 object_loss=0.00127637630794 distance_loss=0.0883469060063
Iteration 71 of 100: loss=0.089771322906 object_loss=0.00123551255092 distance_loss=0.0885358080268
Iteration 72 of 100: loss=0.0904952734709 object_loss=0.00267558963969 distance_loss=0.0878196805716
Iteration 73 of 100: loss=0.0891418159008 object_loss=0.0015007276088 distance_loss=0.0876410901546
Iteration 74 of 100: loss=0.088358104229 object_loss=0.00117553898599 distance_loss=0.0871825665236
Iteration 75 of 100: loss=0.0875840112567 object_loss=0.00106664479245 distance_loss=0.0865173637867
Iteration 76 of 100: loss=0.0887334644794 object_loss=0.00297384173609 distance_loss=0.0857596248388
Iteration 77 of 100: loss=0.0894839465618 object_loss=0.00433516222984 distance_loss=0.085148781538
Iteration 78 of 100: loss=0.098821952939 object_loss=0.0140845216811 distance_loss=0.0847374349833
Iteration 79 of 100: loss=0.122728720307 object_loss=0.0373362824321 distance_loss=0.0853924378753
Iteration 80 of 100: loss=0.102851383388 object_loss=0.0136469881982 distance_loss=0.0892043933272
Iteration 81 of 100: loss=0.0943051055074 object_loss=0.00165188428946 distance_loss=0.0926532223821
Iteration 82 of 100: loss=0.0991355329752 object_loss=0.00294390390627 distance_loss=0.0961916297674
Iteration 83 of 100: loss=0.106127940118 object_loss=0.00662739435211 distance_loss=0.0995005443692
Iteration 84 of 100: loss=0.105693414807 object_loss=0.00325979595073 distance_loss=0.102433621883
Iteration 85 of 100: loss=0.114122211933 object_loss=0.00926358718425 distance_loss=0.104858621955
Iteration 86 of 100: loss=0.112925872207 object_loss=0.00534589961171 distance_loss=0.10757997632
Iteration 87 of 100: loss=0.116642959416 object_loss=0.00687082950026 distance_loss=0.109772130847
Iteration 88 of 100: loss=0.114103659987 object_loss=0.00223671761341 distance_loss=0.111866943538
Iteration 89 of 100: loss=0.117241412401 object_loss=0.00324553903192 distance_loss=0.113995872438
Iteration 90 of 100: loss=0.118370696902 object_loss=0.00266638654284 distance_loss=0.115704312921
Iteration 91 of 100: loss=0.117565073073 object_loss=0.000608869188 distance_loss=0.116956204176
Iteration 92 of 100: loss=0.118181347847 object_loss=0.000821994966827 distance_loss=0.117359355092
Iteration 93 of 100: loss=0.11893530935 object_loss=0.00116059416905 distance_loss=0.11777471751
Iteration 94 of 100: loss=0.119040377438 object_loss=0.00125673715957 distance_loss=0.117783643305
Iteration 95 of 100: loss=0.118350990117 object_loss=0.00110943207983 distance_loss=0.117241561413
Iteration 96 of 100: loss=0.118582740426 object_loss=0.00196460960433 distance_loss=0.116618134081
Iteration 97 of 100: loss=0.117943659425 object_loss=0.00149655318819 distance_loss=0.116447106004
Iteration 98 of 100: loss=0.119356632233 object_loss=0.003426004434 distance_loss=0.115930624306
Iteration 99 of 100: loss=0.119716838002 object_loss=0.00425195181742 distance_loss=0.115464888513
Iteration 0 of 100: loss=0.167381003499 object_loss=0.0524803288281 distance_loss=0.114900678396
Iteration 1 of 100: loss=0.121672838926 object_loss=0.00288674724288 distance_loss=0.118786089122
Iteration 2 of 100: loss=0.12991052866 object_loss=0.00791028980166 distance_loss=0.122000239789
Iteration 3 of 100: loss=0.136235117912 object_loss=0.0109912902117 distance_loss=0.125243827701
Iteration 4 of 100: loss=0.135654449463 object_loss=0.00664978474379 distance_loss=0.129004657269
Iteration 5 of 100: loss=0.133822441101 object_loss=0.00127945828717 distance_loss=0.132542982697
Iteration 6 of 100: loss=0.137935578823 object_loss=0.00233816588297 distance_loss=0.135597407818
Iteration 7 of 100: loss=0.139675989747 object_loss=0.000659994839225 distance_loss=0.139015987515
Iteration 8 of 100: loss=0.143343225121 object_loss=0.0015972944675 distance_loss=0.14174592495
Iteration 9 of 100: loss=0.145091041923 object_loss=0.000951402180362 distance_loss=0.144139632583
Iteration 10 of 100: loss=0.146549239755 object_loss=0.00065947312396 distance_loss=0.145889773965
Iteration 11 of 100: loss=0.147294417024 object_loss=0.000649564084597 distance_loss=0.146644845605
Iteration 12 of 100: loss=0.147159576416 object_loss=0.000449250888778 distance_loss=0.146710321307
Iteration 13 of 100: loss=0.147650897503 object_loss=0.000915130309295 distance_loss=0.146735772491
Iteration 14 of 100: loss=0.147304683924 object_loss=0.000592017022427 distance_loss=0.146712660789
Iteration 15 of 100: loss=0.146513462067 object_loss=0.00027946580667 distance_loss=0.146233990788
Iteration 16 of 100: loss=0.145589783788 object_loss=0.000297021790175 distance_loss=0.145292758942
Iteration 17 of 100: loss=0.144885957241 object_loss=0.000421842356445 distance_loss=0.144464120269
Iteration 18 of 100: loss=0.144220203161 object_loss=0.000640027981717 distance_loss=0.143580168486
Iteration 19 of 100: loss=0.144006758928 object_loss=0.00129309715703 distance_loss=0.142713665962
Iteration 20 of 100: loss=0.142953768373 object_loss=0.00138030864764 distance_loss=0.14157345891
Iteration 21 of 100: loss=0.141543030739 object_loss=0.00109320320189 distance_loss=0.140449821949
Iteration 22 of 100: loss=0.139940559864 object_loss=0.000588493712712 distance_loss=0.139352068305
Iteration 23 of 100: loss=0.140852361917 object_loss=0.00269891833887 distance_loss=0.138153448701
Iteration 24 of 100: loss=0.141619980335 object_loss=0.00470946077257 distance_loss=0.136910513043
Iteration 25 of 100: loss=0.137774839997 object_loss=0.00176844000816 distance_loss=0.136006399989
Iteration 26 of 100: loss=0.144406974316 object_loss=0.00919912010431 distance_loss=0.135207861662
Iteration 27 of 100: loss=0.138974845409 object_loss=0.0039472351782 distance_loss=0.135027617216
Iteration 28 of 100: loss=0.13506641984 object_loss=0.000319864309859 distance_loss=0.134746551514
Iteration 29 of 100: loss=0.134637966752 object_loss=0.000599524646532 distance_loss=0.134038448334
Iteration 30 of 100: loss=0.13467630744 object_loss=0.00115985667799 distance_loss=0.133516445756
Iteration 31 of 100: loss=0.133680894971 object_loss=0.00103985622991 distance_loss=0.132641032338
Iteration 32 of 100: loss=0.131934523582 object_loss=0.000835130980704 distance_loss=0.131099388003
Iteration 33 of 100: loss=0.131130054593 object_loss=0.00098097207956 distance_loss=0.130149081349
Iteration 34 of 100: loss=0.132853150368 object_loss=0.00395628390834 distance_loss=0.128896862268
Iteration 35 of 100: loss=0.131048649549 object_loss=0.00339843495749 distance_loss=0.127650216222
Iteration 36 of 100: loss=0.130014002323 object_loss=0.00324493017979 distance_loss=0.126769065857
Iteration 37 of 100: loss=0.127077251673 object_loss=0.00112577131949 distance_loss=0.125951483846
Iteration 38 of 100: loss=0.127149388194 object_loss=0.00222502369434 distance_loss=0.124924361706
Iteration 39 of 100: loss=0.128620028496 object_loss=0.00455906568095 distance_loss=0.124060958624
Iteration 40 of 100: loss=0.128110021353 object_loss=0.00485517596826 distance_loss=0.123254850507
Iteration 41 of 100: loss=0.145420715213 object_loss=0.0231550037861 distance_loss=0.122265711427
Iteration 42 of 100: loss=0.12375652045 object_loss=0.000531673897058 distance_loss=0.123224847019
Iteration 43 of 100: loss=0.124917969108 object_loss=0.000709642714355 distance_loss=0.124208323658
Iteration 44 of 100: loss=0.125510722399 object_loss=0.00125983811449 distance_loss=0.124250888824
Iteration 45 of 100: loss=0.126361340284 object_loss=0.00180542410817 distance_loss=0.124555915594
Iteration 46 of 100: loss=0.125426962972 object_loss=0.000635691278148 distance_loss=0.124791271985
Iteration 47 of 100: loss=0.127428665757 object_loss=0.00278531690128 distance_loss=0.124643355608
Iteration 48 of 100: loss=0.125440850854 object_loss=0.000786375720054 distance_loss=0.124654479325
Iteration 49 of 100: loss=0.126760289073 object_loss=0.002115087118 distance_loss=0.124645203352
Iteration 50 of 100: loss=0.125083431602 object_loss=0.000750661885832 distance_loss=0.124332763255
Iteration 51 of 100: loss=0.128771111369 object_loss=0.00487926835194 distance_loss=0.123891837895
Iteration 52 of 100: loss=0.133046641946 object_loss=0.00962253753096 distance_loss=0.123424097896
Iteration 53 of 100: loss=0.131460666656 object_loss=0.00775697501376 distance_loss=0.123703695834
Iteration 54 of 100: loss=0.127737060189 object_loss=0.00301112094894 distance_loss=0.124725945294
Iteration 55 of 100: loss=0.131450220942 object_loss=0.00603205570951 distance_loss=0.125418171287
Iteration 56 of 100: loss=0.130715414882 object_loss=0.00526318512857 distance_loss=0.125452235341
Iteration 57 of 100: loss=0.128888607025 object_loss=0.00275809783489 distance_loss=0.126130506396
Iteration 58 of 100: loss=0.130026951432 object_loss=0.00315686524846 distance_loss=0.126870080829
Iteration 59 of 100: loss=0.127737730742 object_loss=0.00080524594523 distance_loss=0.126932486892
Iteration 60 of 100: loss=0.128159791231 object_loss=0.001011967659 distance_loss=0.127147823572
Iteration 61 of 100: loss=0.127737209201 object_loss=0.00061739544617 distance_loss=0.127119809389
Iteration 62 of 100: loss=0.127313658595 object_loss=0.000841247616336 distance_loss=0.12647241354
Iteration 63 of 100: loss=0.127070218325 object_loss=0.00088592688553 distance_loss=0.126184284687
Iteration 64 of 100: loss=0.126503020525 object_loss=0.00102218228858 distance_loss=0.125480845571
Iteration 65 of 100: loss=0.125680223107 object_loss=0.00128071650397 distance_loss=0.124399513006
Iteration 66 of 100: loss=0.125087618828 object_loss=0.00138260168023 distance_loss=0.123705014586
Iteration 67 of 100: loss=0.124259099364 object_loss=0.00161200074945 distance_loss=0.122647099197
Iteration 68 of 100: loss=0.123757168651 object_loss=0.00249602436088 distance_loss=0.121261142194
Iteration 69 of 100: loss=0.122577741742 object_loss=0.00235960027203 distance_loss=0.120218142867
Iteration 70 of 100: loss=0.121082663536 object_loss=0.00168440362904 distance_loss=0.119398258626
Iteration 71 of 100: loss=0.119719155133 object_loss=0.00171914068051 distance_loss=0.118000015616
Iteration 72 of 100: loss=0.120811663568 object_loss=0.00411858456209 distance_loss=0.116693079472
Iteration 73 of 100: loss=0.121585346758 object_loss=0.00556994974613 distance_loss=0.116015397012
Iteration 74 of 100: loss=0.119741365314 object_loss=0.00418206537142 distance_loss=0.11555930227
Iteration 75 of 100: loss=0.116222180426 object_loss=0.00114798068535 distance_loss=0.115074202418
Iteration 76 of 100: loss=0.117508493364 object_loss=0.00334958964959 distance_loss=0.114158906043
Iteration 77 of 100: loss=0.116570711136 object_loss=0.00328099937178 distance_loss=0.11328971386
Iteration 78 of 100: loss=0.115804754198 object_loss=0.00297357025556 distance_loss=0.112831182778
Iteration 79 of 100: loss=0.115017428994 object_loss=0.0027037949767 distance_loss=0.112313635647
Iteration 80 of 100: loss=0.114395283163 object_loss=0.00302491383627 distance_loss=0.111370369792
Iteration 81 of 100: loss=0.113200962543 object_loss=0.00221600406803 distance_loss=0.110984958708
Iteration 82 of 100: loss=0.115343011916 object_loss=0.00496024778113 distance_loss=0.110382765532
Iteration 83 of 100: loss=0.1118882671 object_loss=0.00205963710323 distance_loss=0.1098286286
Iteration 84 of 100: loss=0.111235275865 object_loss=0.00180956651457 distance_loss=0.109425708652
Iteration 85 of 100: loss=0.114644303918 object_loss=0.00539728021249 distance_loss=0.109247021377
Iteration 86 of 100: loss=0.114103876054 object_loss=0.00494191749021 distance_loss=0.109161958098
Iteration 87 of 100: loss=0.111069232225 object_loss=0.00189794111066 distance_loss=0.109171293676
Iteration 88 of 100: loss=0.114990063012 object_loss=0.0061320066452 distance_loss=0.108858056366
Iteration 89 of 100: loss=0.114727266133 object_loss=0.00592574756593 distance_loss=0.108801521361
Iteration 90 of 100: loss=0.111773468554 object_loss=0.00287029938772 distance_loss=0.108903169632
Iteration 91 of 100: loss=0.112130649388 object_loss=0.00281837792136 distance_loss=0.109312273562
Iteration 92 of 100: loss=0.113688759506 object_loss=0.00459745805711 distance_loss=0.109091304243
Iteration 93 of 100: loss=0.11363659054 object_loss=0.00453919405118 distance_loss=0.109097398818
Iteration 94 of 100: loss=0.112389922142 object_loss=0.00330060906708 distance_loss=0.109089314938
Iteration 95 of 100: loss=0.112764678895 object_loss=0.00383664015681 distance_loss=0.10892803967
Iteration 96 of 100: loss=0.112918622792 object_loss=0.00448975991458 distance_loss=0.108428865671
Iteration 97 of 100: loss=0.113368622959 object_loss=0.00499448087066 distance_loss=0.108374141157
Iteration 98 of 100: loss=0.11129000783 object_loss=0.00324287638068 distance_loss=0.108047135174
Iteration 99 of 100: loss=0.112072758377 object_loss=0.00436731707305 distance_loss=0.107705444098
Iteration 0 of 100: loss=0.114277563989 object_loss=0.0066099697724 distance_loss=0.107667595148
Iteration 1 of 100: loss=0.109909281135 object_loss=0.00293062836863 distance_loss=0.106978654861
Iteration 2 of 100: loss=0.111231714487 object_loss=0.00457282504067 distance_loss=0.106658890843
Iteration 3 of 100: loss=0.110661253333 object_loss=0.00398754887283 distance_loss=0.106673702598
Iteration 4 of 100: loss=0.108918428421 object_loss=0.00271121202968 distance_loss=0.106207214296
Iteration 5 of 100: loss=0.108003497124 object_loss=0.00217671319842 distance_loss=0.105826787651
Iteration 6 of 100: loss=0.108651027083 object_loss=0.00325655844063 distance_loss=0.105394467711
Iteration 7 of 100: loss=0.106640592217 object_loss=0.00183683086652 distance_loss=0.10480376333
Iteration 8 of 100: loss=0.107912644744 object_loss=0.00372770312242 distance_loss=0.104184940457
Iteration 9 of 100: loss=0.106842264533 object_loss=0.00292862392962 distance_loss=0.103913642466
Iteration 10 of 100: loss=0.110399402678 object_loss=0.00701358774677 distance_loss=0.103385813534
Iteration 11 of 100: loss=0.10683106631 object_loss=0.00399442994967 distance_loss=0.102836638689
Iteration 12 of 100: loss=0.116887457669 object_loss=0.0143780699 distance_loss=0.102509386837
Iteration 13 of 100: loss=0.11046551913 object_loss=0.00688613811508 distance_loss=0.103579379618
Iteration 14 of 100: loss=0.109362229705 object_loss=0.00474118255079 distance_loss=0.104621045291
Iteration 15 of 100: loss=0.107704609632 object_loss=0.00253144768067 distance_loss=0.105173163116
Iteration 16 of 100: loss=0.107988029718 object_loss=0.00288821547292 distance_loss=0.10509981215
Iteration 17 of 100: loss=0.106166213751 object_loss=0.0011340638157 distance_loss=0.105032153428
Iteration 18 of 100: loss=0.10594394058 object_loss=0.00140669126995 distance_loss=0.104537248611
Iteration 19 of 100: loss=0.105005532503 object_loss=0.000706825579982 distance_loss=0.104298703372
Iteration 20 of 100: loss=0.105394206941 object_loss=0.00143202708568 distance_loss=0.103962182999
Iteration 21 of 100: loss=0.112792693079 object_loss=0.00932019669563 distance_loss=0.103472493589
Iteration 22 of 100: loss=0.107636392117 object_loss=0.00310316542163 distance_loss=0.104533225298
Iteration 23 of 100: loss=0.10733794421 object_loss=0.00150107417721 distance_loss=0.105836868286
Iteration 24 of 100: loss=0.107354082167 object_loss=0.000845691887662 distance_loss=0.106508389115
Iteration 25 of 100: loss=0.107553452253 object_loss=0.00113503052853 distance_loss=0.106418423355
Iteration 26 of 100: loss=0.10718087852 object_loss=0.00100865517743 distance_loss=0.106172226369
Iteration 27 of 100: loss=0.107537299395 object_loss=0.00174643704668 distance_loss=0.105790860951
Iteration 28 of 100: loss=0.107097581029 object_loss=0.00165748980362 distance_loss=0.105440087616
Iteration 29 of 100: loss=0.109243422747 object_loss=0.00381898414344 distance_loss=0.105424441397
Iteration 30 of 100: loss=0.109098829329 object_loss=0.00364888715558 distance_loss=0.105449944735
Iteration 31 of 100: loss=0.106676019728 object_loss=0.00139582157135 distance_loss=0.105280198157
Iteration 32 of 100: loss=0.10597126931 object_loss=0.00137429777533 distance_loss=0.104596972466
Iteration 33 of 100: loss=0.105183772743 object_loss=0.00111931469291 distance_loss=0.104064457119
Iteration 34 of 100: loss=0.105296730995 object_loss=0.001676638145 distance_loss=0.103620089591
Iteration 35 of 100: loss=0.105265267193 object_loss=0.00234448071569 distance_loss=0.102920785546
Iteration 36 of 100: loss=0.104023642838 object_loss=0.00239889603108 distance_loss=0.101624749601
Iteration 37 of 100: loss=0.105511665344 object_loss=0.00507821142673 distance_loss=0.100433453918
Iteration 38 of 100: loss=0.102719917893 object_loss=0.00272350152954 distance_loss=0.0999964177608
Iteration 39 of 100: loss=0.104554250836 object_loss=0.00485026510432 distance_loss=0.0997039824724
Iteration 40 of 100: loss=0.104916200042 object_loss=0.00551942456514 distance_loss=0.0993967726827
Iteration 41 of 100: loss=0.105660006404 object_loss=0.00628675427288 distance_loss=0.0993732511997
Iteration 42 of 100: loss=0.101923152804 object_loss=0.00262530869804 distance_loss=0.0992978438735
Iteration 43 of 100: loss=0.10108615458 object_loss=0.00199849903584 distance_loss=0.0990876555443
Iteration 44 of 100: loss=0.104587778449 object_loss=0.00604353100061 distance_loss=0.0985442474484
Iteration 45 of 100: loss=0.107331134379 object_loss=0.00896081421524 distance_loss=0.098370321095
Iteration 46 of 100: loss=0.103987812996 object_loss=0.00507472874597 distance_loss=0.0989130809903
Iteration 47 of 100: loss=0.11042124033 object_loss=0.011248851195 distance_loss=0.0991723909974
Iteration 48 of 100: loss=0.102435700595 object_loss=0.00219559809193 distance_loss=0.1002401039
Iteration 49 of 100: loss=0.107166394591 object_loss=0.00608594063669 distance_loss=0.101080454886
Iteration 50 of 100: loss=0.113236889243 object_loss=0.0113187795505 distance_loss=0.101918108761
Iteration 51 of 100: loss=0.107981555164 object_loss=0.00496296025813 distance_loss=0.103018596768
Iteration 52 of 100: loss=0.104782767594 object_loss=0.00171689852141 distance_loss=0.103065870702
Iteration 53 of 100: loss=0.107295081019 object_loss=0.00404297886416 distance_loss=0.103252105415
Iteration 54 of 100: loss=0.106091335416 object_loss=0.00251493207179 distance_loss=0.103576406837
Iteration 55 of 100: loss=0.106905996799 object_loss=0.00344409840181 distance_loss=0.103461898863
Iteration 56 of 100: loss=0.104893296957 object_loss=0.00175725854933 distance_loss=0.10313604027
Iteration 57 of 100: loss=0.105927683413 object_loss=0.00306614581496 distance_loss=0.102861538529
Iteration 58 of 100: loss=0.10733590275 object_loss=0.00491686258465 distance_loss=0.102419041097
Iteration 59 of 100: loss=0.117085814476 object_loss=0.0151884574443 distance_loss=0.101897358894
Iteration 60 of 100: loss=0.108427040279 object_loss=0.00627640448511 distance_loss=0.102150633931
Iteration 61 of 100: loss=0.158290505409 object_loss=0.0563109815121 distance_loss=0.101979531348
Iteration 62 of 100: loss=0.160764068365 object_loss=0.0551328212023 distance_loss=0.105631254613
Iteration 63 of 100: loss=0.116268113256 object_loss=0.00469414517283 distance_loss=0.111573971808
Iteration 64 of 100: loss=0.136647880077 object_loss=0.0199438463897 distance_loss=0.116704031825
Iteration 65 of 100: loss=0.129606366158 object_loss=0.00685751065612 distance_loss=0.122748851776
Iteration 66 of 100: loss=0.12978926301 object_loss=0.00141900323797 distance_loss=0.128370255232
Iteration 67 of 100: loss=0.136597260833 object_loss=0.00323244859464 distance_loss=0.13336481154
Iteration 68 of 100: loss=0.139313429594 object_loss=0.00131451291963 distance_loss=0.137998923659
Iteration 69 of 100: loss=0.145836830139 object_loss=0.00347452238202 distance_loss=0.142362311482
Iteration 70 of 100: loss=0.15193797648 object_loss=0.00563773140311 distance_loss=0.146300241351
Iteration 71 of 100: loss=0.162900447845 object_loss=0.0137086668983 distance_loss=0.149191781878
Iteration 72 of 100: loss=0.158034697175 object_loss=0.00706241233274 distance_loss=0.150972291827
Iteration 73 of 100: loss=0.164510652423 object_loss=0.0117481779307 distance_loss=0.15276247263
Iteration 74 of 100: loss=0.158459857106 object_loss=0.00211198604666 distance_loss=0.156347870827
Iteration 75 of 100: loss=0.160359710455 object_loss=0.00112342217471 distance_loss=0.15923628211
Iteration 76 of 100: loss=0.162036702037 object_loss=0.000600684492383 distance_loss=0.161436021328
Iteration 77 of 100: loss=0.164121106267 object_loss=0.00115190295037 distance_loss=0.162969201803
Iteration 78 of 100: loss=0.165841951966 object_loss=0.00152245536447 distance_loss=0.164319500327
Iteration 79 of 100: loss=0.166856721044 object_loss=0.00186233757995 distance_loss=0.164994388819
Iteration 80 of 100: loss=0.167039230466 object_loss=0.00148803251795 distance_loss=0.165551200509
Iteration 81 of 100: loss=0.168699130416 object_loss=0.00268026301637 distance_loss=0.166018873453
Iteration 82 of 100: loss=0.169338956475 object_loss=0.0033040556591 distance_loss=0.166034907103
Iteration 83 of 100: loss=0.169371590018 object_loss=0.00297147594392 distance_loss=0.166400119662
Iteration 84 of 100: loss=0.168570131063 object_loss=0.00211420655251 distance_loss=0.166455924511
Iteration 85 of 100: loss=0.170081436634 object_loss=0.00385143840685 distance_loss=0.166229993105
Iteration 86 of 100: loss=0.167442187667 object_loss=0.00143665447831 distance_loss=0.166005536914
Iteration 87 of 100: loss=0.167588680983 object_loss=0.00209435634315 distance_loss=0.165494322777
Iteration 88 of 100: loss=0.169347956777 object_loss=0.00504013244063 distance_loss=0.164307817817
Iteration 89 of 100: loss=0.165951102972 object_loss=0.00214886991307 distance_loss=0.163802236319
Iteration 90 of 100: loss=0.166834980249 object_loss=0.0035644096788 distance_loss=0.163270577788
Iteration 91 of 100: loss=0.16579477489 object_loss=0.003376749577 distance_loss=0.162418022752
Iteration 92 of 100: loss=0.169164523482 object_loss=0.0073924777098 distance_loss=0.161772042513
Iteration 93 of 100: loss=0.164669856429 object_loss=0.00289836805314 distance_loss=0.16177149117
Iteration 94 of 100: loss=0.166676357388 object_loss=0.0054676188156 distance_loss=0.161208733916
Iteration 95 of 100: loss=0.165096789598 object_loss=0.00438191602007 distance_loss=0.160714879632
Iteration 96 of 100: loss=0.164771854877 object_loss=0.00471953768283 distance_loss=0.160052314401
Iteration 97 of 100: loss=0.161557465792 object_loss=0.00257505383343 distance_loss=0.158982411027
Iteration 98 of 100: loss=0.160752788186 object_loss=0.00281054829247 distance_loss=0.15794223547
Iteration 99 of 100: loss=0.161636739969 object_loss=0.00499498192221 distance_loss=0.156641751528
Iteration 0 of 100: loss=0.159231722355 object_loss=0.00426556169987 distance_loss=0.154966160655
Iteration 1 of 100: loss=0.163132444024 object_loss=0.00934922415763 distance_loss=0.153783217072
Iteration 2 of 100: loss=0.177821114659 object_loss=0.0245716571808 distance_loss=0.153249457479
Iteration 3 of 100: loss=0.160203933716 object_loss=0.00575009314343 distance_loss=0.154453843832
Iteration 4 of 100: loss=0.161808088422 object_loss=0.00599673995748 distance_loss=0.155811354518
Iteration 5 of 100: loss=0.158514529467 object_loss=0.00134316890035 distance_loss=0.157171353698
Iteration 6 of 100: loss=0.159963056445 object_loss=0.00154588231817 distance_loss=0.158417180181
Iteration 7 of 100: loss=0.161658316851 object_loss=0.00220283027738 distance_loss=0.159455493093
Iteration 8 of 100: loss=0.167199552059 object_loss=0.00741559825838 distance_loss=0.159783959389
Iteration 9 of 100: loss=0.162090405822 object_loss=0.00194972113241 distance_loss=0.160140678287
Iteration 10 of 100: loss=0.162653401494 object_loss=0.00193050282542 distance_loss=0.160722896457
Iteration 11 of 100: loss=0.163220599294 object_loss=0.00233572581783 distance_loss=0.160884872079
Iteration 12 of 100: loss=0.162400007248 object_loss=0.00170374917798 distance_loss=0.160696253181
Iteration 13 of 100: loss=0.16185104847 object_loss=0.00122139230371 distance_loss=0.160629659891
Iteration 14 of 100: loss=0.161781355739 object_loss=0.00129428459331 distance_loss=0.16048707068
Iteration 15 of 100: loss=0.161558896303 object_loss=0.00143580045551 distance_loss=0.160123094916
Iteration 16 of 100: loss=0.161086991429 object_loss=0.00171265541576 distance_loss=0.159374341369
Iteration 17 of 100: loss=0.161454543471 object_loss=0.00267975218594 distance_loss=0.158774793148
Iteration 18 of 100: loss=0.162169441581 object_loss=0.00422770902514 distance_loss=0.15794172883
Iteration 19 of 100: loss=0.161504298449 object_loss=0.00447826040909 distance_loss=0.157026037574
Iteration 20 of 100: loss=0.159364119172 object_loss=0.00304429326206 distance_loss=0.156319826841
Iteration 21 of 100: loss=0.160252064466 object_loss=0.00478558242321 distance_loss=0.155466482043
Iteration 22 of 100: loss=0.159930661321 object_loss=0.0050403396599 distance_loss=0.154890328646
Iteration 23 of 100: loss=0.156439438462 object_loss=0.00172104057856 distance_loss=0.154718399048
Iteration 24 of 100: loss=0.156655028462 object_loss=0.00255798827857 distance_loss=0.154097035527
Iteration 25 of 100: loss=0.155479341745 object_loss=0.00201351731084 distance_loss=0.153465822339
Iteration 26 of 100: loss=0.154257550836 object_loss=0.00148338940926 distance_loss=0.15277415514
Iteration 27 of 100: loss=0.153767228127 object_loss=0.00187572988216 distance_loss=0.151891499758
Iteration 28 of 100: loss=0.152512475848 object_loss=0.00168535625562 distance_loss=0.150827124715
Iteration 29 of 100: loss=0.153650641441 object_loss=0.00382706476375 distance_loss=0.149823576212
Iteration 30 of 100: loss=0.152700975537 object_loss=0.00388289662078 distance_loss=0.148818075657
Iteration 31 of 100: loss=0.153862968087 object_loss=0.00594578823075 distance_loss=0.147917181253
Iteration 32 of 100: loss=0.149396911263 object_loss=0.00162161304615 distance_loss=0.147775292397
Iteration 33 of 100: loss=0.149018839002 object_loss=0.00159204658121 distance_loss=0.14742679894
Iteration 34 of 100: loss=0.150430679321 object_loss=0.00343709602021 distance_loss=0.14699357748
Iteration 35 of 100: loss=0.149181842804 object_loss=0.0028236056678 distance_loss=0.14635823667
Iteration 36 of 100: loss=0.150802716613 object_loss=0.00504491757601 distance_loss=0.14575779438
Iteration 37 of 100: loss=0.148213639855 object_loss=0.00318907154724 distance_loss=0.145024567842
Iteration 38 of 100: loss=0.149877503514 object_loss=0.00564138358459 distance_loss=0.144236117601
Iteration 39 of 100: loss=0.161618635058 object_loss=0.0180235039443 distance_loss=0.143595129251
Iteration 40 of 100: loss=0.146871954203 object_loss=0.00249052303843 distance_loss=0.144381433725
Iteration 41 of 100: loss=0.146921262145 object_loss=0.00142734474503 distance_loss=0.145493924618
Iteration 42 of 100: loss=0.148048013449 object_loss=0.00125796278007 distance_loss=0.146790057421
Iteration 43 of 100: loss=0.150205925107 object_loss=0.00211278209463 distance_loss=0.148093149066
Iteration 44 of 100: loss=0.150133922696 object_loss=0.00144289259333 distance_loss=0.148691028357
Iteration 45 of 100: loss=0.150357320905 object_loss=0.00129448494408 distance_loss=0.149062842131
Iteration 46 of 100: loss=0.149798765779 object_loss=0.000509802193847 distance_loss=0.149288967252
Iteration 47 of 100: loss=0.150545179844 object_loss=0.00126362789888 distance_loss=0.149281546474
Iteration 48 of 100: loss=0.149809166789 object_loss=0.00104928016663 distance_loss=0.148759886622
Iteration 49 of 100: loss=0.149551212788 object_loss=0.0012454133248 distance_loss=0.148305803537
Iteration 50 of 100: loss=0.149597465992 object_loss=0.00171334436163 distance_loss=0.147884115577
Iteration 51 of 100: loss=0.14957728982 object_loss=0.00233210832812 distance_loss=0.147245183587
Iteration 52 of 100: loss=0.147413477302 object_loss=0.00138714467175 distance_loss=0.146026328206
Iteration 53 of 100: loss=0.147394612432 object_loss=0.00187098328024 distance_loss=0.145523622632
Iteration 54 of 100: loss=0.148579329252 object_loss=0.00372337270528 distance_loss=0.144855961204
Iteration 55 of 100: loss=0.159523382783 object_loss=0.0154111972079 distance_loss=0.144112184644
Iteration 56 of 100: loss=0.148682683706 object_loss=0.00441878754646 distance_loss=0.144263893366
Iteration 57 of 100: loss=0.154096484184 object_loss=0.00970675051212 distance_loss=0.144389733672
Iteration 58 of 100: loss=0.153212189674 object_loss=0.00795967970043 distance_loss=0.145252510905
Iteration 59 of 100: loss=0.148302212358 object_loss=0.00188576104119 distance_loss=0.146416455507
Iteration 60 of 100: loss=0.152020692825 object_loss=0.00498141022399 distance_loss=0.147039279342
Iteration 61 of 100: loss=0.149461522698 object_loss=0.00226707500406 distance_loss=0.147194445133
Iteration 62 of 100: loss=0.149247378111 object_loss=0.00203926675022 distance_loss=0.147208109498
Iteration 63 of 100: loss=0.150027140975 object_loss=0.00287829712033 distance_loss=0.14714884758
Iteration 64 of 100: loss=0.148344442248 object_loss=0.0018464961322 distance_loss=0.146497949958
Iteration 65 of 100: loss=0.148386150599 object_loss=0.00219785212539 distance_loss=0.146188303828
Iteration 66 of 100: loss=0.147970631719 object_loss=0.00222754781134 distance_loss=0.145743086934
Iteration 67 of 100: loss=0.147364601493 object_loss=0.00229873578064 distance_loss=0.14506585896
Iteration 68 of 100: loss=0.146033421159 object_loss=0.00172399333678 distance_loss=0.144309431314
Iteration 69 of 100: loss=0.148863554001 object_loss=0.00550243956968 distance_loss=0.143361121416
Iteration 70 of 100: loss=0.149346888065 object_loss=0.00621953886002 distance_loss=0.143127351999
Iteration 71 of 100: loss=0.146421387792 object_loss=0.00336795626208 distance_loss=0.143053427339
Iteration 72 of 100: loss=0.143704771996 object_loss=0.00149951246567 distance_loss=0.142205253243
Iteration 73 of 100: loss=0.143466442823 object_loss=0.00159119837917 distance_loss=0.141875237226
Iteration 74 of 100: loss=0.143233627081 object_loss=0.00224474770948 distance_loss=0.140988886356
Iteration 75 of 100: loss=0.143416911364 object_loss=0.00353461643681 distance_loss=0.139882296324
Iteration 76 of 100: loss=0.142050713301 object_loss=0.00300341076218 distance_loss=0.139047309756
Iteration 77 of 100: loss=0.148934140801 object_loss=0.0104279853404 distance_loss=0.138506159186
Iteration 78 of 100: loss=0.149271145463 object_loss=0.0112376082689 distance_loss=0.138033539057
Iteration 79 of 100: loss=0.152753099799 object_loss=0.0145757226273 distance_loss=0.138177379966
Iteration 80 of 100: loss=0.14191904664 object_loss=0.00349194486625 distance_loss=0.138427108526
Iteration 81 of 100: loss=0.141952544451 object_loss=0.00346029619686 distance_loss=0.138492241502
Iteration 82 of 100: loss=0.139945045114 object_loss=0.00124542310368 distance_loss=0.138699620962
Iteration 83 of 100: loss=0.139341264963 object_loss=0.00078700116137 distance_loss=0.138554260135
Iteration 84 of 100: loss=0.139149427414 object_loss=0.00140986207407 distance_loss=0.137739568949
Iteration 85 of 100: loss=0.139485359192 object_loss=0.002448677551 distance_loss=0.137036681175
Iteration 86 of 100: loss=0.141154274344 object_loss=0.00481307134032 distance_loss=0.136341199279
Iteration 87 of 100: loss=0.136401131749 object_loss=0.000751322251745 distance_loss=0.135649815202
Iteration 88 of 100: loss=0.135889276862 object_loss=0.000985657912679 distance_loss=0.134903624654
Iteration 89 of 100: loss=0.135798156261 object_loss=0.00181747588795 distance_loss=0.133980676532
Iteration 90 of 100: loss=0.134221121669 object_loss=0.00117449497338 distance_loss=0.133046627045
Iteration 91 of 100: loss=0.139498382807 object_loss=0.00711427535862 distance_loss=0.132384106517
Iteration 92 of 100: loss=0.135159477592 object_loss=0.00325133395381 distance_loss=0.131908148527
Iteration 93 of 100: loss=0.132954850793 object_loss=0.000996941234916 distance_loss=0.131957903504
Iteration 94 of 100: loss=0.133907049894 object_loss=0.00188019650523 distance_loss=0.132026851177
Iteration 95 of 100: loss=0.134181886911 object_loss=0.0024539118167 distance_loss=0.131727978587
Iteration 96 of 100: loss=0.132192775607 object_loss=0.00131022022106 distance_loss=0.130882561207
Iteration 97 of 100: loss=0.13241584599 object_loss=0.00190299493261 distance_loss=0.130512848496
Iteration 98 of 100: loss=0.131665989757 object_loss=0.0015014189994 distance_loss=0.130164563656
Iteration 99 of 100: loss=0.131233885884 object_loss=0.00172178493813 distance_loss=0.129512101412
Iteration 0 of 100: loss=0.130324214697 object_loss=0.00145394692663 distance_loss=0.128870263696
Iteration 1 of 100: loss=0.129712849855 object_loss=0.00156630552374 distance_loss=0.128146544099
Iteration 2 of 100: loss=0.129824712873 object_loss=0.00255534099415 distance_loss=0.127269372344
Iteration 3 of 100: loss=0.130028158426 object_loss=0.00365320919082 distance_loss=0.126374945045
Iteration 4 of 100: loss=0.128087952733 object_loss=0.00246974290349 distance_loss=0.125618204474
Iteration 5 of 100: loss=0.126845985651 object_loss=0.00212415843271 distance_loss=0.124721825123
Iteration 6 of 100: loss=0.126751676202 object_loss=0.00280655757524 distance_loss=0.123945116997
Iteration 7 of 100: loss=0.126229330897 object_loss=0.00297576049343 distance_loss=0.123253569007
Iteration 8 of 100: loss=0.124932788312 object_loss=0.00264823599719 distance_loss=0.122284553945
Iteration 9 of 100: loss=0.122828744352 object_loss=0.00153950869571 distance_loss=0.121289238334
Iteration 10 of 100: loss=0.122823610902 object_loss=0.00227991258726 distance_loss=0.120543695986
Iteration 11 of 100: loss=0.123635649681 object_loss=0.00437923241407 distance_loss=0.119256414473
Iteration 12 of 100: loss=0.120149925351 object_loss=0.00202186894603 distance_loss=0.118128053844
Iteration 13 of 100: loss=0.120891988277 object_loss=0.00312787527218 distance_loss=0.117764115334
Iteration 14 of 100: loss=0.12126545608 object_loss=0.00446901051328 distance_loss=0.116796448827
Iteration 15 of 100: loss=0.118627890944 object_loss=0.00273479800671 distance_loss=0.115893095732
Iteration 16 of 100: loss=0.117395497859 object_loss=0.00237663090229 distance_loss=0.115018866956
Iteration 17 of 100: loss=0.117170400918 object_loss=0.00319912284613 distance_loss=0.113971278071
Iteration 18 of 100: loss=0.115324124694 object_loss=0.00244782678783 distance_loss=0.112876296043
Iteration 19 of 100: loss=0.119115747511 object_loss=0.00720084179193 distance_loss=0.111914902925
Iteration 20 of 100: loss=0.121286913753 object_loss=0.0101859364659 distance_loss=0.111100979149
Iteration 21 of 100: loss=0.121711522341 object_loss=0.0106957927346 distance_loss=0.111015729606
Iteration 22 of 100: loss=0.115967340767 object_loss=0.00396644463763 distance_loss=0.112000897527
Iteration 23 of 100: loss=0.116186834872 object_loss=0.00354856578633 distance_loss=0.112638272345
Iteration 24 of 100: loss=0.114009492099 object_loss=0.0010216931114 distance_loss=0.112987801433
Iteration 25 of 100: loss=0.114960044622 object_loss=0.00176409259439 distance_loss=0.113195948303
Iteration 26 of 100: loss=0.116339474916 object_loss=0.00283663859591 distance_loss=0.113502837718
Iteration 27 of 100: loss=0.117250978947 object_loss=0.00356226763688 distance_loss=0.113688714802
Iteration 28 of 100: loss=0.116443410516 object_loss=0.00303567922674 distance_loss=0.113407731056
Iteration 29 of 100: loss=0.114681124687 object_loss=0.00129198783543 distance_loss=0.113389134407
Iteration 30 of 100: loss=0.114669241011 object_loss=0.00128542562015 distance_loss=0.113383814692
Iteration 31 of 100: loss=0.114377275109 object_loss=0.000942382961512 distance_loss=0.113434888422
Iteration 32 of 100: loss=0.113862670958 object_loss=0.0012159452308 distance_loss=0.112646728754
Iteration 33 of 100: loss=0.11365699023 object_loss=0.00146344339009 distance_loss=0.112193547189
Iteration 34 of 100: loss=0.112748786807 object_loss=0.00116321293171 distance_loss=0.111585572362
Iteration 35 of 100: loss=0.112397067249 object_loss=0.0012973418925 distance_loss=0.111099727452
Iteration 36 of 100: loss=0.112016625702 object_loss=0.00162751413882 distance_loss=0.110389113426
Iteration 37 of 100: loss=0.111590452492 object_loss=0.00178018352017 distance_loss=0.109810270369
Iteration 38 of 100: loss=0.112808793783 object_loss=0.00363303092308 distance_loss=0.109175764024
Iteration 39 of 100: loss=0.111522428691 object_loss=0.00318376137875 distance_loss=0.108338668942
Iteration 40 of 100: loss=0.113149546087 object_loss=0.00545658171177 distance_loss=0.107692964375
Iteration 41 of 100: loss=0.11163636297 object_loss=0.00466723181307 distance_loss=0.106969133019
Iteration 42 of 100: loss=0.110078163445 object_loss=0.0036638029851 distance_loss=0.106414362788
Iteration 43 of 100: loss=0.107819452882 object_loss=0.00191037985496 distance_loss=0.105909071863
Iteration 44 of 100: loss=0.108301587403 object_loss=0.00323730963282 distance_loss=0.105064280331
Iteration 45 of 100: loss=0.107532508671 object_loss=0.00318732298911 distance_loss=0.104345187545
Iteration 46 of 100: loss=0.107408449054 object_loss=0.00396911241114 distance_loss=0.103439338505
Iteration 47 of 100: loss=0.106476202607 object_loss=0.00376896606758 distance_loss=0.102707237005
Iteration 48 of 100: loss=0.104769222438 object_loss=0.00269704218954 distance_loss=0.102072179317
Iteration 49 of 100: loss=0.10403598845 object_loss=0.00238857697695 distance_loss=0.101647414267
Iteration 50 of 100: loss=0.104482866824 object_loss=0.00338931451552 distance_loss=0.101093553007
Iteration 51 of 100: loss=0.104657635093 object_loss=0.00412914948538 distance_loss=0.100528486073
Iteration 52 of 100: loss=0.101165696979 object_loss=0.00125215330627 distance_loss=0.0999135449529
Iteration 53 of 100: loss=0.101062603295 object_loss=0.00148229347542 distance_loss=0.0995803102851
Iteration 54 of 100: loss=0.101216025651 object_loss=0.00227253464982 distance_loss=0.0989434942603
Iteration 55 of 100: loss=0.102179892361 object_loss=0.00398346642032 distance_loss=0.0981964245439
Iteration 56 of 100: loss=0.0990963950753 object_loss=0.0018329299055 distance_loss=0.0972634628415
Iteration 57 of 100: loss=0.0996779799461 object_loss=0.00301490258425 distance_loss=0.0966630801558
Iteration 58 of 100: loss=0.100538320839 object_loss=0.0044235852547 distance_loss=0.0961147323251
Iteration 59 of 100: loss=0.109806142747 object_loss=0.0143422232941 distance_loss=0.0954639166594
Iteration 60 of 100: loss=0.100626565516 object_loss=0.00443069823086 distance_loss=0.0961958691478
Iteration 61 of 100: loss=0.10022444278 object_loss=0.00328407576308 distance_loss=0.0969403684139
Iteration 62 of 100: loss=0.10134190321 object_loss=0.00383515376598 distance_loss=0.0975067466497
Iteration 63 of 100: loss=0.110691800714 object_loss=0.0128391152248 distance_loss=0.0978526845574
Iteration 64 of 100: loss=0.104669250548 object_loss=0.00616468582302 distance_loss=0.0985045656562
Iteration 65 of 100: loss=0.103567294776 object_loss=0.00439598411322 distance_loss=0.0991713106632
Iteration 66 of 100: loss=0.102932132781 object_loss=0.00305173895322 distance_loss=0.0998803973198
Iteration 67 of 100: loss=0.103523015976 object_loss=0.00319578917697 distance_loss=0.100327223539
Iteration 68 of 100: loss=0.102712571621 object_loss=0.00256957346573 distance_loss=0.100143000484
Iteration 69 of 100: loss=0.103258498013 object_loss=0.00286476546898 distance_loss=0.100393734872
Iteration 70 of 100: loss=0.102703914046 object_loss=0.00226194714196 distance_loss=0.100441969931
Iteration 71 of 100: loss=0.102151304483 object_loss=0.00211452320218 distance_loss=0.100036785007
Iteration 72 of 100: loss=0.101368047297 object_loss=0.00203692843206 distance_loss=0.0993311181664
Iteration 73 of 100: loss=0.104479879141 object_loss=0.00545764248818 distance_loss=0.0990222394466
Iteration 74 of 100: loss=0.101904660463 object_loss=0.00280403671786 distance_loss=0.0991006270051
Iteration 75 of 100: loss=0.101455405354 object_loss=0.00232537603006 distance_loss=0.0991300269961
Iteration 76 of 100: loss=0.101700231433 object_loss=0.00305484328419 distance_loss=0.09864538908
Iteration 77 of 100: loss=0.0995879843831 object_loss=0.00163345504552 distance_loss=0.0979545265436
Iteration 78 of 100: loss=0.0997631177306 object_loss=0.00219831638969 distance_loss=0.0975648015738
Iteration 79 of 100: loss=0.0999887958169 object_loss=0.00288914819248 distance_loss=0.0970996469259
Iteration 80 of 100: loss=0.100099533796 object_loss=0.00380068086088 distance_loss=0.0962988510728
Iteration 81 of 100: loss=0.0982525721192 object_loss=0.00251711718738 distance_loss=0.0957354530692
Iteration 82 of 100: loss=0.0993359386921 object_loss=0.00397746544331 distance_loss=0.0953584760427
Iteration 83 of 100: loss=0.0979750007391 object_loss=0.00296142720617 distance_loss=0.0950135737658
Iteration 84 of 100: loss=0.0979718714952 object_loss=0.00338596827351 distance_loss=0.0945859029889
Iteration 85 of 100: loss=0.0986900702119 object_loss=0.00465338490903 distance_loss=0.0940366834402
Iteration 86 of 100: loss=0.0992294475436 object_loss=0.0058026118204 distance_loss=0.0934268385172
Iteration 87 of 100: loss=0.096121840179 object_loss=0.00299513945356 distance_loss=0.0931266993284
Iteration 88 of 100: loss=0.0948527306318 object_loss=0.00242781382985 distance_loss=0.0924249142408
Iteration 89 of 100: loss=0.0966835394502 object_loss=0.00501075852662 distance_loss=0.0916727781296
Iteration 90 of 100: loss=0.0952844321728 object_loss=0.00380433700047 distance_loss=0.0914800986648
Iteration 91 of 100: loss=0.107569679618 object_loss=0.01629402861 distance_loss=0.0912756547332
Iteration 92 of 100: loss=0.0944748967886 object_loss=0.00285280169919 distance_loss=0.0916220918298
Iteration 93 of 100: loss=0.0957504659891 object_loss=0.00319834053516 distance_loss=0.0925521254539
Iteration 94 of 100: loss=0.097182802856 object_loss=0.00399975012988 distance_loss=0.0931830555201
Iteration 95 of 100: loss=0.0993843302131 object_loss=0.006111104507 distance_loss=0.0932732224464
Iteration 96 of 100: loss=0.0982927381992 object_loss=0.00503337802365 distance_loss=0.093259356916
Iteration 97 of 100: loss=0.0967349484563 object_loss=0.00318648386747 distance_loss=0.0935484617949
Iteration 98 of 100: loss=0.0963403880596 object_loss=0.00266698608175 distance_loss=0.0936734005809
Iteration 99 of 100: loss=0.0997805371881 object_loss=0.00627005146816 distance_loss=0.0935104861856
Iteration 0 of 100: loss=0.16012558341 object_loss=0.0663041472435 distance_loss=0.0938214436173
Iteration 1 of 100: loss=0.118454605341 object_loss=0.0212370473891 distance_loss=0.0972175598145
Iteration 2 of 100: loss=0.107960067689 object_loss=0.00689046084881 distance_loss=0.101069606841
Iteration 3 of 100: loss=0.121281340718 object_loss=0.0164486486465 distance_loss=0.104832693934
Iteration 4 of 100: loss=0.118388473988 object_loss=0.00968082807958 distance_loss=0.108707644045
Iteration 5 of 100: loss=0.114133737981 object_loss=0.00140586227644 distance_loss=0.112727873027
Iteration 6 of 100: loss=0.116645112634 object_loss=0.000651050067972 distance_loss=0.115994066
Iteration 7 of 100: loss=0.119193285704 object_loss=0.000704479403794 distance_loss=0.118488803506
Iteration 8 of 100: loss=0.121456876397 object_loss=0.000862505461555 distance_loss=0.120594367385
Iteration 9 of 100: loss=0.12391192466 object_loss=0.00149716832675 distance_loss=0.122414752841
Iteration 10 of 100: loss=0.125234678388 object_loss=0.00133259780705 distance_loss=0.123902074993
Iteration 11 of 100: loss=0.131245478988 object_loss=0.00623520137742 distance_loss=0.125010281801
Iteration 12 of 100: loss=0.129319876432 object_loss=0.00372147001326 distance_loss=0.125598400831
Iteration 13 of 100: loss=0.1277987957 object_loss=0.00181309052277 distance_loss=0.125985711813
Iteration 14 of 100: loss=0.129372373223 object_loss=0.00312337419018 distance_loss=0.12624900043
Iteration 15 of 100: loss=0.129291892052 object_loss=0.00269138324074 distance_loss=0.126600503922
Iteration 16 of 100: loss=0.127263918519 object_loss=0.000508497352712 distance_loss=0.126755416393
Iteration 17 of 100: loss=0.127543658018 object_loss=0.000606031971984 distance_loss=0.126937627792
Iteration 18 of 100: loss=0.127512574196 object_loss=0.000668723485433 distance_loss=0.126843854785
Iteration 19 of 100: loss=0.12779840827 object_loss=0.00159831612837 distance_loss=0.126200094819
Iteration 20 of 100: loss=0.127109482884 object_loss=0.00165917002596 distance_loss=0.125450313091
Iteration 21 of 100: loss=0.130498975515 object_loss=0.00562411127612 distance_loss=0.124874860048
Iteration 22 of 100: loss=0.125864312053 object_loss=0.00141775934026 distance_loss=0.124446548522
Iteration 23 of 100: loss=0.12491364032 object_loss=0.000918055244256 distance_loss=0.12399558723
Iteration 24 of 100: loss=0.12411211431 object_loss=0.000943836930674 distance_loss=0.12316827476
Iteration 25 of 100: loss=0.123312972486 object_loss=0.000782357004937 distance_loss=0.12253061682
Iteration 26 of 100: loss=0.122558608651 object_loss=0.000742782081943 distance_loss=0.121815823019
Iteration 27 of 100: loss=0.121614992619 object_loss=0.000797071610577 distance_loss=0.120817922056
Iteration 28 of 100: loss=0.120697900653 object_loss=0.00118081748951 distance_loss=0.119517080486
Iteration 29 of 100: loss=0.119108855724 object_loss=0.000860453641508 distance_loss=0.118248403072
Iteration 30 of 100: loss=0.120213285089 object_loss=0.00289781717584 distance_loss=0.117315471172
Iteration 31 of 100: loss=0.121698543429 object_loss=0.00554317655042 distance_loss=0.116155363619
Iteration 32 of 100: loss=0.119177974761 object_loss=0.00397196412086 distance_loss=0.11520601064
Iteration 33 of 100: loss=0.116670817137 object_loss=0.00173209176864 distance_loss=0.114938728511
Iteration 34 of 100: loss=0.117317333817 object_loss=0.0026849869173 distance_loss=0.114632345736
Iteration 35 of 100: loss=0.117807328701 object_loss=0.00394075922668 distance_loss=0.113866567612
Iteration 36 of 100: loss=0.114936299622 object_loss=0.00170436513145 distance_loss=0.113231934607
Iteration 37 of 100: loss=0.115819223225 object_loss=0.00323285907507 distance_loss=0.11258636415
Iteration 38 of 100: loss=0.115044057369 object_loss=0.00287126447074 distance_loss=0.112172789872
Iteration 39 of 100: loss=0.115932360291 object_loss=0.00423011602834 distance_loss=0.111702241004
Iteration 40 of 100: loss=0.113285265863 object_loss=0.00253472803161 distance_loss=0.110750541091
Iteration 41 of 100: loss=0.112378746271 object_loss=0.00237123668194 distance_loss=0.110007509589
Iteration 42 of 100: loss=0.113977879286 object_loss=0.00483957724646 distance_loss=0.109138302505
Iteration 43 of 100: loss=0.112984128296 object_loss=0.00447407411411 distance_loss=0.108510054648
Iteration 44 of 100: loss=0.115475989878 object_loss=0.00757318316028 distance_loss=0.107902809978
Iteration 45 of 100: loss=0.120070531964 object_loss=0.0121373571455 distance_loss=0.107933171093
Iteration 46 of 100: loss=0.1178374663 object_loss=0.00947206933051 distance_loss=0.108365394175
Iteration 47 of 100: loss=0.112557992339 object_loss=0.00343262264505 distance_loss=0.109125368297
Iteration 48 of 100: loss=0.113312207162 object_loss=0.00373483588919 distance_loss=0.10957737267
Iteration 49 of 100: loss=0.113484442234 object_loss=0.00333045073785 distance_loss=0.110153988004
Iteration 50 of 100: loss=0.112400978804 object_loss=0.0012458487181 distance_loss=0.111155129969
Iteration 51 of 100: loss=0.114664189517 object_loss=0.00284257414751 distance_loss=0.111821614206
Iteration 52 of 100: loss=0.115604013205 object_loss=0.00340747926384 distance_loss=0.112196534872
Iteration 53 of 100: loss=0.120403937995 object_loss=0.00786533392966 distance_loss=0.112538605928
Iteration 54 of 100: loss=0.165483236313 object_loss=0.0520523861051 distance_loss=0.113430850208
Iteration 55 of 100: loss=0.128287360072 object_loss=0.0115855233744 distance_loss=0.116701841354
Iteration 56 of 100: loss=0.12055066973 object_loss=0.000619076774456 distance_loss=0.119931593537
Iteration 57 of 100: loss=0.123608551919 object_loss=0.000616856501438 distance_loss=0.122991696
Iteration 58 of 100: loss=0.126071572304 object_loss=0.000676634779666 distance_loss=0.125394940376
Iteration 59 of 100: loss=0.128675147891 object_loss=0.000985356164165 distance_loss=0.127689793706
Iteration 60 of 100: loss=0.130806013942 object_loss=0.00140992435627 distance_loss=0.129396095872
Iteration 61 of 100: loss=0.131220340729 object_loss=0.000507601711433 distance_loss=0.130712732673
Iteration 62 of 100: loss=0.132435396314 object_loss=0.000599589082412 distance_loss=0.13183580339
Iteration 63 of 100: loss=0.133780792356 object_loss=0.00124316115398 distance_loss=0.132537633181
Iteration 64 of 100: loss=0.13356487453 object_loss=0.00100359530188 distance_loss=0.132561281323
Iteration 65 of 100: loss=0.135131374002 object_loss=0.00239297631197 distance_loss=0.132738396525
Iteration 66 of 100: loss=0.135399863124 object_loss=0.00245866389014 distance_loss=0.132941201329
Iteration 67 of 100: loss=0.136179685593 object_loss=0.00360376108438 distance_loss=0.132575929165
Iteration 68 of 100: loss=0.134309336543 object_loss=0.0021084761247 distance_loss=0.132200866938
Iteration 69 of 100: loss=0.134196966887 object_loss=0.00210910732858 distance_loss=0.132087856531
Iteration 70 of 100: loss=0.134046450257 object_loss=0.00251093111001 distance_loss=0.131535515189
Iteration 71 of 100: loss=0.134938627481 object_loss=0.00378906913102 distance_loss=0.131149560213
Iteration 72 of 100: loss=0.132253870368 object_loss=0.00170400622301 distance_loss=0.130549862981
Iteration 73 of 100: loss=0.131837621331 object_loss=0.00172154046595 distance_loss=0.130116075277
Iteration 74 of 100: loss=0.130762711167 object_loss=0.00121510960162 distance_loss=0.129547595978
Iteration 75 of 100: loss=0.130900278687 object_loss=0.00208708294667 distance_loss=0.128813192248
Iteration 76 of 100: loss=0.130171075463 object_loss=0.002427108353 distance_loss=0.127743974328
Iteration 77 of 100: loss=0.132134646177 object_loss=0.00531576480716 distance_loss=0.126818880439
Iteration 78 of 100: loss=0.128590390086 object_loss=0.00231113308109 distance_loss=0.126279249787
Iteration 79 of 100: loss=0.127219587564 object_loss=0.00170087988954 distance_loss=0.125518709421
Iteration 80 of 100: loss=0.126235559583 object_loss=0.00146350078285 distance_loss=0.124772064388
Iteration 81 of 100: loss=0.124882571399 object_loss=0.000808111275546 distance_loss=0.124074459076
Iteration 82 of 100: loss=0.124320857227 object_loss=0.00138811580837 distance_loss=0.122932739556
Iteration 83 of 100: loss=0.123432695866 object_loss=0.00169952132273 distance_loss=0.121733173728
Iteration 84 of 100: loss=0.12252432853 object_loss=0.00185549387243 distance_loss=0.120668835938
Iteration 85 of 100: loss=0.121811702847 object_loss=0.00223254947923 distance_loss=0.119579151273
Iteration 86 of 100: loss=0.125146150589 object_loss=0.00646521756425 distance_loss=0.118680939078
Iteration 87 of 100: loss=0.122902140021 object_loss=0.00505803059787 distance_loss=0.117844112217
Iteration 88 of 100: loss=0.128782868385 object_loss=0.0117781106383 distance_loss=0.117004752159
Iteration 89 of 100: loss=0.120486676693 object_loss=0.00339532294311 distance_loss=0.117091350257
Iteration 90 of 100: loss=0.118569850922 object_loss=0.00143070484046 distance_loss=0.117139145732
Iteration 91 of 100: loss=0.118669219315 object_loss=0.00189263466746 distance_loss=0.116776585579
Iteration 92 of 100: loss=0.120068877935 object_loss=0.00392429158092 distance_loss=0.11614459008
Iteration 93 of 100: loss=0.119743742049 object_loss=0.00374229904264 distance_loss=0.116001442075
Iteration 94 of 100: loss=0.118678815663 object_loss=0.00337411393411 distance_loss=0.11530470103
Iteration 95 of 100: loss=0.11752025038 object_loss=0.00260870158672 distance_loss=0.114911548793
Iteration 96 of 100: loss=0.116158932447 object_loss=0.00174488592893 distance_loss=0.114414043725
Iteration 97 of 100: loss=0.115202762187 object_loss=0.00170934491325 distance_loss=0.113493420184
Iteration 98 of 100: loss=0.11415309459 object_loss=0.00168789725285 distance_loss=0.112465195358
Iteration 99 of 100: loss=0.113180600107 object_loss=0.00178868731018 distance_loss=0.11139190942
Iteration 0 of 100: loss=0.11435611546 object_loss=0.00411431863904 distance_loss=0.110241793096
Iteration 1 of 100: loss=0.114847868681 object_loss=0.00543353334069 distance_loss=0.109414339066
Iteration 2 of 100: loss=0.111947983503 object_loss=0.002946538385 distance_loss=0.10900144279
Iteration 3 of 100: loss=0.110566690564 object_loss=0.00214852928184 distance_loss=0.108418159187
Iteration 4 of 100: loss=0.110726103187 object_loss=0.00303939171135 distance_loss=0.107686713338
Iteration 5 of 100: loss=0.109904713929 object_loss=0.00265735434368 distance_loss=0.107247360051
Iteration 6 of 100: loss=0.109801411629 object_loss=0.00281720631756 distance_loss=0.106984205544
Iteration 7 of 100: loss=0.109408855438 object_loss=0.00267511187121 distance_loss=0.106733746827
Iteration 8 of 100: loss=0.115085758269 object_loss=0.00888275541365 distance_loss=0.106203004718
Iteration 9 of 100: loss=0.124814629555 object_loss=0.0189197920263 distance_loss=0.105894841254
Iteration 10 of 100: loss=0.109000399709 object_loss=0.00247373990715 distance_loss=0.106526657939
Iteration 11 of 100: loss=0.110211513937 object_loss=0.00316832913086 distance_loss=0.10704318434
Iteration 12 of 100: loss=0.111705131829 object_loss=0.00476163905114 distance_loss=0.106943495572
Iteration 13 of 100: loss=0.131275996566 object_loss=0.0239126402885 distance_loss=0.10736335814
Iteration 14 of 100: loss=0.1115007177 object_loss=0.00229021837004 distance_loss=0.109210498631
Iteration 15 of 100: loss=0.113022089005 object_loss=0.00254802731797 distance_loss=0.110474064946
Iteration 16 of 100: loss=0.112397707999 object_loss=0.00103373988532 distance_loss=0.111363969743
Iteration 17 of 100: loss=0.113453134894 object_loss=0.00139939016663 distance_loss=0.112053744495
Iteration 18 of 100: loss=0.113773077726 object_loss=0.00120086711831 distance_loss=0.112572208047
Iteration 19 of 100: loss=0.115865975618 object_loss=0.00314766773954 distance_loss=0.112718306482
Iteration 20 of 100: loss=0.115254536271 object_loss=0.00266719330102 distance_loss=0.112587340176
Iteration 21 of 100: loss=0.120643153787 object_loss=0.00824365392327 distance_loss=0.112399503589
Iteration 22 of 100: loss=0.120736211538 object_loss=0.00785649102181 distance_loss=0.11287972331
Iteration 23 of 100: loss=0.118576534092 object_loss=0.00515511073172 distance_loss=0.113421425223
Iteration 24 of 100: loss=0.134885519743 object_loss=0.0214174762368 distance_loss=0.113468036056
Iteration 25 of 100: loss=0.119826644659 object_loss=0.00527105201036 distance_loss=0.114555589855
Iteration 26 of 100: loss=0.120641604066 object_loss=0.00504092453048 distance_loss=0.115600682795
Iteration 27 of 100: loss=0.14198987186 object_loss=0.0258463285863 distance_loss=0.116143539548
Iteration 28 of 100: loss=0.124438069761 object_loss=0.00666829990223 distance_loss=0.117769770324
Iteration 29 of 100: loss=0.134758099914 object_loss=0.0153646962717 distance_loss=0.119393408298
Iteration 30 of 100: loss=0.140066057444 object_loss=0.0186116248369 distance_loss=0.121454425156
Iteration 31 of 100: loss=0.130039185286 object_loss=0.00593164656311 distance_loss=0.124107539654
Iteration 32 of 100: loss=0.137385323644 object_loss=0.0110859423876 distance_loss=0.126299381256
Iteration 33 of 100: loss=0.130858957767 object_loss=0.00186906009912 distance_loss=0.128989890218
Iteration 34 of 100: loss=0.134649172425 object_loss=0.00314924144186 distance_loss=0.131499931216
Iteration 35 of 100: loss=0.135224178433 object_loss=0.00163463922217 distance_loss=0.133589535952
Iteration 36 of 100: loss=0.137178167701 object_loss=0.00198534200899 distance_loss=0.13519282639
Iteration 37 of 100: loss=0.138860702515 object_loss=0.00223846989684 distance_loss=0.136622235179
Iteration 38 of 100: loss=0.140350148082 object_loss=0.00287895393558 distance_loss=0.137471199036
Iteration 39 of 100: loss=0.144150048494 object_loss=0.00615905318409 distance_loss=0.137990996242
Iteration 40 of 100: loss=0.143115371466 object_loss=0.00435082148761 distance_loss=0.138764545321
Iteration 41 of 100: loss=0.160094693303 object_loss=0.0211319271475 distance_loss=0.138962760568
Iteration 42 of 100: loss=0.142670840025 object_loss=0.00218484317884 distance_loss=0.140486001968
Iteration 43 of 100: loss=0.144686982036 object_loss=0.00311664678156 distance_loss=0.141570329666
Iteration 44 of 100: loss=0.14720530808 object_loss=0.00495703704655 distance_loss=0.142248272896
Iteration 45 of 100: loss=0.143995732069 object_loss=0.0010841996409 distance_loss=0.142911538482
Iteration 46 of 100: loss=0.145070925355 object_loss=0.00135950208642 distance_loss=0.143711417913
Iteration 47 of 100: loss=0.145592555404 object_loss=0.00136762787588 distance_loss=0.144224926829
Iteration 48 of 100: loss=0.147715955973 object_loss=0.00373061629944 distance_loss=0.14398534596
Iteration 49 of 100: loss=0.14759144187 object_loss=0.0036879866384 distance_loss=0.143903449178
Iteration 50 of 100: loss=0.145875811577 object_loss=0.00187667051796 distance_loss=0.143999144435
Iteration 51 of 100: loss=0.146010234952 object_loss=0.00228888727725 distance_loss=0.143721342087
Iteration 52 of 100: loss=0.14700512588 object_loss=0.00402902625501 distance_loss=0.142976105213
Iteration 53 of 100: loss=0.143977239728 object_loss=0.00153149431571 distance_loss=0.142445743084
Iteration 54 of 100: loss=0.143160298467 object_loss=0.00132528913673 distance_loss=0.141835004091
Iteration 55 of 100: loss=0.142684727907 object_loss=0.00179572391789 distance_loss=0.140889003873
Iteration 56 of 100: loss=0.141710534692 object_loss=0.00202859332785 distance_loss=0.13968193531
Iteration 57 of 100: loss=0.143888860941 object_loss=0.00548632070422 distance_loss=0.138402536511
Iteration 58 of 100: loss=0.142074719071 object_loss=0.00461285188794 distance_loss=0.137461870909
Iteration 59 of 100: loss=0.138744220138 object_loss=0.00187037850264 distance_loss=0.136873841286
Iteration 60 of 100: loss=0.138390794396 object_loss=0.00221698428504 distance_loss=0.136173814535
Iteration 61 of 100: loss=0.137435764074 object_loss=0.00190754025243 distance_loss=0.135528221726
Iteration 62 of 100: loss=0.137677446008 object_loss=0.00286101130769 distance_loss=0.13481643796
Iteration 63 of 100: loss=0.141091436148 object_loss=0.00719545129687 distance_loss=0.133895978332
Iteration 64 of 100: loss=0.138285294175 object_loss=0.00516480114311 distance_loss=0.133120492101
Iteration 65 of 100: loss=0.13677084446 object_loss=0.00383943622001 distance_loss=0.132931411266
Iteration 66 of 100: loss=0.154684513807 object_loss=0.02206758596 distance_loss=0.132616922259
Iteration 67 of 100: loss=0.142573848367 object_loss=0.00833385065198 distance_loss=0.13424000144
Iteration 68 of 100: loss=0.13755851984 object_loss=0.00190840894356 distance_loss=0.135650113225
Iteration 69 of 100: loss=0.137785226107 object_loss=0.00115134823136 distance_loss=0.136633872986
Iteration 70 of 100: loss=0.139646679163 object_loss=0.00225304532796 distance_loss=0.137393638492
Iteration 71 of 100: loss=0.142328828573 object_loss=0.00453841872513 distance_loss=0.137790411711
Iteration 72 of 100: loss=0.141867130995 object_loss=0.00442013144493 distance_loss=0.13744699955
Iteration 73 of 100: loss=0.141304954886 object_loss=0.00362934614532 distance_loss=0.137675613165
Iteration 74 of 100: loss=0.139730527997 object_loss=0.00199954491109 distance_loss=0.13773098588
Iteration 75 of 100: loss=0.137966170907 object_loss=0.000932722352445 distance_loss=0.137033447623
Iteration 76 of 100: loss=0.13792988658 object_loss=0.0017427788116 distance_loss=0.136187106371
Iteration 77 of 100: loss=0.138521105051 object_loss=0.00296037085354 distance_loss=0.13556073606
Iteration 78 of 100: loss=0.135659471154 object_loss=0.000933627365157 distance_loss=0.1347258389
Iteration 79 of 100: loss=0.135499730706 object_loss=0.00130921462551 distance_loss=0.134190514684
Iteration 80 of 100: loss=0.136329814792 object_loss=0.0028365640901 distance_loss=0.133493244648
Iteration 81 of 100: loss=0.133901625872 object_loss=0.00151821260806 distance_loss=0.132383406162
Iteration 82 of 100: loss=0.133404657245 object_loss=0.00193149375264 distance_loss=0.131473168731
Iteration 83 of 100: loss=0.133226037025 object_loss=0.00244807964191 distance_loss=0.130777955055
Iteration 84 of 100: loss=0.133045524359 object_loss=0.00334310973994 distance_loss=0.129702419043
Iteration 85 of 100: loss=0.132166311145 object_loss=0.00322409556247 distance_loss=0.128942221403
Iteration 86 of 100: loss=0.129431352019 object_loss=0.00141687190626 distance_loss=0.128014475107
Iteration 87 of 100: loss=0.133719161153 object_loss=0.00684476550668 distance_loss=0.126874402165
Iteration 88 of 100: loss=0.134018987417 object_loss=0.00736083928496 distance_loss=0.126658141613
Iteration 89 of 100: loss=0.152287974954 object_loss=0.0251970421523 distance_loss=0.127090930939
Iteration 90 of 100: loss=0.139895185828 object_loss=0.0108081875369 distance_loss=0.129087001085
Iteration 91 of 100: loss=0.134873911738 object_loss=0.00326452823356 distance_loss=0.131609380245
Iteration 92 of 100: loss=0.146039158106 object_loss=0.0126331485808 distance_loss=0.13340601325
Iteration 93 of 100: loss=0.1366314888 object_loss=0.00140673539136 distance_loss=0.135224759579
Iteration 94 of 100: loss=0.139002531767 object_loss=0.00229306542315 distance_loss=0.136709466577
Iteration 95 of 100: loss=0.138730049133 object_loss=0.000869057723321 distance_loss=0.137860998511
Iteration 96 of 100: loss=0.140893682837 object_loss=0.00265724374913 distance_loss=0.138236433268
Iteration 97 of 100: loss=0.140059322119 object_loss=0.00149970839266 distance_loss=0.138559609652
Iteration 98 of 100: loss=0.141440555453 object_loss=0.00259734224528 distance_loss=0.138843208551
Iteration 99 of 100: loss=0.144070491195 object_loss=0.00490897428244 distance_loss=0.139161512256
Iteration 0 of 100: loss=0.141731604934 object_loss=0.00265664421022 distance_loss=0.139074966311
Iteration 1 of 100: loss=0.142464578152 object_loss=0.00333851180039 distance_loss=0.139126062393
Iteration 2 of 100: loss=0.140895709395 object_loss=0.00154943182133 distance_loss=0.139346271753
Iteration 3 of 100: loss=0.142319083214 object_loss=0.00255820946768 distance_loss=0.139760866761
Iteration 4 of 100: loss=0.147601246834 object_loss=0.00793490093201 distance_loss=0.139666348696
Iteration 5 of 100: loss=0.149637877941 object_loss=0.00969297531992 distance_loss=0.139944896102
Iteration 6 of 100: loss=0.180334597826 object_loss=0.0392981916666 distance_loss=0.141036406159
Iteration 7 of 100: loss=0.150620803237 object_loss=0.00745402742177 distance_loss=0.143166780472
Iteration 8 of 100: loss=0.147969663143 object_loss=0.00309482542798 distance_loss=0.144874840975
Iteration 9 of 100: loss=0.151420429349 object_loss=0.00489959027618 distance_loss=0.146520838141
Iteration 10 of 100: loss=0.168702334166 object_loss=0.0207044258714 distance_loss=0.147997900844
Iteration 11 of 100: loss=0.184772312641 object_loss=0.0343191027641 distance_loss=0.150453209877
Iteration 12 of 100: loss=0.154461726546 object_loss=0.00233859522268 distance_loss=0.152123138309
Iteration 13 of 100: loss=0.173984885216 object_loss=0.019824353978 distance_loss=0.154160529375
Iteration 14 of 100: loss=0.158058106899 object_loss=0.00131501164287 distance_loss=0.156743094325
Iteration 15 of 100: loss=0.168580144644 object_loss=0.00972216948867 distance_loss=0.15885797143
Iteration 16 of 100: loss=0.175813496113 object_loss=0.0142364427447 distance_loss=0.161577045918
Iteration 17 of 100: loss=0.169810086489 object_loss=0.00488913990557 distance_loss=0.164920940995
Iteration 18 of 100: loss=0.169594615698 object_loss=0.00123971037101 distance_loss=0.168354898691
Iteration 19 of 100: loss=0.173460662365 object_loss=0.00220897002146 distance_loss=0.171251699328
Iteration 20 of 100: loss=0.176814734936 object_loss=0.00328352418728 distance_loss=0.173531204462
Iteration 21 of 100: loss=0.176731824875 object_loss=0.00095581606729 distance_loss=0.175776004791
Iteration 22 of 100: loss=0.179458260536 object_loss=0.00159764860291 distance_loss=0.177860617638
Iteration 23 of 100: loss=0.18315461278 object_loss=0.00385539839044 distance_loss=0.179299220443
Iteration 24 of 100: loss=0.181369498372 object_loss=0.000953779788688 distance_loss=0.180415719748
Iteration 25 of 100: loss=0.182519301772 object_loss=0.00131138507277 distance_loss=0.18120791018
Iteration 26 of 100: loss=0.183940112591 object_loss=0.00220229919069 distance_loss=0.181737810373
Iteration 27 of 100: loss=0.184342473745 object_loss=0.00220305449329 distance_loss=0.18213942647
Iteration 28 of 100: loss=0.18522529304 object_loss=0.00318590039387 distance_loss=0.182039394975
Iteration 29 of 100: loss=0.183048695326 object_loss=0.00132424291223 distance_loss=0.181724458933
Iteration 30 of 100: loss=0.18377918005 object_loss=0.00237338221632 distance_loss=0.181405797601
Iteration 31 of 100: loss=0.182820498943 object_loss=0.0018615743611 distance_loss=0.180958926678
Iteration 32 of 100: loss=0.182314053178 object_loss=0.00280046160333 distance_loss=0.179513588548
Iteration 33 of 100: loss=0.184360176325 object_loss=0.0056685381569 distance_loss=0.178691640496
Iteration 34 of 100: loss=0.182415708899 object_loss=0.00388179952279 distance_loss=0.178533911705
Iteration 35 of 100: loss=0.181285426021 object_loss=0.00323682674207 distance_loss=0.178048595786
Iteration 36 of 100: loss=0.179706037045 object_loss=0.00226185354404 distance_loss=0.177444189787
Iteration 37 of 100: loss=0.179480418563 object_loss=0.00249638990499 distance_loss=0.176984027028
Iteration 38 of 100: loss=0.178214520216 object_loss=0.00195977604017 distance_loss=0.176254749298
Iteration 39 of 100: loss=0.17958521843 object_loss=0.00383885297924 distance_loss=0.175746366382
Iteration 40 of 100: loss=0.177859008312 object_loss=0.002645193832 distance_loss=0.175213813782
Iteration 41 of 100: loss=0.176418691874 object_loss=0.00203851377591 distance_loss=0.17438018322
Iteration 42 of 100: loss=0.176320791245 object_loss=0.00276125594974 distance_loss=0.173559531569
Iteration 43 of 100: loss=0.174420952797 object_loss=0.00174386729486 distance_loss=0.172677084804
Iteration 44 of 100: loss=0.172746628523 object_loss=0.00125038984697 distance_loss=0.171496242285
Iteration 45 of 100: loss=0.171554073691 object_loss=0.00146174686961 distance_loss=0.170092329383
Iteration 46 of 100: loss=0.170239061117 object_loss=0.00136362726334 distance_loss=0.168875440955
Iteration 47 of 100: loss=0.171274095774 object_loss=0.00381138641387 distance_loss=0.167462706566
Iteration 48 of 100: loss=0.167092651129 object_loss=0.00099566380959 distance_loss=0.16609698534
Iteration 49 of 100: loss=0.167996153235 object_loss=0.00263500632718 distance_loss=0.165361151099
Iteration 50 of 100: loss=0.166366383433 object_loss=0.00191810238175 distance_loss=0.164448276162
Iteration 51 of 100: loss=0.165158823133 object_loss=0.00170739600435 distance_loss=0.163451433182
Iteration 52 of 100: loss=0.163086980581 object_loss=0.000875868019648 distance_loss=0.162211105227
Iteration 53 of 100: loss=0.163591235876 object_loss=0.00251997727901 distance_loss=0.161071255803
Iteration 54 of 100: loss=0.163030728698 object_loss=0.00305734598078 distance_loss=0.15997338295
Iteration 55 of 100: loss=0.160311535001 object_loss=0.00124014401808 distance_loss=0.15907138586
Iteration 56 of 100: loss=0.158701226115 object_loss=0.000879291910678 distance_loss=0.157821938396
Iteration 57 of 100: loss=0.157708838582 object_loss=0.00109138060361 distance_loss=0.156617462635
Iteration 58 of 100: loss=0.15653860569 object_loss=0.001161399181 distance_loss=0.155377209187
Iteration 59 of 100: loss=0.1556109339 object_loss=0.00162317336071 distance_loss=0.153987765312
Iteration 60 of 100: loss=0.154837787151 object_loss=0.00219675316475 distance_loss=0.152641028166
Iteration 61 of 100: loss=0.1530829072 object_loss=0.00162090198137 distance_loss=0.151462003589
Iteration 62 of 100: loss=0.152174159884 object_loss=0.00203257496469 distance_loss=0.150141581893
Iteration 63 of 100: loss=0.151235446334 object_loss=0.00228961976245 distance_loss=0.148945823312
Iteration 64 of 100: loss=0.151538193226 object_loss=0.00376014620997 distance_loss=0.147778049111
Iteration 65 of 100: loss=0.152405261993 object_loss=0.00560926320031 distance_loss=0.146796002984
Iteration 66 of 100: loss=0.151201441884 object_loss=0.00526187056676 distance_loss=0.145939573646
Iteration 67 of 100: loss=0.147703692317 object_loss=0.00248642172664 distance_loss=0.145217269659
Iteration 68 of 100: loss=0.147300198674 object_loss=0.00323794852011 distance_loss=0.144062250853
Iteration 69 of 100: loss=0.147029995918 object_loss=0.00337815540843 distance_loss=0.143651843071
Iteration 70 of 100: loss=0.145479917526 object_loss=0.00208305381238 distance_loss=0.143396869302
Iteration 71 of 100: loss=0.145525097847 object_loss=0.0027245208621 distance_loss=0.142800584435
Iteration 72 of 100: loss=0.145395919681 object_loss=0.00360638718121 distance_loss=0.141789525747
Iteration 73 of 100: loss=0.14398060739 object_loss=0.00270097563043 distance_loss=0.141279637814
Iteration 74 of 100: loss=0.143555358052 object_loss=0.00276770163327 distance_loss=0.140787661076
Iteration 75 of 100: loss=0.142019942403 object_loss=0.00187542953063 distance_loss=0.140144512057
Iteration 76 of 100: loss=0.140620693564 object_loss=0.00152401102241 distance_loss=0.139096677303
Iteration 77 of 100: loss=0.13947327435 object_loss=0.00153797620442 distance_loss=0.137935295701
Iteration 78 of 100: loss=0.138951823115 object_loss=0.00197777687572 distance_loss=0.136974051595
Iteration 79 of 100: loss=0.138115242124 object_loss=0.00215195142664 distance_loss=0.13596329093
Iteration 80 of 100: loss=0.137086763978 object_loss=0.00232616392896 distance_loss=0.134760603309
Iteration 81 of 100: loss=0.136653885245 object_loss=0.00283437641338 distance_loss=0.133819505572
Iteration 82 of 100: loss=0.138212680817 object_loss=0.00499414792284 distance_loss=0.13321852684
Iteration 83 of 100: loss=0.137213557959 object_loss=0.00431776093319 distance_loss=0.132895797491
Iteration 84 of 100: loss=0.138870999217 object_loss=0.00648824358359 distance_loss=0.132382750511
Iteration 85 of 100: loss=0.139200106263 object_loss=0.00724206166342 distance_loss=0.131958037615
Iteration 86 of 100: loss=0.133932694793 object_loss=0.00198421836831 distance_loss=0.131948471069
Iteration 87 of 100: loss=0.134157881141 object_loss=0.00214196695015 distance_loss=0.132015913725
Iteration 88 of 100: loss=0.13390634954 object_loss=0.0021448158659 distance_loss=0.131761536002
Iteration 89 of 100: loss=0.133453056216 object_loss=0.00215312815271 distance_loss=0.131299927831
Iteration 90 of 100: loss=0.132841855288 object_loss=0.00160377717111 distance_loss=0.131238073111
Iteration 91 of 100: loss=0.133093014359 object_loss=0.00201354827732 distance_loss=0.131079465151
Iteration 92 of 100: loss=0.133020430803 object_loss=0.00271721719764 distance_loss=0.130303218961
Iteration 93 of 100: loss=0.155305922031 object_loss=0.0253315027803 distance_loss=0.129974424839
Iteration 94 of 100: loss=0.148214787245 object_loss=0.0160814188421 distance_loss=0.132133364677
Iteration 95 of 100: loss=0.146668285131 object_loss=0.0119033977389 distance_loss=0.134764879942
Iteration 96 of 100: loss=0.156129598618 object_loss=0.0188884697855 distance_loss=0.137241125107
Iteration 97 of 100: loss=0.141856297851 object_loss=0.00156572717242 distance_loss=0.140290573239
Iteration 98 of 100: loss=0.143586203456 object_loss=0.000721637392417 distance_loss=0.142864570022
Iteration 99 of 100: loss=0.147175848484 object_loss=0.00223119021393 distance_loss=0.144944652915
Iteration 0 of 100: loss=0.151486307383 object_loss=0.00480734370649 distance_loss=0.146678969264
Iteration 1 of 100: loss=0.150904014707 object_loss=0.00266949599609 distance_loss=0.148234516382
Iteration 2 of 100: loss=0.152310103178 object_loss=0.00260333810002 distance_loss=0.149706766009
Iteration 3 of 100: loss=0.152402684093 object_loss=0.00146244594362 distance_loss=0.150940239429
Iteration 4 of 100: loss=0.153692498803 object_loss=0.00187093333807 distance_loss=0.151821568608
Iteration 5 of 100: loss=0.156174302101 object_loss=0.00359087204561 distance_loss=0.152583435178
Iteration 6 of 100: loss=0.158613219857 object_loss=0.00548490975052 distance_loss=0.153128311038
Iteration 7 of 100: loss=0.171073541045 object_loss=0.0176221728325 distance_loss=0.153451368213
Iteration 8 of 100: loss=0.161330163479 object_loss=0.00669127702713 distance_loss=0.154638886452
Iteration 9 of 100: loss=0.157155647874 object_loss=0.00164320366457 distance_loss=0.155512437224
Iteration 10 of 100: loss=0.157318472862 object_loss=0.00114155514166 distance_loss=0.156176924706
Iteration 11 of 100: loss=0.157840892673 object_loss=0.00123923947103 distance_loss=0.156601652503
Iteration 12 of 100: loss=0.159393891692 object_loss=0.00293717766181 distance_loss=0.156456708908
Iteration 13 of 100: loss=0.158774867654 object_loss=0.00226969597861 distance_loss=0.156505167484
Iteration 14 of 100: loss=0.159406647086 object_loss=0.0031991393771 distance_loss=0.156207501888
Iteration 15 of 100: loss=0.157187119126 object_loss=0.00142755894922 distance_loss=0.155759558082
Iteration 16 of 100: loss=0.158796131611 object_loss=0.00396749516949 distance_loss=0.154828637838
Iteration 17 of 100: loss=0.157610684633 object_loss=0.00343046267517 distance_loss=0.15418022871
Iteration 18 of 100: loss=0.155792564154 object_loss=0.00219829916023 distance_loss=0.153594270349
Iteration 19 of 100: loss=0.154183462262 object_loss=0.00130445987452 distance_loss=0.15287899971
Iteration 20 of 100: loss=0.153332680464 object_loss=0.00114390486851 distance_loss=0.152188777924
Iteration 21 of 100: loss=0.152995675802 object_loss=0.00162732589524 distance_loss=0.151368349791
Iteration 22 of 100: loss=0.152595713735 object_loss=0.00214730971493 distance_loss=0.150448396802
Iteration 23 of 100: loss=0.151446819305 object_loss=0.00192562397569 distance_loss=0.149521201849
Iteration 24 of 100: loss=0.150495663285 object_loss=0.00167364790104 distance_loss=0.148822009563
Iteration 25 of 100: loss=0.150064453483 object_loss=0.00214377464727 distance_loss=0.147920683026
Iteration 26 of 100: loss=0.148700371385 object_loss=0.00170394894667 distance_loss=0.146996423602
Iteration 27 of 100: loss=0.152954667807 object_loss=0.00675942143425 distance_loss=0.146195247769
Iteration 28 of 100: loss=0.152919113636 object_loss=0.00708748074248 distance_loss=0.145831629634
Iteration 29 of 100: loss=0.15396425128 object_loss=0.0079992050305 distance_loss=0.14596503973
Iteration 30 of 100: loss=0.150005713105 object_loss=0.00378495710902 distance_loss=0.146220758557
Iteration 31 of 100: loss=0.149699345231 object_loss=0.00331291370094 distance_loss=0.146386429667
Iteration 32 of 100: loss=0.1489341259 object_loss=0.00236865691841 distance_loss=0.146565467119
Iteration 33 of 100: loss=0.148507833481 object_loss=0.00154828361701 distance_loss=0.146959543228
Iteration 34 of 100: loss=0.148969769478 object_loss=0.00193157431204 distance_loss=0.147038191557
Iteration 35 of 100: loss=0.14947347343 object_loss=0.00241263210773 distance_loss=0.147060841322
Iteration 36 of 100: loss=0.150085285306 object_loss=0.00339903961867 distance_loss=0.146686241031
Iteration 37 of 100: loss=0.14779047668 object_loss=0.0017343206564 distance_loss=0.146056160331
Iteration 38 of 100: loss=0.146630644798 object_loss=0.000971053959802 distance_loss=0.145659595728
Iteration 39 of 100: loss=0.146306484938 object_loss=0.000978377996944 distance_loss=0.145328104496
Iteration 40 of 100: loss=0.147449404001 object_loss=0.00281680887565 distance_loss=0.144632592797
Iteration 41 of 100: loss=0.147648125887 object_loss=0.00348452408798 distance_loss=0.144163608551
Iteration 42 of 100: loss=0.147516012192 object_loss=0.00370549061336 distance_loss=0.143810525537
Iteration 43 of 100: loss=0.145840674639 object_loss=0.00260036857799 distance_loss=0.143240302801
Iteration 44 of 100: loss=0.145379021764 object_loss=0.00286606838927 distance_loss=0.142512947321
Iteration 45 of 100: loss=0.143924832344 object_loss=0.00190593465231 distance_loss=0.142018899322
Iteration 46 of 100: loss=0.144797027111 object_loss=0.00323189399205 distance_loss=0.141565129161
Iteration 47 of 100: loss=0.143295526505 object_loss=0.00224401359446 distance_loss=0.141051515937
Iteration 48 of 100: loss=0.143034875393 object_loss=0.00301208603196 distance_loss=0.140022784472
Iteration 49 of 100: loss=0.141604393721 object_loss=0.00223050452769 distance_loss=0.139373883605
Iteration 50 of 100: loss=0.141893103719 object_loss=0.00306534161791 distance_loss=0.138827756047
Iteration 51 of 100: loss=0.142071664333 object_loss=0.00375669752248 distance_loss=0.138314962387
Iteration 52 of 100: loss=0.140347719193 object_loss=0.00314589031041 distance_loss=0.137201830745
Iteration 53 of 100: loss=0.140599876642 object_loss=0.0040740002878 distance_loss=0.13652586937
Iteration 54 of 100: loss=0.139995157719 object_loss=0.00419996539131 distance_loss=0.13579519093
Iteration 55 of 100: loss=0.137958303094 object_loss=0.00287602259777 distance_loss=0.135082274675
Iteration 56 of 100: loss=0.138918459415 object_loss=0.00452446378767 distance_loss=0.13439399004
Iteration 57 of 100: loss=0.139710053802 object_loss=0.00588600151241 distance_loss=0.133824050426
Iteration 58 of 100: loss=0.141094893217 object_loss=0.00749632436782 distance_loss=0.133598566055
Iteration 59 of 100: loss=0.145374745131 object_loss=0.0113089904189 distance_loss=0.134065747261
Iteration 60 of 100: loss=0.241358309984 object_loss=0.106759496033 distance_loss=0.134598821402
Iteration 61 of 100: loss=0.14827530086 object_loss=0.00984474364668 distance_loss=0.138430550694
Iteration 62 of 100: loss=0.147106707096 object_loss=0.00417412817478 distance_loss=0.142932578921
Iteration 63 of 100: loss=0.150825992227 object_loss=0.0038939518854 distance_loss=0.146932035685
Iteration 64 of 100: loss=0.156069070101 object_loss=0.00581608107314 distance_loss=0.150252982974
Iteration 65 of 100: loss=0.159441962838 object_loss=0.00609194068238 distance_loss=0.153350025415
Iteration 66 of 100: loss=0.160931244493 object_loss=0.00520556932315 distance_loss=0.155725672841
Iteration 67 of 100: loss=0.166923642159 object_loss=0.00943272560835 distance_loss=0.157490924001
Iteration 68 of 100: loss=0.164400622249 object_loss=0.00485576596111 distance_loss=0.159544855356
Iteration 69 of 100: loss=0.1695600003 object_loss=0.00834264885634 distance_loss=0.161217346787
Iteration 70 of 100: loss=0.165767475963 object_loss=0.00272726127878 distance_loss=0.163040220737
Iteration 71 of 100: loss=0.168083399534 object_loss=0.00335222785361 distance_loss=0.164731174707
Iteration 72 of 100: loss=0.167999312282 object_loss=0.00228818249889 distance_loss=0.165711134672
Iteration 73 of 100: loss=0.167428925633 object_loss=0.00104748131707 distance_loss=0.166381448507
Iteration 74 of 100: loss=0.168897032738 object_loss=0.00162501633167 distance_loss=0.167272016406
Iteration 75 of 100: loss=0.170109048486 object_loss=0.00228817062452 distance_loss=0.167820870876
Iteration 76 of 100: loss=0.171583175659 object_loss=0.00386840594001 distance_loss=0.167714774609
Iteration 77 of 100: loss=0.171753063798 object_loss=0.00392171181738 distance_loss=0.167831346393
Iteration 78 of 100: loss=0.176459088922 object_loss=0.0084869209677 distance_loss=0.167972162366
Iteration 79 of 100: loss=0.175771176815 object_loss=0.00742801651359 distance_loss=0.168343156576
Iteration 80 of 100: loss=0.17605933547 object_loss=0.00727544678375 distance_loss=0.168783888221
Iteration 81 of 100: loss=0.173644587398 object_loss=0.00470462348312 distance_loss=0.168939962983
Iteration 82 of 100: loss=0.175305038691 object_loss=0.00658948812634 distance_loss=0.168715551496
Iteration 83 of 100: loss=0.170942589641 object_loss=0.00195561605506 distance_loss=0.168986976147
Iteration 84 of 100: loss=0.170673012733 object_loss=0.00163382687606 distance_loss=0.169039189816
Iteration 85 of 100: loss=0.174375712872 object_loss=0.00547037273645 distance_loss=0.168905332685
Iteration 86 of 100: loss=0.172589704394 object_loss=0.00352612743154 distance_loss=0.169063583016
Iteration 87 of 100: loss=0.172069266438 object_loss=0.00356038520113 distance_loss=0.168508887291
Iteration 88 of 100: loss=0.170063108206 object_loss=0.00240203482099 distance_loss=0.167661070824
Iteration 89 of 100: loss=0.169787973166 object_loss=0.00276060565375 distance_loss=0.167027369142
Iteration 90 of 100: loss=0.168868452311 object_loss=0.00220979610458 distance_loss=0.166658654809
Iteration 91 of 100: loss=0.167022705078 object_loss=0.000839306623675 distance_loss=0.166183397174
Iteration 92 of 100: loss=0.168711349368 object_loss=0.00333222816698 distance_loss=0.1653791219
Iteration 93 of 100: loss=0.170303151011 object_loss=0.00575136579573 distance_loss=0.164551779628
Iteration 94 of 100: loss=0.168275162578 object_loss=0.00440171966329 distance_loss=0.163873448968
Iteration 95 of 100: loss=0.16625289619 object_loss=0.00311761256307 distance_loss=0.163135290146
Iteration 96 of 100: loss=0.163957521319 object_loss=0.00174501084257 distance_loss=0.162212505937
Iteration 97 of 100: loss=0.163143187761 object_loss=0.00203112512827 distance_loss=0.161112055182
Iteration 98 of 100: loss=0.161364734173 object_loss=0.00129958917387 distance_loss=0.1600651443
Iteration 99 of 100: loss=0.162348717451 object_loss=0.00312401447445 distance_loss=0.159224703908
Iteration 0 of 100: loss=0.186179533601 object_loss=0.0280251745135 distance_loss=0.158154353499
Iteration 1 of 100: loss=0.164073109627 object_loss=0.00557440752164 distance_loss=0.158498704433
Iteration 2 of 100: loss=0.165902107954 object_loss=0.00691582867876 distance_loss=0.158986285329
Iteration 3 of 100: loss=0.164577588439 object_loss=0.00508150458336 distance_loss=0.159496083856
Iteration 4 of 100: loss=0.161784857512 object_loss=0.00197221036069 distance_loss=0.159812644124
Iteration 5 of 100: loss=0.163833871484 object_loss=0.00379978655837 distance_loss=0.160034090281
Iteration 6 of 100: loss=0.162690401077 object_loss=0.0025791991502 distance_loss=0.16011120379
Iteration 7 of 100: loss=0.165254294872 object_loss=0.00520941708237 distance_loss=0.160044878721
Iteration 8 of 100: loss=0.191343322396 object_loss=0.0315587222576 distance_loss=0.159784600139
Iteration 9 of 100: loss=0.164703011513 object_loss=0.00301208347082 distance_loss=0.161690920591
Iteration 10 of 100: loss=0.166302293539 object_loss=0.00248973956332 distance_loss=0.163812547922
Iteration 11 of 100: loss=0.16788007319 object_loss=0.00246123573743 distance_loss=0.165418833494
Iteration 12 of 100: loss=0.171388149261 object_loss=0.00535398768261 distance_loss=0.166034162045
Iteration 13 of 100: loss=0.169411018491 object_loss=0.00204614200629 distance_loss=0.167364880443
Iteration 14 of 100: loss=0.169768318534 object_loss=0.00127114308998 distance_loss=0.168497174978
Iteration 15 of 100: loss=0.171597316861 object_loss=0.00262412149459 distance_loss=0.168973192573
Iteration 16 of 100: loss=0.173945665359 object_loss=0.00480585545301 distance_loss=0.169139802456
Iteration 17 of 100: loss=0.172523885965 object_loss=0.00302818114869 distance_loss=0.16949570179
Iteration 18 of 100: loss=0.171782717109 object_loss=0.00229658349417 distance_loss=0.169486135244
Iteration 19 of 100: loss=0.172453999519 object_loss=0.0028118903283 distance_loss=0.169642105699
Iteration 20 of 100: loss=0.17161051929 object_loss=0.00173087639268 distance_loss=0.169879645109
Iteration 21 of 100: loss=0.170781418681 object_loss=0.00135725503787 distance_loss=0.169424161315
Iteration 22 of 100: loss=0.171179354191 object_loss=0.00226974813268 distance_loss=0.168909609318
Iteration 23 of 100: loss=0.175242498517 object_loss=0.00689406506717 distance_loss=0.168348431587
Iteration 24 of 100: loss=0.176100090146 object_loss=0.00837048888206 distance_loss=0.167729601264
Iteration 25 of 100: loss=0.171173170209 object_loss=0.00379664148204 distance_loss=0.167376533151
Iteration 26 of 100: loss=0.169314369559 object_loss=0.00199243985116 distance_loss=0.167321935296
Iteration 27 of 100: loss=0.172488510609 object_loss=0.00591181078926 distance_loss=0.166576698422
Iteration 28 of 100: loss=0.170208349824 object_loss=0.00408331863582 distance_loss=0.166125029325
Iteration 29 of 100: loss=0.168466940522 object_loss=0.00274287583306 distance_loss=0.16572406888
Iteration 30 of 100: loss=0.167810186744 object_loss=0.00239227642305 distance_loss=0.165417909622
Iteration 31 of 100: loss=0.166061893106 object_loss=0.00111685832962 distance_loss=0.164945036173
Iteration 32 of 100: loss=0.165585771203 object_loss=0.00158818438649 distance_loss=0.163997590542
Iteration 33 of 100: loss=0.165518566966 object_loss=0.00217568292283 distance_loss=0.163342878222
Iteration 34 of 100: loss=0.164186686277 object_loss=0.00190124148503 distance_loss=0.162285447121
Iteration 35 of 100: loss=0.16230610013 object_loss=0.0011225680355 distance_loss=0.161183536053
Iteration 36 of 100: loss=0.160913199186 object_loss=0.00103178853169 distance_loss=0.159881412983
Iteration 37 of 100: loss=0.160002842546 object_loss=0.0012182664359 distance_loss=0.158784583211
Iteration 38 of 100: loss=0.15926541388 object_loss=0.00169872387778 distance_loss=0.157566696405
Iteration 39 of 100: loss=0.157655194402 object_loss=0.00121763930656 distance_loss=0.156437560916
Iteration 40 of 100: loss=0.157755121589 object_loss=0.00242274161428 distance_loss=0.155332386494
Iteration 41 of 100: loss=0.157265231013 object_loss=0.00315388431773 distance_loss=0.154111340642
Iteration 42 of 100: loss=0.156950190663 object_loss=0.0038530244492 distance_loss=0.153097167611
Iteration 43 of 100: loss=0.155389741063 object_loss=0.00311212125234 distance_loss=0.152277618647
Iteration 44 of 100: loss=0.155309557915 object_loss=0.00390571146272 distance_loss=0.151403844357
Iteration 45 of 100: loss=0.154312580824 object_loss=0.00402563530952 distance_loss=0.15028694272
Iteration 46 of 100: loss=0.154029771686 object_loss=0.00471506454051 distance_loss=0.149314701557
Iteration 47 of 100: loss=0.156890019774 object_loss=0.00825194641948 distance_loss=0.14863806963
Iteration 48 of 100: loss=0.153792306781 object_loss=0.00542785134166 distance_loss=0.148364454508
Iteration 49 of 100: loss=0.15317517519 object_loss=0.00502043776214 distance_loss=0.148154735565
Iteration 50 of 100: loss=0.154466241598 object_loss=0.00620128214359 distance_loss=0.148264959455
Iteration 51 of 100: loss=0.153721868992 object_loss=0.00568253360689 distance_loss=0.148039340973
Iteration 52 of 100: loss=0.150659441948 object_loss=0.0031068904791 distance_loss=0.147552549839
Iteration 53 of 100: loss=0.150677755475 object_loss=0.00339118181728 distance_loss=0.147286579013
Iteration 54 of 100: loss=0.153817802668 object_loss=0.00672071613371 distance_loss=0.147097080946
Iteration 55 of 100: loss=0.157260030508 object_loss=0.0102996900678 distance_loss=0.146960347891
Iteration 56 of 100: loss=0.157058015466 object_loss=0.0104785012081 distance_loss=0.146579518914
Iteration 57 of 100: loss=0.153418317437 object_loss=0.00665716966614 distance_loss=0.146761149168
Iteration 58 of 100: loss=0.149814918637 object_loss=0.00244389288127 distance_loss=0.147371023893
Iteration 59 of 100: loss=0.150870248675 object_loss=0.00328793469816 distance_loss=0.147582307458
Iteration 60 of 100: loss=0.150042980909 object_loss=0.00296455691569 distance_loss=0.147078424692
Iteration 61 of 100: loss=0.14966596663 object_loss=0.00299601512961 distance_loss=0.146669954062
Iteration 62 of 100: loss=0.153970390558 object_loss=0.007428730838 distance_loss=0.146541655064
Iteration 63 of 100: loss=0.149878397584 object_loss=0.00334685388952 distance_loss=0.146531537175
Iteration 64 of 100: loss=0.150075614452 object_loss=0.00391510780901 distance_loss=0.146160513163
Iteration 65 of 100: loss=0.147027537227 object_loss=0.00106012553442 distance_loss=0.145967409015
Iteration 66 of 100: loss=0.14672575891 object_loss=0.00104493461549 distance_loss=0.145680829883
Iteration 67 of 100: loss=0.146453008056 object_loss=0.00111112347804 distance_loss=0.14534188807
Iteration 68 of 100: loss=0.146009847522 object_loss=0.000997067778371 distance_loss=0.145012781024
Iteration 69 of 100: loss=0.146779105067 object_loss=0.00209678476676 distance_loss=0.144682317972
Iteration 70 of 100: loss=0.147362977266 object_loss=0.00290610105731 distance_loss=0.144456878304
Iteration 71 of 100: loss=0.153821587563 object_loss=0.00958108529449 distance_loss=0.144240498543
Iteration 72 of 100: loss=0.155002176762 object_loss=0.0113001661375 distance_loss=0.143702015281
Iteration 73 of 100: loss=0.163254961371 object_loss=0.0191739834845 distance_loss=0.144080981612
Iteration 74 of 100: loss=0.159779116511 object_loss=0.0149816935882 distance_loss=0.144797429442
Iteration 75 of 100: loss=0.157944917679 object_loss=0.0123870372772 distance_loss=0.145557880402
Iteration 76 of 100: loss=0.150650620461 object_loss=0.00396453635767 distance_loss=0.146686077118
Iteration 77 of 100: loss=0.152145668864 object_loss=0.00448397360742 distance_loss=0.147661700845
Iteration 78 of 100: loss=0.153403952718 object_loss=0.00464761769399 distance_loss=0.148756340146
Iteration 79 of 100: loss=0.151869252324 object_loss=0.00228434079327 distance_loss=0.149584904313
Iteration 80 of 100: loss=0.151667430997 object_loss=0.00142588897143 distance_loss=0.150241538882
Iteration 81 of 100: loss=0.152149915695 object_loss=0.00182796630543 distance_loss=0.150321945548
Iteration 82 of 100: loss=0.151574417949 object_loss=0.00108005234506 distance_loss=0.150494366884
Iteration 83 of 100: loss=0.151315182447 object_loss=0.000927357934415 distance_loss=0.150387823582
Iteration 84 of 100: loss=0.155090689659 object_loss=0.00516805332154 distance_loss=0.149922639132
Iteration 85 of 100: loss=0.151715949178 object_loss=0.00153211015277 distance_loss=0.150183841586
Iteration 86 of 100: loss=0.151694476604 object_loss=0.00157440803014 distance_loss=0.150120064616
Iteration 87 of 100: loss=0.151865541935 object_loss=0.00216650031507 distance_loss=0.149699047208
Iteration 88 of 100: loss=0.153706818819 object_loss=0.00449469545856 distance_loss=0.149212121964
Iteration 89 of 100: loss=0.151525974274 object_loss=0.00216128583997 distance_loss=0.149364694953
Iteration 90 of 100: loss=0.151696994901 object_loss=0.00243323226459 distance_loss=0.149263769388
Iteration 91 of 100: loss=0.153216332197 object_loss=0.00414272630587 distance_loss=0.149073600769
Iteration 92 of 100: loss=0.153132766485 object_loss=0.00473311264068 distance_loss=0.148399651051
Iteration 93 of 100: loss=0.14876267314 object_loss=0.000573870376684 distance_loss=0.14818879962
Iteration 94 of 100: loss=0.148876041174 object_loss=0.000721794727724 distance_loss=0.148154243827
Iteration 95 of 100: loss=0.148319482803 object_loss=0.000608016853221 distance_loss=0.147711470723
Iteration 96 of 100: loss=0.147383332253 object_loss=0.000700002303347 distance_loss=0.146683335304
Iteration 97 of 100: loss=0.146623849869 object_loss=0.000744112068787 distance_loss=0.145879730582
Iteration 98 of 100: loss=0.146534949541 object_loss=0.00140616670251 distance_loss=0.145128786564
Iteration 99 of 100: loss=0.144869625568 object_loss=0.000671704299748 distance_loss=0.144197925925
Iteration 0 of 100: loss=0.144146203995 object_loss=0.000810361816548 distance_loss=0.143335849047
Iteration 1 of 100: loss=0.143442794681 object_loss=0.00103129039053 distance_loss=0.142411500216
Iteration 2 of 100: loss=0.143029287457 object_loss=0.00166876241565 distance_loss=0.141360521317
Iteration 3 of 100: loss=0.148254916072 object_loss=0.00775439338759 distance_loss=0.140500515699
Iteration 4 of 100: loss=0.142660021782 object_loss=0.00252590049058 distance_loss=0.140134125948
Iteration 5 of 100: loss=0.141014531255 object_loss=0.00151938025374 distance_loss=0.139495149255
Iteration 6 of 100: loss=0.142624869943 object_loss=0.00370935746469 distance_loss=0.138915508986
Iteration 7 of 100: loss=0.142459332943 object_loss=0.00407310575247 distance_loss=0.138386234641
Iteration 8 of 100: loss=0.146068647504 object_loss=0.00808511860669 distance_loss=0.13798353076
Iteration 9 of 100: loss=0.143379226327 object_loss=0.00466960249469 distance_loss=0.138709619641
Iteration 10 of 100: loss=0.143831729889 object_loss=0.00439347885549 distance_loss=0.139438256621
Iteration 11 of 100: loss=0.14626480639 object_loss=0.00616131024435 distance_loss=0.140103489161
Iteration 12 of 100: loss=0.146427839994 object_loss=0.00583042437211 distance_loss=0.140597417951
Iteration 13 of 100: loss=0.144812867045 object_loss=0.00321738841012 distance_loss=0.141595482826
Iteration 14 of 100: loss=0.145743981004 object_loss=0.00314655806869 distance_loss=0.142597422004
Iteration 15 of 100: loss=0.152592256665 object_loss=0.0090330960229 distance_loss=0.143559157848
Iteration 16 of 100: loss=0.147027030587 object_loss=0.00250590126961 distance_loss=0.144521132112
Iteration 17 of 100: loss=0.154925271869 object_loss=0.00952403247356 distance_loss=0.145401239395
Iteration 18 of 100: loss=0.150073304772 object_loss=0.0038246253971 distance_loss=0.146248683333
Iteration 19 of 100: loss=0.151715934277 object_loss=0.0050278105773 distance_loss=0.146688118577
Iteration 20 of 100: loss=0.150097832084 object_loss=0.00327307195403 distance_loss=0.146824762225
Iteration 21 of 100: loss=0.151883006096 object_loss=0.00462832115591 distance_loss=0.147254690528
Iteration 22 of 100: loss=0.174884304404 object_loss=0.0274890214205 distance_loss=0.147395282984
Iteration 23 of 100: loss=0.155962616205 object_loss=0.00670969532803 distance_loss=0.149252921343
Iteration 24 of 100: loss=0.157166689634 object_loss=0.00628806091845 distance_loss=0.150878623128
Iteration 25 of 100: loss=0.155937314034 object_loss=0.00359080079943 distance_loss=0.152346506715
Iteration 26 of 100: loss=0.158949688077 object_loss=0.00529762683436 distance_loss=0.153652057052
Iteration 27 of 100: loss=0.160405158997 object_loss=0.00532184028998 distance_loss=0.155083313584
Iteration 28 of 100: loss=0.16573806107 object_loss=0.00980552658439 distance_loss=0.155932530761
Iteration 29 of 100: loss=0.163379251957 object_loss=0.00622902391478 distance_loss=0.157150223851
Iteration 30 of 100: loss=0.162824213505 object_loss=0.0040648104623 distance_loss=0.158759400249
Iteration 31 of 100: loss=0.195003151894 object_loss=0.0349942781031 distance_loss=0.160008877516
Iteration 32 of 100: loss=0.181074038148 object_loss=0.0195662267506 distance_loss=0.161507815123
Iteration 33 of 100: loss=0.17763890326 object_loss=0.0136976204813 distance_loss=0.163941279054
Iteration 34 of 100: loss=0.175109937787 object_loss=0.00822638254613 distance_loss=0.166883558035
Iteration 35 of 100: loss=0.172062963247 object_loss=0.00255439430475 distance_loss=0.169508576393
Iteration 36 of 100: loss=0.173119693995 object_loss=0.00124221295118 distance_loss=0.171877473593
Iteration 37 of 100: loss=0.177850186825 object_loss=0.00399677595124 distance_loss=0.173853412271
Iteration 38 of 100: loss=0.180357113481 object_loss=0.00491674803197 distance_loss=0.175440371037
Iteration 39 of 100: loss=0.181953653693 object_loss=0.00506864814088 distance_loss=0.176885008812
Iteration 40 of 100: loss=0.187714934349 object_loss=0.010297623463 distance_loss=0.177417308092
Iteration 41 of 100: loss=0.186232045293 object_loss=0.00842044129968 distance_loss=0.177811607718
Iteration 42 of 100: loss=0.233189314604 object_loss=0.0546157695353 distance_loss=0.178573548794
Iteration 43 of 100: loss=0.187906995416 object_loss=0.00559350056574 distance_loss=0.182313501835
Iteration 44 of 100: loss=0.187298208475 object_loss=0.0015438493574 distance_loss=0.185754358768
Iteration 45 of 100: loss=0.196745291352 object_loss=0.00762892980129 distance_loss=0.189116358757
Iteration 46 of 100: loss=0.206348717213 object_loss=0.0143112447113 distance_loss=0.192037478089
Iteration 47 of 100: loss=0.236596629024 object_loss=0.0417239405215 distance_loss=0.194872692227
Iteration 48 of 100: loss=0.203902870417 object_loss=0.00538432924077 distance_loss=0.198518544436
Iteration 49 of 100: loss=0.210583046079 object_loss=0.00823354721069 distance_loss=0.202349498868
Iteration 50 of 100: loss=0.20723284781 object_loss=0.00115074915811 distance_loss=0.206082105637
Iteration 51 of 100: loss=0.209935337305 object_loss=0.000813949096482 distance_loss=0.209121391177
Iteration 52 of 100: loss=0.213071554899 object_loss=0.0010257725371 distance_loss=0.212045788765
Iteration 53 of 100: loss=0.21755425632 object_loss=0.00290166959167 distance_loss=0.214652583003
Iteration 54 of 100: loss=0.218836277723 object_loss=0.00184542627539 distance_loss=0.216990858316
Iteration 55 of 100: loss=0.220626428723 object_loss=0.00183959479909 distance_loss=0.21878683567
Iteration 56 of 100: loss=0.222702413797 object_loss=0.00293022277765 distance_loss=0.219772189856
Iteration 57 of 100: loss=0.222470149398 object_loss=0.00137920794077 distance_loss=0.221090942621
Iteration 58 of 100: loss=0.223693072796 object_loss=0.00162957631983 distance_loss=0.222063496709
Iteration 59 of 100: loss=0.225492462516 object_loss=0.00289475312456 distance_loss=0.222597703338
Iteration 60 of 100: loss=0.224628448486 object_loss=0.00162643217482 distance_loss=0.223002016544
Iteration 61 of 100: loss=0.226510941982 object_loss=0.00321568758227 distance_loss=0.223295256495
Iteration 62 of 100: loss=0.225363716483 object_loss=0.00176261866 distance_loss=0.223601102829
Iteration 63 of 100: loss=0.227487355471 object_loss=0.0036181632895 distance_loss=0.22386918962
Iteration 64 of 100: loss=0.225203573704 object_loss=0.00178491370752 distance_loss=0.223418653011
Iteration 65 of 100: loss=0.224536776543 object_loss=0.00126258458477 distance_loss=0.223274186254
Iteration 66 of 100: loss=0.224407821894 object_loss=0.00123774830718 distance_loss=0.22317007184
Iteration 67 of 100: loss=0.225310280919 object_loss=0.00270334654488 distance_loss=0.222606927156
Iteration 68 of 100: loss=0.224357306957 object_loss=0.00283060106449 distance_loss=0.221526712179
Iteration 69 of 100: loss=0.223541781306 object_loss=0.00272539746948 distance_loss=0.220816388726
Iteration 70 of 100: loss=0.222556427121 object_loss=0.00220876093954 distance_loss=0.220347672701
Iteration 71 of 100: loss=0.223199218512 object_loss=0.0038385828957 distance_loss=0.219360634685
Iteration 72 of 100: loss=0.219723716378 object_loss=0.00101819599513 distance_loss=0.218705520034
Iteration 73 of 100: loss=0.219227313995 object_loss=0.000823415524792 distance_loss=0.21840390563
Iteration 74 of 100: loss=0.219210132957 object_loss=0.00156828900799 distance_loss=0.217641845345
Iteration 75 of 100: loss=0.217731371522 object_loss=0.000912105082534 distance_loss=0.216819271445
Iteration 76 of 100: loss=0.216787919402 object_loss=0.00102314050309 distance_loss=0.215764775872
Iteration 77 of 100: loss=0.21508859098 object_loss=0.000475655600894 distance_loss=0.214612931013
Iteration 78 of 100: loss=0.214020356536 object_loss=0.000674074632116 distance_loss=0.213346287608
Iteration 79 of 100: loss=0.213917762041 object_loss=0.00194738677237 distance_loss=0.211970373988
Iteration 80 of 100: loss=0.212271809578 object_loss=0.001761810272 distance_loss=0.210510000587
Iteration 81 of 100: loss=0.211808517575 object_loss=0.00259463861585 distance_loss=0.209213882685
Iteration 82 of 100: loss=0.209438294172 object_loss=0.00150035601109 distance_loss=0.207937940955
Iteration 83 of 100: loss=0.211749225855 object_loss=0.0050036618486 distance_loss=0.206745564938
Iteration 84 of 100: loss=0.207017853856 object_loss=0.00138493138365 distance_loss=0.205632925034
Iteration 85 of 100: loss=0.205447360873 object_loss=0.000957922777161 distance_loss=0.204489439726
Iteration 86 of 100: loss=0.204532280564 object_loss=0.00117725448217 distance_loss=0.203355029225
Iteration 87 of 100: loss=0.205026209354 object_loss=0.00281979120336 distance_loss=0.202206417918
Iteration 88 of 100: loss=0.204392656684 object_loss=0.00319775938988 distance_loss=0.201194897294
Iteration 89 of 100: loss=0.204978466034 object_loss=0.00462174788117 distance_loss=0.200356721878
Iteration 90 of 100: loss=0.203897848725 object_loss=0.00357814272866 distance_loss=0.200319707394
Iteration 91 of 100: loss=0.203682467341 object_loss=0.00357849849388 distance_loss=0.200103968382
Iteration 92 of 100: loss=0.201317593455 object_loss=0.00192375504412 distance_loss=0.199393838644
Iteration 93 of 100: loss=0.201001271605 object_loss=0.00190432928503 distance_loss=0.199096947908
Iteration 94 of 100: loss=0.205536693335 object_loss=0.00683275330812 distance_loss=0.198703944683
Iteration 95 of 100: loss=0.204004406929 object_loss=0.00589183392003 distance_loss=0.1981125772
Iteration 96 of 100: loss=0.200887203217 object_loss=0.0032112034969 distance_loss=0.197676002979
Iteration 97 of 100: loss=0.202487498522 object_loss=0.00526869669557 distance_loss=0.197218805552
Iteration 98 of 100: loss=0.201170176268 object_loss=0.00426229415461 distance_loss=0.196907877922
Iteration 99 of 100: loss=0.212061226368 object_loss=0.0151475062594 distance_loss=0.196913719177
Iteration 0 of 100: loss=0.201724752784 object_loss=0.00509280804545 distance_loss=0.196631938219
Iteration 1 of 100: loss=0.197794750333 object_loss=0.00113393063657 distance_loss=0.196660816669
Iteration 2 of 100: loss=0.198153331876 object_loss=0.00127576570958 distance_loss=0.19687756896
Iteration 3 of 100: loss=0.200270071626 object_loss=0.00373621284962 distance_loss=0.196533858776
Iteration 4 of 100: loss=0.201321646571 object_loss=0.00539234280586 distance_loss=0.195929303765
Iteration 5 of 100: loss=0.200887918472 object_loss=0.00493132835254 distance_loss=0.195956587791
Iteration 6 of 100: loss=0.198587059975 object_loss=0.0025956730824 distance_loss=0.195991382003
Iteration 7 of 100: loss=0.196664184332 object_loss=0.00119852146599 distance_loss=0.195465669036
Iteration 8 of 100: loss=0.20009072125 object_loss=0.00523546058685 distance_loss=0.194855257869
Iteration 9 of 100: loss=0.213210642338 object_loss=0.0185805186629 distance_loss=0.194630116224
Iteration 10 of 100: loss=0.197591334581 object_loss=0.00285478425212 distance_loss=0.194736555219
Iteration 11 of 100: loss=0.199599713087 object_loss=0.00481116678566 distance_loss=0.19478854537
Iteration 12 of 100: loss=0.195633277297 object_loss=0.00113148603123 distance_loss=0.194501787424
Iteration 13 of 100: loss=0.194984391332 object_loss=0.000684121041559 distance_loss=0.19430026412
Iteration 14 of 100: loss=0.194638878107 object_loss=0.00083513680147 distance_loss=0.193803742528
Iteration 15 of 100: loss=0.195479303598 object_loss=0.00194033712614 distance_loss=0.193538963795
Iteration 16 of 100: loss=0.194803267717 object_loss=0.00197874382138 distance_loss=0.192824527621
Iteration 17 of 100: loss=0.195693835616 object_loss=0.00318036507815 distance_loss=0.192513465881
Iteration 18 of 100: loss=0.19670547545 object_loss=0.00491327978671 distance_loss=0.191792190075
Iteration 19 of 100: loss=0.193928584456 object_loss=0.0026247180067 distance_loss=0.191303864121
Iteration 20 of 100: loss=0.192180067301 object_loss=0.00129694188945 distance_loss=0.190883129835
Iteration 21 of 100: loss=0.19103975594 object_loss=0.000755383516662 distance_loss=0.190284371376
Iteration 22 of 100: loss=0.190529540181 object_loss=0.00114284537267 distance_loss=0.189386695623
Iteration 23 of 100: loss=0.189398303628 object_loss=0.000898403406609 distance_loss=0.188499897718
Iteration 24 of 100: loss=0.188503727317 object_loss=0.000844190071803 distance_loss=0.187659531832
Iteration 25 of 100: loss=0.187508955598 object_loss=0.000896748388186 distance_loss=0.186612203717
Iteration 26 of 100: loss=0.187781512737 object_loss=0.0020157773979 distance_loss=0.185765728354
Iteration 27 of 100: loss=0.187380149961 object_loss=0.0025446775835 distance_loss=0.184835478663
Iteration 28 of 100: loss=0.184949830174 object_loss=0.00134544970933 distance_loss=0.183604374528
Iteration 29 of 100: loss=0.184485480189 object_loss=0.00178427749779 distance_loss=0.182701200247
Iteration 30 of 100: loss=0.187840268016 object_loss=0.00596539117396 distance_loss=0.181874871254
Iteration 31 of 100: loss=0.182087361813 object_loss=0.00119268312119 distance_loss=0.180894672871
Iteration 32 of 100: loss=0.18058642745 object_loss=0.000905600667465 distance_loss=0.17968082428
Iteration 33 of 100: loss=0.180096432567 object_loss=0.000986870960332 distance_loss=0.179109558463
Iteration 34 of 100: loss=0.180522561073 object_loss=0.00251522986218 distance_loss=0.178007334471
Iteration 35 of 100: loss=0.178435713053 object_loss=0.00150168605614 distance_loss=0.176934033632
Iteration 36 of 100: loss=0.177592650056 object_loss=0.0017365089152 distance_loss=0.175856143236
Iteration 37 of 100: loss=0.176182806492 object_loss=0.00149611011147 distance_loss=0.174686700106
Iteration 38 of 100: loss=0.176714494824 object_loss=0.00299020949751 distance_loss=0.173724278808
Iteration 39 of 100: loss=0.177134081721 object_loss=0.00443703169003 distance_loss=0.17269705236
Iteration 40 of 100: loss=0.173798263073 object_loss=0.00237369537354 distance_loss=0.171424567699
Iteration 41 of 100: loss=0.171441346407 object_loss=0.000906191766262 distance_loss=0.17053514719
Iteration 42 of 100: loss=0.172398999333 object_loss=0.00258057098836 distance_loss=0.169818431139
Iteration 43 of 100: loss=0.17209033668 object_loss=0.00329368282109 distance_loss=0.168796658516
Iteration 44 of 100: loss=0.173378512263 object_loss=0.00559191592038 distance_loss=0.167786598206
Iteration 45 of 100: loss=0.173376008868 object_loss=0.00623712176457 distance_loss=0.167138889432
Iteration 46 of 100: loss=0.171519219875 object_loss=0.00495220860466 distance_loss=0.166567012668
Iteration 47 of 100: loss=0.169907599688 object_loss=0.00376479234546 distance_loss=0.166142806411
Iteration 48 of 100: loss=0.167738571763 object_loss=0.00213768938556 distance_loss=0.16560088098
Iteration 49 of 100: loss=0.166664332151 object_loss=0.00200395076536 distance_loss=0.164660379291
Iteration 50 of 100: loss=0.164980962873 object_loss=0.00104490760714 distance_loss=0.163936048746
Iteration 51 of 100: loss=0.166551291943 object_loss=0.00319875078276 distance_loss=0.163352534175
Iteration 52 of 100: loss=0.171876639128 object_loss=0.00983451399952 distance_loss=0.16204212606
Iteration 53 of 100: loss=0.179192364216 object_loss=0.0177241396159 distance_loss=0.161468222737
Iteration 54 of 100: loss=0.167779549956 object_loss=0.00572638073936 distance_loss=0.16205316782
Iteration 55 of 100: loss=0.1717518121 object_loss=0.00905905850232 distance_loss=0.162692755461
Iteration 56 of 100: loss=0.172889351845 object_loss=0.0089460387826 distance_loss=0.163943305612
Iteration 57 of 100: loss=0.17139275372 object_loss=0.00632178364322 distance_loss=0.165070965886
Iteration 58 of 100: loss=0.168159469962 object_loss=0.00205800565891 distance_loss=0.16610147059
Iteration 59 of 100: loss=0.16980676353 object_loss=0.00289253634401 distance_loss=0.166914224625
Iteration 60 of 100: loss=0.170712709427 object_loss=0.0035168833565 distance_loss=0.167195826769
Iteration 61 of 100: loss=0.171094566584 object_loss=0.00378325209022 distance_loss=0.167311310768
Iteration 62 of 100: loss=0.170932322741 object_loss=0.00334852305241 distance_loss=0.167583793402
Iteration 63 of 100: loss=0.185036286712 object_loss=0.0173861533403 distance_loss=0.167650133371
Iteration 64 of 100: loss=0.170617416501 object_loss=0.00247285538353 distance_loss=0.1681445539
Iteration 65 of 100: loss=0.169710531831 object_loss=0.00124702800531 distance_loss=0.168463498354
Iteration 66 of 100: loss=0.169329509139 object_loss=0.000855275953654 distance_loss=0.16847422719
Iteration 67 of 100: loss=0.169046401978 object_loss=0.00101393158548 distance_loss=0.168032467365
Iteration 68 of 100: loss=0.170689672232 object_loss=0.00330788549036 distance_loss=0.167381793261
Iteration 69 of 100: loss=0.172721356153 object_loss=0.00579429557547 distance_loss=0.166927054524
Iteration 70 of 100: loss=0.179088965058 object_loss=0.0124120684341 distance_loss=0.16667689383
Iteration 71 of 100: loss=0.185503482819 object_loss=0.0182530190796 distance_loss=0.167250469327
Iteration 72 of 100: loss=0.172427773476 object_loss=0.00442708469927 distance_loss=0.168000683188
Iteration 73 of 100: loss=0.171709418297 object_loss=0.00298710819334 distance_loss=0.168722316623
Iteration 74 of 100: loss=0.170895054936 object_loss=0.00142598501407 distance_loss=0.169469073415
Iteration 75 of 100: loss=0.174179524183 object_loss=0.004703450948 distance_loss=0.169476076961
Iteration 76 of 100: loss=0.198803454638 object_loss=0.0294959526509 distance_loss=0.169307500124
Iteration 77 of 100: loss=0.170891180634 object_loss=0.000724062207155 distance_loss=0.170167118311
Iteration 78 of 100: loss=0.171939849854 object_loss=0.000731533858925 distance_loss=0.171208322048
Iteration 79 of 100: loss=0.172717481852 object_loss=0.00102802203037 distance_loss=0.171689465642
Iteration 80 of 100: loss=0.176115438342 object_loss=0.00411145528778 distance_loss=0.172003984451
Iteration 81 of 100: loss=0.173607945442 object_loss=0.00103308609687 distance_loss=0.172574862838
Iteration 82 of 100: loss=0.174094706774 object_loss=0.00118492078036 distance_loss=0.172909781337
Iteration 83 of 100: loss=0.173825025558 object_loss=0.000860676751472 distance_loss=0.172964349389
Iteration 84 of 100: loss=0.173456594348 object_loss=0.000624699401669 distance_loss=0.172831892967
Iteration 85 of 100: loss=0.173246920109 object_loss=0.000393666239688 distance_loss=0.172853261232
Iteration 86 of 100: loss=0.17329865694 object_loss=0.000700633856468 distance_loss=0.172598019242
Iteration 87 of 100: loss=0.172840744257 object_loss=0.000732867512852 distance_loss=0.172107875347
Iteration 88 of 100: loss=0.172114342451 object_loss=0.000835190410726 distance_loss=0.171279147267
Iteration 89 of 100: loss=0.171505793929 object_loss=0.000670737703331 distance_loss=0.170835062861
Iteration 90 of 100: loss=0.173494786024 object_loss=0.00338323973119 distance_loss=0.170111551881
Iteration 91 of 100: loss=0.171554788947 object_loss=0.00234370818362 distance_loss=0.16921107471
Iteration 92 of 100: loss=0.171577692032 object_loss=0.00347888842225 distance_loss=0.168098807335
Iteration 93 of 100: loss=0.174194738269 object_loss=0.00646588159725 distance_loss=0.167728856206
Iteration 94 of 100: loss=0.170374602079 object_loss=0.00293629919179 distance_loss=0.167438298464
Iteration 95 of 100: loss=0.168675050139 object_loss=0.00196264241822 distance_loss=0.166712403297
Iteration 96 of 100: loss=0.167901605368 object_loss=0.0023734041024 distance_loss=0.165528208017
Iteration 97 of 100: loss=0.168661981821 object_loss=0.0040403008461 distance_loss=0.164621680975
Iteration 98 of 100: loss=0.167442470789 object_loss=0.00342519115657 distance_loss=0.164017274976
Iteration 99 of 100: loss=0.16635812819 object_loss=0.00301280640997 distance_loss=0.163345322013
Iteration 0 of 100: loss=0.167304307222 object_loss=0.00509200664237 distance_loss=0.16221229732
Iteration 1 of 100: loss=0.166250929236 object_loss=0.00485131610185 distance_loss=0.161399617791
Iteration 2 of 100: loss=0.17754457891 object_loss=0.0170189123601 distance_loss=0.160525664687
Iteration 3 of 100: loss=0.166352450848 object_loss=0.00555682741106 distance_loss=0.160795629025
Iteration 4 of 100: loss=0.1651584059 object_loss=0.00388468173333 distance_loss=0.16127371788
Iteration 5 of 100: loss=0.177969202399 object_loss=0.0163987092674 distance_loss=0.161570489407
Iteration 6 of 100: loss=0.164881885052 object_loss=0.00259956205264 distance_loss=0.162282317877
Iteration 7 of 100: loss=0.164093762636 object_loss=0.00106134568341 distance_loss=0.163032412529
Iteration 8 of 100: loss=0.168239727616 object_loss=0.00505354814231 distance_loss=0.163186177611
Iteration 9 of 100: loss=0.166524291039 object_loss=0.00342094618827 distance_loss=0.163103342056
Iteration 10 of 100: loss=0.168122410774 object_loss=0.00466407835484 distance_loss=0.163458332419
Iteration 11 of 100: loss=0.169028431177 object_loss=0.00507672084495 distance_loss=0.163951709867
Iteration 12 of 100: loss=0.193086519837 object_loss=0.0292318016291 distance_loss=0.163854718208
Iteration 13 of 100: loss=0.169218704104 object_loss=0.00350240292028 distance_loss=0.165716305375
Iteration 14 of 100: loss=0.171789869666 object_loss=0.00431664427742 distance_loss=0.167473226786
Iteration 15 of 100: loss=0.188776805997 object_loss=0.0199296474457 distance_loss=0.168847158551
Iteration 16 of 100: loss=0.172694638371 object_loss=0.00210179202259 distance_loss=0.170592844486
Iteration 17 of 100: loss=0.183841094375 object_loss=0.0117291845381 distance_loss=0.172111913562
Iteration 18 of 100: loss=0.176432296634 object_loss=0.0029699744191 distance_loss=0.173462316394
Iteration 19 of 100: loss=0.18550388515 object_loss=0.010712755844 distance_loss=0.174791127443
Iteration 20 of 100: loss=0.185737624764 object_loss=0.0094580501318 distance_loss=0.176279574633
Iteration 21 of 100: loss=0.197600111365 object_loss=0.0196196474135 distance_loss=0.177980467677
Iteration 22 of 100: loss=0.199227869511 object_loss=0.0190292820334 distance_loss=0.180198594928
Iteration 23 of 100: loss=0.186231687665 object_loss=0.00391403678805 distance_loss=0.182317644358
Iteration 24 of 100: loss=0.188527345657 object_loss=0.00490502268076 distance_loss=0.183622315526
Iteration 25 of 100: loss=0.190316706896 object_loss=0.0053187655285 distance_loss=0.184997946024
Iteration 26 of 100: loss=0.191018387675 object_loss=0.00467606587335 distance_loss=0.186342328787
Iteration 27 of 100: loss=0.18956695497 object_loss=0.00217701424845 distance_loss=0.187389940023
Iteration 28 of 100: loss=0.194255411625 object_loss=0.00614026654512 distance_loss=0.188115149736
Iteration 29 of 100: loss=0.191955536604 object_loss=0.00319464597851 distance_loss=0.188760891557
Iteration 30 of 100: loss=0.191298007965 object_loss=0.00226146471687 distance_loss=0.189036548138
Iteration 31 of 100: loss=0.191317051649 object_loss=0.00213573500514 distance_loss=0.189181312919
Iteration 32 of 100: loss=0.191471770406 object_loss=0.0026358475443 distance_loss=0.188835918903
Iteration 33 of 100: loss=0.190631791949 object_loss=0.00215680059046 distance_loss=0.188474997878
Iteration 34 of 100: loss=0.193776994944 object_loss=0.00529863266274 distance_loss=0.188478365541
Iteration 35 of 100: loss=0.191194877028 object_loss=0.00288340938278 distance_loss=0.188311472535
Iteration 36 of 100: loss=0.196176216006 object_loss=0.00869674514979 distance_loss=0.1874794662
Iteration 37 of 100: loss=0.194352626801 object_loss=0.00701746204868 distance_loss=0.187335163355
Iteration 38 of 100: loss=0.198808535933 object_loss=0.011367386207 distance_loss=0.187441155314
Iteration 39 of 100: loss=0.189166322351 object_loss=0.00187639088836 distance_loss=0.187289938331
Iteration 40 of 100: loss=0.18825507164 object_loss=0.00134630792309 distance_loss=0.186908766627
Iteration 41 of 100: loss=0.188579186797 object_loss=0.00205942499451 distance_loss=0.186519756913
Iteration 42 of 100: loss=0.186383992434 object_loss=0.000599104620051 distance_loss=0.185784891248
Iteration 43 of 100: loss=0.186521947384 object_loss=0.00101589271799 distance_loss=0.185506060719
Iteration 44 of 100: loss=0.185827165842 object_loss=0.000819007051177 distance_loss=0.185008153319
Iteration 45 of 100: loss=0.186298027635 object_loss=0.00194645603187 distance_loss=0.184351578355
Iteration 46 of 100: loss=0.184609845281 object_loss=0.00073504098691 distance_loss=0.183874800801
Iteration 47 of 100: loss=0.18411308527 object_loss=0.000974374357611 distance_loss=0.183138713241
Iteration 48 of 100: loss=0.183931469917 object_loss=0.00204495596699 distance_loss=0.181886509061
Iteration 49 of 100: loss=0.182346016169 object_loss=0.00143038504757 distance_loss=0.180915623903
Iteration 50 of 100: loss=0.180677473545 object_loss=0.000742287375033 distance_loss=0.179935187101
Iteration 51 of 100: loss=0.180014193058 object_loss=0.00111711141653 distance_loss=0.178897082806
Iteration 52 of 100: loss=0.18177241087 object_loss=0.00413740752265 distance_loss=0.177634999156
Iteration 53 of 100: loss=0.178682148457 object_loss=0.0020597029943 distance_loss=0.176622450352
Iteration 54 of 100: loss=0.177199289203 object_loss=0.00175522803329 distance_loss=0.175444066525
Iteration 55 of 100: loss=0.176837265491 object_loss=0.00249982136302 distance_loss=0.17433744669
Iteration 56 of 100: loss=0.179140821099 object_loss=0.00576643133536 distance_loss=0.173374384642
Iteration 57 of 100: loss=0.174899339676 object_loss=0.00252225389704 distance_loss=0.172377079725
Iteration 58 of 100: loss=0.175266325474 object_loss=0.00341902906075 distance_loss=0.171847298741
Iteration 59 of 100: loss=0.173353239894 object_loss=0.00232916465029 distance_loss=0.17102406919
Iteration 60 of 100: loss=0.173554301262 object_loss=0.00352837820537 distance_loss=0.170025929809
Iteration 61 of 100: loss=0.175448253751 object_loss=0.00630202889442 distance_loss=0.169146224856
Iteration 62 of 100: loss=0.169941931963 object_loss=0.00140061997809 distance_loss=0.168541312218
Iteration 63 of 100: loss=0.169029027224 object_loss=0.00127701833844 distance_loss=0.16775201261
Iteration 64 of 100: loss=0.168655261397 object_loss=0.00162327487487 distance_loss=0.167031988502
Iteration 65 of 100: loss=0.167709589005 object_loss=0.00135456083808 distance_loss=0.166355028749
Iteration 66 of 100: loss=0.166606530547 object_loss=0.000962612510193 distance_loss=0.165643915534
Iteration 67 of 100: loss=0.165932506323 object_loss=0.00123057339806 distance_loss=0.164701938629
Iteration 68 of 100: loss=0.165558993816 object_loss=0.00207399809733 distance_loss=0.163484990597
Iteration 69 of 100: loss=0.164771899581 object_loss=0.00234440993518 distance_loss=0.162427484989
Iteration 70 of 100: loss=0.164788708091 object_loss=0.00315637560561 distance_loss=0.161632329226
Iteration 71 of 100: loss=0.163027241826 object_loss=0.00199328688905 distance_loss=0.161033958197
Iteration 72 of 100: loss=0.163602530956 object_loss=0.00394847709686 distance_loss=0.159654051065
Iteration 73 of 100: loss=0.160789236426 object_loss=0.0020435557235 distance_loss=0.158745676279
Iteration 74 of 100: loss=0.159111112356 object_loss=0.00131762260571 distance_loss=0.157793492079
Iteration 75 of 100: loss=0.158393442631 object_loss=0.00150470563676 distance_loss=0.156888738275
Iteration 76 of 100: loss=0.157266840339 object_loss=0.00148326694034 distance_loss=0.155783578753
Iteration 77 of 100: loss=0.158657506108 object_loss=0.00387399387546 distance_loss=0.154783517122
Iteration 78 of 100: loss=0.157864764333 object_loss=0.0039575737901 distance_loss=0.153907194734
Iteration 79 of 100: loss=0.161411494017 object_loss=0.00829153507948 distance_loss=0.153119966388
Iteration 80 of 100: loss=0.162525296211 object_loss=0.00993447192013 distance_loss=0.152590826154
Iteration 81 of 100: loss=0.17925670743 object_loss=0.0273741260171 distance_loss=0.151882573962
Iteration 82 of 100: loss=0.156962007284 object_loss=0.00504290033132 distance_loss=0.151919111609
Iteration 83 of 100: loss=0.158728718758 object_loss=0.00626558531076 distance_loss=0.152463138103
Iteration 84 of 100: loss=0.155411273241 object_loss=0.00222311727703 distance_loss=0.153188154101
Iteration 85 of 100: loss=0.155614048243 object_loss=0.00145780784078 distance_loss=0.154156237841
Iteration 86 of 100: loss=0.156559795141 object_loss=0.00165901170112 distance_loss=0.154900789261
Iteration 87 of 100: loss=0.158387154341 object_loss=0.00310091208667 distance_loss=0.155286237597
Iteration 88 of 100: loss=0.162373632193 object_loss=0.00651637185365 distance_loss=0.155857264996
Iteration 89 of 100: loss=0.159573331475 object_loss=0.00291976472363 distance_loss=0.156653568149
Iteration 90 of 100: loss=0.16098728776 object_loss=0.00367296230979 distance_loss=0.157314330339
Iteration 91 of 100: loss=0.169367000461 object_loss=0.0114993629977 distance_loss=0.157867640257
Iteration 92 of 100: loss=0.165021538734 object_loss=0.00700799934566 distance_loss=0.158013537526
Iteration 93 of 100: loss=0.161313265562 object_loss=0.00279869907536 distance_loss=0.158514559269
Iteration 94 of 100: loss=0.160512924194 object_loss=0.00141203391831 distance_loss=0.15910089016
Iteration 95 of 100: loss=0.16153421998 object_loss=0.00215193908662 distance_loss=0.159382283688
Iteration 96 of 100: loss=0.160726442933 object_loss=0.00167038722429 distance_loss=0.159056052566
Iteration 97 of 100: loss=0.161106139421 object_loss=0.00196901056916 distance_loss=0.159137129784
Iteration 98 of 100: loss=0.160559564829 object_loss=0.0014119920088 distance_loss=0.159147575498
Iteration 99 of 100: loss=0.162129864097 object_loss=0.00323228002526 distance_loss=0.158897578716
Iteration 0 of 100: loss=0.161910310388 object_loss=0.00320266955532 distance_loss=0.158707633615
Iteration 1 of 100: loss=0.163666754961 object_loss=0.00536250555888 distance_loss=0.15830424428
Iteration 2 of 100: loss=0.161203429103 object_loss=0.00325522036292 distance_loss=0.157948210835
Iteration 3 of 100: loss=0.161445111036 object_loss=0.00370335951447 distance_loss=0.157741755247
Iteration 4 of 100: loss=0.164898335934 object_loss=0.00728934025392 distance_loss=0.157609000802
Iteration 5 of 100: loss=0.158582359552 object_loss=0.000643101113383 distance_loss=0.157939255238
Iteration 6 of 100: loss=0.159204095602 object_loss=0.000913573021535 distance_loss=0.15829052031
Iteration 7 of 100: loss=0.158977523446 object_loss=0.000444259057986 distance_loss=0.158533260226
Iteration 8 of 100: loss=0.160162493587 object_loss=0.00205349875614 distance_loss=0.158108994365
Iteration 9 of 100: loss=0.160087615252 object_loss=0.00203997176141 distance_loss=0.158047646284
Iteration 10 of 100: loss=0.158707529306 object_loss=0.000931189104449 distance_loss=0.157776340842
Iteration 11 of 100: loss=0.159171938896 object_loss=0.00203633098863 distance_loss=0.157135605812
Iteration 12 of 100: loss=0.158861920238 object_loss=0.00221780268475 distance_loss=0.156644120812
Iteration 13 of 100: loss=0.162467420101 object_loss=0.00627750670537 distance_loss=0.156189918518
Iteration 14 of 100: loss=0.163216143847 object_loss=0.00734507478774 distance_loss=0.155871063471
Iteration 15 of 100: loss=0.157718300819 object_loss=0.00192227808293 distance_loss=0.155796021223
Iteration 16 of 100: loss=0.159294590354 object_loss=0.00409186678007 distance_loss=0.155202716589
Iteration 17 of 100: loss=0.157140135765 object_loss=0.00232549663633 distance_loss=0.154814645648
Iteration 18 of 100: loss=0.15682348609 object_loss=0.00192297587637 distance_loss=0.154900506139
Iteration 19 of 100: loss=0.155743375421 object_loss=0.00122929527424 distance_loss=0.154514074326
Iteration 20 of 100: loss=0.154684007168 object_loss=0.00104982848279 distance_loss=0.153634175658
Iteration 21 of 100: loss=0.155163899064 object_loss=0.00214395462535 distance_loss=0.153019949794
Iteration 22 of 100: loss=0.154948353767 object_loss=0.00241708941758 distance_loss=0.152531266212
Iteration 23 of 100: loss=0.154749467969 object_loss=0.00287681538612 distance_loss=0.151872649789
Iteration 24 of 100: loss=0.153479456902 object_loss=0.00234054517932 distance_loss=0.151138916612
Iteration 25 of 100: loss=0.154712572694 object_loss=0.00426740106195 distance_loss=0.150445178151
Iteration 26 of 100: loss=0.151750579476 object_loss=0.00204420369118 distance_loss=0.149706378579
Iteration 27 of 100: loss=0.151283353567 object_loss=0.00222384743392 distance_loss=0.149059504271
Iteration 28 of 100: loss=0.152620121837 object_loss=0.00434274645522 distance_loss=0.148277372122
Iteration 29 of 100: loss=0.149911522865 object_loss=0.00234227348119 distance_loss=0.147569254041
Iteration 30 of 100: loss=0.150026366115 object_loss=0.00327320490032 distance_loss=0.146753162146
Iteration 31 of 100: loss=0.149337813258 object_loss=0.00327825942077 distance_loss=0.146059557796
Iteration 32 of 100: loss=0.149897173047 object_loss=0.00475285109133 distance_loss=0.145144328475
Iteration 33 of 100: loss=0.147217020392 object_loss=0.00251940777525 distance_loss=0.144697606564
Iteration 34 of 100: loss=0.145838364959 object_loss=0.00186945672613 distance_loss=0.143968909979
Iteration 35 of 100: loss=0.146545737982 object_loss=0.0034707468003 distance_loss=0.143074989319
Iteration 36 of 100: loss=0.147561430931 object_loss=0.00533464923501 distance_loss=0.142226785421
Iteration 37 of 100: loss=0.147550016642 object_loss=0.00606100587174 distance_loss=0.14148901403
Iteration 38 of 100: loss=0.144989639521 object_loss=0.00409889826551 distance_loss=0.140890747309
Iteration 39 of 100: loss=0.149376168847 object_loss=0.00888401921839 distance_loss=0.140492156148
Iteration 40 of 100: loss=0.149481102824 object_loss=0.0090061891824 distance_loss=0.140474915504
Iteration 41 of 100: loss=0.147651687264 object_loss=0.00741030136123 distance_loss=0.140241384506
Iteration 42 of 100: loss=0.155636042356 object_loss=0.0153455138206 distance_loss=0.140290528536
Iteration 43 of 100: loss=0.142674982548 object_loss=0.00212076632306 distance_loss=0.140554219484
Iteration 44 of 100: loss=0.141763374209 object_loss=0.0012295775814 distance_loss=0.140533789992
Iteration 45 of 100: loss=0.141667962074 object_loss=0.00129653874319 distance_loss=0.14037142694
Iteration 46 of 100: loss=0.141217008233 object_loss=0.00100795924664 distance_loss=0.140209048986
Iteration 47 of 100: loss=0.143214970827 object_loss=0.00339696882293 distance_loss=0.139817997813
Iteration 48 of 100: loss=0.140996590257 object_loss=0.0016561349621 distance_loss=0.1393404603
Iteration 49 of 100: loss=0.140321329236 object_loss=0.00125218112953 distance_loss=0.139069154859
Iteration 50 of 100: loss=0.139638051391 object_loss=0.000977744581178 distance_loss=0.138660311699
Iteration 51 of 100: loss=0.139483332634 object_loss=0.00116285332479 distance_loss=0.138320475817
Iteration 52 of 100: loss=0.139922782779 object_loss=0.00243475334719 distance_loss=0.137488022447
Iteration 53 of 100: loss=0.138826414943 object_loss=0.00190666201524 distance_loss=0.136919751763
Iteration 54 of 100: loss=0.139023974538 object_loss=0.00277268188074 distance_loss=0.136251285672
Iteration 55 of 100: loss=0.137715861201 object_loss=0.00212333304808 distance_loss=0.135592535138
Iteration 56 of 100: loss=0.140418320894 object_loss=0.00574225466698 distance_loss=0.134676069021
Iteration 57 of 100: loss=0.138725459576 object_loss=0.00457109231502 distance_loss=0.134154364467
Iteration 58 of 100: loss=0.141769438982 object_loss=0.00796315725893 distance_loss=0.133806288242
Iteration 59 of 100: loss=0.155010178685 object_loss=0.0214960090816 distance_loss=0.133514165878
Iteration 60 of 100: loss=0.13715864718 object_loss=0.00334307574667 distance_loss=0.133815571666
Iteration 61 of 100: loss=0.139276862144 object_loss=0.0050562848337 distance_loss=0.134220570326
Iteration 62 of 100: loss=0.137180000544 object_loss=0.00279673584737 distance_loss=0.134383261204
Iteration 63 of 100: loss=0.139360457659 object_loss=0.00463484134525 distance_loss=0.134725615382
Iteration 64 of 100: loss=0.137645617127 object_loss=0.00234637828544 distance_loss=0.135299235582
Iteration 65 of 100: loss=0.137200012803 object_loss=0.00189179799054 distance_loss=0.135308220983
Iteration 66 of 100: loss=0.137107282877 object_loss=0.00160781212617 distance_loss=0.135499477386
Iteration 67 of 100: loss=0.137256473303 object_loss=0.00164157780819 distance_loss=0.135614901781
Iteration 68 of 100: loss=0.13769505918 object_loss=0.00207749614492 distance_loss=0.135617569089
Iteration 69 of 100: loss=0.13651522994 object_loss=0.00110704253893 distance_loss=0.135408192873
Iteration 70 of 100: loss=0.136035725474 object_loss=0.00106831686571 distance_loss=0.134967401624
Iteration 71 of 100: loss=0.135461866856 object_loss=0.00105763506144 distance_loss=0.134404227138
Iteration 72 of 100: loss=0.134984970093 object_loss=0.00115039013326 distance_loss=0.133834585547
Iteration 73 of 100: loss=0.134850844741 object_loss=0.00134975160472 distance_loss=0.13350109756
Iteration 74 of 100: loss=0.134615853429 object_loss=0.00162305892445 distance_loss=0.132992789149
Iteration 75 of 100: loss=0.133998095989 object_loss=0.00152263103519 distance_loss=0.132475465536
Iteration 76 of 100: loss=0.137042224407 object_loss=0.00528355594724 distance_loss=0.131758674979
Iteration 77 of 100: loss=0.133521839976 object_loss=0.00213003298268 distance_loss=0.131391808391
Iteration 78 of 100: loss=0.136293530464 object_loss=0.00507785053924 distance_loss=0.131215676665
Iteration 79 of 100: loss=0.135210648179 object_loss=0.00418572081253 distance_loss=0.131024926901
Iteration 80 of 100: loss=0.133350983262 object_loss=0.00278255040757 distance_loss=0.130568429828
Iteration 81 of 100: loss=0.134040996432 object_loss=0.0034477240406 distance_loss=0.130593270063
Iteration 82 of 100: loss=0.132781580091 object_loss=0.00212246691808 distance_loss=0.130659118295
Iteration 83 of 100: loss=0.132202237844 object_loss=0.00188554218039 distance_loss=0.13031668961
Iteration 84 of 100: loss=0.131363034248 object_loss=0.00149549508933 distance_loss=0.12986753881
Iteration 85 of 100: loss=0.130530357361 object_loss=0.0010285244789 distance_loss=0.129501834512
Iteration 86 of 100: loss=0.130170702934 object_loss=0.00125692377333 distance_loss=0.128913775086
Iteration 87 of 100: loss=0.129350617528 object_loss=0.00105395540595 distance_loss=0.128296658397
Iteration 88 of 100: loss=0.128896057606 object_loss=0.0013645865256 distance_loss=0.127531468868
Iteration 89 of 100: loss=0.12809291482 object_loss=0.00118675886188 distance_loss=0.12690615654
Iteration 90 of 100: loss=0.128224298358 object_loss=0.00153350026812 distance_loss=0.126690804958
Iteration 91 of 100: loss=0.129537060857 object_loss=0.00336552574299 distance_loss=0.126171529293
Iteration 92 of 100: loss=0.134778633714 object_loss=0.00965708959848 distance_loss=0.125121548772
Iteration 93 of 100: loss=0.138541713357 object_loss=0.0128060337156 distance_loss=0.125735685229
Iteration 94 of 100: loss=0.128153800964 object_loss=0.00143533013761 distance_loss=0.126718476415
Iteration 95 of 100: loss=0.129113405943 object_loss=0.00188398151658 distance_loss=0.127229422331
Iteration 96 of 100: loss=0.12971419096 object_loss=0.00209777150303 distance_loss=0.127616420388
Iteration 97 of 100: loss=0.128987193108 object_loss=0.00107227824628 distance_loss=0.127914920449
Iteration 98 of 100: loss=0.129083707929 object_loss=0.00098572159186 distance_loss=0.128097981215
Iteration 99 of 100: loss=0.129830345511 object_loss=0.0015431351494 distance_loss=0.128287211061
Iteration 0 of 100: loss=0.132859170437 object_loss=0.00458241114393 distance_loss=0.128276765347
Iteration 1 of 100: loss=0.142184898257 object_loss=0.0140333827585 distance_loss=0.128151521087
Iteration 2 of 100: loss=0.132322773337 object_loss=0.00362733006477 distance_loss=0.128695443273
Iteration 3 of 100: loss=0.131959185004 object_loss=0.00286548398435 distance_loss=0.129093706608
Iteration 4 of 100: loss=0.130608573556 object_loss=0.00154345750343 distance_loss=0.129065111279
Iteration 5 of 100: loss=0.131133288145 object_loss=0.00180539453868 distance_loss=0.129327893257
Iteration 6 of 100: loss=0.133726209402 object_loss=0.00436896365136 distance_loss=0.129357248545
Iteration 7 of 100: loss=0.131445258856 object_loss=0.00210745562799 distance_loss=0.129337802529
Iteration 8 of 100: loss=0.131152302027 object_loss=0.00172712584026 distance_loss=0.129425182939
Iteration 9 of 100: loss=0.131053939462 object_loss=0.00170844723471 distance_loss=0.129345491529
Iteration 10 of 100: loss=0.142606317997 object_loss=0.0135880457237 distance_loss=0.12901827693
Iteration 11 of 100: loss=0.136526912451 object_loss=0.0070734587498 distance_loss=0.129453450441
Iteration 12 of 100: loss=0.142945379019 object_loss=0.0128478966653 distance_loss=0.130097478628
Iteration 13 of 100: loss=0.143403783441 object_loss=0.0123422080651 distance_loss=0.131061568856
Iteration 14 of 100: loss=0.14518751204 object_loss=0.01293428801 distance_loss=0.132253229618
Iteration 15 of 100: loss=0.147382691503 object_loss=0.0135788274929 distance_loss=0.133803859353
Iteration 16 of 100: loss=0.141970917583 object_loss=0.00664336886257 distance_loss=0.135327547789
Iteration 17 of 100: loss=0.143663614988 object_loss=0.00653531681746 distance_loss=0.137128293514
Iteration 18 of 100: loss=0.143411174417 object_loss=0.00431296788156 distance_loss=0.139098212123
Iteration 19 of 100: loss=0.165494188666 object_loss=0.0248666852713 distance_loss=0.140627503395
Iteration 20 of 100: loss=0.159110456705 object_loss=0.0169580932707 distance_loss=0.142152369022
Iteration 21 of 100: loss=0.157127320766 object_loss=0.0131039517 distance_loss=0.144023373723
Iteration 22 of 100: loss=0.149020373821 object_loss=0.00342004233971 distance_loss=0.14560033381
Iteration 23 of 100: loss=0.148945838213 object_loss=0.00175866065547 distance_loss=0.147187173367
Iteration 24 of 100: loss=0.149884641171 object_loss=0.00116043840535 distance_loss=0.148724198341
Iteration 25 of 100: loss=0.151212736964 object_loss=0.00126732734498 distance_loss=0.149945408106
Iteration 26 of 100: loss=0.151969283819 object_loss=0.000968470063526 distance_loss=0.15100081265
Iteration 27 of 100: loss=0.15406191349 object_loss=0.00245068222284 distance_loss=0.151611238718
Iteration 28 of 100: loss=0.153022661805 object_loss=0.0013591197785 distance_loss=0.151663541794
Iteration 29 of 100: loss=0.152999833226 object_loss=0.00103677203879 distance_loss=0.151963055134
Iteration 30 of 100: loss=0.153449177742 object_loss=0.00104496511631 distance_loss=0.152404218912
Iteration 31 of 100: loss=0.155166774988 object_loss=0.00294258655049 distance_loss=0.152224183083
Iteration 32 of 100: loss=0.157416924834 object_loss=0.0058060856536 distance_loss=0.151610836387
Iteration 33 of 100: loss=0.153565481305 object_loss=0.00216130842455 distance_loss=0.151404172182
Iteration 34 of 100: loss=0.159500434995 object_loss=0.00840330682695 distance_loss=0.151097133756
Iteration 35 of 100: loss=0.152846813202 object_loss=0.001941799419 distance_loss=0.150905013084
Iteration 36 of 100: loss=0.15271063149 object_loss=0.0020987931639 distance_loss=0.150611832738
Iteration 37 of 100: loss=0.151956573129 object_loss=0.00170917494688 distance_loss=0.150247395039
Iteration 38 of 100: loss=0.154196321964 object_loss=0.00425235601142 distance_loss=0.149943962693
Iteration 39 of 100: loss=0.152779728174 object_loss=0.00271020783111 distance_loss=0.150069519877
Iteration 40 of 100: loss=0.155639484525 object_loss=0.00603537075222 distance_loss=0.14960411191
Iteration 41 of 100: loss=0.157073557377 object_loss=0.00746029755101 distance_loss=0.149613261223
Iteration 42 of 100: loss=0.175452649593 object_loss=0.0253970231861 distance_loss=0.150055631995
Iteration 43 of 100: loss=0.154498189688 object_loss=0.00379034411162 distance_loss=0.150707840919
Iteration 44 of 100: loss=0.153845563531 object_loss=0.00266501377337 distance_loss=0.151180550456
Iteration 45 of 100: loss=0.156048238277 object_loss=0.00455196714029 distance_loss=0.151496276259
Iteration 46 of 100: loss=0.154540151358 object_loss=0.00247979094274 distance_loss=0.152060359716
Iteration 47 of 100: loss=0.172330319881 object_loss=0.0201619975269 distance_loss=0.152168318629
Iteration 48 of 100: loss=0.181543454528 object_loss=0.0290542952716 distance_loss=0.152489155531
Iteration 49 of 100: loss=0.162722080946 object_loss=0.0082021150738 distance_loss=0.154519960284
Iteration 50 of 100: loss=0.158623948693 object_loss=0.00194597477093 distance_loss=0.156677976251
Iteration 51 of 100: loss=0.162610113621 object_loss=0.00400649756193 distance_loss=0.158603608608
Iteration 52 of 100: loss=0.161802589893 object_loss=0.0018288801657 distance_loss=0.159973710775
Iteration 53 of 100: loss=0.162639945745 object_loss=0.00104029581416 distance_loss=0.161599650979
Iteration 54 of 100: loss=0.164474874735 object_loss=0.00155873363838 distance_loss=0.162916138768
Iteration 55 of 100: loss=0.16523373127 object_loss=0.00138166593388 distance_loss=0.163852065802
Iteration 56 of 100: loss=0.165723830462 object_loss=0.00146622420289 distance_loss=0.164257600904
Iteration 57 of 100: loss=0.166665107012 object_loss=0.00187688774895 distance_loss=0.164788216352
Iteration 58 of 100: loss=0.17108862102 object_loss=0.00590769015253 distance_loss=0.165180936456
Iteration 59 of 100: loss=0.173262253404 object_loss=0.00783192832023 distance_loss=0.165430322289
Iteration 60 of 100: loss=0.168826177716 object_loss=0.00359854125418 distance_loss=0.165227636695
Iteration 61 of 100: loss=0.167456448078 object_loss=0.00246169231832 distance_loss=0.164994761348
Iteration 62 of 100: loss=0.16977365315 object_loss=0.00480037694797 distance_loss=0.164973273873
Iteration 63 of 100: loss=0.174236774445 object_loss=0.00945711601526 distance_loss=0.164779663086
Iteration 64 of 100: loss=0.170297846198 object_loss=0.00574362371117 distance_loss=0.164554223418
Iteration 65 of 100: loss=0.169013932347 object_loss=0.00438970932737 distance_loss=0.164624229074
Iteration 66 of 100: loss=0.17346778512 object_loss=0.00862991344184 distance_loss=0.164837867022
Iteration 67 of 100: loss=0.170001834631 object_loss=0.00517271645367 distance_loss=0.16482912004
Iteration 68 of 100: loss=0.166653245687 object_loss=0.00160943588708 distance_loss=0.16504381597
Iteration 69 of 100: loss=0.167591035366 object_loss=0.00260991486721 distance_loss=0.164981126785
Iteration 70 of 100: loss=0.167177543044 object_loss=0.00247483770363 distance_loss=0.164702698588
Iteration 71 of 100: loss=0.165693283081 object_loss=0.00140966195613 distance_loss=0.164283618331
Iteration 72 of 100: loss=0.164842486382 object_loss=0.00129529298283 distance_loss=0.163547188044
Iteration 73 of 100: loss=0.163909032941 object_loss=0.00106568995398 distance_loss=0.162843346596
Iteration 74 of 100: loss=0.163857638836 object_loss=0.00184544362128 distance_loss=0.162012189627
Iteration 75 of 100: loss=0.163561180234 object_loss=0.00249514682218 distance_loss=0.161066040397
Iteration 76 of 100: loss=0.162369191647 object_loss=0.00237698853016 distance_loss=0.159992203116
Iteration 77 of 100: loss=0.162737756968 object_loss=0.00356656406075 distance_loss=0.159171193838
Iteration 78 of 100: loss=0.160478383303 object_loss=0.00225039757788 distance_loss=0.158227980137
Iteration 79 of 100: loss=0.158937290311 object_loss=0.00161933188792 distance_loss=0.157317951322
Iteration 80 of 100: loss=0.158440977335 object_loss=0.00182350864634 distance_loss=0.156617462635
Iteration 81 of 100: loss=0.160143628716 object_loss=0.00471717957407 distance_loss=0.155426442623
Iteration 82 of 100: loss=0.17248788476 object_loss=0.0182936172932 distance_loss=0.154194265604
Iteration 83 of 100: loss=0.162963837385 object_loss=0.0089506348595 distance_loss=0.154013201594
Iteration 84 of 100: loss=0.158136129379 object_loss=0.00427391054109 distance_loss=0.153862223029
Iteration 85 of 100: loss=0.158129915595 object_loss=0.00475967489183 distance_loss=0.153370246291
Iteration 86 of 100: loss=0.156015977263 object_loss=0.00299439928494 distance_loss=0.15302157402
Iteration 87 of 100: loss=0.157060652971 object_loss=0.00472361268476 distance_loss=0.152337044477
Iteration 88 of 100: loss=0.155779719353 object_loss=0.00428302399814 distance_loss=0.151496693492
Iteration 89 of 100: loss=0.153833940625 object_loss=0.00263534812257 distance_loss=0.151198595762
Iteration 90 of 100: loss=0.154659047723 object_loss=0.00370491505601 distance_loss=0.150954127312
Iteration 91 of 100: loss=0.155378967524 object_loss=0.00472635729238 distance_loss=0.150652617216
Iteration 92 of 100: loss=0.153789252043 object_loss=0.00346855679527 distance_loss=0.150320693851
Iteration 93 of 100: loss=0.153174504638 object_loss=0.00261671934277 distance_loss=0.150557786226
Iteration 94 of 100: loss=0.151890397072 object_loss=0.00171604566276 distance_loss=0.150174349546
Iteration 95 of 100: loss=0.151996791363 object_loss=0.0023763354402 distance_loss=0.149620458484
Iteration 96 of 100: loss=0.155588209629 object_loss=0.00686702970415 distance_loss=0.148721173406
Iteration 97 of 100: loss=0.151274368167 object_loss=0.00300779752433 distance_loss=0.14826656878
Iteration 98 of 100: loss=0.152410790324 object_loss=0.00415482837707 distance_loss=0.148255959153
Iteration 99 of 100: loss=0.152519658208 object_loss=0.00462489854544 distance_loss=0.147894755006
Iteration 0 of 100: loss=0.153024956584 object_loss=0.00576379243284 distance_loss=0.147261157632
Iteration 1 of 100: loss=0.149740740657 object_loss=0.002734816866 distance_loss=0.147005930543
Iteration 2 of 100: loss=0.148836657405 object_loss=0.00184322858695 distance_loss=0.146993428469
Iteration 3 of 100: loss=0.148959070444 object_loss=0.00241497065872 distance_loss=0.146544098854
Iteration 4 of 100: loss=0.148270189762 object_loss=0.00244396016933 distance_loss=0.145826235414
Iteration 5 of 100: loss=0.146956399083 object_loss=0.00161980174016 distance_loss=0.145336598158
Iteration 6 of 100: loss=0.149073630571 object_loss=0.00442637642846 distance_loss=0.14464725554
Iteration 7 of 100: loss=0.145998686552 object_loss=0.00193933048286 distance_loss=0.144059360027
Iteration 8 of 100: loss=0.146347552538 object_loss=0.00290316529572 distance_loss=0.143444389105
Iteration 9 of 100: loss=0.144458591938 object_loss=0.00171439221594 distance_loss=0.142744198442
Iteration 10 of 100: loss=0.145253390074 object_loss=0.00304762087762 distance_loss=0.142205774784
Iteration 11 of 100: loss=0.144728958607 object_loss=0.00299838744104 distance_loss=0.141730576754
Iteration 12 of 100: loss=0.143064856529 object_loss=0.00233322591521 distance_loss=0.14073163271
Iteration 13 of 100: loss=0.143327116966 object_loss=0.00337817752734 distance_loss=0.139948934317
Iteration 14 of 100: loss=0.141852989793 object_loss=0.00259190518409 distance_loss=0.139261081815
Iteration 15 of 100: loss=0.143077388406 object_loss=0.00463389931247 distance_loss=0.138443484902
Iteration 16 of 100: loss=0.14081852138 object_loss=0.00335323764011 distance_loss=0.137465283275
Iteration 17 of 100: loss=0.141376048326 object_loss=0.00461951363832 distance_loss=0.136756539345
Iteration 18 of 100: loss=0.140404820442 object_loss=0.00433416292071 distance_loss=0.136070653796
Iteration 19 of 100: loss=0.140071570873 object_loss=0.00453956937417 distance_loss=0.135532006621
Iteration 20 of 100: loss=0.139780730009 object_loss=0.00478250207379 distance_loss=0.134998232126
Iteration 21 of 100: loss=0.138695970178 object_loss=0.00443472247571 distance_loss=0.134261250496
Iteration 22 of 100: loss=0.137283787131 object_loss=0.00366656854749 distance_loss=0.133617222309
Iteration 23 of 100: loss=0.135897740722 object_loss=0.00263716164045 distance_loss=0.133260577917
Iteration 24 of 100: loss=0.134041786194 object_loss=0.00139852205757 distance_loss=0.132643267512
Iteration 25 of 100: loss=0.134311571717 object_loss=0.00228674593382 distance_loss=0.132024824619
Iteration 26 of 100: loss=0.13556869328 object_loss=0.00419104425237 distance_loss=0.131377652287
Iteration 27 of 100: loss=0.133780732751 object_loss=0.0033744755201 distance_loss=0.13040626049
Iteration 28 of 100: loss=0.143657341599 object_loss=0.01403948199 distance_loss=0.129617854953
Iteration 29 of 100: loss=0.162080407143 object_loss=0.0321219041944 distance_loss=0.129958495498
Iteration 30 of 100: loss=0.234670907259 object_loss=0.10292314738 distance_loss=0.131747752428
Iteration 31 of 100: loss=0.140630334616 object_loss=0.00475703924894 distance_loss=0.135873302817
Iteration 32 of 100: loss=0.142228260636 object_loss=0.00317111215554 distance_loss=0.139057144523
Iteration 33 of 100: loss=0.14806163311 object_loss=0.00622596684843 distance_loss=0.141835659742
Iteration 34 of 100: loss=0.154513821006 object_loss=0.00995251908898 distance_loss=0.144561305642
Iteration 35 of 100: loss=0.153242588043 object_loss=0.00646370789036 distance_loss=0.14677888155
Iteration 36 of 100: loss=0.162816211581 object_loss=0.0142495594919 distance_loss=0.148566648364
Iteration 37 of 100: loss=0.156273767352 object_loss=0.00536696705967 distance_loss=0.150906801224
Iteration 38 of 100: loss=0.158112317324 object_loss=0.0053021190688 distance_loss=0.152810201049
Iteration 39 of 100: loss=0.157538831234 object_loss=0.00353127671406 distance_loss=0.154007554054
Iteration 40 of 100: loss=0.16334849596 object_loss=0.00813129823655 distance_loss=0.155217200518
Iteration 41 of 100: loss=0.229513347149 object_loss=0.0726566761732 distance_loss=0.156856670976
Iteration 42 of 100: loss=0.28643321991 object_loss=0.126409634948 distance_loss=0.160023570061
Iteration 43 of 100: loss=0.184030234814 object_loss=0.0198910981417 distance_loss=0.164139136672
Iteration 44 of 100: loss=0.726595938206 object_loss=0.558614969254 distance_loss=0.167980954051
Iteration 45 of 100: loss=0.181247666478 object_loss=0.0047522475943 distance_loss=0.176495417953
Iteration 46 of 100: loss=0.189968213439 object_loss=0.00509449420497 distance_loss=0.184873715043
Iteration 47 of 100: loss=0.207684233785 object_loss=0.0155610414222 distance_loss=0.192123189569
Iteration 48 of 100: loss=0.20955850184 object_loss=0.0113083608449 distance_loss=0.19825014472
Iteration 49 of 100: loss=0.232890993357 object_loss=0.0291224829853 distance_loss=0.203768506646
Iteration 50 of 100: loss=0.218522489071 object_loss=0.0092793609947 distance_loss=0.209243133664
Iteration 51 of 100: loss=0.216690123081 object_loss=0.00243833172135 distance_loss=0.21425178647
Iteration 52 of 100: loss=0.221412748098 object_loss=0.00219181342982 distance_loss=0.219220936298
Iteration 53 of 100: loss=0.226352438331 object_loss=0.00242925668135 distance_loss=0.223923176527
Iteration 54 of 100: loss=0.232220798731 object_loss=0.00460189394653 distance_loss=0.227618902922
Iteration 55 of 100: loss=0.23554122448 object_loss=0.0046500666067 distance_loss=0.230891153216
Iteration 56 of 100: loss=0.250265449286 object_loss=0.0163986906409 distance_loss=0.233866766095
Iteration 57 of 100: loss=0.254391014576 object_loss=0.0177044719458 distance_loss=0.23668654263
Iteration 58 of 100: loss=0.267256826162 object_loss=0.0276682246476 distance_loss=0.239588588476
Iteration 59 of 100: loss=0.279683083296 object_loss=0.0373556651175 distance_loss=0.242327421904
Iteration 60 of 100: loss=0.267260074615 object_loss=0.0228336900473 distance_loss=0.244426399469
Iteration 61 of 100: loss=0.256879597902 object_loss=0.0100780744106 distance_loss=0.246801525354
Iteration 62 of 100: loss=0.252990543842 object_loss=0.00376729574054 distance_loss=0.24922324717
Iteration 63 of 100: loss=0.258569478989 object_loss=0.00703544542193 distance_loss=0.251534044743
Iteration 64 of 100: loss=0.2606574893 object_loss=0.00632300972939 distance_loss=0.25433447957
Iteration 65 of 100: loss=0.258098006248 object_loss=0.00107310037129 distance_loss=0.257024914026
Iteration 66 of 100: loss=0.261411398649 object_loss=0.00194880506024 distance_loss=0.259462594986
Iteration 67 of 100: loss=0.263257682323 object_loss=0.00197864649817 distance_loss=0.261279046535
Iteration 68 of 100: loss=0.264238804579 object_loss=0.00191462016664 distance_loss=0.262324184179
Iteration 69 of 100: loss=0.281949818134 object_loss=0.0189655069262 distance_loss=0.26298430562
Iteration 70 of 100: loss=0.291564166546 object_loss=0.027944970876 distance_loss=0.263619184494
Iteration 71 of 100: loss=0.300124406815 object_loss=0.0346043258905 distance_loss=0.265520095825
Iteration 72 of 100: loss=0.296073973179 object_loss=0.0293463729322 distance_loss=0.266727596521
Iteration 73 of 100: loss=0.28697142005 object_loss=0.0183849707246 distance_loss=0.268586456776
Iteration 74 of 100: loss=0.317627668381 object_loss=0.0474348627031 distance_loss=0.270192801952
Iteration 75 of 100: loss=0.532296001911 object_loss=0.259563058615 distance_loss=0.272732943296
Iteration 76 of 100: loss=0.308012157679 object_loss=0.0293765943497 distance_loss=0.278635561466
Iteration 77 of 100: loss=0.296170532703 object_loss=0.0114838359877 distance_loss=0.284686684608
Iteration 78 of 100: loss=0.356161415577 object_loss=0.0653459280729 distance_loss=0.290815472603
Iteration 79 of 100: loss=0.306271076202 object_loss=0.00856308452785 distance_loss=0.297708004713
Iteration 80 of 100: loss=0.309409916401 object_loss=0.00504266889766 distance_loss=0.304367244244
Iteration 81 of 100: loss=0.330221116543 object_loss=0.0196978598833 distance_loss=0.310523241758
Iteration 82 of 100: loss=0.321856170893 object_loss=0.00553146423772 distance_loss=0.316324710846
Iteration 83 of 100: loss=0.326310932636 object_loss=0.00447829533368 distance_loss=0.321832627058
Iteration 84 of 100: loss=0.33215418458 object_loss=0.0057336287573 distance_loss=0.326420545578
Iteration 85 of 100: loss=0.334339261055 object_loss=0.00362076750025 distance_loss=0.330718487501
Iteration 86 of 100: loss=0.337386012077 object_loss=0.0029181574937 distance_loss=0.334467858076
Iteration 87 of 100: loss=0.3547976017 object_loss=0.0173790752888 distance_loss=0.337418526411
Iteration 88 of 100: loss=0.352652221918 object_loss=0.0123978452757 distance_loss=0.340254366398
Iteration 89 of 100: loss=0.351691126823 object_loss=0.00875673815608 distance_loss=0.342934399843
Iteration 90 of 100: loss=0.355705559254 object_loss=0.0105961486697 distance_loss=0.345109403133
Iteration 91 of 100: loss=0.362454295158 object_loss=0.0151817807928 distance_loss=0.347272515297
Iteration 92 of 100: loss=0.355835229158 object_loss=0.00608480256051 distance_loss=0.349750429392
Iteration 93 of 100: loss=0.355446726084 object_loss=0.00340909720398 distance_loss=0.352037638426
Iteration 94 of 100: loss=0.358739614487 object_loss=0.00487528182566 distance_loss=0.353864341974
Iteration 95 of 100: loss=0.361016988754 object_loss=0.00578188104555 distance_loss=0.355235099792
Iteration 96 of 100: loss=0.361533850431 object_loss=0.00523771764711 distance_loss=0.356296122074
Iteration 97 of 100: loss=0.36546716094 object_loss=0.00769052421674 distance_loss=0.357776641846
Iteration 98 of 100: loss=0.367295891047 object_loss=0.00781628396362 distance_loss=0.359479606152
Iteration 99 of 100: loss=0.362711519003 object_loss=0.00191440805793 distance_loss=0.36079710722
Iteration 0 of 100: loss=0.367649942636 object_loss=0.00583289191127 distance_loss=0.361817061901
Iteration 1 of 100: loss=0.366141051054 object_loss=0.00354850222357 distance_loss=0.362592548132
Iteration 2 of 100: loss=0.365634560585 object_loss=0.00270594283938 distance_loss=0.362928628922
Iteration 3 of 100: loss=0.365119099617 object_loss=0.00198504212312 distance_loss=0.36313405633
Iteration 4 of 100: loss=0.365668594837 object_loss=0.0026485635899 distance_loss=0.363020032644
Iteration 5 of 100: loss=0.371693432331 object_loss=0.0089004561305 distance_loss=0.36279296875
Iteration 6 of 100: loss=0.374272793531 object_loss=0.0120715033263 distance_loss=0.362201303244
Iteration 7 of 100: loss=0.383593410254 object_loss=0.0218743085861 distance_loss=0.361719101667
Iteration 8 of 100: loss=0.368409007788 object_loss=0.00704034790397 distance_loss=0.361368656158
Iteration 9 of 100: loss=0.392823159695 object_loss=0.0309483110905 distance_loss=0.361874848604
Iteration 10 of 100: loss=0.37235096097 object_loss=0.00945721194148 distance_loss=0.362893760204
Iteration 11 of 100: loss=0.390640497208 object_loss=0.0273630470037 distance_loss=0.363277435303
Iteration 12 of 100: loss=0.392496168613 object_loss=0.0282862521708 distance_loss=0.364209920168
Iteration 13 of 100: loss=0.372395068407 object_loss=0.0066977115348 distance_loss=0.365697354078
Iteration 14 of 100: loss=0.410282462835 object_loss=0.0432504191995 distance_loss=0.367032051086
Iteration 15 of 100: loss=0.384097963572 object_loss=0.0154250049964 distance_loss=0.368672966957
Iteration 16 of 100: loss=0.442082345486 object_loss=0.0714505463839 distance_loss=0.370631814003
Iteration 17 of 100: loss=0.387418806553 object_loss=0.0140805896372 distance_loss=0.373338222504
Iteration 18 of 100: loss=0.389123648405 object_loss=0.0130740171298 distance_loss=0.376049637794
Iteration 19 of 100: loss=0.400000691414 object_loss=0.0207392349839 distance_loss=0.379261463881
Iteration 20 of 100: loss=0.432633161545 object_loss=0.0504901632667 distance_loss=0.382142990828
Iteration 21 of 100: loss=0.400777339935 object_loss=0.015966758132 distance_loss=0.384810596704
Iteration 22 of 100: loss=0.397596508265 object_loss=0.0100425537676 distance_loss=0.387553960085
Iteration 23 of 100: loss=0.399981319904 object_loss=0.0103094615042 distance_loss=0.389671862125
Iteration 24 of 100: loss=0.395611554384 object_loss=0.00385607755743 distance_loss=0.391755491495
Iteration 25 of 100: loss=0.398162186146 object_loss=0.00484170392156 distance_loss=0.393320471048
Iteration 26 of 100: loss=0.403198868036 object_loss=0.00826090667397 distance_loss=0.394937962294
Iteration 27 of 100: loss=0.400050282478 object_loss=0.00392011692747 distance_loss=0.396130174398
Iteration 28 of 100: loss=0.39940854907 object_loss=0.00181308155879 distance_loss=0.397595465183
Iteration 29 of 100: loss=0.403901785612 object_loss=0.00480405194685 distance_loss=0.39909774065
Iteration 30 of 100: loss=0.401565402746 object_loss=0.000948713393882 distance_loss=0.400616675615
Iteration 31 of 100: loss=0.403782337904 object_loss=0.00202668923885 distance_loss=0.401755660772
Iteration 32 of 100: loss=0.404587060213 object_loss=0.00275711971335 distance_loss=0.40182992816
Iteration 33 of 100: loss=0.404138714075 object_loss=0.00186824251432 distance_loss=0.402270466089
Iteration 34 of 100: loss=0.404514670372 object_loss=0.00208875723183 distance_loss=0.402425915003
Iteration 35 of 100: loss=0.411638766527 object_loss=0.00953211449087 distance_loss=0.402106642723
Iteration 36 of 100: loss=0.409888088703 object_loss=0.00866235140711 distance_loss=0.401225745678
Iteration 37 of 100: loss=0.422003239393 object_loss=0.0210248865187 distance_loss=0.4009783566
Iteration 38 of 100: loss=0.40460345149 object_loss=0.00407154811546 distance_loss=0.40053191781
Iteration 39 of 100: loss=0.402329087257 object_loss=0.0017809884157 distance_loss=0.400548100471
Iteration 40 of 100: loss=0.404453098774 object_loss=0.00396845396608 distance_loss=0.400484651327
Iteration 41 of 100: loss=0.401960939169 object_loss=0.00195780396461 distance_loss=0.400003135204
Iteration 42 of 100: loss=0.404071420431 object_loss=0.0046913200058 distance_loss=0.399380087852
Iteration 43 of 100: loss=0.401476770639 object_loss=0.00264203664847 distance_loss=0.398834735155
Iteration 44 of 100: loss=0.41833293438 object_loss=0.0206993967295 distance_loss=0.397633552551
Iteration 45 of 100: loss=0.416282147169 object_loss=0.0192959941924 distance_loss=0.396986156702
Iteration 46 of 100: loss=0.409664452076 object_loss=0.0134361833334 distance_loss=0.396228283644
Iteration 47 of 100: loss=0.407449275255 object_loss=0.0124967750162 distance_loss=0.394952505827
Iteration 48 of 100: loss=0.406048744917 object_loss=0.0119276912883 distance_loss=0.394121050835
Iteration 49 of 100: loss=0.409812241793 object_loss=0.01623320207 distance_loss=0.393579035997
Iteration 50 of 100: loss=0.396116822958 object_loss=0.00282731559128 distance_loss=0.393289506435
Iteration 51 of 100: loss=0.393683314323 object_loss=0.000516956497449 distance_loss=0.393166363239
Iteration 52 of 100: loss=0.393570512533 object_loss=0.000766113516875 distance_loss=0.392804384232
Iteration 53 of 100: loss=0.396804541349 object_loss=0.00439790263772 distance_loss=0.392406642437
Iteration 54 of 100: loss=0.399858981371 object_loss=0.00795639399439 distance_loss=0.391902595758
Iteration 55 of 100: loss=0.395871192217 object_loss=0.00425834814087 distance_loss=0.39161285758
Iteration 56 of 100: loss=0.394549638033 object_loss=0.00338763557374 distance_loss=0.391162008047
Iteration 57 of 100: loss=0.393721342087 object_loss=0.00275786081329 distance_loss=0.390963494778
Iteration 58 of 100: loss=0.395224660635 object_loss=0.00479245185852 distance_loss=0.390432208776
Iteration 59 of 100: loss=0.391061484814 object_loss=0.00122161232866 distance_loss=0.389839857817
Iteration 60 of 100: loss=0.396013647318 object_loss=0.00669382000342 distance_loss=0.389319837093
Iteration 61 of 100: loss=0.39447799325 object_loss=0.00566418841481 distance_loss=0.388813793659
Iteration 62 of 100: loss=0.397325515747 object_loss=0.00928439199924 distance_loss=0.388041138649
Iteration 63 of 100: loss=0.399542689323 object_loss=0.0124752204865 distance_loss=0.387067466974
Iteration 64 of 100: loss=0.390936434269 object_loss=0.00451225228608 distance_loss=0.386424183846
Iteration 65 of 100: loss=0.390255272388 object_loss=0.00446393433958 distance_loss=0.38579133153
Iteration 66 of 100: loss=0.396944761276 object_loss=0.0118285464123 distance_loss=0.385116219521
Iteration 67 of 100: loss=0.396105617285 object_loss=0.011643236503 distance_loss=0.38446238637
Iteration 68 of 100: loss=0.39054697752 object_loss=0.00707436585799 distance_loss=0.383472621441
Iteration 69 of 100: loss=0.385091096163 object_loss=0.00186517403927 distance_loss=0.383225917816
Iteration 70 of 100: loss=0.386309891939 object_loss=0.00318904104643 distance_loss=0.38312086463
Iteration 71 of 100: loss=0.387020200491 object_loss=0.00441071204841 distance_loss=0.38260948658
Iteration 72 of 100: loss=0.387796223164 object_loss=0.00634591281414 distance_loss=0.381450325251
Iteration 73 of 100: loss=0.384719908237 object_loss=0.00411561178043 distance_loss=0.380604296923
Iteration 74 of 100: loss=0.381970733404 object_loss=0.00199597910978 distance_loss=0.379974752665
Iteration 75 of 100: loss=0.381883144379 object_loss=0.00259383558296 distance_loss=0.37928929925
Iteration 76 of 100: loss=0.38947814703 object_loss=0.0110875535756 distance_loss=0.378390580416
Iteration 77 of 100: loss=0.380912393332 object_loss=0.00298334122635 distance_loss=0.377929061651
Iteration 78 of 100: loss=0.379315078259 object_loss=0.00183304469101 distance_loss=0.377482026815
Iteration 79 of 100: loss=0.382212430239 object_loss=0.00540571985766 distance_loss=0.37680670619
Iteration 80 of 100: loss=0.386585563421 object_loss=0.0108230505139 distance_loss=0.375762522221
Iteration 81 of 100: loss=0.382390648127 object_loss=0.00730349030346 distance_loss=0.375087171793
Iteration 82 of 100: loss=0.384811997414 object_loss=0.00980286393315 distance_loss=0.375009119511
Iteration 83 of 100: loss=0.382524013519 object_loss=0.00773271732032 distance_loss=0.374791294336
Iteration 84 of 100: loss=0.377483725548 object_loss=0.00283819506876 distance_loss=0.374645531178
Iteration 85 of 100: loss=0.375892400742 object_loss=0.00148140161764 distance_loss=0.3744109869
Iteration 86 of 100: loss=0.37607857585 object_loss=0.00196701800451 distance_loss=0.374111562967
Iteration 87 of 100: loss=0.37535944581 object_loss=0.00150896923151 distance_loss=0.373850464821
Iteration 88 of 100: loss=0.374976217747 object_loss=0.001906365389 distance_loss=0.373069852591
Iteration 89 of 100: loss=0.374325484037 object_loss=0.00174129044171 distance_loss=0.372584193945
Iteration 90 of 100: loss=0.382896929979 object_loss=0.0108346464112 distance_loss=0.372062295675
Iteration 91 of 100: loss=0.37897118926 object_loss=0.00692000053823 distance_loss=0.372051179409
Iteration 92 of 100: loss=0.379307329655 object_loss=0.00787559058517 distance_loss=0.371431738138
Iteration 93 of 100: loss=0.377464741468 object_loss=0.00603434629738 distance_loss=0.371430397034
Iteration 94 of 100: loss=0.375987321138 object_loss=0.00478067668155 distance_loss=0.371206641197
Iteration 95 of 100: loss=0.385702371597 object_loss=0.0149717098102 distance_loss=0.370730668306
Iteration 96 of 100: loss=0.375247299671 object_loss=0.00498544890434 distance_loss=0.370261847973
Iteration 97 of 100: loss=0.373875230551 object_loss=0.00419357046485 distance_loss=0.369681656361
Iteration 98 of 100: loss=0.375409930944 object_loss=0.00646053580567 distance_loss=0.368949383497
Iteration 99 of 100: loss=0.379217714071 object_loss=0.0110345082358 distance_loss=0.368183195591
Iteration 0 of 100: loss=0.380286514759 object_loss=0.0123274028301 distance_loss=0.367959111929
Iteration 1 of 100: loss=0.374833345413 object_loss=0.00722337560728 distance_loss=0.367609977722
Iteration 2 of 100: loss=0.370550781488 object_loss=0.00283663370647 distance_loss=0.367714136839
Iteration 3 of 100: loss=0.371383428574 object_loss=0.00386462081224 distance_loss=0.367518812418
Iteration 4 of 100: loss=0.375922054052 object_loss=0.00892376340926 distance_loss=0.366998285055
Iteration 5 of 100: loss=0.393885850906 object_loss=0.0274124946445 distance_loss=0.366473346949
Iteration 6 of 100: loss=0.414160132408 object_loss=0.0476505868137 distance_loss=0.36650955677
Iteration 7 of 100: loss=0.453107237816 object_loss=0.0859648808837 distance_loss=0.367142349482
Iteration 8 of 100: loss=0.715127110481 object_loss=0.346583008766 distance_loss=0.368544101715
Iteration 9 of 100: loss=0.485166788101 object_loss=0.113603115082 distance_loss=0.371563673019
Iteration 10 of 100: loss=0.553306758404 object_loss=0.177412301302 distance_loss=0.375894457102
Iteration 11 of 100: loss=0.403766453266 object_loss=0.0246335938573 distance_loss=0.379132866859
Iteration 12 of 100: loss=0.417870521545 object_loss=0.0364888161421 distance_loss=0.381381690502
Iteration 13 of 100: loss=0.400786936283 object_loss=0.0165285356343 distance_loss=0.384258389473
Iteration 14 of 100: loss=0.393414318562 object_loss=0.00640839943662 distance_loss=0.387005925179
Iteration 15 of 100: loss=0.400443255901 object_loss=0.0113734025508 distance_loss=0.389069855213
Iteration 16 of 100: loss=0.407403349876 object_loss=0.0170016139746 distance_loss=0.390401750803
Iteration 17 of 100: loss=0.39814928174 object_loss=0.00600890303031 distance_loss=0.392140388489
Iteration 18 of 100: loss=0.404255717993 object_loss=0.0104363178834 distance_loss=0.393819391727
Iteration 19 of 100: loss=0.415420621634 object_loss=0.0198412034661 distance_loss=0.395579427481
Iteration 20 of 100: loss=0.404477715492 object_loss=0.00668137706816 distance_loss=0.397796332836
Iteration 21 of 100: loss=0.402728170156 object_loss=0.00299837067723 distance_loss=0.399729788303
Iteration 22 of 100: loss=0.40765619278 object_loss=0.00639566686004 distance_loss=0.401260524988
Iteration 23 of 100: loss=0.410945087671 object_loss=0.00858970358968 distance_loss=0.402355372906
Iteration 24 of 100: loss=0.418678939342 object_loss=0.0154812727123 distance_loss=0.403197675943
Iteration 25 of 100: loss=0.478480160236 object_loss=0.0736441239715 distance_loss=0.404836028814
Iteration 26 of 100: loss=0.437016963959 object_loss=0.0300937406719 distance_loss=0.406923234463
Iteration 27 of 100: loss=0.412256836891 object_loss=0.00338299619034 distance_loss=0.408873826265
Iteration 28 of 100: loss=0.414922565222 object_loss=0.00455261301249 distance_loss=0.410369962454
Iteration 29 of 100: loss=0.417819708586 object_loss=0.00516429822892 distance_loss=0.412655413151
Iteration 30 of 100: loss=0.417795360088 object_loss=0.00288379658014 distance_loss=0.414911568165
Iteration 31 of 100: loss=0.419012218714 object_loss=0.00245883874595 distance_loss=0.416553378105
Iteration 32 of 100: loss=0.421951800585 object_loss=0.00423846486956 distance_loss=0.417713344097
Iteration 33 of 100: loss=0.426119446754 object_loss=0.00700925290585 distance_loss=0.419110178947
Iteration 34 of 100: loss=0.425055712461 object_loss=0.00480345403776 distance_loss=0.420252263546
Iteration 35 of 100: loss=0.424478560686 object_loss=0.0035289505031 distance_loss=0.420949608088
Iteration 36 of 100: loss=0.426372617483 object_loss=0.00489530805498 distance_loss=0.42147731781
Iteration 37 of 100: loss=0.428694158792 object_loss=0.00699991406873 distance_loss=0.421694248915
Iteration 38 of 100: loss=0.434923321009 object_loss=0.0129613988101 distance_loss=0.421961933374
Iteration 39 of 100: loss=0.440252393484 object_loss=0.0178775917739 distance_loss=0.422374814749
Iteration 40 of 100: loss=0.425362706184 object_loss=0.00275264773518 distance_loss=0.422610044479
Iteration 41 of 100: loss=0.426215857267 object_loss=0.003391076345 distance_loss=0.422824770212
Iteration 42 of 100: loss=0.428547918797 object_loss=0.00572128267959 distance_loss=0.422826647758
Iteration 43 of 100: loss=0.429967612028 object_loss=0.00742937298492 distance_loss=0.422538250685
Iteration 44 of 100: loss=0.428947269917 object_loss=0.0069175218232 distance_loss=0.422029733658
Iteration 45 of 100: loss=0.428516685963 object_loss=0.00685147289187 distance_loss=0.421665221453
Iteration 46 of 100: loss=0.430271238089 object_loss=0.00887485221028 distance_loss=0.421396374702
Iteration 47 of 100: loss=0.425935447216 object_loss=0.00487579358742 distance_loss=0.421059668064
Iteration 48 of 100: loss=0.423484176397 object_loss=0.00285246246494 distance_loss=0.420631706715
Iteration 49 of 100: loss=0.422423571348 object_loss=0.00190547923557 distance_loss=0.420518100262
Iteration 50 of 100: loss=0.422116786242 object_loss=0.00176337477751 distance_loss=0.420353412628
Iteration 51 of 100: loss=0.421907037497 object_loss=0.00209892611019 distance_loss=0.419808119535
Iteration 52 of 100: loss=0.420258939266 object_loss=0.00173955166247 distance_loss=0.418519377708
Iteration 53 of 100: loss=0.424916386604 object_loss=0.00708557665348 distance_loss=0.417830824852
Iteration 54 of 100: loss=0.425536036491 object_loss=0.00815206859261 distance_loss=0.41738396883
Iteration 55 of 100: loss=0.420969128609 object_loss=0.00439453218132 distance_loss=0.416574597359
Iteration 56 of 100: loss=0.418302327394 object_loss=0.00258840597235 distance_loss=0.41571393609
Iteration 57 of 100: loss=0.418180733919 object_loss=0.00321779213846 distance_loss=0.414962947369
Iteration 58 of 100: loss=0.419374883175 object_loss=0.0053482092917 distance_loss=0.414026677608
Iteration 59 of 100: loss=0.417280614376 object_loss=0.00389294256456 distance_loss=0.413387686014
Iteration 60 of 100: loss=0.417527675629 object_loss=0.00474546849728 distance_loss=0.41278219223
Iteration 61 of 100: loss=0.420264720917 object_loss=0.00872582104057 distance_loss=0.411538898945
Iteration 62 of 100: loss=0.414663642645 object_loss=0.00424931757152 distance_loss=0.410414338112
Iteration 63 of 100: loss=0.414743185043 object_loss=0.00529083330184 distance_loss=0.409452348948
Iteration 64 of 100: loss=0.410189002752 object_loss=0.00176398945041 distance_loss=0.40842500329
Iteration 65 of 100: loss=0.409368187189 object_loss=0.00193095917348 distance_loss=0.407437235117
Iteration 66 of 100: loss=0.411683440208 object_loss=0.00524117983878 distance_loss=0.406442254782
Iteration 67 of 100: loss=0.409175038338 object_loss=0.00397379416972 distance_loss=0.405201256275
Iteration 68 of 100: loss=0.410549372435 object_loss=0.00660679489374 distance_loss=0.403942584991
Iteration 69 of 100: loss=0.410648465157 object_loss=0.00771273160353 distance_loss=0.402935743332
Iteration 70 of 100: loss=0.409692287445 object_loss=0.00780086405575 distance_loss=0.401891410351
Iteration 71 of 100: loss=0.410614818335 object_loss=0.00959072262049 distance_loss=0.401024103165
Iteration 72 of 100: loss=0.40713518858 object_loss=0.00738661643118 distance_loss=0.399748563766
Iteration 73 of 100: loss=0.412242472172 object_loss=0.0133605021983 distance_loss=0.398881971836
Iteration 74 of 100: loss=0.409716188908 object_loss=0.0115456711501 distance_loss=0.398170530796
Iteration 75 of 100: loss=0.403823554516 object_loss=0.00614469312131 distance_loss=0.397678852081
Iteration 76 of 100: loss=0.400729298592 object_loss=0.00373487523757 distance_loss=0.396994411945
Iteration 77 of 100: loss=0.399133890867 object_loss=0.00260296324268 distance_loss=0.396530926228
Iteration 78 of 100: loss=0.398271381855 object_loss=0.00244491850026 distance_loss=0.395826458931
Iteration 79 of 100: loss=0.398573428392 object_loss=0.00336868036538 distance_loss=0.395204752684
Iteration 80 of 100: loss=0.398435622454 object_loss=0.00357163022272 distance_loss=0.394863992929
Iteration 81 of 100: loss=0.407918602228 object_loss=0.0133865233511 distance_loss=0.394532084465
Iteration 82 of 100: loss=0.402185767889 object_loss=0.00822283234447 distance_loss=0.393962949514
Iteration 83 of 100: loss=0.397644370794 object_loss=0.00398646807298 distance_loss=0.393657892942
Iteration 84 of 100: loss=0.40023547411 object_loss=0.00713662151247 distance_loss=0.393098860979
Iteration 85 of 100: loss=0.402335047722 object_loss=0.0098381228745 distance_loss=0.392496913671
Iteration 86 of 100: loss=0.394970536232 object_loss=0.00326351961121 distance_loss=0.391707003117
Iteration 87 of 100: loss=0.393757969141 object_loss=0.00289307767525 distance_loss=0.390864878893
Iteration 88 of 100: loss=0.396037340164 object_loss=0.00630079489201 distance_loss=0.389736533165
Iteration 89 of 100: loss=0.391451120377 object_loss=0.0024545006454 distance_loss=0.388996630907
Iteration 90 of 100: loss=0.39085957408 object_loss=0.0025630176533 distance_loss=0.388296544552
Iteration 91 of 100: loss=0.389629721642 object_loss=0.00230250461027 distance_loss=0.387327224016
Iteration 92 of 100: loss=0.388166934252 object_loss=0.00211553322151 distance_loss=0.386051386595
Iteration 93 of 100: loss=0.390729486942 object_loss=0.00562721025199 distance_loss=0.385102272034
Iteration 94 of 100: loss=0.388210147619 object_loss=0.00377241685055 distance_loss=0.384437739849
Iteration 95 of 100: loss=0.386793255806 object_loss=0.00313319591805 distance_loss=0.383660048246
Iteration 96 of 100: loss=0.389815360308 object_loss=0.00728537840769 distance_loss=0.382529973984
Iteration 97 of 100: loss=0.391438007355 object_loss=0.00984537694603 distance_loss=0.38159263134
Iteration 98 of 100: loss=0.392343431711 object_loss=0.0114698912948 distance_loss=0.380873531103
Iteration 99 of 100: loss=0.391564428806 object_loss=0.0112334564328 distance_loss=0.380330979824
Iteration 0 of 100: loss=0.392047166824 object_loss=0.0125828050077 distance_loss=0.379464358091
Iteration 1 of 100: loss=0.390362471342 object_loss=0.0115109942853 distance_loss=0.378851473331
Iteration 2 of 100: loss=0.387366771698 object_loss=0.00842536892742 distance_loss=0.37894141674
Iteration 3 of 100: loss=0.389522105455 object_loss=0.0101585052907 distance_loss=0.379363596439
Iteration 4 of 100: loss=0.383290499449 object_loss=0.0035026690457 distance_loss=0.379787832499
Iteration 5 of 100: loss=0.382006406784 object_loss=0.00202265381813 distance_loss=0.379983752966
Iteration 6 of 100: loss=0.382629334927 object_loss=0.00282947556116 distance_loss=0.379799872637
Iteration 7 of 100: loss=0.383938103914 object_loss=0.00451472215354 distance_loss=0.379423379898
Iteration 8 of 100: loss=0.381760567427 object_loss=0.00271625770256 distance_loss=0.37904432416
Iteration 9 of 100: loss=0.380405932665 object_loss=0.00175758567639 distance_loss=0.378648340702
Iteration 10 of 100: loss=0.38085693121 object_loss=0.00232649873942 distance_loss=0.378530442715
Iteration 11 of 100: loss=0.380425810814 object_loss=0.00229491782375 distance_loss=0.378130882978
Iteration 12 of 100: loss=0.37944611907 object_loss=0.00240531470627 distance_loss=0.377040803432
Iteration 13 of 100: loss=0.378434747458 object_loss=0.00177751388401 distance_loss=0.376657247543
Iteration 14 of 100: loss=0.379071086645 object_loss=0.00286816922016 distance_loss=0.376202911139
Iteration 15 of 100: loss=0.377809435129 object_loss=0.00225557526574 distance_loss=0.375553846359
Iteration 16 of 100: loss=0.376402437687 object_loss=0.00171901937574 distance_loss=0.374683409929
Iteration 17 of 100: loss=0.377895951271 object_loss=0.00407334091142 distance_loss=0.373822599649
Iteration 18 of 100: loss=0.377584069967 object_loss=0.0046555637382 distance_loss=0.372928500175
Iteration 19 of 100: loss=0.376047492027 object_loss=0.00378343393095 distance_loss=0.372264057398
Iteration 20 of 100: loss=0.37795740366 object_loss=0.0066680861637 distance_loss=0.37128931284
Iteration 21 of 100: loss=0.375655382872 object_loss=0.00539761781693 distance_loss=0.370257765055
Iteration 22 of 100: loss=0.378778487444 object_loss=0.00930509157479 distance_loss=0.369473397732
Iteration 23 of 100: loss=0.370646744967 object_loss=0.00215480918996 distance_loss=0.368491947651
Iteration 24 of 100: loss=0.369443178177 object_loss=0.00227903970517 distance_loss=0.367164134979
Iteration 25 of 100: loss=0.367654114962 object_loss=0.00146286608651 distance_loss=0.366191238165
Iteration 26 of 100: loss=0.366535872221 object_loss=0.00123935146257 distance_loss=0.365296512842
Iteration 27 of 100: loss=0.365677118301 object_loss=0.00160762702581 distance_loss=0.364069491625
Iteration 28 of 100: loss=0.364825308323 object_loss=0.00184693944175 distance_loss=0.362978368998
Iteration 29 of 100: loss=0.364949375391 object_loss=0.00277970219031 distance_loss=0.36216968298
Iteration 30 of 100: loss=0.365341871977 object_loss=0.00405955128372 distance_loss=0.36128231883
Iteration 31 of 100: loss=0.366933345795 object_loss=0.00645186845213 distance_loss=0.360481470823
Iteration 32 of 100: loss=0.36318179965 object_loss=0.00353556266055 distance_loss=0.359646230936
Iteration 33 of 100: loss=0.360271602869 object_loss=0.00141970464028 distance_loss=0.358851909637
Iteration 34 of 100: loss=0.359749794006 object_loss=0.00189321616199 distance_loss=0.357856571674
Iteration 35 of 100: loss=0.359768658876 object_loss=0.0028783811722 distance_loss=0.356890290976
Iteration 36 of 100: loss=0.357088625431 object_loss=0.00130035844631 distance_loss=0.355788260698
Iteration 37 of 100: loss=0.356320559978 object_loss=0.00141592393629 distance_loss=0.35490462184
Iteration 38 of 100: loss=0.355769902468 object_loss=0.00182023062371 distance_loss=0.353949666023
Iteration 39 of 100: loss=0.354567974806 object_loss=0.00173957133666 distance_loss=0.352828413248
Iteration 40 of 100: loss=0.353497326374 object_loss=0.00169952306896 distance_loss=0.351797789335
Iteration 41 of 100: loss=0.355034440756 object_loss=0.00437511038035 distance_loss=0.35065934062
Iteration 42 of 100: loss=0.352754205465 object_loss=0.0032846366521 distance_loss=0.349469572306
Iteration 43 of 100: loss=0.350978076458 object_loss=0.00236296304502 distance_loss=0.348615109921
Iteration 44 of 100: loss=0.350488394499 object_loss=0.00258595007472 distance_loss=0.347902446985
Iteration 45 of 100: loss=0.35238519311 object_loss=0.00548018794507 distance_loss=0.346904993057
Iteration 46 of 100: loss=0.350533336401 object_loss=0.00435730442405 distance_loss=0.346176028252
Iteration 47 of 100: loss=0.352649211884 object_loss=0.00728079909459 distance_loss=0.345368415117
Iteration 48 of 100: loss=0.348501771688 object_loss=0.00428432226181 distance_loss=0.344217449427
Iteration 49 of 100: loss=0.348032236099 object_loss=0.00468063401058 distance_loss=0.343351602554
Iteration 50 of 100: loss=0.350119292736 object_loss=0.00728350877762 distance_loss=0.342835783958
Iteration 51 of 100: loss=0.35231423378 object_loss=0.0101809296757 distance_loss=0.342133313417
Iteration 52 of 100: loss=0.351827710867 object_loss=0.0107083404437 distance_loss=0.341119378805
Iteration 53 of 100: loss=0.354382783175 object_loss=0.0136622264981 distance_loss=0.340720564127
Iteration 54 of 100: loss=0.344609051943 object_loss=0.00449471874163 distance_loss=0.340114325285
Iteration 55 of 100: loss=0.342152416706 object_loss=0.00277764443308 distance_loss=0.339374780655
Iteration 56 of 100: loss=0.343452364206 object_loss=0.00526018533856 distance_loss=0.338192164898
Iteration 57 of 100: loss=0.341678917408 object_loss=0.00422459607944 distance_loss=0.337454319
Iteration 58 of 100: loss=0.346074402332 object_loss=0.00935381650925 distance_loss=0.336720585823
Iteration 59 of 100: loss=0.342623531818 object_loss=0.00636054575443 distance_loss=0.336262971163
Iteration 60 of 100: loss=0.343100637197 object_loss=0.00769203947857 distance_loss=0.335408598185
Iteration 61 of 100: loss=0.341522067785 object_loss=0.00669921189547 distance_loss=0.33482286334
Iteration 62 of 100: loss=0.338889151812 object_loss=0.00448535103351 distance_loss=0.334403812885
Iteration 63 of 100: loss=0.338150203228 object_loss=0.00451487256214 distance_loss=0.3336353302
Iteration 64 of 100: loss=0.337672829628 object_loss=0.00455280067399 distance_loss=0.333120018244
Iteration 65 of 100: loss=0.336748480797 object_loss=0.00416286289692 distance_loss=0.332585632801
Iteration 66 of 100: loss=0.336565762758 object_loss=0.00451009906828 distance_loss=0.332055658102
Iteration 67 of 100: loss=0.333924472332 object_loss=0.00269760610536 distance_loss=0.331226855516
Iteration 68 of 100: loss=0.334064275026 object_loss=0.00379834743217 distance_loss=0.330265939236
Iteration 69 of 100: loss=0.341306626797 object_loss=0.0118686752394 distance_loss=0.329437941313
Iteration 70 of 100: loss=0.342643082142 object_loss=0.0133926551789 distance_loss=0.3292504251
Iteration 71 of 100: loss=0.344824463129 object_loss=0.0158453211188 distance_loss=0.32897913456
Iteration 72 of 100: loss=0.332030892372 object_loss=0.00336138065904 distance_loss=0.328669518232
Iteration 73 of 100: loss=0.331978440285 object_loss=0.00343906600028 distance_loss=0.32853937149
Iteration 74 of 100: loss=0.332343786955 object_loss=0.00417373888195 distance_loss=0.328170061111
Iteration 75 of 100: loss=0.336444109678 object_loss=0.00862964056432 distance_loss=0.327814459801
Iteration 76 of 100: loss=0.332524061203 object_loss=0.00501743750647 distance_loss=0.327506631613
Iteration 77 of 100: loss=0.333444267511 object_loss=0.00640422385186 distance_loss=0.327040046453
Iteration 78 of 100: loss=0.335553318262 object_loss=0.0088685080409 distance_loss=0.326684802771
Iteration 79 of 100: loss=0.328722208738 object_loss=0.00240771891549 distance_loss=0.326314479113
Iteration 80 of 100: loss=0.336912065744 object_loss=0.0110043119639 distance_loss=0.325907766819
Iteration 81 of 100: loss=0.329455316067 object_loss=0.00398097652942 distance_loss=0.325474351645
Iteration 82 of 100: loss=0.330907583237 object_loss=0.00576001172885 distance_loss=0.32514756918
Iteration 83 of 100: loss=0.331788599491 object_loss=0.00685280002654 distance_loss=0.324935793877
Iteration 84 of 100: loss=0.332566350698 object_loss=0.0083099193871 distance_loss=0.324256420135
Iteration 85 of 100: loss=0.349844932556 object_loss=0.0259847305715 distance_loss=0.323860198259
Iteration 86 of 100: loss=0.328362494707 object_loss=0.00480423821136 distance_loss=0.323558270931
Iteration 87 of 100: loss=0.328333169222 object_loss=0.00528730964288 distance_loss=0.3230458498
Iteration 88 of 100: loss=0.331322103739 object_loss=0.00876939762384 distance_loss=0.322552710772
Iteration 89 of 100: loss=0.327805370092 object_loss=0.00555909331888 distance_loss=0.322246283293
Iteration 90 of 100: loss=0.32934436202 object_loss=0.00762314815074 distance_loss=0.321721225977
Iteration 91 of 100: loss=0.327620029449 object_loss=0.00639027543366 distance_loss=0.321229755878
Iteration 92 of 100: loss=0.326783031225 object_loss=0.00641025742516 distance_loss=0.320372760296
Iteration 93 of 100: loss=0.327199578285 object_loss=0.00732081849128 distance_loss=0.319878757
Iteration 94 of 100: loss=0.323768675327 object_loss=0.00432299030945 distance_loss=0.319445699453
Iteration 95 of 100: loss=0.322233915329 object_loss=0.00339966686442 distance_loss=0.318834245205
Iteration 96 of 100: loss=0.325802147388 object_loss=0.0078276861459 distance_loss=0.317974448204
Iteration 97 of 100: loss=0.328534990549 object_loss=0.0111717898399 distance_loss=0.317363202572
Iteration 98 of 100: loss=0.324875682592 object_loss=0.00826796237379 distance_loss=0.316607713699
Iteration 99 of 100: loss=0.320725053549 object_loss=0.00495539372787 distance_loss=0.315769672394
Iteration 0 of 100: loss=0.370519042015 object_loss=0.0553139783442 distance_loss=0.315205067396
Iteration 1 of 100: loss=0.560768544674 object_loss=0.245043471456 distance_loss=0.315725058317
Iteration 2 of 100: loss=0.914741814137 object_loss=0.596323490143 distance_loss=0.318418323994
Iteration 3 of 100: loss=0.337786525488 object_loss=0.013318146579 distance_loss=0.324468374252
Iteration 4 of 100: loss=0.354244410992 object_loss=0.0243115257472 distance_loss=0.329932898283
Iteration 5 of 100: loss=0.420563280582 object_loss=0.0861192792654 distance_loss=0.334444016218
Iteration 6 of 100: loss=0.36214312911 object_loss=0.0230175033212 distance_loss=0.33912563324
Iteration 7 of 100: loss=0.349579691887 object_loss=0.00556540768594 distance_loss=0.344014286995
Iteration 8 of 100: loss=0.35074198246 object_loss=0.00255711795762 distance_loss=0.348184853792
Iteration 9 of 100: loss=0.36004242301 object_loss=0.00772211141884 distance_loss=0.352320313454
Iteration 10 of 100: loss=0.362186402082 object_loss=0.0057475194335 distance_loss=0.356438875198
Iteration 11 of 100: loss=0.383018642664 object_loss=0.0232309494168 distance_loss=0.35978770256
Iteration 12 of 100: loss=0.420291870832 object_loss=0.0575540699065 distance_loss=0.362737804651
Iteration 13 of 100: loss=0.437402784824 object_loss=0.0711748301983 distance_loss=0.366227954626
Iteration 14 of 100: loss=0.543807864189 object_loss=0.174410641193 distance_loss=0.369397193193
Iteration 15 of 100: loss=0.414313793182 object_loss=0.0415435358882 distance_loss=0.372770249844
Iteration 16 of 100: loss=0.386398375034 object_loss=0.0103005785495 distance_loss=0.376097798347
Iteration 17 of 100: loss=0.385944515467 object_loss=0.00667487038299 distance_loss=0.379269659519
Iteration 18 of 100: loss=0.387484431267 object_loss=0.00516698695719 distance_loss=0.382317453623
Iteration 19 of 100: loss=0.39536178112 object_loss=0.0103328470141 distance_loss=0.385028928518
Iteration 20 of 100: loss=0.397659569979 object_loss=0.0105460081249 distance_loss=0.387113571167
Iteration 21 of 100: loss=0.396762907505 object_loss=0.00780785176903 distance_loss=0.388955056667
Iteration 22 of 100: loss=0.414262712002 object_loss=0.0232806075364 distance_loss=0.390982091427
Iteration 23 of 100: loss=0.433196425438 object_loss=0.0405414775014 distance_loss=0.392654955387
Iteration 24 of 100: loss=0.400238066912 object_loss=0.0066801449284 distance_loss=0.393557935953
Iteration 25 of 100: loss=0.412189722061 object_loss=0.0169718079269 distance_loss=0.39521792531
Iteration 26 of 100: loss=0.443006247282 object_loss=0.046394534409 distance_loss=0.396611720324
Iteration 27 of 100: loss=0.593464016914 object_loss=0.195544689894 distance_loss=0.397919297218
Iteration 28 of 100: loss=0.433519899845 object_loss=0.0338266640902 distance_loss=0.399693220854
Iteration 29 of 100: loss=0.584079504013 object_loss=0.182929262519 distance_loss=0.401150226593
Iteration 30 of 100: loss=0.413884311914 object_loss=0.00965618807822 distance_loss=0.404228121042
Iteration 31 of 100: loss=0.441954404116 object_loss=0.0345663167536 distance_loss=0.407388091087
Iteration 32 of 100: loss=0.438686430454 object_loss=0.0288188308477 distance_loss=0.409867584705
Iteration 33 of 100: loss=0.418216437101 object_loss=0.00513674039394 distance_loss=0.413079708815
Iteration 34 of 100: loss=0.419457912445 object_loss=0.00331978290342 distance_loss=0.416138142347
Iteration 35 of 100: loss=0.427408635616 object_loss=0.00865557789803 distance_loss=0.418753057718
Iteration 36 of 100: loss=0.426713109016 object_loss=0.00573617545888 distance_loss=0.420976936817
Iteration 37 of 100: loss=0.435173422098 object_loss=0.0122387595475 distance_loss=0.422934651375
Iteration 38 of 100: loss=0.428464621305 object_loss=0.00361649272963 distance_loss=0.424848139286
Iteration 39 of 100: loss=0.432224541903 object_loss=0.00570761412382 distance_loss=0.426516920328
Iteration 40 of 100: loss=0.432771235704 object_loss=0.00498002860695 distance_loss=0.427791208029
Iteration 41 of 100: loss=0.438326567411 object_loss=0.00953136943281 distance_loss=0.428795188665
Iteration 42 of 100: loss=0.43733549118 object_loss=0.00744530651718 distance_loss=0.429890185595
Iteration 43 of 100: loss=0.435945689678 object_loss=0.00501514645293 distance_loss=0.430930554867
Iteration 44 of 100: loss=0.483161866665 object_loss=0.0515975095332 distance_loss=0.431564360857
Iteration 45 of 100: loss=0.448247253895 object_loss=0.0150931552052 distance_loss=0.43315410614
Iteration 46 of 100: loss=0.457523018122 object_loss=0.0228845514357 distance_loss=0.434638470411
Iteration 47 of 100: loss=0.471467673779 object_loss=0.0349680110812 distance_loss=0.436499655247
Iteration 48 of 100: loss=0.466011732817 object_loss=0.0270648375154 distance_loss=0.438946902752
Iteration 49 of 100: loss=0.453832775354 object_loss=0.0128311095759 distance_loss=0.441001653671
Iteration 50 of 100: loss=0.495769232512 object_loss=0.052943199873 distance_loss=0.442826032639
Iteration 51 of 100: loss=0.486454278231 object_loss=0.0418955571949 distance_loss=0.44455870986
Iteration 52 of 100: loss=0.465559870005 object_loss=0.019945692271 distance_loss=0.44561418891
Iteration 53 of 100: loss=0.462428182364 object_loss=0.0156846251339 distance_loss=0.446743547916
Iteration 54 of 100: loss=0.453016757965 object_loss=0.00553919794038 distance_loss=0.447477549314
Iteration 55 of 100: loss=0.452668100595 object_loss=0.00438154535368 distance_loss=0.448286563158
Iteration 56 of 100: loss=0.454900950193 object_loss=0.00618685502559 distance_loss=0.448714107275
Iteration 57 of 100: loss=0.452685803175 object_loss=0.00328913610429 distance_loss=0.449396669865
Iteration 58 of 100: loss=0.463655382395 object_loss=0.0138492397964 distance_loss=0.449806153774
Iteration 59 of 100: loss=0.470116704702 object_loss=0.0199667476118 distance_loss=0.450149953365
Iteration 60 of 100: loss=0.458762466908 object_loss=0.00797083228827 distance_loss=0.450791627169
Iteration 61 of 100: loss=0.45851290226 object_loss=0.00721913948655 distance_loss=0.451293766499
Iteration 62 of 100: loss=0.475965797901 object_loss=0.0245128367096 distance_loss=0.451452970505
Iteration 63 of 100: loss=0.474808305502 object_loss=0.0233052782714 distance_loss=0.451503038406
Iteration 64 of 100: loss=0.504571974277 object_loss=0.053334351629 distance_loss=0.451237618923
Iteration 65 of 100: loss=0.461381465197 object_loss=0.00881733093411 distance_loss=0.452564120293
Iteration 66 of 100: loss=0.465151071548 object_loss=0.0112153561786 distance_loss=0.453935712576
Iteration 67 of 100: loss=0.465658843517 object_loss=0.0107331108302 distance_loss=0.454925745726
Iteration 68 of 100: loss=0.485274881124 object_loss=0.0301233492792 distance_loss=0.45515152812
Iteration 69 of 100: loss=0.460885971785 object_loss=0.0055328104645 distance_loss=0.455353170633
Iteration 70 of 100: loss=0.466672122478 object_loss=0.0108085321262 distance_loss=0.455863595009
Iteration 71 of 100: loss=0.479505807161 object_loss=0.022787194699 distance_loss=0.456718623638
Iteration 72 of 100: loss=0.464877903461 object_loss=0.00760369328782 distance_loss=0.457274198532
Iteration 73 of 100: loss=0.47047573328 object_loss=0.0124238664284 distance_loss=0.458051860332
Iteration 74 of 100: loss=0.474204778671 object_loss=0.015612562187 distance_loss=0.45859220624
Iteration 75 of 100: loss=0.464582026005 object_loss=0.00538183236495 distance_loss=0.459200203419
Iteration 76 of 100: loss=0.463006496429 object_loss=0.00333553203382 distance_loss=0.459670960903
Iteration 77 of 100: loss=0.466859102249 object_loss=0.00678253080696 distance_loss=0.460076570511
Iteration 78 of 100: loss=0.466428518295 object_loss=0.00581358373165 distance_loss=0.460614949465
Iteration 79 of 100: loss=0.468976944685 object_loss=0.00771500729024 distance_loss=0.461261928082
Iteration 80 of 100: loss=0.46400269866 object_loss=0.00272152060643 distance_loss=0.461281180382
Iteration 81 of 100: loss=0.464781463146 object_loss=0.00359030719846 distance_loss=0.461191147566
Iteration 82 of 100: loss=0.464031398296 object_loss=0.00278407963924 distance_loss=0.461247324944
Iteration 83 of 100: loss=0.466328889132 object_loss=0.00521618081257 distance_loss=0.461112707853
Iteration 84 of 100: loss=0.465736538172 object_loss=0.00487940292805 distance_loss=0.460857123137
Iteration 85 of 100: loss=0.467073529959 object_loss=0.0066484506242 distance_loss=0.460425078869
Iteration 86 of 100: loss=0.467122703791 object_loss=0.00719665456563 distance_loss=0.45992603898
Iteration 87 of 100: loss=0.462954968214 object_loss=0.00367111107334 distance_loss=0.459283858538
Iteration 88 of 100: loss=0.465041548014 object_loss=0.00653641531244 distance_loss=0.458505123854
Iteration 89 of 100: loss=0.461695581675 object_loss=0.00392161915079 distance_loss=0.457773953676
Iteration 90 of 100: loss=0.466482937336 object_loss=0.00930446386337 distance_loss=0.457178473473
Iteration 91 of 100: loss=0.490087032318 object_loss=0.0335176363587 distance_loss=0.45656940341
Iteration 92 of 100: loss=0.461837172508 object_loss=0.00669970456511 distance_loss=0.455137461424
Iteration 93 of 100: loss=0.45894947648 object_loss=0.00472879875451 distance_loss=0.454220682383
Iteration 94 of 100: loss=0.456962108612 object_loss=0.00319498265162 distance_loss=0.453767120838
Iteration 95 of 100: loss=0.457424134016 object_loss=0.00434538861737 distance_loss=0.453078746796
Iteration 96 of 100: loss=0.454274713993 object_loss=0.00198812526651 distance_loss=0.452286601067
Iteration 97 of 100: loss=0.455491423607 object_loss=0.003593060188 distance_loss=0.451898366213
Iteration 98 of 100: loss=0.453992486 object_loss=0.00294595840387 distance_loss=0.451046526432
Iteration 99 of 100: loss=0.458181321621 object_loss=0.00781489815563 distance_loss=0.450366437435
Iteration 0 of 100: loss=0.458613663912 object_loss=0.00870833173394 distance_loss=0.449905335903
Iteration 1 of 100: loss=0.46422547102 object_loss=0.0148860644549 distance_loss=0.449339419603
Iteration 2 of 100: loss=0.454566061497 object_loss=0.00542810466141 distance_loss=0.449137955904
Iteration 3 of 100: loss=0.456871449947 object_loss=0.00803817436099 distance_loss=0.448833286762
Iteration 4 of 100: loss=0.458391577005 object_loss=0.0100520327687 distance_loss=0.448339551687
Iteration 5 of 100: loss=0.460043370724 object_loss=0.01202317141 distance_loss=0.448020190001
Iteration 6 of 100: loss=0.454775601625 object_loss=0.00703450897709 distance_loss=0.447741091251
Iteration 7 of 100: loss=0.454334676266 object_loss=0.00726077053696 distance_loss=0.44707390666
Iteration 8 of 100: loss=0.458594858646 object_loss=0.0118080042303 distance_loss=0.446786850691
Iteration 9 of 100: loss=0.45157545805 object_loss=0.00486704334617 distance_loss=0.446708410978
Iteration 10 of 100: loss=0.449098825455 object_loss=0.00271165301092 distance_loss=0.446387171745
Iteration 11 of 100: loss=0.449913114309 object_loss=0.00378039246425 distance_loss=0.446132719517
Iteration 12 of 100: loss=0.449213951826 object_loss=0.00359957991168 distance_loss=0.445614367723
Iteration 13 of 100: loss=0.447598189116 object_loss=0.00240075937472 distance_loss=0.445197433233
Iteration 14 of 100: loss=0.446855008602 object_loss=0.00213120109402 distance_loss=0.444723814726
Iteration 15 of 100: loss=0.446543306112 object_loss=0.00241547869518 distance_loss=0.444127827883
Iteration 16 of 100: loss=0.444579988718 object_loss=0.00147624593228 distance_loss=0.443103730679
Iteration 17 of 100: loss=0.447581887245 object_loss=0.00532701006159 distance_loss=0.44225487113
Iteration 18 of 100: loss=0.443099409342 object_loss=0.00145212328061 distance_loss=0.441647291183
Iteration 19 of 100: loss=0.442915856838 object_loss=0.00200187158771 distance_loss=0.440913975239
Iteration 20 of 100: loss=0.44188067317 object_loss=0.0016474914737 distance_loss=0.440233170986
Iteration 21 of 100: loss=0.444073021412 object_loss=0.0046637840569 distance_loss=0.439409226179
Iteration 22 of 100: loss=0.44165289402 object_loss=0.00316016073339 distance_loss=0.438492745161
Iteration 23 of 100: loss=0.440660446882 object_loss=0.00287276133895 distance_loss=0.437787681818
Iteration 24 of 100: loss=0.440729022026 object_loss=0.00366132683121 distance_loss=0.437067687511
Iteration 25 of 100: loss=0.442109525204 object_loss=0.00579472491518 distance_loss=0.436314791441
Iteration 26 of 100: loss=0.441799640656 object_loss=0.00626046955585 distance_loss=0.435539186001
Iteration 27 of 100: loss=0.439159095287 object_loss=0.00426929071546 distance_loss=0.434889793396
Iteration 28 of 100: loss=0.439017742872 object_loss=0.00520006427541 distance_loss=0.43381768465
Iteration 29 of 100: loss=0.436792343855 object_loss=0.00353304948658 distance_loss=0.433259308338
Iteration 30 of 100: loss=0.442817747593 object_loss=0.0103607662022 distance_loss=0.432456970215
Iteration 31 of 100: loss=0.434142649174 object_loss=0.00271949358284 distance_loss=0.431423157454
Iteration 32 of 100: loss=0.433893769979 object_loss=0.00355755537748 distance_loss=0.430336207151
Iteration 33 of 100: loss=0.437033414841 object_loss=0.00737291295081 distance_loss=0.429660499096
Iteration 34 of 100: loss=0.435876011848 object_loss=0.00672477018088 distance_loss=0.429151237011
Iteration 35 of 100: loss=0.436818212271 object_loss=0.00835401751101 distance_loss=0.428464204073
Iteration 36 of 100: loss=0.443141043186 object_loss=0.0154137043282 distance_loss=0.427727341652
Iteration 37 of 100: loss=0.434165179729 object_loss=0.00719602871686 distance_loss=0.426969140768
Iteration 38 of 100: loss=0.434854179621 object_loss=0.00857040286064 distance_loss=0.42628377676
Iteration 39 of 100: loss=0.431982249022 object_loss=0.00646447204053 distance_loss=0.425517767668
Iteration 40 of 100: loss=0.42854693532 object_loss=0.0038838731125 distance_loss=0.424663066864
Iteration 41 of 100: loss=0.42753097415 object_loss=0.00375382858329 distance_loss=0.423777133226
Iteration 42 of 100: loss=0.432161927223 object_loss=0.00913148000836 distance_loss=0.423030436039
Iteration 43 of 100: loss=0.435328841209 object_loss=0.0130751756951 distance_loss=0.422253668308
Iteration 44 of 100: loss=0.429413259029 object_loss=0.00794967636466 distance_loss=0.421463578939
Iteration 45 of 100: loss=0.426865696907 object_loss=0.00599764660001 distance_loss=0.420868039131
Iteration 46 of 100: loss=0.436469465494 object_loss=0.0160436108708 distance_loss=0.420425862074
Iteration 47 of 100: loss=0.427757620811 object_loss=0.00791085325181 distance_loss=0.419846773148
Iteration 48 of 100: loss=0.42611733079 object_loss=0.00677570095286 distance_loss=0.419341623783
Iteration 49 of 100: loss=0.422874778509 object_loss=0.00408395007253 distance_loss=0.418790817261
Iteration 50 of 100: loss=0.434119552374 object_loss=0.0155832841992 distance_loss=0.418536275625
Iteration 51 of 100: loss=0.42202013731 object_loss=0.00335367349908 distance_loss=0.418666452169
Iteration 52 of 100: loss=0.420758754015 object_loss=0.00272549712099 distance_loss=0.418033242226
Iteration 53 of 100: loss=0.422458201647 object_loss=0.00448162015527 distance_loss=0.417976588011
Iteration 54 of 100: loss=0.422038257122 object_loss=0.00416629295796 distance_loss=0.417871952057
Iteration 55 of 100: loss=0.422367691994 object_loss=0.00460486626253 distance_loss=0.417762815952
Iteration 56 of 100: loss=0.424079209566 object_loss=0.00649862643331 distance_loss=0.417580574751
Iteration 57 of 100: loss=0.427473396063 object_loss=0.0101074371487 distance_loss=0.417365968227
Iteration 58 of 100: loss=0.427185297012 object_loss=0.00990435387939 distance_loss=0.417280942202
Iteration 59 of 100: loss=0.425533294678 object_loss=0.00833284761757 distance_loss=0.417200446129
Iteration 60 of 100: loss=0.427879720926 object_loss=0.0107297562063 distance_loss=0.417149960995
Iteration 61 of 100: loss=0.428253263235 object_loss=0.0115495370701 distance_loss=0.416703730822
Iteration 62 of 100: loss=0.429675936699 object_loss=0.0134550705552 distance_loss=0.416220873594
Iteration 63 of 100: loss=0.429286658764 object_loss=0.0134854800999 distance_loss=0.415801167488
Iteration 64 of 100: loss=0.433216571808 object_loss=0.017898157239 distance_loss=0.41531842947
Iteration 65 of 100: loss=0.421147286892 object_loss=0.00592755945399 distance_loss=0.415219724178
Iteration 66 of 100: loss=0.425020903349 object_loss=0.00982050783932 distance_loss=0.415200382471
Iteration 67 of 100: loss=0.420387357473 object_loss=0.00537578668445 distance_loss=0.415011584759
Iteration 68 of 100: loss=0.418423950672 object_loss=0.00341479387134 distance_loss=0.415009170771
Iteration 69 of 100: loss=0.424620121717 object_loss=0.00957196578383 distance_loss=0.415048152208
Iteration 70 of 100: loss=0.422613978386 object_loss=0.00759629439563 distance_loss=0.415017694235
Iteration 71 of 100: loss=0.425732493401 object_loss=0.0109446505085 distance_loss=0.414787828922
Iteration 72 of 100: loss=0.423837065697 object_loss=0.00969649851322 distance_loss=0.414140582085
Iteration 73 of 100: loss=0.603731811047 object_loss=0.190076813102 distance_loss=0.413655012846
Iteration 74 of 100: loss=0.477220654488 object_loss=0.0626218393445 distance_loss=0.414598822594
Iteration 75 of 100: loss=0.438940227032 object_loss=0.0232686549425 distance_loss=0.41567158699
Iteration 76 of 100: loss=0.453330725431 object_loss=0.0367068722844 distance_loss=0.416623860598
Iteration 77 of 100: loss=0.52422952652 object_loss=0.106256753206 distance_loss=0.417972773314
Iteration 78 of 100: loss=0.439194351435 object_loss=0.019560592249 distance_loss=0.419633746147
Iteration 79 of 100: loss=0.438241958618 object_loss=0.0173033270985 distance_loss=0.420938640833
Iteration 80 of 100: loss=0.439132452011 object_loss=0.016917295754 distance_loss=0.422215163708
Iteration 81 of 100: loss=0.427591919899 object_loss=0.00389323942363 distance_loss=0.423698693514
Iteration 82 of 100: loss=0.442221641541 object_loss=0.0175781846046 distance_loss=0.424643456936
Iteration 83 of 100: loss=0.437796384096 object_loss=0.0119591960683 distance_loss=0.425837188959
Iteration 84 of 100: loss=0.441868424416 object_loss=0.0146682159975 distance_loss=0.427200198174
Iteration 85 of 100: loss=0.442669123411 object_loss=0.0135992951691 distance_loss=0.429069817066
Iteration 86 of 100: loss=0.470632612705 object_loss=0.039640147239 distance_loss=0.43099245429
Iteration 87 of 100: loss=0.54353582859 object_loss=0.110067516565 distance_loss=0.433468312025
Iteration 88 of 100: loss=0.482059508562 object_loss=0.0468009412289 distance_loss=0.435258567333
Iteration 89 of 100: loss=0.459085464478 object_loss=0.0216785036027 distance_loss=0.43740695715
Iteration 90 of 100: loss=0.473956733942 object_loss=0.0346758253872 distance_loss=0.439280897379
Iteration 91 of 100: loss=0.455545336008 object_loss=0.0145447012037 distance_loss=0.441000640392
Iteration 92 of 100: loss=0.478787750006 object_loss=0.0365720689297 distance_loss=0.442215681076
Iteration 93 of 100: loss=0.540030837059 object_loss=0.0964586287737 distance_loss=0.443572223186
Iteration 94 of 100: loss=0.47491762042 object_loss=0.0294721536338 distance_loss=0.445445477962
Iteration 95 of 100: loss=0.455928862095 object_loss=0.00856655929238 distance_loss=0.447362303734
Iteration 96 of 100: loss=0.460599571466 object_loss=0.0114989895374 distance_loss=0.449100583792
Iteration 97 of 100: loss=0.470492005348 object_loss=0.0201547611505 distance_loss=0.450337231159
Iteration 98 of 100: loss=0.500018239021 object_loss=0.048374094069 distance_loss=0.451644122601
Iteration 99 of 100: loss=0.497831940651 object_loss=0.04532809183 distance_loss=0.452503859997
Iteration 0 of 100: loss=0.539011538029 object_loss=0.0863795131445 distance_loss=0.452632039785
Iteration 1 of 100: loss=0.761803686619 object_loss=0.308696836233 distance_loss=0.453106850386
Iteration 2 of 100: loss=0.478079497814 object_loss=0.0229156762362 distance_loss=0.455163836479
Iteration 3 of 100: loss=0.467589169741 object_loss=0.0107474513352 distance_loss=0.45684170723
Iteration 4 of 100: loss=0.468242317438 object_loss=0.009835511446 distance_loss=0.458406805992
Iteration 5 of 100: loss=0.475482314825 object_loss=0.015883449465 distance_loss=0.459598869085
Iteration 6 of 100: loss=0.491685837507 object_loss=0.0306721366942 distance_loss=0.461013704538
Iteration 7 of 100: loss=0.476797163486 object_loss=0.0145144127309 distance_loss=0.46228274703
Iteration 8 of 100: loss=0.478522360325 object_loss=0.015214570798 distance_loss=0.463307797909
Iteration 9 of 100: loss=0.476585924625 object_loss=0.011390497908 distance_loss=0.465195417404
Iteration 10 of 100: loss=0.479387283325 object_loss=0.012162392959 distance_loss=0.467224895954
Iteration 11 of 100: loss=0.480836093426 object_loss=0.0117432018742 distance_loss=0.469092905521
Iteration 12 of 100: loss=0.491222202778 object_loss=0.0212033689022 distance_loss=0.470018833876
Iteration 13 of 100: loss=0.54212230444 object_loss=0.070081576705 distance_loss=0.472040712833
Iteration 14 of 100: loss=0.501280248165 object_loss=0.0269763097167 distance_loss=0.4743039608
Iteration 15 of 100: loss=0.479934543371 object_loss=0.00357928103767 distance_loss=0.47635525465
Iteration 16 of 100: loss=0.487589120865 object_loss=0.00934983883053 distance_loss=0.478239268064
Iteration 17 of 100: loss=0.494245260954 object_loss=0.0142022268847 distance_loss=0.480043023825
Iteration 18 of 100: loss=0.528656840324 object_loss=0.0469465553761 distance_loss=0.481710284948
Iteration 19 of 100: loss=1.03325271606 object_loss=0.550396621227 distance_loss=0.482856065035
Iteration 20 of 100: loss=0.555250704288 object_loss=0.0708058550954 distance_loss=0.484444826841
Iteration 21 of 100: loss=0.49512436986 object_loss=0.00846133939922 distance_loss=0.486663043499
Iteration 22 of 100: loss=0.49194046855 object_loss=0.00324548990466 distance_loss=0.488694965839
Iteration 23 of 100: loss=0.49690836668 object_loss=0.0061954096891 distance_loss=0.490712970495
Iteration 24 of 100: loss=0.497131288052 object_loss=0.00464138900861 distance_loss=0.492489904165
Iteration 25 of 100: loss=0.500548362732 object_loss=0.00644340831786 distance_loss=0.49410495162
Iteration 26 of 100: loss=0.498988687992 object_loss=0.00342448381707 distance_loss=0.495564192533
Iteration 27 of 100: loss=0.506698191166 object_loss=0.0100159356371 distance_loss=0.496682226658
Iteration 28 of 100: loss=0.532058000565 object_loss=0.0346093252301 distance_loss=0.497448682785
Iteration 29 of 100: loss=0.514024555683 object_loss=0.0155539475381 distance_loss=0.498470634222
Iteration 30 of 100: loss=0.507323622704 object_loss=0.00792493112385 distance_loss=0.499398678541
Iteration 31 of 100: loss=0.50866830349 object_loss=0.00836921576411 distance_loss=0.500299096107
Iteration 32 of 100: loss=0.504891037941 object_loss=0.00407864525914 distance_loss=0.500812411308
Iteration 33 of 100: loss=0.510850727558 object_loss=0.0094307847321 distance_loss=0.501419961452
Iteration 34 of 100: loss=0.508808135986 object_loss=0.00698972865939 distance_loss=0.501818418503
Iteration 35 of 100: loss=0.504574418068 object_loss=0.00245595281012 distance_loss=0.502118468285
Iteration 36 of 100: loss=0.507264375687 object_loss=0.00525307003409 distance_loss=0.502011299133
Iteration 37 of 100: loss=0.508772373199 object_loss=0.00693289842457 distance_loss=0.501839458942
Iteration 38 of 100: loss=0.514590144157 object_loss=0.012951169163 distance_loss=0.501638948917
Iteration 39 of 100: loss=0.507432878017 object_loss=0.0060145733878 distance_loss=0.501418292522
Iteration 40 of 100: loss=0.504216611385 object_loss=0.00308574503288 distance_loss=0.501130878925
Iteration 41 of 100: loss=0.502473592758 object_loss=0.00154198508244 distance_loss=0.500931620598
Iteration 42 of 100: loss=0.504794895649 object_loss=0.00434454763308 distance_loss=0.500450372696
Iteration 43 of 100: loss=0.503082275391 object_loss=0.00298569560982 distance_loss=0.500096559525
Iteration 44 of 100: loss=0.502030789852 object_loss=0.00225323578343 distance_loss=0.499777525663
Iteration 45 of 100: loss=0.501676261425 object_loss=0.00215424597263 distance_loss=0.499522000551
Iteration 46 of 100: loss=0.500687241554 object_loss=0.00161691964604 distance_loss=0.499070346355
Iteration 47 of 100: loss=0.505793690681 object_loss=0.00730993971229 distance_loss=0.498483777046
Iteration 48 of 100: loss=0.499689698219 object_loss=0.00217352760956 distance_loss=0.497516185045
Iteration 49 of 100: loss=0.50054615736 object_loss=0.00356603600085 distance_loss=0.49698010087
Iteration 50 of 100: loss=0.505896806717 object_loss=0.00933583732694 distance_loss=0.49656099081
Iteration 51 of 100: loss=0.50186496973 object_loss=0.00616313703358 distance_loss=0.495701819658
Iteration 52 of 100: loss=0.506039023399 object_loss=0.0111453337595 distance_loss=0.494893670082
Iteration 53 of 100: loss=0.498315185308 object_loss=0.00375221204013 distance_loss=0.494562983513
Iteration 54 of 100: loss=0.498983472586 object_loss=0.00500742997974 distance_loss=0.493976056576
Iteration 55 of 100: loss=0.495914787054 object_loss=0.00261135981418 distance_loss=0.493303418159
Iteration 56 of 100: loss=0.49530801177 object_loss=0.00297224521637 distance_loss=0.492335766554
Iteration 57 of 100: loss=0.493672460318 object_loss=0.00227197539061 distance_loss=0.49140048027
Iteration 58 of 100: loss=0.494017422199 object_loss=0.0033521859441 distance_loss=0.490665227175
Iteration 59 of 100: loss=0.495599269867 object_loss=0.0055252769962 distance_loss=0.490073978901
Iteration 60 of 100: loss=0.490607053041 object_loss=0.00155502872076 distance_loss=0.489052027464
Iteration 61 of 100: loss=0.491312146187 object_loss=0.00312798190862 distance_loss=0.488184154034
Iteration 62 of 100: loss=0.489689826965 object_loss=0.00221255724318 distance_loss=0.487477272749
Iteration 63 of 100: loss=0.490470707417 object_loss=0.00376999075525 distance_loss=0.486700713634
Iteration 64 of 100: loss=0.488293617964 object_loss=0.00237113377079 distance_loss=0.48592248559
Iteration 65 of 100: loss=0.488464891911 object_loss=0.00333664193749 distance_loss=0.485128253698
Iteration 66 of 100: loss=0.488272339106 object_loss=0.00414110254496 distance_loss=0.484131246805
Iteration 67 of 100: loss=0.492148369551 object_loss=0.0090375514701 distance_loss=0.483110815287
Iteration 68 of 100: loss=0.490195930004 object_loss=0.00798632204533 distance_loss=0.48220962286
Iteration 69 of 100: loss=0.48970708251 object_loss=0.00817501544952 distance_loss=0.48153206706
Iteration 70 of 100: loss=0.503320097923 object_loss=0.0223306715488 distance_loss=0.480989456177
Iteration 71 of 100: loss=0.48709872365 object_loss=0.00661040749401 distance_loss=0.480488330126
Iteration 72 of 100: loss=0.481234699488 object_loss=0.00160086178221 distance_loss=0.479633837938
Iteration 73 of 100: loss=0.480625838041 object_loss=0.0013329932699 distance_loss=0.479292839766
Iteration 74 of 100: loss=0.480252921581 object_loss=0.00137450813781 distance_loss=0.47887840867
Iteration 75 of 100: loss=0.480894654989 object_loss=0.0025910588447 distance_loss=0.478303581476
Iteration 76 of 100: loss=0.486152976751 object_loss=0.00850584544241 distance_loss=0.477647125721
Iteration 77 of 100: loss=0.496565431356 object_loss=0.0192701406777 distance_loss=0.477295279503
Iteration 78 of 100: loss=0.544441878796 object_loss=0.0675740540028 distance_loss=0.476867824793
Iteration 79 of 100: loss=0.526322484016 object_loss=0.0492866486311 distance_loss=0.477035820484
Iteration 80 of 100: loss=0.486585527658 object_loss=0.00937381666154 distance_loss=0.477211713791
Iteration 81 of 100: loss=0.505095243454 object_loss=0.0279031060636 distance_loss=0.477192163467
Iteration 82 of 100: loss=0.498365372419 object_loss=0.0211470760405 distance_loss=0.477218300104
Iteration 83 of 100: loss=0.4997600317 object_loss=0.0223425086588 distance_loss=0.477417528629
Iteration 84 of 100: loss=0.488908171654 object_loss=0.0111759752035 distance_loss=0.477732211351
Iteration 85 of 100: loss=0.481421172619 object_loss=0.00333242118359 distance_loss=0.478088736534
Iteration 86 of 100: loss=0.501304447651 object_loss=0.0226397998631 distance_loss=0.478664636612
Iteration 87 of 100: loss=0.483988702297 object_loss=0.00505410227925 distance_loss=0.478934586048
Iteration 88 of 100: loss=0.493241578341 object_loss=0.0141574060544 distance_loss=0.479084163904
Iteration 89 of 100: loss=0.497497290373 object_loss=0.0179136805236 distance_loss=0.479583621025
Iteration 90 of 100: loss=0.490344136953 object_loss=0.00979581195861 distance_loss=0.480548322201
Iteration 91 of 100: loss=0.49646371603 object_loss=0.0152464378625 distance_loss=0.481217265129
Iteration 92 of 100: loss=0.490480422974 object_loss=0.00912636704743 distance_loss=0.481354057789
Iteration 93 of 100: loss=0.513210535049 object_loss=0.0314345471561 distance_loss=0.481775969267
Iteration 94 of 100: loss=0.490877568722 object_loss=0.008420355618 distance_loss=0.482457220554
Iteration 95 of 100: loss=0.495894879103 object_loss=0.012811601162 distance_loss=0.483083277941
Iteration 96 of 100: loss=0.486182242632 object_loss=0.00334965926595 distance_loss=0.482832580805
Iteration 97 of 100: loss=0.485786944628 object_loss=0.00298712891527 distance_loss=0.482799828053
Iteration 98 of 100: loss=0.484899431467 object_loss=0.00239871488884 distance_loss=0.482500702143
Iteration 99 of 100: loss=0.48461869359 object_loss=0.00236644875258 distance_loss=0.482252240181
Iteration 0 of 100: loss=0.484378546476 object_loss=0.00256393873133 distance_loss=0.481814593077
Iteration 1 of 100: loss=0.486333250999 object_loss=0.00511399609968 distance_loss=0.481219261885
Iteration 2 of 100: loss=0.483010262251 object_loss=0.00229468476027 distance_loss=0.480715572834
Iteration 3 of 100: loss=0.482447743416 object_loss=0.00241786846891 distance_loss=0.480029881001
Iteration 4 of 100: loss=0.482234060764 object_loss=0.0029545982834 distance_loss=0.479279458523
Iteration 5 of 100: loss=0.482176542282 object_loss=0.00357315549627 distance_loss=0.478603392839
Iteration 6 of 100: loss=0.48110088706 object_loss=0.00313296797685 distance_loss=0.477967917919
Iteration 7 of 100: loss=0.485283702612 object_loss=0.00822633225471 distance_loss=0.477057367563
Iteration 8 of 100: loss=0.487782776356 object_loss=0.0117597598583 distance_loss=0.47602301836
Iteration 9 of 100: loss=0.486642181873 object_loss=0.0113541958854 distance_loss=0.475287973881
Iteration 10 of 100: loss=0.486344158649 object_loss=0.0115561410785 distance_loss=0.47478801012
Iteration 11 of 100: loss=0.487054407597 object_loss=0.0127051239833 distance_loss=0.474349290133
Iteration 12 of 100: loss=0.482943803072 object_loss=0.00901680253446 distance_loss=0.473926991224
Iteration 13 of 100: loss=0.481525421143 object_loss=0.00761495437473 distance_loss=0.473910480738
Iteration 14 of 100: loss=0.482691347599 object_loss=0.00898320879787 distance_loss=0.473708152771
Iteration 15 of 100: loss=0.495702803135 object_loss=0.0224258117378 distance_loss=0.473277002573
Iteration 16 of 100: loss=0.483715057373 object_loss=0.0109790125862 distance_loss=0.472736030817
Iteration 17 of 100: loss=0.48851069808 object_loss=0.0162259470671 distance_loss=0.472284764051
Iteration 18 of 100: loss=0.477194279432 object_loss=0.0052515398711 distance_loss=0.4719427526
Iteration 19 of 100: loss=0.482547968626 object_loss=0.0108393356204 distance_loss=0.471708625555
Iteration 20 of 100: loss=0.479154914618 object_loss=0.00811265036464 distance_loss=0.471042275429
Iteration 21 of 100: loss=0.479506015778 object_loss=0.0087738642469 distance_loss=0.470732152462
Iteration 22 of 100: loss=0.482999563217 object_loss=0.0126120289788 distance_loss=0.470387548208
Iteration 23 of 100: loss=0.482961922884 object_loss=0.0128077734262 distance_loss=0.470154136419
Iteration 24 of 100: loss=0.477174073458 object_loss=0.00734682148322 distance_loss=0.469827264547
Iteration 25 of 100: loss=0.474754154682 object_loss=0.00527975102887 distance_loss=0.46947440505
Iteration 26 of 100: loss=0.475755482912 object_loss=0.00680239824578 distance_loss=0.468953073025
Iteration 27 of 100: loss=0.474155217409 object_loss=0.00552089000121 distance_loss=0.468634337187
Iteration 28 of 100: loss=0.475115299225 object_loss=0.00671667605639 distance_loss=0.468398630619
Iteration 29 of 100: loss=0.477373838425 object_loss=0.00933264289051 distance_loss=0.468041181564
Iteration 30 of 100: loss=0.475579053164 object_loss=0.00757499458268 distance_loss=0.468004047871
Iteration 31 of 100: loss=0.473310172558 object_loss=0.00541234808043 distance_loss=0.467897832394
Iteration 32 of 100: loss=0.475876539946 object_loss=0.00881601776928 distance_loss=0.467060536146
Iteration 33 of 100: loss=0.471890866756 object_loss=0.00490117073059 distance_loss=0.466989696026
Iteration 34 of 100: loss=0.472523570061 object_loss=0.00574779789895 distance_loss=0.466775774956
Iteration 35 of 100: loss=0.470122635365 object_loss=0.00377750466578 distance_loss=0.466345131397
Iteration 36 of 100: loss=0.470303446054 object_loss=0.00448781950399 distance_loss=0.465815633535
Iteration 37 of 100: loss=0.468415796757 object_loss=0.00326534523629 distance_loss=0.4651504457
Iteration 38 of 100: loss=0.467303663492 object_loss=0.00266727851704 distance_loss=0.464636385441
Iteration 39 of 100: loss=0.467917025089 object_loss=0.00369347375818 distance_loss=0.464223563671
Iteration 40 of 100: loss=0.468764424324 object_loss=0.00507872737944 distance_loss=0.463685691357
Iteration 41 of 100: loss=0.467406094074 object_loss=0.00471832137555 distance_loss=0.462687760592
Iteration 42 of 100: loss=0.465482622385 object_loss=0.00340077793226 distance_loss=0.462081849575
Iteration 43 of 100: loss=0.464070409536 object_loss=0.00246890843846 distance_loss=0.461601495743
Iteration 44 of 100: loss=0.463379114866 object_loss=0.00282800593413 distance_loss=0.46055111289
Iteration 45 of 100: loss=0.462666720152 object_loss=0.00287209218368 distance_loss=0.459794640541
Iteration 46 of 100: loss=0.46331140399 object_loss=0.00402212655172 distance_loss=0.45928928256
Iteration 47 of 100: loss=0.461862623692 object_loss=0.00328804901801 distance_loss=0.458574563265
Iteration 48 of 100: loss=0.460304677486 object_loss=0.00256936741062 distance_loss=0.457735300064
Iteration 49 of 100: loss=0.459917068481 object_loss=0.00286731659435 distance_loss=0.457049757242
Iteration 50 of 100: loss=0.458929181099 object_loss=0.00264376099221 distance_loss=0.45628541708
Iteration 51 of 100: loss=0.458848744631 object_loss=0.00322812353261 distance_loss=0.455620616674
Iteration 52 of 100: loss=0.457339376211 object_loss=0.00261908536777 distance_loss=0.454720288515
Iteration 53 of 100: loss=0.458278268576 object_loss=0.00412357691675 distance_loss=0.454154700041
Iteration 54 of 100: loss=0.455239057541 object_loss=0.00183597626165 distance_loss=0.45340308547
Iteration 55 of 100: loss=0.454190552235 object_loss=0.00172669359017 distance_loss=0.45246386528
Iteration 56 of 100: loss=0.453109234571 object_loss=0.00186639372259 distance_loss=0.45124283433
Iteration 57 of 100: loss=0.45294636488 object_loss=0.00251216487959 distance_loss=0.450434207916
Iteration 58 of 100: loss=0.452120214701 object_loss=0.00235043745488 distance_loss=0.449769765139
Iteration 59 of 100: loss=0.452732771635 object_loss=0.00373236113228 distance_loss=0.449000418186
Iteration 60 of 100: loss=0.450403958559 object_loss=0.00215277727693 distance_loss=0.448251187801
Iteration 61 of 100: loss=0.449434071779 object_loss=0.00192314211745 distance_loss=0.447510927916
Iteration 62 of 100: loss=0.448118418455 object_loss=0.00150273402687 distance_loss=0.446615695953
Iteration 63 of 100: loss=0.447659224272 object_loss=0.00172725878656 distance_loss=0.445931971073
Iteration 64 of 100: loss=0.44682046771 object_loss=0.0015805187868 distance_loss=0.445239961147
Iteration 65 of 100: loss=0.446123421192 object_loss=0.00166674109641 distance_loss=0.444456666708
Iteration 66 of 100: loss=0.447217166424 object_loss=0.00360052287579 distance_loss=0.443616628647
Iteration 67 of 100: loss=0.450307846069 object_loss=0.0073920711875 distance_loss=0.442915767431
Iteration 68 of 100: loss=0.448088079691 object_loss=0.00597908580676 distance_loss=0.442108988762
Iteration 69 of 100: loss=0.444791674614 object_loss=0.00320469005965 distance_loss=0.441586971283
Iteration 70 of 100: loss=0.443426251411 object_loss=0.00228685187176 distance_loss=0.441139400005
Iteration 71 of 100: loss=0.442724645138 object_loss=0.00215252419002 distance_loss=0.440572112799
Iteration 72 of 100: loss=0.442102581263 object_loss=0.00233664712869 distance_loss=0.439765930176
Iteration 73 of 100: loss=0.440864652395 object_loss=0.00165740842931 distance_loss=0.43920725584
Iteration 74 of 100: loss=0.440347641706 object_loss=0.00168062350713 distance_loss=0.438667029142
Iteration 75 of 100: loss=0.440254241228 object_loss=0.00227256980725 distance_loss=0.437981665134
Iteration 76 of 100: loss=0.43965280056 object_loss=0.00270445644855 distance_loss=0.436948359013
Iteration 77 of 100: loss=0.437667995691 object_loss=0.00158855819609 distance_loss=0.436079442501
Iteration 78 of 100: loss=0.436917334795 object_loss=0.00146496784873 distance_loss=0.435452371836
Iteration 79 of 100: loss=0.435939818621 object_loss=0.00108975416515 distance_loss=0.4348500669
Iteration 80 of 100: loss=0.435280352831 object_loss=0.00133716850542 distance_loss=0.43394318223
Iteration 81 of 100: loss=0.434871762991 object_loss=0.00178505969234 distance_loss=0.433086693287
Iteration 82 of 100: loss=0.433761179447 object_loss=0.00132028467488 distance_loss=0.432440906763
Iteration 83 of 100: loss=0.433274209499 object_loss=0.00158291496336 distance_loss=0.431691288948
Iteration 84 of 100: loss=0.433012843132 object_loss=0.00222054566257 distance_loss=0.430792301893
Iteration 85 of 100: loss=0.432277977467 object_loss=0.00206738850102 distance_loss=0.430210590363
Iteration 86 of 100: loss=0.431481659412 object_loss=0.00183940748684 distance_loss=0.429642260075
Iteration 87 of 100: loss=0.430633306503 object_loss=0.00175677135121 distance_loss=0.428876549006
Iteration 88 of 100: loss=0.42999869585 object_loss=0.00205058162101 distance_loss=0.427948117256
Iteration 89 of 100: loss=0.429976254702 object_loss=0.00273668160662 distance_loss=0.427239567041
Iteration 90 of 100: loss=0.428486555815 object_loss=0.00180026795715 distance_loss=0.426686286926
Iteration 91 of 100: loss=0.427494734526 object_loss=0.00139228173066 distance_loss=0.426102459431
Iteration 92 of 100: loss=0.426602184772 object_loss=0.00144970556721 distance_loss=0.425152480602
Iteration 93 of 100: loss=0.425705701113 object_loss=0.00120240729302 distance_loss=0.424503296614
Iteration 94 of 100: loss=0.425254642963 object_loss=0.00136279326398 distance_loss=0.423891842365
Iteration 95 of 100: loss=0.42431896925 object_loss=0.00127362343483 distance_loss=0.4230453372
Iteration 96 of 100: loss=0.423509150743 object_loss=0.00139218161348 distance_loss=0.422116965055
Iteration 97 of 100: loss=0.423833012581 object_loss=0.00247443397529 distance_loss=0.421358585358
Iteration 98 of 100: loss=0.422978281975 object_loss=0.00231603649445 distance_loss=0.420662254095
Iteration 99 of 100: loss=0.423440665007 object_loss=0.00333335413598 distance_loss=0.42010730505
Iteration 0 of 100: loss=0.42138838768 object_loss=0.00183558266144 distance_loss=0.41955280304
Iteration 1 of 100: loss=0.421379387379 object_loss=0.00256967684254 distance_loss=0.418809711933
Iteration 2 of 100: loss=0.421540051699 object_loss=0.0031574962195 distance_loss=0.418382555246
Iteration 3 of 100: loss=0.422786325216 object_loss=0.00485070282593 distance_loss=0.417935609818
Iteration 4 of 100: loss=0.420199900866 object_loss=0.00314890965819 distance_loss=0.417050987482
Iteration 5 of 100: loss=0.41957873106 object_loss=0.00299691990949 distance_loss=0.416581809521
Iteration 6 of 100: loss=0.427935242653 object_loss=0.0118604172021 distance_loss=0.416074812412
Iteration 7 of 100: loss=0.430469363928 object_loss=0.0150723643601 distance_loss=0.415396988392
Iteration 8 of 100: loss=0.423734992743 object_loss=0.00885514263064 distance_loss=0.414879858494
Iteration 9 of 100: loss=0.420640051365 object_loss=0.00609593326226 distance_loss=0.41454410553
Iteration 10 of 100: loss=0.417247503996 object_loss=0.00340647413395 distance_loss=0.413841038942
Iteration 11 of 100: loss=0.41545933485 object_loss=0.00227008527145 distance_loss=0.413189262152
Iteration 12 of 100: loss=0.415051221848 object_loss=0.00251751276664 distance_loss=0.412533700466
Iteration 13 of 100: loss=0.413919955492 object_loss=0.00203624600545 distance_loss=0.411883711815
Iteration 14 of 100: loss=0.41316473484 object_loss=0.0018856782699 distance_loss=0.411279052496
Iteration 15 of 100: loss=0.412523657084 object_loss=0.00189547252376 distance_loss=0.410628169775
Iteration 16 of 100: loss=0.412112832069 object_loss=0.00262501975521 distance_loss=0.409487813711
Iteration 17 of 100: loss=0.410812586546 object_loss=0.00206418917514 distance_loss=0.40874838829
Iteration 18 of 100: loss=0.410192072392 object_loss=0.00215565809049 distance_loss=0.408036410809
Iteration 19 of 100: loss=0.409403562546 object_loss=0.00202282238752 distance_loss=0.407380729914
Iteration 20 of 100: loss=0.408978432417 object_loss=0.00202673580498 distance_loss=0.406951695681
Iteration 21 of 100: loss=0.408044725657 object_loss=0.00180649757385 distance_loss=0.406238228083
Iteration 22 of 100: loss=0.407336175442 object_loss=0.00190180994105 distance_loss=0.405434370041
Iteration 23 of 100: loss=0.407443910837 object_loss=0.00247937580571 distance_loss=0.404964536428
Iteration 24 of 100: loss=0.406393676996 object_loss=0.00199130619876 distance_loss=0.404402375221
Iteration 25 of 100: loss=0.40610319376 object_loss=0.00238156947307 distance_loss=0.403721630573
Iteration 26 of 100: loss=0.406035900116 object_loss=0.00252233375795 distance_loss=0.403513580561
Iteration 27 of 100: loss=0.405239015818 object_loss=0.0022868369706 distance_loss=0.402952164412
Iteration 28 of 100: loss=0.405508607626 object_loss=0.0034446362406 distance_loss=0.402063965797
Iteration 29 of 100: loss=0.40688881278 object_loss=0.00524113699794 distance_loss=0.401647686958
Iteration 30 of 100: loss=0.402992457151 object_loss=0.00152308447286 distance_loss=0.401469379663
Iteration 31 of 100: loss=0.403104484081 object_loss=0.00210965401493 distance_loss=0.400994837284
Iteration 32 of 100: loss=0.402673482895 object_loss=0.00253643398173 distance_loss=0.400137037039
Iteration 33 of 100: loss=0.402942270041 object_loss=0.0032635582611 distance_loss=0.399678707123
Iteration 34 of 100: loss=0.40264877677 object_loss=0.00348047399893 distance_loss=0.39916831255
Iteration 35 of 100: loss=0.40156930685 object_loss=0.00300908344798 distance_loss=0.398560225964
Iteration 36 of 100: loss=0.401399612427 object_loss=0.00362154305913 distance_loss=0.397778064013
Iteration 37 of 100: loss=0.399678647518 object_loss=0.00251817982644 distance_loss=0.397160470486
Iteration 38 of 100: loss=0.399517446756 object_loss=0.00280070956796 distance_loss=0.396716743708
Iteration 39 of 100: loss=0.39908260107 object_loss=0.00279652234167 distance_loss=0.396286070347
Iteration 40 of 100: loss=0.398050218821 object_loss=0.00252098334022 distance_loss=0.39552924037
Iteration 41 of 100: loss=0.399042874575 object_loss=0.00389862176962 distance_loss=0.395144253969
Iteration 42 of 100: loss=0.39832136035 object_loss=0.0034970312845 distance_loss=0.394824326038
Iteration 43 of 100: loss=0.396361291409 object_loss=0.00198097573593 distance_loss=0.394380301237
Iteration 44 of 100: loss=0.396006166935 object_loss=0.00209765438922 distance_loss=0.393908500671
Iteration 45 of 100: loss=0.394863128662 object_loss=0.00169677031226 distance_loss=0.393166363239
Iteration 46 of 100: loss=0.394937723875 object_loss=0.00243247533217 distance_loss=0.392505258322
Iteration 47 of 100: loss=0.394147634506 object_loss=0.0022176837083 distance_loss=0.39192995429
Iteration 48 of 100: loss=0.39358741045 object_loss=0.00218553096056 distance_loss=0.39140188694
Iteration 49 of 100: loss=0.393426656723 object_loss=0.00255144620314 distance_loss=0.390875220299
Iteration 50 of 100: loss=0.392423540354 object_loss=0.00199258700013 distance_loss=0.390430957079
Iteration 51 of 100: loss=0.392663061619 object_loss=0.00259662279859 distance_loss=0.390066444874
Iteration 52 of 100: loss=0.39141947031 object_loss=0.00220859842375 distance_loss=0.389210879803
Iteration 53 of 100: loss=0.391116559505 object_loss=0.00241207145154 distance_loss=0.388704478741
Iteration 54 of 100: loss=0.392574071884 object_loss=0.00422912603244 distance_loss=0.388344943523
Iteration 55 of 100: loss=0.389997690916 object_loss=0.00212212698534 distance_loss=0.387875556946
Iteration 56 of 100: loss=0.389489799738 object_loss=0.00233491091058 distance_loss=0.387154877186
Iteration 57 of 100: loss=0.391722977161 object_loss=0.005059634801 distance_loss=0.386663347483
Iteration 58 of 100: loss=0.389151126146 object_loss=0.00288286362775 distance_loss=0.386268258095
Iteration 59 of 100: loss=0.38904222846 object_loss=0.00310361199081 distance_loss=0.385938614607
Iteration 60 of 100: loss=0.393749982119 object_loss=0.00837660115212 distance_loss=0.38537338376
Iteration 61 of 100: loss=0.387847781181 object_loss=0.00293966638856 distance_loss=0.384908109903
Iteration 62 of 100: loss=0.387660682201 object_loss=0.00305842515081 distance_loss=0.384602248669
Iteration 63 of 100: loss=0.386246472597 object_loss=0.00181364640594 distance_loss=0.384432822466
Iteration 64 of 100: loss=0.385267883539 object_loss=0.00145872542635 distance_loss=0.383809149265
Iteration 65 of 100: loss=0.385354071856 object_loss=0.00204648030922 distance_loss=0.383307605982
Iteration 66 of 100: loss=0.38502573967 object_loss=0.0020533928182 distance_loss=0.382972359657
Iteration 67 of 100: loss=0.384260684252 object_loss=0.0018356826622 distance_loss=0.382425010204
Iteration 68 of 100: loss=0.383490473032 object_loss=0.00159815268125 distance_loss=0.381892323494
Iteration 69 of 100: loss=0.383221149445 object_loss=0.00166272721253 distance_loss=0.381558418274
Iteration 70 of 100: loss=0.382806897163 object_loss=0.00146628043149 distance_loss=0.381340622902
Iteration 71 of 100: loss=0.382132232189 object_loss=0.00128217274323 distance_loss=0.380850046873
Iteration 72 of 100: loss=0.381356328726 object_loss=0.00127167685423 distance_loss=0.38008466363
Iteration 73 of 100: loss=0.381185740232 object_loss=0.00156119617168 distance_loss=0.379624545574
Iteration 74 of 100: loss=0.381359398365 object_loss=0.00232675252482 distance_loss=0.379032641649
Iteration 75 of 100: loss=0.381031215191 object_loss=0.00236285920255 distance_loss=0.378668367863
Iteration 76 of 100: loss=0.379433602095 object_loss=0.00114850571845 distance_loss=0.378285109997
Iteration 77 of 100: loss=0.379190325737 object_loss=0.00148400350008 distance_loss=0.377706319094
Iteration 78 of 100: loss=0.378762066364 object_loss=0.00160034862347 distance_loss=0.377161711454
Iteration 79 of 100: loss=0.379020422697 object_loss=0.00220432924107 distance_loss=0.376816093922
Iteration 80 of 100: loss=0.379760414362 object_loss=0.00335908704437 distance_loss=0.376401335001
Iteration 81 of 100: loss=0.378580003977 object_loss=0.00268345116638 distance_loss=0.375896543264
Iteration 82 of 100: loss=0.378523141146 object_loss=0.00295970682055 distance_loss=0.375563442707
Iteration 83 of 100: loss=0.377074092627 object_loss=0.00202577048913 distance_loss=0.375048309565
Iteration 84 of 100: loss=0.378310322762 object_loss=0.00372519949451 distance_loss=0.37458512187
Iteration 85 of 100: loss=0.377470076084 object_loss=0.00336471595801 distance_loss=0.374105364084
Iteration 86 of 100: loss=0.375790655613 object_loss=0.00191571738105 distance_loss=0.373874932528
Iteration 87 of 100: loss=0.375797480345 object_loss=0.00224143243395 distance_loss=0.373556047678
Iteration 88 of 100: loss=0.375462561846 object_loss=0.00253941072151 distance_loss=0.37292316556
Iteration 89 of 100: loss=0.375260740519 object_loss=0.00259945634753 distance_loss=0.372661292553
Iteration 90 of 100: loss=0.376199215651 object_loss=0.00386175233871 distance_loss=0.372337460518
Iteration 91 of 100: loss=0.37454649806 object_loss=0.00268920371309 distance_loss=0.3718572855
Iteration 92 of 100: loss=0.373768061399 object_loss=0.00264746695757 distance_loss=0.371120601892
Iteration 93 of 100: loss=0.37380155921 object_loss=0.00284729152918 distance_loss=0.370954275131
Iteration 94 of 100: loss=0.372745543718 object_loss=0.00230186246336 distance_loss=0.370443671942
Iteration 95 of 100: loss=0.372180789709 object_loss=0.00219451868907 distance_loss=0.369986265898
Iteration 96 of 100: loss=0.371871739626 object_loss=0.00245750462636 distance_loss=0.369414240122
Iteration 97 of 100: loss=0.370897889137 object_loss=0.00195722864009 distance_loss=0.368940651417
Iteration 98 of 100: loss=0.371415257454 object_loss=0.00277707376517 distance_loss=0.368638187647
Iteration 99 of 100: loss=0.369933843613 object_loss=0.0017937249504 distance_loss=0.368140131235
Iteration 0 of 100: loss=0.371006429195 object_loss=0.00362460524775 distance_loss=0.367381811142
Iteration 1 of 100: loss=0.37125942111 object_loss=0.00438899407163 distance_loss=0.366870433092
Iteration 2 of 100: loss=0.370158731937 object_loss=0.00368240661919 distance_loss=0.366476327181
Iteration 3 of 100: loss=0.368876665831 object_loss=0.00281760469079 distance_loss=0.366059064865
Iteration 4 of 100: loss=0.368921816349 object_loss=0.00332868634723 distance_loss=0.365593135357
Iteration 5 of 100: loss=0.368884623051 object_loss=0.00380599149503 distance_loss=0.365078628063
Iteration 6 of 100: loss=0.367573589087 object_loss=0.00300199748017 distance_loss=0.364571601152
Iteration 7 of 100: loss=0.367306470871 object_loss=0.0032799616456 distance_loss=0.364026516676
Iteration 8 of 100: loss=0.365710258484 object_loss=0.0022727556061 distance_loss=0.363437503576
Iteration 9 of 100: loss=0.364814043045 object_loss=0.00192917953245 distance_loss=0.36288484931
Iteration 10 of 100: loss=0.364421248436 object_loss=0.00179641798604 distance_loss=0.362624824047
Iteration 11 of 100: loss=0.366249591112 object_loss=0.00399161409587 distance_loss=0.362257987261
Iteration 12 of 100: loss=0.365129798651 object_loss=0.00377181475051 distance_loss=0.361357986927
Iteration 13 of 100: loss=0.364284902811 object_loss=0.00326112401672 distance_loss=0.361023783684
Iteration 14 of 100: loss=0.365315109491 object_loss=0.00461689475924 distance_loss=0.360698223114
Iteration 15 of 100: loss=0.363460153341 object_loss=0.00304678454995 distance_loss=0.360413372517
Iteration 16 of 100: loss=0.36264359951 object_loss=0.00264507625252 distance_loss=0.359998524189
Iteration 17 of 100: loss=0.362454503775 object_loss=0.00287227053195 distance_loss=0.35958224535
Iteration 18 of 100: loss=0.361864119768 object_loss=0.0029039378278 distance_loss=0.358960181475
Iteration 19 of 100: loss=0.362201929092 object_loss=0.00367660052143 distance_loss=0.358525335789
Iteration 20 of 100: loss=0.362028867006 object_loss=0.00397187937051 distance_loss=0.358056992292
Iteration 21 of 100: loss=0.363340854645 object_loss=0.005839725025 distance_loss=0.357501119375
Iteration 22 of 100: loss=0.362423270941 object_loss=0.00528127793223 distance_loss=0.35714200139
Iteration 23 of 100: loss=0.361787796021 object_loss=0.00505023822188 distance_loss=0.356737554073
Iteration 24 of 100: loss=0.36135700345 object_loss=0.00519954040647 distance_loss=0.356157451868
Iteration 25 of 100: loss=0.360697448254 object_loss=0.00485305534676 distance_loss=0.355844378471
Iteration 26 of 100: loss=0.360047698021 object_loss=0.00461859395728 distance_loss=0.355429112911
Iteration 27 of 100: loss=0.358886748552 object_loss=0.00399617571384 distance_loss=0.354890584946
Iteration 28 of 100: loss=0.357686311007 object_loss=0.00329285650514 distance_loss=0.354393452406
Iteration 29 of 100: loss=0.357619971037 object_loss=0.00334476260468 distance_loss=0.354275196791
Iteration 30 of 100: loss=0.357149660587 object_loss=0.00328658241779 distance_loss=0.353863090277
Iteration 31 of 100: loss=0.355322062969 object_loss=0.00195195910055 distance_loss=0.35337010026
Iteration 32 of 100: loss=0.355903863907 object_loss=0.00324594392441 distance_loss=0.352657914162
Iteration 33 of 100: loss=0.356801450253 object_loss=0.00450118305162 distance_loss=0.352300256491
Iteration 34 of 100: loss=0.355768322945 object_loss=0.00366373895667 distance_loss=0.352104574442
Iteration 35 of 100: loss=0.354168951511 object_loss=0.00256831990555 distance_loss=0.35160061717
Iteration 36 of 100: loss=0.354059308767 object_loss=0.00317459413782 distance_loss=0.350884705782
Iteration 37 of 100: loss=0.352496296167 object_loss=0.00213330960833 distance_loss=0.350362986326
Iteration 38 of 100: loss=0.352142244577 object_loss=0.00206099567004 distance_loss=0.35008123517
Iteration 39 of 100: loss=0.351686894894 object_loss=0.00214497209527 distance_loss=0.349541932344
Iteration 40 of 100: loss=0.351214379072 object_loss=0.00217606173828 distance_loss=0.349038302898
Iteration 41 of 100: loss=0.351607829332 object_loss=0.00314236921258 distance_loss=0.34846547246
Iteration 42 of 100: loss=0.350325495005 object_loss=0.00238884030841 distance_loss=0.347936660051
Iteration 43 of 100: loss=0.350197136402 object_loss=0.0026192299556 distance_loss=0.347577899694
Iteration 44 of 100: loss=0.350764632225 object_loss=0.00366375548765 distance_loss=0.347100883722
Iteration 45 of 100: loss=0.349317312241 object_loss=0.00280037592165 distance_loss=0.346516937017
Iteration 46 of 100: loss=0.348634123802 object_loss=0.0027269423008 distance_loss=0.345907181501
Iteration 47 of 100: loss=0.347453474998 object_loss=0.00197532447055 distance_loss=0.345478147268
Iteration 48 of 100: loss=0.346780776978 object_loss=0.00206593098119 distance_loss=0.344714850187
Iteration 49 of 100: loss=0.346628665924 object_loss=0.00226688524708 distance_loss=0.344361782074
Iteration 50 of 100: loss=0.346354603767 object_loss=0.00236354046501 distance_loss=0.343991070986
Iteration 51 of 100: loss=0.34499552846 object_loss=0.00154648115858 distance_loss=0.343449056149
Iteration 52 of 100: loss=0.344969540834 object_loss=0.00220636930317 distance_loss=0.342763185501
Iteration 53 of 100: loss=0.345147401094 object_loss=0.00266133900732 distance_loss=0.342486053705
Iteration 54 of 100: loss=0.344584017992 object_loss=0.00249078078195 distance_loss=0.342093229294
Iteration 55 of 100: loss=0.346089422703 object_loss=0.00438847066835 distance_loss=0.341700941324
Iteration 56 of 100: loss=0.344828337431 object_loss=0.00341830938123 distance_loss=0.341410040855
Iteration 57 of 100: loss=0.342836081982 object_loss=0.00194899644703 distance_loss=0.340887099504
Iteration 58 of 100: loss=0.342457234859 object_loss=0.00190786831081 distance_loss=0.340549379587
Iteration 59 of 100: loss=0.342350363731 object_loss=0.00197024131194 distance_loss=0.340380132198
Iteration 60 of 100: loss=0.342121720314 object_loss=0.00233851373196 distance_loss=0.339783191681
Iteration 61 of 100: loss=0.342650711536 object_loss=0.00343334116042 distance_loss=0.339217364788
Iteration 62 of 100: loss=0.341560542583 object_loss=0.00253201089799 distance_loss=0.339028537273
Iteration 63 of 100: loss=0.343870848417 object_loss=0.00513823376969 distance_loss=0.338732600212
Iteration 64 of 100: loss=0.342725127935 object_loss=0.00431402632967 distance_loss=0.338411092758
Iteration 65 of 100: loss=0.341533571482 object_loss=0.00332793453708 distance_loss=0.338205635548
Iteration 66 of 100: loss=0.34058791399 object_loss=0.00255882972851 distance_loss=0.33802908659
Iteration 67 of 100: loss=0.34158205986 object_loss=0.00367169897072 distance_loss=0.337910354137
Iteration 68 of 100: loss=0.343011796474 object_loss=0.00560612371191 distance_loss=0.33740568161
Iteration 69 of 100: loss=0.343332022429 object_loss=0.00602922495455 distance_loss=0.337302803993
Iteration 70 of 100: loss=0.343656986952 object_loss=0.00603388343006 distance_loss=0.337623089552
Iteration 71 of 100: loss=0.344082504511 object_loss=0.00625562341884 distance_loss=0.337826877832
Iteration 72 of 100: loss=0.344356805086 object_loss=0.0070610512048 distance_loss=0.337295740843
Iteration 73 of 100: loss=0.341816157103 object_loss=0.0044169309549 distance_loss=0.337399214506
Iteration 74 of 100: loss=0.342706292868 object_loss=0.00510751269758 distance_loss=0.337598770857
Iteration 75 of 100: loss=0.341481715441 object_loss=0.00402411911637 distance_loss=0.337457597256
Iteration 76 of 100: loss=0.343569457531 object_loss=0.00630523823202 distance_loss=0.337264209986
Iteration 77 of 100: loss=0.344111204147 object_loss=0.00686937291175 distance_loss=0.337241828442
Iteration 78 of 100: loss=0.34179905057 object_loss=0.00473920628428 distance_loss=0.337059855461
Iteration 79 of 100: loss=0.34257337451 object_loss=0.00584017764777 distance_loss=0.336733192205
Iteration 80 of 100: loss=0.345207363367 object_loss=0.00864775944501 distance_loss=0.336559593678
Iteration 81 of 100: loss=0.346000254154 object_loss=0.00965156871825 distance_loss=0.336348682642
Iteration 82 of 100: loss=0.345432877541 object_loss=0.00908064469695 distance_loss=0.336352229118
Iteration 83 of 100: loss=0.343100845814 object_loss=0.00666359113529 distance_loss=0.336437255144
Iteration 84 of 100: loss=0.342846542597 object_loss=0.00661944970489 distance_loss=0.336227089167
Iteration 85 of 100: loss=0.342566847801 object_loss=0.0063167437911 distance_loss=0.33625009656
Iteration 86 of 100: loss=0.341242522001 object_loss=0.00517944525927 distance_loss=0.336063086987
Iteration 87 of 100: loss=0.341481864452 object_loss=0.00565983355045 distance_loss=0.335822016001
Iteration 88 of 100: loss=0.343629449606 object_loss=0.00792393367738 distance_loss=0.335705518723
Iteration 89 of 100: loss=0.343145906925 object_loss=0.0077338796109 distance_loss=0.335412025452
Iteration 90 of 100: loss=0.343834638596 object_loss=0.0087861623615 distance_loss=0.335048466921
Iteration 91 of 100: loss=0.349121063948 object_loss=0.0144563335925 distance_loss=0.334664732218
Iteration 92 of 100: loss=0.338629722595 object_loss=0.00451382435858 distance_loss=0.334115892649
Iteration 93 of 100: loss=0.341436654329 object_loss=0.00760099105537 distance_loss=0.333835661411
Iteration 94 of 100: loss=0.339200347662 object_loss=0.00574773363769 distance_loss=0.333452612162
Iteration 95 of 100: loss=0.337098449469 object_loss=0.00412355316803 distance_loss=0.332974910736
Iteration 96 of 100: loss=0.336284726858 object_loss=0.00376726523973 distance_loss=0.33251747489
Iteration 97 of 100: loss=0.335681557655 object_loss=0.00345255248249 distance_loss=0.332229018211
Iteration 98 of 100: loss=0.336228966713 object_loss=0.00431194249541 distance_loss=0.331917017698
Iteration 99 of 100: loss=0.3370911479 object_loss=0.00535421445966 distance_loss=0.331736922264
Iteration 0 of 100: loss=0.336779356003 object_loss=0.0052355104126 distance_loss=0.331543833017
Iteration 1 of 100: loss=0.335897922516 object_loss=0.00435489369556 distance_loss=0.331543028355
Iteration 2 of 100: loss=0.336609452963 object_loss=0.0051945336163 distance_loss=0.331414908171
Iteration 3 of 100: loss=0.334706246853 object_loss=0.00340944482014 distance_loss=0.331296801567
Iteration 4 of 100: loss=0.334181338549 object_loss=0.00300808111206 distance_loss=0.331173270941
Iteration 5 of 100: loss=0.33428940177 object_loss=0.00320130772889 distance_loss=0.331088095903
Iteration 6 of 100: loss=0.334624320269 object_loss=0.00367239653133 distance_loss=0.330951929092
Iteration 7 of 100: loss=0.360361993313 object_loss=0.0297429263592 distance_loss=0.330619066954
Iteration 8 of 100: loss=0.334056138992 object_loss=0.00379238184541 distance_loss=0.330263763666
Iteration 9 of 100: loss=0.333140969276 object_loss=0.00293872877955 distance_loss=0.330202251673
Iteration 10 of 100: loss=0.335430413485 object_loss=0.00515900645405 distance_loss=0.330271393061
Iteration 11 of 100: loss=0.336192131042 object_loss=0.00620958721265 distance_loss=0.329982548952
Iteration 12 of 100: loss=0.335060656071 object_loss=0.00558731751516 distance_loss=0.329473346472
Iteration 13 of 100: loss=0.333330124617 object_loss=0.00406731246039 distance_loss=0.329262822866
Iteration 14 of 100: loss=0.332452744246 object_loss=0.00341972871684 distance_loss=0.329033017159
Iteration 15 of 100: loss=0.331278502941 object_loss=0.00286370981485 distance_loss=0.328414797783
Iteration 16 of 100: loss=0.331221163273 object_loss=0.00337451416999 distance_loss=0.327846646309
Iteration 17 of 100: loss=0.329771101475 object_loss=0.00239808810875 distance_loss=0.327373027802
Iteration 18 of 100: loss=0.329912751913 object_loss=0.0029093332123 distance_loss=0.327003419399
Iteration 19 of 100: loss=0.329641312361 object_loss=0.00292193959467 distance_loss=0.326719373465
Iteration 20 of 100: loss=0.328710854053 object_loss=0.00262599205598 distance_loss=0.326084852219
Iteration 21 of 100: loss=0.327389955521 object_loss=0.00193140096962 distance_loss=0.325458556414
Iteration 22 of 100: loss=0.327283650637 object_loss=0.00214811600745 distance_loss=0.325135529041
Iteration 23 of 100: loss=0.327141106129 object_loss=0.00224414700642 distance_loss=0.324896961451
Iteration 24 of 100: loss=0.32803940773 object_loss=0.00361419608817 distance_loss=0.32442522049
Iteration 25 of 100: loss=0.327317088842 object_loss=0.00341067370027 distance_loss=0.323906421661
Iteration 26 of 100: loss=0.328359752893 object_loss=0.0049102040939 distance_loss=0.323449552059
Iteration 27 of 100: loss=0.328664511442 object_loss=0.0056665269658 distance_loss=0.32299798727
Iteration 28 of 100: loss=0.325711876154 object_loss=0.00301746814512 distance_loss=0.322694420815
Iteration 29 of 100: loss=0.324300020933 object_loss=0.00188077893108 distance_loss=0.322419255972
Iteration 30 of 100: loss=0.324228614569 object_loss=0.00204162648879 distance_loss=0.322186976671
Iteration 31 of 100: loss=0.323623597622 object_loss=0.00162734475452 distance_loss=0.321996241808
Iteration 32 of 100: loss=0.324006170034 object_loss=0.00277521088719 distance_loss=0.321230947971
Iteration 33 of 100: loss=0.32350692153 object_loss=0.00261010951363 distance_loss=0.320896804333
Iteration 34 of 100: loss=0.327506065369 object_loss=0.00694050593302 distance_loss=0.320565551519
Iteration 35 of 100: loss=0.333210855722 object_loss=0.0130086326972 distance_loss=0.320202231407
Iteration 36 of 100: loss=0.32658597827 object_loss=0.0064567970112 distance_loss=0.320129185915
Iteration 37 of 100: loss=0.329890012741 object_loss=0.00984613411129 distance_loss=0.320043891668
Iteration 38 of 100: loss=0.324352025986 object_loss=0.00445051165298 distance_loss=0.319901525974
Iteration 39 of 100: loss=0.324566543102 object_loss=0.00483609130606 distance_loss=0.319730460644
Iteration 40 of 100: loss=0.322849482298 object_loss=0.00333071080968 distance_loss=0.319518774748
Iteration 41 of 100: loss=0.323524385691 object_loss=0.00418819766492 distance_loss=0.319336175919
Iteration 42 of 100: loss=0.327175676823 object_loss=0.00790454447269 distance_loss=0.319271117449
Iteration 43 of 100: loss=0.325548559427 object_loss=0.00635660812259 distance_loss=0.319191962481
Iteration 44 of 100: loss=0.324137300253 object_loss=0.00537777598947 distance_loss=0.318759530783
Iteration 45 of 100: loss=0.321838498116 object_loss=0.00350339664146 distance_loss=0.31833511591
Iteration 46 of 100: loss=0.324240058661 object_loss=0.00597266061231 distance_loss=0.318267405033
Iteration 47 of 100: loss=0.322819322348 object_loss=0.00495880935341 distance_loss=0.317860513926
Iteration 48 of 100: loss=0.324573159218 object_loss=0.00702514173463 distance_loss=0.317548006773
Iteration 49 of 100: loss=0.323787659407 object_loss=0.0062716724351 distance_loss=0.317515999079
Iteration 50 of 100: loss=0.330392897129 object_loss=0.0128702716902 distance_loss=0.317522615194
Iteration 51 of 100: loss=0.326833069324 object_loss=0.0090752877295 distance_loss=0.31775778532
Iteration 52 of 100: loss=0.327159106731 object_loss=0.00945397280157 distance_loss=0.317705124617
Iteration 53 of 100: loss=0.322338283062 object_loss=0.00457048695534 distance_loss=0.317767798901
Iteration 54 of 100: loss=0.323135465384 object_loss=0.00529601797462 distance_loss=0.317839443684
Iteration 55 of 100: loss=0.324628323317 object_loss=0.00676491111517 distance_loss=0.317863404751
Iteration 56 of 100: loss=0.327000766993 object_loss=0.00954831764102 distance_loss=0.317452460527
Iteration 57 of 100: loss=0.326407968998 object_loss=0.00889975205064 distance_loss=0.317508220673
Iteration 58 of 100: loss=0.323901921511 object_loss=0.00649463757873 distance_loss=0.317407280207
Iteration 59 of 100: loss=0.322353571653 object_loss=0.00506949052215 distance_loss=0.317284077406
Iteration 60 of 100: loss=0.326737672091 object_loss=0.00941671803594 distance_loss=0.317320942879
Iteration 61 of 100: loss=0.322850197554 object_loss=0.0053828516975 distance_loss=0.317467331886
Iteration 62 of 100: loss=0.322739958763 object_loss=0.00552328396589 distance_loss=0.317216664553
Iteration 63 of 100: loss=0.323122560978 object_loss=0.00612514093518 distance_loss=0.316997408867
Iteration 64 of 100: loss=0.321661770344 object_loss=0.00486077275127 distance_loss=0.316801011562
Iteration 65 of 100: loss=0.341165691614 object_loss=0.0245442725718 distance_loss=0.316621422768
Iteration 66 of 100: loss=0.351793467999 object_loss=0.0351097844541 distance_loss=0.316683679819
Iteration 67 of 100: loss=0.336701869965 object_loss=0.0199628919363 distance_loss=0.316738963127
Iteration 68 of 100: loss=0.32618945837 object_loss=0.00969752948731 distance_loss=0.316491931677
Iteration 69 of 100: loss=0.325096160173 object_loss=0.00836448930204 distance_loss=0.316731661558
Iteration 70 of 100: loss=0.321299433708 object_loss=0.00435737147927 distance_loss=0.316942065954
Iteration 71 of 100: loss=0.327751934528 object_loss=0.010732983239 distance_loss=0.317018955946
Iteration 72 of 100: loss=0.324767738581 object_loss=0.00800285302103 distance_loss=0.316764891148
Iteration 73 of 100: loss=0.324343949556 object_loss=0.0075249793008 distance_loss=0.316818982363
Iteration 74 of 100: loss=0.328335732222 object_loss=0.0116209164262 distance_loss=0.316714823246
Iteration 75 of 100: loss=0.333420455456 object_loss=0.0168673470616 distance_loss=0.316553115845
Iteration 76 of 100: loss=0.341664254665 object_loss=0.0253670066595 distance_loss=0.316297262907
Iteration 77 of 100: loss=0.326493799686 object_loss=0.0100880498067 distance_loss=0.316405743361
Iteration 78 of 100: loss=0.327785223722 object_loss=0.0110555840656 distance_loss=0.316729635
Iteration 79 of 100: loss=0.32231643796 object_loss=0.0053656892851 distance_loss=0.31695073843
Iteration 80 of 100: loss=0.324938833714 object_loss=0.00798837840557 distance_loss=0.316950440407
Iteration 81 of 100: loss=0.324716985226 object_loss=0.0074929157272 distance_loss=0.317224055529
Iteration 82 of 100: loss=0.335872083902 object_loss=0.0182012617588 distance_loss=0.317670822144
Iteration 83 of 100: loss=0.335778832436 object_loss=0.0176590979099 distance_loss=0.318119734526
Iteration 84 of 100: loss=0.337608635426 object_loss=0.0191499404609 distance_loss=0.318458706141
Iteration 85 of 100: loss=0.331711232662 object_loss=0.0125778019428 distance_loss=0.319133430719
Iteration 86 of 100: loss=0.328899383545 object_loss=0.00939272716641 distance_loss=0.319506645203
Iteration 87 of 100: loss=0.324830710888 object_loss=0.0053176865913 distance_loss=0.3195130229
Iteration 88 of 100: loss=0.322193175554 object_loss=0.00289812684059 distance_loss=0.319295048714
Iteration 89 of 100: loss=0.321543812752 object_loss=0.00240433611907 distance_loss=0.319139480591
Iteration 90 of 100: loss=0.322561949492 object_loss=0.0033567273058 distance_loss=0.319205224514
Iteration 91 of 100: loss=0.324327945709 object_loss=0.0051007065922 distance_loss=0.31922724843
Iteration 92 of 100: loss=0.321442097425 object_loss=0.00260424450971 distance_loss=0.318837851286
Iteration 93 of 100: loss=0.325162440538 object_loss=0.00629497086629 distance_loss=0.318867474794
Iteration 94 of 100: loss=0.326659232378 object_loss=0.00779267400503 distance_loss=0.318866550922
Iteration 95 of 100: loss=0.326035261154 object_loss=0.00700920028612 distance_loss=0.319026052952
Iteration 96 of 100: loss=0.323505461216 object_loss=0.00464172987267 distance_loss=0.318863719702
Iteration 97 of 100: loss=0.323121935129 object_loss=0.00440912041813 distance_loss=0.318712800741
Iteration 98 of 100: loss=0.324699938297 object_loss=0.00638679135591 distance_loss=0.318313151598
Iteration 99 of 100: loss=0.333301454782 object_loss=0.0152653632686 distance_loss=0.318036079407
Iteration 0 of 100: loss=0.323527038097 object_loss=0.00535096647218 distance_loss=0.318176060915
Iteration 1 of 100: loss=0.321791648865 object_loss=0.00395135069266 distance_loss=0.317840307951
Iteration 2 of 100: loss=0.323203861713 object_loss=0.00558171700686 distance_loss=0.317622154951
Iteration 3 of 100: loss=0.32288312912 object_loss=0.00529603287578 distance_loss=0.31758710742
Iteration 4 of 100: loss=0.321832180023 object_loss=0.00468565849587 distance_loss=0.317146509886
Iteration 5 of 100: loss=0.326066225767 object_loss=0.00934523157775 distance_loss=0.316720992327
Iteration 6 of 100: loss=0.325671702623 object_loss=0.00897150300443 distance_loss=0.316700190306
Iteration 7 of 100: loss=0.346223533154 object_loss=0.0298352409154 distance_loss=0.3163882792
Iteration 8 of 100: loss=0.323677122593 object_loss=0.0072897542268 distance_loss=0.316387355328
Iteration 9 of 100: loss=0.322286725044 object_loss=0.00579927489161 distance_loss=0.316487461329
Iteration 10 of 100: loss=0.321635901928 object_loss=0.00495426962152 distance_loss=0.316681623459
Iteration 11 of 100: loss=0.322064429522 object_loss=0.00528713222593 distance_loss=0.316777288914
Iteration 12 of 100: loss=0.320244312286 object_loss=0.00376115739346 distance_loss=0.316483139992
Iteration 13 of 100: loss=0.321041941643 object_loss=0.0044881766662 distance_loss=0.316553771496
Iteration 14 of 100: loss=0.321929246187 object_loss=0.00535423215479 distance_loss=0.316575020552
Iteration 15 of 100: loss=0.318768829107 object_loss=0.00254195230082 distance_loss=0.316226869822
Iteration 16 of 100: loss=0.319567799568 object_loss=0.0040018921718 distance_loss=0.315565913916
Iteration 17 of 100: loss=0.319085389376 object_loss=0.00387740042061 distance_loss=0.315207988024
Iteration 18 of 100: loss=0.331150084734 object_loss=0.0162025690079 distance_loss=0.314947515726
Iteration 19 of 100: loss=0.332922339439 object_loss=0.0178962647915 distance_loss=0.315026074648
Iteration 20 of 100: loss=0.323014378548 object_loss=0.00781411956996 distance_loss=0.315200269222
Iteration 21 of 100: loss=0.320709079504 object_loss=0.0053383205086 distance_loss=0.315370768309
Iteration 22 of 100: loss=0.322397828102 object_loss=0.00708817597479 distance_loss=0.315309643745
Iteration 23 of 100: loss=0.321485638618 object_loss=0.00621439795941 distance_loss=0.315271228552
Iteration 24 of 100: loss=0.318282425404 object_loss=0.00311447749846 distance_loss=0.315167933702
Iteration 25 of 100: loss=0.321990162134 object_loss=0.00699652777985 distance_loss=0.314993619919
Iteration 26 of 100: loss=0.319353789091 object_loss=0.00440216064453 distance_loss=0.314951628447
Iteration 27 of 100: loss=0.320397734642 object_loss=0.00558910379186 distance_loss=0.314808636904
Iteration 28 of 100: loss=0.321757137775 object_loss=0.00744510069489 distance_loss=0.314312040806
Iteration 29 of 100: loss=0.331288903952 object_loss=0.0171881876886 distance_loss=0.314100712538
Iteration 30 of 100: loss=0.319654136896 object_loss=0.00568186119199 distance_loss=0.313972264528
Iteration 31 of 100: loss=0.316822171211 object_loss=0.00313065759838 distance_loss=0.313691526651
Iteration 32 of 100: loss=0.320338487625 object_loss=0.00719856983051 distance_loss=0.313139915466
Iteration 33 of 100: loss=0.316712260246 object_loss=0.00383413163945 distance_loss=0.312878131866
Iteration 34 of 100: loss=0.316787034273 object_loss=0.00415010936558 distance_loss=0.312636911869
Iteration 35 of 100: loss=0.32174372673 object_loss=0.00950872991234 distance_loss=0.312234997749
Iteration 36 of 100: loss=0.324811965227 object_loss=0.0132325561717 distance_loss=0.311579406261
Iteration 37 of 100: loss=0.326733708382 object_loss=0.0155989192426 distance_loss=0.311134785414
Iteration 38 of 100: loss=0.321496039629 object_loss=0.0104342484847 distance_loss=0.311061799526
Iteration 39 of 100: loss=0.335434526205 object_loss=0.0244713947177 distance_loss=0.310963124037
Iteration 40 of 100: loss=0.324390947819 object_loss=0.013929290697 distance_loss=0.31046167016
Iteration 41 of 100: loss=0.327784001827 object_loss=0.0176027864218 distance_loss=0.310181200504
Iteration 42 of 100: loss=0.323734551668 object_loss=0.0138277700171 distance_loss=0.30990678072
Iteration 43 of 100: loss=0.319938212633 object_loss=0.0103055797517 distance_loss=0.309632629156
Iteration 44 of 100: loss=0.320544928312 object_loss=0.0112399719656 distance_loss=0.309304952621
Iteration 45 of 100: loss=0.318407803774 object_loss=0.00932208634913 distance_loss=0.309085726738
Iteration 46 of 100: loss=0.316931307316 object_loss=0.008080936037 distance_loss=0.308850377798
Iteration 47 of 100: loss=0.315572887659 object_loss=0.00702405115589 distance_loss=0.3085488379
Iteration 48 of 100: loss=0.312873184681 object_loss=0.00455126399174 distance_loss=0.308321923018
Iteration 49 of 100: loss=0.314024120569 object_loss=0.0058487248607 distance_loss=0.308175384998
Iteration 50 of 100: loss=0.321987301111 object_loss=0.0138351917267 distance_loss=0.308152109385
Iteration 51 of 100: loss=0.367516756058 object_loss=0.0592767074704 distance_loss=0.308240056038
Iteration 52 of 100: loss=0.330718517303 object_loss=0.0225190017372 distance_loss=0.308199524879
Iteration 53 of 100: loss=0.332504481077 object_loss=0.0235742498189 distance_loss=0.30893021822
Iteration 54 of 100: loss=0.335030645132 object_loss=0.0254243984818 distance_loss=0.309606254101
Iteration 55 of 100: loss=0.325434088707 object_loss=0.0149182081223 distance_loss=0.310515880585
Iteration 56 of 100: loss=0.323901325464 object_loss=0.0125027196482 distance_loss=0.311398595572
Iteration 57 of 100: loss=0.321580082178 object_loss=0.00933085288852 distance_loss=0.312249243259
Iteration 58 of 100: loss=0.32569488883 object_loss=0.012764275074 distance_loss=0.312930613756
Iteration 59 of 100: loss=0.334004610777 object_loss=0.0202819351107 distance_loss=0.313722670078
Iteration 60 of 100: loss=0.327935636044 object_loss=0.013380618766 distance_loss=0.31455501914
Iteration 61 of 100: loss=0.318353950977 object_loss=0.00342958141118 distance_loss=0.314924359322
Iteration 62 of 100: loss=0.318720877171 object_loss=0.00328158959746 distance_loss=0.315439283848
Iteration 63 of 100: loss=0.320810943842 object_loss=0.00487832445651 distance_loss=0.315932631493
Iteration 64 of 100: loss=0.31892606616 object_loss=0.00302624469623 distance_loss=0.315899819136
Iteration 65 of 100: loss=0.318673849106 object_loss=0.00284426612779 distance_loss=0.315829575062
Iteration 66 of 100: loss=0.31961363554 object_loss=0.00371009414084 distance_loss=0.315903544426
Iteration 67 of 100: loss=0.319872409105 object_loss=0.00400303676724 distance_loss=0.315869361162
Iteration 68 of 100: loss=0.320644825697 object_loss=0.00496906135231 distance_loss=0.315675765276
Iteration 69 of 100: loss=0.321312993765 object_loss=0.00554230250418 distance_loss=0.315770685673
Iteration 70 of 100: loss=0.320030599833 object_loss=0.00419434439391 distance_loss=0.315836250782
Iteration 71 of 100: loss=0.319430470467 object_loss=0.00369631825015 distance_loss=0.315734148026
Iteration 72 of 100: loss=0.317749857903 object_loss=0.00238705612719 distance_loss=0.315362811089
Iteration 73 of 100: loss=0.317979961634 object_loss=0.00267605902627 distance_loss=0.315303891897
Iteration 74 of 100: loss=0.318723261356 object_loss=0.00366497738287 distance_loss=0.315058290958
Iteration 75 of 100: loss=0.321638345718 object_loss=0.00682083703578 distance_loss=0.314817517996
Iteration 76 of 100: loss=0.328560620546 object_loss=0.0142634836957 distance_loss=0.314297139645
Iteration 77 of 100: loss=0.329053968191 object_loss=0.0151766715571 distance_loss=0.313877284527
Iteration 78 of 100: loss=0.341906994581 object_loss=0.0279044881463 distance_loss=0.314002513885
Iteration 79 of 100: loss=0.32391667366 object_loss=0.00947944447398 distance_loss=0.314437240362
Iteration 80 of 100: loss=0.329267352819 object_loss=0.0144692724571 distance_loss=0.314798086882
Iteration 81 of 100: loss=0.322754353285 object_loss=0.00761071126908 distance_loss=0.31514364481
Iteration 82 of 100: loss=0.32626286149 object_loss=0.0111520057544 distance_loss=0.315110862255
Iteration 83 of 100: loss=0.32955005765 object_loss=0.0141575084999 distance_loss=0.315392553806
Iteration 84 of 100: loss=0.324483036995 object_loss=0.00856416393071 distance_loss=0.31591886282
Iteration 85 of 100: loss=0.327952206135 object_loss=0.0115822842345 distance_loss=0.316369920969
Iteration 86 of 100: loss=0.330638200045 object_loss=0.0132656591013 distance_loss=0.317372530699
Iteration 87 of 100: loss=0.323576569557 object_loss=0.00528825493529 distance_loss=0.318288326263
Iteration 88 of 100: loss=0.323332220316 object_loss=0.00451247114688 distance_loss=0.318819761276
Iteration 89 of 100: loss=0.321223825216 object_loss=0.00171892659273 distance_loss=0.319504886866
Iteration 90 of 100: loss=0.32355260849 object_loss=0.00320765818469 distance_loss=0.320344954729
Iteration 91 of 100: loss=0.322824984789 object_loss=0.00224881782196 distance_loss=0.320576161146
Iteration 92 of 100: loss=0.324071466923 object_loss=0.00359298964031 distance_loss=0.320478469133
Iteration 93 of 100: loss=0.32361137867 object_loss=0.00266800029203 distance_loss=0.320943385363
Iteration 94 of 100: loss=0.324296802282 object_loss=0.00317471311428 distance_loss=0.321122080088
Iteration 95 of 100: loss=0.32394862175 object_loss=0.00285182800144 distance_loss=0.321096807718
Iteration 96 of 100: loss=0.324630618095 object_loss=0.00354023766704 distance_loss=0.321090370417
Iteration 97 of 100: loss=0.326086729765 object_loss=0.00502033252269 distance_loss=0.321066409349
Iteration 98 of 100: loss=0.329076677561 object_loss=0.00813797675073 distance_loss=0.320938706398
Iteration 99 of 100: loss=0.328288525343 object_loss=0.00735858362168 distance_loss=0.320929944515
Iteration 0 of 100: loss=0.329423606396 object_loss=0.00888298638165 distance_loss=0.320540606976
Iteration 1 of 100: loss=0.326972544193 object_loss=0.0063208816573 distance_loss=0.320651650429
Iteration 2 of 100: loss=0.324003279209 object_loss=0.00342572527006 distance_loss=0.320577561855
Iteration 3 of 100: loss=0.323790162802 object_loss=0.00340855657123 distance_loss=0.320381611586
Iteration 4 of 100: loss=0.324049472809 object_loss=0.00393724255264 distance_loss=0.320112228394
Iteration 5 of 100: loss=0.322886735201 object_loss=0.00305264024064 distance_loss=0.319834083319
Iteration 6 of 100: loss=0.323409408331 object_loss=0.00385922193527 distance_loss=0.319550186396
Iteration 7 of 100: loss=0.324263393879 object_loss=0.00506608653814 distance_loss=0.319197297096
Iteration 8 of 100: loss=0.321554213762 object_loss=0.00277083087713 distance_loss=0.318783372641
Iteration 9 of 100: loss=0.320956170559 object_loss=0.00266903801821 distance_loss=0.318287134171
Iteration 10 of 100: loss=0.320983827114 object_loss=0.00301936897449 distance_loss=0.317964464426
Iteration 11 of 100: loss=0.321514755487 object_loss=0.00387543882243 distance_loss=0.317639321089
Iteration 12 of 100: loss=0.323264688253 object_loss=0.0064398990944 distance_loss=0.316824793816
Iteration 13 of 100: loss=0.323473185301 object_loss=0.00708389328793 distance_loss=0.316389292479
Iteration 14 of 100: loss=0.321313023567 object_loss=0.00527232885361 distance_loss=0.316040694714
Iteration 15 of 100: loss=0.32084569335 object_loss=0.00522319506854 distance_loss=0.315622508526
Iteration 16 of 100: loss=0.321894645691 object_loss=0.00671774055809 distance_loss=0.315176904202
Iteration 17 of 100: loss=0.317936360836 object_loss=0.00337437889539 distance_loss=0.314561992884
Iteration 18 of 100: loss=0.318981796503 object_loss=0.0050006126985 distance_loss=0.313981175423
Iteration 19 of 100: loss=0.317109197378 object_loss=0.00353056448512 distance_loss=0.313578635454
Iteration 20 of 100: loss=0.320557415485 object_loss=0.00740208337083 distance_loss=0.313155323267
Iteration 21 of 100: loss=0.323824048042 object_loss=0.0114645399153 distance_loss=0.312359511852
Iteration 22 of 100: loss=0.317013531923 object_loss=0.0049764579162 distance_loss=0.312037080526
Iteration 23 of 100: loss=0.316576689482 object_loss=0.00499559892341 distance_loss=0.311581104994
Iteration 24 of 100: loss=0.313091814518 object_loss=0.002367898589 distance_loss=0.310723930597
Iteration 25 of 100: loss=0.313289165497 object_loss=0.00318350736052 distance_loss=0.310105651617
Iteration 26 of 100: loss=0.311140626669 object_loss=0.00146494898945 distance_loss=0.30967566371
Iteration 27 of 100: loss=0.311107307673 object_loss=0.00204157573171 distance_loss=0.30906572938
Iteration 28 of 100: loss=0.310932636261 object_loss=0.00242938124575 distance_loss=0.308503240347
Iteration 29 of 100: loss=0.310162991285 object_loss=0.00221991585568 distance_loss=0.307943075895
Iteration 30 of 100: loss=0.311174541712 object_loss=0.00373519444838 distance_loss=0.307439357042
Iteration 31 of 100: loss=0.310033380985 object_loss=0.00301061314531 distance_loss=0.30702278018
Iteration 32 of 100: loss=0.308317393064 object_loss=0.00194968853611 distance_loss=0.306367695332
Iteration 33 of 100: loss=0.308746367693 object_loss=0.00267950026318 distance_loss=0.306066870689
Iteration 34 of 100: loss=0.30803924799 object_loss=0.00238541234285 distance_loss=0.305653840303
Iteration 35 of 100: loss=0.306915581226 object_loss=0.00187086756341 distance_loss=0.305044710636
Iteration 36 of 100: loss=0.306451618671 object_loss=0.00217627757229 distance_loss=0.304275333881
Iteration 37 of 100: loss=0.306471824646 object_loss=0.00261029135436 distance_loss=0.303861528635
Iteration 38 of 100: loss=0.305311918259 object_loss=0.00202003191225 distance_loss=0.303291887045
Iteration 39 of 100: loss=0.30917185545 object_loss=0.00627386011183 distance_loss=0.30289798975
Iteration 40 of 100: loss=0.306557506323 object_loss=0.00386922969483 distance_loss=0.302688270807
Iteration 41 of 100: loss=0.304745972157 object_loss=0.00245061190799 distance_loss=0.302295356989
Iteration 42 of 100: loss=0.332456201315 object_loss=0.03047773242 distance_loss=0.301978468895
Iteration 43 of 100: loss=0.324890196323 object_loss=0.0219068322331 distance_loss=0.302983373404
Iteration 44 of 100: loss=0.319750010967 object_loss=0.0155710754916 distance_loss=0.304178923368
Iteration 45 of 100: loss=0.326319217682 object_loss=0.0211549177766 distance_loss=0.305164307356
Iteration 46 of 100: loss=0.336079508066 object_loss=0.0299887992442 distance_loss=0.306090712547
Iteration 47 of 100: loss=0.328470855951 object_loss=0.0213890001178 distance_loss=0.307081848383
Iteration 48 of 100: loss=0.330803871155 object_loss=0.0227793119848 distance_loss=0.308024555445
Iteration 49 of 100: loss=0.318814247847 object_loss=0.00985809322447 distance_loss=0.30895614624
Iteration 50 of 100: loss=0.337270945311 object_loss=0.0271939691156 distance_loss=0.310076981783
Iteration 51 of 100: loss=0.410979270935 object_loss=0.0997762456536 distance_loss=0.311203032732
Iteration 52 of 100: loss=0.358504444361 object_loss=0.0454650856555 distance_loss=0.313039362431
Iteration 53 of 100: loss=0.350163161755 object_loss=0.0346031337976 distance_loss=0.315560013056
Iteration 54 of 100: loss=0.378613084555 object_loss=0.0606670752168 distance_loss=0.317946016788
Iteration 55 of 100: loss=0.367303699255 object_loss=0.0464638993144 distance_loss=0.32083979249
Iteration 56 of 100: loss=0.426982879639 object_loss=0.103535063565 distance_loss=0.323447823524
Iteration 57 of 100: loss=0.386805653572 object_loss=0.0595215409994 distance_loss=0.327284127474
Iteration 58 of 100: loss=0.392153739929 object_loss=0.0617437399924 distance_loss=0.330410003662
Iteration 59 of 100: loss=0.363980382681 object_loss=0.0304815210402 distance_loss=0.333498865366
Iteration 60 of 100: loss=1.1231136322 object_loss=0.786725521088 distance_loss=0.336388140917
Iteration 61 of 100: loss=0.566258788109 object_loss=0.225774049759 distance_loss=0.34048473835
Iteration 62 of 100: loss=0.428805232048 object_loss=0.0835628211498 distance_loss=0.345242410898
Iteration 63 of 100: loss=0.382217913866 object_loss=0.031792063266 distance_loss=0.350425839424
Iteration 64 of 100: loss=0.493243306875 object_loss=0.138000756502 distance_loss=0.355242550373
Iteration 65 of 100: loss=0.379745960236 object_loss=0.0196755398065 distance_loss=0.360070407391
Iteration 66 of 100: loss=0.369439452887 object_loss=0.00516289658844 distance_loss=0.364276558161
Iteration 67 of 100: loss=0.386217683554 object_loss=0.018160270527 distance_loss=0.368057399988
Iteration 68 of 100: loss=0.406471192837 object_loss=0.034526899457 distance_loss=0.371944308281
Iteration 69 of 100: loss=0.43376532197 object_loss=0.0581125058234 distance_loss=0.375652819872
Iteration 70 of 100: loss=0.426694482565 object_loss=0.0473413355649 distance_loss=0.379353135824
Iteration 71 of 100: loss=0.660337209702 object_loss=0.276788920164 distance_loss=0.38354831934
Iteration 72 of 100: loss=0.728823065758 object_loss=0.342472314835 distance_loss=0.386350780725
Iteration 73 of 100: loss=0.520090460777 object_loss=0.130183964968 distance_loss=0.389906466007
Iteration 74 of 100: loss=0.40428379178 object_loss=0.00993737764657 distance_loss=0.394346415997
Iteration 75 of 100: loss=0.528541147709 object_loss=0.130221620202 distance_loss=0.398319512606
Iteration 76 of 100: loss=0.415469974279 object_loss=0.0126944184303 distance_loss=0.402775555849
Iteration 77 of 100: loss=0.44098418951 object_loss=0.0342658720911 distance_loss=0.406718313694
Iteration 78 of 100: loss=0.413822412491 object_loss=0.00304707349278 distance_loss=0.410775333643
Iteration 79 of 100: loss=1.10107243061 object_loss=0.686487853527 distance_loss=0.414584547281
Iteration 80 of 100: loss=0.549211740494 object_loss=0.129979833961 distance_loss=0.419231921434
Iteration 81 of 100: loss=0.459574252367 object_loss=0.0354236662388 distance_loss=0.424150586128
Iteration 82 of 100: loss=0.487669438124 object_loss=0.0592410266399 distance_loss=0.428428411484
Iteration 83 of 100: loss=0.461117297411 object_loss=0.028643829748 distance_loss=0.432473480701
Iteration 84 of 100: loss=0.697123289108 object_loss=0.26092094183 distance_loss=0.436202347279
Iteration 85 of 100: loss=0.512121677399 object_loss=0.0727039054036 distance_loss=0.439417779446
Iteration 86 of 100: loss=0.495041966438 object_loss=0.0523761361837 distance_loss=0.442665815353
Iteration 87 of 100: loss=0.575450599194 object_loss=0.128722265363 distance_loss=0.446728348732
Iteration 88 of 100: loss=0.52687484026 object_loss=0.0759671032429 distance_loss=0.450907737017
Iteration 89 of 100: loss=0.531201422215 object_loss=0.0751878023148 distance_loss=0.4560136199
Iteration 90 of 100: loss=0.520712971687 object_loss=0.0596196353436 distance_loss=0.461093336344
Iteration 91 of 100: loss=0.50286257267 object_loss=0.0366171821952 distance_loss=0.466245412827
Iteration 92 of 100: loss=0.596893131733 object_loss=0.126352518797 distance_loss=0.470540612936
Iteration 93 of 100: loss=0.580061554909 object_loss=0.105834722519 distance_loss=0.474226862192
Iteration 94 of 100: loss=0.597785830498 object_loss=0.118873976171 distance_loss=0.478911846876
Iteration 95 of 100: loss=0.508233904839 object_loss=0.0240520257503 distance_loss=0.484181851149
Iteration 96 of 100: loss=0.625846624374 object_loss=0.137181431055 distance_loss=0.488665223122
Iteration 97 of 100: loss=0.602256894112 object_loss=0.10844451189 distance_loss=0.493812352419
Iteration 98 of 100: loss=0.510340332985 object_loss=0.012060531415 distance_loss=0.498279809952
Iteration 99 of 100: loss=0.525309860706 object_loss=0.0227987729013 distance_loss=0.50251108408
Iteration 0 of 100: loss=0.513658463955 object_loss=0.00684796273708 distance_loss=0.506810486317
Iteration 1 of 100: loss=0.543504297733 object_loss=0.0329373441637 distance_loss=0.510566949844
Iteration 2 of 100: loss=0.596938312054 object_loss=0.0825047940016 distance_loss=0.514433503151
Iteration 3 of 100: loss=0.649880826473 object_loss=0.131964325905 distance_loss=0.517916500568
Iteration 4 of 100: loss=0.581678032875 object_loss=0.0603688508272 distance_loss=0.521309196949
Iteration 5 of 100: loss=0.540777444839 object_loss=0.0158007610589 distance_loss=0.524976670742
Iteration 6 of 100: loss=0.563672184944 object_loss=0.0353019945323 distance_loss=0.528370201588
Iteration 7 of 100: loss=0.689594447613 object_loss=0.158232927322 distance_loss=0.53136152029
Iteration 8 of 100: loss=0.743106484413 object_loss=0.209575787187 distance_loss=0.533530712128
Iteration 9 of 100: loss=0.590212285519 object_loss=0.0534490793943 distance_loss=0.536763191223
Iteration 10 of 100: loss=0.563190698624 object_loss=0.0233107917011 distance_loss=0.539879918098
Iteration 11 of 100: loss=0.564390420914 object_loss=0.0216987468302 distance_loss=0.542691648006
Iteration 12 of 100: loss=0.559501230717 object_loss=0.014644080773 distance_loss=0.544857144356
Iteration 13 of 100: loss=0.564875125885 object_loss=0.0177505873144 distance_loss=0.547124564648
Iteration 14 of 100: loss=0.569475412369 object_loss=0.0202195942402 distance_loss=0.549255788326
Iteration 15 of 100: loss=0.570558547974 object_loss=0.0197853371501 distance_loss=0.550773203373
Iteration 16 of 100: loss=0.575484573841 object_loss=0.0233210362494 distance_loss=0.552163541317
Iteration 17 of 100: loss=0.569510757923 object_loss=0.0157006792724 distance_loss=0.553810060024
Iteration 18 of 100: loss=0.56710934639 object_loss=0.0116651747376 distance_loss=0.555444180965
Iteration 19 of 100: loss=0.566826105118 object_loss=0.0102326162159 distance_loss=0.556593477726
Iteration 20 of 100: loss=0.570617139339 object_loss=0.0134137151763 distance_loss=0.557203412056
Iteration 21 of 100: loss=0.60970979929 object_loss=0.0519014671445 distance_loss=0.557808339596
Iteration 22 of 100: loss=0.617243111134 object_loss=0.0583315864205 distance_loss=0.558911502361
Iteration 23 of 100: loss=0.578182697296 object_loss=0.0179699063301 distance_loss=0.560212790966
Iteration 24 of 100: loss=0.569147408009 object_loss=0.00805293489248 distance_loss=0.561094462872
Iteration 25 of 100: loss=0.571332216263 object_loss=0.00932351779193 distance_loss=0.562008678913
Iteration 26 of 100: loss=0.578875482082 object_loss=0.0161341298372 distance_loss=0.562741339207
Iteration 27 of 100: loss=0.593487560749 object_loss=0.0303102154285 distance_loss=0.563177347183
Iteration 28 of 100: loss=0.574293017387 object_loss=0.0111573953182 distance_loss=0.563135623932
Iteration 29 of 100: loss=0.580450892448 object_loss=0.0171859301627 distance_loss=0.563264966011
Iteration 30 of 100: loss=0.603292047977 object_loss=0.0396000221372 distance_loss=0.563692033291
Iteration 31 of 100: loss=0.584915101528 object_loss=0.020846510306 distance_loss=0.564068615437
Iteration 32 of 100: loss=0.571062624454 object_loss=0.00720749935135 distance_loss=0.563855111599
Iteration 33 of 100: loss=0.572255671024 object_loss=0.00820167735219 distance_loss=0.564054012299
Iteration 34 of 100: loss=0.580661773682 object_loss=0.0162225123495 distance_loss=0.564439237118
Iteration 35 of 100: loss=0.573532402515 object_loss=0.00885198544711 distance_loss=0.564680397511
Iteration 36 of 100: loss=0.571245908737 object_loss=0.00651505449787 distance_loss=0.564730882645
Iteration 37 of 100: loss=0.572561621666 object_loss=0.00758742494509 distance_loss=0.564974188805
Iteration 38 of 100: loss=0.574656784534 object_loss=0.00962435267866 distance_loss=0.565032422543
Iteration 39 of 100: loss=0.576277256012 object_loss=0.0113818515092 distance_loss=0.564895391464
Iteration 40 of 100: loss=0.575756967068 object_loss=0.0106627410278 distance_loss=0.565094232559
Iteration 41 of 100: loss=0.572417974472 object_loss=0.00728559074923 distance_loss=0.565132379532
Iteration 42 of 100: loss=0.57531696558 object_loss=0.0104475123808 distance_loss=0.564869463444
Iteration 43 of 100: loss=0.572132587433 object_loss=0.00712377764285 distance_loss=0.565008819103
Iteration 44 of 100: loss=0.569581866264 object_loss=0.00473218876868 distance_loss=0.564849674702
Iteration 45 of 100: loss=0.568070828915 object_loss=0.00333620118909 distance_loss=0.564734637737
Iteration 46 of 100: loss=0.567492187023 object_loss=0.00282452721149 distance_loss=0.564667642117
Iteration 47 of 100: loss=0.567509829998 object_loss=0.00319659686647 distance_loss=0.564313232899
Iteration 48 of 100: loss=0.566814303398 object_loss=0.00297260098159 distance_loss=0.563841700554
Iteration 49 of 100: loss=0.573506057262 object_loss=0.0100081553683 distance_loss=0.563497900963
Iteration 50 of 100: loss=0.57205581665 object_loss=0.00911743193865 distance_loss=0.562938392162
Iteration 51 of 100: loss=0.565900743008 object_loss=0.00336921680719 distance_loss=0.562531530857
Iteration 52 of 100: loss=0.5665756464 object_loss=0.00453768856823 distance_loss=0.562037944794
Iteration 53 of 100: loss=0.565926849842 object_loss=0.00447689928114 distance_loss=0.561449944973
Iteration 54 of 100: loss=0.56523168087 object_loss=0.00430599460378 distance_loss=0.560925662518
Iteration 55 of 100: loss=0.568997621536 object_loss=0.00845138635486 distance_loss=0.560546219349
Iteration 56 of 100: loss=0.571628987789 object_loss=0.011531948112 distance_loss=0.560097038746
Iteration 57 of 100: loss=0.57069092989 object_loss=0.0109192123637 distance_loss=0.559771716595
Iteration 58 of 100: loss=0.567088484764 object_loss=0.00722147291526 distance_loss=0.559867024422
Iteration 59 of 100: loss=0.575471282005 object_loss=0.0155997211114 distance_loss=0.559871554375
Iteration 60 of 100: loss=0.573046684265 object_loss=0.0132578872144 distance_loss=0.559788823128
Iteration 61 of 100: loss=0.566940784454 object_loss=0.00713017815724 distance_loss=0.559810578823
Iteration 62 of 100: loss=0.564139842987 object_loss=0.00421781418845 distance_loss=0.559922039509
Iteration 63 of 100: loss=0.565241158009 object_loss=0.00515578966588 distance_loss=0.560085356236
Iteration 64 of 100: loss=0.567801237106 object_loss=0.00809103995562 distance_loss=0.559710204601
Iteration 65 of 100: loss=0.566654741764 object_loss=0.00717981159687 distance_loss=0.559474945068
Iteration 66 of 100: loss=0.564202070236 object_loss=0.00490274000913 distance_loss=0.559299349785
Iteration 67 of 100: loss=0.564384043217 object_loss=0.00528393499553 distance_loss=0.559100091457
Iteration 68 of 100: loss=0.563296496868 object_loss=0.00477717630565 distance_loss=0.558519303799
Iteration 69 of 100: loss=0.571911633015 object_loss=0.0135610885918 distance_loss=0.558350563049
Iteration 70 of 100: loss=0.568135797977 object_loss=0.00972695089877 distance_loss=0.558408856392
Iteration 71 of 100: loss=0.565086841583 object_loss=0.00682982709259 distance_loss=0.558257043362
Iteration 72 of 100: loss=0.5611795187 object_loss=0.00330985058099 distance_loss=0.557869672775
Iteration 73 of 100: loss=0.559908866882 object_loss=0.00219808355905 distance_loss=0.557710766792
Iteration 74 of 100: loss=0.560037732124 object_loss=0.00260643125512 distance_loss=0.557431280613
Iteration 75 of 100: loss=0.56160390377 object_loss=0.00458613084629 distance_loss=0.557017743587
Iteration 76 of 100: loss=0.560828626156 object_loss=0.00428462261334 distance_loss=0.556544005871
Iteration 77 of 100: loss=0.56407648325 object_loss=0.00790408533067 distance_loss=0.556172370911
Iteration 78 of 100: loss=0.560673356056 object_loss=0.00468625454232 distance_loss=0.555987119675
Iteration 79 of 100: loss=0.562977313995 object_loss=0.0072006713599 distance_loss=0.555776655674
Iteration 80 of 100: loss=0.560946166515 object_loss=0.00549079477787 distance_loss=0.555455386639
Iteration 81 of 100: loss=0.561975479126 object_loss=0.00679019559175 distance_loss=0.555185258389
Iteration 82 of 100: loss=0.561060607433 object_loss=0.00636781333014 distance_loss=0.554692804813
Iteration 83 of 100: loss=0.562376439571 object_loss=0.00815413706005 distance_loss=0.554222285748
Iteration 84 of 100: loss=0.562982261181 object_loss=0.00926079321653 distance_loss=0.553721487522
Iteration 85 of 100: loss=0.55835044384 object_loss=0.00523602496833 distance_loss=0.553114414215
Iteration 86 of 100: loss=0.558369457722 object_loss=0.00569281820208 distance_loss=0.552676618099
Iteration 87 of 100: loss=0.562413930893 object_loss=0.0104176960886 distance_loss=0.551996231079
Iteration 88 of 100: loss=0.556172668934 object_loss=0.00508842337877 distance_loss=0.551084220409
Iteration 89 of 100: loss=0.554973483086 object_loss=0.00457678968087 distance_loss=0.550396680832
Iteration 90 of 100: loss=0.556778073311 object_loss=0.00681041087955 distance_loss=0.549967646599
Iteration 91 of 100: loss=0.555196881294 object_loss=0.00568703468889 distance_loss=0.549509823322
Iteration 92 of 100: loss=0.552291154861 object_loss=0.00383643130772 distance_loss=0.5484547019
Iteration 93 of 100: loss=0.552581369877 object_loss=0.00464133871719 distance_loss=0.547940015793
Iteration 94 of 100: loss=0.551684319973 object_loss=0.0043292818591 distance_loss=0.547355055809
Iteration 95 of 100: loss=0.549986481667 object_loss=0.0033451882191 distance_loss=0.546641290188
Iteration 96 of 100: loss=0.548239409924 object_loss=0.00242718867958 distance_loss=0.545812249184
Iteration 97 of 100: loss=0.547451913357 object_loss=0.00239031645469 distance_loss=0.545061588287
Iteration 98 of 100: loss=0.547448635101 object_loss=0.00312253832817 distance_loss=0.544326126575
Iteration 99 of 100: loss=0.547089874744 object_loss=0.00357451941818 distance_loss=0.543515384197
Iteration 0 of 100: loss=0.54580116272 object_loss=0.0031349544879 distance_loss=0.542666196823
Iteration 1 of 100: loss=0.54624325037 object_loss=0.00433766189963 distance_loss=0.541905581951
Iteration 2 of 100: loss=0.546269059181 object_loss=0.00500837201253 distance_loss=0.541260659695
Iteration 3 of 100: loss=0.569445133209 object_loss=0.028712278232 distance_loss=0.540732860565
Iteration 4 of 100: loss=0.546344518661 object_loss=0.0063746268861 distance_loss=0.539969921112
Iteration 5 of 100: loss=0.546539306641 object_loss=0.00717834383249 distance_loss=0.539360940456
Iteration 6 of 100: loss=0.548051178455 object_loss=0.00922366417944 distance_loss=0.53882753849
Iteration 7 of 100: loss=0.54352325201 object_loss=0.00550225330517 distance_loss=0.538021028042
Iteration 8 of 100: loss=0.590077698231 object_loss=0.0527287945151 distance_loss=0.537348926067
Iteration 9 of 100: loss=0.57397133112 object_loss=0.0363034531474 distance_loss=0.537667870522
Iteration 10 of 100: loss=0.547406852245 object_loss=0.00926252640784 distance_loss=0.538144350052
Iteration 11 of 100: loss=0.550477862358 object_loss=0.0119860908017 distance_loss=0.538491785526
Iteration 12 of 100: loss=0.553738117218 object_loss=0.0149321826175 distance_loss=0.538805961609
Iteration 13 of 100: loss=0.551041007042 object_loss=0.0115984417498 distance_loss=0.539442539215
Iteration 14 of 100: loss=0.549471318722 object_loss=0.0092586055398 distance_loss=0.54021269083
Iteration 15 of 100: loss=0.647138237953 object_loss=0.106217771769 distance_loss=0.540920495987
Iteration 16 of 100: loss=0.615793347359 object_loss=0.0747620016336 distance_loss=0.541031360626
Iteration 17 of 100: loss=0.549314618111 object_loss=0.00792788621038 distance_loss=0.541386723518
Iteration 18 of 100: loss=0.549552083015 object_loss=0.0077449362725 distance_loss=0.541807174683
Iteration 19 of 100: loss=0.560388565063 object_loss=0.0180779267102 distance_loss=0.542310655117
Iteration 20 of 100: loss=0.564457654953 object_loss=0.0217488240451 distance_loss=0.542708814144
Iteration 21 of 100: loss=0.723358094692 object_loss=0.1805267483 distance_loss=0.542831361294
Iteration 22 of 100: loss=0.613552868366 object_loss=0.0699930787086 distance_loss=0.543559789658
Iteration 23 of 100: loss=0.640746712685 object_loss=0.0967277362943 distance_loss=0.544018983841
Iteration 24 of 100: loss=0.571178495884 object_loss=0.0264093093574 distance_loss=0.5447691679
Iteration 25 of 100: loss=0.582065343857 object_loss=0.0364300124347 distance_loss=0.545635342598
Iteration 26 of 100: loss=0.57242757082 object_loss=0.025945270434 distance_loss=0.5464823246
Iteration 27 of 100: loss=0.56798106432 object_loss=0.0207715891302 distance_loss=0.547209501266
Iteration 28 of 100: loss=0.557932913303 object_loss=0.0104118408635 distance_loss=0.547521054745
Iteration 29 of 100: loss=0.558855473995 object_loss=0.0107630910352 distance_loss=0.548092365265
Iteration 30 of 100: loss=0.564041733742 object_loss=0.0151435043663 distance_loss=0.548898220062
Iteration 31 of 100: loss=0.564934909344 object_loss=0.0156004857272 distance_loss=0.549334406853
Iteration 32 of 100: loss=0.566722035408 object_loss=0.0172485113144 distance_loss=0.549473524094
Iteration 33 of 100: loss=0.555903017521 object_loss=0.00596914906055 distance_loss=0.549933850765
Iteration 34 of 100: loss=0.566755771637 object_loss=0.0167100653052 distance_loss=0.550045728683
Iteration 35 of 100: loss=0.557537317276 object_loss=0.00714493915439 distance_loss=0.550392389297
Iteration 36 of 100: loss=0.554656088352 object_loss=0.00397341139615 distance_loss=0.550682663918
Iteration 37 of 100: loss=0.55727404356 object_loss=0.00646666251123 distance_loss=0.550807356834
Iteration 38 of 100: loss=0.566365718842 object_loss=0.0152460625395 distance_loss=0.551119685173
Iteration 39 of 100: loss=0.556771099567 object_loss=0.00525628961623 distance_loss=0.551514804363
Iteration 40 of 100: loss=0.555167615414 object_loss=0.00375755410641 distance_loss=0.551410079002
Iteration 41 of 100: loss=0.555964946747 object_loss=0.00450010364875 distance_loss=0.551464855671
Iteration 42 of 100: loss=0.55622535944 object_loss=0.00436411472037 distance_loss=0.551861226559
Iteration 43 of 100: loss=0.560126543045 object_loss=0.00830249488354 distance_loss=0.55182403326
Iteration 44 of 100: loss=0.556636154652 object_loss=0.00527428463101 distance_loss=0.551361858845
Iteration 45 of 100: loss=0.555612325668 object_loss=0.00460608722642 distance_loss=0.551006257534
Iteration 46 of 100: loss=0.555248379707 object_loss=0.00445255450904 distance_loss=0.550795853138
Iteration 47 of 100: loss=0.55768853426 object_loss=0.00724340975285 distance_loss=0.550445139408
Iteration 48 of 100: loss=0.556439518929 object_loss=0.00669713644311 distance_loss=0.549742400646
Iteration 49 of 100: loss=0.556755423546 object_loss=0.0072012799792 distance_loss=0.549554169178
Iteration 50 of 100: loss=0.560127675533 object_loss=0.0108237471431 distance_loss=0.549303948879
Iteration 51 of 100: loss=0.556939065456 object_loss=0.007937037386 distance_loss=0.549002051353
Iteration 52 of 100: loss=0.55318069458 object_loss=0.00495237438008 distance_loss=0.54822832346
Iteration 53 of 100: loss=0.552268564701 object_loss=0.00440308265388 distance_loss=0.547865509987
Iteration 54 of 100: loss=0.553708612919 object_loss=0.00622616056353 distance_loss=0.547482430935
Iteration 55 of 100: loss=0.561008036137 object_loss=0.0139953959733 distance_loss=0.547012627125
Iteration 56 of 100: loss=0.553453326225 object_loss=0.00660190405324 distance_loss=0.546851396561
Iteration 57 of 100: loss=0.552048623562 object_loss=0.005385925062 distance_loss=0.546662688255
Iteration 58 of 100: loss=0.554147064686 object_loss=0.00774166546762 distance_loss=0.546405375004
Iteration 59 of 100: loss=0.561819195747 object_loss=0.0156466849148 distance_loss=0.546172499657
Iteration 60 of 100: loss=0.557791233063 object_loss=0.0116920666769 distance_loss=0.546099185944
Iteration 61 of 100: loss=0.558545529842 object_loss=0.0126441018656 distance_loss=0.545901417732
Iteration 62 of 100: loss=0.567095518112 object_loss=0.0214703977108 distance_loss=0.545625090599
Iteration 63 of 100: loss=0.558247745037 object_loss=0.0128133613616 distance_loss=0.545434355736
Iteration 64 of 100: loss=0.563945412636 object_loss=0.0188925862312 distance_loss=0.545052826405
Iteration 65 of 100: loss=0.55747115612 object_loss=0.0128227509558 distance_loss=0.54464840889
Iteration 66 of 100: loss=0.553975701332 object_loss=0.00946102198213 distance_loss=0.544514656067
Iteration 67 of 100: loss=0.555343687534 object_loss=0.0111019751057 distance_loss=0.544241726398
Iteration 68 of 100: loss=0.568327128887 object_loss=0.0244839973748 distance_loss=0.543843150139
Iteration 69 of 100: loss=0.557119548321 object_loss=0.0133569259197 distance_loss=0.543762624264
Iteration 70 of 100: loss=0.551448404789 object_loss=0.00755434203893 distance_loss=0.543894052505
Iteration 71 of 100: loss=0.550117433071 object_loss=0.00627874489874 distance_loss=0.54383867979
Iteration 72 of 100: loss=0.549099624157 object_loss=0.0055445600301 distance_loss=0.543555080891
Iteration 73 of 100: loss=0.552436172962 object_loss=0.00884526316077 distance_loss=0.543590903282
Iteration 74 of 100: loss=0.557484388351 object_loss=0.0138213839382 distance_loss=0.543663024902
Iteration 75 of 100: loss=0.551281809807 object_loss=0.0076433327049 distance_loss=0.543638467789
Iteration 76 of 100: loss=0.555288612843 object_loss=0.0120853474364 distance_loss=0.543203294277
Iteration 77 of 100: loss=0.551557838917 object_loss=0.0086172753945 distance_loss=0.542940557003
Iteration 78 of 100: loss=0.559481024742 object_loss=0.0167641341686 distance_loss=0.542716920376
Iteration 79 of 100: loss=0.555583894253 object_loss=0.012787074782 distance_loss=0.5427967906
Iteration 80 of 100: loss=0.550454437733 object_loss=0.00770541839302 distance_loss=0.542749047279
Iteration 81 of 100: loss=0.554635167122 object_loss=0.0118103586137 distance_loss=0.542824804783
Iteration 82 of 100: loss=0.559526622295 object_loss=0.0168314836919 distance_loss=0.54269516468
Iteration 83 of 100: loss=0.555877447128 object_loss=0.0134660461918 distance_loss=0.542411386967
Iteration 84 of 100: loss=0.565254449844 object_loss=0.022986875847 distance_loss=0.542267560959
Iteration 85 of 100: loss=0.562314093113 object_loss=0.0199938025326 distance_loss=0.542320311069
Iteration 86 of 100: loss=0.556584835052 object_loss=0.014243981801 distance_loss=0.542340874672
Iteration 87 of 100: loss=0.553196668625 object_loss=0.0108602251858 distance_loss=0.542336463928
Iteration 88 of 100: loss=0.55083990097 object_loss=0.00911481771618 distance_loss=0.541725099087
Iteration 89 of 100: loss=0.556034624577 object_loss=0.0146297579631 distance_loss=0.54140484333
Iteration 90 of 100: loss=0.550693571568 object_loss=0.00952996965498 distance_loss=0.541163623333
Iteration 91 of 100: loss=0.554377675056 object_loss=0.0135158188641 distance_loss=0.540861845016
Iteration 92 of 100: loss=0.564854979515 object_loss=0.0242929141968 distance_loss=0.540562093258
Iteration 93 of 100: loss=0.562829852104 object_loss=0.0222946107388 distance_loss=0.540535271168
Iteration 94 of 100: loss=0.586845397949 object_loss=0.0466495268047 distance_loss=0.54019588232
Iteration 95 of 100: loss=0.56326341629 object_loss=0.0236436929554 distance_loss=0.539619743824
Iteration 96 of 100: loss=0.578903198242 object_loss=0.0393242612481 distance_loss=0.539578914642
Iteration 97 of 100: loss=0.576013207436 object_loss=0.036171041429 distance_loss=0.539842188358
Iteration 98 of 100: loss=0.569911897182 object_loss=0.0298045072705 distance_loss=0.540107369423
Iteration 99 of 100: loss=0.580279052258 object_loss=0.0400126576424 distance_loss=0.540266394615
Iteration 0 of 100: loss=0.561148226261 object_loss=0.0211040917784 distance_loss=0.540044128895
Iteration 1 of 100: loss=0.554500102997 object_loss=0.0145878512412 distance_loss=0.539912223816
Iteration 2 of 100: loss=0.551642477512 object_loss=0.011525105685 distance_loss=0.540117383003
Iteration 3 of 100: loss=0.561716675758 object_loss=0.0214784536511 distance_loss=0.540238201618
Iteration 4 of 100: loss=0.55894780159 object_loss=0.0189847387373 distance_loss=0.539963066578
Iteration 5 of 100: loss=0.544931828976 object_loss=0.00513602932915 distance_loss=0.539795815945
Iteration 6 of 100: loss=0.544050395489 object_loss=0.00434934906662 distance_loss=0.539701044559
Iteration 7 of 100: loss=0.545637309551 object_loss=0.00632628053427 distance_loss=0.539311051369
Iteration 8 of 100: loss=0.547392249107 object_loss=0.00859662238508 distance_loss=0.538795650005
Iteration 9 of 100: loss=0.562422811985 object_loss=0.0239084716886 distance_loss=0.538514316082
Iteration 10 of 100: loss=0.556949555874 object_loss=0.018482670188 distance_loss=0.538466870785
Iteration 11 of 100: loss=0.554514229298 object_loss=0.0163212958723 distance_loss=0.538192927837
Iteration 12 of 100: loss=0.564981102943 object_loss=0.0277247149497 distance_loss=0.537256360054
Iteration 13 of 100: loss=0.559233248234 object_loss=0.022369960323 distance_loss=0.536863267422
Iteration 14 of 100: loss=0.559496045113 object_loss=0.022899672389 distance_loss=0.536596357822
Iteration 15 of 100: loss=0.562967896461 object_loss=0.026911245659 distance_loss=0.536056637764
Iteration 16 of 100: loss=0.574065387249 object_loss=0.0387609750032 distance_loss=0.535304427147
Iteration 17 of 100: loss=0.544373035431 object_loss=0.00919331330806 distance_loss=0.53517973423
Iteration 18 of 100: loss=0.544602513313 object_loss=0.00952957756817 distance_loss=0.535072922707
Iteration 19 of 100: loss=0.543884813786 object_loss=0.0088759129867 distance_loss=0.535008907318
Iteration 20 of 100: loss=0.547349750996 object_loss=0.0124562270939 distance_loss=0.534893512726
Iteration 21 of 100: loss=0.593702375889 object_loss=0.0592023506761 distance_loss=0.534500002861
Iteration 22 of 100: loss=0.562877416611 object_loss=0.0284591726959 distance_loss=0.534418225288
Iteration 23 of 100: loss=0.554193019867 object_loss=0.0199986547232 distance_loss=0.534194350243
Iteration 24 of 100: loss=0.551249563694 object_loss=0.0176876205951 distance_loss=0.533561944962
Iteration 25 of 100: loss=0.547266900539 object_loss=0.0140847712755 distance_loss=0.533182144165
Iteration 26 of 100: loss=0.583228826523 object_loss=0.0501671209931 distance_loss=0.533061683178
Iteration 27 of 100: loss=0.751429796219 object_loss=0.218642890453 distance_loss=0.532786905766
Iteration 28 of 100: loss=0.547378599644 object_loss=0.0154127757996 distance_loss=0.531965851784
Iteration 29 of 100: loss=0.585592865944 object_loss=0.053901642561 distance_loss=0.531691193581
Iteration 30 of 100: loss=0.536233484745 object_loss=0.00487908953801 distance_loss=0.531354367733
Iteration 31 of 100: loss=0.561547756195 object_loss=0.0304709617049 distance_loss=0.531076788902
Iteration 32 of 100: loss=0.535081088543 object_loss=0.00396503973752 distance_loss=0.531116068363
Iteration 33 of 100: loss=0.540652513504 object_loss=0.00890317093581 distance_loss=0.531749367714
Iteration 34 of 100: loss=0.53950303793 object_loss=0.00736670568585 distance_loss=0.532136321068
Iteration 35 of 100: loss=0.540327012539 object_loss=0.0078945858404 distance_loss=0.532432436943
Iteration 36 of 100: loss=0.539913594723 object_loss=0.00729441735893 distance_loss=0.532619178295
Iteration 37 of 100: loss=0.540059924126 object_loss=0.0070784878917 distance_loss=0.532981455326
Iteration 38 of 100: loss=0.555501580238 object_loss=0.0223942250013 distance_loss=0.533107340336
Iteration 39 of 100: loss=0.557898044586 object_loss=0.0247846413404 distance_loss=0.53311342001
Iteration 40 of 100: loss=0.554432570934 object_loss=0.0216956064105 distance_loss=0.532736957073
Iteration 41 of 100: loss=0.564823687077 object_loss=0.0323804616928 distance_loss=0.532443225384
Iteration 42 of 100: loss=0.564310014248 object_loss=0.032138466835 distance_loss=0.532171547413
Iteration 43 of 100: loss=0.56123650074 object_loss=0.0295572020113 distance_loss=0.531679272652
Iteration 44 of 100: loss=0.541226744652 object_loss=0.00982964970171 distance_loss=0.531397104263
Iteration 45 of 100: loss=0.536889731884 object_loss=0.0053298426792 distance_loss=0.531559884548
Iteration 46 of 100: loss=0.540951907635 object_loss=0.009187403135 distance_loss=0.531764507294
Iteration 47 of 100: loss=0.535898089409 object_loss=0.0041030254215 distance_loss=0.531795084476
Iteration 48 of 100: loss=0.536550998688 object_loss=0.00480949971825 distance_loss=0.531741499901
Iteration 49 of 100: loss=0.543959677219 object_loss=0.0122113693506 distance_loss=0.53174829483
Iteration 50 of 100: loss=0.540062308311 object_loss=0.00799257215112 distance_loss=0.53206974268
Iteration 51 of 100: loss=0.541183412075 object_loss=0.00903622061014 distance_loss=0.532147169113
Iteration 52 of 100: loss=0.562508702278 object_loss=0.0306585095823 distance_loss=0.531850218773
Iteration 53 of 100: loss=0.54794293642 object_loss=0.0159599836916 distance_loss=0.531982958317
Iteration 54 of 100: loss=0.536426484585 object_loss=0.00409015268087 distance_loss=0.532336354256
Iteration 55 of 100: loss=0.536001801491 object_loss=0.00351523980498 distance_loss=0.532486557961
Iteration 56 of 100: loss=0.537059247494 object_loss=0.00447007268667 distance_loss=0.532589197159
Iteration 57 of 100: loss=0.538190543652 object_loss=0.00544159905985 distance_loss=0.532748937607
Iteration 58 of 100: loss=0.559990406036 object_loss=0.0271696727723 distance_loss=0.532820761204
Iteration 59 of 100: loss=0.553683340549 object_loss=0.0207217857242 distance_loss=0.532961547375
Iteration 60 of 100: loss=0.552353620529 object_loss=0.0194455087185 distance_loss=0.532908082008
Iteration 61 of 100: loss=0.539544463158 object_loss=0.00680250069126 distance_loss=0.532741963863
Iteration 62 of 100: loss=0.538427829742 object_loss=0.00581226916984 distance_loss=0.532615542412
Iteration 63 of 100: loss=0.548217594624 object_loss=0.0157407559454 distance_loss=0.532476842403
Iteration 64 of 100: loss=0.545172929764 object_loss=0.013025149703 distance_loss=0.53214776516
Iteration 65 of 100: loss=0.540644884109 object_loss=0.0088317822665 distance_loss=0.531813085079
Iteration 66 of 100: loss=0.53825956583 object_loss=0.00677349418402 distance_loss=0.531486093998
Iteration 67 of 100: loss=0.543675661087 object_loss=0.0126470215619 distance_loss=0.531028628349
Iteration 68 of 100: loss=0.54328584671 object_loss=0.0127156740054 distance_loss=0.530570149422
Iteration 69 of 100: loss=0.541714906693 object_loss=0.0114765297621 distance_loss=0.530238389969
Iteration 70 of 100: loss=0.551404774189 object_loss=0.0213653407991 distance_loss=0.530039429665
Iteration 71 of 100: loss=0.539212942123 object_loss=0.00912271440029 distance_loss=0.530090212822
Iteration 72 of 100: loss=0.534493803978 object_loss=0.005156442523 distance_loss=0.529337346554
Iteration 73 of 100: loss=0.533070206642 object_loss=0.00412816274911 distance_loss=0.52894204855
Iteration 74 of 100: loss=0.532715976238 object_loss=0.0039859674871 distance_loss=0.528730034828
Iteration 75 of 100: loss=0.537985503674 object_loss=0.00951056648046 distance_loss=0.528474926949
Iteration 76 of 100: loss=0.533556938171 object_loss=0.00554037187248 distance_loss=0.52801656723
Iteration 77 of 100: loss=0.533400535583 object_loss=0.00573724042624 distance_loss=0.527663290501
Iteration 78 of 100: loss=0.534092783928 object_loss=0.0069191083312 distance_loss=0.527173697948
Iteration 79 of 100: loss=0.531262993813 object_loss=0.00434730667621 distance_loss=0.526915669441
Iteration 80 of 100: loss=0.531579136848 object_loss=0.00503374030814 distance_loss=0.526545405388
Iteration 81 of 100: loss=0.530843794346 object_loss=0.00502415653318 distance_loss=0.525819659233
Iteration 82 of 100: loss=0.529657304287 object_loss=0.00418010167778 distance_loss=0.525477230549
Iteration 83 of 100: loss=0.529035210609 object_loss=0.0039138882421 distance_loss=0.525121331215
Iteration 84 of 100: loss=0.527223944664 object_loss=0.00292003853247 distance_loss=0.524303913116
Iteration 85 of 100: loss=0.52650642395 object_loss=0.00298835011199 distance_loss=0.52351808548
Iteration 86 of 100: loss=0.528252065182 object_loss=0.00504993880168 distance_loss=0.523202121258
Iteration 87 of 100: loss=0.52866256237 object_loss=0.00610550772399 distance_loss=0.522557079792
Iteration 88 of 100: loss=0.527959823608 object_loss=0.0062291151844 distance_loss=0.521730720997
Iteration 89 of 100: loss=0.52742344141 object_loss=0.00614249473438 distance_loss=0.521280944347
Iteration 90 of 100: loss=0.524549007416 object_loss=0.00370353762992 distance_loss=0.520845472813
Iteration 91 of 100: loss=0.524624228477 object_loss=0.00433718645945 distance_loss=0.520287036896
Iteration 92 of 100: loss=0.524656176567 object_loss=0.00520778400823 distance_loss=0.519448399544
Iteration 93 of 100: loss=0.523540258408 object_loss=0.00456913374364 distance_loss=0.518971145153
Iteration 94 of 100: loss=0.523361742496 object_loss=0.00500602135435 distance_loss=0.518355727196
Iteration 95 of 100: loss=0.522718012333 object_loss=0.0049603478983 distance_loss=0.51775765419
Iteration 96 of 100: loss=0.525989830494 object_loss=0.00897012650967 distance_loss=0.517019689083
Iteration 97 of 100: loss=0.520128428936 object_loss=0.00328007433563 distance_loss=0.516848325729
Iteration 98 of 100: loss=0.52457433939 object_loss=0.00800595805049 distance_loss=0.516568362713
Iteration 99 of 100: loss=0.522191286087 object_loss=0.00609397282824 distance_loss=0.516097307205
Iteration 0 of 100: loss=0.525582432747 object_loss=0.00979100260884 distance_loss=0.515791416168
Iteration 1 of 100: loss=0.52419936657 object_loss=0.00853827316314 distance_loss=0.515661120415
Iteration 2 of 100: loss=0.524382531643 object_loss=0.00922803767025 distance_loss=0.515154480934
Iteration 3 of 100: loss=0.523482561111 object_loss=0.00887441076338 distance_loss=0.51460814476
Iteration 4 of 100: loss=0.522419095039 object_loss=0.00818774104118 distance_loss=0.514231324196
Iteration 5 of 100: loss=0.521829903126 object_loss=0.00815098360181 distance_loss=0.513678908348
Iteration 6 of 100: loss=0.523152172565 object_loss=0.00992180593312 distance_loss=0.513230383396
Iteration 7 of 100: loss=0.524216175079 object_loss=0.0115223955363 distance_loss=0.512693762779
Iteration 8 of 100: loss=0.52002286911 object_loss=0.00814840570092 distance_loss=0.511874437332
Iteration 9 of 100: loss=0.522220611572 object_loss=0.0107485204935 distance_loss=0.51147210598
Iteration 10 of 100: loss=0.525641918182 object_loss=0.0144135234877 distance_loss=0.511228382587
Iteration 11 of 100: loss=0.523454964161 object_loss=0.0127480234951 distance_loss=0.510706961155
Iteration 12 of 100: loss=0.519395530224 object_loss=0.00949671119452 distance_loss=0.509898841381
Iteration 13 of 100: loss=0.515706479549 object_loss=0.00626376736909 distance_loss=0.509442687035
Iteration 14 of 100: loss=0.516557335854 object_loss=0.0075758388266 distance_loss=0.508981525898
Iteration 15 of 100: loss=0.516058862209 object_loss=0.00745104765519 distance_loss=0.508607804775
Iteration 16 of 100: loss=0.519247174263 object_loss=0.0115092294291 distance_loss=0.507737934589
Iteration 17 of 100: loss=0.517645835876 object_loss=0.0104572977871 distance_loss=0.507188558578
Iteration 18 of 100: loss=0.520736813545 object_loss=0.0139839537442 distance_loss=0.506752848625
Iteration 19 of 100: loss=0.517173886299 object_loss=0.0108112376183 distance_loss=0.50636267662
Iteration 20 of 100: loss=0.519375801086 object_loss=0.0137134185061 distance_loss=0.505662381649
Iteration 21 of 100: loss=0.532501339912 object_loss=0.0272466111928 distance_loss=0.505254745483
Iteration 22 of 100: loss=0.557910919189 object_loss=0.0527958571911 distance_loss=0.505115032196
Iteration 23 of 100: loss=0.554945588112 object_loss=0.0500315763056 distance_loss=0.504913985729
Iteration 24 of 100: loss=0.530123829842 object_loss=0.025357645005 distance_loss=0.50476616621
Iteration 25 of 100: loss=0.52703589201 object_loss=0.0224710125476 distance_loss=0.504564881325
Iteration 26 of 100: loss=0.523130834103 object_loss=0.0187763068825 distance_loss=0.504354536533
Iteration 27 of 100: loss=0.521959602833 object_loss=0.0179898552597 distance_loss=0.503969728947
Iteration 28 of 100: loss=0.5135461092 object_loss=0.00998250953853 distance_loss=0.503563582897
Iteration 29 of 100: loss=0.514042675495 object_loss=0.0105546331033 distance_loss=0.503488063812
Iteration 30 of 100: loss=0.527687609196 object_loss=0.0241809729487 distance_loss=0.503506660461
Iteration 31 of 100: loss=0.512762844563 object_loss=0.00926441513002 distance_loss=0.50349843502
Iteration 32 of 100: loss=0.513639688492 object_loss=0.0107467006892 distance_loss=0.502892971039
Iteration 33 of 100: loss=0.512730896473 object_loss=0.0100051686168 distance_loss=0.502725720406
Iteration 34 of 100: loss=0.520901978016 object_loss=0.0183629672974 distance_loss=0.502539038658
Iteration 35 of 100: loss=0.57188141346 object_loss=0.0695375204086 distance_loss=0.502343893051
Iteration 36 of 100: loss=0.566721916199 object_loss=0.0642577111721 distance_loss=0.502464175224
Iteration 37 of 100: loss=0.536394536495 object_loss=0.0338430404663 distance_loss=0.502551496029
Iteration 38 of 100: loss=0.542848587036 object_loss=0.0401575006545 distance_loss=0.502691090107
Iteration 39 of 100: loss=0.534571647644 object_loss=0.0319237560034 distance_loss=0.50264787674
Iteration 40 of 100: loss=0.527774453163 object_loss=0.0254148244858 distance_loss=0.502359628677
Iteration 41 of 100: loss=0.51489931345 object_loss=0.0129784084857 distance_loss=0.501920878887
Iteration 42 of 100: loss=0.512847065926 object_loss=0.0109345894307 distance_loss=0.501912474632
Iteration 43 of 100: loss=0.510238170624 object_loss=0.00823802128434 distance_loss=0.502000153065
Iteration 44 of 100: loss=0.519179999828 object_loss=0.0176354441792 distance_loss=0.50154453516
Iteration 45 of 100: loss=0.515624046326 object_loss=0.0142610343173 distance_loss=0.501363039017
Iteration 46 of 100: loss=0.510763406754 object_loss=0.00965557992458 distance_loss=0.501107811928
Iteration 47 of 100: loss=0.514340996742 object_loss=0.0134726949036 distance_loss=0.500868320465
Iteration 48 of 100: loss=0.511385083199 object_loss=0.0109202591702 distance_loss=0.50046479702
Iteration 49 of 100: loss=0.507395088673 object_loss=0.00710414396599 distance_loss=0.500290930271
Iteration 50 of 100: loss=0.503897249699 object_loss=0.00381208700128 distance_loss=0.500085175037
Iteration 51 of 100: loss=0.509127020836 object_loss=0.00923246890306 distance_loss=0.499894559383
Iteration 52 of 100: loss=0.51119440794 object_loss=0.0113217532635 distance_loss=0.499872654676
Iteration 53 of 100: loss=0.514682710171 object_loss=0.0145576214418 distance_loss=0.500125110149
Iteration 54 of 100: loss=0.524684250355 object_loss=0.0242582578212 distance_loss=0.500425994396
Iteration 55 of 100: loss=0.505175709724 object_loss=0.00494377873838 distance_loss=0.500231921673
Iteration 56 of 100: loss=0.50491964817 object_loss=0.0051841866225 distance_loss=0.499735474586
Iteration 57 of 100: loss=0.505252599716 object_loss=0.00578276906163 distance_loss=0.499469846487
Iteration 58 of 100: loss=0.50225186348 object_loss=0.00294716772623 distance_loss=0.499304682016
Iteration 59 of 100: loss=0.50233733654 object_loss=0.00343719497323 distance_loss=0.498900145292
Iteration 60 of 100: loss=0.501095473766 object_loss=0.00257778191008 distance_loss=0.498517692089
Iteration 61 of 100: loss=0.501145839691 object_loss=0.00309228897095 distance_loss=0.498053520918
Iteration 62 of 100: loss=0.500809073448 object_loss=0.00314465886913 distance_loss=0.497664421797
Iteration 63 of 100: loss=0.500549614429 object_loss=0.00325826136395 distance_loss=0.497291356325
Iteration 64 of 100: loss=0.500423789024 object_loss=0.0035452877637 distance_loss=0.496878474951
Iteration 65 of 100: loss=0.498658448458 object_loss=0.00213217339478 distance_loss=0.496526271105
Iteration 66 of 100: loss=0.50250941515 object_loss=0.00619422085583 distance_loss=0.496315181255
Iteration 67 of 100: loss=0.502850651741 object_loss=0.00674172164872 distance_loss=0.496108949184
Iteration 68 of 100: loss=0.500404179096 object_loss=0.00489801028743 distance_loss=0.495506167412
Iteration 69 of 100: loss=0.505254209042 object_loss=0.0100007671863 distance_loss=0.495253413916
Iteration 70 of 100: loss=0.510976076126 object_loss=0.0159441102296 distance_loss=0.49503198266
Iteration 71 of 100: loss=0.510347425938 object_loss=0.0154441259801 distance_loss=0.494903326035
Iteration 72 of 100: loss=0.512242794037 object_loss=0.0176851041615 distance_loss=0.494557708502
Iteration 73 of 100: loss=0.503379940987 object_loss=0.00868679955602 distance_loss=0.494693130255
Iteration 74 of 100: loss=0.505438566208 object_loss=0.0109673440456 distance_loss=0.49447119236
Iteration 75 of 100: loss=0.506293952465 object_loss=0.012210836634 distance_loss=0.494083106518
Iteration 76 of 100: loss=0.503795266151 object_loss=0.0100063364953 distance_loss=0.493788927794
Iteration 77 of 100: loss=0.511701405048 object_loss=0.0181344561279 distance_loss=0.493566960096
Iteration 78 of 100: loss=0.505489051342 object_loss=0.0122241545469 distance_loss=0.493264913559
Iteration 79 of 100: loss=0.499516308308 object_loss=0.00640086643398 distance_loss=0.493115454912
Iteration 80 of 100: loss=0.499766528606 object_loss=0.00706186564639 distance_loss=0.4927046597
Iteration 81 of 100: loss=0.500549256802 object_loss=0.00805255584419 distance_loss=0.492496699095
Iteration 82 of 100: loss=0.505500376225 object_loss=0.0131122916937 distance_loss=0.49238806963
Iteration 83 of 100: loss=0.506202697754 object_loss=0.0140264267102 distance_loss=0.492176264524
Iteration 84 of 100: loss=0.508553147316 object_loss=0.016566503793 distance_loss=0.491986632347
Iteration 85 of 100: loss=0.506640017033 object_loss=0.014788011089 distance_loss=0.491851985455
Iteration 86 of 100: loss=0.500135540962 object_loss=0.0086229024455 distance_loss=0.49151262641
Iteration 87 of 100: loss=0.504313051701 object_loss=0.0129667036235 distance_loss=0.491346329451
Iteration 88 of 100: loss=0.500089883804 object_loss=0.00900908093899 distance_loss=0.491080790758
Iteration 89 of 100: loss=0.499363452196 object_loss=0.00844707991928 distance_loss=0.490916371346
Iteration 90 of 100: loss=0.513556420803 object_loss=0.0225705057383 distance_loss=0.490985900164
Iteration 91 of 100: loss=0.510868787766 object_loss=0.0199766438454 distance_loss=0.49089217186
Iteration 92 of 100: loss=0.503115534782 object_loss=0.0126714147627 distance_loss=0.490444123745
Iteration 93 of 100: loss=0.50088763237 object_loss=0.0106907477602 distance_loss=0.490196883678
Iteration 94 of 100: loss=0.497228085995 object_loss=0.00695809023455 distance_loss=0.490269988775
Iteration 95 of 100: loss=0.499295473099 object_loss=0.00910176057369 distance_loss=0.490193724632
Iteration 96 of 100: loss=0.494005441666 object_loss=0.00419672206044 distance_loss=0.489808708429
Iteration 97 of 100: loss=0.493524730206 object_loss=0.00398557540029 distance_loss=0.489539146423
Iteration 98 of 100: loss=0.493326753378 object_loss=0.00395893026143 distance_loss=0.489367812872
Iteration 99 of 100: loss=0.493756353855 object_loss=0.00454241968691 distance_loss=0.489213943481
Iteration 0 of 100: loss=0.499249190092 object_loss=0.0102675911039 distance_loss=0.488981604576
Iteration 1 of 100: loss=0.4980276227 object_loss=0.00924642756581 distance_loss=0.488781183958
Iteration 2 of 100: loss=0.495769590139 object_loss=0.00704237306491 distance_loss=0.488727211952
Iteration 3 of 100: loss=0.498207569122 object_loss=0.00939438398927 distance_loss=0.488813191652
Iteration 4 of 100: loss=0.500793397427 object_loss=0.0121593484655 distance_loss=0.48863402009
Iteration 5 of 100: loss=0.501713395119 object_loss=0.0132594350725 distance_loss=0.488453954458
Iteration 6 of 100: loss=0.493995368481 object_loss=0.0056973118335 distance_loss=0.48829805851
Iteration 7 of 100: loss=0.492826879025 object_loss=0.00469198124483 distance_loss=0.488134890795
Iteration 8 of 100: loss=0.496189266443 object_loss=0.00831385608763 distance_loss=0.487875401974
Iteration 9 of 100: loss=0.511860370636 object_loss=0.0241598412395 distance_loss=0.487700551748
Iteration 10 of 100: loss=0.503409445286 object_loss=0.0155231030658 distance_loss=0.487886369228
Iteration 11 of 100: loss=0.506502687931 object_loss=0.0185107290745 distance_loss=0.487991958857
Iteration 12 of 100: loss=0.506326854229 object_loss=0.0185209922493 distance_loss=0.487805873156
Iteration 13 of 100: loss=0.494241625071 object_loss=0.0063083213754 distance_loss=0.487933307886
Iteration 14 of 100: loss=0.492663502693 object_loss=0.00487105175853 distance_loss=0.487792462111
Iteration 15 of 100: loss=0.492254644632 object_loss=0.00464975973591 distance_loss=0.487604886293
Iteration 16 of 100: loss=0.491750448942 object_loss=0.00456351460889 distance_loss=0.487186938524
Iteration 17 of 100: loss=0.491225033998 object_loss=0.00457793101668 distance_loss=0.486647099257
Iteration 18 of 100: loss=0.492369025946 object_loss=0.00602471455932 distance_loss=0.486344307661
Iteration 19 of 100: loss=0.493920773268 object_loss=0.00793067459017 distance_loss=0.485990107059
Iteration 20 of 100: loss=0.495435684919 object_loss=0.00995190348476 distance_loss=0.485483795404
Iteration 21 of 100: loss=0.491199463606 object_loss=0.00598883302882 distance_loss=0.485210627317
Iteration 22 of 100: loss=0.493345558643 object_loss=0.0085024908185 distance_loss=0.484843075275
Iteration 23 of 100: loss=0.491512447596 object_loss=0.00707058981061 distance_loss=0.484441846609
Iteration 24 of 100: loss=0.493707805872 object_loss=0.00985204614699 distance_loss=0.483855754137
Iteration 25 of 100: loss=0.495338350534 object_loss=0.0118950121105 distance_loss=0.4834433496
Iteration 26 of 100: loss=0.494931668043 object_loss=0.0118740079924 distance_loss=0.483057647943
Iteration 27 of 100: loss=0.502478480339 object_loss=0.0198150817305 distance_loss=0.482663422823
Iteration 28 of 100: loss=0.499365478754 object_loss=0.0174945611507 distance_loss=0.481870919466
Iteration 29 of 100: loss=0.490005403757 object_loss=0.00850810203701 distance_loss=0.48149728775
Iteration 30 of 100: loss=0.490373104811 object_loss=0.00902763660997 distance_loss=0.48134547472
Iteration 31 of 100: loss=0.489967226982 object_loss=0.00899894721806 distance_loss=0.480968266726
Iteration 32 of 100: loss=0.501485049725 object_loss=0.0211695935577 distance_loss=0.480315446854
Iteration 33 of 100: loss=0.492705106735 object_loss=0.0126164117828 distance_loss=0.480088680983
Iteration 34 of 100: loss=0.49419438839 object_loss=0.0146982995793 distance_loss=0.479496091604
Iteration 35 of 100: loss=0.496829986572 object_loss=0.0180749054998 distance_loss=0.47875508666
Iteration 36 of 100: loss=0.486602514982 object_loss=0.00815446861088 distance_loss=0.478448033333
Iteration 37 of 100: loss=0.485203027725 object_loss=0.00688584055752 distance_loss=0.478317201138
Iteration 38 of 100: loss=0.484658062458 object_loss=0.00639719236642 distance_loss=0.478260874748
Iteration 39 of 100: loss=0.481077134609 object_loss=0.00299990433268 distance_loss=0.478077232838
Iteration 40 of 100: loss=0.481294602156 object_loss=0.00376607268117 distance_loss=0.47752854228
Iteration 41 of 100: loss=0.481349796057 object_loss=0.00404989998788 distance_loss=0.477299898863
Iteration 42 of 100: loss=0.481673300266 object_loss=0.00458357203752 distance_loss=0.477089732885
Iteration 43 of 100: loss=0.487291365862 object_loss=0.0104585988447 distance_loss=0.476832777262
Iteration 44 of 100: loss=0.483186662197 object_loss=0.00661431532353 distance_loss=0.476572334766
Iteration 45 of 100: loss=0.489707231522 object_loss=0.0134825017303 distance_loss=0.476224720478
Iteration 46 of 100: loss=0.481932461262 object_loss=0.00595913641155 distance_loss=0.475973337889
Iteration 47 of 100: loss=0.482001364231 object_loss=0.00636929925531 distance_loss=0.475632071495
Iteration 48 of 100: loss=0.478841245174 object_loss=0.00371540291235 distance_loss=0.475125849247
Iteration 49 of 100: loss=0.477468490601 object_loss=0.00295715685934 distance_loss=0.474511325359
Iteration 50 of 100: loss=0.478073626757 object_loss=0.00381394266151 distance_loss=0.474259674549
Iteration 51 of 100: loss=0.477322667837 object_loss=0.00330272340216 distance_loss=0.474019944668
Iteration 52 of 100: loss=0.476167470217 object_loss=0.00299504585564 distance_loss=0.473172426224
Iteration 53 of 100: loss=0.475427865982 object_loss=0.00265619368292 distance_loss=0.472771674395
Iteration 54 of 100: loss=0.477117717266 object_loss=0.00483396789059 distance_loss=0.472283750772
Iteration 55 of 100: loss=0.476112425327 object_loss=0.00427546817809 distance_loss=0.471836954355
Iteration 56 of 100: loss=0.476838469505 object_loss=0.00560003565624 distance_loss=0.471238434315
Iteration 57 of 100: loss=0.475603699684 object_loss=0.00479537341744 distance_loss=0.470808327198
Iteration 58 of 100: loss=0.474604278803 object_loss=0.00432906858623 distance_loss=0.470275223255
Iteration 59 of 100: loss=0.473958283663 object_loss=0.00402517663315 distance_loss=0.469933092594
Iteration 60 of 100: loss=0.47301876545 object_loss=0.00356398220174 distance_loss=0.469454795122
Iteration 61 of 100: loss=0.472377479076 object_loss=0.00337035371922 distance_loss=0.469007134438
Iteration 62 of 100: loss=0.472936183214 object_loss=0.00429326575249 distance_loss=0.468642920256
Iteration 63 of 100: loss=0.471893459558 object_loss=0.00372195383534 distance_loss=0.46817150712
Iteration 64 of 100: loss=0.470766931772 object_loss=0.00331105897203 distance_loss=0.467455863953
Iteration 65 of 100: loss=0.471957445145 object_loss=0.00499288737774 distance_loss=0.466964572668
Iteration 66 of 100: loss=0.474039942026 object_loss=0.00721248984337 distance_loss=0.466827452183
Iteration 67 of 100: loss=0.474617540836 object_loss=0.00824188161641 distance_loss=0.466375648975
Iteration 68 of 100: loss=0.471897125244 object_loss=0.00606975797564 distance_loss=0.46582737565
Iteration 69 of 100: loss=0.468041449785 object_loss=0.0025505698286 distance_loss=0.465490877628
Iteration 70 of 100: loss=0.468136966228 object_loss=0.00308155594394 distance_loss=0.465055406094
Iteration 71 of 100: loss=0.469649672508 object_loss=0.00492552202195 distance_loss=0.46472415328
Iteration 72 of 100: loss=0.469494462013 object_loss=0.00532374065369 distance_loss=0.464170724154
Iteration 73 of 100: loss=0.469468861818 object_loss=0.00575804989785 distance_loss=0.463710814714
Iteration 74 of 100: loss=0.467976748943 object_loss=0.00456367479637 distance_loss=0.463413059711
Iteration 75 of 100: loss=0.466574966908 object_loss=0.00356438872404 distance_loss=0.463010579348
Iteration 76 of 100: loss=0.46504175663 object_loss=0.00279650930315 distance_loss=0.462245255709
Iteration 77 of 100: loss=0.464416027069 object_loss=0.00259658973664 distance_loss=0.461819440126
Iteration 78 of 100: loss=0.464311212301 object_loss=0.00290178181604 distance_loss=0.461409419775
Iteration 79 of 100: loss=0.46391928196 object_loss=0.00289370073006 distance_loss=0.461025595665
Iteration 80 of 100: loss=0.463099777699 object_loss=0.00257390993647 distance_loss=0.460525870323
Iteration 81 of 100: loss=0.463326156139 object_loss=0.00342279206961 distance_loss=0.459903359413
Iteration 82 of 100: loss=0.461374133825 object_loss=0.00197152700275 distance_loss=0.459402620792
Iteration 83 of 100: loss=0.460776597261 object_loss=0.00177162885666 distance_loss=0.459004968405
Iteration 84 of 100: loss=0.460426002741 object_loss=0.0019691339694 distance_loss=0.458456873894
Iteration 85 of 100: loss=0.459772467613 object_loss=0.00179402914364 distance_loss=0.45797842741
Iteration 86 of 100: loss=0.459521830082 object_loss=0.00198388379067 distance_loss=0.457537949085
Iteration 87 of 100: loss=0.459037303925 object_loss=0.00190786342137 distance_loss=0.457129448652
Iteration 88 of 100: loss=0.45790091157 object_loss=0.00155846099369 distance_loss=0.456342458725
Iteration 89 of 100: loss=0.457315444946 object_loss=0.00147195206955 distance_loss=0.455843478441
Iteration 90 of 100: loss=0.456740856171 object_loss=0.00131158216391 distance_loss=0.455429285765
Iteration 91 of 100: loss=0.456373929977 object_loss=0.00140459521208 distance_loss=0.454969346523
Iteration 92 of 100: loss=0.456000596285 object_loss=0.00174945837352 distance_loss=0.454251140356
Iteration 93 of 100: loss=0.458126932383 object_loss=0.00423482758924 distance_loss=0.453892111778
Iteration 94 of 100: loss=0.457726448774 object_loss=0.00398062448949 distance_loss=0.453745812178
Iteration 95 of 100: loss=0.45619481802 object_loss=0.00294133089483 distance_loss=0.453253477812
Iteration 96 of 100: loss=0.454771906137 object_loss=0.00223251292482 distance_loss=0.452539384365
Iteration 97 of 100: loss=0.453823894262 object_loss=0.00175490009133 distance_loss=0.452068984509
Iteration 98 of 100: loss=0.45368874073 object_loss=0.00195783027448 distance_loss=0.451730906963
Iteration 99 of 100: loss=0.453453630209 object_loss=0.00203122105449 distance_loss=0.451422423124
Iteration 0 of 100: loss=0.454763442278 object_loss=0.00401627644897 distance_loss=0.450747162104
Iteration 1 of 100: loss=0.453927576542 object_loss=0.00377241894603 distance_loss=0.450155168772
Iteration 2 of 100: loss=0.458412289619 object_loss=0.0085940156132 distance_loss=0.449818283319
Iteration 3 of 100: loss=0.453520387411 object_loss=0.0040323943831 distance_loss=0.44948798418
Iteration 4 of 100: loss=0.452120065689 object_loss=0.00307371281087 distance_loss=0.449046343565
Iteration 5 of 100: loss=0.453375637531 object_loss=0.00480100605637 distance_loss=0.448574632406
Iteration 6 of 100: loss=0.454344540834 object_loss=0.00588289974257 distance_loss=0.448461651802
Iteration 7 of 100: loss=0.451827079058 object_loss=0.00373083376326 distance_loss=0.448096245527
Iteration 8 of 100: loss=0.449523359537 object_loss=0.00192099960987 distance_loss=0.447602361441
Iteration 9 of 100: loss=0.449491769075 object_loss=0.00209995009936 distance_loss=0.447391808033
Iteration 10 of 100: loss=0.449242830276 object_loss=0.00203744205646 distance_loss=0.447205394506
Iteration 11 of 100: loss=0.448872596025 object_loss=0.00185160688125 distance_loss=0.447020977736
Iteration 12 of 100: loss=0.447758615017 object_loss=0.00160400918685 distance_loss=0.446154594421
Iteration 13 of 100: loss=0.448405504227 object_loss=0.00250235456042 distance_loss=0.445903152227
Iteration 14 of 100: loss=0.448657721281 object_loss=0.00301865208894 distance_loss=0.445639073849
Iteration 15 of 100: loss=0.449634939432 object_loss=0.00440463796258 distance_loss=0.445230305195
Iteration 16 of 100: loss=0.449432998896 object_loss=0.00467478111386 distance_loss=0.444758206606
Iteration 17 of 100: loss=0.450051486492 object_loss=0.00553496181965 distance_loss=0.444516509771
Iteration 18 of 100: loss=0.451069146395 object_loss=0.00703669013456 distance_loss=0.444032460451
Iteration 19 of 100: loss=0.451236397028 object_loss=0.00770123349503 distance_loss=0.443535149097
Iteration 20 of 100: loss=0.448326706886 object_loss=0.00505120772868 distance_loss=0.443275511265
Iteration 21 of 100: loss=0.447469264269 object_loss=0.00455400766805 distance_loss=0.442915260792
Iteration 22 of 100: loss=0.447968542576 object_loss=0.00533723505214 distance_loss=0.442631304264
Iteration 23 of 100: loss=0.449733644724 object_loss=0.00737710762769 distance_loss=0.442356526852
Iteration 24 of 100: loss=0.446768760681 object_loss=0.00507532851771 distance_loss=0.441693425179
Iteration 25 of 100: loss=0.446782797575 object_loss=0.00550663331524 distance_loss=0.441276162863
Iteration 26 of 100: loss=0.446420431137 object_loss=0.00547745916992 distance_loss=0.440942972898
Iteration 27 of 100: loss=0.44548612833 object_loss=0.00504126120359 distance_loss=0.440444856882
Iteration 28 of 100: loss=0.445741742849 object_loss=0.00579228624701 distance_loss=0.439949452877
Iteration 29 of 100: loss=0.444166958332 object_loss=0.00460904743522 distance_loss=0.439557909966
Iteration 30 of 100: loss=0.442138344049 object_loss=0.0030275110621 distance_loss=0.439110845327
Iteration 31 of 100: loss=0.443141907454 object_loss=0.00430631497875 distance_loss=0.438835591078
Iteration 32 of 100: loss=0.442270636559 object_loss=0.00395917426795 distance_loss=0.438311457634
Iteration 33 of 100: loss=0.442558377981 object_loss=0.00450394535437 distance_loss=0.438054442406
Iteration 34 of 100: loss=0.442006409168 object_loss=0.00398468365893 distance_loss=0.438021719456
Iteration 35 of 100: loss=0.442890554667 object_loss=0.00508610717952 distance_loss=0.437804460526
Iteration 36 of 100: loss=0.441788643599 object_loss=0.0047076982446 distance_loss=0.437080949545
Iteration 37 of 100: loss=0.442878335714 object_loss=0.0064127407968 distance_loss=0.436465591192
Iteration 38 of 100: loss=0.443936079741 object_loss=0.00765291694552 distance_loss=0.436283171177
Iteration 39 of 100: loss=0.442659407854 object_loss=0.00663137948141 distance_loss=0.436028033495
Iteration 40 of 100: loss=0.442613720894 object_loss=0.00691541936249 distance_loss=0.4356983006
Iteration 41 of 100: loss=0.448517203331 object_loss=0.0130529226735 distance_loss=0.435464292765
Iteration 42 of 100: loss=0.453336447477 object_loss=0.0182795636356 distance_loss=0.435056895018
Iteration 43 of 100: loss=0.445701450109 object_loss=0.0107003878802 distance_loss=0.435001075268
Iteration 44 of 100: loss=0.459384679794 object_loss=0.024525731802 distance_loss=0.434858947992
Iteration 45 of 100: loss=0.481286078691 object_loss=0.0462599918246 distance_loss=0.435026079416
Iteration 46 of 100: loss=0.474156916142 object_loss=0.0386737510562 distance_loss=0.435483157635
Iteration 47 of 100: loss=0.516022741795 object_loss=0.0801623910666 distance_loss=0.435860365629
Iteration 48 of 100: loss=0.442710995674 object_loss=0.00658041704446 distance_loss=0.436130583286
Iteration 49 of 100: loss=0.446855187416 object_loss=0.0101798111573 distance_loss=0.43667536974
Iteration 50 of 100: loss=0.444471895695 object_loss=0.00722922664136 distance_loss=0.437242656946
Iteration 51 of 100: loss=0.443109989166 object_loss=0.00562085816637 distance_loss=0.437489122152
Iteration 52 of 100: loss=0.443135052919 object_loss=0.00575010571629 distance_loss=0.437384933233
Iteration 53 of 100: loss=0.442641407251 object_loss=0.00494167394936 distance_loss=0.437699735165
Iteration 54 of 100: loss=0.449099183083 object_loss=0.0113427070901 distance_loss=0.437756478786
Iteration 55 of 100: loss=0.482026696205 object_loss=0.0442320294678 distance_loss=0.437794655561
Iteration 56 of 100: loss=0.481008410454 object_loss=0.0429940186441 distance_loss=0.438014388084
Iteration 57 of 100: loss=0.449895232916 object_loss=0.0118148904294 distance_loss=0.438080340624
Iteration 58 of 100: loss=0.460047125816 object_loss=0.0217539239675 distance_loss=0.43829318881
Iteration 59 of 100: loss=0.470956981182 object_loss=0.0325466915965 distance_loss=0.438410282135
Iteration 60 of 100: loss=0.511570394039 object_loss=0.0731722488999 distance_loss=0.43839815259
Iteration 61 of 100: loss=0.457791209221 object_loss=0.018828637898 distance_loss=0.438962578773
Iteration 62 of 100: loss=0.462647050619 object_loss=0.0230625495315 distance_loss=0.439584493637
Iteration 63 of 100: loss=0.463312536478 object_loss=0.0234063994139 distance_loss=0.439906150103
Iteration 64 of 100: loss=0.455756872892 object_loss=0.0156623478979 distance_loss=0.440094530582
Iteration 65 of 100: loss=0.469054788351 object_loss=0.0288242138922 distance_loss=0.440230578184
Iteration 66 of 100: loss=0.452930986881 object_loss=0.0123003879562 distance_loss=0.440630584955
Iteration 67 of 100: loss=0.449664354324 object_loss=0.00868453178555 distance_loss=0.440979808569
Iteration 68 of 100: loss=0.452633231878 object_loss=0.0116640012711 distance_loss=0.440969228745
Iteration 69 of 100: loss=0.451468020678 object_loss=0.0103640928864 distance_loss=0.441103935242
Iteration 70 of 100: loss=0.450173914433 object_loss=0.00889539718628 distance_loss=0.441278517246
Iteration 71 of 100: loss=0.447743445635 object_loss=0.00646338239312 distance_loss=0.441280066967
Iteration 72 of 100: loss=0.446204692125 object_loss=0.00541011244059 distance_loss=0.440794587135
Iteration 73 of 100: loss=0.445911347866 object_loss=0.00505935680121 distance_loss=0.440851986408
Iteration 74 of 100: loss=0.448493778706 object_loss=0.00753709487617 distance_loss=0.440956681967
Iteration 75 of 100: loss=0.446106851101 object_loss=0.00537443859503 distance_loss=0.440732419491
Iteration 76 of 100: loss=0.445926696062 object_loss=0.0054906886071 distance_loss=0.440436005592
Iteration 77 of 100: loss=0.445703744888 object_loss=0.0053249001503 distance_loss=0.440378844738
Iteration 78 of 100: loss=0.451946973801 object_loss=0.0117490934208 distance_loss=0.440197885036
Iteration 79 of 100: loss=0.447259783745 object_loss=0.00727839022875 distance_loss=0.439981400967
Iteration 80 of 100: loss=0.450202465057 object_loss=0.0104826884344 distance_loss=0.439719766378
Iteration 81 of 100: loss=0.446873724461 object_loss=0.00744416750968 distance_loss=0.439429551363
Iteration 82 of 100: loss=0.445460140705 object_loss=0.00625257845968 distance_loss=0.439207553864
Iteration 83 of 100: loss=0.446013867855 object_loss=0.00672385655344 distance_loss=0.43929001689
Iteration 84 of 100: loss=0.443687915802 object_loss=0.0046628061682 distance_loss=0.439025104046
Iteration 85 of 100: loss=0.441496521235 object_loss=0.00295242108405 distance_loss=0.438544094563
Iteration 86 of 100: loss=0.441442281008 object_loss=0.00329503091052 distance_loss=0.438147246838
Iteration 87 of 100: loss=0.441583156586 object_loss=0.00377645506524 distance_loss=0.4378066957
Iteration 88 of 100: loss=0.441617161036 object_loss=0.00427470449358 distance_loss=0.437342464924
Iteration 89 of 100: loss=0.439974844456 object_loss=0.00312713463791 distance_loss=0.43684771657
Iteration 90 of 100: loss=0.440686702728 object_loss=0.00428851274773 distance_loss=0.436398178339
Iteration 91 of 100: loss=0.440054118633 object_loss=0.0040708752349 distance_loss=0.435983240604
Iteration 92 of 100: loss=0.442178934813 object_loss=0.00679322285578 distance_loss=0.435385704041
Iteration 93 of 100: loss=0.44050064683 object_loss=0.00548323430121 distance_loss=0.43501740694
Iteration 94 of 100: loss=0.443955570459 object_loss=0.00922933872789 distance_loss=0.434726238251
Iteration 95 of 100: loss=0.441385805607 object_loss=0.00693156803027 distance_loss=0.434454232454
Iteration 96 of 100: loss=0.440403968096 object_loss=0.00663447612897 distance_loss=0.433769494295
Iteration 97 of 100: loss=0.439852386713 object_loss=0.00645952438936 distance_loss=0.433392852545
Iteration 98 of 100: loss=0.439168334007 object_loss=0.00623880978674 distance_loss=0.432929515839
Iteration 99 of 100: loss=0.439808607101 object_loss=0.00741403223947 distance_loss=0.432394564152
Iteration 0 of 100: loss=0.438182771206 object_loss=0.00619477406144 distance_loss=0.43198800087
Iteration 1 of 100: loss=0.440433204174 object_loss=0.00882456079125 distance_loss=0.431608647108
Iteration 2 of 100: loss=0.439921140671 object_loss=0.00865242443979 distance_loss=0.431268721819
Iteration 3 of 100: loss=0.445051580667 object_loss=0.0138751864433 distance_loss=0.431176394224
Iteration 4 of 100: loss=0.444145679474 object_loss=0.0132749220356 distance_loss=0.430870771408
Iteration 5 of 100: loss=0.436309576035 object_loss=0.00562002230436 distance_loss=0.430689543486
Iteration 6 of 100: loss=0.442164182663 object_loss=0.0116043062881 distance_loss=0.430559873581
Iteration 7 of 100: loss=0.444197207689 object_loss=0.0139118256047 distance_loss=0.430285394192
Iteration 8 of 100: loss=0.448291927576 object_loss=0.0187357701361 distance_loss=0.429556161165
Iteration 9 of 100: loss=0.44779753685 object_loss=0.0185442082584 distance_loss=0.429253339767
Iteration 10 of 100: loss=0.440301597118 object_loss=0.0112479869276 distance_loss=0.429053604603
Iteration 11 of 100: loss=0.435169428587 object_loss=0.00662056449801 distance_loss=0.428548872471
Iteration 12 of 100: loss=0.433416604996 object_loss=0.00541585963219 distance_loss=0.428000748158
Iteration 13 of 100: loss=0.43854612112 object_loss=0.0109363896772 distance_loss=0.427609741688
Iteration 14 of 100: loss=0.443686336279 object_loss=0.0162915568799 distance_loss=0.427394777536
Iteration 15 of 100: loss=0.43877440691 object_loss=0.0116786472499 distance_loss=0.427095770836
Iteration 16 of 100: loss=0.439210772514 object_loss=0.0124578047544 distance_loss=0.426752954721
Iteration 17 of 100: loss=0.439871996641 object_loss=0.0134321385995 distance_loss=0.426439851522
Iteration 18 of 100: loss=0.444579005241 object_loss=0.0183898471296 distance_loss=0.426189154387
Iteration 19 of 100: loss=0.444167435169 object_loss=0.0181655678898 distance_loss=0.426001876593
Iteration 20 of 100: loss=0.445486992598 object_loss=0.019978441298 distance_loss=0.42550855875
Iteration 21 of 100: loss=0.446212768555 object_loss=0.0207832828164 distance_loss=0.425429493189
Iteration 22 of 100: loss=0.473993897438 object_loss=0.0484671518207 distance_loss=0.425526738167
Iteration 23 of 100: loss=0.481828212738 object_loss=0.055757202208 distance_loss=0.426071017981
Iteration 24 of 100: loss=0.455007344484 object_loss=0.0283471327275 distance_loss=0.426660209894
Iteration 25 of 100: loss=0.436957120895 object_loss=0.00988646689802 distance_loss=0.427070647478
Iteration 26 of 100: loss=0.440475285053 object_loss=0.0131037980318 distance_loss=0.42737147212
Iteration 27 of 100: loss=0.444860219955 object_loss=0.0174296516925 distance_loss=0.427430570126
Iteration 28 of 100: loss=0.448366343975 object_loss=0.0208412352949 distance_loss=0.427525103092
Iteration 29 of 100: loss=0.459137618542 object_loss=0.031123585999 distance_loss=0.428014039993
Iteration 30 of 100: loss=0.433635115623 object_loss=0.00509459618479 distance_loss=0.428540527821
Iteration 31 of 100: loss=0.438629508018 object_loss=0.00975554157048 distance_loss=0.428873956203
Iteration 32 of 100: loss=0.435505330563 object_loss=0.00688220467418 distance_loss=0.428623139858
Iteration 33 of 100: loss=0.433363735676 object_loss=0.00469716219231 distance_loss=0.428666561842
Iteration 34 of 100: loss=0.435302197933 object_loss=0.00653754267842 distance_loss=0.428764641285
Iteration 35 of 100: loss=0.434007197618 object_loss=0.0052533056587 distance_loss=0.428753882647
Iteration 36 of 100: loss=0.433803737164 object_loss=0.00530657824129 distance_loss=0.428497165442
Iteration 37 of 100: loss=0.435859262943 object_loss=0.00745374057442 distance_loss=0.4284055233
Iteration 38 of 100: loss=0.434914708138 object_loss=0.00677184807137 distance_loss=0.428142845631
Iteration 39 of 100: loss=0.444791764021 object_loss=0.0170636884868 distance_loss=0.42772808671
Iteration 40 of 100: loss=0.435930371284 object_loss=0.0084227938205 distance_loss=0.427507579327
Iteration 41 of 100: loss=0.434862613678 object_loss=0.00782671477646 distance_loss=0.42703589797
Iteration 42 of 100: loss=0.436539232731 object_loss=0.00961331557482 distance_loss=0.426925927401
Iteration 43 of 100: loss=0.435970574617 object_loss=0.00916871149093 distance_loss=0.426801860332
Iteration 44 of 100: loss=0.444357335567 object_loss=0.0180944632739 distance_loss=0.426262885332
Iteration 45 of 100: loss=0.435218721628 object_loss=0.00949483457953 distance_loss=0.425723880529
Iteration 46 of 100: loss=0.439235299826 object_loss=0.0137050505728 distance_loss=0.425530254841
Iteration 47 of 100: loss=0.438572585583 object_loss=0.0134329237044 distance_loss=0.425139665604
Iteration 48 of 100: loss=0.446388721466 object_loss=0.0217546783388 distance_loss=0.424634039402
Iteration 49 of 100: loss=0.43971657753 object_loss=0.0154292322695 distance_loss=0.424287348986
Iteration 50 of 100: loss=0.433833539486 object_loss=0.00973735749722 distance_loss=0.424096167088
Iteration 51 of 100: loss=0.440930724144 object_loss=0.0169918984175 distance_loss=0.423938840628
Iteration 52 of 100: loss=0.440170615911 object_loss=0.0167491100729 distance_loss=0.423421502113
Iteration 53 of 100: loss=0.437948286533 object_loss=0.0148085113615 distance_loss=0.42313978076
Iteration 54 of 100: loss=0.440608561039 object_loss=0.0180726703256 distance_loss=0.422535896301
Iteration 55 of 100: loss=0.457088768482 object_loss=0.0349072366953 distance_loss=0.422181546688
Iteration 56 of 100: loss=0.439895451069 object_loss=0.0182644501328 distance_loss=0.421631008387
Iteration 57 of 100: loss=0.440058529377 object_loss=0.0188862960786 distance_loss=0.421172231436
Iteration 58 of 100: loss=0.431959569454 object_loss=0.0112543143332 distance_loss=0.420705258846
Iteration 59 of 100: loss=0.438116520643 object_loss=0.0177010316402 distance_loss=0.420415490866
Iteration 60 of 100: loss=0.461995303631 object_loss=0.0416172593832 distance_loss=0.420378029346
Iteration 61 of 100: loss=0.442453086376 object_loss=0.0222264267504 distance_loss=0.420226663351
Iteration 62 of 100: loss=0.456832021475 object_loss=0.0367000773549 distance_loss=0.420131951571
Iteration 63 of 100: loss=0.488528192043 object_loss=0.0684610530734 distance_loss=0.420067131519
Iteration 64 of 100: loss=0.444056034088 object_loss=0.0235387701541 distance_loss=0.420517265797
Iteration 65 of 100: loss=0.531846165657 object_loss=0.111177146435 distance_loss=0.420669049025
Iteration 66 of 100: loss=0.435068309307 object_loss=0.0137694142759 distance_loss=0.421298891306
Iteration 67 of 100: loss=0.440593957901 object_loss=0.0185174513608 distance_loss=0.422076493502
Iteration 68 of 100: loss=0.434680849314 object_loss=0.0120238233358 distance_loss=0.422657012939
Iteration 69 of 100: loss=0.471792459488 object_loss=0.0484750308096 distance_loss=0.423317432404
Iteration 70 of 100: loss=0.466519355774 object_loss=0.0424547865987 distance_loss=0.424064576626
Iteration 71 of 100: loss=0.439476639032 object_loss=0.0149300470948 distance_loss=0.424546599388
Iteration 72 of 100: loss=0.454319149256 object_loss=0.029652338475 distance_loss=0.424666821957
Iteration 73 of 100: loss=0.454219222069 object_loss=0.0289499722421 distance_loss=0.425269246101
Iteration 74 of 100: loss=0.435625076294 object_loss=0.00975322723389 distance_loss=0.42587184906
Iteration 75 of 100: loss=0.464374303818 object_loss=0.0380213074386 distance_loss=0.426353007555
Iteration 76 of 100: loss=0.441061317921 object_loss=0.0142032215372 distance_loss=0.426858097315
Iteration 77 of 100: loss=0.48542919755 object_loss=0.0582117848098 distance_loss=0.427217423916
Iteration 78 of 100: loss=0.4398252666 object_loss=0.0121391471475 distance_loss=0.42768612504
Iteration 79 of 100: loss=0.438010007143 object_loss=0.00995849724859 distance_loss=0.428051501513
Iteration 80 of 100: loss=0.458884388208 object_loss=0.0310711786151 distance_loss=0.427813202143
Iteration 81 of 100: loss=0.445465058088 object_loss=0.017473552376 distance_loss=0.427991509438
Iteration 82 of 100: loss=0.461143016815 object_loss=0.032921642065 distance_loss=0.42822137475
Iteration 83 of 100: loss=0.449614286423 object_loss=0.0212300028652 distance_loss=0.428384274244
Iteration 84 of 100: loss=0.458963304758 object_loss=0.0302767343819 distance_loss=0.4286865592
Iteration 85 of 100: loss=0.450358211994 object_loss=0.0211760401726 distance_loss=0.429182171822
Iteration 86 of 100: loss=0.442151814699 object_loss=0.0126642007381 distance_loss=0.429487615824
Iteration 87 of 100: loss=0.441384971142 object_loss=0.0113893188536 distance_loss=0.429995656013
Iteration 88 of 100: loss=0.439451336861 object_loss=0.0089661879465 distance_loss=0.430485159159
Iteration 89 of 100: loss=0.437691450119 object_loss=0.00676472531632 distance_loss=0.430926710367
Iteration 90 of 100: loss=0.448322802782 object_loss=0.016802335158 distance_loss=0.431520462036
Iteration 91 of 100: loss=0.452324479818 object_loss=0.0203428696841 distance_loss=0.431981623173
Iteration 92 of 100: loss=0.440378457308 object_loss=0.00862215831876 distance_loss=0.431756287813
Iteration 93 of 100: loss=0.442740261555 object_loss=0.010513686575 distance_loss=0.43222656846
Iteration 94 of 100: loss=0.459477484226 object_loss=0.0270859375596 distance_loss=0.432391554117
Iteration 95 of 100: loss=0.464636683464 object_loss=0.0320338532329 distance_loss=0.432602822781
Iteration 96 of 100: loss=0.445036679506 object_loss=0.0118910018355 distance_loss=0.433145672083
Iteration 97 of 100: loss=0.44292011857 object_loss=0.00949809513986 distance_loss=0.433422029018
Iteration 98 of 100: loss=0.444728940725 object_loss=0.0111337918788 distance_loss=0.433595150709
Iteration 99 of 100: loss=0.443854272366 object_loss=0.0101897064596 distance_loss=0.433664560318
Iteration 0 of 100: loss=0.443842470646 object_loss=0.0102371191606 distance_loss=0.433605343103
Iteration 1 of 100: loss=0.441332966089 object_loss=0.00821097288281 distance_loss=0.433121979237
Iteration 2 of 100: loss=0.441026479006 object_loss=0.00779937813058 distance_loss=0.433227092028
Iteration 3 of 100: loss=0.43782839179 object_loss=0.00452149147168 distance_loss=0.433306902647
Iteration 4 of 100: loss=0.437826901674 object_loss=0.00485294591635 distance_loss=0.432973951101
Iteration 5 of 100: loss=0.437038570642 object_loss=0.0041530970484 distance_loss=0.432885468006
Iteration 6 of 100: loss=0.436969339848 object_loss=0.00416327267885 distance_loss=0.432806074619
Iteration 7 of 100: loss=0.43672400713 object_loss=0.00407737772912 distance_loss=0.432646632195
Iteration 8 of 100: loss=0.437679737806 object_loss=0.00532440794632 distance_loss=0.432355344296
Iteration 9 of 100: loss=0.438865542412 object_loss=0.00667916750535 distance_loss=0.432186365128
Iteration 10 of 100: loss=0.440771877766 object_loss=0.0087830517441 distance_loss=0.431988835335
Iteration 11 of 100: loss=0.444040238857 object_loss=0.0122298318893 distance_loss=0.431810408831
Iteration 12 of 100: loss=0.441904127598 object_loss=0.0105890184641 distance_loss=0.431315124035
Iteration 13 of 100: loss=0.440016746521 object_loss=0.00878306291997 distance_loss=0.431233674288
Iteration 14 of 100: loss=0.439298093319 object_loss=0.00824197381735 distance_loss=0.431056112051
Iteration 15 of 100: loss=0.436918854713 object_loss=0.00623587612063 distance_loss=0.430682986975
Iteration 16 of 100: loss=0.443747162819 object_loss=0.0136546101421 distance_loss=0.430092543364
Iteration 17 of 100: loss=0.501860141754 object_loss=0.0719451755285 distance_loss=0.429914981127
Iteration 18 of 100: loss=0.44872456789 object_loss=0.0183286834508 distance_loss=0.430395871401
Iteration 19 of 100: loss=0.441689729691 object_loss=0.0109128020704 distance_loss=0.430776923895
Iteration 20 of 100: loss=0.443114757538 object_loss=0.0119590368122 distance_loss=0.431155711412
Iteration 21 of 100: loss=0.444173812866 object_loss=0.0128393638879 distance_loss=0.43133443594
Iteration 22 of 100: loss=0.442738294601 object_loss=0.0113174980506 distance_loss=0.43142080307
Iteration 23 of 100: loss=0.445522964001 object_loss=0.01392458193 distance_loss=0.431598395109
Iteration 24 of 100: loss=0.444372564554 object_loss=0.0126323886216 distance_loss=0.431740164757
Iteration 25 of 100: loss=0.445493936539 object_loss=0.0137959085405 distance_loss=0.431698024273
Iteration 26 of 100: loss=0.44074267149 object_loss=0.00912179797888 distance_loss=0.43162086606
Iteration 27 of 100: loss=0.447922736406 object_loss=0.0164629984647 distance_loss=0.431459724903
Iteration 28 of 100: loss=0.448088496923 object_loss=0.0169662889093 distance_loss=0.431122213602
Iteration 29 of 100: loss=0.438096255064 object_loss=0.00705072889104 distance_loss=0.431045532227
Iteration 30 of 100: loss=0.442557245493 object_loss=0.0113442158327 distance_loss=0.431213021278
Iteration 31 of 100: loss=0.43917709589 object_loss=0.00791727378964 distance_loss=0.431259810925
Iteration 32 of 100: loss=0.438245415688 object_loss=0.007384641096 distance_loss=0.43086078763
Iteration 33 of 100: loss=0.441579937935 object_loss=0.0108386594802 distance_loss=0.430741280317
Iteration 34 of 100: loss=0.4449454844 object_loss=0.0143265696242 distance_loss=0.430618911982
Iteration 35 of 100: loss=0.455022364855 object_loss=0.024591948837 distance_loss=0.430430412292
Iteration 36 of 100: loss=0.448910653591 object_loss=0.0186271890998 distance_loss=0.430283457041
Iteration 37 of 100: loss=0.441767722368 object_loss=0.0114506371319 distance_loss=0.43031707406
Iteration 38 of 100: loss=0.438052296638 object_loss=0.00781157892197 distance_loss=0.43024072051
Iteration 39 of 100: loss=0.440000295639 object_loss=0.00976488459855 distance_loss=0.430235415697
Iteration 40 of 100: loss=0.43295198679 object_loss=0.0030983381439 distance_loss=0.429853647947
Iteration 41 of 100: loss=0.431779652834 object_loss=0.00235742586665 distance_loss=0.429422229528
Iteration 42 of 100: loss=0.43175983429 object_loss=0.00267611420713 distance_loss=0.429083734751
Iteration 43 of 100: loss=0.432187974453 object_loss=0.00349235348403 distance_loss=0.428695619106
Iteration 44 of 100: loss=0.430620104074 object_loss=0.00234982301481 distance_loss=0.428270280361
Iteration 45 of 100: loss=0.430459946394 object_loss=0.00258840876631 distance_loss=0.427871525288
Iteration 46 of 100: loss=0.430132031441 object_loss=0.00264589791186 distance_loss=0.427486121655
Iteration 47 of 100: loss=0.429971694946 object_loss=0.00286825792864 distance_loss=0.427103430033
Iteration 48 of 100: loss=0.430185467005 object_loss=0.00379924848676 distance_loss=0.426386207342
Iteration 49 of 100: loss=0.429513007402 object_loss=0.00350394612178 distance_loss=0.426009058952
Iteration 50 of 100: loss=0.432303875685 object_loss=0.00648813787848 distance_loss=0.425815731287
Iteration 51 of 100: loss=0.433436781168 object_loss=0.0078859589994 distance_loss=0.425550818443
Iteration 52 of 100: loss=0.437820732594 object_loss=0.0131071731448 distance_loss=0.424713551998
Iteration 53 of 100: loss=0.432842761278 object_loss=0.00840306654572 distance_loss=0.424439698458
Iteration 54 of 100: loss=0.43252569437 object_loss=0.00805997662246 distance_loss=0.424465715885
Iteration 55 of 100: loss=0.431255728006 object_loss=0.00679132808 distance_loss=0.424464404583
Iteration 56 of 100: loss=0.430986762047 object_loss=0.00678952597082 distance_loss=0.424197226763
Iteration 57 of 100: loss=0.435909003019 object_loss=0.0118882227689 distance_loss=0.424020767212
Iteration 58 of 100: loss=0.446298092604 object_loss=0.0222992710769 distance_loss=0.423998832703
Iteration 59 of 100: loss=0.479616940022 object_loss=0.0551460087299 distance_loss=0.424470931292
Iteration 60 of 100: loss=0.648799240589 object_loss=0.223509997129 distance_loss=0.42528924346
Iteration 61 of 100: loss=0.444244265556 object_loss=0.0179533977062 distance_loss=0.426290869713
Iteration 62 of 100: loss=0.433766514063 object_loss=0.00635034171864 distance_loss=0.427416175604
Iteration 63 of 100: loss=0.44037809968 object_loss=0.0116611476988 distance_loss=0.428716957569
Iteration 64 of 100: loss=0.441067963839 object_loss=0.0115494541824 distance_loss=0.429518520832
Iteration 65 of 100: loss=0.436903774738 object_loss=0.00638970592991 distance_loss=0.430514067411
Iteration 66 of 100: loss=0.442928671837 object_loss=0.0112916957587 distance_loss=0.431636989117
Iteration 67 of 100: loss=0.436531364918 object_loss=0.00417376309633 distance_loss=0.432357609272
Iteration 68 of 100: loss=0.440362840891 object_loss=0.00730855297297 distance_loss=0.433054298162
Iteration 69 of 100: loss=0.437398523092 object_loss=0.00370477046818 distance_loss=0.433693766594
Iteration 70 of 100: loss=0.438345879316 object_loss=0.00423613376915 distance_loss=0.43410974741
Iteration 71 of 100: loss=0.439049631357 object_loss=0.00461641792208 distance_loss=0.434433221817
Iteration 72 of 100: loss=0.437314063311 object_loss=0.00274218060076 distance_loss=0.434571892023
Iteration 73 of 100: loss=0.438134968281 object_loss=0.00313213793561 distance_loss=0.435002833605
Iteration 74 of 100: loss=0.440212100744 object_loss=0.00501358229667 distance_loss=0.435198515654
Iteration 75 of 100: loss=0.439654380083 object_loss=0.00450522312894 distance_loss=0.435149163008
Iteration 76 of 100: loss=0.437978029251 object_loss=0.00309813208878 distance_loss=0.434879899025
Iteration 77 of 100: loss=0.437685161829 object_loss=0.00280699552968 distance_loss=0.43487817049
Iteration 78 of 100: loss=0.438845604658 object_loss=0.00406117551029 distance_loss=0.434784442186
Iteration 79 of 100: loss=0.437609583139 object_loss=0.00301597081125 distance_loss=0.434593617916
Iteration 80 of 100: loss=0.437276810408 object_loss=0.0028506165836 distance_loss=0.434426188469
Iteration 81 of 100: loss=0.438578754663 object_loss=0.00438816659153 distance_loss=0.43419060111
Iteration 82 of 100: loss=0.436849176884 object_loss=0.00288123311475 distance_loss=0.43396794796
Iteration 83 of 100: loss=0.436062842607 object_loss=0.002337918384 distance_loss=0.433724910021
Iteration 84 of 100: loss=0.435982376337 object_loss=0.00254636118189 distance_loss=0.433436006308
Iteration 85 of 100: loss=0.435687065125 object_loss=0.00248580961488 distance_loss=0.433201253414
Iteration 86 of 100: loss=0.435713946819 object_loss=0.00268016266637 distance_loss=0.433033794165
Iteration 87 of 100: loss=0.436499804258 object_loss=0.00376892206259 distance_loss=0.43273088336
Iteration 88 of 100: loss=0.435923367739 object_loss=0.00392012391239 distance_loss=0.432003229856
Iteration 89 of 100: loss=0.436545342207 object_loss=0.00501850433648 distance_loss=0.431526839733
Iteration 90 of 100: loss=0.436288416386 object_loss=0.00494343973696 distance_loss=0.431344985962
Iteration 91 of 100: loss=0.433928310871 object_loss=0.0029825088568 distance_loss=0.430945813656
Iteration 92 of 100: loss=0.435289502144 object_loss=0.00505465315655 distance_loss=0.430234849453
Iteration 93 of 100: loss=0.436922192574 object_loss=0.0070255305618 distance_loss=0.429896652699
Iteration 94 of 100: loss=0.437401682138 object_loss=0.00794733501971 distance_loss=0.429454356432
Iteration 95 of 100: loss=0.448219954967 object_loss=0.0192367732525 distance_loss=0.428983181715
Iteration 96 of 100: loss=0.434374094009 object_loss=0.00599862635136 distance_loss=0.428375452757
Iteration 97 of 100: loss=0.436135023832 object_loss=0.00818171910942 distance_loss=0.42795330286
Iteration 98 of 100: loss=0.432615369558 object_loss=0.00499724689871 distance_loss=0.42761811614
Iteration 99 of 100: loss=0.432399094105 object_loss=0.00504978839308 distance_loss=0.427349299192
Iteration 0 of 100: loss=0.432556658983 object_loss=0.00576081033796 distance_loss=0.426795840263
Iteration 1 of 100: loss=0.430267482996 object_loss=0.00395666249096 distance_loss=0.426310807467
Iteration 2 of 100: loss=0.430083096027 object_loss=0.00406441884115 distance_loss=0.426018685102
Iteration 3 of 100: loss=0.430465430021 object_loss=0.00479912385345 distance_loss=0.425666302443
Iteration 4 of 100: loss=0.428819417953 object_loss=0.00366455805488 distance_loss=0.425154864788
Iteration 5 of 100: loss=0.427882641554 object_loss=0.00325034605339 distance_loss=0.424632281065
Iteration 6 of 100: loss=0.427694380283 object_loss=0.00351672666147 distance_loss=0.424177646637
Iteration 7 of 100: loss=0.426920175552 object_loss=0.00318458117545 distance_loss=0.423735588789
Iteration 8 of 100: loss=0.426487505436 object_loss=0.0032550774049 distance_loss=0.42323243618
Iteration 9 of 100: loss=0.426325470209 object_loss=0.0036609317176 distance_loss=0.422664552927
Iteration 10 of 100: loss=0.426675498486 object_loss=0.00430410634726 distance_loss=0.422371387482
Iteration 11 of 100: loss=0.426469534636 object_loss=0.00400033406913 distance_loss=0.422469198704
Iteration 12 of 100: loss=0.427574217319 object_loss=0.00558674521744 distance_loss=0.421987473965
Iteration 13 of 100: loss=0.434877574444 object_loss=0.0131282657385 distance_loss=0.421749293804
Iteration 14 of 100: loss=0.443380326033 object_loss=0.021627958864 distance_loss=0.421752363443
Iteration 15 of 100: loss=0.436887294054 object_loss=0.0152322882786 distance_loss=0.421654999256
Iteration 16 of 100: loss=0.444312155247 object_loss=0.0230546854436 distance_loss=0.421257466078
Iteration 17 of 100: loss=0.450196832418 object_loss=0.0292034912854 distance_loss=0.420993328094
Iteration 18 of 100: loss=0.43591979146 object_loss=0.0151302563027 distance_loss=0.420789539814
Iteration 19 of 100: loss=0.450388818979 object_loss=0.0297178570181 distance_loss=0.420670956373
Iteration 20 of 100: loss=0.430875301361 object_loss=0.0102835865691 distance_loss=0.420591711998
Iteration 21 of 100: loss=0.427043616772 object_loss=0.00642945896834 distance_loss=0.420614153147
Iteration 22 of 100: loss=0.42622128129 object_loss=0.00556164048612 distance_loss=0.420659631491
Iteration 23 of 100: loss=0.437543213367 object_loss=0.0168686658144 distance_loss=0.420674562454
Iteration 24 of 100: loss=0.452005952597 object_loss=0.031493537128 distance_loss=0.420512408018
Iteration 25 of 100: loss=0.46906632185 object_loss=0.04848042503 distance_loss=0.420585900545
Iteration 26 of 100: loss=0.465225338936 object_loss=0.0440035015345 distance_loss=0.4212218225
Iteration 27 of 100: loss=0.485362827778 object_loss=0.0635741055012 distance_loss=0.421788722277
Iteration 28 of 100: loss=0.636535227299 object_loss=0.214021995664 distance_loss=0.422513216734
Iteration 29 of 100: loss=0.712131023407 object_loss=0.28863504529 distance_loss=0.423495948315
Iteration 30 of 100: loss=0.453917324543 object_loss=0.0293929316103 distance_loss=0.424524396658
Iteration 31 of 100: loss=0.538480758667 object_loss=0.11310403049 distance_loss=0.425376713276
Iteration 32 of 100: loss=0.569803953171 object_loss=0.143534988165 distance_loss=0.426268935204
Iteration 33 of 100: loss=0.481652200222 object_loss=0.0533286780119 distance_loss=0.428323507309
Iteration 34 of 100: loss=0.452666908503 object_loss=0.0226066075265 distance_loss=0.430060297251
Iteration 35 of 100: loss=0.442958980799 object_loss=0.0111541617662 distance_loss=0.431804805994
Iteration 36 of 100: loss=0.443887084723 object_loss=0.0106863910332 distance_loss=0.43320068717
Iteration 37 of 100: loss=0.48075067997 object_loss=0.0461641289294 distance_loss=0.434586554766
Iteration 38 of 100: loss=0.458252459764 object_loss=0.0217742528766 distance_loss=0.436478197575
Iteration 39 of 100: loss=0.454760968685 object_loss=0.0164321046323 distance_loss=0.43832886219
Iteration 40 of 100: loss=0.535017669201 object_loss=0.0948109328747 distance_loss=0.440206736326
Iteration 41 of 100: loss=0.4681250453 object_loss=0.0261813253164 distance_loss=0.441943705082
Iteration 42 of 100: loss=0.455610692501 object_loss=0.0125369364396 distance_loss=0.443073749542
Iteration 43 of 100: loss=0.505298912525 object_loss=0.0611922591925 distance_loss=0.444106638432
Iteration 44 of 100: loss=0.489919900894 object_loss=0.0447712689638 distance_loss=0.445148646832
Iteration 45 of 100: loss=0.465151101351 object_loss=0.0190094001591 distance_loss=0.446141690016
Iteration 46 of 100: loss=0.463751375675 object_loss=0.0167113803327 distance_loss=0.447039991617
Iteration 47 of 100: loss=0.478473871946 object_loss=0.0304468646646 distance_loss=0.448027014732
Iteration 48 of 100: loss=0.474571585655 object_loss=0.0260924380273 distance_loss=0.448479145765
Iteration 49 of 100: loss=0.485780358315 object_loss=0.0360412448645 distance_loss=0.449739128351
Iteration 50 of 100: loss=0.489469975233 object_loss=0.038418777287 distance_loss=0.451051205397
Iteration 51 of 100: loss=0.482456922531 object_loss=0.0305277574807 distance_loss=0.451929152012
Iteration 52 of 100: loss=0.483147680759 object_loss=0.0307012591511 distance_loss=0.452446430922
Iteration 53 of 100: loss=0.509610831738 object_loss=0.0562488809228 distance_loss=0.453361958265
Iteration 54 of 100: loss=0.557552933693 object_loss=0.103555575013 distance_loss=0.453997343779
Iteration 55 of 100: loss=0.477082103491 object_loss=0.021995652467 distance_loss=0.455086439848
Iteration 56 of 100: loss=0.487250566483 object_loss=0.0312004107982 distance_loss=0.456050157547
Iteration 57 of 100: loss=0.572007417679 object_loss=0.115043118596 distance_loss=0.456964313984
Iteration 58 of 100: loss=0.542512893677 object_loss=0.0842218995094 distance_loss=0.458290994167
Iteration 59 of 100: loss=0.751420259476 object_loss=0.291761577129 distance_loss=0.459658652544
Iteration 60 of 100: loss=0.619023263454 object_loss=0.158065259457 distance_loss=0.460958003998
Iteration 61 of 100: loss=0.605001091957 object_loss=0.142498552799 distance_loss=0.462502539158
Iteration 62 of 100: loss=0.649848341942 object_loss=0.18625074625 distance_loss=0.463597595692
Iteration 63 of 100: loss=0.614217102528 object_loss=0.149512141943 distance_loss=0.464704960585
Iteration 64 of 100: loss=0.528627455235 object_loss=0.0623971633613 distance_loss=0.466230273247
Iteration 65 of 100: loss=0.717484295368 object_loss=0.249529987574 distance_loss=0.467954307795
Iteration 66 of 100: loss=0.568794906139 object_loss=0.0982020124793 distance_loss=0.470592886209
Iteration 67 of 100: loss=0.487124294043 object_loss=0.0144185600802 distance_loss=0.472705721855
Iteration 68 of 100: loss=0.495291739702 object_loss=0.020639847964 distance_loss=0.474651902914
Iteration 69 of 100: loss=0.927072525024 object_loss=0.450427412987 distance_loss=0.476645082235
Iteration 70 of 100: loss=0.879811584949 object_loss=0.400609314442 distance_loss=0.479202270508
Iteration 71 of 100: loss=0.629330158234 object_loss=0.147806972265 distance_loss=0.481523215771
Iteration 72 of 100: loss=0.850062847137 object_loss=0.36697947979 distance_loss=0.483083367348
Iteration 73 of 100: loss=0.59382468462 object_loss=0.108690954745 distance_loss=0.485133737326
Iteration 74 of 100: loss=0.560935437679 object_loss=0.0734654441476 distance_loss=0.487470000982
Iteration 75 of 100: loss=0.524693906307 object_loss=0.035377137363 distance_loss=0.489316791296
Iteration 76 of 100: loss=0.522113442421 object_loss=0.0310981757939 distance_loss=0.491015255451
Iteration 77 of 100: loss=0.528463900089 object_loss=0.0352317914367 distance_loss=0.493232131004
Iteration 78 of 100: loss=0.648124992847 object_loss=0.152552321553 distance_loss=0.495572686195
Iteration 79 of 100: loss=0.531382381916 object_loss=0.0334394015372 distance_loss=0.497942984104
Iteration 80 of 100: loss=0.535881757736 object_loss=0.0354294106364 distance_loss=0.500452339649
Iteration 81 of 100: loss=0.515022873878 object_loss=0.0123217664659 distance_loss=0.502701103687
Iteration 82 of 100: loss=0.532064497471 object_loss=0.0271284151822 distance_loss=0.504936099052
Iteration 83 of 100: loss=0.539131104946 object_loss=0.0319660380483 distance_loss=0.507165074348
Iteration 84 of 100: loss=0.523050665855 object_loss=0.0143498340622 distance_loss=0.508700847626
Iteration 85 of 100: loss=0.526482582092 object_loss=0.0163315050304 distance_loss=0.510151088238
Iteration 86 of 100: loss=0.527387440205 object_loss=0.0157788172364 distance_loss=0.511608600616
Iteration 87 of 100: loss=0.53471750021 object_loss=0.021884970367 distance_loss=0.512832522392
Iteration 88 of 100: loss=0.53195810318 object_loss=0.017566177994 distance_loss=0.514391899109
Iteration 89 of 100: loss=0.521915614605 object_loss=0.0058330562897 distance_loss=0.516082584858
Iteration 90 of 100: loss=0.559274554253 object_loss=0.0418097302318 distance_loss=0.51746481657
Iteration 91 of 100: loss=0.5470443964 object_loss=0.0282454118133 distance_loss=0.518799006939
Iteration 92 of 100: loss=0.560823321342 object_loss=0.0410012714565 distance_loss=0.519822061062
Iteration 93 of 100: loss=0.545324683189 object_loss=0.0244047343731 distance_loss=0.520919978619
Iteration 94 of 100: loss=0.53307133913 object_loss=0.0112658264115 distance_loss=0.521805524826
Iteration 95 of 100: loss=0.540669620037 object_loss=0.0182088576257 distance_loss=0.522460758686
Iteration 96 of 100: loss=0.566852986813 object_loss=0.0442185029387 distance_loss=0.522634506226
Iteration 97 of 100: loss=0.556394219398 object_loss=0.0335260927677 distance_loss=0.522868156433
Iteration 98 of 100: loss=0.542154610157 object_loss=0.0186521392316 distance_loss=0.523502469063
Iteration 99 of 100: loss=0.547385156155 object_loss=0.0234069265425 distance_loss=0.523978233337
Iteration 0 of 100: loss=0.547758221626 object_loss=0.0234650783241 distance_loss=0.524293124676
Iteration 1 of 100: loss=0.548126101494 object_loss=0.023185312748 distance_loss=0.524940788746
Iteration 2 of 100: loss=0.53608751297 object_loss=0.0101816765964 distance_loss=0.525905847549
Iteration 3 of 100: loss=0.537002921104 object_loss=0.0103372382 distance_loss=0.526665687561
Iteration 4 of 100: loss=0.536183416843 object_loss=0.00894251838326 distance_loss=0.527240872383
Iteration 5 of 100: loss=0.545112848282 object_loss=0.0172788221389 distance_loss=0.527833998203
Iteration 6 of 100: loss=0.556229829788 object_loss=0.0281607508659 distance_loss=0.528069078922
Iteration 7 of 100: loss=0.559869229794 object_loss=0.0316405408084 distance_loss=0.528228700161
Iteration 8 of 100: loss=0.685854017735 object_loss=0.157397016883 distance_loss=0.52845698595
Iteration 9 of 100: loss=0.593620896339 object_loss=0.0642926543951 distance_loss=0.529328227043
Iteration 10 of 100: loss=0.590423166752 object_loss=0.0605297163129 distance_loss=0.52989345789
Iteration 11 of 100: loss=0.574181735516 object_loss=0.0440298505127 distance_loss=0.530151903629
Iteration 12 of 100: loss=0.569848358631 object_loss=0.0394480861723 distance_loss=0.530400276184
Iteration 13 of 100: loss=0.560015201569 object_loss=0.0292750410736 distance_loss=0.530740141869
Iteration 14 of 100: loss=0.590216457844 object_loss=0.0593144483864 distance_loss=0.530902028084
Iteration 15 of 100: loss=0.558369636536 object_loss=0.0275502838194 distance_loss=0.530819356441
Iteration 16 of 100: loss=0.574110686779 object_loss=0.0433549247682 distance_loss=0.530755758286
Iteration 17 of 100: loss=0.771274030209 object_loss=0.24000453949 distance_loss=0.531269490719
Iteration 18 of 100: loss=0.595148324966 object_loss=0.06202487275 distance_loss=0.53312343359
Iteration 19 of 100: loss=0.660084307194 object_loss=0.125314474106 distance_loss=0.534769833088
Iteration 20 of 100: loss=0.565609633923 object_loss=0.0293707661331 distance_loss=0.536238849163
Iteration 21 of 100: loss=0.690544366837 object_loss=0.152942121029 distance_loss=0.537602245808
Iteration 22 of 100: loss=0.637325525284 object_loss=0.0983328819275 distance_loss=0.538992643356
Iteration 23 of 100: loss=0.605104446411 object_loss=0.0649032890797 distance_loss=0.540201187134
Iteration 24 of 100: loss=0.694619894028 object_loss=0.153022825718 distance_loss=0.54159706831
Iteration 25 of 100: loss=1.65771651268 object_loss=1.1145478487 distance_loss=0.543168663979
Iteration 26 of 100: loss=0.633551597595 object_loss=0.088258177042 distance_loss=0.545293450356
Iteration 27 of 100: loss=0.822836577892 object_loss=0.275535404682 distance_loss=0.54730117321
Iteration 28 of 100: loss=0.578719496727 object_loss=0.0297621991485 distance_loss=0.548957288265
Iteration 29 of 100: loss=0.564223945141 object_loss=0.0133158098906 distance_loss=0.550908148289
Iteration 30 of 100: loss=0.565534412861 object_loss=0.0122790001333 distance_loss=0.553255438805
Iteration 31 of 100: loss=0.571344077587 object_loss=0.0161220878363 distance_loss=0.55522197485
Iteration 32 of 100: loss=0.572779297829 object_loss=0.0163588579744 distance_loss=0.556420445442
Iteration 33 of 100: loss=0.577338337898 object_loss=0.0195664837956 distance_loss=0.557771861553
Iteration 34 of 100: loss=0.600021719933 object_loss=0.0407578423619 distance_loss=0.559263885021
Iteration 35 of 100: loss=0.630656838417 object_loss=0.0703441128135 distance_loss=0.560312747955
Iteration 36 of 100: loss=0.623890459538 object_loss=0.062221609056 distance_loss=0.561668872833
Iteration 37 of 100: loss=0.676712036133 object_loss=0.113399475813 distance_loss=0.563312530518
Iteration 38 of 100: loss=1.68699431419 object_loss=1.12224006653 distance_loss=0.56475430727
Iteration 39 of 100: loss=2.2458293438 object_loss=1.67923462391 distance_loss=0.566594660282
Iteration 40 of 100: loss=5.78566503525 object_loss=5.21738433838 distance_loss=0.568280816078
Iteration 41 of 100: loss=2.06065201759 object_loss=1.48998975754 distance_loss=0.57066231966
Iteration 42 of 100: loss=3.30152225494 object_loss=2.72870492935 distance_loss=0.572817385197
Iteration 43 of 100: loss=0.615077495575 object_loss=0.0395669899881 distance_loss=0.575510501862
Iteration 44 of 100: loss=0.64721262455 object_loss=0.0692495033145 distance_loss=0.577963113785
Iteration 45 of 100: loss=0.629509210587 object_loss=0.0485660359263 distance_loss=0.58094316721
Iteration 46 of 100: loss=0.599890470505 object_loss=0.0157259069383 distance_loss=0.584164559841
Iteration 47 of 100: loss=0.612150251865 object_loss=0.0249831844121 distance_loss=0.587167084217
Iteration 48 of 100: loss=0.743281006813 object_loss=0.153307795525 distance_loss=0.589973211288
Iteration 49 of 100: loss=2.12565612793 object_loss=1.53329086304 distance_loss=0.592365324497
Iteration 50 of 100: loss=0.699558317661 object_loss=0.103979967535 distance_loss=0.595578372478
Iteration 51 of 100: loss=1.06502377987 object_loss=0.465522259474 distance_loss=0.599501490593
Iteration 52 of 100: loss=0.6195525527 object_loss=0.0165385492146 distance_loss=0.60301399231
Iteration 53 of 100: loss=0.694112718105 object_loss=0.0877906531096 distance_loss=0.606322050095
Iteration 54 of 100: loss=0.615586042404 object_loss=0.00661406712607 distance_loss=0.608971953392
Iteration 55 of 100: loss=0.645955622196 object_loss=0.0343524590135 distance_loss=0.611603140831
Iteration 56 of 100: loss=0.630304455757 object_loss=0.0159558895975 distance_loss=0.614348590374
Iteration 57 of 100: loss=0.648303985596 object_loss=0.0313078425825 distance_loss=0.61699616909
Iteration 58 of 100: loss=0.651154339314 object_loss=0.0319211483002 distance_loss=0.619233191013
Iteration 59 of 100: loss=0.666386723518 object_loss=0.0449836999178 distance_loss=0.621403038502
Iteration 60 of 100: loss=0.658178508282 object_loss=0.035006608814 distance_loss=0.623171925545
Iteration 61 of 100: loss=0.662223935127 object_loss=0.0375238060951 distance_loss=0.624700129032
Iteration 62 of 100: loss=0.640582025051 object_loss=0.0142569020391 distance_loss=0.626325130463
Iteration 63 of 100: loss=0.691811919212 object_loss=0.0637258589268 distance_loss=0.628086090088
Iteration 64 of 100: loss=0.671345233917 object_loss=0.0416215360165 distance_loss=0.629723668098
Iteration 65 of 100: loss=0.771506845951 object_loss=0.140221595764 distance_loss=0.631285250187
Iteration 66 of 100: loss=0.737378239632 object_loss=0.104837104678 distance_loss=0.632541120052
Iteration 67 of 100: loss=0.702068030834 object_loss=0.0685837492347 distance_loss=0.633484303951
Iteration 68 of 100: loss=0.650057315826 object_loss=0.0155151337385 distance_loss=0.634542167187
Iteration 69 of 100: loss=0.662801980972 object_loss=0.027279894799 distance_loss=0.635522067547
Iteration 70 of 100: loss=0.838333070278 object_loss=0.201343774796 distance_loss=0.636989295483
Iteration 71 of 100: loss=0.717623353004 object_loss=0.0793837159872 distance_loss=0.638239622116
Iteration 72 of 100: loss=3.50807642937 object_loss=2.86841797829 distance_loss=0.639658391476
Iteration 73 of 100: loss=1.31734514236 object_loss=0.675099730492 distance_loss=0.642245352268
Iteration 74 of 100: loss=0.759979724884 object_loss=0.115426748991 distance_loss=0.644552946091
Iteration 75 of 100: loss=0.682153224945 object_loss=0.0351872555912 distance_loss=0.64696598053
Iteration 76 of 100: loss=0.694670855999 object_loss=0.0451419949532 distance_loss=0.649528861046
Iteration 77 of 100: loss=0.68258023262 object_loss=0.0305191017687 distance_loss=0.652061104774
Iteration 78 of 100: loss=0.699620902538 object_loss=0.0451744385064 distance_loss=0.654446482658
Iteration 79 of 100: loss=0.66797876358 object_loss=0.0115884421393 distance_loss=0.656390309334
Iteration 80 of 100: loss=0.718328475952 object_loss=0.060477681458 distance_loss=0.657850801945
Iteration 81 of 100: loss=0.674776613712 object_loss=0.0155333932489 distance_loss=0.659243226051
Iteration 82 of 100: loss=0.675492405891 object_loss=0.0147073939443 distance_loss=0.660785019398
Iteration 83 of 100: loss=0.783069074154 object_loss=0.120948292315 distance_loss=0.662120759487
Iteration 84 of 100: loss=0.953320145607 object_loss=0.289964646101 distance_loss=0.663355469704
Iteration 85 of 100: loss=0.75911796093 object_loss=0.0943361595273 distance_loss=0.664781808853
Iteration 86 of 100: loss=0.687740087509 object_loss=0.0216560512781 distance_loss=0.666084051132
Iteration 87 of 100: loss=0.754336595535 object_loss=0.0871029421687 distance_loss=0.667233645916
Iteration 88 of 100: loss=0.786404252052 object_loss=0.117970004678 distance_loss=0.668434262276
Iteration 89 of 100: loss=0.837220132351 object_loss=0.167484104633 distance_loss=0.669736027718
Iteration 90 of 100: loss=0.761221528053 object_loss=0.0905450209975 distance_loss=0.670676529408
Iteration 91 of 100: loss=0.891900539398 object_loss=0.220430493355 distance_loss=0.671470046043
Iteration 92 of 100: loss=0.840883374214 object_loss=0.169403582811 distance_loss=0.671479821205
Iteration 93 of 100: loss=0.731289446354 object_loss=0.0588205046952 distance_loss=0.672468960285
Iteration 94 of 100: loss=0.697075843811 object_loss=0.0235804505646 distance_loss=0.673495411873
Iteration 95 of 100: loss=0.795161426067 object_loss=0.120560646057 distance_loss=0.67460078001
Iteration 96 of 100: loss=0.697966277599 object_loss=0.0218590013683 distance_loss=0.676107287407
Iteration 97 of 100: loss=0.685224235058 object_loss=0.00723280804232 distance_loss=0.677991449833
Iteration 98 of 100: loss=0.704137861729 object_loss=0.0242091584951 distance_loss=0.679928719997
Iteration 99 of 100: loss=0.711805641651 object_loss=0.0301895048469 distance_loss=0.681616127491
Iteration 0 of 100: loss=0.70427685976 object_loss=0.0209342055023 distance_loss=0.683342635632
Iteration 1 of 100: loss=0.704077780247 object_loss=0.0191884450614 distance_loss=0.684889316559
Iteration 2 of 100: loss=0.700759232044 object_loss=0.0142556969076 distance_loss=0.686503529549
Iteration 3 of 100: loss=0.695801615715 object_loss=0.00773084862158 distance_loss=0.688070774078
Iteration 4 of 100: loss=0.69277459383 object_loss=0.00370196253061 distance_loss=0.689072608948
Iteration 5 of 100: loss=0.777417123318 object_loss=0.0874810740352 distance_loss=0.689936041832
Iteration 6 of 100: loss=0.736311435699 object_loss=0.0449482873082 distance_loss=0.691363155842
Iteration 7 of 100: loss=0.76756298542 object_loss=0.0754881575704 distance_loss=0.6920748353
Iteration 8 of 100: loss=0.717120230198 object_loss=0.0242685936391 distance_loss=0.692851662636
Iteration 9 of 100: loss=0.712366104126 object_loss=0.0188011173159 distance_loss=0.693565011024
Iteration 10 of 100: loss=0.706480443478 object_loss=0.0119925988838 distance_loss=0.69448786974
Iteration 11 of 100: loss=0.711990654469 object_loss=0.016679784283 distance_loss=0.695310890675
Iteration 12 of 100: loss=0.70740801096 object_loss=0.011699937284 distance_loss=0.695708096027
Iteration 13 of 100: loss=0.701555073261 object_loss=0.00533962249756 distance_loss=0.696215450764
Iteration 14 of 100: loss=0.700610399246 object_loss=0.00389156560414 distance_loss=0.696718811989
Iteration 15 of 100: loss=0.707876265049 object_loss=0.0107898507267 distance_loss=0.697086393833
Iteration 16 of 100: loss=0.707451701164 object_loss=0.0102469399571 distance_loss=0.697204768658
Iteration 17 of 100: loss=0.707958102226 object_loss=0.0104626724496 distance_loss=0.697495400906
Iteration 18 of 100: loss=0.70414352417 object_loss=0.00653424765915 distance_loss=0.697609305382
Iteration 19 of 100: loss=0.706594645977 object_loss=0.00883447285742 distance_loss=0.697760164738
Iteration 20 of 100: loss=0.704700708389 object_loss=0.00678833480924 distance_loss=0.697912395
Iteration 21 of 100: loss=0.703500628471 object_loss=0.00557368202135 distance_loss=0.697926938534
Iteration 22 of 100: loss=0.705441534519 object_loss=0.00752669852227 distance_loss=0.697914838791
Iteration 23 of 100: loss=0.704919099808 object_loss=0.00707352813333 distance_loss=0.697845578194
Iteration 24 of 100: loss=0.705529093742 object_loss=0.00771970627829 distance_loss=0.697809398174
Iteration 25 of 100: loss=0.703018903732 object_loss=0.0051660859026 distance_loss=0.697852790356
Iteration 26 of 100: loss=0.701626002789 object_loss=0.00375775806606 distance_loss=0.697868227959
Iteration 27 of 100: loss=0.701976418495 object_loss=0.00401192391291 distance_loss=0.69796448946
Iteration 28 of 100: loss=0.701418399811 object_loss=0.00383034278639 distance_loss=0.697588086128
Iteration 29 of 100: loss=0.705213785172 object_loss=0.00781837105751 distance_loss=0.697395443916
Iteration 30 of 100: loss=0.703660964966 object_loss=0.00633136369288 distance_loss=0.697329580784
Iteration 31 of 100: loss=0.702355086803 object_loss=0.00512093491852 distance_loss=0.697234153748
Iteration 32 of 100: loss=0.704839646816 object_loss=0.00808706972748 distance_loss=0.696752548218
Iteration 33 of 100: loss=0.703344404697 object_loss=0.00703689921647 distance_loss=0.696307480335
Iteration 34 of 100: loss=0.714024782181 object_loss=0.0179771073163 distance_loss=0.696047663689
Iteration 35 of 100: loss=0.705962717533 object_loss=0.0100280148908 distance_loss=0.695934712887
Iteration 36 of 100: loss=0.701630890369 object_loss=0.00595287466422 distance_loss=0.695677995682
Iteration 37 of 100: loss=0.701988518238 object_loss=0.00639902986586 distance_loss=0.695589482784
Iteration 38 of 100: loss=0.699686169624 object_loss=0.00395765993744 distance_loss=0.695728480816
Iteration 39 of 100: loss=0.701847493649 object_loss=0.00612608483061 distance_loss=0.695721387863
Iteration 40 of 100: loss=0.703295052052 object_loss=0.00790614914149 distance_loss=0.695388913155
Iteration 41 of 100: loss=0.701969206333 object_loss=0.0069416151382 distance_loss=0.695027589798
Iteration 42 of 100: loss=0.702364325523 object_loss=0.00739110866562 distance_loss=0.694973230362
Iteration 43 of 100: loss=0.704952538013 object_loss=0.0100468145683 distance_loss=0.694905698299
Iteration 44 of 100: loss=0.700171470642 object_loss=0.00544544029981 distance_loss=0.6947260499
Iteration 45 of 100: loss=0.701265633106 object_loss=0.00664169248194 distance_loss=0.694623947144
Iteration 46 of 100: loss=0.701477646828 object_loss=0.00707341916859 distance_loss=0.694404244423
Iteration 47 of 100: loss=0.698369979858 object_loss=0.00434025609866 distance_loss=0.69402974844
Iteration 48 of 100: loss=0.698084294796 object_loss=0.00440576579422 distance_loss=0.693678557873
Iteration 49 of 100: loss=0.699102699757 object_loss=0.00555092236027 distance_loss=0.693551778793
Iteration 50 of 100: loss=0.698659002781 object_loss=0.00526748411357 distance_loss=0.693391501904
Iteration 51 of 100: loss=0.699534535408 object_loss=0.00639580376446 distance_loss=0.693138718605
Iteration 52 of 100: loss=0.697170674801 object_loss=0.00462202075869 distance_loss=0.692548632622
Iteration 53 of 100: loss=0.696500003338 object_loss=0.00406355597079 distance_loss=0.69243645668
Iteration 54 of 100: loss=0.696693301201 object_loss=0.00448554847389 distance_loss=0.692207753658
Iteration 55 of 100: loss=0.696279227734 object_loss=0.00446816720068 distance_loss=0.691811084747
Iteration 56 of 100: loss=0.695342838764 object_loss=0.00399552332237 distance_loss=0.691347301006
Iteration 57 of 100: loss=0.696978092194 object_loss=0.00601478200406 distance_loss=0.690963327885
Iteration 58 of 100: loss=0.697263896465 object_loss=0.00676564173773 distance_loss=0.690498232841
Iteration 59 of 100: loss=0.69713062048 object_loss=0.00696203391999 distance_loss=0.690168559551
Iteration 60 of 100: loss=0.696626067162 object_loss=0.00672408053651 distance_loss=0.68990200758
Iteration 61 of 100: loss=0.697193205357 object_loss=0.00777581427246 distance_loss=0.689417362213
Iteration 62 of 100: loss=0.697917282581 object_loss=0.00883209146559 distance_loss=0.689085185528
Iteration 63 of 100: loss=0.696394026279 object_loss=0.00739146349952 distance_loss=0.68900257349
Iteration 64 of 100: loss=0.695499658585 object_loss=0.00687456550077 distance_loss=0.688625097275
Iteration 65 of 100: loss=0.693276464939 object_loss=0.00502066221088 distance_loss=0.688255786896
Iteration 66 of 100: loss=0.693301379681 object_loss=0.00521535193548 distance_loss=0.688086032867
Iteration 67 of 100: loss=0.693576931953 object_loss=0.00571708008647 distance_loss=0.687859833241
Iteration 68 of 100: loss=0.692912995815 object_loss=0.00542779359967 distance_loss=0.687485218048
Iteration 69 of 100: loss=0.692181706429 object_loss=0.00494125764817 distance_loss=0.687240421772
Iteration 70 of 100: loss=0.694981098175 object_loss=0.00800896622241 distance_loss=0.686972141266
Iteration 71 of 100: loss=0.695643484592 object_loss=0.00872359331697 distance_loss=0.686919867992
Iteration 72 of 100: loss=0.692166984081 object_loss=0.0058183344081 distance_loss=0.686348676682
Iteration 73 of 100: loss=0.69138866663 object_loss=0.00535555835813 distance_loss=0.686033129692
Iteration 74 of 100: loss=0.691670954227 object_loss=0.00605626124889 distance_loss=0.685614705086
Iteration 75 of 100: loss=0.691610336304 object_loss=0.00648945756257 distance_loss=0.685120880604
Iteration 76 of 100: loss=0.690865933895 object_loss=0.00660820724443 distance_loss=0.684257745743
Iteration 77 of 100: loss=0.693366289139 object_loss=0.00949204806238 distance_loss=0.683874249458
Iteration 78 of 100: loss=0.690848052502 object_loss=0.00713723851368 distance_loss=0.683710813522
Iteration 79 of 100: loss=0.689291715622 object_loss=0.00604132795706 distance_loss=0.683250367641
Iteration 80 of 100: loss=0.688733160496 object_loss=0.00578972464427 distance_loss=0.682943463326
Iteration 81 of 100: loss=0.688776254654 object_loss=0.00619480246678 distance_loss=0.682581424713
Iteration 82 of 100: loss=0.690667688847 object_loss=0.00843214895576 distance_loss=0.68223553896
Iteration 83 of 100: loss=0.689724504948 object_loss=0.00781959947199 distance_loss=0.681904911995
Iteration 84 of 100: loss=0.687074542046 object_loss=0.00557236885652 distance_loss=0.68150216341
Iteration 85 of 100: loss=0.6867197752 object_loss=0.00561212096363 distance_loss=0.681107640266
Iteration 86 of 100: loss=0.693347096443 object_loss=0.0125565249473 distance_loss=0.680790543556
Iteration 87 of 100: loss=0.696867346764 object_loss=0.0163326412439 distance_loss=0.680534720421
Iteration 88 of 100: loss=0.693643152714 object_loss=0.0137077551335 distance_loss=0.679935395718
Iteration 89 of 100: loss=0.689441561699 object_loss=0.00978106912225 distance_loss=0.679660499096
Iteration 90 of 100: loss=0.686609685421 object_loss=0.00721057131886 distance_loss=0.679399132729
Iteration 91 of 100: loss=0.68502420187 object_loss=0.00590302608907 distance_loss=0.67912119627
Iteration 92 of 100: loss=0.683473885059 object_loss=0.00475002452731 distance_loss=0.678723871708
Iteration 93 of 100: loss=0.682390093803 object_loss=0.0039487099275 distance_loss=0.678441405296
Iteration 94 of 100: loss=0.682331860065 object_loss=0.00425789970905 distance_loss=0.678073942661
Iteration 95 of 100: loss=0.680645406246 object_loss=0.00303909438662 distance_loss=0.677606284618
Iteration 96 of 100: loss=0.683104336262 object_loss=0.00592225138098 distance_loss=0.677182078362
Iteration 97 of 100: loss=0.680619418621 object_loss=0.00392637820914 distance_loss=0.676693022251
Iteration 98 of 100: loss=0.679348826408 object_loss=0.00302023906261 distance_loss=0.676328599453
Iteration 99 of 100: loss=0.679708659649 object_loss=0.00365900527686 distance_loss=0.676049649715
Iteration 0 of 100: loss=0.679037153721 object_loss=0.00371015444398 distance_loss=0.675327003002
Iteration 1 of 100: loss=0.678528189659 object_loss=0.00363119971007 distance_loss=0.674897015095
Iteration 2 of 100: loss=0.678445994854 object_loss=0.00382062559947 distance_loss=0.674625396729
Iteration 3 of 100: loss=0.67820584774 object_loss=0.00395566597581 distance_loss=0.67425018549
Iteration 4 of 100: loss=0.681557416916 object_loss=0.00782314594835 distance_loss=0.673734247684
Iteration 5 of 100: loss=0.679540932178 object_loss=0.00617788592353 distance_loss=0.673363029957
Iteration 6 of 100: loss=0.678965389729 object_loss=0.00583523977548 distance_loss=0.67313015461
Iteration 7 of 100: loss=0.678318738937 object_loss=0.00546279363334 distance_loss=0.672855973244
Iteration 8 of 100: loss=0.678955078125 object_loss=0.00663863820955 distance_loss=0.672316431999
Iteration 9 of 100: loss=0.676720917225 object_loss=0.00482339086011 distance_loss=0.671897530556
Iteration 10 of 100: loss=0.676990866661 object_loss=0.00515106087551 distance_loss=0.67183983326
Iteration 11 of 100: loss=0.678283691406 object_loss=0.00675339857116 distance_loss=0.671530306339
Iteration 12 of 100: loss=0.676246881485 object_loss=0.00562087865546 distance_loss=0.670625984669
Iteration 13 of 100: loss=0.678400039673 object_loss=0.0082282749936 distance_loss=0.670171737671
Iteration 14 of 100: loss=0.678962945938 object_loss=0.00919778738171 distance_loss=0.669765174389
Iteration 15 of 100: loss=0.680390417576 object_loss=0.0110042858869 distance_loss=0.669386148453
Iteration 16 of 100: loss=0.67959934473 object_loss=0.0106933694333 distance_loss=0.668905973434
Iteration 17 of 100: loss=0.681693017483 object_loss=0.0133308265358 distance_loss=0.66836220026
Iteration 18 of 100: loss=0.676809847355 object_loss=0.00885773636401 distance_loss=0.667952120304
Iteration 19 of 100: loss=0.676420867443 object_loss=0.00894867070019 distance_loss=0.667472183704
Iteration 20 of 100: loss=0.675300896168 object_loss=0.00818379689008 distance_loss=0.667117118835
Iteration 21 of 100: loss=0.673712134361 object_loss=0.00699885794893 distance_loss=0.666713297367
Iteration 22 of 100: loss=0.675643265247 object_loss=0.00921652466059 distance_loss=0.666426718235
Iteration 23 of 100: loss=0.673165738583 object_loss=0.00690820766613 distance_loss=0.666257560253
Iteration 24 of 100: loss=0.673436284065 object_loss=0.00766807887703 distance_loss=0.66576820612
Iteration 25 of 100: loss=0.674920797348 object_loss=0.00937995687127 distance_loss=0.6655408144
Iteration 26 of 100: loss=0.675066888332 object_loss=0.0096703870222 distance_loss=0.665396511555
Iteration 27 of 100: loss=0.68283188343 object_loss=0.0175506025553 distance_loss=0.665281295776
Iteration 28 of 100: loss=0.678944051266 object_loss=0.0140927089378 distance_loss=0.664851367474
Iteration 29 of 100: loss=0.681484103203 object_loss=0.0169165078551 distance_loss=0.66456758976
Iteration 30 of 100: loss=0.689604461193 object_loss=0.0253950264305 distance_loss=0.664209425449
Iteration 31 of 100: loss=0.697106480598 object_loss=0.0331130288541 distance_loss=0.663993477821
Iteration 32 of 100: loss=0.685185790062 object_loss=0.0215823668987 distance_loss=0.663603425026
Iteration 33 of 100: loss=0.790911853313 object_loss=0.12731795013 distance_loss=0.663593888283
Iteration 34 of 100: loss=0.701334536076 object_loss=0.0379834212363 distance_loss=0.663351118565
Iteration 35 of 100: loss=0.686711609364 object_loss=0.0239636544138 distance_loss=0.662747979164
Iteration 36 of 100: loss=0.676263332367 object_loss=0.014225455001 distance_loss=0.662037849426
Iteration 37 of 100: loss=0.67211830616 object_loss=0.0108963986859 distance_loss=0.661221921444
Iteration 38 of 100: loss=0.689972579479 object_loss=0.0293327067047 distance_loss=0.660639882088
Iteration 39 of 100: loss=0.67325013876 object_loss=0.012881022878 distance_loss=0.660369098186
Iteration 40 of 100: loss=0.685831546783 object_loss=0.0254903417081 distance_loss=0.660341203213
Iteration 41 of 100: loss=0.680871427059 object_loss=0.0207664947957 distance_loss=0.660104930401
Iteration 42 of 100: loss=0.679741501808 object_loss=0.0200354326516 distance_loss=0.659706056118
Iteration 43 of 100: loss=0.679068446159 object_loss=0.0196737647057 distance_loss=0.659394681454
Iteration 44 of 100: loss=0.665658593178 object_loss=0.00674025993794 distance_loss=0.658918321133
Iteration 45 of 100: loss=0.670917630196 object_loss=0.0125405685976 distance_loss=0.658377051353
Iteration 46 of 100: loss=0.669046938419 object_loss=0.0109980525449 distance_loss=0.658048868179
Iteration 47 of 100: loss=0.669916927814 object_loss=0.0123176285997 distance_loss=0.657599270344
Iteration 48 of 100: loss=0.66891515255 object_loss=0.0122558549047 distance_loss=0.656659305096
Iteration 49 of 100: loss=0.673628270626 object_loss=0.0174931958318 distance_loss=0.656135082245
Iteration 50 of 100: loss=0.672006547451 object_loss=0.0158430282027 distance_loss=0.65616351366
Iteration 51 of 100: loss=0.672810673714 object_loss=0.0169503111392 distance_loss=0.655860364437
Iteration 52 of 100: loss=0.66764485836 object_loss=0.0123208118603 distance_loss=0.655324041843
Iteration 53 of 100: loss=0.663809001446 object_loss=0.00873341225088 distance_loss=0.655075609684
Iteration 54 of 100: loss=0.667944848537 object_loss=0.012887516059 distance_loss=0.655057311058
Iteration 55 of 100: loss=0.662837147713 object_loss=0.00772795127705 distance_loss=0.655109167099
Iteration 56 of 100: loss=0.664229929447 object_loss=0.00949824787676 distance_loss=0.654731690884
Iteration 57 of 100: loss=0.666118383408 object_loss=0.0114744463935 distance_loss=0.654643952847
Iteration 58 of 100: loss=0.666552960873 object_loss=0.012021901086 distance_loss=0.654531061649
Iteration 59 of 100: loss=0.66409021616 object_loss=0.0096328034997 distance_loss=0.654457390308
Iteration 60 of 100: loss=0.665228247643 object_loss=0.0111399395391 distance_loss=0.654088318348
Iteration 61 of 100: loss=0.661510884762 object_loss=0.00765833538026 distance_loss=0.653852522373
Iteration 62 of 100: loss=0.661053597927 object_loss=0.00758004048839 distance_loss=0.653473556042
Iteration 63 of 100: loss=0.659955501556 object_loss=0.00677183270454 distance_loss=0.65318363905
Iteration 64 of 100: loss=0.658951282501 object_loss=0.00588174909353 distance_loss=0.653069555759
Iteration 65 of 100: loss=0.662685036659 object_loss=0.00984458997846 distance_loss=0.652840435505
Iteration 66 of 100: loss=0.659713387489 object_loss=0.0069343666546 distance_loss=0.652779042721
Iteration 67 of 100: loss=0.660778701305 object_loss=0.00816661678255 distance_loss=0.652612090111
Iteration 68 of 100: loss=0.65826690197 object_loss=0.00608805939555 distance_loss=0.652178823948
Iteration 69 of 100: loss=0.655860722065 object_loss=0.00400834018365 distance_loss=0.651852369308
Iteration 70 of 100: loss=0.654070079327 object_loss=0.00241620372981 distance_loss=0.651653885841
Iteration 71 of 100: loss=0.652977705002 object_loss=0.00157857965678 distance_loss=0.65139913559
Iteration 72 of 100: loss=0.652695894241 object_loss=0.00193907460198 distance_loss=0.650756835938
Iteration 73 of 100: loss=0.653030395508 object_loss=0.00261451653205 distance_loss=0.650415897369
Iteration 74 of 100: loss=0.652215957642 object_loss=0.00213963910937 distance_loss=0.650076329708
Iteration 75 of 100: loss=0.651845157146 object_loss=0.00216898438521 distance_loss=0.649676144123
Iteration 76 of 100: loss=0.651619613171 object_loss=0.00245048152283 distance_loss=0.649169147015
Iteration 77 of 100: loss=0.651118099689 object_loss=0.0025263056159 distance_loss=0.648591816425
Iteration 78 of 100: loss=0.65062892437 object_loss=0.00241322116926 distance_loss=0.648215711117
Iteration 79 of 100: loss=0.650285065174 object_loss=0.00231519248337 distance_loss=0.647969901562
Iteration 80 of 100: loss=0.650289952755 object_loss=0.00276604667306 distance_loss=0.647523880005
Iteration 81 of 100: loss=0.650254309177 object_loss=0.00314381415956 distance_loss=0.647110521793
Iteration 82 of 100: loss=0.650013267994 object_loss=0.00312139373273 distance_loss=0.646891891956
Iteration 83 of 100: loss=0.649507761002 object_loss=0.00301506090909 distance_loss=0.64649271965
Iteration 84 of 100: loss=0.648776233196 object_loss=0.00294959591702 distance_loss=0.645826637745
Iteration 85 of 100: loss=0.648190736771 object_loss=0.00280343252234 distance_loss=0.645387291908
Iteration 86 of 100: loss=0.647013902664 object_loss=0.00199309224263 distance_loss=0.645020782948
Iteration 87 of 100: loss=0.646555781364 object_loss=0.00209736265242 distance_loss=0.644458413124
Iteration 88 of 100: loss=0.64707839489 object_loss=0.00310930912383 distance_loss=0.64396905899
Iteration 89 of 100: loss=0.646549999714 object_loss=0.00289194402285 distance_loss=0.643658041954
Iteration 90 of 100: loss=0.646172642708 object_loss=0.00297890184447 distance_loss=0.643193721771
Iteration 91 of 100: loss=0.64608335495 object_loss=0.00338412541896 distance_loss=0.642699241638
Iteration 92 of 100: loss=0.645645737648 object_loss=0.00352280098014 distance_loss=0.642122924328
Iteration 93 of 100: loss=0.645476877689 object_loss=0.0035403391812 distance_loss=0.641936540604
Iteration 94 of 100: loss=0.645890653133 object_loss=0.0042542158626 distance_loss=0.641636431217
Iteration 95 of 100: loss=0.64610350132 object_loss=0.00485201459378 distance_loss=0.641251504421
Iteration 96 of 100: loss=0.64456152916 object_loss=0.00406812783331 distance_loss=0.640493392944
Iteration 97 of 100: loss=0.644425928593 object_loss=0.00431354623288 distance_loss=0.640112400055
Iteration 98 of 100: loss=0.644880235195 object_loss=0.00515655893832 distance_loss=0.639723658562
Iteration 99 of 100: loss=0.643629968166 object_loss=0.00429243408144 distance_loss=0.639337539673
Iteration 0 of 100: loss=0.643410623074 object_loss=0.00422920519486 distance_loss=0.639181435108
Iteration 1 of 100: loss=0.643378376961 object_loss=0.0046514919959 distance_loss=0.638726890087
Iteration 2 of 100: loss=0.642339289188 object_loss=0.00414222106338 distance_loss=0.6381970644
Iteration 3 of 100: loss=0.643094778061 object_loss=0.00534648541361 distance_loss=0.637748301029
Iteration 4 of 100: loss=0.644902169704 object_loss=0.00745326234028 distance_loss=0.637448906898
Iteration 5 of 100: loss=0.646842479706 object_loss=0.00988113135099 distance_loss=0.636961340904
Iteration 6 of 100: loss=0.64387691021 object_loss=0.0072000133805 distance_loss=0.636676907539
Iteration 7 of 100: loss=0.646789371967 object_loss=0.0103324111551 distance_loss=0.6364569664
Iteration 8 of 100: loss=0.645942389965 object_loss=0.0100282710046 distance_loss=0.6359141469
Iteration 9 of 100: loss=0.644717872143 object_loss=0.00923411175609 distance_loss=0.63548374176
Iteration 10 of 100: loss=0.647473454475 object_loss=0.0121758542955 distance_loss=0.635297596455
Iteration 11 of 100: loss=0.648871123791 object_loss=0.0139042632654 distance_loss=0.634966850281
Iteration 12 of 100: loss=0.643687665462 object_loss=0.00936523359269 distance_loss=0.634322404861
Iteration 13 of 100: loss=0.643611431122 object_loss=0.00929268822074 distance_loss=0.634318768978
Iteration 14 of 100: loss=0.643260478973 object_loss=0.00921703130007 distance_loss=0.634043455124
Iteration 15 of 100: loss=0.643670797348 object_loss=0.00999208074063 distance_loss=0.633678734303
Iteration 16 of 100: loss=0.641652703285 object_loss=0.00843872223049 distance_loss=0.633213996887
Iteration 17 of 100: loss=0.641067028046 object_loss=0.00821455009282 distance_loss=0.632852494717
Iteration 18 of 100: loss=0.640466868877 object_loss=0.00780868390575 distance_loss=0.632658183575
Iteration 19 of 100: loss=0.638487517834 object_loss=0.00607747351751 distance_loss=0.632410049438
Iteration 20 of 100: loss=0.63718599081 object_loss=0.00521743716672 distance_loss=0.631968557835
Iteration 21 of 100: loss=0.642511963844 object_loss=0.010926422663 distance_loss=0.631585538387
Iteration 22 of 100: loss=0.643238663673 object_loss=0.0116887288168 distance_loss=0.631549954414
Iteration 23 of 100: loss=0.638076305389 object_loss=0.00687562534586 distance_loss=0.631200671196
Iteration 24 of 100: loss=0.637720227242 object_loss=0.00705396384001 distance_loss=0.630666255951
Iteration 25 of 100: loss=0.638493895531 object_loss=0.00813758466393 distance_loss=0.630356311798
Iteration 26 of 100: loss=0.636304020882 object_loss=0.00630840519443 distance_loss=0.629995644093
Iteration 27 of 100: loss=0.63737642765 object_loss=0.00781632959843 distance_loss=0.629560112953
Iteration 28 of 100: loss=0.634723961353 object_loss=0.00567813823 distance_loss=0.629045844078
Iteration 29 of 100: loss=0.632885336876 object_loss=0.00442545115948 distance_loss=0.628459870815
Iteration 30 of 100: loss=0.632312178612 object_loss=0.00424609147012 distance_loss=0.628066062927
Iteration 31 of 100: loss=0.632663488388 object_loss=0.00483656628057 distance_loss=0.627826929092
Iteration 32 of 100: loss=0.630713224411 object_loss=0.00374371628277 distance_loss=0.626969516277
Iteration 33 of 100: loss=0.632834374905 object_loss=0.00636447407305 distance_loss=0.626469910145
Iteration 34 of 100: loss=0.630572795868 object_loss=0.00442441552877 distance_loss=0.626148402691
Iteration 35 of 100: loss=0.631213784218 object_loss=0.00542563619092 distance_loss=0.625788152218
Iteration 36 of 100: loss=0.629267930984 object_loss=0.00405191630125 distance_loss=0.625216007233
Iteration 37 of 100: loss=0.628810584545 object_loss=0.00411429116502 distance_loss=0.624696314335
Iteration 38 of 100: loss=0.628645658493 object_loss=0.00447739567608 distance_loss=0.624168276787
Iteration 39 of 100: loss=0.627404093742 object_loss=0.00360552873462 distance_loss=0.623798549175
Iteration 40 of 100: loss=0.62778621912 object_loss=0.00430192984641 distance_loss=0.623484313488
Iteration 41 of 100: loss=0.627671718597 object_loss=0.0047568208538 distance_loss=0.622914910316
Iteration 42 of 100: loss=0.627159893513 object_loss=0.00460898969322 distance_loss=0.622550904751
Iteration 43 of 100: loss=0.627309560776 object_loss=0.00506391888484 distance_loss=0.622245669365
Iteration 44 of 100: loss=0.626149773598 object_loss=0.0045007718727 distance_loss=0.621649026871
Iteration 45 of 100: loss=0.62836253643 object_loss=0.00705456361175 distance_loss=0.621307969093
Iteration 46 of 100: loss=0.625792503357 object_loss=0.00488320784643 distance_loss=0.620909273624
Iteration 47 of 100: loss=0.628032326698 object_loss=0.00756543781608 distance_loss=0.620466887951
Iteration 48 of 100: loss=0.630820691586 object_loss=0.0107530616224 distance_loss=0.62006765604
Iteration 49 of 100: loss=0.629670679569 object_loss=0.00988651439548 distance_loss=0.61978417635
Iteration 50 of 100: loss=0.631230652332 object_loss=0.0118295708671 distance_loss=0.619401097298
Iteration 51 of 100: loss=0.629167497158 object_loss=0.010168550536 distance_loss=0.618998944759
Iteration 52 of 100: loss=0.625502407551 object_loss=0.00728070735931 distance_loss=0.618221700191
Iteration 53 of 100: loss=0.623412013054 object_loss=0.00544703472406 distance_loss=0.617964982986
Iteration 54 of 100: loss=0.624293863773 object_loss=0.00638757739216 distance_loss=0.617906272411
Iteration 55 of 100: loss=0.62342941761 object_loss=0.00595821952447 distance_loss=0.617471218109
Iteration 56 of 100: loss=0.624257147312 object_loss=0.00742271356285 distance_loss=0.616834461689
Iteration 57 of 100: loss=0.625441789627 object_loss=0.00899938307703 distance_loss=0.616442382336
Iteration 58 of 100: loss=0.621481657028 object_loss=0.00535621587187 distance_loss=0.616125464439
Iteration 59 of 100: loss=0.625080823898 object_loss=0.00922365207225 distance_loss=0.615857183933
Iteration 60 of 100: loss=0.624025404453 object_loss=0.00838551577181 distance_loss=0.615639865398
Iteration 61 of 100: loss=0.622978448868 object_loss=0.00775069883093 distance_loss=0.615227758884
Iteration 62 of 100: loss=0.619990229607 object_loss=0.00487947650254 distance_loss=0.615110754967
Iteration 63 of 100: loss=0.618458747864 object_loss=0.00357531849295 distance_loss=0.614883422852
Iteration 64 of 100: loss=0.618162333965 object_loss=0.00364004378207 distance_loss=0.614522278309
Iteration 65 of 100: loss=0.617682695389 object_loss=0.00353459711187 distance_loss=0.614148080349
Iteration 66 of 100: loss=0.619689941406 object_loss=0.0058151143603 distance_loss=0.613874852657
Iteration 67 of 100: loss=0.618923664093 object_loss=0.00514744967222 distance_loss=0.61377620697
Iteration 68 of 100: loss=0.618543386459 object_loss=0.00526478188112 distance_loss=0.613278627396
Iteration 69 of 100: loss=0.617669701576 object_loss=0.00453264219686 distance_loss=0.613137066364
Iteration 70 of 100: loss=0.617491006851 object_loss=0.00464121345431 distance_loss=0.612849771976
Iteration 71 of 100: loss=0.61653149128 object_loss=0.00397601351142 distance_loss=0.612555503845
Iteration 72 of 100: loss=0.615340054035 object_loss=0.00321900704876 distance_loss=0.612121045589
Iteration 73 of 100: loss=0.615042865276 object_loss=0.00320058595389 distance_loss=0.611842274666
Iteration 74 of 100: loss=0.614274442196 object_loss=0.00276136305183 distance_loss=0.611513078213
Iteration 75 of 100: loss=0.614888131618 object_loss=0.00382305076346 distance_loss=0.611065089703
Iteration 76 of 100: loss=0.615321695805 object_loss=0.00464428728446 distance_loss=0.610677421093
Iteration 77 of 100: loss=0.614296495914 object_loss=0.00390739599243 distance_loss=0.610389113426
Iteration 78 of 100: loss=0.616266787052 object_loss=0.00612035067752 distance_loss=0.610146462917
Iteration 79 of 100: loss=0.613827884197 object_loss=0.00390691170469 distance_loss=0.609920978546
Iteration 80 of 100: loss=0.613550007343 object_loss=0.00417941343039 distance_loss=0.609370589256
Iteration 81 of 100: loss=0.613442659378 object_loss=0.00447401450947 distance_loss=0.608968615532
Iteration 82 of 100: loss=0.611877679825 object_loss=0.0031319221016 distance_loss=0.608745753765
Iteration 83 of 100: loss=0.611535310745 object_loss=0.00286164693534 distance_loss=0.60867369175
Iteration 84 of 100: loss=0.610963046551 object_loss=0.00255574588664 distance_loss=0.608407318592
Iteration 85 of 100: loss=0.611179888248 object_loss=0.00330126518384 distance_loss=0.607878625393
Iteration 86 of 100: loss=0.611687481403 object_loss=0.00395487481728 distance_loss=0.607732594013
Iteration 87 of 100: loss=0.619779348373 object_loss=0.0121847735718 distance_loss=0.607594549656
Iteration 88 of 100: loss=0.61925393343 object_loss=0.0119081065059 distance_loss=0.607345819473
Iteration 89 of 100: loss=0.614125609398 object_loss=0.00704397866502 distance_loss=0.607081651688
Iteration 90 of 100: loss=0.615675330162 object_loss=0.00869922991842 distance_loss=0.606976091862
Iteration 91 of 100: loss=0.614995658398 object_loss=0.00815302692354 distance_loss=0.606842637062
Iteration 92 of 100: loss=0.614885449409 object_loss=0.0088858101517 distance_loss=0.605999648571
Iteration 93 of 100: loss=0.613979279995 object_loss=0.00830669235438 distance_loss=0.605672597885
Iteration 94 of 100: loss=0.613144040108 object_loss=0.00754166441038 distance_loss=0.605602383614
Iteration 95 of 100: loss=0.611546814442 object_loss=0.00607636477798 distance_loss=0.605470478535
Iteration 96 of 100: loss=0.612825095654 object_loss=0.00776922516525 distance_loss=0.605055868626
Iteration 97 of 100: loss=0.610595166683 object_loss=0.0058204731904 distance_loss=0.604774713516
Iteration 98 of 100: loss=0.614862143993 object_loss=0.0104119796306 distance_loss=0.604450166225
Iteration 99 of 100: loss=0.61587959528 object_loss=0.0116905774921 distance_loss=0.604189038277
Iteration 0 of 100: loss=0.629132390022 object_loss=0.0252352077514 distance_loss=0.603897154331
Iteration 1 of 100: loss=0.630071878433 object_loss=0.0264791753143 distance_loss=0.603592693806
Iteration 2 of 100: loss=0.627852976322 object_loss=0.0243068933487 distance_loss=0.603546082973
Iteration 3 of 100: loss=0.630954146385 object_loss=0.0274636987597 distance_loss=0.60349047184
Iteration 4 of 100: loss=0.622538208961 object_loss=0.0192468389869 distance_loss=0.603291392326
Iteration 5 of 100: loss=0.614507675171 object_loss=0.0113677373156 distance_loss=0.603139936924
Iteration 6 of 100: loss=0.619984686375 object_loss=0.0169757138938 distance_loss=0.603008985519
Iteration 7 of 100: loss=0.624802589417 object_loss=0.0220926329494 distance_loss=0.602709949017
Iteration 8 of 100: loss=0.627417862415 object_loss=0.0249531622976 distance_loss=0.602464675903
Iteration 9 of 100: loss=0.614544987679 object_loss=0.0121053289622 distance_loss=0.602439641953
Iteration 10 of 100: loss=0.633761942387 object_loss=0.031470246613 distance_loss=0.602291703224
Iteration 11 of 100: loss=0.642563402653 object_loss=0.0404361449182 distance_loss=0.602127254009
Iteration 12 of 100: loss=0.621452271938 object_loss=0.0194009579718 distance_loss=0.602051317692
Iteration 13 of 100: loss=0.625359773636 object_loss=0.0233151037246 distance_loss=0.602044641972
Iteration 14 of 100: loss=0.629398703575 object_loss=0.0274164434522 distance_loss=0.601982235909
Iteration 15 of 100: loss=0.629720926285 object_loss=0.0277228597552 distance_loss=0.601998090744
Iteration 16 of 100: loss=0.628770053387 object_loss=0.0267496127635 distance_loss=0.602020442486
Iteration 17 of 100: loss=0.631832301617 object_loss=0.029793323949 distance_loss=0.60203897953
Iteration 18 of 100: loss=0.614133238792 object_loss=0.0120850531384 distance_loss=0.602048158646
Iteration 19 of 100: loss=0.627620100975 object_loss=0.0256743934005 distance_loss=0.601945698261
Iteration 20 of 100: loss=0.632029533386 object_loss=0.0300498045981 distance_loss=0.601979732513
Iteration 21 of 100: loss=0.631481468678 object_loss=0.0296665448695 distance_loss=0.601814925671
Iteration 22 of 100: loss=0.621502876282 object_loss=0.019842337817 distance_loss=0.601660549641
Iteration 23 of 100: loss=0.626665592194 object_loss=0.0249408334494 distance_loss=0.601724743843
Iteration 24 of 100: loss=0.622477948666 object_loss=0.0207186713815 distance_loss=0.601759254932
Iteration 25 of 100: loss=0.634957134724 object_loss=0.0329218134284 distance_loss=0.602035343647
Iteration 26 of 100: loss=0.647235631943 object_loss=0.0449424050748 distance_loss=0.602293252945
Iteration 27 of 100: loss=0.60904109478 object_loss=0.00658392859623 distance_loss=0.602457165718
Iteration 28 of 100: loss=0.617007315159 object_loss=0.0148390252143 distance_loss=0.602168262005
Iteration 29 of 100: loss=0.618159532547 object_loss=0.0158601328731 distance_loss=0.602299392223
Iteration 30 of 100: loss=0.617592930794 object_loss=0.0151586048305 distance_loss=0.602434337139
Iteration 31 of 100: loss=0.624379515648 object_loss=0.022011552006 distance_loss=0.602367937565
Iteration 32 of 100: loss=0.627247691154 object_loss=0.0252294652164 distance_loss=0.602018237114
Iteration 33 of 100: loss=0.622333228588 object_loss=0.0202296227217 distance_loss=0.602103590965
Iteration 34 of 100: loss=0.620601296425 object_loss=0.0184251274914 distance_loss=0.602176189423
Iteration 35 of 100: loss=0.620536208153 object_loss=0.0185673665255 distance_loss=0.601968824863
Iteration 36 of 100: loss=0.621560335159 object_loss=0.0200687684119 distance_loss=0.601491570473
Iteration 37 of 100: loss=0.62260645628 object_loss=0.0215414017439 distance_loss=0.601065039635
Iteration 38 of 100: loss=0.626930117607 object_loss=0.0259943641722 distance_loss=0.60093575716
Iteration 39 of 100: loss=0.620237290859 object_loss=0.0192468687892 distance_loss=0.600990414619
Iteration 40 of 100: loss=0.623280405998 object_loss=0.0225687846541 distance_loss=0.600711643696
Iteration 41 of 100: loss=0.644432246685 object_loss=0.0440282449126 distance_loss=0.600404024124
Iteration 42 of 100: loss=0.642901659012 object_loss=0.0426083728671 distance_loss=0.600293278694
Iteration 43 of 100: loss=0.654922366142 object_loss=0.0546235255897 distance_loss=0.600298821926
Iteration 44 of 100: loss=0.660584330559 object_loss=0.0599507018924 distance_loss=0.600633621216
Iteration 45 of 100: loss=0.657587945461 object_loss=0.0568656921387 distance_loss=0.600722253323
Iteration 46 of 100: loss=0.694864630699 object_loss=0.0940369814634 distance_loss=0.600827634335
Iteration 47 of 100: loss=0.676378905773 object_loss=0.0751480907202 distance_loss=0.601230800152
Iteration 48 of 100: loss=0.718371272087 object_loss=0.116643190384 distance_loss=0.601728081703
Iteration 49 of 100: loss=0.655841588974 object_loss=0.053263053298 distance_loss=0.602578520775
Iteration 50 of 100: loss=0.672381997108 object_loss=0.0688539519906 distance_loss=0.603528022766
Iteration 51 of 100: loss=0.648610711098 object_loss=0.0442499145865 distance_loss=0.604360818863
Iteration 52 of 100: loss=0.653214812279 object_loss=0.0487067326903 distance_loss=0.60450810194
Iteration 53 of 100: loss=0.653188228607 object_loss=0.0478933863342 distance_loss=0.605294823647
Iteration 54 of 100: loss=0.657964229584 object_loss=0.0522873364389 distance_loss=0.60567688942
Iteration 55 of 100: loss=0.716728150845 object_loss=0.110525630414 distance_loss=0.606202542782
Iteration 56 of 100: loss=0.648215293884 object_loss=0.0416630618274 distance_loss=0.606552243233
Iteration 57 of 100: loss=0.701901674271 object_loss=0.0948126316071 distance_loss=0.607089042664
Iteration 58 of 100: loss=0.650581002235 object_loss=0.0433555394411 distance_loss=0.607225477695
Iteration 59 of 100: loss=0.66478562355 object_loss=0.0576341822743 distance_loss=0.607151448727
Iteration 60 of 100: loss=0.689199984074 object_loss=0.0821029320359 distance_loss=0.607097029686
Iteration 61 of 100: loss=0.886821866035 object_loss=0.279558390379 distance_loss=0.607263505459
Iteration 62 of 100: loss=0.641135632992 object_loss=0.0327510647476 distance_loss=0.608384549618
Iteration 63 of 100: loss=0.696440458298 object_loss=0.0867638364434 distance_loss=0.609676599503
Iteration 64 of 100: loss=0.783788502216 object_loss=0.173375144601 distance_loss=0.610413372517
Iteration 65 of 100: loss=0.994152069092 object_loss=0.382577985525 distance_loss=0.611574053764
Iteration 66 of 100: loss=0.890513062477 object_loss=0.277702152729 distance_loss=0.612810909748
Iteration 67 of 100: loss=0.719961464405 object_loss=0.106221474707 distance_loss=0.613739967346
Iteration 68 of 100: loss=1.08092832565 object_loss=0.466194152832 distance_loss=0.614734113216
Iteration 69 of 100: loss=0.837570726871 object_loss=0.221514686942 distance_loss=0.616056025028
Iteration 70 of 100: loss=0.706355929375 object_loss=0.0892898440361 distance_loss=0.617066085339
Iteration 71 of 100: loss=1.86438012123 object_loss=1.2463670969 distance_loss=0.61801302433
Iteration 72 of 100: loss=2.08592128754 object_loss=1.46633541584 distance_loss=0.619585812092
Iteration 73 of 100: loss=0.773484587669 object_loss=0.151788502932 distance_loss=0.621696054935
Iteration 74 of 100: loss=0.656187295914 object_loss=0.0323873236775 distance_loss=0.623799979687
Iteration 75 of 100: loss=0.642960727215 object_loss=0.0171420965344 distance_loss=0.625818610191
Iteration 76 of 100: loss=0.671840012074 object_loss=0.0446080900729 distance_loss=0.627231895924
Iteration 77 of 100: loss=0.650673806667 object_loss=0.0213294345886 distance_loss=0.629344344139
Iteration 78 of 100: loss=0.650865852833 object_loss=0.0193851515651 distance_loss=0.631480693817
Iteration 79 of 100: loss=0.660269379616 object_loss=0.0269304215908 distance_loss=0.633338987827
Iteration 80 of 100: loss=0.652059316635 object_loss=0.0168774034828 distance_loss=0.635181903839
Iteration 81 of 100: loss=0.644785284996 object_loss=0.00810877420008 distance_loss=0.636676490307
Iteration 82 of 100: loss=0.662539482117 object_loss=0.0245089232922 distance_loss=0.638030529022
Iteration 83 of 100: loss=0.670297384262 object_loss=0.0309445541352 distance_loss=0.639352858067
Iteration 84 of 100: loss=0.656649887562 object_loss=0.0161108728498 distance_loss=0.640538990498
Iteration 85 of 100: loss=0.723489701748 object_loss=0.0821900442243 distance_loss=0.641299664974
Iteration 86 of 100: loss=0.73932993412 object_loss=0.0973528921604 distance_loss=0.641977071762
Iteration 87 of 100: loss=0.717287957668 object_loss=0.0746671557426 distance_loss=0.642620801926
Iteration 88 of 100: loss=0.674596786499 object_loss=0.0314568467438 distance_loss=0.643139958382
Iteration 89 of 100: loss=0.655977904797 object_loss=0.0119536444545 distance_loss=0.644024252892
Iteration 90 of 100: loss=0.658830702305 object_loss=0.0137407323346 distance_loss=0.64508998394
Iteration 91 of 100: loss=0.718473851681 object_loss=0.072742216289 distance_loss=0.645731627941
Iteration 92 of 100: loss=0.740727245808 object_loss=0.0944505929947 distance_loss=0.646276652813
Iteration 93 of 100: loss=0.687738239765 object_loss=0.0405054539442 distance_loss=0.64723277092
Iteration 94 of 100: loss=0.70205527544 object_loss=0.0540204644203 distance_loss=0.64803481102
Iteration 95 of 100: loss=0.681224167347 object_loss=0.0324018076062 distance_loss=0.648822367191
Iteration 96 of 100: loss=0.667860031128 object_loss=0.0184359736741 distance_loss=0.64942407608
Iteration 97 of 100: loss=0.659584701061 object_loss=0.0096568511799 distance_loss=0.649927854538
Iteration 98 of 100: loss=0.668969273567 object_loss=0.0184105299413 distance_loss=0.650558769703
Iteration 99 of 100: loss=0.675414800644 object_loss=0.0245679579675 distance_loss=0.650846838951
Iteration 0 of 100: loss=0.660924613476 object_loss=0.0101360483095 distance_loss=0.650788545609
Iteration 1 of 100: loss=0.656374573708 object_loss=0.00561349513009 distance_loss=0.650761067867
Iteration 2 of 100: loss=0.657035470009 object_loss=0.00587696954608 distance_loss=0.651158511639
Iteration 3 of 100: loss=0.655892431736 object_loss=0.00460228091106 distance_loss=0.651290178299
Iteration 4 of 100: loss=0.655955553055 object_loss=0.00474924221635 distance_loss=0.651206314564
Iteration 5 of 100: loss=0.65749335289 object_loss=0.00649057980627 distance_loss=0.651002764702
Iteration 6 of 100: loss=0.659046590328 object_loss=0.00801697187126 distance_loss=0.651029646397
Iteration 7 of 100: loss=0.660964667797 object_loss=0.00991251785308 distance_loss=0.651052176952
Iteration 8 of 100: loss=0.656734228134 object_loss=0.00599071243778 distance_loss=0.650743544102
Iteration 9 of 100: loss=0.65891957283 object_loss=0.0082224952057 distance_loss=0.650697052479
Iteration 10 of 100: loss=0.655262470245 object_loss=0.00455153128132 distance_loss=0.650710940361
Iteration 11 of 100: loss=0.654854118824 object_loss=0.00405086576939 distance_loss=0.650803267956
Iteration 12 of 100: loss=0.654843568802 object_loss=0.00443940702826 distance_loss=0.650404155254
Iteration 13 of 100: loss=0.655468702316 object_loss=0.00511076487601 distance_loss=0.650357961655
Iteration 14 of 100: loss=0.657139241695 object_loss=0.00705170165747 distance_loss=0.650087535381
Iteration 15 of 100: loss=0.65789014101 object_loss=0.00799004361033 distance_loss=0.649900078773
Iteration 16 of 100: loss=0.663710594177 object_loss=0.0141256563365 distance_loss=0.649584949017
Iteration 17 of 100: loss=0.66295260191 object_loss=0.0136446617544 distance_loss=0.649307966232
Iteration 18 of 100: loss=0.661826372147 object_loss=0.0125213293359 distance_loss=0.649305045605
Iteration 19 of 100: loss=0.65932559967 object_loss=0.0100116878748 distance_loss=0.649313926697
Iteration 20 of 100: loss=0.672851145267 object_loss=0.0236664153636 distance_loss=0.649184703827
Iteration 21 of 100: loss=0.654899716377 object_loss=0.0057993917726 distance_loss=0.64910030365
Iteration 22 of 100: loss=0.654450595379 object_loss=0.00532159162685 distance_loss=0.649129033089
Iteration 23 of 100: loss=0.658212244511 object_loss=0.00884441845119 distance_loss=0.649367809296
Iteration 24 of 100: loss=0.658009231091 object_loss=0.00857028458267 distance_loss=0.649438917637
Iteration 25 of 100: loss=0.656733453274 object_loss=0.00756313232705 distance_loss=0.649170339108
Iteration 26 of 100: loss=0.654193997383 object_loss=0.0052068028599 distance_loss=0.648987174034
Iteration 27 of 100: loss=0.653941273689 object_loss=0.00508486106992 distance_loss=0.648856401443
Iteration 28 of 100: loss=0.652945697308 object_loss=0.00439883349463 distance_loss=0.648546874523
Iteration 29 of 100: loss=0.653054714203 object_loss=0.00473176781088 distance_loss=0.648322939873
Iteration 30 of 100: loss=0.652743518353 object_loss=0.0044836984016 distance_loss=0.648259818554
Iteration 31 of 100: loss=0.651721358299 object_loss=0.00362085225061 distance_loss=0.648100495338
Iteration 32 of 100: loss=0.652367472649 object_loss=0.00476768193766 distance_loss=0.647599816322
Iteration 33 of 100: loss=0.653150975704 object_loss=0.00566093623638 distance_loss=0.647490024567
Iteration 34 of 100: loss=0.653916656971 object_loss=0.00646730512381 distance_loss=0.647449374199
Iteration 35 of 100: loss=0.651767671108 object_loss=0.00448124948889 distance_loss=0.6472864151
Iteration 36 of 100: loss=0.652082204819 object_loss=0.00542179867625 distance_loss=0.646660387516
Iteration 37 of 100: loss=0.651025533676 object_loss=0.00472836755216 distance_loss=0.646297156811
Iteration 38 of 100: loss=0.651060402393 object_loss=0.00496725924313 distance_loss=0.646093130112
Iteration 39 of 100: loss=0.651488661766 object_loss=0.00569373229519 distance_loss=0.645794928074
Iteration 40 of 100: loss=0.650136709213 object_loss=0.00472206017002 distance_loss=0.64541465044
Iteration 41 of 100: loss=0.649815917015 object_loss=0.00476358365268 distance_loss=0.645052313805
Iteration 42 of 100: loss=0.649502038956 object_loss=0.00489253737032 distance_loss=0.644609510899
Iteration 43 of 100: loss=0.648722231388 object_loss=0.00462643615901 distance_loss=0.644095778465
Iteration 44 of 100: loss=0.647644460201 object_loss=0.00377746974118 distance_loss=0.643867015839
Iteration 45 of 100: loss=0.648007035255 object_loss=0.00430645328015 distance_loss=0.64370059967
Iteration 46 of 100: loss=0.647088170052 object_loss=0.00362554285675 distance_loss=0.643462598324
Iteration 47 of 100: loss=0.648056328297 object_loss=0.00493234721944 distance_loss=0.643123984337
Iteration 48 of 100: loss=0.646922409534 object_loss=0.00447262916714 distance_loss=0.6424497962
Iteration 49 of 100: loss=0.645515799522 object_loss=0.00334432232194 distance_loss=0.642171502113
Iteration 50 of 100: loss=0.645644366741 object_loss=0.00368269113824 distance_loss=0.641961693764
Iteration 51 of 100: loss=0.645942091942 object_loss=0.00430420506746 distance_loss=0.641637861729
Iteration 52 of 100: loss=0.64551872015 object_loss=0.00433019734919 distance_loss=0.641188502312
Iteration 53 of 100: loss=0.644575297832 object_loss=0.00364594068378 distance_loss=0.640929341316
Iteration 54 of 100: loss=0.643468260765 object_loss=0.00291484012268 distance_loss=0.640553414822
Iteration 55 of 100: loss=0.642972648144 object_loss=0.00297171645798 distance_loss=0.640000939369
Iteration 56 of 100: loss=0.642291426659 object_loss=0.00269612041302 distance_loss=0.639595329762
Iteration 57 of 100: loss=0.64198243618 object_loss=0.0029047653079 distance_loss=0.639077663422
Iteration 58 of 100: loss=0.641394615173 object_loss=0.00251907063648 distance_loss=0.638875544071
Iteration 59 of 100: loss=0.641193389893 object_loss=0.00256739626639 distance_loss=0.638625979424
Iteration 60 of 100: loss=0.64122313261 object_loss=0.00318509875797 distance_loss=0.638038039207
Iteration 61 of 100: loss=0.640673816204 object_loss=0.00314481812529 distance_loss=0.637529015541
Iteration 62 of 100: loss=0.640170454979 object_loss=0.0029068745207 distance_loss=0.637263596058
Iteration 63 of 100: loss=0.641191065311 object_loss=0.00417495239526 distance_loss=0.637016117573
Iteration 64 of 100: loss=0.640007972717 object_loss=0.00337762874551 distance_loss=0.636630356312
Iteration 65 of 100: loss=0.639345228672 object_loss=0.00302919605747 distance_loss=0.63631606102
Iteration 66 of 100: loss=0.639217674732 object_loss=0.00331322359852 distance_loss=0.635904431343
Iteration 67 of 100: loss=0.640179514885 object_loss=0.00440281862393 distance_loss=0.635776698589
Iteration 68 of 100: loss=0.639210581779 object_loss=0.00386444921605 distance_loss=0.635346114635
Iteration 69 of 100: loss=0.638663649559 object_loss=0.00367443775758 distance_loss=0.634989202023
Iteration 70 of 100: loss=0.63924407959 object_loss=0.00445813545957 distance_loss=0.634785950184
Iteration 71 of 100: loss=0.638158380985 object_loss=0.00371609488502 distance_loss=0.634442269802
Iteration 72 of 100: loss=0.638278841972 object_loss=0.00459745712578 distance_loss=0.633681356907
Iteration 73 of 100: loss=0.636799573898 object_loss=0.00329281087033 distance_loss=0.633506774902
Iteration 74 of 100: loss=0.63660210371 object_loss=0.00310433912091 distance_loss=0.633497774601
Iteration 75 of 100: loss=0.635874807835 object_loss=0.0027870379854 distance_loss=0.63308775425
Iteration 76 of 100: loss=0.635710477829 object_loss=0.00309667107649 distance_loss=0.632613778114
Iteration 77 of 100: loss=0.635219693184 object_loss=0.00289852847345 distance_loss=0.632321178913
Iteration 78 of 100: loss=0.634112417698 object_loss=0.00217390246689 distance_loss=0.631938517094
Iteration 79 of 100: loss=0.633688747883 object_loss=0.00195141555741 distance_loss=0.631737351418
Iteration 80 of 100: loss=0.633663058281 object_loss=0.00199445080943 distance_loss=0.631668627262
Iteration 81 of 100: loss=0.633416175842 object_loss=0.00232895370573 distance_loss=0.631087243557
Iteration 82 of 100: loss=0.633740067482 object_loss=0.00300895469263 distance_loss=0.630731105804
Iteration 83 of 100: loss=0.634579062462 object_loss=0.00411488534883 distance_loss=0.630464196205
Iteration 84 of 100: loss=0.633793771267 object_loss=0.00371011393145 distance_loss=0.630083680153
Iteration 85 of 100: loss=0.633208394051 object_loss=0.00336576253176 distance_loss=0.629842638969
Iteration 86 of 100: loss=0.63205063343 object_loss=0.00232481746934 distance_loss=0.629725813866
Iteration 87 of 100: loss=0.631624519825 object_loss=0.00208677398041 distance_loss=0.629537761211
Iteration 88 of 100: loss=0.631438076496 object_loss=0.00214369827881 distance_loss=0.629294395447
Iteration 89 of 100: loss=0.631632268429 object_loss=0.0026784746442 distance_loss=0.628953814507
Iteration 90 of 100: loss=0.631550490856 object_loss=0.0028687545564 distance_loss=0.628681719303
Iteration 91 of 100: loss=0.631618320942 object_loss=0.00314165395685 distance_loss=0.628476679325
Iteration 92 of 100: loss=0.631059765816 object_loss=0.00308086141013 distance_loss=0.627978920937
Iteration 93 of 100: loss=0.629959821701 object_loss=0.00219377060421 distance_loss=0.62776607275
Iteration 94 of 100: loss=0.630267560482 object_loss=0.00285025988705 distance_loss=0.627417325974
Iteration 95 of 100: loss=0.631118834019 object_loss=0.00406209565699 distance_loss=0.627056717873
Iteration 96 of 100: loss=0.630080997944 object_loss=0.0035120358225 distance_loss=0.626568973064
Iteration 97 of 100: loss=0.629703104496 object_loss=0.00345651106909 distance_loss=0.626246571541
Iteration 98 of 100: loss=0.629450798035 object_loss=0.00355934537947 distance_loss=0.625891447067
Iteration 99 of 100: loss=0.629485487938 object_loss=0.00387841905467 distance_loss=0.625607073307
Iteration 0 of 100: loss=0.629193305969 object_loss=0.00387415545993 distance_loss=0.625319123268
Iteration 1 of 100: loss=0.630346775055 object_loss=0.0053296899423 distance_loss=0.625017106533
Iteration 2 of 100: loss=0.62964206934 object_loss=0.00470440834761 distance_loss=0.624937653542
Iteration 3 of 100: loss=0.630216538906 object_loss=0.00541690224782 distance_loss=0.624799609184
Iteration 4 of 100: loss=0.62958163023 object_loss=0.00510664097965 distance_loss=0.624475002289
Iteration 5 of 100: loss=0.637944698334 object_loss=0.0137733388692 distance_loss=0.624171376228
Iteration 6 of 100: loss=0.633278429508 object_loss=0.00910360179842 distance_loss=0.624174833298
Iteration 7 of 100: loss=0.63258266449 object_loss=0.00842506438494 distance_loss=0.624157607555
Iteration 8 of 100: loss=0.633578002453 object_loss=0.00978355575353 distance_loss=0.623794436455
Iteration 9 of 100: loss=0.629519462585 object_loss=0.0060538193211 distance_loss=0.623465657234
Iteration 10 of 100: loss=0.631008863449 object_loss=0.00755944149569 distance_loss=0.623449444771
Iteration 11 of 100: loss=0.636246562004 object_loss=0.0129434857517 distance_loss=0.623303055763
Iteration 12 of 100: loss=0.632475197315 object_loss=0.00962690450251 distance_loss=0.622848272324
Iteration 13 of 100: loss=0.635337769985 object_loss=0.0125668738037 distance_loss=0.622770905495
Iteration 14 of 100: loss=0.632872760296 object_loss=0.0100946649909 distance_loss=0.622778117657
Iteration 15 of 100: loss=0.64375436306 object_loss=0.0212194211781 distance_loss=0.622534930706
Iteration 16 of 100: loss=0.639604091644 object_loss=0.0173437967896 distance_loss=0.622260272503
Iteration 17 of 100: loss=0.641447067261 object_loss=0.019380941987 distance_loss=0.622066140175
Iteration 18 of 100: loss=0.640323340893 object_loss=0.018204074353 distance_loss=0.622119247913
Iteration 19 of 100: loss=0.632806360722 object_loss=0.0105413179845 distance_loss=0.622265040874
Iteration 20 of 100: loss=0.663385570049 object_loss=0.041380032897 distance_loss=0.622005522251
Iteration 21 of 100: loss=0.655564844608 object_loss=0.0334060788155 distance_loss=0.622158765793
Iteration 22 of 100: loss=0.669433355331 object_loss=0.047139890492 distance_loss=0.62229347229
Iteration 23 of 100: loss=0.751214802265 object_loss=0.128575444221 distance_loss=0.622639358044
Iteration 24 of 100: loss=0.682359755039 object_loss=0.0595588684082 distance_loss=0.622800886631
Iteration 25 of 100: loss=0.710268318653 object_loss=0.0871193781495 distance_loss=0.623148918152
Iteration 26 of 100: loss=0.659080505371 object_loss=0.03575758636 distance_loss=0.62332290411
Iteration 27 of 100: loss=0.66496360302 object_loss=0.0416563414037 distance_loss=0.623307287693
Iteration 28 of 100: loss=0.639102876186 object_loss=0.0156133212149 distance_loss=0.623489558697
Iteration 29 of 100: loss=0.667277932167 object_loss=0.0435617528856 distance_loss=0.623716175556
Iteration 30 of 100: loss=0.750999450684 object_loss=0.12683686614 distance_loss=0.624162614346
Iteration 31 of 100: loss=0.658582508564 object_loss=0.0339277423918 distance_loss=0.624654769897
Iteration 32 of 100: loss=0.686290323734 object_loss=0.0618285425007 distance_loss=0.624461770058
Iteration 33 of 100: loss=0.652017474174 object_loss=0.0270191635936 distance_loss=0.62499833107
Iteration 34 of 100: loss=0.64116859436 object_loss=0.0157729573548 distance_loss=0.625395655632
Iteration 35 of 100: loss=0.654220819473 object_loss=0.0286938305944 distance_loss=0.625526964664
Iteration 36 of 100: loss=0.643554806709 object_loss=0.0180200021714 distance_loss=0.625534832478
Iteration 37 of 100: loss=0.762691855431 object_loss=0.137208580971 distance_loss=0.62548327446
Iteration 38 of 100: loss=0.70191180706 object_loss=0.0764660537243 distance_loss=0.625445723534
Iteration 39 of 100: loss=0.730617105961 object_loss=0.105120800436 distance_loss=0.625496327877
Iteration 40 of 100: loss=0.64814966917 object_loss=0.0224944818765 distance_loss=0.625655174255
Iteration 41 of 100: loss=0.688666403294 object_loss=0.0632319375873 distance_loss=0.625434458256
Iteration 42 of 100: loss=0.858723402023 object_loss=0.233197152615 distance_loss=0.625526249409
Iteration 43 of 100: loss=0.66784787178 object_loss=0.0418092757463 distance_loss=0.626038610935
Iteration 44 of 100: loss=0.691622197628 object_loss=0.0652213096619 distance_loss=0.626400887966
Iteration 45 of 100: loss=0.65113312006 object_loss=0.0243437830359 distance_loss=0.626789331436
Iteration 46 of 100: loss=0.659137785435 object_loss=0.0317743197083 distance_loss=0.627363443375
Iteration 47 of 100: loss=0.656023859978 object_loss=0.0281810089946 distance_loss=0.627842843533
Iteration 48 of 100: loss=0.645177125931 object_loss=0.0169214718044 distance_loss=0.628255665302
Iteration 49 of 100: loss=0.637262582779 object_loss=0.00854335073382 distance_loss=0.628719210625
Iteration 50 of 100: loss=0.643070101738 object_loss=0.0140244606882 distance_loss=0.629045665264
Iteration 51 of 100: loss=0.671825706959 object_loss=0.042578227818 distance_loss=0.629247486591
Iteration 52 of 100: loss=0.748685002327 object_loss=0.119031839073 distance_loss=0.629653155804
Iteration 53 of 100: loss=0.689865112305 object_loss=0.0591615736485 distance_loss=0.630703508854
Iteration 54 of 100: loss=0.681343972683 object_loss=0.0496278144419 distance_loss=0.631716132164
Iteration 55 of 100: loss=0.843615531921 object_loss=0.210902929306 distance_loss=0.632712602615
Iteration 56 of 100: loss=0.819091260433 object_loss=0.185564234853 distance_loss=0.633527040482
Iteration 57 of 100: loss=0.755186319351 object_loss=0.120321378112 distance_loss=0.634864926338
Iteration 58 of 100: loss=0.714539706707 object_loss=0.078028075397 distance_loss=0.636511623859
Iteration 59 of 100: loss=0.741749882698 object_loss=0.103751368821 distance_loss=0.637998521328
Iteration 60 of 100: loss=0.902989029884 object_loss=0.263648748398 distance_loss=0.639340281487
Iteration 61 of 100: loss=1.00291287899 object_loss=0.362412363291 distance_loss=0.640500485897
Iteration 62 of 100: loss=1.1036182642 object_loss=0.462015122175 distance_loss=0.641603112221
Iteration 63 of 100: loss=0.69567412138 object_loss=0.0529677271843 distance_loss=0.642706394196
Iteration 64 of 100: loss=0.743224561214 object_loss=0.0994579717517 distance_loss=0.643766582012
Iteration 65 of 100: loss=0.778825163841 object_loss=0.134038239717 distance_loss=0.644786894321
Iteration 66 of 100: loss=0.749300897121 object_loss=0.10394127667 distance_loss=0.645359635353
Iteration 67 of 100: loss=0.689614713192 object_loss=0.0437842085958 distance_loss=0.645830512047
Iteration 68 of 100: loss=0.735351264477 object_loss=0.0894625335932 distance_loss=0.645888745785
Iteration 69 of 100: loss=1.47679519653 object_loss=0.831032276154 distance_loss=0.64576292038
Iteration 70 of 100: loss=0.80580675602 object_loss=0.16066172719 distance_loss=0.645145058632
Iteration 71 of 100: loss=0.985395431519 object_loss=0.340532958508 distance_loss=0.644862473011
Iteration 72 of 100: loss=0.667433559895 object_loss=0.0235079731792 distance_loss=0.643925607204
Iteration 73 of 100: loss=0.729395627975 object_loss=0.0860396921635 distance_loss=0.64335590601
Iteration 74 of 100: loss=0.692616641521 object_loss=0.0495514087379 distance_loss=0.643065214157
Iteration 75 of 100: loss=0.686565458775 object_loss=0.0436600632966 distance_loss=0.642905414104
Iteration 76 of 100: loss=0.798936963081 object_loss=0.156183972955 distance_loss=0.642753005028
Iteration 77 of 100: loss=0.992203056812 object_loss=0.349338412285 distance_loss=0.642864644527
Iteration 78 of 100: loss=0.793964922428 object_loss=0.151090458035 distance_loss=0.642874479294
Iteration 79 of 100: loss=0.724640250206 object_loss=0.0812506377697 distance_loss=0.643389642239
Iteration 80 of 100: loss=0.663661062717 object_loss=0.0204178337008 distance_loss=0.643243253231
Iteration 81 of 100: loss=0.690248191357 object_loss=0.0467425137758 distance_loss=0.643505692482
Iteration 82 of 100: loss=1.28814387321 object_loss=0.643674075603 distance_loss=0.644469738007
Iteration 83 of 100: loss=0.673947393894 object_loss=0.0285734608769 distance_loss=0.645373940468
Iteration 84 of 100: loss=0.682699263096 object_loss=0.0365577079356 distance_loss=0.646141529083
Iteration 85 of 100: loss=0.681409657001 object_loss=0.0343542955816 distance_loss=0.647055387497
Iteration 86 of 100: loss=0.658315718174 object_loss=0.0103147402406 distance_loss=0.648000955582
Iteration 87 of 100: loss=0.65915197134 object_loss=0.0102794831619 distance_loss=0.648872494698
Iteration 88 of 100: loss=0.657335340977 object_loss=0.0079915151 distance_loss=0.649343848228
Iteration 89 of 100: loss=0.653204441071 object_loss=0.00323254289106 distance_loss=0.64997190237
Iteration 90 of 100: loss=0.654064059258 object_loss=0.00358211481944 distance_loss=0.650481939316
Iteration 91 of 100: loss=0.655018687248 object_loss=0.00389057444409 distance_loss=0.65112811327
Iteration 92 of 100: loss=0.653697192669 object_loss=0.00251550925896 distance_loss=0.651181697845
Iteration 93 of 100: loss=0.654435276985 object_loss=0.00299520883709 distance_loss=0.651440083981
Iteration 94 of 100: loss=0.654196381569 object_loss=0.00226116506383 distance_loss=0.651935219765
Iteration 95 of 100: loss=0.654251456261 object_loss=0.00201177666895 distance_loss=0.65223968029
Iteration 96 of 100: loss=0.654769301414 object_loss=0.0023841727525 distance_loss=0.652385115623
Iteration 97 of 100: loss=0.656293809414 object_loss=0.00386159354821 distance_loss=0.652432203293
Iteration 98 of 100: loss=0.655498981476 object_loss=0.00300176767632 distance_loss=0.65249723196
Iteration 99 of 100: loss=0.655238866806 object_loss=0.00266823312268 distance_loss=0.652570605278
Iteration 0 of 100: loss=0.657584965229 object_loss=0.00485947635025 distance_loss=0.65272551775
Iteration 1 of 100: loss=0.666352570057 object_loss=0.0137082198635 distance_loss=0.652644336224
Iteration 2 of 100: loss=0.661611258984 object_loss=0.0088530825451 distance_loss=0.652758181095
Iteration 3 of 100: loss=0.663810074329 object_loss=0.01076631248 distance_loss=0.653043746948
Iteration 4 of 100: loss=0.662752568722 object_loss=0.00987324211746 distance_loss=0.652879297733
Iteration 5 of 100: loss=0.661617696285 object_loss=0.00875532161444 distance_loss=0.652862370014
Iteration 6 of 100: loss=0.661253988743 object_loss=0.00843731686473 distance_loss=0.652816653252
Iteration 7 of 100: loss=0.65735822916 object_loss=0.00474830809981 distance_loss=0.652609944344
Iteration 8 of 100: loss=0.657609641552 object_loss=0.00531130563468 distance_loss=0.652298331261
Iteration 9 of 100: loss=0.656218767166 object_loss=0.00395394442603 distance_loss=0.65226483345
Iteration 10 of 100: loss=0.655249655247 object_loss=0.00318674487062 distance_loss=0.652062892914
Iteration 11 of 100: loss=0.654808461666 object_loss=0.00288433139212 distance_loss=0.651924133301
Iteration 12 of 100: loss=0.653647124767 object_loss=0.00220081536099 distance_loss=0.651446282864
Iteration 13 of 100: loss=0.653588712215 object_loss=0.00233952188864 distance_loss=0.651249170303
Iteration 14 of 100: loss=0.6536206007 object_loss=0.00239059329033 distance_loss=0.651229977608
Iteration 15 of 100: loss=0.654392838478 object_loss=0.00343746505678 distance_loss=0.650955379009
Iteration 16 of 100: loss=0.652880251408 object_loss=0.00258977431804 distance_loss=0.650290489197
Iteration 17 of 100: loss=0.653476595879 object_loss=0.00348735204898 distance_loss=0.649989247322
Iteration 18 of 100: loss=0.653059959412 object_loss=0.00332662370056 distance_loss=0.649733364582
Iteration 19 of 100: loss=0.653343915939 object_loss=0.00395082077011 distance_loss=0.649393081665
Iteration 20 of 100: loss=0.653871834278 object_loss=0.00469886045903 distance_loss=0.649172961712
Iteration 21 of 100: loss=0.654260575771 object_loss=0.00535665173084 distance_loss=0.648903906345
Iteration 22 of 100: loss=0.652850747108 object_loss=0.00431192014366 distance_loss=0.648538827896
Iteration 23 of 100: loss=0.652481257915 object_loss=0.0042212405242 distance_loss=0.648259997368
Iteration 24 of 100: loss=0.651565074921 object_loss=0.00348722818308 distance_loss=0.648077845573
Iteration 25 of 100: loss=0.651370465755 object_loss=0.00371102755889 distance_loss=0.647659420967
Iteration 26 of 100: loss=0.651877403259 object_loss=0.00438273884356 distance_loss=0.647494673729
Iteration 27 of 100: loss=0.652460932732 object_loss=0.0052243983373 distance_loss=0.647236526012
Iteration 28 of 100: loss=0.654945254326 object_loss=0.00818889960647 distance_loss=0.646756350994
Iteration 29 of 100: loss=0.656294643879 object_loss=0.00967293512076 distance_loss=0.646621704102
Iteration 30 of 100: loss=0.650234222412 object_loss=0.00378007302061 distance_loss=0.646454155445
Iteration 31 of 100: loss=0.651021242142 object_loss=0.00477205170318 distance_loss=0.646249175072
Iteration 32 of 100: loss=0.652000546455 object_loss=0.00629134988412 distance_loss=0.645709216595
Iteration 33 of 100: loss=0.650444328785 object_loss=0.00496258493513 distance_loss=0.64548176527
Iteration 34 of 100: loss=0.650428891182 object_loss=0.00514742638916 distance_loss=0.645281493664
Iteration 35 of 100: loss=0.652385830879 object_loss=0.00740801310167 distance_loss=0.644977807999
Iteration 36 of 100: loss=0.65263736248 object_loss=0.00812134612352 distance_loss=0.644515991211
Iteration 37 of 100: loss=0.648518741131 object_loss=0.00452094292268 distance_loss=0.643997788429
Iteration 38 of 100: loss=0.65545809269 object_loss=0.0117912981659 distance_loss=0.643666803837
Iteration 39 of 100: loss=0.664306461811 object_loss=0.0209400206804 distance_loss=0.643366456032
Iteration 40 of 100: loss=0.676409840584 object_loss=0.0335208512843 distance_loss=0.642888963223
Iteration 41 of 100: loss=0.664490640163 object_loss=0.0219093635678 distance_loss=0.642581284046
Iteration 42 of 100: loss=0.658102452755 object_loss=0.0156524386257 distance_loss=0.642450034618
Iteration 43 of 100: loss=0.658931732178 object_loss=0.0165981594473 distance_loss=0.642333567142
Iteration 44 of 100: loss=0.653340816498 object_loss=0.0113057345152 distance_loss=0.642035067081
Iteration 45 of 100: loss=0.651503264904 object_loss=0.00978770107031 distance_loss=0.641715586185
Iteration 46 of 100: loss=0.648512005806 object_loss=0.00691890902817 distance_loss=0.64159309864
Iteration 47 of 100: loss=0.650081813335 object_loss=0.00855246931314 distance_loss=0.641529321671
Iteration 48 of 100: loss=0.649828135967 object_loss=0.00863590184599 distance_loss=0.641192257404
Iteration 49 of 100: loss=0.647853255272 object_loss=0.00695951562375 distance_loss=0.640893757343
Iteration 50 of 100: loss=0.647757053375 object_loss=0.00680308928713 distance_loss=0.640953958035
Iteration 51 of 100: loss=0.649868011475 object_loss=0.00920811016113 distance_loss=0.640659928322
Iteration 52 of 100: loss=0.647730767727 object_loss=0.0077671315521 distance_loss=0.639963626862
Iteration 53 of 100: loss=0.644999980927 object_loss=0.00529381260276 distance_loss=0.639706194401
Iteration 54 of 100: loss=0.645242571831 object_loss=0.00546864047647 distance_loss=0.639773905277
Iteration 55 of 100: loss=0.645921230316 object_loss=0.00629189424217 distance_loss=0.639629364014
Iteration 56 of 100: loss=0.64462518692 object_loss=0.00533475307748 distance_loss=0.639290452003
Iteration 57 of 100: loss=0.642704844475 object_loss=0.00369419367053 distance_loss=0.639010667801
Iteration 58 of 100: loss=0.642941296101 object_loss=0.00418226979673 distance_loss=0.638759016991
Iteration 59 of 100: loss=0.643561184406 object_loss=0.00500064669177 distance_loss=0.638560533524
Iteration 60 of 100: loss=0.644844055176 object_loss=0.00660805450752 distance_loss=0.638235986233
Iteration 61 of 100: loss=0.642637908459 object_loss=0.00460052071139 distance_loss=0.638037383556
Iteration 62 of 100: loss=0.642360806465 object_loss=0.00452350452542 distance_loss=0.637837290764
Iteration 63 of 100: loss=0.641459226608 object_loss=0.00376136554405 distance_loss=0.6376978755
Iteration 64 of 100: loss=0.641062378883 object_loss=0.00366846262477 distance_loss=0.637393891811
Iteration 65 of 100: loss=0.646024227142 object_loss=0.00875388365239 distance_loss=0.637270331383
Iteration 66 of 100: loss=0.660039544106 object_loss=0.0230083242059 distance_loss=0.637031197548
Iteration 67 of 100: loss=0.652027010918 object_loss=0.0150271626189 distance_loss=0.636999845505
Iteration 68 of 100: loss=0.647099554539 object_loss=0.00993909593672 distance_loss=0.637160480022
Iteration 69 of 100: loss=0.650747895241 object_loss=0.0133694373071 distance_loss=0.637378454208
Iteration 70 of 100: loss=0.652912199497 object_loss=0.0154594983906 distance_loss=0.637452721596
Iteration 71 of 100: loss=0.658745646477 object_loss=0.0214254111052 distance_loss=0.63732022047
Iteration 72 of 100: loss=0.66761893034 object_loss=0.0307736825198 distance_loss=0.636845231056
Iteration 73 of 100: loss=0.654651284218 object_loss=0.0180105604231 distance_loss=0.63664072752
Iteration 74 of 100: loss=0.650040388107 object_loss=0.0137896966189 distance_loss=0.636250674725
Iteration 75 of 100: loss=0.645310938358 object_loss=0.00938272010535 distance_loss=0.635928213596
Iteration 76 of 100: loss=0.65650510788 object_loss=0.0210539400578 distance_loss=0.635451197624
Iteration 77 of 100: loss=0.646273493767 object_loss=0.0112394690514 distance_loss=0.635034024715
Iteration 78 of 100: loss=0.647216558456 object_loss=0.0123934764415 distance_loss=0.634823083878
Iteration 79 of 100: loss=0.644756436348 object_loss=0.0102365836501 distance_loss=0.63451987505
Iteration 80 of 100: loss=0.646486163139 object_loss=0.01233641617 distance_loss=0.634149730206
Iteration 81 of 100: loss=0.644866645336 object_loss=0.0112475166097 distance_loss=0.633619129658
Iteration 82 of 100: loss=0.640878021717 object_loss=0.00747581478208 distance_loss=0.633402228355
Iteration 83 of 100: loss=0.639933407307 object_loss=0.00672581233084 distance_loss=0.63320761919
Iteration 84 of 100: loss=0.642276704311 object_loss=0.00938841886818 distance_loss=0.632888257504
Iteration 85 of 100: loss=0.6438626647 object_loss=0.0113706551492 distance_loss=0.632492005825
Iteration 86 of 100: loss=0.63909214735 object_loss=0.00673882896081 distance_loss=0.632353305817
Iteration 87 of 100: loss=0.6469617486 object_loss=0.0148207144812 distance_loss=0.632141053677
Iteration 88 of 100: loss=0.650643885136 object_loss=0.019211569801 distance_loss=0.631432294846
Iteration 89 of 100: loss=0.644069910049 object_loss=0.0130762755871 distance_loss=0.630993664265
Iteration 90 of 100: loss=0.647503972054 object_loss=0.0165625810623 distance_loss=0.630941390991
Iteration 91 of 100: loss=0.651092946529 object_loss=0.0203966852278 distance_loss=0.630696237087
Iteration 92 of 100: loss=0.673321843147 object_loss=0.0430835187435 distance_loss=0.630238354206
Iteration 93 of 100: loss=0.670835077763 object_loss=0.0406209081411 distance_loss=0.63021415472
Iteration 94 of 100: loss=0.654777228832 object_loss=0.0244885925204 distance_loss=0.630288660526
Iteration 95 of 100: loss=0.662309885025 object_loss=0.0319296345115 distance_loss=0.630380272865
Iteration 96 of 100: loss=0.653484225273 object_loss=0.0230171047151 distance_loss=0.630467116833
Iteration 97 of 100: loss=0.653852343559 object_loss=0.023299658671 distance_loss=0.630552709103
Iteration 98 of 100: loss=0.645771205425 object_loss=0.0150985913351 distance_loss=0.630672633648
Iteration 99 of 100: loss=0.640626132488 object_loss=0.00979997217655 distance_loss=0.630826175213
Iteration 0 of 100: loss=0.636479198933 object_loss=0.00590244727209 distance_loss=0.630576729774
Iteration 1 of 100: loss=0.646166682243 object_loss=0.015522826463 distance_loss=0.630643844604
Iteration 2 of 100: loss=0.641827225685 object_loss=0.0111007802188 distance_loss=0.630726456642
Iteration 3 of 100: loss=0.643423676491 object_loss=0.0125185139477 distance_loss=0.630905151367
Iteration 4 of 100: loss=0.639737665653 object_loss=0.00864865072072 distance_loss=0.631089031696
Iteration 5 of 100: loss=0.635719656944 object_loss=0.00473568122834 distance_loss=0.630983948708
Iteration 6 of 100: loss=0.640138328075 object_loss=0.0093242386356 distance_loss=0.63081407547
Iteration 7 of 100: loss=0.63974493742 object_loss=0.0090506169945 distance_loss=0.630694329739
Iteration 8 of 100: loss=0.647296667099 object_loss=0.0167975239456 distance_loss=0.630499124527
Iteration 9 of 100: loss=0.670971512794 object_loss=0.0405206084251 distance_loss=0.630450904369
Iteration 10 of 100: loss=0.648646473885 object_loss=0.0178293511271 distance_loss=0.630817115307
Iteration 11 of 100: loss=0.654450416565 object_loss=0.0234161969274 distance_loss=0.631034195423
Iteration 12 of 100: loss=0.680445611477 object_loss=0.0498503595591 distance_loss=0.630595266819
Iteration 13 of 100: loss=0.667306542397 object_loss=0.0366928763688 distance_loss=0.630613684654
Iteration 14 of 100: loss=0.664034664631 object_loss=0.0332028493285 distance_loss=0.630831837654
Iteration 15 of 100: loss=0.653553247452 object_loss=0.0227894484997 distance_loss=0.630763828754
Iteration 16 of 100: loss=0.644914865494 object_loss=0.0144255552441 distance_loss=0.630489289761
Iteration 17 of 100: loss=0.642878293991 object_loss=0.0126154841855 distance_loss=0.63026279211
Iteration 18 of 100: loss=0.642405152321 object_loss=0.0124774798751 distance_loss=0.629927694798
Iteration 19 of 100: loss=0.647130846977 object_loss=0.0173421427608 distance_loss=0.629788696766
Iteration 20 of 100: loss=0.669909954071 object_loss=0.0402799509466 distance_loss=0.629630029202
Iteration 21 of 100: loss=0.673054218292 object_loss=0.0438008420169 distance_loss=0.629253387451
Iteration 22 of 100: loss=0.680022060871 object_loss=0.0508747324347 distance_loss=0.629147350788
Iteration 23 of 100: loss=0.671520471573 object_loss=0.042497843504 distance_loss=0.629022598267
Iteration 24 of 100: loss=0.655254364014 object_loss=0.0264478288591 distance_loss=0.628806531429
Iteration 25 of 100: loss=0.650049865246 object_loss=0.0212933197618 distance_loss=0.628756523132
Iteration 26 of 100: loss=0.646131575108 object_loss=0.0172577388585 distance_loss=0.628873825073
Iteration 27 of 100: loss=0.640595793724 object_loss=0.0118988389149 distance_loss=0.628696978092
Iteration 28 of 100: loss=0.655855000019 object_loss=0.0274022258818 distance_loss=0.628452777863
Iteration 29 of 100: loss=0.661466121674 object_loss=0.0331266112626 distance_loss=0.628339529037
Iteration 30 of 100: loss=0.975143074989 object_loss=0.346883803606 distance_loss=0.628259241581
Iteration 31 of 100: loss=0.813053011894 object_loss=0.184995949268 distance_loss=0.628057062626
Iteration 32 of 100: loss=0.742116689682 object_loss=0.114560738206 distance_loss=0.627555966377
Iteration 33 of 100: loss=0.669133543968 object_loss=0.0419850088656 distance_loss=0.627148509026
Iteration 34 of 100: loss=0.647073030472 object_loss=0.0201085843146 distance_loss=0.626964449883
Iteration 35 of 100: loss=0.640877902508 object_loss=0.0142087088898 distance_loss=0.626669168472
Iteration 36 of 100: loss=0.631768167019 object_loss=0.00560821965337 distance_loss=0.626159965992
Iteration 37 of 100: loss=0.785750389099 object_loss=0.159885823727 distance_loss=0.625864565372
Iteration 38 of 100: loss=0.713428556919 object_loss=0.0872888937593 distance_loss=0.626139640808
Iteration 39 of 100: loss=0.642286717892 object_loss=0.0162296872586 distance_loss=0.62605702877
Iteration 40 of 100: loss=0.657856881618 object_loss=0.0320134423673 distance_loss=0.625843465328
Iteration 41 of 100: loss=0.634002327919 object_loss=0.00836733262986 distance_loss=0.625634968281
Iteration 42 of 100: loss=0.642052948475 object_loss=0.0165875032544 distance_loss=0.625465452671
Iteration 43 of 100: loss=0.676206409931 object_loss=0.0507566668093 distance_loss=0.625449717045
Iteration 44 of 100: loss=0.646820068359 object_loss=0.0213533900678 distance_loss=0.625466704369
Iteration 45 of 100: loss=0.666546940804 object_loss=0.0410202592611 distance_loss=0.625526666641
Iteration 46 of 100: loss=0.663685679436 object_loss=0.0383189320564 distance_loss=0.625366747379
Iteration 47 of 100: loss=0.650028467178 object_loss=0.0248371306807 distance_loss=0.62519133091
Iteration 48 of 100: loss=0.658373296261 object_loss=0.0336387418211 distance_loss=0.624734580517
Iteration 49 of 100: loss=0.641199588776 object_loss=0.0165978707373 distance_loss=0.624601721764
Iteration 50 of 100: loss=0.638062238693 object_loss=0.0135932574049 distance_loss=0.62446898222
Iteration 51 of 100: loss=0.640211045742 object_loss=0.0159083101898 distance_loss=0.624302744865
Iteration 52 of 100: loss=0.642887473106 object_loss=0.0188735872507 distance_loss=0.624013900757
Iteration 53 of 100: loss=0.639435887337 object_loss=0.0153358066455 distance_loss=0.624100089073
Iteration 54 of 100: loss=0.645884037018 object_loss=0.0218117088079 distance_loss=0.624072313309
Iteration 55 of 100: loss=0.640284240246 object_loss=0.0164431557059 distance_loss=0.623841106892
Iteration 56 of 100: loss=0.653008639812 object_loss=0.0295681096613 distance_loss=0.623440504074
Iteration 57 of 100: loss=0.63806027174 object_loss=0.0148780271411 distance_loss=0.623182237148
Iteration 58 of 100: loss=0.644879877567 object_loss=0.0215425286442 distance_loss=0.623337328434
Iteration 59 of 100: loss=0.635391414165 object_loss=0.0119080021977 distance_loss=0.623483419418
Iteration 60 of 100: loss=0.634163677692 object_loss=0.0109800752252 distance_loss=0.623183608055
Iteration 61 of 100: loss=0.641704559326 object_loss=0.0188825130463 distance_loss=0.62282204628
Iteration 62 of 100: loss=0.656260550022 object_loss=0.0332706682384 distance_loss=0.62298989296
Iteration 63 of 100: loss=0.638899445534 object_loss=0.0160393025726 distance_loss=0.622860133648
Iteration 64 of 100: loss=0.644486308098 object_loss=0.0215610843152 distance_loss=0.62292522192
Iteration 65 of 100: loss=0.647963583469 object_loss=0.0251186843961 distance_loss=0.622844874859
Iteration 66 of 100: loss=0.671433746815 object_loss=0.0484099388123 distance_loss=0.623023808002
Iteration 67 of 100: loss=0.684110224247 object_loss=0.060759011656 distance_loss=0.623351216316
Iteration 68 of 100: loss=0.670958638191 object_loss=0.0474889352918 distance_loss=0.62346971035
Iteration 69 of 100: loss=0.714445412159 object_loss=0.0908438637853 distance_loss=0.623601555824
Iteration 70 of 100: loss=0.65035122633 object_loss=0.0260903351009 distance_loss=0.624260902405
Iteration 71 of 100: loss=0.722383439541 object_loss=0.0974052399397 distance_loss=0.6249781847
Iteration 72 of 100: loss=0.769806027412 object_loss=0.14469230175 distance_loss=0.625113725662
Iteration 73 of 100: loss=0.709368884563 object_loss=0.0835742428899 distance_loss=0.625794649124
Iteration 74 of 100: loss=0.663696169853 object_loss=0.037161923945 distance_loss=0.626534223557
Iteration 75 of 100: loss=0.673271596432 object_loss=0.046091273427 distance_loss=0.627180337906
Iteration 76 of 100: loss=0.647959589958 object_loss=0.020145047456 distance_loss=0.627814531326
Iteration 77 of 100: loss=0.661680221558 object_loss=0.0333498567343 distance_loss=0.628330349922
Iteration 78 of 100: loss=0.647185146809 object_loss=0.0182757880539 distance_loss=0.628909349442
Iteration 79 of 100: loss=0.641930997372 object_loss=0.0124519607052 distance_loss=0.629479050636
Iteration 80 of 100: loss=0.634324669838 object_loss=0.00429012486711 distance_loss=0.630034565926
Iteration 81 of 100: loss=0.634639382362 object_loss=0.00432267645374 distance_loss=0.630316734314
Iteration 82 of 100: loss=0.635897636414 object_loss=0.00498318113387 distance_loss=0.630914449692
Iteration 83 of 100: loss=0.639848768711 object_loss=0.00844581983984 distance_loss=0.63140296936
Iteration 84 of 100: loss=0.639602601528 object_loss=0.00802276935428 distance_loss=0.631579816341
Iteration 85 of 100: loss=0.639341056347 object_loss=0.00746893882751 distance_loss=0.631872117519
Iteration 86 of 100: loss=0.640216290951 object_loss=0.00804639514536 distance_loss=0.632169902325
Iteration 87 of 100: loss=0.640659332275 object_loss=0.0081729143858 distance_loss=0.632486402988
Iteration 88 of 100: loss=0.64083981514 object_loss=0.0081244520843 distance_loss=0.632715344429
Iteration 89 of 100: loss=0.64011490345 object_loss=0.00725431833416 distance_loss=0.632860600948
Iteration 90 of 100: loss=0.636705458164 object_loss=0.00376369268633 distance_loss=0.632941782475
Iteration 91 of 100: loss=0.636966884136 object_loss=0.00384338130243 distance_loss=0.633123517036
Iteration 92 of 100: loss=0.636601984501 object_loss=0.00359956594184 distance_loss=0.633002400398
Iteration 93 of 100: loss=0.638307452202 object_loss=0.00525033567101 distance_loss=0.633057117462
Iteration 94 of 100: loss=0.635666370392 object_loss=0.00245889299549 distance_loss=0.633207499981
Iteration 95 of 100: loss=0.635478198528 object_loss=0.0023623094894 distance_loss=0.633115887642
Iteration 96 of 100: loss=0.635485053062 object_loss=0.00271083693951 distance_loss=0.632774233818
Iteration 97 of 100: loss=0.636506199837 object_loss=0.00386056071147 distance_loss=0.632645666599
Iteration 98 of 100: loss=0.637161254883 object_loss=0.00451505603269 distance_loss=0.632646203041
Iteration 99 of 100: loss=0.63645452261 object_loss=0.00388146052137 distance_loss=0.632573068142
Iteration 0 of 100: loss=0.636311113834 object_loss=0.0038726630155 distance_loss=0.632438421249
Iteration 1 of 100: loss=0.637925565243 object_loss=0.00575264263898 distance_loss=0.632172942162
Iteration 2 of 100: loss=0.63639318943 object_loss=0.00445299316198 distance_loss=0.631940186024
Iteration 3 of 100: loss=0.637888491154 object_loss=0.00614775484428 distance_loss=0.631740748882
Iteration 4 of 100: loss=0.636255800724 object_loss=0.00481850001961 distance_loss=0.631437301636
Iteration 5 of 100: loss=0.637246727943 object_loss=0.00584287708625 distance_loss=0.63140386343
Iteration 6 of 100: loss=0.636506557465 object_loss=0.0052890451625 distance_loss=0.63121753931
Iteration 7 of 100: loss=0.636086881161 object_loss=0.00518347881734 distance_loss=0.630903422832
Iteration 8 of 100: loss=0.63563233614 object_loss=0.00525282695889 distance_loss=0.630379498005
Iteration 9 of 100: loss=0.636557936668 object_loss=0.00629471149296 distance_loss=0.630263209343
Iteration 10 of 100: loss=0.635039627552 object_loss=0.00479469029233 distance_loss=0.630244910717
Iteration 11 of 100: loss=0.634259164333 object_loss=0.00418995972723 distance_loss=0.630069196224
Iteration 12 of 100: loss=0.634968936443 object_loss=0.00538409035653 distance_loss=0.629584848881
Iteration 13 of 100: loss=0.635029792786 object_loss=0.00565000576898 distance_loss=0.629379808903
Iteration 14 of 100: loss=0.635434865952 object_loss=0.00640666903928 distance_loss=0.629028201103
Iteration 15 of 100: loss=0.635098159313 object_loss=0.00645741075277 distance_loss=0.628640770912
Iteration 16 of 100: loss=0.63481092453 object_loss=0.0064424299635 distance_loss=0.628368496895
Iteration 17 of 100: loss=0.632430434227 object_loss=0.00457003619522 distance_loss=0.627860426903
Iteration 18 of 100: loss=0.632931411266 object_loss=0.00539147434756 distance_loss=0.627539932728
Iteration 19 of 100: loss=0.631944835186 object_loss=0.00463717058301 distance_loss=0.627307653427
Iteration 20 of 100: loss=0.630110442638 object_loss=0.00323743699118 distance_loss=0.626873016357
Iteration 21 of 100: loss=0.630369186401 object_loss=0.00401348154992 distance_loss=0.626355707645
Iteration 22 of 100: loss=0.630260169506 object_loss=0.00415474036708 distance_loss=0.626105427742
Iteration 23 of 100: loss=0.62943148613 object_loss=0.00357553176582 distance_loss=0.625855982304
Iteration 24 of 100: loss=0.629733264446 object_loss=0.00431143352762 distance_loss=0.625421822071
Iteration 25 of 100: loss=0.629644811153 object_loss=0.00464632967487 distance_loss=0.624998509884
Iteration 26 of 100: loss=0.628703713417 object_loss=0.00393855199218 distance_loss=0.6247651577
Iteration 27 of 100: loss=0.628549933434 object_loss=0.00400346145034 distance_loss=0.624546468258
Iteration 28 of 100: loss=0.629826486111 object_loss=0.00578928506002 distance_loss=0.624037206173
Iteration 29 of 100: loss=0.63004219532 object_loss=0.00618643825874 distance_loss=0.623855769634
Iteration 30 of 100: loss=0.62832736969 object_loss=0.0046075321734 distance_loss=0.62371981144
Iteration 31 of 100: loss=0.628758847713 object_loss=0.00522616598755 distance_loss=0.623532652855
Iteration 32 of 100: loss=0.626783788204 object_loss=0.00393116427585 distance_loss=0.622852623463
Iteration 33 of 100: loss=0.627099692822 object_loss=0.00454472471029 distance_loss=0.622554957867
Iteration 34 of 100: loss=0.627174437046 object_loss=0.00476437993348 distance_loss=0.622410058975
Iteration 35 of 100: loss=0.62654966116 object_loss=0.00445286370814 distance_loss=0.622096776962
Iteration 36 of 100: loss=0.627622425556 object_loss=0.00609402079135 distance_loss=0.62152838707
Iteration 37 of 100: loss=0.625364005566 object_loss=0.00415147421882 distance_loss=0.621212542057
Iteration 38 of 100: loss=0.625559210777 object_loss=0.00450958916917 distance_loss=0.621049642563
Iteration 39 of 100: loss=0.623633563519 object_loss=0.00280371704139 distance_loss=0.620829820633
Iteration 40 of 100: loss=0.622837841511 object_loss=0.00226505333558 distance_loss=0.620572805405
Iteration 41 of 100: loss=0.622410356998 object_loss=0.00228357617743 distance_loss=0.620126783848
Iteration 42 of 100: loss=0.623666286469 object_loss=0.00391818583012 distance_loss=0.61974811554
Iteration 43 of 100: loss=0.62279433012 object_loss=0.00317697040737 distance_loss=0.619617342949
Iteration 44 of 100: loss=0.622641444206 object_loss=0.0033875699155 distance_loss=0.619253873825
Iteration 45 of 100: loss=0.623516142368 object_loss=0.00470656901598 distance_loss=0.618809580803
Iteration 46 of 100: loss=0.623060703278 object_loss=0.00447753164917 distance_loss=0.618583142757
Iteration 47 of 100: loss=0.62431538105 object_loss=0.0060425507836 distance_loss=0.618272840977
Iteration 48 of 100: loss=0.628738820553 object_loss=0.0107004130259 distance_loss=0.618038415909
Iteration 49 of 100: loss=0.624189198017 object_loss=0.00651673413813 distance_loss=0.61767244339
Iteration 50 of 100: loss=0.623180806637 object_loss=0.00579671747983 distance_loss=0.617384076118
Iteration 51 of 100: loss=0.620310008526 object_loss=0.00315339723602 distance_loss=0.617156624794
Iteration 52 of 100: loss=0.621200740337 object_loss=0.00446185003966 distance_loss=0.616738915443
Iteration 53 of 100: loss=0.619507670403 object_loss=0.00294837309048 distance_loss=0.616559326649
Iteration 54 of 100: loss=0.620726168156 object_loss=0.00442230002955 distance_loss=0.616303861141
Iteration 55 of 100: loss=0.620475709438 object_loss=0.00444476120174 distance_loss=0.616030931473
Iteration 56 of 100: loss=0.618977189064 object_loss=0.00363124674186 distance_loss=0.615345954895
Iteration 57 of 100: loss=0.619858264923 object_loss=0.00490871444345 distance_loss=0.614949524403
Iteration 58 of 100: loss=0.620478987694 object_loss=0.0058214450255 distance_loss=0.614657521248
Iteration 59 of 100: loss=0.620114207268 object_loss=0.00581561308354 distance_loss=0.614298582077
Iteration 60 of 100: loss=0.618467271328 object_loss=0.00447181193158 distance_loss=0.613995432854
Iteration 61 of 100: loss=0.618298530579 object_loss=0.00446635577828 distance_loss=0.613832175732
Iteration 62 of 100: loss=0.618253707886 object_loss=0.00473015941679 distance_loss=0.613523542881
Iteration 63 of 100: loss=0.617571771145 object_loss=0.00430605234578 distance_loss=0.613265693188
Iteration 64 of 100: loss=0.61841326952 object_loss=0.0054628951475 distance_loss=0.612950384617
Iteration 65 of 100: loss=0.61742579937 object_loss=0.00473443092778 distance_loss=0.612691342831
Iteration 66 of 100: loss=0.616598308086 object_loss=0.00394719978794 distance_loss=0.612651109695
Iteration 67 of 100: loss=0.617064714432 object_loss=0.00474026892334 distance_loss=0.612324416637
Iteration 68 of 100: loss=0.616760790348 object_loss=0.00513510312885 distance_loss=0.611625671387
Iteration 69 of 100: loss=0.620007991791 object_loss=0.00860089343041 distance_loss=0.611407101154
Iteration 70 of 100: loss=0.618292152882 object_loss=0.00678398227319 distance_loss=0.611508190632
Iteration 71 of 100: loss=0.616480052471 object_loss=0.00513962749392 distance_loss=0.611340403557
Iteration 72 of 100: loss=0.615758180618 object_loss=0.00474242586643 distance_loss=0.611015737057
Iteration 73 of 100: loss=0.615555644035 object_loss=0.00465648295358 distance_loss=0.610899150372
Iteration 74 of 100: loss=0.615329623222 object_loss=0.0045740804635 distance_loss=0.610755562782
Iteration 75 of 100: loss=0.614848136902 object_loss=0.00426915055141 distance_loss=0.610579013824
Iteration 76 of 100: loss=0.614422082901 object_loss=0.00419079465792 distance_loss=0.610231280327
Iteration 77 of 100: loss=0.613752841949 object_loss=0.00380433932878 distance_loss=0.609948515892
Iteration 78 of 100: loss=0.613649308681 object_loss=0.0038206782192 distance_loss=0.609828650951
Iteration 79 of 100: loss=0.613432884216 object_loss=0.00371737172827 distance_loss=0.609715521336
Iteration 80 of 100: loss=0.613817095757 object_loss=0.00440889736637 distance_loss=0.609408199787
Iteration 81 of 100: loss=0.612775802612 object_loss=0.00363294873387 distance_loss=0.609142839909
Iteration 82 of 100: loss=0.612099707127 object_loss=0.00315910810605 distance_loss=0.608940601349
Iteration 83 of 100: loss=0.612544417381 object_loss=0.00363766169176 distance_loss=0.608906745911
Iteration 84 of 100: loss=0.611608862877 object_loss=0.00291345943697 distance_loss=0.60869538784
Iteration 85 of 100: loss=0.61061578989 object_loss=0.00219180807471 distance_loss=0.608424007893
Iteration 86 of 100: loss=0.611736357212 object_loss=0.00358682079241 distance_loss=0.608149528503
Iteration 87 of 100: loss=0.611476242542 object_loss=0.00365445832722 distance_loss=0.607821762562
Iteration 88 of 100: loss=0.611552655697 object_loss=0.00402977829799 distance_loss=0.607522904873
Iteration 89 of 100: loss=0.610821843147 object_loss=0.00349249504507 distance_loss=0.607329368591
Iteration 90 of 100: loss=0.610439956188 object_loss=0.00327498745173 distance_loss=0.607164978981
Iteration 91 of 100: loss=0.609225869179 object_loss=0.00226544053294 distance_loss=0.60696041584
Iteration 92 of 100: loss=0.609160363674 object_loss=0.00277741323225 distance_loss=0.606382966042
Iteration 93 of 100: loss=0.609770596027 object_loss=0.00361323426478 distance_loss=0.606157362461
Iteration 94 of 100: loss=0.609620213509 object_loss=0.00356698501855 distance_loss=0.606053233147
Iteration 95 of 100: loss=0.60841357708 object_loss=0.00243514240719 distance_loss=0.605978429317
Iteration 96 of 100: loss=0.608250141144 object_loss=0.00274536805227 distance_loss=0.605504751205
Iteration 97 of 100: loss=0.608516454697 object_loss=0.0033681797795 distance_loss=0.605148255825
Iteration 98 of 100: loss=0.607197105885 object_loss=0.00235872762278 distance_loss=0.604838371277
Iteration 99 of 100: loss=0.609190642834 object_loss=0.00453739473596 distance_loss=0.60465323925
Iteration 0 of 100: loss=0.609354138374 object_loss=0.00486831506714 distance_loss=0.604485809803
Iteration 1 of 100: loss=0.609410703182 object_loss=0.00540307536721 distance_loss=0.604007601738
Iteration 2 of 100: loss=0.609845936298 object_loss=0.00597936939448 distance_loss=0.603866577148
Iteration 3 of 100: loss=0.608656406403 object_loss=0.00493157934397 distance_loss=0.603724837303
Iteration 4 of 100: loss=0.608447670937 object_loss=0.0051821670495 distance_loss=0.603265523911
Iteration 5 of 100: loss=0.607392907143 object_loss=0.00453409925103 distance_loss=0.602858781815
Iteration 6 of 100: loss=0.605650007725 object_loss=0.00285821431316 distance_loss=0.602791786194
Iteration 7 of 100: loss=0.609532654285 object_loss=0.00692105619237 distance_loss=0.602611601353
Iteration 8 of 100: loss=0.612323582172 object_loss=0.0100934272632 distance_loss=0.602230131626
Iteration 9 of 100: loss=0.606393516064 object_loss=0.00435963086784 distance_loss=0.602033913136
Iteration 10 of 100: loss=0.605264127254 object_loss=0.00341152935289 distance_loss=0.601852595806
Iteration 11 of 100: loss=0.606990396976 object_loss=0.00531041948125 distance_loss=0.601679980755
Iteration 12 of 100: loss=0.606278002262 object_loss=0.00506196077913 distance_loss=0.6012160182
Iteration 13 of 100: loss=0.604832828045 object_loss=0.00374272791669 distance_loss=0.601090073586
Iteration 14 of 100: loss=0.605222165585 object_loss=0.00432568276301 distance_loss=0.600896477699
Iteration 15 of 100: loss=0.605463624001 object_loss=0.00487549649552 distance_loss=0.600588142872
Iteration 16 of 100: loss=0.604387998581 object_loss=0.00441051274538 distance_loss=0.599977493286
Iteration 17 of 100: loss=0.602764844894 object_loss=0.00289294333197 distance_loss=0.599871873856
Iteration 18 of 100: loss=0.60230243206 object_loss=0.00264248019084 distance_loss=0.599659979343
Iteration 19 of 100: loss=0.602209031582 object_loss=0.00293661933392 distance_loss=0.599272429943
Iteration 20 of 100: loss=0.601589560509 object_loss=0.00252872356214 distance_loss=0.599060833454
Iteration 21 of 100: loss=0.601594626904 object_loss=0.00283871777356 distance_loss=0.598755896091
Iteration 22 of 100: loss=0.601037204266 object_loss=0.00255906488746 distance_loss=0.598478138447
Iteration 23 of 100: loss=0.600578784943 object_loss=0.00241218996234 distance_loss=0.598166584969
Iteration 24 of 100: loss=0.601191997528 object_loss=0.00327051314525 distance_loss=0.597921490669
Iteration 25 of 100: loss=0.600309371948 object_loss=0.00266495719552 distance_loss=0.597644388676
Iteration 26 of 100: loss=0.599965572357 object_loss=0.00259426352568 distance_loss=0.597371280193
Iteration 27 of 100: loss=0.601261913776 object_loss=0.00404239725322 distance_loss=0.597219526768
Iteration 28 of 100: loss=0.600530445576 object_loss=0.00372503162362 distance_loss=0.596805393696
Iteration 29 of 100: loss=0.600886464119 object_loss=0.00431399699301 distance_loss=0.596572458744
Iteration 30 of 100: loss=0.600220799446 object_loss=0.00380725134164 distance_loss=0.596413552761
Iteration 31 of 100: loss=0.59970241785 object_loss=0.00362975941971 distance_loss=0.596072673798
Iteration 32 of 100: loss=0.598902881145 object_loss=0.00324786501005 distance_loss=0.595655024052
Iteration 33 of 100: loss=0.598698675632 object_loss=0.00321335694753 distance_loss=0.595485329628
Iteration 34 of 100: loss=0.598554491997 object_loss=0.0032239514403 distance_loss=0.595330536366
Iteration 35 of 100: loss=0.597328424454 object_loss=0.00231676362455 distance_loss=0.595011651516
Iteration 36 of 100: loss=0.596684277058 object_loss=0.00213997345418 distance_loss=0.594544291496
Iteration 37 of 100: loss=0.595778286457 object_loss=0.00175040378235 distance_loss=0.594027876854
Iteration 38 of 100: loss=0.595652163029 object_loss=0.00173225731123 distance_loss=0.593919932842
Iteration 39 of 100: loss=0.595853149891 object_loss=0.00214348128065 distance_loss=0.593709647655
Iteration 40 of 100: loss=0.595364689827 object_loss=0.00242794933729 distance_loss=0.592936754227
Iteration 41 of 100: loss=0.594775855541 object_loss=0.00221280148253 distance_loss=0.592563033104
Iteration 42 of 100: loss=0.59577780962 object_loss=0.00327031966299 distance_loss=0.592507481575
Iteration 43 of 100: loss=0.596983194351 object_loss=0.00456053577363 distance_loss=0.592422664165
Iteration 44 of 100: loss=0.595577001572 object_loss=0.00344201223925 distance_loss=0.59213501215
Iteration 45 of 100: loss=0.5965924263 object_loss=0.00485038757324 distance_loss=0.591742038727
Iteration 46 of 100: loss=0.594382822514 object_loss=0.00283073005266 distance_loss=0.591552078724
Iteration 47 of 100: loss=0.594211697578 object_loss=0.00289134401828 distance_loss=0.591320335865
Iteration 48 of 100: loss=0.592909395695 object_loss=0.00186276948079 distance_loss=0.591046631336
Iteration 49 of 100: loss=0.593737006187 object_loss=0.00279914983548 distance_loss=0.590937852859
Iteration 50 of 100: loss=0.593170642853 object_loss=0.00235912576318 distance_loss=0.590811491013
Iteration 51 of 100: loss=0.593206882477 object_loss=0.00249353284016 distance_loss=0.590713322163
Iteration 52 of 100: loss=0.592443585396 object_loss=0.00242658052593 distance_loss=0.590017020702
Iteration 53 of 100: loss=0.591350078583 object_loss=0.00152581813745 distance_loss=0.589824259281
Iteration 54 of 100: loss=0.5914722085 object_loss=0.00183631049003 distance_loss=0.589635908604
Iteration 55 of 100: loss=0.591447591782 object_loss=0.0019673067145 distance_loss=0.589480280876
Iteration 56 of 100: loss=0.591220140457 object_loss=0.00201107072644 distance_loss=0.589209079742
Iteration 57 of 100: loss=0.591418385506 object_loss=0.00268408143893 distance_loss=0.588734328747
Iteration 58 of 100: loss=0.591024875641 object_loss=0.00268779811449 distance_loss=0.588337063789
Iteration 59 of 100: loss=0.590009629726 object_loss=0.00198453408666 distance_loss=0.588025093079
Iteration 60 of 100: loss=0.591515123844 object_loss=0.00371620478109 distance_loss=0.587798893452
Iteration 61 of 100: loss=0.590537846088 object_loss=0.00312944501638 distance_loss=0.587408423424
Iteration 62 of 100: loss=0.590491235256 object_loss=0.00319361034781 distance_loss=0.587297618389
Iteration 63 of 100: loss=0.590184688568 object_loss=0.00296147307381 distance_loss=0.587223231792
Iteration 64 of 100: loss=0.589611828327 object_loss=0.00274203508161 distance_loss=0.586869776249
Iteration 65 of 100: loss=0.589563190937 object_loss=0.00306729227304 distance_loss=0.586495876312
Iteration 66 of 100: loss=0.590031027794 object_loss=0.00374125037342 distance_loss=0.586289763451
Iteration 67 of 100: loss=0.590242505074 object_loss=0.00413492601365 distance_loss=0.586107552052
Iteration 68 of 100: loss=0.588238537312 object_loss=0.00247429986484 distance_loss=0.585764229298
Iteration 69 of 100: loss=0.58902746439 object_loss=0.00351232057437 distance_loss=0.585515141487
Iteration 70 of 100: loss=0.588481128216 object_loss=0.00313567509875 distance_loss=0.585345447063
Iteration 71 of 100: loss=0.588057041168 object_loss=0.00283612124622 distance_loss=0.585220932961
Iteration 72 of 100: loss=0.587226688862 object_loss=0.00254702940583 distance_loss=0.584679663181
Iteration 73 of 100: loss=0.587765216827 object_loss=0.0030808756128 distance_loss=0.584684312344
Iteration 74 of 100: loss=0.587484419346 object_loss=0.00297972816043 distance_loss=0.584504663944
Iteration 75 of 100: loss=0.587384283543 object_loss=0.00334304687567 distance_loss=0.584041237831
Iteration 76 of 100: loss=0.586644530296 object_loss=0.00307979038917 distance_loss=0.583564758301
Iteration 77 of 100: loss=0.586810350418 object_loss=0.00364423426799 distance_loss=0.583166122437
Iteration 78 of 100: loss=0.586014270782 object_loss=0.00294151064008 distance_loss=0.583072781563
Iteration 79 of 100: loss=0.587312877178 object_loss=0.00442849006504 distance_loss=0.582884371281
Iteration 80 of 100: loss=0.586670696735 object_loss=0.00417657010257 distance_loss=0.582494139671
Iteration 81 of 100: loss=0.586057543755 object_loss=0.00381663744338 distance_loss=0.582240879536
Iteration 82 of 100: loss=0.585202872753 object_loss=0.00316664366983 distance_loss=0.58203625679
Iteration 83 of 100: loss=0.586605846882 object_loss=0.00489777652547 distance_loss=0.581708073616
Iteration 84 of 100: loss=0.585107862949 object_loss=0.00364886177704 distance_loss=0.581458985806
Iteration 85 of 100: loss=0.584450006485 object_loss=0.00314061203972 distance_loss=0.581309378147
Iteration 86 of 100: loss=0.586525857449 object_loss=0.00541712390259 distance_loss=0.581108748913
Iteration 87 of 100: loss=0.586170613766 object_loss=0.00529027543962 distance_loss=0.580880343914
Iteration 88 of 100: loss=0.585408210754 object_loss=0.00498868757859 distance_loss=0.580419540405
Iteration 89 of 100: loss=0.585790812969 object_loss=0.00556502956897 distance_loss=0.580225765705
Iteration 90 of 100: loss=0.587169408798 object_loss=0.00690952315927 distance_loss=0.580259859562
Iteration 91 of 100: loss=0.586777806282 object_loss=0.00682530738413 distance_loss=0.579952478409
Iteration 92 of 100: loss=0.586620032787 object_loss=0.00719420798123 distance_loss=0.579425811768
Iteration 93 of 100: loss=0.584630608559 object_loss=0.00547101022676 distance_loss=0.579159617424
Iteration 94 of 100: loss=0.584168016911 object_loss=0.00522984424606 distance_loss=0.578938186169
Iteration 95 of 100: loss=0.584343373775 object_loss=0.00558707816526 distance_loss=0.578756272793
Iteration 96 of 100: loss=0.585475742817 object_loss=0.00712064513937 distance_loss=0.578355073929
Iteration 97 of 100: loss=0.585401535034 object_loss=0.0072652772069 distance_loss=0.578136265278
Iteration 98 of 100: loss=0.587341547012 object_loss=0.00951784476638 distance_loss=0.577823698521
Iteration 99 of 100: loss=0.584981918335 object_loss=0.00731759006158 distance_loss=0.577664315701
Iteration 0 of 100: loss=0.591175854206 object_loss=0.0139013743028 distance_loss=0.577274501324
Iteration 1 of 100: loss=0.592145144939 object_loss=0.0150712411851 distance_loss=0.577073931694
Iteration 2 of 100: loss=0.594847798347 object_loss=0.0178488399833 distance_loss=0.576998949051
Iteration 3 of 100: loss=0.59817802906 object_loss=0.0211478639394 distance_loss=0.577030181885
Iteration 4 of 100: loss=0.654750525951 object_loss=0.0778475031257 distance_loss=0.576903045177
Iteration 5 of 100: loss=0.597505986691 object_loss=0.020676869899 distance_loss=0.576829135418
Iteration 6 of 100: loss=0.585200846195 object_loss=0.00835715141147 distance_loss=0.576843678951
Iteration 7 of 100: loss=0.592123687267 object_loss=0.0151156615466 distance_loss=0.577008008957
Iteration 8 of 100: loss=0.59748852253 object_loss=0.0204791389406 distance_loss=0.577009379864
Iteration 9 of 100: loss=0.623800933361 object_loss=0.0466723069549 distance_loss=0.577128648758
Iteration 10 of 100: loss=0.601611375809 object_loss=0.0240163654089 distance_loss=0.577594995499
Iteration 11 of 100: loss=0.605381608009 object_loss=0.0276443790644 distance_loss=0.577737212181
Iteration 12 of 100: loss=0.583263158798 object_loss=0.00583932641894 distance_loss=0.577423810959
Iteration 13 of 100: loss=0.58884459734 object_loss=0.0113550657406 distance_loss=0.577489554882
Iteration 14 of 100: loss=0.593127906322 object_loss=0.0155485086143 distance_loss=0.577579379082
Iteration 15 of 100: loss=0.601314067841 object_loss=0.0238784272224 distance_loss=0.577435612679
Iteration 16 of 100: loss=0.601689279079 object_loss=0.0242762658745 distance_loss=0.577413022518
Iteration 17 of 100: loss=0.598665475845 object_loss=0.0211901515722 distance_loss=0.577475309372
Iteration 18 of 100: loss=0.596572339535 object_loss=0.0189550854266 distance_loss=0.577617228031
Iteration 19 of 100: loss=0.603627324104 object_loss=0.0257536694407 distance_loss=0.577873647213
Iteration 20 of 100: loss=0.615131855011 object_loss=0.0370333492756 distance_loss=0.578098535538
Iteration 21 of 100: loss=0.590804457664 object_loss=0.0129818329588 distance_loss=0.577822625637
Iteration 22 of 100: loss=0.584251046181 object_loss=0.00637465855107 distance_loss=0.577876389027
Iteration 23 of 100: loss=0.590400993824 object_loss=0.0124106500298 distance_loss=0.577990353107
Iteration 24 of 100: loss=0.59395378828 object_loss=0.01611674577 distance_loss=0.577837049961
Iteration 25 of 100: loss=0.584144711494 object_loss=0.00612387713045 distance_loss=0.578020811081
Iteration 26 of 100: loss=0.587569117546 object_loss=0.00949508696795 distance_loss=0.578074038029
Iteration 27 of 100: loss=0.58716583252 object_loss=0.00907500926405 distance_loss=0.578090846539
Iteration 28 of 100: loss=0.593363165855 object_loss=0.015123622492 distance_loss=0.578239560127
Iteration 29 of 100: loss=0.640039563179 object_loss=0.0616648569703 distance_loss=0.578374683857
Iteration 30 of 100: loss=0.603546500206 object_loss=0.0248097982258 distance_loss=0.578736722469
Iteration 31 of 100: loss=0.597005188465 object_loss=0.0178884770721 distance_loss=0.57911670208
Iteration 32 of 100: loss=0.595246732235 object_loss=0.0159490220249 distance_loss=0.579297721386
Iteration 33 of 100: loss=0.593705892563 object_loss=0.0139589002356 distance_loss=0.579747021198
Iteration 34 of 100: loss=0.608787894249 object_loss=0.0285647604614 distance_loss=0.580223143101
Iteration 35 of 100: loss=0.641050457954 object_loss=0.060624755919 distance_loss=0.580425679684
Iteration 36 of 100: loss=0.605180978775 object_loss=0.0249555446208 distance_loss=0.580225408077
Iteration 37 of 100: loss=0.612689614296 object_loss=0.0325375199318 distance_loss=0.580152094364
Iteration 38 of 100: loss=0.590115964413 object_loss=0.0101857595146 distance_loss=0.579930186272
Iteration 39 of 100: loss=0.587929844856 object_loss=0.008081831038 distance_loss=0.579847991467
Iteration 40 of 100: loss=0.586628973484 object_loss=0.00689075049013 distance_loss=0.579738199711
Iteration 41 of 100: loss=0.584822714329 object_loss=0.00546051561832 distance_loss=0.579362213612
Iteration 42 of 100: loss=0.584911048412 object_loss=0.00567492190748 distance_loss=0.579236149788
Iteration 43 of 100: loss=0.59049397707 object_loss=0.0112239886075 distance_loss=0.579270005226
Iteration 44 of 100: loss=0.585878551006 object_loss=0.00686930678785 distance_loss=0.579009234905
Iteration 45 of 100: loss=0.589240014553 object_loss=0.0104872686788 distance_loss=0.578752756119
Iteration 46 of 100: loss=0.593670427799 object_loss=0.0148241277784 distance_loss=0.578846275806
Iteration 47 of 100: loss=0.59409570694 object_loss=0.0151465358213 distance_loss=0.578949153423
Iteration 48 of 100: loss=0.613985478878 object_loss=0.035255484283 distance_loss=0.578729987144
Iteration 49 of 100: loss=0.60819965601 object_loss=0.0292624142021 distance_loss=0.578937232494
Iteration 50 of 100: loss=0.622248828411 object_loss=0.0426741056144 distance_loss=0.57957470417
Iteration 51 of 100: loss=0.60825830698 object_loss=0.0282468907535 distance_loss=0.580011427402
Iteration 52 of 100: loss=0.658544719219 object_loss=0.0784690305591 distance_loss=0.58007568121
Iteration 53 of 100: loss=0.614136874676 object_loss=0.0337220467627 distance_loss=0.580414831638
Iteration 54 of 100: loss=0.609171271324 object_loss=0.0285278856754 distance_loss=0.580643415451
Iteration 55 of 100: loss=0.598446369171 object_loss=0.01788652502 distance_loss=0.580559849739
Iteration 56 of 100: loss=0.58955013752 object_loss=0.00908548105508 distance_loss=0.580464661121
Iteration 57 of 100: loss=0.615663290024 object_loss=0.0352066755295 distance_loss=0.580456614494
Iteration 58 of 100: loss=0.609217345715 object_loss=0.0287973210216 distance_loss=0.580420017242
Iteration 59 of 100: loss=0.60010945797 object_loss=0.0196796990931 distance_loss=0.5804297328
Iteration 60 of 100: loss=0.595914423466 object_loss=0.0157436076552 distance_loss=0.580170810223
Iteration 61 of 100: loss=0.590836286545 object_loss=0.0106704663485 distance_loss=0.580165803432
Iteration 62 of 100: loss=0.59638428688 object_loss=0.0161321796477 distance_loss=0.580252110958
Iteration 63 of 100: loss=0.610877931118 object_loss=0.0306877121329 distance_loss=0.580190241337
Iteration 64 of 100: loss=0.624970197678 object_loss=0.04501426965 distance_loss=0.579955935478
Iteration 65 of 100: loss=0.628358364105 object_loss=0.0485013872385 distance_loss=0.579856991768
Iteration 66 of 100: loss=0.619745969772 object_loss=0.0398469306529 distance_loss=0.579899013042
Iteration 67 of 100: loss=0.60067409277 object_loss=0.0208339430392 distance_loss=0.579840123653
Iteration 68 of 100: loss=0.596406459808 object_loss=0.0162168964744 distance_loss=0.580189585686
Iteration 69 of 100: loss=0.599131584167 object_loss=0.0187471099198 distance_loss=0.580384492874
Iteration 70 of 100: loss=0.598091721535 object_loss=0.0174506306648 distance_loss=0.58064109087
Iteration 71 of 100: loss=0.621905267239 object_loss=0.0411337539554 distance_loss=0.580771505833
Iteration 72 of 100: loss=0.591725587845 object_loss=0.0116425976157 distance_loss=0.580083012581
Iteration 73 of 100: loss=0.595063507557 object_loss=0.0153347998857 distance_loss=0.579728722572
Iteration 74 of 100: loss=0.595161318779 object_loss=0.0151777528226 distance_loss=0.579983592033
Iteration 75 of 100: loss=0.599560558796 object_loss=0.0195572897792 distance_loss=0.580003261566
Iteration 76 of 100: loss=0.606344878674 object_loss=0.026561640203 distance_loss=0.579783260822
Iteration 77 of 100: loss=0.601167798042 object_loss=0.0213649775833 distance_loss=0.579802811146
Iteration 78 of 100: loss=0.603271961212 object_loss=0.0234740301967 distance_loss=0.579797923565
Iteration 79 of 100: loss=0.595436394215 object_loss=0.0154314264655 distance_loss=0.580004990101
Iteration 80 of 100: loss=0.602031648159 object_loss=0.0220988281071 distance_loss=0.579932808876
Iteration 81 of 100: loss=0.59029006958 object_loss=0.0105324396864 distance_loss=0.579757630825
Iteration 82 of 100: loss=0.599322319031 object_loss=0.0196522250772 distance_loss=0.579670071602
Iteration 83 of 100: loss=0.598574101925 object_loss=0.0188083779067 distance_loss=0.579765737057
Iteration 84 of 100: loss=0.605864048004 object_loss=0.0263207554817 distance_loss=0.579543292522
Iteration 85 of 100: loss=0.622149765491 object_loss=0.0426131151617 distance_loss=0.579536676407
Iteration 86 of 100: loss=0.597723722458 object_loss=0.0182616896927 distance_loss=0.579462051392
Iteration 87 of 100: loss=0.614262580872 object_loss=0.0349989756942 distance_loss=0.579263627529
Iteration 88 of 100: loss=0.618489444256 object_loss=0.0395733714104 distance_loss=0.578916072845
Iteration 89 of 100: loss=0.632254242897 object_loss=0.0534853339195 distance_loss=0.578768908978
Iteration 90 of 100: loss=0.62484318018 object_loss=0.0459348484874 distance_loss=0.578908324242
Iteration 91 of 100: loss=0.625944674015 object_loss=0.0469640903175 distance_loss=0.578980565071
Iteration 92 of 100: loss=0.625604331493 object_loss=0.0468044988811 distance_loss=0.578799843788
Iteration 93 of 100: loss=0.591531634331 object_loss=0.0124753760174 distance_loss=0.57905626297
Iteration 94 of 100: loss=0.591217756271 object_loss=0.0119811939076 distance_loss=0.57923656702
Iteration 95 of 100: loss=0.601157367229 object_loss=0.0216966178268 distance_loss=0.579460740089
Iteration 96 of 100: loss=0.594642102718 object_loss=0.0151551766321 distance_loss=0.579486906528
Iteration 97 of 100: loss=0.59223562479 object_loss=0.012626728043 distance_loss=0.579608917236
Iteration 98 of 100: loss=0.608929693699 object_loss=0.0290928501636 distance_loss=0.579836845398
Iteration 99 of 100: loss=0.59990721941 object_loss=0.0198085382581 distance_loss=0.580098688602
Iteration 0 of 100: loss=0.619876265526 object_loss=0.0394689887762 distance_loss=0.580407261848
Iteration 1 of 100: loss=0.61563116312 object_loss=0.035294149071 distance_loss=0.580336987972
Iteration 2 of 100: loss=0.715001702309 object_loss=0.134461462498 distance_loss=0.580540239811
Iteration 3 of 100: loss=0.682396948338 object_loss=0.101499930024 distance_loss=0.580897033215
Iteration 4 of 100: loss=0.601364254951 object_loss=0.0198375470936 distance_loss=0.581526696682
Iteration 5 of 100: loss=0.599362254143 object_loss=0.0175036080182 distance_loss=0.581858634949
Iteration 6 of 100: loss=0.594457745552 object_loss=0.0123260002583 distance_loss=0.582131743431
Iteration 7 of 100: loss=0.596271455288 object_loss=0.0139294695109 distance_loss=0.582341969013
Iteration 8 of 100: loss=0.647942483425 object_loss=0.0657680183649 distance_loss=0.582174479961
Iteration 9 of 100: loss=0.62399828434 object_loss=0.0415237993002 distance_loss=0.582474470139
Iteration 10 of 100: loss=0.593246221542 object_loss=0.0103286746889 distance_loss=0.582917571068
Iteration 11 of 100: loss=0.620929658413 object_loss=0.0377245619893 distance_loss=0.583205103874
Iteration 12 of 100: loss=0.605557918549 object_loss=0.022441983223 distance_loss=0.583115935326
Iteration 13 of 100: loss=0.60872220993 object_loss=0.0253849923611 distance_loss=0.583337247372
Iteration 14 of 100: loss=0.603506684303 object_loss=0.0200257152319 distance_loss=0.58348095417
Iteration 15 of 100: loss=0.599134743214 object_loss=0.0156708862633 distance_loss=0.583463847637
Iteration 16 of 100: loss=0.598745822906 object_loss=0.0155430296436 distance_loss=0.583202779293
Iteration 17 of 100: loss=0.598933398724 object_loss=0.0157570745796 distance_loss=0.583176314831
Iteration 18 of 100: loss=0.598843514919 object_loss=0.0155046600848 distance_loss=0.583338856697
Iteration 19 of 100: loss=0.60048776865 object_loss=0.0171826705337 distance_loss=0.583305120468
Iteration 20 of 100: loss=0.616025149822 object_loss=0.0329872220755 distance_loss=0.583037912846
Iteration 21 of 100: loss=0.692529320717 object_loss=0.10944455117 distance_loss=0.583084762096
Iteration 22 of 100: loss=0.615771651268 object_loss=0.0325653553009 distance_loss=0.583206295967
Iteration 23 of 100: loss=0.647033274174 object_loss=0.0637880712748 distance_loss=0.5832452178
Iteration 24 of 100: loss=0.710607290268 object_loss=0.127743199468 distance_loss=0.582864105701
Iteration 25 of 100: loss=0.679081141949 object_loss=0.0962847918272 distance_loss=0.58279633522
Iteration 26 of 100: loss=0.769176006317 object_loss=0.186805695295 distance_loss=0.582370340824
Iteration 27 of 100: loss=0.994604587555 object_loss=0.412506997585 distance_loss=0.58209758997
Iteration 28 of 100: loss=0.621236979961 object_loss=0.039603151381 distance_loss=0.581633806229
Iteration 29 of 100: loss=0.672596395016 object_loss=0.0914237052202 distance_loss=0.581172704697
Iteration 30 of 100: loss=0.649629414082 object_loss=0.06859177351 distance_loss=0.581037640572
Iteration 31 of 100: loss=1.07876431942 object_loss=0.497632145882 distance_loss=0.581132173538
Iteration 32 of 100: loss=0.746322274208 object_loss=0.164927095175 distance_loss=0.581395149231
Iteration 33 of 100: loss=0.891325175762 object_loss=0.308926403522 distance_loss=0.58239877224
Iteration 34 of 100: loss=0.686873197556 object_loss=0.102856904268 distance_loss=0.58401632309
Iteration 35 of 100: loss=0.6274279356 object_loss=0.0420781262219 distance_loss=0.585349798203
Iteration 36 of 100: loss=0.629464626312 object_loss=0.043061748147 distance_loss=0.586402893066
Iteration 37 of 100: loss=0.593607604504 object_loss=0.00618097558618 distance_loss=0.58742660284
Iteration 38 of 100: loss=0.618468284607 object_loss=0.0300749838352 distance_loss=0.588393270969
Iteration 39 of 100: loss=0.608065187931 object_loss=0.0188488401473 distance_loss=0.589216351509
Iteration 40 of 100: loss=0.606061339378 object_loss=0.0159237682819 distance_loss=0.590137541294
Iteration 41 of 100: loss=0.629782676697 object_loss=0.0387987531722 distance_loss=0.59098392725
Iteration 42 of 100: loss=0.741490125656 object_loss=0.149619981647 distance_loss=0.591870129108
Iteration 43 of 100: loss=0.646110594273 object_loss=0.0532381571829 distance_loss=0.592872440815
Iteration 44 of 100: loss=0.687333464622 object_loss=0.0935529693961 distance_loss=0.593780517578
Iteration 45 of 100: loss=0.647127330303 object_loss=0.0526267960668 distance_loss=0.594500541687
Iteration 46 of 100: loss=0.639122128487 object_loss=0.04385695979 distance_loss=0.59526515007
Iteration 47 of 100: loss=0.623718678951 object_loss=0.0280764587224 distance_loss=0.595642209053
Iteration 48 of 100: loss=0.652326464653 object_loss=0.0559441074729 distance_loss=0.596382379532
Iteration 49 of 100: loss=0.652985394001 object_loss=0.0557560324669 distance_loss=0.597229361534
Iteration 50 of 100: loss=0.628772616386 object_loss=0.030932456255 distance_loss=0.597840130329
Iteration 51 of 100: loss=0.659407734871 object_loss=0.0608725510538 distance_loss=0.598535180092
Iteration 52 of 100: loss=0.68427759409 object_loss=0.0854247882962 distance_loss=0.598852813244
Iteration 53 of 100: loss=0.658512711525 object_loss=0.0592039562762 distance_loss=0.599308729172
Iteration 54 of 100: loss=0.657552659512 object_loss=0.0578158013523 distance_loss=0.599736869335
Iteration 55 of 100: loss=0.66322016716 object_loss=0.063276335597 distance_loss=0.599943816662
Iteration 56 of 100: loss=0.71258276701 object_loss=0.112536683679 distance_loss=0.600046098232
Iteration 57 of 100: loss=0.723353385925 object_loss=0.123150326312 distance_loss=0.600203037262
Iteration 58 of 100: loss=0.669685602188 object_loss=0.0687701776624 distance_loss=0.600915431976
Iteration 59 of 100: loss=0.657215952873 object_loss=0.055484443903 distance_loss=0.601731538773
Iteration 60 of 100: loss=0.719084322453 object_loss=0.116518862545 distance_loss=0.602565467358
Iteration 61 of 100: loss=1.00022614002 object_loss=0.39637735486 distance_loss=0.60384875536
Iteration 62 of 100: loss=0.704613864422 object_loss=0.0996216088533 distance_loss=0.60499227047
Iteration 63 of 100: loss=1.00468838215 object_loss=0.398160457611 distance_loss=0.606527924538
Iteration 64 of 100: loss=1.60930263996 object_loss=1.00188338757 distance_loss=0.607419252396
Iteration 65 of 100: loss=0.820280849934 object_loss=0.211412012577 distance_loss=0.608868837357
Iteration 66 of 100: loss=0.865711390972 object_loss=0.254817426205 distance_loss=0.610893964767
Iteration 67 of 100: loss=1.21482729912 object_loss=0.602044522762 distance_loss=0.61278283596
Iteration 68 of 100: loss=0.796420693398 object_loss=0.182148769498 distance_loss=0.614271938801
Iteration 69 of 100: loss=0.698797047138 object_loss=0.0822503343225 distance_loss=0.616546690464
Iteration 70 of 100: loss=0.776437282562 object_loss=0.157631486654 distance_loss=0.61880582571
Iteration 71 of 100: loss=1.00635552406 object_loss=0.385083884001 distance_loss=0.62127161026
Iteration 72 of 100: loss=0.729470252991 object_loss=0.106337040663 distance_loss=0.623133182526
Iteration 73 of 100: loss=1.03851640224 object_loss=0.413469552994 distance_loss=0.625046849251
Iteration 74 of 100: loss=0.668709397316 object_loss=0.0420197732747 distance_loss=0.626689612865
Iteration 75 of 100: loss=0.677832782269 object_loss=0.0498269200325 distance_loss=0.628005862236
Iteration 76 of 100: loss=0.866811513901 object_loss=0.237747892737 distance_loss=0.629063606262
Iteration 77 of 100: loss=0.729855835438 object_loss=0.099816635251 distance_loss=0.630039215088
Iteration 78 of 100: loss=0.70161151886 object_loss=0.0706029757857 distance_loss=0.631008565426
Iteration 79 of 100: loss=0.752672672272 object_loss=0.120788194239 distance_loss=0.631884455681
Iteration 80 of 100: loss=0.732038557529 object_loss=0.0996671319008 distance_loss=0.632371425629
Iteration 81 of 100: loss=1.0757240057 object_loss=0.442632347345 distance_loss=0.633091688156
Iteration 82 of 100: loss=0.692893624306 object_loss=0.0585811026394 distance_loss=0.63431251049
Iteration 83 of 100: loss=1.1029034853 object_loss=0.467484384775 distance_loss=0.635419070721
Iteration 84 of 100: loss=0.789015233517 object_loss=0.15266366303 distance_loss=0.636351585388
Iteration 85 of 100: loss=0.90210801363 object_loss=0.264910519123 distance_loss=0.637197494507
Iteration 86 of 100: loss=0.69302546978 object_loss=0.0542245209217 distance_loss=0.638800919056
Iteration 87 of 100: loss=0.727000236511 object_loss=0.0863556116819 distance_loss=0.640644609928
Iteration 88 of 100: loss=0.912747859955 object_loss=0.270689815283 distance_loss=0.642058074474
Iteration 89 of 100: loss=0.951570272446 object_loss=0.307861894369 distance_loss=0.643708348274
Iteration 90 of 100: loss=0.870332479477 object_loss=0.224803388119 distance_loss=0.645529091358
Iteration 91 of 100: loss=0.707076132298 object_loss=0.0595640391111 distance_loss=0.647512078285
Iteration 92 of 100: loss=0.793552875519 object_loss=0.144839271903 distance_loss=0.648713588715
Iteration 93 of 100: loss=0.782460331917 object_loss=0.132225602865 distance_loss=0.650234758854
Iteration 94 of 100: loss=0.842414200306 object_loss=0.190358281136 distance_loss=0.65205591917
Iteration 95 of 100: loss=0.687193214893 object_loss=0.0336299352348 distance_loss=0.653563261032
Iteration 96 of 100: loss=0.752374768257 object_loss=0.0974916219711 distance_loss=0.654883146286
Iteration 97 of 100: loss=1.18281817436 object_loss=0.52638399601 distance_loss=0.656434178352
Iteration 98 of 100: loss=0.846684098244 object_loss=0.188851878047 distance_loss=0.657832205296
Iteration 99 of 100: loss=1.18010747433 object_loss=0.520957410336 distance_loss=0.659150063992
Iteration 0 of 100: loss=0.7847879529 object_loss=0.124072536826 distance_loss=0.660715401173
Iteration 1 of 100: loss=0.787104904652 object_loss=0.124975331128 distance_loss=0.662129580975
Iteration 2 of 100: loss=0.801685452461 object_loss=0.138148680329 distance_loss=0.663536787033
Iteration 3 of 100: loss=0.786988735199 object_loss=0.121827967465 distance_loss=0.665160775185
Iteration 4 of 100: loss=0.997738242149 object_loss=0.331359028816 distance_loss=0.666379213333
Iteration 5 of 100: loss=0.834903001785 object_loss=0.167058601975 distance_loss=0.667844414711
Iteration 6 of 100: loss=0.831140100956 object_loss=0.162207424641 distance_loss=0.668932676315
Iteration 7 of 100: loss=0.763459205627 object_loss=0.0936817228794 distance_loss=0.66977751255
Iteration 8 of 100: loss=0.739328682423 object_loss=0.0689449310303 distance_loss=0.670383751392
Iteration 9 of 100: loss=0.762391805649 object_loss=0.0915465503931 distance_loss=0.670845270157
Iteration 10 of 100: loss=0.903500318527 object_loss=0.232395648956 distance_loss=0.671104669571
Iteration 11 of 100: loss=0.821491360664 object_loss=0.150444060564 distance_loss=0.671047329903
Iteration 12 of 100: loss=0.787089943886 object_loss=0.115920454264 distance_loss=0.671169519424
Iteration 13 of 100: loss=0.742049396038 object_loss=0.0706655159593 distance_loss=0.671383857727
Iteration 14 of 100: loss=0.719644367695 object_loss=0.0483010336757 distance_loss=0.671343326569
Iteration 15 of 100: loss=0.833542525768 object_loss=0.162297204137 distance_loss=0.671245336533
Iteration 16 of 100: loss=0.779679238796 object_loss=0.108793064952 distance_loss=0.670886158943
Iteration 17 of 100: loss=0.839479088783 object_loss=0.168950214982 distance_loss=0.670528888702
Iteration 18 of 100: loss=0.740590155125 object_loss=0.069826439023 distance_loss=0.670763731003
Iteration 19 of 100: loss=0.733229875565 object_loss=0.0626542717218 distance_loss=0.670575618744
Iteration 20 of 100: loss=0.778501033783 object_loss=0.108482286334 distance_loss=0.670018732548
Iteration 21 of 100: loss=0.77703922987 object_loss=0.107507452369 distance_loss=0.6695317626
Iteration 22 of 100: loss=0.894535720348 object_loss=0.225300788879 distance_loss=0.669234931469
Iteration 23 of 100: loss=0.846628546715 object_loss=0.177375212312 distance_loss=0.669253349304
Iteration 24 of 100: loss=0.856713414192 object_loss=0.187538519502 distance_loss=0.669174909592
Iteration 25 of 100: loss=0.728374123573 object_loss=0.0593054778874 distance_loss=0.66906863451
Iteration 26 of 100: loss=1.10020685196 object_loss=0.431440591812 distance_loss=0.668766200542
Iteration 27 of 100: loss=0.793776214123 object_loss=0.124964423478 distance_loss=0.668811798096
Iteration 28 of 100: loss=0.807041704655 object_loss=0.13859629631 distance_loss=0.668445408344
Iteration 29 of 100: loss=0.873992681503 object_loss=0.205682337284 distance_loss=0.668310344219
Iteration 30 of 100: loss=0.808360219002 object_loss=0.139262259007 distance_loss=0.669097959995
Iteration 31 of 100: loss=0.84509408474 object_loss=0.175776422024 distance_loss=0.669317662716
Iteration 32 of 100: loss=1.24019670486 object_loss=0.571096658707 distance_loss=0.669100046158
Iteration 33 of 100: loss=0.958404064178 object_loss=0.289868712425 distance_loss=0.668535351753
Iteration 34 of 100: loss=0.912570595741 object_loss=0.244528487325 distance_loss=0.668042123318
Iteration 35 of 100: loss=0.912608623505 object_loss=0.244176059961 distance_loss=0.668432533741
Iteration 36 of 100: loss=1.10159945488 object_loss=0.432479739189 distance_loss=0.669119656086
Iteration 37 of 100: loss=1.2919781208 object_loss=0.621789336205 distance_loss=0.670188724995
Iteration 38 of 100: loss=0.919597268105 object_loss=0.247687742114 distance_loss=0.671909511089
Iteration 39 of 100: loss=1.21118402481 object_loss=0.537160992622 distance_loss=0.674023032188
Iteration 40 of 100: loss=0.8343577981 object_loss=0.158520385623 distance_loss=0.675837397575
Iteration 41 of 100: loss=2.64711594582 object_loss=1.96957731247 distance_loss=0.677538692951
Iteration 42 of 100: loss=0.992022037506 object_loss=0.312660068274 distance_loss=0.679361999035
Iteration 43 of 100: loss=1.52367734909 object_loss=0.842502772808 distance_loss=0.681174516678
Iteration 44 of 100: loss=1.39140987396 object_loss=0.708834588528 distance_loss=0.682575345039
Iteration 45 of 100: loss=3.43793940544 object_loss=2.75458645821 distance_loss=0.68335300684
Iteration 46 of 100: loss=2.33720135689 object_loss=1.65287268162 distance_loss=0.684328734875
Iteration 47 of 100: loss=6.04711103439 object_loss=5.36166143417 distance_loss=0.685449779034
Iteration 48 of 100: loss=1.51882004738 object_loss=0.832125842571 distance_loss=0.686694145203
Iteration 49 of 100: loss=1.07266926765 object_loss=0.385099232197 distance_loss=0.687570035458
Iteration 50 of 100: loss=0.741865456104 object_loss=0.053598947823 distance_loss=0.688266515732
Iteration 51 of 100: loss=0.888555288315 object_loss=0.19962258637 distance_loss=0.688932716846
Iteration 52 of 100: loss=1.557066679 object_loss=0.867841601372 distance_loss=0.689225018024
Iteration 53 of 100: loss=5.92631053925 object_loss=5.23654413223 distance_loss=0.689766466618
Iteration 54 of 100: loss=2.46318531036 object_loss=1.77190542221 distance_loss=0.691280007362
Iteration 55 of 100: loss=1.13197565079 object_loss=0.43934738636 distance_loss=0.692628324032
Iteration 56 of 100: loss=0.812582135201 object_loss=0.118331447244 distance_loss=0.694250702858
Iteration 57 of 100: loss=1.91345560551 object_loss=1.2177284956 distance_loss=0.695727109909
Iteration 58 of 100: loss=0.899076342583 object_loss=0.201656803489 distance_loss=0.697419524193
Iteration 59 of 100: loss=0.742593467236 object_loss=0.04310066998 distance_loss=0.699492812157
Iteration 60 of 100: loss=0.726548016071 object_loss=0.0251079872251 distance_loss=0.701440036297
Iteration 61 of 100: loss=0.807328402996 object_loss=0.103962533176 distance_loss=0.70336586237
Iteration 62 of 100: loss=0.794479846954 object_loss=0.0890230089426 distance_loss=0.705456852913
Iteration 63 of 100: loss=0.761087238789 object_loss=0.0540281459689 distance_loss=0.707059085369
Iteration 64 of 100: loss=0.752430975437 object_loss=0.0441883727908 distance_loss=0.708242595196
Iteration 65 of 100: loss=0.803871572018 object_loss=0.0941912084818 distance_loss=0.709680378437
Iteration 66 of 100: loss=0.783703029156 object_loss=0.0725262910128 distance_loss=0.711176753044
Iteration 67 of 100: loss=1.02226984501 object_loss=0.309918105602 distance_loss=0.712351739407
Iteration 68 of 100: loss=0.852622151375 object_loss=0.138274997473 distance_loss=0.714347183704
Iteration 69 of 100: loss=0.788915336132 object_loss=0.072511382401 distance_loss=0.716403961182
Iteration 70 of 100: loss=1.21081185341 object_loss=0.492545604706 distance_loss=0.718266189098
Iteration 71 of 100: loss=1.47679710388 object_loss=0.756988525391 distance_loss=0.719808638096
Iteration 72 of 100: loss=0.869637012482 object_loss=0.147966459394 distance_loss=0.721670567989
Iteration 73 of 100: loss=0.961502671242 object_loss=0.238213300705 distance_loss=0.723289370537
Iteration 74 of 100: loss=0.915671229362 object_loss=0.190629005432 distance_loss=0.72504222393
Iteration 75 of 100: loss=1.09197306633 object_loss=0.365623295307 distance_loss=0.726349711418
Iteration 76 of 100: loss=4.42160654068 object_loss=3.69416761398 distance_loss=0.727439105511
Iteration 77 of 100: loss=3.58700418472 object_loss=2.85783624649 distance_loss=0.729168057442
Iteration 78 of 100: loss=5.53932714462 object_loss=4.8086566925 distance_loss=0.730670332909
Iteration 79 of 100: loss=6.99966049194 object_loss=6.267598629 distance_loss=0.732062041759
Iteration 80 of 100: loss=3.81880760193 object_loss=3.08496809006 distance_loss=0.733839631081
Iteration 81 of 100: loss=1.47568309307 object_loss=0.739387452602 distance_loss=0.736295640469
Iteration 82 of 100: loss=0.874536991119 object_loss=0.136003121734 distance_loss=0.738533854485
Iteration 83 of 100: loss=3.27891135216 object_loss=2.53822207451 distance_loss=0.740689337254
Iteration 84 of 100: loss=1.11852478981 object_loss=0.375202298164 distance_loss=0.74332255125
Iteration 85 of 100: loss=2.29981422424 object_loss=1.5538892746 distance_loss=0.745925068855
Iteration 86 of 100: loss=0.961130619049 object_loss=0.213176891208 distance_loss=0.74795371294
Iteration 87 of 100: loss=2.01688671112 object_loss=1.26716995239 distance_loss=0.749716639519
Iteration 88 of 100: loss=3.68830919266 object_loss=2.93798851967 distance_loss=0.750320732594
Iteration 89 of 100: loss=4.93821620941 object_loss=4.18643903732 distance_loss=0.751777231693
Iteration 90 of 100: loss=6.58789730072 object_loss=5.83408689499 distance_loss=0.753810405731
Iteration 91 of 100: loss=7.80824327469 object_loss=7.05214214325 distance_loss=0.756101310253
Iteration 92 of 100: loss=11.8941268921 object_loss=11.1353645325 distance_loss=0.758762478828
Iteration 93 of 100: loss=16.4355335236 object_loss=15.6732873917 distance_loss=0.762245237827
Iteration 94 of 100: loss=14.7012529373 object_loss=13.9354066849 distance_loss=0.765846252441
Iteration 95 of 100: loss=12.5507926941 object_loss=11.7815675735 distance_loss=0.769225478172
Iteration 96 of 100: loss=8.67657279968 object_loss=7.90312576294 distance_loss=0.77344751358
Iteration 97 of 100: loss=2.34389877319 object_loss=1.56651735306 distance_loss=0.777381420135
Iteration 98 of 100: loss=2.74588704109 object_loss=1.96447229385 distance_loss=0.781414687634
Iteration 99 of 100: loss=2.23778319359 object_loss=1.45297765732 distance_loss=0.78480553627
Iteration 0 of 100: loss=1.70050144196 object_loss=0.913109302521 distance_loss=0.787392139435
Iteration 1 of 100: loss=1.3457300663 object_loss=0.555769503117 distance_loss=0.789960503578
Iteration 2 of 100: loss=1.35743308067 object_loss=0.564101576805 distance_loss=0.793331503868
Iteration 3 of 100: loss=2.66993951797 object_loss=1.87283396721 distance_loss=0.797105669975
Iteration 4 of 100: loss=7.12646961212 object_loss=6.32568883896 distance_loss=0.800780653954
Iteration 5 of 100: loss=3.65798139572 object_loss=2.85451364517 distance_loss=0.803467750549
Iteration 6 of 100: loss=5.89557886124 object_loss=5.09018468857 distance_loss=0.805394172668
Iteration 7 of 100: loss=1.06046998501 object_loss=0.25284165144 distance_loss=0.807628333569
Iteration 8 of 100: loss=6.03137493134 object_loss=5.22134590149 distance_loss=0.810029029846
Iteration 9 of 100: loss=5.24567556381 object_loss=4.43214130402 distance_loss=0.813534080982
Iteration 10 of 100: loss=14.5497131348 object_loss=13.7330913544 distance_loss=0.816621601582
Iteration 11 of 100: loss=4.11421632767 object_loss=3.29409980774 distance_loss=0.820116460323
Iteration 12 of 100: loss=3.95631694794 object_loss=3.13384222984 distance_loss=0.822474718094
Iteration 13 of 100: loss=5.18998861313 object_loss=4.36410999298 distance_loss=0.825878620148
Iteration 14 of 100: loss=5.47732162476 object_loss=4.6480922699 distance_loss=0.829229176044
Iteration 15 of 100: loss=3.76664376259 object_loss=2.9337143898 distance_loss=0.832929432392
Iteration 16 of 100: loss=3.0026113987 object_loss=2.16659188271 distance_loss=0.836019575596
Iteration 17 of 100: loss=2.39887022972 object_loss=1.5590493679 distance_loss=0.839820921421
Iteration 18 of 100: loss=1.37936496735 object_loss=0.535863995552 distance_loss=0.843500971794
Iteration 19 of 100: loss=4.20656204224 object_loss=3.35955071449 distance_loss=0.847011089325
Iteration 20 of 100: loss=3.7414560318 object_loss=2.89204072952 distance_loss=0.849415183067
Iteration 21 of 100: loss=2.01596975327 object_loss=1.16448974609 distance_loss=0.851479887962
Iteration 22 of 100: loss=4.29741573334 object_loss=3.44353938103 distance_loss=0.853876531124
Iteration 23 of 100: loss=1.12702178955 object_loss=0.269948959351 distance_loss=0.857072889805
Iteration 24 of 100: loss=1.15205562115 object_loss=0.292497545481 distance_loss=0.859558045864
Iteration 25 of 100: loss=1.47968435287 object_loss=0.617367208004 distance_loss=0.862317085266
Iteration 26 of 100: loss=0.923660635948 object_loss=0.0589291118085 distance_loss=0.864731550217
Iteration 27 of 100: loss=0.997006893158 object_loss=0.130228742957 distance_loss=0.8667781353
Iteration 28 of 100: loss=1.09053838253 object_loss=0.221879035234 distance_loss=0.868659317493
Iteration 29 of 100: loss=0.959342002869 object_loss=0.0886716023088 distance_loss=0.870670378208
Iteration 30 of 100: loss=1.19280695915 object_loss=0.320276647806 distance_loss=0.872530341148
Iteration 31 of 100: loss=1.17681336403 object_loss=0.302692472935 distance_loss=0.874120891094
Iteration 32 of 100: loss=1.41431975365 object_loss=0.53863376379 distance_loss=0.875685989857
Iteration 33 of 100: loss=1.13611936569 object_loss=0.2585965693 distance_loss=0.877522826195
Iteration 34 of 100: loss=1.63690054417 object_loss=0.757696926594 distance_loss=0.879203617573
Iteration 35 of 100: loss=2.37692451477 object_loss=1.49623966217 distance_loss=0.880684792995
Iteration 36 of 100: loss=3.13356614113 object_loss=2.25181508064 distance_loss=0.88175112009
Iteration 37 of 100: loss=1.4678633213 object_loss=0.584425806999 distance_loss=0.88343757391
Iteration 38 of 100: loss=1.05099141598 object_loss=0.166144922376 distance_loss=0.884846508503
Iteration 39 of 100: loss=1.3197658062 object_loss=0.434114277363 distance_loss=0.885651528835
Iteration 40 of 100: loss=0.933795273304 object_loss=0.0473479181528 distance_loss=0.886447370052
Iteration 41 of 100: loss=0.963938236237 object_loss=0.0770836770535 distance_loss=0.886854529381
Iteration 42 of 100: loss=1.00859677792 object_loss=0.121013596654 distance_loss=0.887583196163
Iteration 43 of 100: loss=0.995874285698 object_loss=0.107779294252 distance_loss=0.888095021248
Iteration 44 of 100: loss=1.19559681416 object_loss=0.306939274073 distance_loss=0.888657510281
Iteration 45 of 100: loss=1.19848930836 object_loss=0.309130877256 distance_loss=0.889358401299
Iteration 46 of 100: loss=1.27441513538 object_loss=0.384587615728 distance_loss=0.889827489853
Iteration 47 of 100: loss=0.93884396553 object_loss=0.0486140586436 distance_loss=0.89022988081
Iteration 48 of 100: loss=0.918902158737 object_loss=0.0286188423634 distance_loss=0.890283346176
Iteration 49 of 100: loss=1.08429288864 object_loss=0.19374717772 distance_loss=0.890545725822
Iteration 50 of 100: loss=1.35950148106 object_loss=0.468608617783 distance_loss=0.890892863274
Iteration 51 of 100: loss=1.77486217022 object_loss=0.883696913719 distance_loss=0.8911652565
Iteration 52 of 100: loss=2.57927083969 object_loss=1.68752908707 distance_loss=0.89174169302
Iteration 53 of 100: loss=1.57032036781 object_loss=0.678323924541 distance_loss=0.891996383667
Iteration 54 of 100: loss=2.92826914787 object_loss=2.03591561317 distance_loss=0.892353534698
Iteration 55 of 100: loss=1.20884656906 object_loss=0.316338598728 distance_loss=0.892507910728
Iteration 56 of 100: loss=1.23640084267 object_loss=0.344050884247 distance_loss=0.892349898815
Iteration 57 of 100: loss=2.10087895393 object_loss=1.20863616467 distance_loss=0.892242848873
Iteration 58 of 100: loss=1.65827965736 object_loss=0.766042113304 distance_loss=0.892237484455
Iteration 59 of 100: loss=1.29187083244 object_loss=0.399144053459 distance_loss=0.892726719379
Iteration 60 of 100: loss=1.15177106857 object_loss=0.258613169193 distance_loss=0.89315789938
Iteration 61 of 100: loss=1.77303051949 object_loss=0.87942969799 distance_loss=0.8936008811
Iteration 62 of 100: loss=1.29178476334 object_loss=0.397956073284 distance_loss=0.893828690052
Iteration 63 of 100: loss=1.11705470085 object_loss=0.222910046577 distance_loss=0.894144713879
Iteration 64 of 100: loss=1.4743680954 object_loss=0.580025315285 distance_loss=0.894342720509
Iteration 65 of 100: loss=1.25980043411 object_loss=0.365673750639 distance_loss=0.894126713276
Iteration 66 of 100: loss=1.14751005173 object_loss=0.253782719374 distance_loss=0.893727362156
Iteration 67 of 100: loss=1.50957417488 object_loss=0.616101861 distance_loss=0.893472373486
Iteration 68 of 100: loss=1.69999289513 object_loss=0.806759953499 distance_loss=0.893233001232
Iteration 69 of 100: loss=1.47554516792 object_loss=0.582173585892 distance_loss=0.893371522427
Iteration 70 of 100: loss=1.64713728428 object_loss=0.753805398941 distance_loss=0.893331885338
Iteration 71 of 100: loss=1.56881678104 object_loss=0.676558494568 distance_loss=0.892258286476
Iteration 72 of 100: loss=1.26980519295 object_loss=0.379639148712 distance_loss=0.890166044235
Iteration 73 of 100: loss=1.09927845001 object_loss=0.210104316473 distance_loss=0.889174163342
Iteration 74 of 100: loss=1.31279110909 object_loss=0.424095392227 distance_loss=0.888695776463
Iteration 75 of 100: loss=1.2602891922 object_loss=0.371834039688 distance_loss=0.888455092907
Iteration 76 of 100: loss=1.0251891613 object_loss=0.136964797974 distance_loss=0.888224422932
Iteration 77 of 100: loss=1.18822133541 object_loss=0.300079375505 distance_loss=0.888141989708
Iteration 78 of 100: loss=0.94465470314 object_loss=0.0567214637995 distance_loss=0.887933254242
Iteration 79 of 100: loss=0.981041252613 object_loss=0.0932855755091 distance_loss=0.887755692005
Iteration 80 of 100: loss=1.86901497841 object_loss=0.981223344803 distance_loss=0.887791574001
Iteration 81 of 100: loss=5.98673391342 object_loss=5.09898853302 distance_loss=0.887745499611
Iteration 82 of 100: loss=13.0105648041 object_loss=12.1229953766 distance_loss=0.8875695467
Iteration 83 of 100: loss=1.43456220627 object_loss=0.546430468559 distance_loss=0.888131678104
Iteration 84 of 100: loss=1.28939855099 object_loss=0.401385009289 distance_loss=0.888013541698
Iteration 85 of 100: loss=1.78895568848 object_loss=0.900844454765 distance_loss=0.888111293316
Iteration 86 of 100: loss=1.32401096821 object_loss=0.435522377491 distance_loss=0.888488590717
Iteration 87 of 100: loss=0.942734539509 object_loss=0.054002918303 distance_loss=0.888731598854
Iteration 88 of 100: loss=1.18720853329 object_loss=0.298516541719 distance_loss=0.88869202137
Iteration 89 of 100: loss=1.06531977654 object_loss=0.176271498203 distance_loss=0.889048337936
Iteration 90 of 100: loss=1.05444860458 object_loss=0.165094718337 distance_loss=0.88935393095
Iteration 91 of 100: loss=1.02386915684 object_loss=0.134026125073 distance_loss=0.889842987061
Iteration 92 of 100: loss=0.998828828335 object_loss=0.108493849635 distance_loss=0.890334963799
Iteration 93 of 100: loss=0.994819462299 object_loss=0.10367102176 distance_loss=0.89114844799
Iteration 94 of 100: loss=1.01350033283 object_loss=0.121699236333 distance_loss=0.891801118851
Iteration 95 of 100: loss=1.02961945534 object_loss=0.137411341071 distance_loss=0.892208099365
Iteration 96 of 100: loss=0.974394142628 object_loss=0.0819110497832 distance_loss=0.892483115196
Iteration 97 of 100: loss=1.25166010857 object_loss=0.358596265316 distance_loss=0.89306384325
Iteration 98 of 100: loss=1.2954608202 object_loss=0.401592046022 distance_loss=0.893868803978
Iteration 99 of 100: loss=1.24192345142 object_loss=0.3475446105 distance_loss=0.894378840923
Iteration 0 of 100: loss=1.11537051201 object_loss=0.220788195729 distance_loss=0.894582271576
Iteration 1 of 100: loss=1.08720898628 object_loss=0.192496731877 distance_loss=0.894712209702
Iteration 2 of 100: loss=1.08252513409 object_loss=0.18766386807 distance_loss=0.894861221313
Iteration 3 of 100: loss=1.69236803055 object_loss=0.797155678272 distance_loss=0.89521241188
Iteration 4 of 100: loss=2.33079099655 object_loss=1.4350874424 distance_loss=0.895703554153
Iteration 5 of 100: loss=1.12748658657 object_loss=0.230995669961 distance_loss=0.896490931511
Iteration 6 of 100: loss=1.08246016502 object_loss=0.184974879026 distance_loss=0.897485256195
Iteration 7 of 100: loss=1.09121620655 object_loss=0.193101420999 distance_loss=0.898114800453
Iteration 8 of 100: loss=1.10385596752 object_loss=0.205257505178 distance_loss=0.898598492146
Iteration 9 of 100: loss=1.10724568367 object_loss=0.207947745919 distance_loss=0.899297893047
Iteration 10 of 100: loss=1.20243060589 object_loss=0.302366048098 distance_loss=0.900064527988
Iteration 11 of 100: loss=1.18754994869 object_loss=0.287000477314 distance_loss=0.900549471378
Iteration 12 of 100: loss=1.19936621189 object_loss=0.298566311598 distance_loss=0.900799930096
Iteration 13 of 100: loss=1.07137799263 object_loss=0.170160293579 distance_loss=0.901217699051
Iteration 14 of 100: loss=1.14334154129 object_loss=0.241881370544 distance_loss=0.901460111141
Iteration 15 of 100: loss=1.01644384861 object_loss=0.114798791707 distance_loss=0.901645004749
Iteration 16 of 100: loss=0.972822368145 object_loss=0.0709746107459 distance_loss=0.901847779751
Iteration 17 of 100: loss=0.948839783669 object_loss=0.0466599240899 distance_loss=0.902179837227
Iteration 18 of 100: loss=0.940108597279 object_loss=0.0376545190811 distance_loss=0.902454078197
Iteration 19 of 100: loss=0.974002838135 object_loss=0.071053430438 distance_loss=0.902949392796
Iteration 20 of 100: loss=0.946867823601 object_loss=0.0437100678682 distance_loss=0.903157770634
Iteration 21 of 100: loss=0.950805962086 object_loss=0.0472938343883 distance_loss=0.903512120247
Iteration 22 of 100: loss=0.952172756195 object_loss=0.0484102517366 distance_loss=0.90376251936
Iteration 23 of 100: loss=0.957373678684 object_loss=0.0533464960754 distance_loss=0.904027163982
Iteration 24 of 100: loss=0.965412020683 object_loss=0.0610357820988 distance_loss=0.904376268387
Iteration 25 of 100: loss=0.980466187 object_loss=0.0760083273053 distance_loss=0.904457867146
Iteration 26 of 100: loss=0.968813359737 object_loss=0.0642346739769 distance_loss=0.90457868576
Iteration 27 of 100: loss=0.94724458456 object_loss=0.0422962456942 distance_loss=0.904948353767
Iteration 28 of 100: loss=0.954598665237 object_loss=0.0495139583945 distance_loss=0.905084729195
Iteration 29 of 100: loss=0.958843171597 object_loss=0.0535095259547 distance_loss=0.905333638191
Iteration 30 of 100: loss=0.936692893505 object_loss=0.0310714952648 distance_loss=0.905621409416
Iteration 31 of 100: loss=0.928909897804 object_loss=0.0229978784919 distance_loss=0.905912041664
Iteration 32 of 100: loss=0.945526599884 object_loss=0.0396716445684 distance_loss=0.905854940414
Iteration 33 of 100: loss=0.952317476273 object_loss=0.0462258011103 distance_loss=0.906091690063
Iteration 34 of 100: loss=0.955101549625 object_loss=0.0488674901426 distance_loss=0.90623408556
Iteration 35 of 100: loss=1.01641607285 object_loss=0.109989486635 distance_loss=0.906426548958
Iteration 36 of 100: loss=0.957651495934 object_loss=0.0511382371187 distance_loss=0.906513273716
Iteration 37 of 100: loss=0.967109620571 object_loss=0.0605290792882 distance_loss=0.90658056736
Iteration 38 of 100: loss=0.959537386894 object_loss=0.0527595430613 distance_loss=0.906777858734
Iteration 39 of 100: loss=0.947765171528 object_loss=0.0406252741814 distance_loss=0.907139897346
Iteration 40 of 100: loss=0.966812431812 object_loss=0.059562779963 distance_loss=0.907249629498
Iteration 41 of 100: loss=0.966469824314 object_loss=0.0593139193952 distance_loss=0.907155930996
Iteration 42 of 100: loss=0.955317020416 object_loss=0.0480337888002 distance_loss=0.907283246517
Iteration 43 of 100: loss=0.974559962749 object_loss=0.067205272615 distance_loss=0.907354712486
Iteration 44 of 100: loss=0.960536062717 object_loss=0.0535467043519 distance_loss=0.906989336014
Iteration 45 of 100: loss=0.974583268166 object_loss=0.0678256526589 distance_loss=0.906757593155
Iteration 46 of 100: loss=0.999947428703 object_loss=0.0931846573949 distance_loss=0.906762778759
Iteration 47 of 100: loss=1.09994971752 object_loss=0.193338423967 distance_loss=0.906611263752
Iteration 48 of 100: loss=1.11729335785 object_loss=0.210856497288 distance_loss=0.906436800957
Iteration 49 of 100: loss=1.1684384346 object_loss=0.261807739735 distance_loss=0.906630694866
Iteration 50 of 100: loss=1.03948259354 object_loss=0.132436931133 distance_loss=0.907045662403
Iteration 51 of 100: loss=1.28474092484 object_loss=0.377284228802 distance_loss=0.907456755638
Iteration 52 of 100: loss=1.01254832745 object_loss=0.104820035398 distance_loss=0.907728254795
Iteration 53 of 100: loss=1.20257949829 object_loss=0.294270813465 distance_loss=0.908308744431
Iteration 54 of 100: loss=0.973726630211 object_loss=0.064795807004 distance_loss=0.908930838108
Iteration 55 of 100: loss=0.991858184338 object_loss=0.0822104215622 distance_loss=0.909647762775
Iteration 56 of 100: loss=1.03267300129 object_loss=0.122666046023 distance_loss=0.910006999969
Iteration 57 of 100: loss=1.05730783939 object_loss=0.146833971143 distance_loss=0.910473883152
Iteration 58 of 100: loss=1.07898497581 object_loss=0.168147236109 distance_loss=0.910837769508
Iteration 59 of 100: loss=1.03563904762 object_loss=0.124453380704 distance_loss=0.911185622215
Iteration 60 of 100: loss=1.02176165581 object_loss=0.110182642937 distance_loss=0.911579072475
Iteration 61 of 100: loss=0.994458079338 object_loss=0.082762606442 distance_loss=0.911695480347
Iteration 62 of 100: loss=0.997878670692 object_loss=0.0859929025173 distance_loss=0.911885738373
Iteration 63 of 100: loss=0.994107842445 object_loss=0.082370609045 distance_loss=0.911737263203
Iteration 64 of 100: loss=0.982393622398 object_loss=0.0705117806792 distance_loss=0.911881864071
Iteration 65 of 100: loss=1.00956881046 object_loss=0.0976148247719 distance_loss=0.911953985691
Iteration 66 of 100: loss=0.955693423748 object_loss=0.0435895845294 distance_loss=0.912103831768
Iteration 67 of 100: loss=0.986810386181 object_loss=0.0745403394103 distance_loss=0.912270069122
Iteration 68 of 100: loss=1.03923404217 object_loss=0.127109155059 distance_loss=0.912124931812
Iteration 69 of 100: loss=1.129778862 object_loss=0.217517286539 distance_loss=0.912261605263
Iteration 70 of 100: loss=1.12054777145 object_loss=0.207864865661 distance_loss=0.912682950497
Iteration 71 of 100: loss=1.00526762009 object_loss=0.0923373699188 distance_loss=0.912930190563
Iteration 72 of 100: loss=1.02195978165 object_loss=0.109223254025 distance_loss=0.912736475468
Iteration 73 of 100: loss=1.03525233269 object_loss=0.122150883079 distance_loss=0.913101434708
Iteration 74 of 100: loss=0.973015546799 object_loss=0.0598246902227 distance_loss=0.913190841675
Iteration 75 of 100: loss=0.983337759972 object_loss=0.0700952783227 distance_loss=0.913242459297
Iteration 76 of 100: loss=1.0263594389 object_loss=0.113244399428 distance_loss=0.913115084171
Iteration 77 of 100: loss=1.01564121246 object_loss=0.102485835552 distance_loss=0.913155317307
Iteration 78 of 100: loss=1.02986764908 object_loss=0.116826295853 distance_loss=0.91304141283
Iteration 79 of 100: loss=1.13436150551 object_loss=0.221411854029 distance_loss=0.912949621677
Iteration 80 of 100: loss=1.03619670868 object_loss=0.123517990112 distance_loss=0.912678718567
Iteration 81 of 100: loss=1.04291331768 object_loss=0.130388528109 distance_loss=0.912524759769
Iteration 82 of 100: loss=1.30756437778 object_loss=0.394808530807 distance_loss=0.912755846977
Iteration 83 of 100: loss=1.33222568035 object_loss=0.419467926025 distance_loss=0.912757754326
Iteration 84 of 100: loss=1.41147649288 object_loss=0.49845585227 distance_loss=0.913020670414
Iteration 85 of 100: loss=1.48549854755 object_loss=0.572128713131 distance_loss=0.913369834423
Iteration 86 of 100: loss=1.32554638386 object_loss=0.412220865488 distance_loss=0.913325548172
Iteration 87 of 100: loss=1.23557507992 object_loss=0.322102636099 distance_loss=0.913472414017
Iteration 88 of 100: loss=1.13402271271 object_loss=0.220533043146 distance_loss=0.913489639759
Iteration 89 of 100: loss=1.16300702095 object_loss=0.24958203733 distance_loss=0.913424968719
Iteration 90 of 100: loss=1.07329201698 object_loss=0.15983812511 distance_loss=0.913453936577
Iteration 91 of 100: loss=1.16846704483 object_loss=0.254854351282 distance_loss=0.913612663746
Iteration 92 of 100: loss=1.35319173336 object_loss=0.439902037382 distance_loss=0.91328972578
Iteration 93 of 100: loss=1.19555091858 object_loss=0.282199472189 distance_loss=0.913351416588
Iteration 94 of 100: loss=1.28904771805 object_loss=0.375567018986 distance_loss=0.913480758667
Iteration 95 of 100: loss=1.07346177101 object_loss=0.15993617475 distance_loss=0.913525640965
Iteration 96 of 100: loss=1.06332421303 object_loss=0.149717539549 distance_loss=0.913606643677
Iteration 97 of 100: loss=1.1042535305 object_loss=0.190578520298 distance_loss=0.9136749506
Iteration 98 of 100: loss=1.16486430168 object_loss=0.251043081284 distance_loss=0.913821160793
Iteration 99 of 100: loss=1.2534968853 object_loss=0.339432954788 distance_loss=0.914063990116
Iteration 0 of 100: loss=1.28149938583 object_loss=0.367170214653 distance_loss=0.914329230785
Iteration 1 of 100: loss=1.29330253601 object_loss=0.378827691078 distance_loss=0.914474904537
Iteration 2 of 100: loss=1.19048881531 object_loss=0.275934875011 distance_loss=0.914553999901
Iteration 3 of 100: loss=1.79852735996 object_loss=0.883849263191 distance_loss=0.914678096771
Iteration 4 of 100: loss=1.46588551998 object_loss=0.55133742094 distance_loss=0.914548099041
Iteration 5 of 100: loss=1.90218615532 object_loss=0.987765192986 distance_loss=0.914420902729
Iteration 6 of 100: loss=4.4853758812 object_loss=3.57118177414 distance_loss=0.914193987846
Iteration 7 of 100: loss=2.60564255714 object_loss=1.69136416912 distance_loss=0.914278388023
Iteration 8 of 100: loss=1.98250186443 object_loss=1.06776988506 distance_loss=0.91473197937
Iteration 9 of 100: loss=2.32655525208 object_loss=1.41153800488 distance_loss=0.915017306805
Iteration 10 of 100: loss=2.49607133865 object_loss=1.58039569855 distance_loss=0.915675520897
Iteration 11 of 100: loss=3.30804395676 object_loss=2.39156579971 distance_loss=0.916478097439
Iteration 12 of 100: loss=2.85609054565 object_loss=1.93892240524 distance_loss=0.917168200016
Iteration 13 of 100: loss=2.64224362373 object_loss=1.72393929958 distance_loss=0.91830432415
Iteration 14 of 100: loss=3.42589211464 object_loss=2.50722694397 distance_loss=0.918665111065
Iteration 15 of 100: loss=1.49086523056 object_loss=0.572214126587 distance_loss=0.918651103973
Iteration 16 of 100: loss=1.26453757286 object_loss=0.345910549164 distance_loss=0.918626964092
Iteration 17 of 100: loss=2.02572798729 object_loss=1.10726118088 distance_loss=0.918466866016
Iteration 18 of 100: loss=3.58696389198 object_loss=2.6683447361 distance_loss=0.918619215488
Iteration 19 of 100: loss=2.0371530056 object_loss=1.11802423 distance_loss=0.919128775597
Iteration 20 of 100: loss=3.76605558395 object_loss=2.84629034996 distance_loss=0.919765293598
Iteration 21 of 100: loss=2.06669998169 object_loss=1.14645767212 distance_loss=0.92024242878
Iteration 22 of 100: loss=5.83609056473 object_loss=4.91480636597 distance_loss=0.921284377575
Iteration 23 of 100: loss=3.82754015923 object_loss=2.90493822098 distance_loss=0.922601938248
Iteration 24 of 100: loss=1.6370651722 object_loss=0.713078975677 distance_loss=0.923986136913
Iteration 25 of 100: loss=1.05656313896 object_loss=0.131156906486 distance_loss=0.925406217575
Iteration 26 of 100: loss=1.01193332672 object_loss=0.0850540399551 distance_loss=0.926879286766
Iteration 27 of 100: loss=1.25746130943 object_loss=0.32916790247 distance_loss=0.928293406963
Iteration 28 of 100: loss=1.24325227737 object_loss=0.314240723848 distance_loss=0.929011523724
Iteration 29 of 100: loss=1.21427237988 object_loss=0.2836984694 distance_loss=0.930573940277
Iteration 30 of 100: loss=1.03410828114 object_loss=0.102230407298 distance_loss=0.931877911091
Iteration 31 of 100: loss=0.999254643917 object_loss=0.0663604736328 distance_loss=0.932894170284
Iteration 32 of 100: loss=0.990761935711 object_loss=0.057052846998 distance_loss=0.933709084988
Iteration 33 of 100: loss=0.998826801777 object_loss=0.0639116168022 distance_loss=0.934915184975
Iteration 34 of 100: loss=0.98205935955 object_loss=0.0463151037693 distance_loss=0.935744225979
Iteration 35 of 100: loss=0.971426784992 object_loss=0.0350893996656 distance_loss=0.936337411404
Iteration 36 of 100: loss=1.00643014908 object_loss=0.0693560689688 distance_loss=0.937074124813
Iteration 37 of 100: loss=0.988674879074 object_loss=0.051016010344 distance_loss=0.937658846378
Iteration 38 of 100: loss=0.970893919468 object_loss=0.0324957445264 distance_loss=0.938398182392
Iteration 39 of 100: loss=0.967461884022 object_loss=0.0283965840936 distance_loss=0.939065277576
Iteration 40 of 100: loss=0.973351657391 object_loss=0.0339551456273 distance_loss=0.939396500587
Iteration 41 of 100: loss=0.979786038399 object_loss=0.03986235708 distance_loss=0.939923703671
Iteration 42 of 100: loss=0.98489356041 object_loss=0.0447457320988 distance_loss=0.940147817135
Iteration 43 of 100: loss=1.00599586964 object_loss=0.0656865090132 distance_loss=0.940309345722
Iteration 44 of 100: loss=0.999661505222 object_loss=0.0591865330935 distance_loss=0.94047498703
Iteration 45 of 100: loss=0.992864847183 object_loss=0.0522022023797 distance_loss=0.940662622452
Iteration 46 of 100: loss=1.01494908333 object_loss=0.0741175413132 distance_loss=0.94083148241
Iteration 47 of 100: loss=1.01426184177 object_loss=0.0733956471086 distance_loss=0.940866231918
Iteration 48 of 100: loss=1.02504491806 object_loss=0.0841959565878 distance_loss=0.940849006176
Iteration 49 of 100: loss=1.00041651726 object_loss=0.0596052408218 distance_loss=0.940811276436
Iteration 50 of 100: loss=0.981581330299 object_loss=0.0406598821282 distance_loss=0.940921425819
Iteration 51 of 100: loss=0.973461687565 object_loss=0.0323493480682 distance_loss=0.941112339497
Iteration 52 of 100: loss=0.96961992979 object_loss=0.0288814753294 distance_loss=0.94073843956
Iteration 53 of 100: loss=0.96819460392 object_loss=0.0273849703372 distance_loss=0.940809607506
Iteration 54 of 100: loss=0.964767158031 object_loss=0.0237746220082 distance_loss=0.940992534161
Iteration 55 of 100: loss=0.982829213142 object_loss=0.0416816659272 distance_loss=0.941147565842
Iteration 56 of 100: loss=0.974709630013 object_loss=0.0336031094193 distance_loss=0.941106498241
Iteration 57 of 100: loss=0.986257255077 object_loss=0.0450244024396 distance_loss=0.941232860088
Iteration 58 of 100: loss=0.981972813606 object_loss=0.040756970644 distance_loss=0.94121581316
Iteration 59 of 100: loss=0.965427696705 object_loss=0.0241014547646 distance_loss=0.941326260567
Iteration 60 of 100: loss=0.968923032284 object_loss=0.0274108797312 distance_loss=0.941512167454
Iteration 61 of 100: loss=0.969378232956 object_loss=0.0279529485852 distance_loss=0.941425263882
Iteration 62 of 100: loss=0.960691869259 object_loss=0.0191773511469 distance_loss=0.941514492035
Iteration 63 of 100: loss=0.961533248425 object_loss=0.01985402219 distance_loss=0.941679239273
Iteration 64 of 100: loss=0.961200594902 object_loss=0.0195085331798 distance_loss=0.941692054272
Iteration 65 of 100: loss=0.963867306709 object_loss=0.0221033394337 distance_loss=0.941763937473
Iteration 66 of 100: loss=0.956475377083 object_loss=0.0145281432196 distance_loss=0.941947221756
Iteration 67 of 100: loss=0.963143348694 object_loss=0.0210148598999 distance_loss=0.942128479481
Iteration 68 of 100: loss=0.962789654732 object_loss=0.0206174571067 distance_loss=0.942172169685
Iteration 69 of 100: loss=0.956964969635 object_loss=0.0146480770782 distance_loss=0.942316889763
Iteration 70 of 100: loss=0.967419981956 object_loss=0.0251705646515 distance_loss=0.942249417305
Iteration 71 of 100: loss=0.960017025471 object_loss=0.0176076777279 distance_loss=0.942409336567
Iteration 72 of 100: loss=0.958672404289 object_loss=0.0163041241467 distance_loss=0.942368268967
Iteration 73 of 100: loss=0.971409142017 object_loss=0.0289039649069 distance_loss=0.942505180836
Iteration 74 of 100: loss=0.982986330986 object_loss=0.040190923959 distance_loss=0.942795395851
Iteration 75 of 100: loss=0.96137291193 object_loss=0.0185102261603 distance_loss=0.942862689495
Iteration 76 of 100: loss=0.973836541176 object_loss=0.0312064122409 distance_loss=0.942630112171
Iteration 77 of 100: loss=0.969188570976 object_loss=0.0266609117389 distance_loss=0.942527651787
Iteration 78 of 100: loss=0.956473648548 object_loss=0.0139455432072 distance_loss=0.942528128624
Iteration 79 of 100: loss=0.956383764744 object_loss=0.0138416104019 distance_loss=0.942542135715
Iteration 80 of 100: loss=0.957939088345 object_loss=0.0153987873346 distance_loss=0.942540287971
Iteration 81 of 100: loss=0.957045435905 object_loss=0.0147061850876 distance_loss=0.942339241505
Iteration 82 of 100: loss=0.958362102509 object_loss=0.0162017829716 distance_loss=0.942160308361
Iteration 83 of 100: loss=0.962864816189 object_loss=0.0205303654075 distance_loss=0.942334473133
Iteration 84 of 100: loss=0.961738288403 object_loss=0.0194094404578 distance_loss=0.942328870296
Iteration 85 of 100: loss=0.962517142296 object_loss=0.0201203003526 distance_loss=0.942396819592
Iteration 86 of 100: loss=0.963037133217 object_loss=0.0206250082701 distance_loss=0.942412137985
Iteration 87 of 100: loss=0.958402276039 object_loss=0.0159709975123 distance_loss=0.942431271076
Iteration 88 of 100: loss=0.95961368084 object_loss=0.0174650307745 distance_loss=0.942148625851
Iteration 89 of 100: loss=0.956249415874 object_loss=0.013947702013 distance_loss=0.942301690578
Iteration 90 of 100: loss=0.957166790962 object_loss=0.01488654688 distance_loss=0.942280232906
Iteration 91 of 100: loss=0.9595733881 object_loss=0.0175477545708 distance_loss=0.942025661469
Iteration 92 of 100: loss=0.958678543568 object_loss=0.0169831719249 distance_loss=0.941695392132
Iteration 93 of 100: loss=0.957671999931 object_loss=0.0159507151693 distance_loss=0.941721260548
Iteration 94 of 100: loss=0.958359539509 object_loss=0.0166897457093 distance_loss=0.941669821739
Iteration 95 of 100: loss=0.957418859005 object_loss=0.0160124786198 distance_loss=0.941406369209
Iteration 96 of 100: loss=0.9600918293 object_loss=0.0190306790173 distance_loss=0.941061139107
Iteration 97 of 100: loss=0.961020648479 object_loss=0.0201241280884 distance_loss=0.940896511078
Iteration 98 of 100: loss=0.962929964066 object_loss=0.0221389867365 distance_loss=0.940790951252
Iteration 99 of 100: loss=0.963641941547 object_loss=0.0228734575212 distance_loss=0.940768480301
Iteration 0 of 100: loss=0.969634532928 object_loss=0.0290941633284 distance_loss=0.940540373325
Iteration 1 of 100: loss=0.977362155914 object_loss=0.036983076483 distance_loss=0.940379083157
Iteration 2 of 100: loss=0.972794651985 object_loss=0.0322900786996 distance_loss=0.940504550934
Iteration 3 of 100: loss=0.971147119999 object_loss=0.0304897017777 distance_loss=0.940657436848
Iteration 4 of 100: loss=0.963878810406 object_loss=0.0231836251915 distance_loss=0.940695166588
Iteration 5 of 100: loss=0.962750375271 object_loss=0.022184541449 distance_loss=0.940565824509
Iteration 6 of 100: loss=0.962867081165 object_loss=0.0221780184656 distance_loss=0.940689086914
Iteration 7 of 100: loss=0.964105129242 object_loss=0.0235685985535 distance_loss=0.940536558628
Iteration 8 of 100: loss=0.960239350796 object_loss=0.0198041647673 distance_loss=0.940435171127
Iteration 9 of 100: loss=0.961985349655 object_loss=0.0215843692422 distance_loss=0.940400958061
Iteration 10 of 100: loss=0.957415401936 object_loss=0.0169922765344 distance_loss=0.940423130989
Iteration 11 of 100: loss=0.958594560623 object_loss=0.018052732572 distance_loss=0.940541803837
Iteration 12 of 100: loss=0.967126250267 object_loss=0.0271353386343 distance_loss=0.93999093771
Iteration 13 of 100: loss=0.960114479065 object_loss=0.0201721452177 distance_loss=0.939942359924
Iteration 14 of 100: loss=0.96321028471 object_loss=0.0232558175921 distance_loss=0.939954459667
Iteration 15 of 100: loss=0.96036696434 object_loss=0.0205672942102 distance_loss=0.939799666405
Iteration 16 of 100: loss=0.957995414734 object_loss=0.0183345731348 distance_loss=0.939660847187
Iteration 17 of 100: loss=0.959669053555 object_loss=0.0199826788157 distance_loss=0.939686357975
Iteration 18 of 100: loss=0.961544513702 object_loss=0.0221006348729 distance_loss=0.93944388628
Iteration 19 of 100: loss=0.960120558739 object_loss=0.0208417642862 distance_loss=0.939278781414
Iteration 20 of 100: loss=0.958076834679 object_loss=0.0188704412431 distance_loss=0.939206421375
Iteration 21 of 100: loss=0.960867643356 object_loss=0.0218322016299 distance_loss=0.939035415649
Iteration 22 of 100: loss=0.973227262497 object_loss=0.0341287255287 distance_loss=0.939098536968
Iteration 23 of 100: loss=0.961569190025 object_loss=0.022384705022 distance_loss=0.939184486866
Iteration 24 of 100: loss=0.971255898476 object_loss=0.0325173959136 distance_loss=0.938738524914
Iteration 25 of 100: loss=0.967840909958 object_loss=0.0293019376695 distance_loss=0.938538968563
Iteration 26 of 100: loss=0.966534435749 object_loss=0.0280804522336 distance_loss=0.93845397234
Iteration 27 of 100: loss=0.963694155216 object_loss=0.0254516005516 distance_loss=0.938242554665
Iteration 28 of 100: loss=0.9538641572 object_loss=0.0156787633896 distance_loss=0.93818539381
Iteration 29 of 100: loss=0.956401586533 object_loss=0.0182541832328 distance_loss=0.938147425652
Iteration 30 of 100: loss=0.958662211895 object_loss=0.0207539182156 distance_loss=0.937908291817
Iteration 31 of 100: loss=0.957634270191 object_loss=0.0198698081076 distance_loss=0.937764465809
Iteration 32 of 100: loss=0.952888309956 object_loss=0.0154173793271 distance_loss=0.937470912933
Iteration 33 of 100: loss=0.953680872917 object_loss=0.0162680093199 distance_loss=0.937412858009
Iteration 34 of 100: loss=0.962888598442 object_loss=0.0255736541003 distance_loss=0.937314927578
Iteration 35 of 100: loss=0.956034064293 object_loss=0.0187735743821 distance_loss=0.937260508537
Iteration 36 of 100: loss=0.957255125046 object_loss=0.0203061401844 distance_loss=0.936948955059
Iteration 37 of 100: loss=0.957295656204 object_loss=0.0205157510936 distance_loss=0.936779916286
Iteration 38 of 100: loss=0.962781310081 object_loss=0.0261200778186 distance_loss=0.936661243439
Iteration 39 of 100: loss=0.995491862297 object_loss=0.0589070022106 distance_loss=0.936584889889
Iteration 40 of 100: loss=0.991221129894 object_loss=0.0545859187841 distance_loss=0.936635196209
Iteration 41 of 100: loss=0.995429515839 object_loss=0.0589141659439 distance_loss=0.936515331268
Iteration 42 of 100: loss=0.9854850173 object_loss=0.0493024922907 distance_loss=0.936182498932
Iteration 43 of 100: loss=0.985087037086 object_loss=0.0490719862282 distance_loss=0.936015069485
Iteration 44 of 100: loss=0.984195649624 object_loss=0.0482409447432 distance_loss=0.93595468998
Iteration 45 of 100: loss=0.988933444023 object_loss=0.0530525743961 distance_loss=0.935880899429
Iteration 46 of 100: loss=0.979412436485 object_loss=0.0435247123241 distance_loss=0.935887694359
Iteration 47 of 100: loss=0.97732013464 object_loss=0.0414831005037 distance_loss=0.935837030411
Iteration 48 of 100: loss=0.968404352665 object_loss=0.0328313075006 distance_loss=0.935573041439
Iteration 49 of 100: loss=0.959963798523 object_loss=0.0246611312032 distance_loss=0.93530267477
Iteration 50 of 100: loss=0.965125024319 object_loss=0.0298265796155 distance_loss=0.935298442841
Iteration 51 of 100: loss=0.953012883663 object_loss=0.017919851467 distance_loss=0.935093045235
Iteration 52 of 100: loss=0.955680370331 object_loss=0.021058935672 distance_loss=0.934621453285
Iteration 53 of 100: loss=0.953489124775 object_loss=0.0188098736107 distance_loss=0.934679269791
Iteration 54 of 100: loss=0.952918231487 object_loss=0.0183596778661 distance_loss=0.934558570385
Iteration 55 of 100: loss=0.957933723927 object_loss=0.0233817100525 distance_loss=0.934552013874
Iteration 56 of 100: loss=0.962318778038 object_loss=0.0279797241092 distance_loss=0.934339046478
Iteration 57 of 100: loss=0.960157036781 object_loss=0.0260728411376 distance_loss=0.934084177017
Iteration 58 of 100: loss=0.961352407932 object_loss=0.0273435469717 distance_loss=0.934008836746
Iteration 59 of 100: loss=0.952800452709 object_loss=0.0188658982515 distance_loss=0.933934569359
Iteration 60 of 100: loss=0.956621289253 object_loss=0.0230307877064 distance_loss=0.933590471745
Iteration 61 of 100: loss=0.955305397511 object_loss=0.0220529027283 distance_loss=0.933252513409
Iteration 62 of 100: loss=0.955596327782 object_loss=0.0221254285425 distance_loss=0.933470904827
Iteration 63 of 100: loss=0.954338252544 object_loss=0.020800575614 distance_loss=0.933537662029
Iteration 64 of 100: loss=0.955479085445 object_loss=0.022003158927 distance_loss=0.933475911617
Iteration 65 of 100: loss=0.955450832844 object_loss=0.0219611581415 distance_loss=0.93348968029
Iteration 66 of 100: loss=0.958890497684 object_loss=0.0253037530929 distance_loss=0.933586716652
Iteration 67 of 100: loss=0.96492087841 object_loss=0.0312330983579 distance_loss=0.933687806129
Iteration 68 of 100: loss=0.96081417799 object_loss=0.0273105446249 distance_loss=0.933503627777
Iteration 69 of 100: loss=0.953460872173 object_loss=0.0198336169124 distance_loss=0.93362724781
Iteration 70 of 100: loss=0.95828795433 object_loss=0.0245872661471 distance_loss=0.933700680733
Iteration 71 of 100: loss=0.95538520813 object_loss=0.0216444991529 distance_loss=0.933740735054
Iteration 72 of 100: loss=0.948890686035 object_loss=0.0155644817278 distance_loss=0.93332618475
Iteration 73 of 100: loss=0.954318225384 object_loss=0.0208518449217 distance_loss=0.933466374874
Iteration 74 of 100: loss=0.955931127071 object_loss=0.0225218944252 distance_loss=0.93340921402
Iteration 75 of 100: loss=0.957964241505 object_loss=0.0246306024492 distance_loss=0.93333363533
Iteration 76 of 100: loss=0.964426517487 object_loss=0.0311093181372 distance_loss=0.933317184448
Iteration 77 of 100: loss=0.968087315559 object_loss=0.034795217216 distance_loss=0.933292090893
Iteration 78 of 100: loss=0.968869268894 object_loss=0.0357074029744 distance_loss=0.933161854744
Iteration 79 of 100: loss=0.970955967903 object_loss=0.0380092337728 distance_loss=0.932946741581
Iteration 80 of 100: loss=0.968256115913 object_loss=0.0352307446301 distance_loss=0.933025360107
Iteration 81 of 100: loss=0.968184053898 object_loss=0.0353788398206 distance_loss=0.932805240154
Iteration 82 of 100: loss=0.96752178669 object_loss=0.0348759591579 distance_loss=0.932645797729
Iteration 83 of 100: loss=0.968254446983 object_loss=0.0355645380914 distance_loss=0.932689905167
Iteration 84 of 100: loss=0.960133075714 object_loss=0.0275292694569 distance_loss=0.932603776455
Iteration 85 of 100: loss=0.969362616539 object_loss=0.0368187129498 distance_loss=0.932543873787
Iteration 86 of 100: loss=0.973606288433 object_loss=0.0411035902798 distance_loss=0.932502686977
Iteration 87 of 100: loss=0.964529871941 object_loss=0.0321608707309 distance_loss=0.932368993759
Iteration 88 of 100: loss=0.964685499668 object_loss=0.0325629003346 distance_loss=0.932122588158
Iteration 89 of 100: loss=0.964336156845 object_loss=0.0323060527444 distance_loss=0.932030081749
Iteration 90 of 100: loss=0.96408945322 object_loss=0.0320320278406 distance_loss=0.932057440281
Iteration 91 of 100: loss=0.959685027599 object_loss=0.027703339234 distance_loss=0.931981682777
Iteration 92 of 100: loss=0.961989104748 object_loss=0.0303150545806 distance_loss=0.931674063206
Iteration 93 of 100: loss=0.960594534874 object_loss=0.0289546716958 distance_loss=0.93163985014
Iteration 94 of 100: loss=0.956355392933 object_loss=0.0247743073851 distance_loss=0.93158107996
Iteration 95 of 100: loss=0.959384918213 object_loss=0.0278694145381 distance_loss=0.931515514851
Iteration 96 of 100: loss=0.95966309309 object_loss=0.0285964012146 distance_loss=0.931066691875
Iteration 97 of 100: loss=0.959253549576 object_loss=0.0284426659346 distance_loss=0.93081086874
Iteration 98 of 100: loss=0.952543437481 object_loss=0.0218313280493 distance_loss=0.930712103844
Iteration 99 of 100: loss=0.954558610916 object_loss=0.02400466986 distance_loss=0.930553913116
Iteration 0 of 100: loss=0.961176276207 object_loss=0.0307565443218 distance_loss=0.930419743061
Iteration 1 of 100: loss=0.954087674618 object_loss=0.0237353593111 distance_loss=0.930352330208
Iteration 2 of 100: loss=0.952569723129 object_loss=0.0223617646843 distance_loss=0.930207967758
Iteration 3 of 100: loss=0.949673891068 object_loss=0.0195360407233 distance_loss=0.930137872696
Iteration 4 of 100: loss=0.960637271404 object_loss=0.0303675178438 distance_loss=0.930269777775
Iteration 5 of 100: loss=0.953962504864 object_loss=0.0237920414656 distance_loss=0.930170476437
Iteration 6 of 100: loss=0.956297934055 object_loss=0.0260978359729 distance_loss=0.930200099945
Iteration 7 of 100: loss=0.9531031847 object_loss=0.0228390395641 distance_loss=0.930264115334
Iteration 8 of 100: loss=0.951389729977 object_loss=0.021522488445 distance_loss=0.929867267609
Iteration 9 of 100: loss=0.959057629108 object_loss=0.0290809627622 distance_loss=0.929976642132
Iteration 10 of 100: loss=0.958258330822 object_loss=0.0282913371921 distance_loss=0.929966986179
Iteration 11 of 100: loss=0.953775882721 object_loss=0.0238719377667 distance_loss=0.929903924465
Iteration 12 of 100: loss=0.962572157383 object_loss=0.0328403003514 distance_loss=0.929731845856
Iteration 13 of 100: loss=0.970735430717 object_loss=0.0410923175514 distance_loss=0.92964309454
Iteration 14 of 100: loss=0.951368451118 object_loss=0.0219099782407 distance_loss=0.929458498955
Iteration 15 of 100: loss=0.949541568756 object_loss=0.0203056000173 distance_loss=0.929235994816
Iteration 16 of 100: loss=0.949294745922 object_loss=0.0202412381768 distance_loss=0.929053485394
Iteration 17 of 100: loss=0.951413393021 object_loss=0.022731827572 distance_loss=0.92868155241
Iteration 18 of 100: loss=0.957564234734 object_loss=0.0288735274225 distance_loss=0.928690731525
Iteration 19 of 100: loss=0.949887692928 object_loss=0.0212241951376 distance_loss=0.928663492203
Iteration 20 of 100: loss=0.951162874699 object_loss=0.0229307152331 distance_loss=0.928232133389
Iteration 21 of 100: loss=0.946073293686 object_loss=0.0180191937834 distance_loss=0.928054094315
Iteration 22 of 100: loss=0.945003151894 object_loss=0.0169404186308 distance_loss=0.928062736988
Iteration 23 of 100: loss=0.949875593185 object_loss=0.0218199566007 distance_loss=0.928055644035
Iteration 24 of 100: loss=0.94600892067 object_loss=0.0180413071066 distance_loss=0.927967607975
Iteration 25 of 100: loss=0.951156914234 object_loss=0.0231643728912 distance_loss=0.927992522717
Iteration 26 of 100: loss=0.947663486004 object_loss=0.0197487715632 distance_loss=0.927914738655
Iteration 27 of 100: loss=0.9550537467 object_loss=0.0271466709673 distance_loss=0.927907049656
Iteration 28 of 100: loss=0.96630012989 object_loss=0.0385777465999 distance_loss=0.927722394466
Iteration 29 of 100: loss=0.98276668787 object_loss=0.0550001040101 distance_loss=0.927766561508
Iteration 30 of 100: loss=0.97666156292 object_loss=0.0486191660166 distance_loss=0.928042411804
Iteration 31 of 100: loss=0.990494728088 object_loss=0.0623890608549 distance_loss=0.928105652332
Iteration 32 of 100: loss=0.971047759056 object_loss=0.0433790460229 distance_loss=0.927668690681
Iteration 33 of 100: loss=0.976983368397 object_loss=0.0492048338056 distance_loss=0.927778542042
Iteration 34 of 100: loss=0.960367500782 object_loss=0.0324350744486 distance_loss=0.927932441235
Iteration 35 of 100: loss=0.979962050915 object_loss=0.052084390074 distance_loss=0.927877664566
Iteration 36 of 100: loss=0.984404563904 object_loss=0.0565868914127 distance_loss=0.927817702293
Iteration 37 of 100: loss=0.991276264191 object_loss=0.0636467635632 distance_loss=0.927629470825
Iteration 38 of 100: loss=0.97869515419 object_loss=0.051341637969 distance_loss=0.92735350132
Iteration 39 of 100: loss=0.981308281422 object_loss=0.0540545918047 distance_loss=0.92725366354
Iteration 40 of 100: loss=0.962188124657 object_loss=0.0349604226649 distance_loss=0.927227675915
Iteration 41 of 100: loss=0.982231676579 object_loss=0.0552574172616 distance_loss=0.926974236965
Iteration 42 of 100: loss=0.975886523724 object_loss=0.0489748157561 distance_loss=0.926911711693
Iteration 43 of 100: loss=0.985897898674 object_loss=0.0589274056256 distance_loss=0.926970481873
Iteration 44 of 100: loss=0.994107365608 object_loss=0.0672423988581 distance_loss=0.926864981651
Iteration 45 of 100: loss=0.973044157028 object_loss=0.0463167391717 distance_loss=0.926727414131
Iteration 46 of 100: loss=0.968108475208 object_loss=0.0414745658636 distance_loss=0.926633894444
Iteration 47 of 100: loss=0.976769506931 object_loss=0.0504067577422 distance_loss=0.926362752914
Iteration 48 of 100: loss=0.981297850609 object_loss=0.0551544502378 distance_loss=0.926143407822
Iteration 49 of 100: loss=1.00133371353 object_loss=0.0752177014947 distance_loss=0.926115989685
Iteration 50 of 100: loss=1.00559198856 object_loss=0.079523935914 distance_loss=0.926068067551
Iteration 51 of 100: loss=1.01250088215 object_loss=0.0866767317057 distance_loss=0.92582410574
Iteration 52 of 100: loss=1.0085504055 object_loss=0.0832398310304 distance_loss=0.925310611725
Iteration 53 of 100: loss=0.981443881989 object_loss=0.0559545010328 distance_loss=0.925489366055
Iteration 54 of 100: loss=0.966160297394 object_loss=0.0407542213798 distance_loss=0.925406098366
Iteration 55 of 100: loss=0.976362764835 object_loss=0.0510395392776 distance_loss=0.92532324791
Iteration 56 of 100: loss=1.00172030926 object_loss=0.0766341090202 distance_loss=0.925086200237
Iteration 57 of 100: loss=0.989535808563 object_loss=0.0644530951977 distance_loss=0.925082683563
Iteration 58 of 100: loss=1.00423109531 object_loss=0.0792053118348 distance_loss=0.925025761127
Iteration 59 of 100: loss=0.951181173325 object_loss=0.0260275527835 distance_loss=0.925153613091
Iteration 60 of 100: loss=0.961181104183 object_loss=0.0358811467886 distance_loss=0.925299942493
Iteration 61 of 100: loss=0.966972589493 object_loss=0.0414446890354 distance_loss=0.925527870655
Iteration 62 of 100: loss=0.963630020618 object_loss=0.0379689410329 distance_loss=0.925661087036
Iteration 63 of 100: loss=0.976580858231 object_loss=0.050769906491 distance_loss=0.925810933113
Iteration 64 of 100: loss=0.981090724468 object_loss=0.0551205947995 distance_loss=0.925970137119
Iteration 65 of 100: loss=0.969474375248 object_loss=0.0432458072901 distance_loss=0.926228582859
Iteration 66 of 100: loss=0.9986140728 object_loss=0.0722274035215 distance_loss=0.926386654377
Iteration 67 of 100: loss=1.0149179697 object_loss=0.0883777216077 distance_loss=0.926540195942
Iteration 68 of 100: loss=1.01631498337 object_loss=0.0899632573128 distance_loss=0.926351666451
Iteration 69 of 100: loss=0.993073105812 object_loss=0.0668863803148 distance_loss=0.926186740398
Iteration 70 of 100: loss=1.06401860714 object_loss=0.137645810843 distance_loss=0.926372766495
Iteration 71 of 100: loss=1.06826233864 object_loss=0.14174720645 distance_loss=0.926515161991
Iteration 72 of 100: loss=0.997273504734 object_loss=0.0711284652352 distance_loss=0.926145017147
Iteration 73 of 100: loss=0.965527355671 object_loss=0.039527527988 distance_loss=0.925999820232
Iteration 74 of 100: loss=1.01157462597 object_loss=0.0856512114406 distance_loss=0.925923466682
Iteration 75 of 100: loss=1.06399488449 object_loss=0.138271868229 distance_loss=0.925722956657
Iteration 76 of 100: loss=1.02123951912 object_loss=0.0956537052989 distance_loss=0.92558580637
Iteration 77 of 100: loss=1.03678846359 object_loss=0.111470155418 distance_loss=0.925318300724
Iteration 78 of 100: loss=1.12740457058 object_loss=0.202206403017 distance_loss=0.92519813776
Iteration 79 of 100: loss=0.990184307098 object_loss=0.0646802708507 distance_loss=0.925504028797
Iteration 80 of 100: loss=1.0083514452 object_loss=0.0831491053104 distance_loss=0.925202310085
Iteration 81 of 100: loss=0.969164967537 object_loss=0.0442278683186 distance_loss=0.924937069416
Iteration 82 of 100: loss=0.964594125748 object_loss=0.0397380851209 distance_loss=0.924856066704
Iteration 83 of 100: loss=1.00464713573 object_loss=0.0800050422549 distance_loss=0.924642086029
Iteration 84 of 100: loss=1.01689040661 object_loss=0.0922977104783 distance_loss=0.924592733383
Iteration 85 of 100: loss=0.987919211388 object_loss=0.06332565099 distance_loss=0.924593567848
Iteration 86 of 100: loss=1.01879048347 object_loss=0.094407223165 distance_loss=0.924383282661
Iteration 87 of 100: loss=0.97712033987 object_loss=0.0529146194458 distance_loss=0.924205720425
Iteration 88 of 100: loss=1.03468132019 object_loss=0.110559120774 distance_loss=0.924122154713
Iteration 89 of 100: loss=1.03270900249 object_loss=0.108577392995 distance_loss=0.924131572247
Iteration 90 of 100: loss=0.973844647408 object_loss=0.04962740466 distance_loss=0.924217224121
Iteration 91 of 100: loss=0.988001585007 object_loss=0.0634790509939 distance_loss=0.924522519112
Iteration 92 of 100: loss=1.17187416553 object_loss=0.247744873166 distance_loss=0.92412930727
Iteration 93 of 100: loss=1.06544339657 object_loss=0.14107619226 distance_loss=0.924367189407
Iteration 94 of 100: loss=1.05513846874 object_loss=0.130663409829 distance_loss=0.924475073814
Iteration 95 of 100: loss=1.09655225277 object_loss=0.17207621038 distance_loss=0.924476087093
Iteration 96 of 100: loss=1.15977215767 object_loss=0.235224023461 distance_loss=0.924548089504
Iteration 97 of 100: loss=1.0699082613 object_loss=0.145058393478 distance_loss=0.924849867821
Iteration 98 of 100: loss=1.04045951366 object_loss=0.115481778979 distance_loss=0.924977779388
Iteration 99 of 100: loss=1.4612095356 object_loss=0.536031067371 distance_loss=0.925178468227
Iteration 0 of 100: loss=1.9886636734 object_loss=1.06364989281 distance_loss=0.925013720989
Iteration 1 of 100: loss=1.46262872219 object_loss=0.537709832191 distance_loss=0.924918889999
Iteration 2 of 100: loss=1.88247978687 object_loss=0.957389116287 distance_loss=0.925090670586
Iteration 3 of 100: loss=1.57248151302 object_loss=0.647493183613 distance_loss=0.924988329411
Iteration 4 of 100: loss=1.57615685463 object_loss=0.65132266283 distance_loss=0.924834191799
Iteration 5 of 100: loss=2.07465267181 object_loss=1.14994382858 distance_loss=0.924708724022
Iteration 6 of 100: loss=1.91572368145 object_loss=0.99049526453 distance_loss=0.92522841692
Iteration 7 of 100: loss=1.80058574677 object_loss=0.874779582024 distance_loss=0.925806105137
Iteration 8 of 100: loss=1.07503032684 object_loss=0.148520708084 distance_loss=0.926509618759
Iteration 9 of 100: loss=1.20141327381 object_loss=0.273988693953 distance_loss=0.927424550056
Iteration 10 of 100: loss=1.35734295845 object_loss=0.429202020168 distance_loss=0.928140878677
Iteration 11 of 100: loss=1.59822392464 object_loss=0.669250845909 distance_loss=0.928973078728
Iteration 12 of 100: loss=1.72631585598 object_loss=0.796912312508 distance_loss=0.929403543472
Iteration 13 of 100: loss=2.1778254509 object_loss=1.2475965023 distance_loss=0.930228888988
Iteration 14 of 100: loss=1.8226211071 object_loss=0.891969203949 distance_loss=0.930651843548
Iteration 15 of 100: loss=2.36629414558 object_loss=1.43476974964 distance_loss=0.931524336338
Iteration 16 of 100: loss=2.73073482513 object_loss=1.79847455025 distance_loss=0.932260394096
Iteration 17 of 100: loss=1.65942215919 object_loss=0.726154625416 distance_loss=0.933267474174
Iteration 18 of 100: loss=2.88970780373 object_loss=1.9556312561 distance_loss=0.934076488018
Iteration 19 of 100: loss=1.46013271809 object_loss=0.525738596916 distance_loss=0.93439412117
Iteration 20 of 100: loss=1.63002645969 object_loss=0.695239424706 distance_loss=0.934787034988
Iteration 21 of 100: loss=1.47521102428 object_loss=0.54042339325 distance_loss=0.934787631035
Iteration 22 of 100: loss=2.18577599525 object_loss=1.25119745731 distance_loss=0.934578478336
Iteration 23 of 100: loss=1.98885118961 object_loss=1.05436754227 distance_loss=0.934483647346
Iteration 24 of 100: loss=1.69263505936 object_loss=0.758115589619 distance_loss=0.934519410133
Iteration 25 of 100: loss=1.53465473652 object_loss=0.600036382675 distance_loss=0.934618353844
Iteration 26 of 100: loss=2.1158850193 object_loss=1.18094313145 distance_loss=0.934941887856
Iteration 27 of 100: loss=1.63753437996 object_loss=0.701703727245 distance_loss=0.935830593109
Iteration 28 of 100: loss=2.20177197456 object_loss=1.2652670145 distance_loss=0.93650496006
Iteration 29 of 100: loss=1.89405739307 object_loss=0.956737816334 distance_loss=0.93731957674
Iteration 30 of 100: loss=1.65853309631 object_loss=0.720349192619 distance_loss=0.93818384409
Iteration 31 of 100: loss=3.18492054939 object_loss=2.24639153481 distance_loss=0.938528954983
Iteration 32 of 100: loss=4.49824619293 object_loss=3.55977773666 distance_loss=0.938468337059
Iteration 33 of 100: loss=5.70322370529 object_loss=4.76416873932 distance_loss=0.939055025578
Iteration 34 of 100: loss=5.99837207794 object_loss=5.05798816681 distance_loss=0.940383851528
Iteration 35 of 100: loss=5.08611249924 object_loss=4.14467000961 distance_loss=0.941442370415
Iteration 36 of 100: loss=3.04193258286 object_loss=2.0998570919 distance_loss=0.942075490952
Iteration 37 of 100: loss=2.49545836449 object_loss=1.55285739899 distance_loss=0.942600905895
Iteration 38 of 100: loss=1.80531060696 object_loss=0.862100481987 distance_loss=0.943210124969
Iteration 39 of 100: loss=1.70259618759 object_loss=0.758939623833 distance_loss=0.943656623363
Iteration 40 of 100: loss=1.5449450016 object_loss=0.600986719131 distance_loss=0.943958342075
Iteration 41 of 100: loss=2.38906693459 object_loss=1.44492995739 distance_loss=0.944136977196
Iteration 42 of 100: loss=2.70968294144 object_loss=1.76548576355 distance_loss=0.944197237492
Iteration 43 of 100: loss=2.81182694435 object_loss=1.86739945412 distance_loss=0.944427490234
Iteration 44 of 100: loss=4.52641868591 object_loss=3.58141756058 distance_loss=0.945001244545
Iteration 45 of 100: loss=1.6714605093 object_loss=0.725678563118 distance_loss=0.945781946182
Iteration 46 of 100: loss=1.39048624039 object_loss=0.444063931704 distance_loss=0.946422338486
Iteration 47 of 100: loss=1.09866249561 object_loss=0.151428297162 distance_loss=0.947234153748
Iteration 48 of 100: loss=1.2136259079 object_loss=0.265815854073 distance_loss=0.94781011343
Iteration 49 of 100: loss=1.1844804287 object_loss=0.236048027873 distance_loss=0.948432385921
Iteration 50 of 100: loss=1.23444592953 object_loss=0.285111993551 distance_loss=0.949333965778
Iteration 51 of 100: loss=1.09235262871 object_loss=0.142027258873 distance_loss=0.95032542944
Iteration 52 of 100: loss=1.29899406433 object_loss=0.348192662001 distance_loss=0.950801432133
Iteration 53 of 100: loss=1.22342419624 object_loss=0.27168995142 distance_loss=0.951734185219
Iteration 54 of 100: loss=1.24990725517 object_loss=0.297350376844 distance_loss=0.952556848526
Iteration 55 of 100: loss=1.2540075779 object_loss=0.300855755806 distance_loss=0.953151762486
Iteration 56 of 100: loss=1.10082781315 object_loss=0.147021397948 distance_loss=0.953806400299
Iteration 57 of 100: loss=1.12767505646 object_loss=0.173363208771 distance_loss=0.954311788082
Iteration 58 of 100: loss=1.15784049034 object_loss=0.203053846955 distance_loss=0.954786658287
Iteration 59 of 100: loss=1.1645886898 object_loss=0.209369882941 distance_loss=0.955218791962
Iteration 60 of 100: loss=1.13129818439 object_loss=0.175524041057 distance_loss=0.955774128437
Iteration 61 of 100: loss=1.08265781403 object_loss=0.126717209816 distance_loss=0.95594060421
Iteration 62 of 100: loss=1.25024306774 object_loss=0.293890178204 distance_loss=0.956352889538
Iteration 63 of 100: loss=2.04269838333 object_loss=1.08572220802 distance_loss=0.956976115704
Iteration 64 of 100: loss=2.6768116951 object_loss=1.71942806244 distance_loss=0.957383751869
Iteration 65 of 100: loss=5.24624633789 object_loss=4.28836154938 distance_loss=0.957884550095
Iteration 66 of 100: loss=3.83168268204 object_loss=2.87312793732 distance_loss=0.95855486393
Iteration 67 of 100: loss=4.88028812408 object_loss=3.92121624947 distance_loss=0.959072053432
Iteration 68 of 100: loss=14.2869949341 object_loss=13.3278999329 distance_loss=0.959094583988
Iteration 69 of 100: loss=10.5126037598 object_loss=9.55279159546 distance_loss=0.959811866283
Iteration 70 of 100: loss=13.2975025177 object_loss=12.3378944397 distance_loss=0.959608316422
Iteration 71 of 100: loss=4.38703250885 object_loss=3.42779707909 distance_loss=0.959235429764
Iteration 72 of 100: loss=8.62162780762 object_loss=7.6632642746 distance_loss=0.958363294601
Iteration 73 of 100: loss=4.31503582001 object_loss=3.35619807243 distance_loss=0.958837807178
Iteration 74 of 100: loss=1.57106995583 object_loss=0.611506342888 distance_loss=0.959563553333
Iteration 75 of 100: loss=3.62468600273 object_loss=2.66444468498 distance_loss=0.960241258144
Iteration 76 of 100: loss=2.8520450592 object_loss=1.89190149307 distance_loss=0.960143446922
Iteration 77 of 100: loss=6.68159627914 object_loss=5.72029685974 distance_loss=0.961299359798
Iteration 78 of 100: loss=2.30496835709 object_loss=1.34282588959 distance_loss=0.962142586708
Iteration 79 of 100: loss=3.35767364502 object_loss=2.39466953278 distance_loss=0.963004231453
Iteration 80 of 100: loss=6.18996286392 object_loss=5.22618579865 distance_loss=0.963776886463
Iteration 81 of 100: loss=3.66484260559 object_loss=2.7001106739 distance_loss=0.964731931686
Iteration 82 of 100: loss=1.45366978645 object_loss=0.487886965275 distance_loss=0.965782880783
Iteration 83 of 100: loss=1.45847249031 object_loss=0.491771817207 distance_loss=0.966700613499
Iteration 84 of 100: loss=2.79852294922 object_loss=1.83083891869 distance_loss=0.967684149742
Iteration 85 of 100: loss=1.72771751881 object_loss=0.758691370487 distance_loss=0.969026148319
Iteration 86 of 100: loss=1.70823192596 object_loss=0.737573862076 distance_loss=0.970658004284
Iteration 87 of 100: loss=1.46601819992 object_loss=0.493967294693 distance_loss=0.972050964832
Iteration 88 of 100: loss=1.81217265129 object_loss=0.839131772518 distance_loss=0.973040878773
Iteration 89 of 100: loss=1.63784706593 object_loss=0.663495779037 distance_loss=0.974351286888
Iteration 90 of 100: loss=1.81960892677 object_loss=0.843996167183 distance_loss=0.97561275959
Iteration 91 of 100: loss=2.23931407928 object_loss=1.26298713684 distance_loss=0.976326823235
Iteration 92 of 100: loss=6.76887130737 object_loss=5.79183959961 distance_loss=0.977031946182
Iteration 93 of 100: loss=4.380838871 object_loss=3.40265893936 distance_loss=0.978179812431
Iteration 94 of 100: loss=5.75174093246 object_loss=4.77304172516 distance_loss=0.978699326515
Iteration 95 of 100: loss=2.94111132622 object_loss=1.96212935448 distance_loss=0.978982031345
Iteration 96 of 100: loss=1.56987953186 object_loss=0.590643703938 distance_loss=0.979235827923
Iteration 97 of 100: loss=1.28996264935 object_loss=0.310235440731 distance_loss=0.979727208614
Iteration 98 of 100: loss=1.77330684662 object_loss=0.793159306049 distance_loss=0.980147480965
Iteration 99 of 100: loss=2.09381961823 object_loss=1.11334872246 distance_loss=0.980470776558
Iteration 0 of 100: loss=3.17887043953 object_loss=2.19784975052 distance_loss=0.981020748615
Iteration 1 of 100: loss=2.55395555496 object_loss=1.5729598999 distance_loss=0.98099565506
Iteration 2 of 100: loss=3.40354537964 object_loss=2.42197990417 distance_loss=0.981565356255
Iteration 3 of 100: loss=1.42882490158 object_loss=0.446421086788 distance_loss=0.982403755188
Iteration 4 of 100: loss=3.65270924568 object_loss=2.66956162453 distance_loss=0.98314756155
Iteration 5 of 100: loss=5.40791320801 object_loss=4.42391777039 distance_loss=0.983995318413
Iteration 6 of 100: loss=5.48331975937 object_loss=4.4979724884 distance_loss=0.985347092152
Iteration 7 of 100: loss=2.81747865677 object_loss=1.83123779297 distance_loss=0.986240744591
Iteration 8 of 100: loss=4.709856987 object_loss=3.72299647331 distance_loss=0.986860454082
Iteration 9 of 100: loss=7.78377151489 object_loss=6.79580307007 distance_loss=0.98796826601
Iteration 10 of 100: loss=2.49359989166 object_loss=1.50453615189 distance_loss=0.989063680172
Iteration 11 of 100: loss=3.50798368454 object_loss=2.51802062988 distance_loss=0.989962935448
Iteration 12 of 100: loss=2.29938626289 object_loss=1.30883610249 distance_loss=0.990550160408
Iteration 13 of 100: loss=3.0663254261 object_loss=2.07425403595 distance_loss=0.992071330547
Iteration 14 of 100: loss=3.54443979263 object_loss=2.55072188377 distance_loss=0.993717908859
Iteration 15 of 100: loss=2.6348862648 object_loss=1.64003789425 distance_loss=0.994848489761
Iteration 16 of 100: loss=6.33597946167 object_loss=5.34062576294 distance_loss=0.995353758335
Iteration 17 of 100: loss=3.14280462265 object_loss=2.14673781395 distance_loss=0.996066689491
Iteration 18 of 100: loss=1.9882529974 object_loss=0.991564035416 distance_loss=0.996688961983
Iteration 19 of 100: loss=2.13103961945 object_loss=1.13344597816 distance_loss=0.997593581676
Iteration 20 of 100: loss=3.12811946869 object_loss=2.12983393669 distance_loss=0.998285531998
Iteration 21 of 100: loss=2.12141084671 object_loss=1.12267911434 distance_loss=0.998731851578
Iteration 22 of 100: loss=2.9974899292 object_loss=1.99781596661 distance_loss=0.999673902988
Iteration 23 of 100: loss=1.52306032181 object_loss=0.521737873554 distance_loss=1.00132250786
Iteration 24 of 100: loss=5.01807022095 object_loss=4.01571941376 distance_loss=1.00235104561
Iteration 25 of 100: loss=2.72609448433 object_loss=1.72298955917 distance_loss=1.00310492516
Iteration 26 of 100: loss=2.62483501434 object_loss=1.62090814114 distance_loss=1.00392687321
Iteration 27 of 100: loss=1.97457671165 object_loss=0.970298647881 distance_loss=1.00427806377
Iteration 28 of 100: loss=2.36165046692 object_loss=1.35697078705 distance_loss=1.00467956066
Iteration 29 of 100: loss=1.53027164936 object_loss=0.525120377541 distance_loss=1.00515127182
Iteration 30 of 100: loss=2.19003343582 object_loss=1.18438541889 distance_loss=1.00564801693
Iteration 31 of 100: loss=2.13907837868 object_loss=1.1330370903 distance_loss=1.00604128838
Iteration 32 of 100: loss=1.87723588943 object_loss=0.870723962784 distance_loss=1.00651192665
Iteration 33 of 100: loss=2.41550779343 object_loss=1.4083083868 distance_loss=1.00719940662
Iteration 34 of 100: loss=2.51149559021 object_loss=1.50331521034 distance_loss=1.00818037987
Iteration 35 of 100: loss=3.69280862808 object_loss=2.68371033669 distance_loss=1.00909817219
Iteration 36 of 100: loss=2.56100106239 object_loss=1.55112314224 distance_loss=1.00987792015
Iteration 37 of 100: loss=2.21424388885 object_loss=1.20346236229 distance_loss=1.01078152657
Iteration 38 of 100: loss=1.80870819092 object_loss=0.797074437141 distance_loss=1.01163375378
Iteration 39 of 100: loss=3.56745862961 object_loss=2.5552406311 distance_loss=1.0122178793
Iteration 40 of 100: loss=3.50844764709 object_loss=2.49562573433 distance_loss=1.01282179356
Iteration 41 of 100: loss=3.30455780029 object_loss=2.29134821892 distance_loss=1.01320946217
Iteration 42 of 100: loss=2.84116101265 object_loss=1.82727050781 distance_loss=1.01389050484
Iteration 43 of 100: loss=2.47466850281 object_loss=1.4602804184 distance_loss=1.01438808441
Iteration 44 of 100: loss=3.84207677841 object_loss=2.82696032524 distance_loss=1.01511657238
Iteration 45 of 100: loss=5.40638875961 object_loss=4.39069604874 distance_loss=1.01569283009
Iteration 46 of 100: loss=2.34419989586 object_loss=1.32846546173 distance_loss=1.01573443413
Iteration 47 of 100: loss=4.05800962448 object_loss=3.0422744751 distance_loss=1.01573514938
Iteration 48 of 100: loss=4.38037157059 object_loss=3.36504411697 distance_loss=1.01532757282
Iteration 49 of 100: loss=2.09684205055 object_loss=1.08145272732 distance_loss=1.01538932323
Iteration 50 of 100: loss=2.3850376606 object_loss=1.36953413486 distance_loss=1.01550352573
Iteration 51 of 100: loss=2.32763957977 object_loss=1.31226980686 distance_loss=1.01536989212
Iteration 52 of 100: loss=3.30932188034 object_loss=2.29417276382 distance_loss=1.01514899731
Iteration 53 of 100: loss=3.6960272789 object_loss=2.68052911758 distance_loss=1.01549816132
Iteration 54 of 100: loss=3.05812549591 object_loss=2.04226016998 distance_loss=1.01586520672
Iteration 55 of 100: loss=2.80588102341 object_loss=1.78954493999 distance_loss=1.01633608341
Iteration 56 of 100: loss=1.97246527672 object_loss=0.95583564043 distance_loss=1.01662957668
Iteration 57 of 100: loss=2.28820776939 object_loss=1.27111518383 distance_loss=1.01709258556
Iteration 58 of 100: loss=2.59112119675 object_loss=1.57339000702 distance_loss=1.01773107052
Iteration 59 of 100: loss=1.86599647999 object_loss=0.847878575325 distance_loss=1.01811790466
Iteration 60 of 100: loss=2.78625679016 object_loss=1.76802897453 distance_loss=1.01822781563
Iteration 61 of 100: loss=3.13374567032 object_loss=2.11504292488 distance_loss=1.01870262623
Iteration 62 of 100: loss=3.04944705963 object_loss=2.03030204773 distance_loss=1.0191450119
Iteration 63 of 100: loss=3.96349525452 object_loss=2.94381785393 distance_loss=1.01967728138
Iteration 64 of 100: loss=3.71850442886 object_loss=2.69793963432 distance_loss=1.02056467533
Iteration 65 of 100: loss=4.74140739441 object_loss=3.7203104496 distance_loss=1.02109706402
Iteration 66 of 100: loss=2.41070222855 object_loss=1.38907670975 distance_loss=1.02162563801
Iteration 67 of 100: loss=2.80341672897 object_loss=1.78119587898 distance_loss=1.02222073078
Iteration 68 of 100: loss=2.25185012817 object_loss=1.22893118858 distance_loss=1.02291893959
Iteration 69 of 100: loss=3.18227386475 object_loss=2.15881061554 distance_loss=1.02346336842
Iteration 70 of 100: loss=2.92393398285 object_loss=1.89967238903 distance_loss=1.02426159382
Iteration 71 of 100: loss=2.64979124069 object_loss=1.6246432066 distance_loss=1.02514815331
Iteration 72 of 100: loss=4.140645504 object_loss=3.1148712635 distance_loss=1.0257743597
Iteration 73 of 100: loss=2.17925453186 object_loss=1.15151643753 distance_loss=1.02773797512
Iteration 74 of 100: loss=3.19890737534 object_loss=2.16983556747 distance_loss=1.02907168865
Iteration 75 of 100: loss=3.15582895279 object_loss=2.12530589104 distance_loss=1.03052318096
Iteration 76 of 100: loss=2.65327692032 object_loss=1.62128329277 distance_loss=1.03199374676
Iteration 77 of 100: loss=2.22484230995 object_loss=1.19182360172 distance_loss=1.03301870823
Iteration 78 of 100: loss=1.82458472252 object_loss=0.791111171246 distance_loss=1.03347361088
Iteration 79 of 100: loss=2.21167135239 object_loss=1.17760109901 distance_loss=1.03407037258
Iteration 80 of 100: loss=1.64834868908 object_loss=0.613324642181 distance_loss=1.0350240469
Iteration 81 of 100: loss=1.41678190231 object_loss=0.380899488926 distance_loss=1.03588247299
Iteration 82 of 100: loss=1.46015918255 object_loss=0.423375606537 distance_loss=1.03678357601
Iteration 83 of 100: loss=1.92017221451 object_loss=0.882444798946 distance_loss=1.03772747517
Iteration 84 of 100: loss=1.56845343113 object_loss=0.529952526093 distance_loss=1.03850090504
Iteration 85 of 100: loss=2.37083482742 object_loss=1.33146631718 distance_loss=1.03936862946
Iteration 86 of 100: loss=2.40657711029 object_loss=1.36657881737 distance_loss=1.03999817371
Iteration 87 of 100: loss=1.85290193558 object_loss=0.81286418438 distance_loss=1.0400377512
Iteration 88 of 100: loss=3.19833183289 object_loss=2.15807580948 distance_loss=1.04025602341
Iteration 89 of 100: loss=2.36601829529 object_loss=1.32542705536 distance_loss=1.04059135914
Iteration 90 of 100: loss=2.50450515747 object_loss=1.4634373188 distance_loss=1.04106795788
Iteration 91 of 100: loss=1.94763433933 object_loss=0.906214952469 distance_loss=1.04141938686
Iteration 92 of 100: loss=1.65696012974 object_loss=0.615124702454 distance_loss=1.04183542728
Iteration 93 of 100: loss=2.45998072624 object_loss=1.41762626171 distance_loss=1.04235446453
Iteration 94 of 100: loss=2.78148841858 object_loss=1.73872864246 distance_loss=1.04275965691
Iteration 95 of 100: loss=2.17806768417 object_loss=1.13459980488 distance_loss=1.0434678793
Iteration 96 of 100: loss=3.11767721176 object_loss=2.07407569885 distance_loss=1.0436013937
Iteration 97 of 100: loss=3.2145011425 object_loss=2.17051100731 distance_loss=1.04399013519
Iteration 98 of 100: loss=3.07031989098 object_loss=2.02610564232 distance_loss=1.04421424866
Iteration 99 of 100: loss=3.05160903931 object_loss=2.00700163841 distance_loss=1.04460728168
Iteration 0 of 100: loss=3.32807183266 object_loss=2.28337097168 distance_loss=1.04470086098
Iteration 1 of 100: loss=4.23385047913 object_loss=3.1893415451 distance_loss=1.04450893402
Iteration 2 of 100: loss=2.97740745544 object_loss=1.93331086636 distance_loss=1.04409658909
Iteration 3 of 100: loss=2.7138261795 object_loss=1.67022490501 distance_loss=1.04360115528
Iteration 4 of 100: loss=2.21273756027 object_loss=1.16952252388 distance_loss=1.0432151556
Iteration 5 of 100: loss=2.49050331116 object_loss=1.4470230341 distance_loss=1.04348039627
Iteration 6 of 100: loss=3.54136490822 object_loss=2.49776911736 distance_loss=1.04359579086
Iteration 7 of 100: loss=4.862803936 object_loss=3.81904649734 distance_loss=1.04375755787
Iteration 8 of 100: loss=2.51973080635 object_loss=1.47637438774 distance_loss=1.04335641861
Iteration 9 of 100: loss=2.96532011032 object_loss=1.92184960842 distance_loss=1.04347038269
Iteration 10 of 100: loss=2.61862134933 object_loss=1.57516860962 distance_loss=1.04345262051
Iteration 11 of 100: loss=2.70412373543 object_loss=1.66097331047 distance_loss=1.04315042496
Iteration 12 of 100: loss=2.76792573929 object_loss=1.72477316856 distance_loss=1.04315245152
Iteration 13 of 100: loss=3.51999306679 object_loss=2.47622299194 distance_loss=1.04377007484
Iteration 14 of 100: loss=4.0125169754 object_loss=2.96762347221 distance_loss=1.04489326477
Iteration 15 of 100: loss=4.23464727402 object_loss=3.18880629539 distance_loss=1.04584097862
Iteration 16 of 100: loss=3.6462392807 object_loss=2.59970092773 distance_loss=1.04653835297
Iteration 17 of 100: loss=2.2566473484 object_loss=1.20953214169 distance_loss=1.04711520672
Iteration 18 of 100: loss=1.81742072105 object_loss=0.769757568836 distance_loss=1.04766309261
Iteration 19 of 100: loss=3.37400913239 object_loss=2.32571220398 distance_loss=1.04829704762
Iteration 20 of 100: loss=2.94784379005 object_loss=1.89883041382 distance_loss=1.04901337624
Iteration 21 of 100: loss=4.86515045166 object_loss=3.8155632019 distance_loss=1.04958713055
Iteration 22 of 100: loss=3.74059247971 object_loss=2.69021010399 distance_loss=1.05038225651
Iteration 23 of 100: loss=2.41283106804 object_loss=1.36150956154 distance_loss=1.0513215065
Iteration 24 of 100: loss=2.21981430054 object_loss=1.1680688858 distance_loss=1.05174553394
Iteration 25 of 100: loss=4.59526205063 object_loss=3.54302287102 distance_loss=1.05223917961
Iteration 26 of 100: loss=3.74684381485 object_loss=2.69370698929 distance_loss=1.05313694477
Iteration 27 of 100: loss=5.92608261108 object_loss=4.8718214035 distance_loss=1.05426096916
Iteration 28 of 100: loss=10.9855937958 object_loss=9.93068504333 distance_loss=1.05490911007
Iteration 29 of 100: loss=11.0509109497 object_loss=9.99483394623 distance_loss=1.0560772419
Iteration 30 of 100: loss=8.73114776611 object_loss=7.67401647568 distance_loss=1.0571308136
Iteration 31 of 100: loss=5.78393650055 object_loss=4.72566175461 distance_loss=1.05827498436
Iteration 32 of 100: loss=5.4637465477 object_loss=4.40509366989 distance_loss=1.0586527586
Iteration 33 of 100: loss=4.04224443436 object_loss=2.98251795769 distance_loss=1.05972635746
Iteration 34 of 100: loss=6.60694313049 object_loss=5.54596090317 distance_loss=1.06098210812
Iteration 35 of 100: loss=3.61635780334 object_loss=2.55460357666 distance_loss=1.06175410748
Iteration 36 of 100: loss=9.44636249542 object_loss=8.38403129578 distance_loss=1.06233096123
Iteration 37 of 100: loss=5.01709413528 object_loss=3.95495033264 distance_loss=1.06214368343
Iteration 38 of 100: loss=5.73909950256 object_loss=4.67697143555 distance_loss=1.06212794781
Iteration 39 of 100: loss=6.81387472153 object_loss=5.7513794899 distance_loss=1.06249523163
Iteration 40 of 100: loss=4.432929039 object_loss=3.36941552162 distance_loss=1.0635137558
Iteration 41 of 100: loss=5.73039865494 object_loss=4.66585254669 distance_loss=1.06454622746
Iteration 42 of 100: loss=5.37108707428 object_loss=4.30542612076 distance_loss=1.0656607151
Iteration 43 of 100: loss=5.137840271 object_loss=4.07123422623 distance_loss=1.06660580635
Iteration 44 of 100: loss=8.33244895935 object_loss=7.26547336578 distance_loss=1.06697523594
Iteration 45 of 100: loss=12.9941263199 object_loss=11.9264440536 distance_loss=1.06768226624
Iteration 46 of 100: loss=12.2903060913 object_loss=11.2214412689 distance_loss=1.06886434555
Iteration 47 of 100: loss=11.6424608231 object_loss=10.5729722977 distance_loss=1.06948876381
Iteration 48 of 100: loss=6.26108789444 object_loss=5.19081830978 distance_loss=1.07026970387
Iteration 49 of 100: loss=3.30146622658 object_loss=2.23020219803 distance_loss=1.07126402855
Iteration 50 of 100: loss=2.89610004425 object_loss=1.82409024239 distance_loss=1.07200968266
Iteration 51 of 100: loss=2.2465171814 object_loss=1.17381215096 distance_loss=1.07270503044
Iteration 52 of 100: loss=2.62549185753 object_loss=1.55240440369 distance_loss=1.07308745384
Iteration 53 of 100: loss=2.33970594406 object_loss=1.2659201622 distance_loss=1.07378566265
Iteration 54 of 100: loss=2.36410808563 object_loss=1.28941476345 distance_loss=1.07469332218
Iteration 55 of 100: loss=3.36989140511 object_loss=2.29464817047 distance_loss=1.07524323463
Iteration 56 of 100: loss=3.08361029625 object_loss=2.00811648369 distance_loss=1.07549381256
Iteration 57 of 100: loss=6.0147857666 object_loss=4.93864679337 distance_loss=1.07613897324
Iteration 58 of 100: loss=7.85691642761 object_loss=6.77919054031 distance_loss=1.07772600651
Iteration 59 of 100: loss=5.29360961914 object_loss=4.21421146393 distance_loss=1.07939791679
Iteration 60 of 100: loss=2.50677537918 object_loss=1.42570054531 distance_loss=1.08107483387
Iteration 61 of 100: loss=4.94805145264 object_loss=3.86539506912 distance_loss=1.08265638351
Iteration 62 of 100: loss=2.41859531403 object_loss=1.33477938175 distance_loss=1.08381581306
Iteration 63 of 100: loss=7.41493177414 object_loss=6.329890728 distance_loss=1.08504104614
Iteration 64 of 100: loss=3.51273822784 object_loss=2.42705631256 distance_loss=1.08568191528
Iteration 65 of 100: loss=2.39258718491 object_loss=1.30626070499 distance_loss=1.08632647991
Iteration 66 of 100: loss=1.96922028065 object_loss=0.882334589958 distance_loss=1.08688569069
Iteration 67 of 100: loss=2.30870008469 object_loss=1.22122883797 distance_loss=1.08747136593
Iteration 68 of 100: loss=2.43367624283 object_loss=1.34570431709 distance_loss=1.08797180653
Iteration 69 of 100: loss=2.65170192719 object_loss=1.56276834011 distance_loss=1.08893370628
Iteration 70 of 100: loss=4.68795824051 object_loss=3.5982863903 distance_loss=1.089671731
Iteration 71 of 100: loss=3.82946920395 object_loss=2.73926448822 distance_loss=1.09020483494
Iteration 72 of 100: loss=2.80697083473 object_loss=1.71602416039 distance_loss=1.09094667435
Iteration 73 of 100: loss=2.03640007973 object_loss=0.944194614887 distance_loss=1.09220540524
Iteration 74 of 100: loss=2.91423344612 object_loss=1.82140290737 distance_loss=1.09283053875
Iteration 75 of 100: loss=4.27454328537 object_loss=3.18150186539 distance_loss=1.09304130077
Iteration 76 of 100: loss=3.59771966934 object_loss=2.50414419174 distance_loss=1.09357559681
Iteration 77 of 100: loss=2.4211435318 object_loss=1.32716846466 distance_loss=1.09397518635
Iteration 78 of 100: loss=2.52219128609 object_loss=1.42767620087 distance_loss=1.09451508522
Iteration 79 of 100: loss=3.87589454651 object_loss=2.78135490417 distance_loss=1.09453964233
Iteration 80 of 100: loss=3.7761182785 object_loss=2.68170189857 distance_loss=1.09441626072
Iteration 81 of 100: loss=2.74612426758 object_loss=1.65146100521 distance_loss=1.09466314316
Iteration 82 of 100: loss=1.96612870693 object_loss=0.871265888214 distance_loss=1.09486281872
Iteration 83 of 100: loss=2.82535457611 object_loss=1.7306483984 distance_loss=1.09470617771
Iteration 84 of 100: loss=5.41874790192 object_loss=4.32431554794 distance_loss=1.09443223476
Iteration 85 of 100: loss=5.5727930069 object_loss=4.47806978226 distance_loss=1.09472298622
Iteration 86 of 100: loss=3.89200925827 object_loss=2.79707431793 distance_loss=1.09493482113
Iteration 87 of 100: loss=4.64932060242 object_loss=3.55395960808 distance_loss=1.09536111355
Iteration 88 of 100: loss=5.20430231094 object_loss=4.10869073868 distance_loss=1.09561145306
Iteration 89 of 100: loss=3.98982000351 object_loss=2.89382696152 distance_loss=1.09599292278
Iteration 90 of 100: loss=3.71421384811 object_loss=2.61784315109 distance_loss=1.09637081623
Iteration 91 of 100: loss=5.7667555809 object_loss=4.67024040222 distance_loss=1.09651505947
Iteration 92 of 100: loss=8.34024047852 object_loss=7.24400520325 distance_loss=1.0962356329
Iteration 93 of 100: loss=10.0603256226 object_loss=8.96394348145 distance_loss=1.09638166428
Iteration 94 of 100: loss=3.7549200058 object_loss=2.65837836266 distance_loss=1.09654152393
Iteration 95 of 100: loss=8.91197967529 object_loss=7.81566429138 distance_loss=1.09631490707
Iteration 96 of 100: loss=7.38066101074 object_loss=6.28445053101 distance_loss=1.09621036053
Iteration 97 of 100: loss=6.09306430817 object_loss=4.99723148346 distance_loss=1.09583282471
Iteration 98 of 100: loss=6.23334121704 object_loss=5.13800382614 distance_loss=1.09533762932
Iteration 99 of 100: loss=7.85505914688 object_loss=6.75971126556 distance_loss=1.09534776211
Iteration 0 of 100: loss=2.64032387733 object_loss=1.54506635666 distance_loss=1.09525752068
Iteration 1 of 100: loss=6.80129671097 object_loss=5.70610952377 distance_loss=1.0951873064
Iteration 2 of 100: loss=5.82876873016 object_loss=4.73369503021 distance_loss=1.09507393837
Iteration 3 of 100: loss=6.09608030319 object_loss=5.00071334839 distance_loss=1.09536707401
Iteration 4 of 100: loss=3.46371722221 object_loss=2.36844849586 distance_loss=1.09526872635
Iteration 5 of 100: loss=3.63302731514 object_loss=2.53720545769 distance_loss=1.09582185745
Iteration 6 of 100: loss=3.7206697464 object_loss=2.62439322472 distance_loss=1.09627664089
Iteration 7 of 100: loss=2.90585374832 object_loss=1.80962276459 distance_loss=1.09623086452
Iteration 8 of 100: loss=4.22471809387 object_loss=3.12836313248 distance_loss=1.09635519981
Iteration 9 of 100: loss=4.53599405289 object_loss=3.43914222717 distance_loss=1.0968517065
Iteration 10 of 100: loss=1.78767716885 object_loss=0.689693689346 distance_loss=1.0979834795
Iteration 11 of 100: loss=1.63827264309 object_loss=0.538794517517 distance_loss=1.09947812557
Iteration 12 of 100: loss=2.15390729904 object_loss=1.05305659771 distance_loss=1.10085058212
Iteration 13 of 100: loss=2.17266607285 object_loss=1.07030320168 distance_loss=1.10236275196
Iteration 14 of 100: loss=2.71531844139 object_loss=1.61165308952 distance_loss=1.10366535187
Iteration 15 of 100: loss=2.2885184288 object_loss=1.18346953392 distance_loss=1.10504901409
Iteration 16 of 100: loss=2.78106880188 object_loss=1.67512178421 distance_loss=1.10594713688
Iteration 17 of 100: loss=3.98637676239 object_loss=2.87907290459 distance_loss=1.10730373859
Iteration 18 of 100: loss=2.08632349968 object_loss=0.977844178677 distance_loss=1.1084792614
Iteration 19 of 100: loss=3.77333116531 object_loss=2.66391658783 distance_loss=1.10941469669
Iteration 20 of 100: loss=2.9009680748 object_loss=1.79064416885 distance_loss=1.11032402515
Iteration 21 of 100: loss=2.42493319511 object_loss=1.31381070614 distance_loss=1.11112248898
Iteration 22 of 100: loss=3.45450568199 object_loss=2.34283185005 distance_loss=1.11167383194
Iteration 23 of 100: loss=3.30156564713 object_loss=2.18919682503 distance_loss=1.11236894131
Iteration 24 of 100: loss=7.9660449028 object_loss=6.85273694992 distance_loss=1.11330795288
Iteration 25 of 100: loss=5.39293670654 object_loss=4.27830839157 distance_loss=1.11462807655
Iteration 26 of 100: loss=4.37927961349 object_loss=3.26334381104 distance_loss=1.11593568325
Iteration 27 of 100: loss=7.28232431412 object_loss=6.16555976868 distance_loss=1.11676454544
Iteration 28 of 100: loss=6.3390250206 object_loss=5.22219800949 distance_loss=1.11682701111
Iteration 29 of 100: loss=12.8529081345 object_loss=11.7352590561 distance_loss=1.117649436
Iteration 30 of 100: loss=11.4937324524 object_loss=10.3753557205 distance_loss=1.11837697029
Iteration 31 of 100: loss=6.37377500534 object_loss=5.25499296188 distance_loss=1.11878192425
Iteration 32 of 100: loss=12.2492685318 object_loss=11.1301832199 distance_loss=1.11908555031
Iteration 33 of 100: loss=9.22893047333 object_loss=8.10935878754 distance_loss=1.11957168579
Iteration 34 of 100: loss=8.86200046539 object_loss=7.74151039124 distance_loss=1.12048971653
Iteration 35 of 100: loss=6.33393669128 object_loss=5.21270132065 distance_loss=1.12123537064
Iteration 36 of 100: loss=4.69710826874 object_loss=3.57420778275 distance_loss=1.12290036678
Iteration 37 of 100: loss=6.98531961441 object_loss=5.86112928391 distance_loss=1.12419033051
Iteration 38 of 100: loss=5.02985525131 object_loss=3.90438604355 distance_loss=1.12546932697
Iteration 39 of 100: loss=8.14788818359 object_loss=7.02114057541 distance_loss=1.12674736977
Iteration 40 of 100: loss=7.55813789368 object_loss=6.43077325821 distance_loss=1.12736439705
Iteration 41 of 100: loss=4.29364013672 object_loss=3.16626524925 distance_loss=1.12737512589
Iteration 42 of 100: loss=8.64294338226 object_loss=7.51496219635 distance_loss=1.1279810667
Iteration 43 of 100: loss=4.63154935837 object_loss=3.50269556046 distance_loss=1.1288536787
Iteration 44 of 100: loss=3.73127937317 object_loss=2.60179853439 distance_loss=1.12948071957
Iteration 45 of 100: loss=3.0282998085 object_loss=1.89803731441 distance_loss=1.13026237488
Iteration 46 of 100: loss=2.30642366409 object_loss=1.17539930344 distance_loss=1.13102424145
Iteration 47 of 100: loss=4.30068206787 object_loss=3.16929769516 distance_loss=1.13138461113
Iteration 48 of 100: loss=3.52136588097 object_loss=2.38981676102 distance_loss=1.13154911995
Iteration 49 of 100: loss=3.64007902145 object_loss=2.50794839859 distance_loss=1.13213062286
Iteration 50 of 100: loss=3.23899745941 object_loss=2.10642051697 distance_loss=1.13257694244
Iteration 51 of 100: loss=3.96618771553 object_loss=2.83295679092 distance_loss=1.13323092461
Iteration 52 of 100: loss=5.04083871841 object_loss=3.90712094307 distance_loss=1.13371777534
Iteration 53 of 100: loss=3.40269565582 object_loss=2.26817345619 distance_loss=1.13452231884
Iteration 54 of 100: loss=3.55562973022 object_loss=2.42045116425 distance_loss=1.13517844677
Iteration 55 of 100: loss=2.6139216423 object_loss=1.47847163677 distance_loss=1.13545000553
Iteration 56 of 100: loss=4.22017002106 object_loss=3.08458256721 distance_loss=1.13558733463
Iteration 57 of 100: loss=3.82504224777 object_loss=2.68924403191 distance_loss=1.13579821587
Iteration 58 of 100: loss=4.14983940125 object_loss=3.01401019096 distance_loss=1.13582921028
Iteration 59 of 100: loss=3.17830705643 object_loss=2.04229617119 distance_loss=1.13601088524
Iteration 60 of 100: loss=3.07844781876 object_loss=1.94190359116 distance_loss=1.13654410839
Iteration 61 of 100: loss=2.96163225174 object_loss=1.82495522499 distance_loss=1.13667702675
Iteration 62 of 100: loss=5.51732778549 object_loss=4.38040018082 distance_loss=1.13692748547
Iteration 63 of 100: loss=3.0973072052 object_loss=1.96046328545 distance_loss=1.13684403896
Iteration 64 of 100: loss=3.79993343353 object_loss=2.66338324547 distance_loss=1.13655030727
Iteration 65 of 100: loss=7.60028409958 object_loss=6.46395587921 distance_loss=1.13632833958
Iteration 66 of 100: loss=7.95223283768 object_loss=6.81598949432 distance_loss=1.13624322414
Iteration 67 of 100: loss=6.67150688171 object_loss=5.53530502319 distance_loss=1.1362016201
Iteration 68 of 100: loss=4.74690389633 object_loss=3.61084055901 distance_loss=1.13606333733
Iteration 69 of 100: loss=3.8164794445 object_loss=2.68055558205 distance_loss=1.13592386246
Iteration 70 of 100: loss=4.85135984421 object_loss=3.7157497406 distance_loss=1.1356099844
Iteration 71 of 100: loss=4.24040126801 object_loss=3.10438609123 distance_loss=1.13601493835
Iteration 72 of 100: loss=4.77728462219 object_loss=3.64093613625 distance_loss=1.13634860516
Iteration 73 of 100: loss=2.91791248322 object_loss=1.78090202808 distance_loss=1.13701057434
Iteration 74 of 100: loss=3.93895149231 object_loss=2.80146932602 distance_loss=1.13748204708
Iteration 75 of 100: loss=4.39535665512 object_loss=3.25731611252 distance_loss=1.1380405426
Iteration 76 of 100: loss=4.22448396683 object_loss=3.08617353439 distance_loss=1.13831055164
Iteration 77 of 100: loss=4.69626569748 object_loss=3.55717611313 distance_loss=1.13908958435
Iteration 78 of 100: loss=4.40516757965 object_loss=3.2655248642 distance_loss=1.13964247704
Iteration 79 of 100: loss=3.77750945091 object_loss=2.63775491714 distance_loss=1.13975453377
Iteration 80 of 100: loss=5.80690956116 object_loss=4.66658782959 distance_loss=1.14032149315
Iteration 81 of 100: loss=3.88792681694 object_loss=2.74689388275 distance_loss=1.14103293419
Iteration 82 of 100: loss=3.55877876282 object_loss=2.41714286804 distance_loss=1.14163589478
Iteration 83 of 100: loss=3.78794145584 object_loss=2.64549088478 distance_loss=1.14245045185
Iteration 84 of 100: loss=4.34030103683 object_loss=3.1969499588 distance_loss=1.14335119724
Iteration 85 of 100: loss=2.93243026733 object_loss=1.78825449944 distance_loss=1.14417564869
Iteration 86 of 100: loss=3.10856056213 object_loss=1.9636759758 distance_loss=1.14488446712
Iteration 87 of 100: loss=4.31835889816 object_loss=3.17266893387 distance_loss=1.14568984509
Iteration 88 of 100: loss=3.57675027847 object_loss=2.43045449257 distance_loss=1.14629590511
Iteration 89 of 100: loss=4.3784070015 object_loss=3.2311000824 distance_loss=1.1473069191
Iteration 90 of 100: loss=5.23150253296 object_loss=4.08301734924 distance_loss=1.14848518372
Iteration 91 of 100: loss=3.84388113022 object_loss=2.69506263733 distance_loss=1.14881849289
Iteration 92 of 100: loss=5.63698959351 object_loss=4.48785877228 distance_loss=1.14913094044
Iteration 93 of 100: loss=6.37694787979 object_loss=5.22686481476 distance_loss=1.15008306503
Iteration 94 of 100: loss=3.53353095055 object_loss=2.38257217407 distance_loss=1.15095877647
Iteration 95 of 100: loss=3.95924806595 object_loss=2.80745649338 distance_loss=1.15179157257
Iteration 96 of 100: loss=2.58169341087 object_loss=1.42948591709 distance_loss=1.15220749378
Iteration 97 of 100: loss=3.0829513073 object_loss=1.9302046299 distance_loss=1.1527466774
Iteration 98 of 100: loss=5.12874221802 object_loss=3.97524118423 distance_loss=1.15350115299
Iteration 99 of 100: loss=5.08847761154 object_loss=3.93437242508 distance_loss=1.15410530567
Iteration 0 of 100: loss=6.21004009247 object_loss=5.055747509 distance_loss=1.15429246426
Iteration 1 of 100: loss=5.38506889343 object_loss=4.23066520691 distance_loss=1.15440368652
Iteration 2 of 100: loss=2.77272748947 object_loss=1.61788976192 distance_loss=1.15483760834
Iteration 3 of 100: loss=2.18632459641 object_loss=1.03090274334 distance_loss=1.15542197227
Iteration 4 of 100: loss=2.55529379845 object_loss=1.39917337894 distance_loss=1.1561204195
Iteration 5 of 100: loss=3.62992477417 object_loss=2.47345089912 distance_loss=1.15647399426
Iteration 6 of 100: loss=4.18772935867 object_loss=3.0311152935 distance_loss=1.15661406517
Iteration 7 of 100: loss=2.76619338989 object_loss=1.60920214653 distance_loss=1.15699136257
Iteration 8 of 100: loss=3.67492771149 object_loss=2.51743364334 distance_loss=1.15749418736
Iteration 9 of 100: loss=4.58052778244 object_loss=3.42234182358 distance_loss=1.15818607807
Iteration 10 of 100: loss=5.47106170654 object_loss=4.31195306778 distance_loss=1.15910840034
Iteration 11 of 100: loss=4.43976449966 object_loss=3.27996873856 distance_loss=1.1597956419
Iteration 12 of 100: loss=3.67687416077 object_loss=2.51693725586 distance_loss=1.15993690491
Iteration 13 of 100: loss=3.14084219933 object_loss=1.98010182381 distance_loss=1.16074037552
Iteration 14 of 100: loss=3.03379702568 object_loss=1.87257349491 distance_loss=1.16122353077
Iteration 15 of 100: loss=3.93811655045 object_loss=2.7766764164 distance_loss=1.16144013405
Iteration 16 of 100: loss=5.15668487549 object_loss=3.99442839622 distance_loss=1.16225647926
Iteration 17 of 100: loss=9.91969680786 object_loss=8.75688552856 distance_loss=1.16281139851
Iteration 18 of 100: loss=3.90137577057 object_loss=2.73819351196 distance_loss=1.16318237782
Iteration 19 of 100: loss=3.68339681625 object_loss=2.51947212219 distance_loss=1.16392481327
Iteration 20 of 100: loss=2.81070542336 object_loss=1.64585244656 distance_loss=1.1648529768
Iteration 21 of 100: loss=5.27660799026 object_loss=4.11114358902 distance_loss=1.16546440125
Iteration 22 of 100: loss=5.28345012665 object_loss=4.1172375679 distance_loss=1.16621279716
Iteration 23 of 100: loss=6.70584726334 object_loss=5.53898143768 distance_loss=1.16686594486
Iteration 24 of 100: loss=6.41460895538 object_loss=5.24733495712 distance_loss=1.16727375984
Iteration 25 of 100: loss=5.03777933121 object_loss=3.86960458755 distance_loss=1.16817462444
Iteration 26 of 100: loss=4.95232963562 object_loss=3.78306674957 distance_loss=1.16926264763
Iteration 27 of 100: loss=9.66202831268 object_loss=8.49222660065 distance_loss=1.16980171204
Iteration 28 of 100: loss=6.82132768631 object_loss=5.65090417862 distance_loss=1.1704236269
Iteration 29 of 100: loss=4.19175291061 object_loss=3.0205552578 distance_loss=1.17119777203
Iteration 30 of 100: loss=10.7507581711 object_loss=9.57897853851 distance_loss=1.17177939415
Iteration 31 of 100: loss=5.35447835922 object_loss=4.18205547333 distance_loss=1.17242276669
Iteration 32 of 100: loss=9.44332790375 object_loss=8.2705411911 distance_loss=1.17278671265
Iteration 33 of 100: loss=5.14790058136 object_loss=3.97409629822 distance_loss=1.17380416393
Iteration 34 of 100: loss=8.92702770233 object_loss=7.75237941742 distance_loss=1.17464828491
Iteration 35 of 100: loss=5.59718322754 object_loss=4.42236709595 distance_loss=1.17481613159
Iteration 36 of 100: loss=2.40722990036 object_loss=1.23262000084 distance_loss=1.17461001873
Iteration 37 of 100: loss=3.10124373436 object_loss=1.92664849758 distance_loss=1.17459523678
Iteration 38 of 100: loss=2.29781413078 object_loss=1.12302970886 distance_loss=1.17478442192
Iteration 39 of 100: loss=2.63990664482 object_loss=1.46488344669 distance_loss=1.17502319813
Iteration 40 of 100: loss=4.62418270111 object_loss=3.44901609421 distance_loss=1.17516648769
Iteration 41 of 100: loss=3.53908991814 object_loss=2.36417341232 distance_loss=1.17491650581
Iteration 42 of 100: loss=5.81468105316 object_loss=4.64003562927 distance_loss=1.17464566231
Iteration 43 of 100: loss=5.68212890625 object_loss=4.50751686096 distance_loss=1.17461204529
Iteration 44 of 100: loss=10.8972253799 object_loss=9.72270202637 distance_loss=1.17452311516
Iteration 45 of 100: loss=9.23071670532 object_loss=8.05624485016 distance_loss=1.17447209358
Iteration 46 of 100: loss=8.34584140778 object_loss=7.17139530182 distance_loss=1.17444610596
Iteration 47 of 100: loss=7.96293258667 object_loss=6.78835010529 distance_loss=1.17458260059
Iteration 48 of 100: loss=7.23729133606 object_loss=6.06330013275 distance_loss=1.17399132252
Iteration 49 of 100: loss=7.92136287689 object_loss=6.74720811844 distance_loss=1.17415452003
Iteration 50 of 100: loss=3.22592186928 object_loss=2.05135250092 distance_loss=1.17456936836
Iteration 51 of 100: loss=4.56669998169 object_loss=3.39196300507 distance_loss=1.17473709583
Iteration 52 of 100: loss=7.27330493927 object_loss=6.09852981567 distance_loss=1.17477524281
Iteration 53 of 100: loss=14.9988203049 object_loss=13.8235206604 distance_loss=1.17529976368
Iteration 54 of 100: loss=11.7969417572 object_loss=10.6212005615 distance_loss=1.17574119568
Iteration 55 of 100: loss=5.25209379196 object_loss=4.07576131821 distance_loss=1.17633235455
Iteration 56 of 100: loss=7.3852186203 object_loss=6.20821046829 distance_loss=1.17700827122
Iteration 57 of 100: loss=7.55956268311 object_loss=6.38211536407 distance_loss=1.17744731903
Iteration 58 of 100: loss=7.85115814209 object_loss=6.67311143875 distance_loss=1.17804646492
Iteration 59 of 100: loss=6.58924770355 object_loss=5.41048908234 distance_loss=1.17875862122
Iteration 60 of 100: loss=5.91424274445 object_loss=4.73522043228 distance_loss=1.17902207375
Iteration 61 of 100: loss=4.15925121307 object_loss=2.97984004021 distance_loss=1.17941129208
Iteration 62 of 100: loss=3.30205011368 object_loss=2.12262630463 distance_loss=1.17942368984
Iteration 63 of 100: loss=4.11160039902 object_loss=2.93211317062 distance_loss=1.1794873476
Iteration 64 of 100: loss=3.53997421265 object_loss=2.36053919792 distance_loss=1.17943513393
Iteration 65 of 100: loss=2.23413586617 object_loss=1.05469095707 distance_loss=1.1794449091
Iteration 66 of 100: loss=3.17118692398 object_loss=1.99167108536 distance_loss=1.17951583862
Iteration 67 of 100: loss=4.46300840378 object_loss=3.28328227997 distance_loss=1.17972612381
Iteration 68 of 100: loss=4.6254491806 object_loss=3.44582438469 distance_loss=1.17962491512
Iteration 69 of 100: loss=3.97628879547 object_loss=2.79655981064 distance_loss=1.17972898483
Iteration 70 of 100: loss=3.66676473618 object_loss=2.48680329323 distance_loss=1.17996144295
Iteration 71 of 100: loss=2.34439826012 object_loss=1.16410923004 distance_loss=1.18028903008
Iteration 72 of 100: loss=4.33788061142 object_loss=3.15791368484 distance_loss=1.17996704578
Iteration 73 of 100: loss=3.11305069923 object_loss=1.93303227425 distance_loss=1.18001842499
Iteration 74 of 100: loss=4.12827825546 object_loss=2.94804811478 distance_loss=1.18023002148
Iteration 75 of 100: loss=3.48535943031 object_loss=2.30507040024 distance_loss=1.18028903008
Iteration 76 of 100: loss=4.75095081329 object_loss=3.5708489418 distance_loss=1.18010210991
Iteration 77 of 100: loss=6.23945903778 object_loss=5.05957937241 distance_loss=1.17987990379
Iteration 78 of 100: loss=4.81259536743 object_loss=3.63284063339 distance_loss=1.17975473404
Iteration 79 of 100: loss=5.30232906342 object_loss=4.12264060974 distance_loss=1.17968833447
Iteration 80 of 100: loss=4.86030006409 object_loss=3.68055820465 distance_loss=1.17974197865
Iteration 81 of 100: loss=3.19105100632 object_loss=2.01148629189 distance_loss=1.17956459522
Iteration 82 of 100: loss=6.11316108704 object_loss=4.93358039856 distance_loss=1.17958056927
Iteration 83 of 100: loss=11.8582696915 object_loss=10.6788396835 distance_loss=1.17943024635
Iteration 84 of 100: loss=7.12011098862 object_loss=5.94160699844 distance_loss=1.17850410938
Iteration 85 of 100: loss=5.91787481308 object_loss=4.73994731903 distance_loss=1.17792749405
Iteration 86 of 100: loss=10.298283577 object_loss=9.12082099915 distance_loss=1.17746293545
Iteration 87 of 100: loss=10.7958936691 object_loss=9.61881256104 distance_loss=1.17708134651
Iteration 88 of 100: loss=6.73344945908 object_loss=5.55652332306 distance_loss=1.17692625523
Iteration 89 of 100: loss=8.80721473694 object_loss=7.63022947311 distance_loss=1.17698478699
Iteration 90 of 100: loss=12.7809085846 object_loss=11.6040124893 distance_loss=1.17689609528
Iteration 91 of 100: loss=17.7766437531 object_loss=16.5998649597 distance_loss=1.17677879333
Iteration 92 of 100: loss=19.6553535461 object_loss=18.4786109924 distance_loss=1.17674207687
Iteration 93 of 100: loss=17.1743602753 object_loss=15.9974050522 distance_loss=1.17695581913
Iteration 94 of 100: loss=13.900724411 object_loss=12.7236833572 distance_loss=1.17704057693
Iteration 95 of 100: loss=13.8935413361 object_loss=12.7166805267 distance_loss=1.17686057091
Iteration 96 of 100: loss=13.3826818466 object_loss=12.2061328888 distance_loss=1.17654919624
Iteration 97 of 100: loss=7.30355930328 object_loss=6.1270904541 distance_loss=1.17646861076
Iteration 98 of 100: loss=7.69018650055 object_loss=6.51378488541 distance_loss=1.17640149593
Iteration 99 of 100: loss=5.09314155579 object_loss=3.91675376892 distance_loss=1.17638754845
Iteration 0 of 100: loss=4.69562101364 object_loss=3.51933717728 distance_loss=1.17628371716
Iteration 1 of 100: loss=6.29307889938 object_loss=5.11715507507 distance_loss=1.1759237051
Iteration 2 of 100: loss=3.04856538773 object_loss=1.87285041809 distance_loss=1.17571485043
Iteration 3 of 100: loss=4.24468231201 object_loss=3.06907820702 distance_loss=1.17560398579
Iteration 4 of 100: loss=5.3528585434 object_loss=4.17771816254 distance_loss=1.17514014244
Iteration 5 of 100: loss=5.86832380295 object_loss=4.69336938858 distance_loss=1.17495429516
Iteration 6 of 100: loss=5.53423833847 object_loss=4.35942697525 distance_loss=1.17481148243
Iteration 7 of 100: loss=5.0338549614 object_loss=3.85919618607 distance_loss=1.17465865612
Iteration 8 of 100: loss=5.25692224503 object_loss=4.08234548569 distance_loss=1.17457664013
Iteration 9 of 100: loss=8.44050884247 object_loss=7.26565647125 distance_loss=1.17485272884
Iteration 10 of 100: loss=5.80557346344 object_loss=4.63035392761 distance_loss=1.17521941662
Iteration 11 of 100: loss=8.61487293243 object_loss=7.43964242935 distance_loss=1.17523014545
Iteration 12 of 100: loss=5.98945808411 object_loss=4.81460762024 distance_loss=1.17485070229
Iteration 13 of 100: loss=5.63666772842 object_loss=4.46177434921 distance_loss=1.17489349842
Iteration 14 of 100: loss=5.2553396225 object_loss=4.08056211472 distance_loss=1.1747777462
Iteration 15 of 100: loss=7.23187303543 object_loss=6.05742835999 distance_loss=1.17444455624
Iteration 16 of 100: loss=8.58832168579 object_loss=7.4141740799 distance_loss=1.1741476059
Iteration 17 of 100: loss=5.99219846725 object_loss=4.8179974556 distance_loss=1.17420089245
Iteration 18 of 100: loss=5.67775917053 object_loss=4.50316667557 distance_loss=1.17459249496
Iteration 19 of 100: loss=3.78348493576 object_loss=2.60820531845 distance_loss=1.1752794981
Iteration 20 of 100: loss=3.31009197235 object_loss=2.13425970078 distance_loss=1.17583239079
Iteration 21 of 100: loss=3.51281023026 object_loss=2.33642339706 distance_loss=1.17638683319
Iteration 22 of 100: loss=5.66892337799 object_loss=4.49173974991 distance_loss=1.17718374729
Iteration 23 of 100: loss=3.57405662537 object_loss=2.39621639252 distance_loss=1.17784011364
Iteration 24 of 100: loss=3.64067292213 object_loss=2.46232438087 distance_loss=1.17834854126
Iteration 25 of 100: loss=2.57334065437 object_loss=1.39458584785 distance_loss=1.17875480652
Iteration 26 of 100: loss=3.41856622696 object_loss=2.23942613602 distance_loss=1.17914021015
Iteration 27 of 100: loss=3.02970862389 object_loss=1.85024595261 distance_loss=1.17946267128
Iteration 28 of 100: loss=3.19017982483 object_loss=2.01030492783 distance_loss=1.17987501621
Iteration 29 of 100: loss=3.49004220963 object_loss=2.30960345268 distance_loss=1.18043887615
Iteration 30 of 100: loss=3.48492455482 object_loss=2.30383014679 distance_loss=1.18109440804
Iteration 31 of 100: loss=2.96541285515 object_loss=1.78389418125 distance_loss=1.1815186739
Iteration 32 of 100: loss=3.52468156815 object_loss=2.34341645241 distance_loss=1.18126523495
Iteration 33 of 100: loss=3.0983710289 object_loss=1.91678357124 distance_loss=1.18158757687
Iteration 34 of 100: loss=3.12618327141 object_loss=1.94399428368 distance_loss=1.18218898773
Iteration 35 of 100: loss=2.72277188301 object_loss=1.54037594795 distance_loss=1.18239593506
Iteration 36 of 100: loss=2.32707190514 object_loss=1.14458727837 distance_loss=1.18248462677
Iteration 37 of 100: loss=2.69585371017 object_loss=1.51312255859 distance_loss=1.18273127079
Iteration 38 of 100: loss=2.51480722427 object_loss=1.33208203316 distance_loss=1.18272507191
Iteration 39 of 100: loss=2.971180439 object_loss=1.78802037239 distance_loss=1.1831599474
Iteration 40 of 100: loss=2.93227910995 object_loss=1.74913179874 distance_loss=1.18314731121
Iteration 41 of 100: loss=2.14892196655 object_loss=0.965667784214 distance_loss=1.18325412273
Iteration 42 of 100: loss=2.05991363525 object_loss=0.876111984253 distance_loss=1.18380177021
Iteration 43 of 100: loss=2.21415090561 object_loss=1.02990674973 distance_loss=1.18424415588
Iteration 44 of 100: loss=2.12869811058 object_loss=0.944285869598 distance_loss=1.18441224098
Iteration 45 of 100: loss=2.04447937012 object_loss=0.85961163044 distance_loss=1.18486785889
Iteration 46 of 100: loss=1.77296280861 object_loss=0.587742030621 distance_loss=1.18522071838
Iteration 47 of 100: loss=2.26446485519 object_loss=1.07897949219 distance_loss=1.1854852438
Iteration 48 of 100: loss=2.54363203049 object_loss=1.35791432858 distance_loss=1.18571782112
Iteration 49 of 100: loss=2.19973611832 object_loss=1.01360630989 distance_loss=1.18612992764
Iteration 50 of 100: loss=2.49039697647 object_loss=1.30396437645 distance_loss=1.18643248081
Iteration 51 of 100: loss=2.48505496979 object_loss=1.29837071896 distance_loss=1.18668413162
Iteration 52 of 100: loss=2.66538524628 object_loss=1.47861528397 distance_loss=1.1867698431
Iteration 53 of 100: loss=2.00339913368 object_loss=0.815922439098 distance_loss=1.18747675419
Iteration 54 of 100: loss=1.9332253933 object_loss=0.745054006577 distance_loss=1.18817138672
Iteration 55 of 100: loss=1.88536095619 object_loss=0.696680247784 distance_loss=1.1886806488
Iteration 56 of 100: loss=2.12550544739 object_loss=0.93648147583 distance_loss=1.18902397156
Iteration 57 of 100: loss=2.04532694817 object_loss=0.855674803257 distance_loss=1.18965220451
Iteration 58 of 100: loss=2.65975522995 object_loss=1.46940612793 distance_loss=1.19034910202
Iteration 59 of 100: loss=3.05085706711 object_loss=1.85983288288 distance_loss=1.19102418423
Iteration 60 of 100: loss=2.79193782806 object_loss=1.60023236275 distance_loss=1.19170546532
Iteration 61 of 100: loss=3.28034734726 object_loss=2.0881690979 distance_loss=1.19217824936
Iteration 62 of 100: loss=2.72366809845 object_loss=1.5308021307 distance_loss=1.19286596775
Iteration 63 of 100: loss=2.33495426178 object_loss=1.14146614075 distance_loss=1.19348812103
Iteration 64 of 100: loss=2.85830926895 object_loss=1.66432654858 distance_loss=1.19398283958
Iteration 65 of 100: loss=2.63059878349 object_loss=1.43608212471 distance_loss=1.19451665878
Iteration 66 of 100: loss=2.17416477203 object_loss=0.979017555714 distance_loss=1.19514727592
Iteration 67 of 100: loss=2.12624979019 object_loss=0.930910229683 distance_loss=1.1953394413
Iteration 68 of 100: loss=1.92454683781 object_loss=0.729396104813 distance_loss=1.19515073299
Iteration 69 of 100: loss=1.85867655277 object_loss=0.663183093071 distance_loss=1.1954934597
Iteration 70 of 100: loss=2.06149744987 object_loss=0.865838706493 distance_loss=1.19565880299
Iteration 71 of 100: loss=2.04128098488 object_loss=0.84557890892 distance_loss=1.19570207596
Iteration 72 of 100: loss=1.65115129948 object_loss=0.455475687981 distance_loss=1.1956756115
Iteration 73 of 100: loss=1.74984931946 object_loss=0.553808093071 distance_loss=1.19604122639
Iteration 74 of 100: loss=1.94078457355 object_loss=0.744702100754 distance_loss=1.1960824728
Iteration 75 of 100: loss=2.06265997887 object_loss=0.866661667824 distance_loss=1.19599831104
Iteration 76 of 100: loss=1.85716223717 object_loss=0.661343336105 distance_loss=1.19581890106
Iteration 77 of 100: loss=2.07189488411 object_loss=0.876041471958 distance_loss=1.19585335255
Iteration 78 of 100: loss=2.08605456352 object_loss=0.890047371387 distance_loss=1.19600725174
Iteration 79 of 100: loss=2.0761847496 object_loss=0.880127310753 distance_loss=1.19605755806
Iteration 80 of 100: loss=2.06105947495 object_loss=0.865279912949 distance_loss=1.19577968121
Iteration 81 of 100: loss=2.39648199081 object_loss=1.20076286793 distance_loss=1.1957192421
Iteration 82 of 100: loss=2.01753306389 object_loss=0.821763396263 distance_loss=1.19576966763
Iteration 83 of 100: loss=2.00131559372 object_loss=0.805495619774 distance_loss=1.19581985474
Iteration 84 of 100: loss=1.75893759727 object_loss=0.563043653965 distance_loss=1.19589388371
Iteration 85 of 100: loss=1.75047779083 object_loss=0.554698765278 distance_loss=1.19577896595
Iteration 86 of 100: loss=1.82779026031 object_loss=0.631973803043 distance_loss=1.19581639767
Iteration 87 of 100: loss=2.07077217102 object_loss=0.874958395958 distance_loss=1.19581389427
Iteration 88 of 100: loss=1.95773077011 object_loss=0.762008965015 distance_loss=1.19572174549
Iteration 89 of 100: loss=1.90209269524 object_loss=0.706219911575 distance_loss=1.19587278366
Iteration 90 of 100: loss=1.87101280689 object_loss=0.674792766571 distance_loss=1.19622004032
Iteration 91 of 100: loss=1.8728710413 object_loss=0.676362633705 distance_loss=1.19650840759
Iteration 92 of 100: loss=1.84960353374 object_loss=0.653532028198 distance_loss=1.19607150555
Iteration 93 of 100: loss=1.77672576904 object_loss=0.580500662327 distance_loss=1.19622504711
Iteration 94 of 100: loss=1.74946904182 object_loss=0.553019940853 distance_loss=1.19644916058
Iteration 95 of 100: loss=1.75779688358 object_loss=0.561145782471 distance_loss=1.19665110111
Iteration 96 of 100: loss=1.72676110268 object_loss=0.530064642429 distance_loss=1.19669651985
Iteration 97 of 100: loss=1.8243291378 object_loss=0.627638161182 distance_loss=1.19669091702
Iteration 98 of 100: loss=1.93465101719 object_loss=0.738061189651 distance_loss=1.19658982754
Iteration 99 of 100: loss=2.15056943893 object_loss=0.953951656818 distance_loss=1.19661772251
Iteration 0 of 100: loss=2.02153491974 object_loss=0.824761688709 distance_loss=1.19677317142
Iteration 1 of 100: loss=2.25601863861 object_loss=1.05920565128 distance_loss=1.19681286812
Iteration 2 of 100: loss=1.94305682182 object_loss=0.746291875839 distance_loss=1.19676494598
Iteration 3 of 100: loss=1.93350481987 object_loss=0.736617922783 distance_loss=1.19688689709
Iteration 4 of 100: loss=2.40163969994 object_loss=1.20482349396 distance_loss=1.19681620598
Iteration 5 of 100: loss=1.83440291882 object_loss=0.637569189072 distance_loss=1.19683372974
Iteration 6 of 100: loss=1.85234332085 object_loss=0.65532875061 distance_loss=1.19701457024
Iteration 7 of 100: loss=1.75856018066 object_loss=0.561618089676 distance_loss=1.19694209099
Iteration 8 of 100: loss=1.85332381725 object_loss=0.656388759613 distance_loss=1.19693505764
Iteration 9 of 100: loss=1.853556633 object_loss=0.6564052701 distance_loss=1.1971514225
Iteration 10 of 100: loss=1.97595775127 object_loss=0.77875328064 distance_loss=1.19720447063
Iteration 11 of 100: loss=2.0667693615 object_loss=0.869401454926 distance_loss=1.19736790657
Iteration 12 of 100: loss=1.99063658714 object_loss=0.79347205162 distance_loss=1.19716453552
Iteration 13 of 100: loss=1.91142237186 object_loss=0.714210629463 distance_loss=1.1972117424
Iteration 14 of 100: loss=1.86339962482 object_loss=0.666097044945 distance_loss=1.19730257988
Iteration 15 of 100: loss=2.03393554688 object_loss=0.836727559566 distance_loss=1.19720804691
Iteration 16 of 100: loss=1.86815595627 object_loss=0.671358942986 distance_loss=1.19679701328
Iteration 17 of 100: loss=1.82422065735 object_loss=0.627626299858 distance_loss=1.19659435749
Iteration 18 of 100: loss=2.10825920105 object_loss=0.911638736725 distance_loss=1.19662046432
Iteration 19 of 100: loss=1.79377436638 object_loss=0.59732824564 distance_loss=1.19644606113
Iteration 20 of 100: loss=2.4335372448 object_loss=1.23706400394 distance_loss=1.19647324085
Iteration 21 of 100: loss=2.62128210068 object_loss=1.42485558987 distance_loss=1.1964263916
Iteration 22 of 100: loss=2.39217329025 object_loss=1.19585299492 distance_loss=1.19632017612
Iteration 23 of 100: loss=2.39222860336 object_loss=1.19584560394 distance_loss=1.19638299942
Iteration 24 of 100: loss=1.95991444588 object_loss=0.763555705547 distance_loss=1.19635868073
Iteration 25 of 100: loss=2.54076147079 object_loss=1.34427416325 distance_loss=1.19648718834
Iteration 26 of 100: loss=2.37100839615 object_loss=1.1746404171 distance_loss=1.19636809826
Iteration 27 of 100: loss=2.54260635376 object_loss=1.34665954113 distance_loss=1.19594693184
Iteration 28 of 100: loss=2.38684558868 object_loss=1.19144928455 distance_loss=1.19539630413
Iteration 29 of 100: loss=2.04359173775 object_loss=0.848234951496 distance_loss=1.19535672665
Iteration 30 of 100: loss=2.03176164627 object_loss=0.836638510227 distance_loss=1.19512319565
Iteration 31 of 100: loss=2.31289148331 object_loss=1.11819839478 distance_loss=1.19469320774
Iteration 32 of 100: loss=2.07489657402 object_loss=0.880535364151 distance_loss=1.19436120987
Iteration 33 of 100: loss=2.50873279572 object_loss=1.31428813934 distance_loss=1.19444465637
Iteration 34 of 100: loss=2.32124185562 object_loss=1.12679088116 distance_loss=1.19445109367
Iteration 35 of 100: loss=2.01396393776 object_loss=0.819606661797 distance_loss=1.19435727596
Iteration 36 of 100: loss=2.21012401581 object_loss=1.01602470875 distance_loss=1.19409942627
Iteration 37 of 100: loss=2.20400333405 object_loss=1.00996959209 distance_loss=1.19403362274
Iteration 38 of 100: loss=2.13974237442 object_loss=0.945643007755 distance_loss=1.19409930706
Iteration 39 of 100: loss=2.51892185211 object_loss=1.32452750206 distance_loss=1.19439446926
Iteration 40 of 100: loss=2.25139069557 object_loss=1.05693411827 distance_loss=1.1944565773
Iteration 41 of 100: loss=2.57678055763 object_loss=1.38233554363 distance_loss=1.194445014
Iteration 42 of 100: loss=2.07732200623 object_loss=0.882445037365 distance_loss=1.19487690926
Iteration 43 of 100: loss=2.42279529572 object_loss=1.2277071476 distance_loss=1.19508826733
Iteration 44 of 100: loss=2.60613179207 object_loss=1.41085159779 distance_loss=1.19528019428
Iteration 45 of 100: loss=2.15193080902 object_loss=0.956387102604 distance_loss=1.19554376602
Iteration 46 of 100: loss=2.3268327713 object_loss=1.13079988956 distance_loss=1.19603300095
Iteration 47 of 100: loss=2.16065740585 object_loss=0.964028120041 distance_loss=1.1966291666
Iteration 48 of 100: loss=3.04545974731 object_loss=1.84863710403 distance_loss=1.19682264328
Iteration 49 of 100: loss=2.38435077667 object_loss=1.18718218803 distance_loss=1.19716858864
Iteration 50 of 100: loss=2.47413921356 object_loss=1.27631664276 distance_loss=1.19782269001
Iteration 51 of 100: loss=3.15737438202 object_loss=1.95918726921 distance_loss=1.19818723202
Iteration 52 of 100: loss=3.24249887466 object_loss=2.04459118843 distance_loss=1.19790768623
Iteration 53 of 100: loss=3.15550041199 object_loss=1.95731008053 distance_loss=1.19819045067
Iteration 54 of 100: loss=2.98865604401 object_loss=1.79043328762 distance_loss=1.1982228756
Iteration 55 of 100: loss=2.18876838684 object_loss=0.990720033646 distance_loss=1.1980483532
Iteration 56 of 100: loss=2.82006978989 object_loss=1.62223541737 distance_loss=1.19783437252
Iteration 57 of 100: loss=2.55464410782 object_loss=1.35688471794 distance_loss=1.19775950909
Iteration 58 of 100: loss=2.80575561523 object_loss=1.60810780525 distance_loss=1.19764780998
Iteration 59 of 100: loss=2.83829450607 object_loss=1.64070940018 distance_loss=1.19758522511
Iteration 60 of 100: loss=2.13596200943 object_loss=0.938336014748 distance_loss=1.19762587547
Iteration 61 of 100: loss=2.43775391579 object_loss=1.24018371105 distance_loss=1.19757020473
Iteration 62 of 100: loss=2.78404831886 object_loss=1.58623445034 distance_loss=1.19781386852
Iteration 63 of 100: loss=2.92014503479 object_loss=1.72208154202 distance_loss=1.19806361198
Iteration 64 of 100: loss=2.63181638718 object_loss=1.43384802341 distance_loss=1.19796824455
Iteration 65 of 100: loss=3.07293462753 object_loss=1.87504601479 distance_loss=1.19788873196
Iteration 66 of 100: loss=2.74657726288 object_loss=1.54864668846 distance_loss=1.19793069363
Iteration 67 of 100: loss=2.77833890915 object_loss=1.58026766777 distance_loss=1.19807124138
Iteration 68 of 100: loss=2.9491147995 object_loss=1.75119900703 distance_loss=1.19791567326
Iteration 69 of 100: loss=3.25582361221 object_loss=2.05794405937 distance_loss=1.19787955284
Iteration 70 of 100: loss=2.54804134369 object_loss=1.3501996994 distance_loss=1.1978417635
Iteration 71 of 100: loss=2.13564014435 object_loss=0.937925875187 distance_loss=1.19771432877
Iteration 72 of 100: loss=2.64067077637 object_loss=1.44312167168 distance_loss=1.1975492239
Iteration 73 of 100: loss=2.24617195129 object_loss=1.04857468605 distance_loss=1.19759726524
Iteration 74 of 100: loss=2.10546970367 object_loss=0.907840132713 distance_loss=1.19762957096
Iteration 75 of 100: loss=2.26765155792 object_loss=1.07009196281 distance_loss=1.19755959511
Iteration 76 of 100: loss=1.97408604622 object_loss=0.776844918728 distance_loss=1.19724106789
Iteration 77 of 100: loss=2.34507369995 object_loss=1.14786934853 distance_loss=1.19720447063
Iteration 78 of 100: loss=2.46226096153 object_loss=1.26506352425 distance_loss=1.19719743729
Iteration 79 of 100: loss=2.37340188026 object_loss=1.17618918419 distance_loss=1.19721269608
Iteration 80 of 100: loss=2.53703975677 object_loss=1.34002912045 distance_loss=1.19701051712
Iteration 81 of 100: loss=2.58736038208 object_loss=1.39046859741 distance_loss=1.19689166546
Iteration 82 of 100: loss=2.75806617737 object_loss=1.56132733822 distance_loss=1.19673871994
Iteration 83 of 100: loss=2.62365722656 object_loss=1.42699027061 distance_loss=1.19666707516
Iteration 84 of 100: loss=2.44390130043 object_loss=1.24741065502 distance_loss=1.19649064541
Iteration 85 of 100: loss=2.44634437561 object_loss=1.24983978271 distance_loss=1.1965047121
Iteration 86 of 100: loss=2.47011756897 object_loss=1.27345204353 distance_loss=1.19666552544
Iteration 87 of 100: loss=2.13842010498 object_loss=0.941875874996 distance_loss=1.19654428959
Iteration 88 of 100: loss=2.28165769577 object_loss=1.0856345892 distance_loss=1.19602322578
Iteration 89 of 100: loss=2.1081469059 object_loss=0.91213953495 distance_loss=1.19600737095
Iteration 90 of 100: loss=2.00947451591 object_loss=0.812932431698 distance_loss=1.19654214382
Iteration 91 of 100: loss=2.43435621262 object_loss=1.23764252663 distance_loss=1.19671356678
Iteration 92 of 100: loss=1.9965236187 object_loss=0.799889802933 distance_loss=1.19663381577
Iteration 93 of 100: loss=2.09045767784 object_loss=0.893459916115 distance_loss=1.19699776173
Iteration 94 of 100: loss=2.18115019798 object_loss=0.984183967113 distance_loss=1.19696617126
Iteration 95 of 100: loss=2.38486766815 object_loss=1.18799686432 distance_loss=1.19687080383
Iteration 96 of 100: loss=2.54047584534 object_loss=1.34361493587 distance_loss=1.19686079025
Iteration 97 of 100: loss=2.49592137337 object_loss=1.29936552048 distance_loss=1.19655585289
Iteration 98 of 100: loss=2.51033735275 object_loss=1.31382155418 distance_loss=1.19651579857
Iteration 99 of 100: loss=2.41069746017 object_loss=1.2141149044 distance_loss=1.19658255577
Iteration 0 of 100: loss=3.55418252945 object_loss=2.35781311989 distance_loss=1.19636929035
Iteration 1 of 100: loss=4.03540468216 object_loss=2.83927679062 distance_loss=1.19612801075
Iteration 2 of 100: loss=4.38171577454 object_loss=3.18532681465 distance_loss=1.1963891983
Iteration 3 of 100: loss=5.14035892487 object_loss=3.94353508949 distance_loss=1.19682371616
Iteration 4 of 100: loss=5.21819353104 object_loss=4.02085638046 distance_loss=1.19733726978
Iteration 5 of 100: loss=4.14380884171 object_loss=2.94613051414 distance_loss=1.19767844677
Iteration 6 of 100: loss=5.83898878098 object_loss=4.64094924927 distance_loss=1.19803965092
Iteration 7 of 100: loss=5.17781829834 object_loss=3.97928285599 distance_loss=1.19853568077
Iteration 8 of 100: loss=6.79537916183 object_loss=5.59675836563 distance_loss=1.19862091541
Iteration 9 of 100: loss=6.8819475174 object_loss=5.68296384811 distance_loss=1.19898343086
Iteration 10 of 100: loss=6.9190955162 object_loss=5.7196764946 distance_loss=1.1994189024
Iteration 11 of 100: loss=6.75264644623 object_loss=5.55306529999 distance_loss=1.19958138466
Iteration 12 of 100: loss=7.38372421265 object_loss=6.18426370621 distance_loss=1.19946038723
Iteration 13 of 100: loss=6.32950592041 object_loss=5.12945270538 distance_loss=1.20005309582
Iteration 14 of 100: loss=4.9103269577 object_loss=3.70977401733 distance_loss=1.20055317879
Iteration 15 of 100: loss=4.7449593544 object_loss=3.54403734207 distance_loss=1.20092213154
Iteration 16 of 100: loss=4.7212972641 object_loss=3.52021479607 distance_loss=1.20108270645
Iteration 17 of 100: loss=4.29120111465 object_loss=3.08990836143 distance_loss=1.20129287243
Iteration 18 of 100: loss=3.57092928886 object_loss=2.36941170692 distance_loss=1.20151758194
Iteration 19 of 100: loss=3.7646946907 object_loss=2.56283926964 distance_loss=1.20185542107
Iteration 20 of 100: loss=4.05976200104 object_loss=2.85775971413 distance_loss=1.2020021677
Iteration 21 of 100: loss=3.41856956482 object_loss=2.2167096138 distance_loss=1.20186007023
Iteration 22 of 100: loss=3.49778604507 object_loss=2.29614305496 distance_loss=1.2016428709
Iteration 23 of 100: loss=3.73542451859 object_loss=2.53393268585 distance_loss=1.20149195194
Iteration 24 of 100: loss=3.97562170029 object_loss=2.77432012558 distance_loss=1.2013014555
Iteration 25 of 100: loss=3.75562930107 object_loss=2.55428171158 distance_loss=1.20134758949
Iteration 26 of 100: loss=3.87770938873 object_loss=2.67582249641 distance_loss=1.20188701153
Iteration 27 of 100: loss=3.78659105301 object_loss=2.58443045616 distance_loss=1.20216059685
Iteration 28 of 100: loss=3.55532979965 object_loss=2.35300135612 distance_loss=1.20232844353
Iteration 29 of 100: loss=4.46763134003 object_loss=3.26516723633 distance_loss=1.20246434212
Iteration 30 of 100: loss=2.71799850464 object_loss=1.51524400711 distance_loss=1.20275437832
Iteration 31 of 100: loss=3.24061203003 object_loss=2.03770256042 distance_loss=1.2029093504
Iteration 32 of 100: loss=3.92054843903 object_loss=2.71766448021 distance_loss=1.20288383961
Iteration 33 of 100: loss=4.26791143417 object_loss=3.06472253799 distance_loss=1.20318877697
Iteration 34 of 100: loss=3.5825855732 object_loss=2.37921953201 distance_loss=1.20336604118
Iteration 35 of 100: loss=5.05530595779 object_loss=3.85180258751 distance_loss=1.20350325108
Iteration 36 of 100: loss=5.45291137695 object_loss=4.24979400635 distance_loss=1.20311748981
Iteration 37 of 100: loss=4.53672981262 object_loss=3.33373522758 distance_loss=1.20299434662
Iteration 38 of 100: loss=3.47558164597 object_loss=2.27254676819 distance_loss=1.20303487778
Iteration 39 of 100: loss=4.94407939911 object_loss=3.74093317986 distance_loss=1.20314633846
Iteration 40 of 100: loss=5.65851354599 object_loss=4.45524215698 distance_loss=1.20327150822
Iteration 41 of 100: loss=4.84891748428 object_loss=3.64557170868 distance_loss=1.20334589481
Iteration 42 of 100: loss=5.21740913391 object_loss=4.0141620636 distance_loss=1.20324707031
Iteration 43 of 100: loss=4.5403046608 object_loss=3.33724784851 distance_loss=1.20305669308
Iteration 44 of 100: loss=4.46421051025 object_loss=3.2612965107 distance_loss=1.20291388035
Iteration 45 of 100: loss=4.34952449799 object_loss=3.1465075016 distance_loss=1.20301687717
Iteration 46 of 100: loss=3.49717378616 object_loss=2.29397511482 distance_loss=1.20319867134
Iteration 47 of 100: loss=2.20097661018 object_loss=0.997655272484 distance_loss=1.2033213377
Iteration 48 of 100: loss=2.29342937469 object_loss=1.09044265747 distance_loss=1.20298683643
Iteration 49 of 100: loss=2.5658557415 object_loss=1.36247563362 distance_loss=1.20338010788
Iteration 50 of 100: loss=2.61539649963 object_loss=1.41139876842 distance_loss=1.203997612
Iteration 51 of 100: loss=2.44703245163 object_loss=1.24279332161 distance_loss=1.20423924923
Iteration 52 of 100: loss=3.02298474312 object_loss=1.81865859032 distance_loss=1.2043261528
Iteration 53 of 100: loss=3.91688799858 object_loss=2.7120513916 distance_loss=1.20483660698
Iteration 54 of 100: loss=3.15013980865 object_loss=1.94492769241 distance_loss=1.20521211624
Iteration 55 of 100: loss=3.39620828629 object_loss=2.19070625305 distance_loss=1.20550215244
Iteration 56 of 100: loss=3.23131465912 object_loss=2.02578830719 distance_loss=1.20552635193
Iteration 57 of 100: loss=2.76916337013 object_loss=1.563549757 distance_loss=1.20561361313
Iteration 58 of 100: loss=2.75016713142 object_loss=1.54423892498 distance_loss=1.20592820644
Iteration 59 of 100: loss=2.94814634323 object_loss=1.74196815491 distance_loss=1.20617830753
Iteration 60 of 100: loss=2.84942960739 object_loss=1.64299082756 distance_loss=1.20643877983
Iteration 61 of 100: loss=2.9343457222 object_loss=1.72759616375 distance_loss=1.20674967766
Iteration 62 of 100: loss=2.64991235733 object_loss=1.44272303581 distance_loss=1.20718944073
Iteration 63 of 100: loss=2.65241575241 object_loss=1.44491255283 distance_loss=1.20750308037
Iteration 64 of 100: loss=3.88978481293 object_loss=2.68202781677 distance_loss=1.20775711536
Iteration 65 of 100: loss=3.06635046005 object_loss=1.85826027393 distance_loss=1.20809006691
Iteration 66 of 100: loss=3.14272260666 object_loss=1.93434286118 distance_loss=1.20837962627
Iteration 67 of 100: loss=2.86534810066 object_loss=1.65674757957 distance_loss=1.20860052109
Iteration 68 of 100: loss=2.42652773857 object_loss=1.21780562401 distance_loss=1.20872211456
Iteration 69 of 100: loss=2.69263839722 object_loss=1.48350405693 distance_loss=1.20913422108
Iteration 70 of 100: loss=2.78286981583 object_loss=1.57345187664 distance_loss=1.2094180584
Iteration 71 of 100: loss=3.17830443382 object_loss=1.96860218048 distance_loss=1.20970225334
Iteration 72 of 100: loss=3.27509117126 object_loss=2.0653963089 distance_loss=1.20969486237
Iteration 73 of 100: loss=2.87867259979 object_loss=1.66853141785 distance_loss=1.21014130116
Iteration 74 of 100: loss=2.76687383652 object_loss=1.55640149117 distance_loss=1.21047246456
Iteration 75 of 100: loss=2.86209440231 object_loss=1.65146577358 distance_loss=1.21062850952
Iteration 76 of 100: loss=3.21176290512 object_loss=2.00110793114 distance_loss=1.21065497398
Iteration 77 of 100: loss=2.90315461159 object_loss=1.69244349003 distance_loss=1.21071112156
Iteration 78 of 100: loss=2.65575504303 object_loss=1.44527590275 distance_loss=1.21047902107
Iteration 79 of 100: loss=2.55801343918 object_loss=1.34770226479 distance_loss=1.21031105518
Iteration 80 of 100: loss=2.55465459824 object_loss=1.3444839716 distance_loss=1.21017050743
Iteration 81 of 100: loss=2.91649651527 object_loss=1.70643031597 distance_loss=1.2100661993
Iteration 82 of 100: loss=2.48193335533 object_loss=1.27176308632 distance_loss=1.21017026901
Iteration 83 of 100: loss=2.59017658234 object_loss=1.37997961044 distance_loss=1.21019685268
Iteration 84 of 100: loss=2.50068426132 object_loss=1.29076433182 distance_loss=1.20992004871
Iteration 85 of 100: loss=2.44211149216 object_loss=1.2321959734 distance_loss=1.20991551876
Iteration 86 of 100: loss=2.0098054409 object_loss=0.799645185471 distance_loss=1.21016025543
Iteration 87 of 100: loss=2.08051156998 object_loss=0.870453715324 distance_loss=1.21005773544
Iteration 88 of 100: loss=2.04657745361 object_loss=0.83644092083 distance_loss=1.21013665199
Iteration 89 of 100: loss=2.18636202812 object_loss=0.97594332695 distance_loss=1.21041870117
Iteration 90 of 100: loss=2.26734924316 object_loss=1.05696105957 distance_loss=1.2103883028
Iteration 91 of 100: loss=2.20982885361 object_loss=0.999227941036 distance_loss=1.21060085297
Iteration 92 of 100: loss=2.55822324753 object_loss=1.34798407555 distance_loss=1.21023917198
Iteration 93 of 100: loss=2.02668428421 object_loss=0.81633579731 distance_loss=1.21034860611
Iteration 94 of 100: loss=2.55185008049 object_loss=1.34162819386 distance_loss=1.21022188663
Iteration 95 of 100: loss=2.44791030884 object_loss=1.23792946339 distance_loss=1.20998084545
Iteration 96 of 100: loss=2.37970519066 object_loss=1.16996395588 distance_loss=1.20974123478
Iteration 97 of 100: loss=2.68210911751 object_loss=1.47225689888 distance_loss=1.20985221863
Iteration 98 of 100: loss=2.92762327194 object_loss=1.71773958206 distance_loss=1.20988380909
Iteration 99 of 100: loss=2.67131900787 object_loss=1.46144282818 distance_loss=1.20987606049
Iteration 0 of 100: loss=2.85417985916 object_loss=1.64413547516 distance_loss=1.210044384
Iteration 1 of 100: loss=3.10221338272 object_loss=1.89197230339 distance_loss=1.21024119854
Iteration 2 of 100: loss=2.7365128994 object_loss=1.52611792088 distance_loss=1.21039497852
Iteration 3 of 100: loss=3.24290990829 object_loss=2.03241825104 distance_loss=1.21049165726
Iteration 4 of 100: loss=2.85026359558 object_loss=1.63991081715 distance_loss=1.21035265923
Iteration 5 of 100: loss=2.7678976059 object_loss=1.55749452114 distance_loss=1.21040296555
Iteration 6 of 100: loss=2.60767698288 object_loss=1.39726912975 distance_loss=1.21040785313
Iteration 7 of 100: loss=2.87453746796 object_loss=1.66404950619 distance_loss=1.21048808098
Iteration 8 of 100: loss=2.67487740517 object_loss=1.46465957165 distance_loss=1.21021783352
Iteration 9 of 100: loss=3.2878446579 object_loss=2.07764577866 distance_loss=1.21019899845
Iteration 10 of 100: loss=2.9134144783 object_loss=1.7030248642 distance_loss=1.21038961411
Iteration 11 of 100: loss=2.18147540092 object_loss=0.97102111578 distance_loss=1.21045422554
Iteration 12 of 100: loss=2.40812253952 object_loss=1.19786262512 distance_loss=1.21025979519
Iteration 13 of 100: loss=2.29756164551 object_loss=1.08721125126 distance_loss=1.21035051346
Iteration 14 of 100: loss=2.39867830276 object_loss=1.18819451332 distance_loss=1.21048390865
Iteration 15 of 100: loss=2.35524606705 object_loss=1.14490461349 distance_loss=1.21034157276
Iteration 16 of 100: loss=2.40005207062 object_loss=1.19028294086 distance_loss=1.20976901054
Iteration 17 of 100: loss=2.63597416878 object_loss=1.42651820183 distance_loss=1.20945596695
Iteration 18 of 100: loss=2.32693243027 object_loss=1.11741399765 distance_loss=1.20951831341
Iteration 19 of 100: loss=2.27685689926 object_loss=1.06725168228 distance_loss=1.20960521698
Iteration 20 of 100: loss=2.4473092556 object_loss=1.23803722858 distance_loss=1.20927202702
Iteration 21 of 100: loss=2.59387540817 object_loss=1.38479316235 distance_loss=1.20908224583
Iteration 22 of 100: loss=2.87383508682 object_loss=1.66488265991 distance_loss=1.2089523077
Iteration 23 of 100: loss=3.0513715744 object_loss=1.84259271622 distance_loss=1.20877885818
Iteration 24 of 100: loss=2.88519048691 object_loss=1.67667770386 distance_loss=1.20851266384
Iteration 25 of 100: loss=2.2120051384 object_loss=1.00348842144 distance_loss=1.20851659775
Iteration 26 of 100: loss=2.69929838181 object_loss=1.49074053764 distance_loss=1.20855784416
Iteration 27 of 100: loss=2.75391960144 object_loss=1.54527497292 distance_loss=1.20864474773
Iteration 28 of 100: loss=1.81726467609 object_loss=0.608628988266 distance_loss=1.20863568783
Iteration 29 of 100: loss=1.67818677425 object_loss=0.469331979752 distance_loss=1.2088547945
Iteration 30 of 100: loss=2.1182615757 object_loss=0.909135043621 distance_loss=1.20912647247
Iteration 31 of 100: loss=2.09821939468 object_loss=0.889071941376 distance_loss=1.20914757252
Iteration 32 of 100: loss=2.1009349823 object_loss=0.892331361771 distance_loss=1.20860373974
Iteration 33 of 100: loss=2.50559949875 object_loss=1.29682993889 distance_loss=1.20876944065
Iteration 34 of 100: loss=2.46820449829 object_loss=1.25926220417 distance_loss=1.20894241333
Iteration 35 of 100: loss=2.46002268791 object_loss=1.25114560127 distance_loss=1.20887708664
Iteration 36 of 100: loss=2.46541261673 object_loss=1.25678324699 distance_loss=1.20862936974
Iteration 37 of 100: loss=2.66992092133 object_loss=1.46142661572 distance_loss=1.20849442482
Iteration 38 of 100: loss=2.521900177 object_loss=1.31361865997 distance_loss=1.20828163624
Iteration 39 of 100: loss=2.21700167656 object_loss=1.00889277458 distance_loss=1.20810890198
Iteration 40 of 100: loss=2.40616440773 object_loss=1.1981767416 distance_loss=1.20798766613
Iteration 41 of 100: loss=2.24823474884 object_loss=1.0407358408 distance_loss=1.20749902725
Iteration 42 of 100: loss=2.26405668259 object_loss=1.05670142174 distance_loss=1.20735514164
Iteration 43 of 100: loss=2.18152427673 object_loss=0.974174380302 distance_loss=1.20734977722
Iteration 44 of 100: loss=2.08872795105 object_loss=0.881788492203 distance_loss=1.20693957806
Iteration 45 of 100: loss=2.07385826111 object_loss=0.866940736771 distance_loss=1.20691752434
Iteration 46 of 100: loss=2.21450853348 object_loss=1.00775742531 distance_loss=1.20675098896
Iteration 47 of 100: loss=2.41868567467 object_loss=1.21223640442 distance_loss=1.20644927025
Iteration 48 of 100: loss=3.22535991669 object_loss=2.01915836334 distance_loss=1.20620167255
Iteration 49 of 100: loss=2.86701345444 object_loss=1.66092848778 distance_loss=1.20608496666
Iteration 50 of 100: loss=2.67900276184 object_loss=1.47316026688 distance_loss=1.20584249496
Iteration 51 of 100: loss=2.94102048874 object_loss=1.73518443108 distance_loss=1.20583617687
Iteration 52 of 100: loss=2.94104385376 object_loss=1.73533582687 distance_loss=1.20570802689
Iteration 53 of 100: loss=2.54281282425 object_loss=1.33692789078 distance_loss=1.20588493347
Iteration 54 of 100: loss=2.65546560287 object_loss=1.4495433569 distance_loss=1.20592212677
Iteration 55 of 100: loss=2.67358803749 object_loss=1.46775925159 distance_loss=1.2058287859
Iteration 56 of 100: loss=2.1546959877 object_loss=0.949289560318 distance_loss=1.20540654659
Iteration 57 of 100: loss=2.22683477402 object_loss=1.02144861221 distance_loss=1.20538628101
Iteration 58 of 100: loss=2.284096241 object_loss=1.07842040062 distance_loss=1.20567584038
Iteration 59 of 100: loss=2.11187362671 object_loss=0.90583139658 distance_loss=1.20604228973
Iteration 60 of 100: loss=2.4994969368 object_loss=1.29306101799 distance_loss=1.20643591881
Iteration 61 of 100: loss=2.20462799072 object_loss=0.997743189335 distance_loss=1.20688474178
Iteration 62 of 100: loss=2.12839412689 object_loss=0.921088337898 distance_loss=1.20730578899
Iteration 63 of 100: loss=2.24462842941 object_loss=1.0367500782 distance_loss=1.20787847042
Iteration 64 of 100: loss=2.25979375839 object_loss=1.05156469345 distance_loss=1.20822918415
Iteration 65 of 100: loss=2.28735303879 object_loss=1.07889819145 distance_loss=1.20845496655
Iteration 66 of 100: loss=2.34258174896 object_loss=1.13361406326 distance_loss=1.2089676857
Iteration 67 of 100: loss=2.41372966766 object_loss=1.2044942379 distance_loss=1.20923531055
Iteration 68 of 100: loss=2.37108325958 object_loss=1.16188430786 distance_loss=1.20919907093
Iteration 69 of 100: loss=2.28191566467 object_loss=1.07259213924 distance_loss=1.20932352543
Iteration 70 of 100: loss=2.35462474823 object_loss=1.14480566978 distance_loss=1.20981919765
Iteration 71 of 100: loss=2.26011896133 object_loss=1.04996967316 distance_loss=1.21014916897
Iteration 72 of 100: loss=2.08318591118 object_loss=0.87310141325 distance_loss=1.21008443832
Iteration 73 of 100: loss=1.786059618 object_loss=0.575539529324 distance_loss=1.21052014828
Iteration 74 of 100: loss=2.17579340935 object_loss=0.964926958084 distance_loss=1.21086645126
Iteration 75 of 100: loss=2.07879805565 object_loss=0.867658734322 distance_loss=1.21113932133
Iteration 76 of 100: loss=1.96717762947 object_loss=0.756218791008 distance_loss=1.21095883846
Iteration 77 of 100: loss=2.06904506683 object_loss=0.857972741127 distance_loss=1.21107232571
Iteration 78 of 100: loss=2.39200162888 object_loss=1.18097388744 distance_loss=1.21102762222
Iteration 79 of 100: loss=2.22887706757 object_loss=1.01782274246 distance_loss=1.2110543251
Iteration 80 of 100: loss=2.31764173508 object_loss=1.10676944256 distance_loss=1.21087241173
Iteration 81 of 100: loss=2.24945688248 object_loss=1.0384773016 distance_loss=1.21097970009
Iteration 82 of 100: loss=2.41985607147 object_loss=1.20890188217 distance_loss=1.2109541893
Iteration 83 of 100: loss=2.49307656288 object_loss=1.28199696541 distance_loss=1.21107959747
Iteration 84 of 100: loss=2.42407846451 object_loss=1.21313524246 distance_loss=1.21094334126
Iteration 85 of 100: loss=2.471555233 object_loss=1.26075744629 distance_loss=1.21079790592
Iteration 86 of 100: loss=2.48490333557 object_loss=1.27410101891 distance_loss=1.21080243587
Iteration 87 of 100: loss=2.73007202148 object_loss=1.51946151257 distance_loss=1.21061062813
Iteration 88 of 100: loss=2.32762050629 object_loss=1.11716735363 distance_loss=1.21045327187
Iteration 89 of 100: loss=2.18477201462 object_loss=0.974179625511 distance_loss=1.21059250832
Iteration 90 of 100: loss=2.22474813461 object_loss=1.01396679878 distance_loss=1.21078121662
Iteration 91 of 100: loss=2.99078154564 object_loss=1.77995538712 distance_loss=1.21082615852
Iteration 92 of 100: loss=2.32202076912 object_loss=1.11156702042 distance_loss=1.2104537487
Iteration 93 of 100: loss=2.79345965385 object_loss=1.58306026459 distance_loss=1.21039938927
Iteration 94 of 100: loss=2.66742420197 object_loss=1.45690596104 distance_loss=1.21051836014
Iteration 95 of 100: loss=2.67000484467 object_loss=1.45951843262 distance_loss=1.21048653126
Iteration 96 of 100: loss=2.72526264191 object_loss=1.51494956017 distance_loss=1.21031320095
Iteration 97 of 100: loss=2.97307181358 object_loss=1.76281273365 distance_loss=1.21025907993
Iteration 98 of 100: loss=3.04770708084 object_loss=1.83748316765 distance_loss=1.21022391319
Iteration 99 of 100: loss=3.38446426392 object_loss=2.17399287224 distance_loss=1.21047151089
Iteration 0 of 100: loss=2.82751226425 object_loss=1.61685597897 distance_loss=1.2106564045
Iteration 1 of 100: loss=2.9103474617 object_loss=1.69960093498 distance_loss=1.21074652672
Iteration 2 of 100: loss=3.28066587448 object_loss=2.06947827339 distance_loss=1.2111877203
Iteration 3 of 100: loss=2.54615402222 object_loss=1.33467757702 distance_loss=1.21147632599
Iteration 4 of 100: loss=2.53895711899 object_loss=1.32751822472 distance_loss=1.21143889427
Iteration 5 of 100: loss=2.25140428543 object_loss=1.03990757465 distance_loss=1.21149659157
Iteration 6 of 100: loss=2.45441317558 object_loss=1.24267339706 distance_loss=1.21173977852
Iteration 7 of 100: loss=2.61949729919 object_loss=1.40772128105 distance_loss=1.21177589893
Iteration 8 of 100: loss=2.46925783157 object_loss=1.25745177269 distance_loss=1.21180605888
Iteration 9 of 100: loss=2.54293012619 object_loss=1.33077454567 distance_loss=1.21215569973
Iteration 10 of 100: loss=2.61128425598 object_loss=1.39903628826 distance_loss=1.21224796772
Iteration 11 of 100: loss=2.80322885513 object_loss=1.59083533287 distance_loss=1.21239352226
Iteration 12 of 100: loss=2.91147899628 object_loss=1.69906425476 distance_loss=1.21241474152
Iteration 13 of 100: loss=3.11757087708 object_loss=1.90484035015 distance_loss=1.21273052692
Iteration 14 of 100: loss=2.76610970497 object_loss=1.55297517776 distance_loss=1.21313452721
Iteration 15 of 100: loss=2.71109342575 object_loss=1.49751472473 distance_loss=1.21357882023
Iteration 16 of 100: loss=2.72750592232 object_loss=1.51386094093 distance_loss=1.21364498138
Iteration 17 of 100: loss=2.6014122963 object_loss=1.38743567467 distance_loss=1.21397662163
Iteration 18 of 100: loss=2.61214780807 object_loss=1.39800441265 distance_loss=1.21414327621
Iteration 19 of 100: loss=2.72989559174 object_loss=1.51539111137 distance_loss=1.21450436115
Iteration 20 of 100: loss=2.56914424896 object_loss=1.35407245159 distance_loss=1.21507179737
Iteration 21 of 100: loss=2.74596905708 object_loss=1.53059339523 distance_loss=1.21537566185
Iteration 22 of 100: loss=2.90429592133 object_loss=1.68866276741 distance_loss=1.21563303471
Iteration 23 of 100: loss=2.86325764656 object_loss=1.64720642567 distance_loss=1.21605122089
Iteration 24 of 100: loss=3.4907605648 object_loss=2.27389883995 distance_loss=1.21686172485
Iteration 25 of 100: loss=3.64968442917 object_loss=2.4325466156 distance_loss=1.21713781357
Iteration 26 of 100: loss=2.85696291924 object_loss=1.63946533203 distance_loss=1.2174975872
Iteration 27 of 100: loss=3.41110038757 object_loss=2.19308233261 distance_loss=1.21801817417
Iteration 28 of 100: loss=3.0660867691 object_loss=1.84813499451 distance_loss=1.21795189381
Iteration 29 of 100: loss=3.18558144569 object_loss=1.96741139889 distance_loss=1.21817004681
Iteration 30 of 100: loss=3.35407018661 object_loss=2.13555407524 distance_loss=1.21851611137
Iteration 31 of 100: loss=2.64587211609 object_loss=1.42714869976 distance_loss=1.21872353554
Iteration 32 of 100: loss=2.56688117981 object_loss=1.34819066525 distance_loss=1.21869051456
Iteration 33 of 100: loss=3.13965749741 object_loss=1.92033624649 distance_loss=1.21932137012
Iteration 34 of 100: loss=2.8083729744 object_loss=1.58863055706 distance_loss=1.21974241734
Iteration 35 of 100: loss=3.43917536736 object_loss=2.21927833557 distance_loss=1.21989703178
Iteration 36 of 100: loss=3.67363762856 object_loss=2.4537217617 distance_loss=1.21991586685
Iteration 37 of 100: loss=3.55994391441 object_loss=2.3397731781 distance_loss=1.22017073631
Iteration 38 of 100: loss=3.28556251526 object_loss=2.06494212151 distance_loss=1.22062051296
Iteration 39 of 100: loss=3.68909859657 object_loss=2.46823811531 distance_loss=1.22086048126
Iteration 40 of 100: loss=2.55419111252 object_loss=1.33331549168 distance_loss=1.22087574005
Iteration 41 of 100: loss=2.57955980301 object_loss=1.35867154598 distance_loss=1.22088825703
Iteration 42 of 100: loss=1.84430813789 object_loss=0.623019516468 distance_loss=1.22128868103
Iteration 43 of 100: loss=1.89442157745 object_loss=0.672944664955 distance_loss=1.2214769125
Iteration 44 of 100: loss=2.18789935112 object_loss=0.966344416142 distance_loss=1.22155499458
Iteration 45 of 100: loss=1.9552718401 object_loss=0.733586192131 distance_loss=1.22168564796
Iteration 46 of 100: loss=2.10749292374 object_loss=0.885725975037 distance_loss=1.22176682949
Iteration 47 of 100: loss=2.2075510025 object_loss=0.985651016235 distance_loss=1.22189986706
Iteration 48 of 100: loss=2.07227420807 object_loss=0.85046172142 distance_loss=1.22181248665
Iteration 49 of 100: loss=1.96691644192 object_loss=0.745050191879 distance_loss=1.22186625004
Iteration 50 of 100: loss=1.7945343256 object_loss=0.572202086449 distance_loss=1.22233223915
Iteration 51 of 100: loss=1.88442802429 object_loss=0.661689341068 distance_loss=1.22273862362
Iteration 52 of 100: loss=1.67344808578 object_loss=0.450900524855 distance_loss=1.22254753113
Iteration 53 of 100: loss=1.73621690273 object_loss=0.513426184654 distance_loss=1.22279071808
Iteration 54 of 100: loss=1.64833235741 object_loss=0.425382077694 distance_loss=1.22295022011
Iteration 55 of 100: loss=1.76992475986 object_loss=0.546821117401 distance_loss=1.22310364246
Iteration 56 of 100: loss=1.95304608345 object_loss=0.729934990406 distance_loss=1.22311115265
Iteration 57 of 100: loss=1.73013007641 object_loss=0.50702047348 distance_loss=1.22310960293
Iteration 58 of 100: loss=1.56879162788 object_loss=0.345515906811 distance_loss=1.22327578068
Iteration 59 of 100: loss=1.52187716961 object_loss=0.298415452242 distance_loss=1.22346174717
Iteration 60 of 100: loss=1.5721732378 object_loss=0.348664164543 distance_loss=1.22350907326
Iteration 61 of 100: loss=1.57783508301 object_loss=0.35435885191 distance_loss=1.22347617149
Iteration 62 of 100: loss=1.67109143734 object_loss=0.447501897812 distance_loss=1.22358953953
Iteration 63 of 100: loss=1.58329617977 object_loss=0.359401673079 distance_loss=1.22389447689
Iteration 64 of 100: loss=1.61488604546 object_loss=0.390949070454 distance_loss=1.22393703461
Iteration 65 of 100: loss=1.56831431389 object_loss=0.34403565526 distance_loss=1.22427868843
Iteration 66 of 100: loss=1.5019108057 object_loss=0.27751109004 distance_loss=1.22439968586
Iteration 67 of 100: loss=1.91014277935 object_loss=0.685813188553 distance_loss=1.2243295908
Iteration 68 of 100: loss=1.82262849808 object_loss=0.598545014858 distance_loss=1.22408354282
Iteration 69 of 100: loss=1.56508123875 object_loss=0.340998917818 distance_loss=1.22408235073
Iteration 70 of 100: loss=1.53724622726 object_loss=0.313053280115 distance_loss=1.22419297695
Iteration 71 of 100: loss=1.55203413963 object_loss=0.327871978283 distance_loss=1.22416222095
Iteration 72 of 100: loss=1.52845609188 object_loss=0.304806619883 distance_loss=1.2236495018
Iteration 73 of 100: loss=1.54405999184 object_loss=0.320326089859 distance_loss=1.22373390198
Iteration 74 of 100: loss=1.46730744839 object_loss=0.243647292256 distance_loss=1.22366011143
Iteration 75 of 100: loss=1.44388306141 object_loss=0.220364227891 distance_loss=1.22351884842
Iteration 76 of 100: loss=1.48215103149 object_loss=0.258900761604 distance_loss=1.22325026989
Iteration 77 of 100: loss=1.44590008259 object_loss=0.222772598267 distance_loss=1.22312748432
Iteration 78 of 100: loss=1.45796406269 object_loss=0.234852641821 distance_loss=1.22311139107
Iteration 79 of 100: loss=1.43031597137 object_loss=0.207224726677 distance_loss=1.2230912447
Iteration 80 of 100: loss=1.50684905052 object_loss=0.283695846796 distance_loss=1.22315323353
Iteration 81 of 100: loss=1.51019859314 object_loss=0.287153661251 distance_loss=1.22304499149
Iteration 82 of 100: loss=1.4964261055 object_loss=0.27339220047 distance_loss=1.22303390503
Iteration 83 of 100: loss=1.59520685673 object_loss=0.372168779373 distance_loss=1.22303807735
Iteration 84 of 100: loss=1.53655934334 object_loss=0.313444852829 distance_loss=1.22311449051
Iteration 85 of 100: loss=1.55272305012 object_loss=0.329657703638 distance_loss=1.22306537628
Iteration 86 of 100: loss=1.52596187592 object_loss=0.302945047617 distance_loss=1.2230168581
Iteration 87 of 100: loss=1.51351344585 object_loss=0.290434837341 distance_loss=1.22307860851
Iteration 88 of 100: loss=1.50010991096 object_loss=0.277395576239 distance_loss=1.22271430492
Iteration 89 of 100: loss=1.53424465656 object_loss=0.311434268951 distance_loss=1.22281038761
Iteration 90 of 100: loss=1.56147909164 object_loss=0.338599562645 distance_loss=1.222879529
Iteration 91 of 100: loss=1.53786981106 object_loss=0.315090894699 distance_loss=1.22277891636
Iteration 92 of 100: loss=1.50050103664 object_loss=0.277999639511 distance_loss=1.22250139713
Iteration 93 of 100: loss=1.50059366226 object_loss=0.278173804283 distance_loss=1.22241985798
Iteration 94 of 100: loss=1.45942795277 object_loss=0.237183123827 distance_loss=1.22224485874
Iteration 95 of 100: loss=1.56373596191 object_loss=0.341819912195 distance_loss=1.22191607952
Iteration 96 of 100: loss=1.53583359718 object_loss=0.314165562391 distance_loss=1.22166800499
Iteration 97 of 100: loss=1.5263286829 object_loss=0.304852604866 distance_loss=1.22147607803
Iteration 98 of 100: loss=1.55657958984 object_loss=0.335056781769 distance_loss=1.22152280807
Iteration 99 of 100: loss=1.61791110039 object_loss=0.396229952574 distance_loss=1.22168111801
Iteration 0 of 100: loss=1.56016850471 object_loss=0.338669866323 distance_loss=1.22149860859
Iteration 1 of 100: loss=1.47506725788 object_loss=0.253588557243 distance_loss=1.22147870064
Iteration 2 of 100: loss=1.43271255493 object_loss=0.211115390062 distance_loss=1.22159719467
Iteration 3 of 100: loss=1.44532608986 object_loss=0.223649084568 distance_loss=1.2216770649
Iteration 4 of 100: loss=1.51180815697 object_loss=0.290078818798 distance_loss=1.22172939777
Iteration 5 of 100: loss=1.57468795776 object_loss=0.352936297655 distance_loss=1.22175168991
Iteration 6 of 100: loss=1.60632169247 object_loss=0.384427666664 distance_loss=1.2218940258
Iteration 7 of 100: loss=1.53372323513 object_loss=0.311710953712 distance_loss=1.22201228142
Iteration 8 of 100: loss=1.57032680511 object_loss=0.348564088345 distance_loss=1.22176277637
Iteration 9 of 100: loss=1.53646409512 object_loss=0.314706176519 distance_loss=1.22175788879
Iteration 10 of 100: loss=1.53605568409 object_loss=0.313912421465 distance_loss=1.22214329243
Iteration 11 of 100: loss=1.62910652161 object_loss=0.40685069561 distance_loss=1.222255826
Iteration 12 of 100: loss=1.6303935051 object_loss=0.408636122942 distance_loss=1.22175741196
Iteration 13 of 100: loss=1.69790172577 object_loss=0.475972473621 distance_loss=1.22192931175
Iteration 14 of 100: loss=1.50928175449 object_loss=0.287073165178 distance_loss=1.22220861912
Iteration 15 of 100: loss=1.53591072559 object_loss=0.313599944115 distance_loss=1.22231078148
Iteration 16 of 100: loss=1.71597909927 object_loss=0.493790447712 distance_loss=1.22218859196
Iteration 17 of 100: loss=1.72939503193 object_loss=0.507235646248 distance_loss=1.22215938568
Iteration 18 of 100: loss=1.71451616287 object_loss=0.492499232292 distance_loss=1.22201693058
Iteration 19 of 100: loss=1.69213795662 object_loss=0.470118820667 distance_loss=1.22201919556
Iteration 20 of 100: loss=1.62785816193 object_loss=0.405914962292 distance_loss=1.22194314003
Iteration 21 of 100: loss=1.62246227264 object_loss=0.400577187538 distance_loss=1.22188508511
Iteration 22 of 100: loss=1.55090069771 object_loss=0.329039424658 distance_loss=1.22186124325
Iteration 23 of 100: loss=1.56071722507 object_loss=0.338852316141 distance_loss=1.22186493874
Iteration 24 of 100: loss=1.5107575655 object_loss=0.289001256227 distance_loss=1.22175633907
Iteration 25 of 100: loss=1.45858407021 object_loss=0.236729979515 distance_loss=1.22185409069
Iteration 26 of 100: loss=1.37945330143 object_loss=0.157698079944 distance_loss=1.22175526619
Iteration 27 of 100: loss=1.39385938644 object_loss=0.172056019306 distance_loss=1.22180342674
Iteration 28 of 100: loss=1.3688980341 object_loss=0.147114440799 distance_loss=1.221783638
Iteration 29 of 100: loss=1.41245961189 object_loss=0.190565049648 distance_loss=1.22189450264
Iteration 30 of 100: loss=1.39376044273 object_loss=0.171964228153 distance_loss=1.22179615498
Iteration 31 of 100: loss=1.39373588562 object_loss=0.172036185861 distance_loss=1.22169971466
Iteration 32 of 100: loss=1.36806845665 object_loss=0.146426141262 distance_loss=1.22164225578
Iteration 33 of 100: loss=1.38195800781 object_loss=0.160107508302 distance_loss=1.22185051441
Iteration 34 of 100: loss=1.33161830902 object_loss=0.109683990479 distance_loss=1.22193431854
Iteration 35 of 100: loss=1.36827886105 object_loss=0.146533146501 distance_loss=1.22174572945
Iteration 36 of 100: loss=1.37686824799 object_loss=0.155451700091 distance_loss=1.2214165926
Iteration 37 of 100: loss=1.39185369015 object_loss=0.170523136854 distance_loss=1.22133052349
Iteration 38 of 100: loss=1.37481129169 object_loss=0.153336033225 distance_loss=1.22147524357
Iteration 39 of 100: loss=1.36742436886 object_loss=0.145989447832 distance_loss=1.22143495083
Iteration 40 of 100: loss=1.38713729382 object_loss=0.165787890553 distance_loss=1.22134935856
Iteration 41 of 100: loss=1.51679730415 object_loss=0.29527503252 distance_loss=1.22152233124
Iteration 42 of 100: loss=1.39941048622 object_loss=0.177768960595 distance_loss=1.22164154053
Iteration 43 of 100: loss=1.40841531754 object_loss=0.186477974057 distance_loss=1.22193729877
Iteration 44 of 100: loss=1.39516663551 object_loss=0.173259705305 distance_loss=1.22190690041
Iteration 45 of 100: loss=1.38364696503 object_loss=0.161583974957 distance_loss=1.22206294537
Iteration 46 of 100: loss=1.39333617687 object_loss=0.171080440283 distance_loss=1.22225570679
Iteration 47 of 100: loss=1.41005706787 object_loss=0.187748640776 distance_loss=1.22230839729
Iteration 48 of 100: loss=1.41127669811 object_loss=0.189235672355 distance_loss=1.22204101086
Iteration 49 of 100: loss=1.38160181046 object_loss=0.159516632557 distance_loss=1.22208511829
Iteration 50 of 100: loss=1.37829828262 object_loss=0.155987560749 distance_loss=1.22231066227
Iteration 51 of 100: loss=1.38143277168 object_loss=0.159213066101 distance_loss=1.22221970558
Iteration 52 of 100: loss=1.38132369518 object_loss=0.159374967217 distance_loss=1.22194874287
Iteration 53 of 100: loss=1.36967027187 object_loss=0.147428005934 distance_loss=1.22224223614
Iteration 54 of 100: loss=1.37025225163 object_loss=0.14793048799 distance_loss=1.22232174873
Iteration 55 of 100: loss=1.39817547798 object_loss=0.175959259272 distance_loss=1.22221624851
Iteration 56 of 100: loss=1.35587620735 object_loss=0.133736670017 distance_loss=1.22213959694
Iteration 57 of 100: loss=1.36262392998 object_loss=0.14051386714 distance_loss=1.22211003304
Iteration 58 of 100: loss=1.40912497044 object_loss=0.186981648207 distance_loss=1.22214329243
Iteration 59 of 100: loss=1.40642797947 object_loss=0.18398077786 distance_loss=1.22244715691
Iteration 60 of 100: loss=1.33706259727 object_loss=0.114604413509 distance_loss=1.22245824337
Iteration 61 of 100: loss=1.3325060606 object_loss=0.110173419118 distance_loss=1.22233259678
Iteration 62 of 100: loss=1.33964216709 object_loss=0.117185518146 distance_loss=1.22245669365
Iteration 63 of 100: loss=1.33833551407 object_loss=0.115774042904 distance_loss=1.22256147861
Iteration 64 of 100: loss=1.41448950768 object_loss=0.191902533174 distance_loss=1.2225869894
Iteration 65 of 100: loss=1.37444698811 object_loss=0.151868849993 distance_loss=1.22257816792
Iteration 66 of 100: loss=1.36757671833 object_loss=0.144922181964 distance_loss=1.22265458107
Iteration 67 of 100: loss=1.3801548481 object_loss=0.157569900155 distance_loss=1.22258496284
Iteration 68 of 100: loss=1.44756865501 object_loss=0.22505094111 distance_loss=1.22251772881
Iteration 69 of 100: loss=1.38972651958 object_loss=0.167347744107 distance_loss=1.22237873077
Iteration 70 of 100: loss=1.37690556049 object_loss=0.154441699386 distance_loss=1.22246384621
Iteration 71 of 100: loss=1.37987208366 object_loss=0.157371640205 distance_loss=1.22250044346
Iteration 72 of 100: loss=1.36877667904 object_loss=0.146900758147 distance_loss=1.22187590599
Iteration 73 of 100: loss=1.36150610447 object_loss=0.139614492655 distance_loss=1.22189164162
Iteration 74 of 100: loss=1.34654545784 object_loss=0.124702438712 distance_loss=1.22184300423
Iteration 75 of 100: loss=1.34540879726 object_loss=0.123732946813 distance_loss=1.2216758728
Iteration 76 of 100: loss=1.34580588341 object_loss=0.124389901757 distance_loss=1.22141599655
Iteration 77 of 100: loss=1.34614300728 object_loss=0.124704919755 distance_loss=1.22143805027
Iteration 78 of 100: loss=1.35487949848 object_loss=0.133614897728 distance_loss=1.22126460075
Iteration 79 of 100: loss=1.42812132835 object_loss=0.206785082817 distance_loss=1.22133624554
Iteration 80 of 100: loss=1.45497202873 object_loss=0.233605548739 distance_loss=1.2213665247
Iteration 81 of 100: loss=1.43413090706 object_loss=0.212885677814 distance_loss=1.22124516964
Iteration 82 of 100: loss=1.47690010071 object_loss=0.255629211664 distance_loss=1.22127091885
Iteration 83 of 100: loss=1.46504867077 object_loss=0.243715405464 distance_loss=1.2213332653
Iteration 84 of 100: loss=1.4691722393 object_loss=0.248158752918 distance_loss=1.22101342678
Iteration 85 of 100: loss=1.4699716568 object_loss=0.248956769705 distance_loss=1.22101485729
Iteration 86 of 100: loss=1.45336067677 object_loss=0.232235521078 distance_loss=1.22112512589
Iteration 87 of 100: loss=1.44449877739 object_loss=0.223474889994 distance_loss=1.2210239172
Iteration 88 of 100: loss=1.4218108654 object_loss=0.200929537416 distance_loss=1.22088134289
Iteration 89 of 100: loss=1.42274904251 object_loss=0.20187933743 distance_loss=1.22086966038
Iteration 90 of 100: loss=1.47924184799 object_loss=0.258302241564 distance_loss=1.22093963623
Iteration 91 of 100: loss=1.47786593437 object_loss=0.25692692399 distance_loss=1.22093904018
Iteration 92 of 100: loss=1.48061299324 object_loss=0.25992244482 distance_loss=1.22069060802
Iteration 93 of 100: loss=1.48866963387 object_loss=0.267871707678 distance_loss=1.22079789639
Iteration 94 of 100: loss=1.55848908424 object_loss=0.337491989136 distance_loss=1.22099709511
Iteration 95 of 100: loss=1.63625073433 object_loss=0.415337651968 distance_loss=1.22091305256
Iteration 96 of 100: loss=1.54193818569 object_loss=0.321248143911 distance_loss=1.22069001198
Iteration 97 of 100: loss=1.43140399456 object_loss=0.210649371147 distance_loss=1.22075462341
Iteration 98 of 100: loss=1.35527038574 object_loss=0.134433552623 distance_loss=1.22083687782
Iteration 99 of 100: loss=1.3793746233 object_loss=0.15831412375 distance_loss=1.22106051445
Iteration 0 of 100: loss=1.33184254169 object_loss=0.110547199845 distance_loss=1.22129535675
Iteration 1 of 100: loss=1.37061452866 object_loss=0.149283975363 distance_loss=1.22133052349
Iteration 2 of 100: loss=1.38381278515 object_loss=0.162573590875 distance_loss=1.22123920918
Iteration 3 of 100: loss=1.37859845161 object_loss=0.157352715731 distance_loss=1.22124576569
Iteration 4 of 100: loss=1.38349413872 object_loss=0.162192046642 distance_loss=1.22130203247
Iteration 5 of 100: loss=1.40729248524 object_loss=0.185792893171 distance_loss=1.22149956226
Iteration 6 of 100: loss=1.41685056686 object_loss=0.195245444775 distance_loss=1.22160518169
Iteration 7 of 100: loss=1.42495453358 object_loss=0.203461199999 distance_loss=1.22149336338
Iteration 8 of 100: loss=1.41174054146 object_loss=0.190382018685 distance_loss=1.22135853767
Iteration 9 of 100: loss=1.4025323391 object_loss=0.180883809924 distance_loss=1.22164857388
Iteration 10 of 100: loss=1.40374445915 object_loss=0.181905090809 distance_loss=1.22183942795
Iteration 11 of 100: loss=1.40895676613 object_loss=0.187105804682 distance_loss=1.22185099125
Iteration 12 of 100: loss=1.41946208477 object_loss=0.197974577546 distance_loss=1.22148752213
Iteration 13 of 100: loss=1.39693617821 object_loss=0.175301134586 distance_loss=1.22163510323
Iteration 14 of 100: loss=1.38087439537 object_loss=0.159140482545 distance_loss=1.22173392773
Iteration 15 of 100: loss=1.3910125494 object_loss=0.169191271067 distance_loss=1.22182130814
Iteration 16 of 100: loss=1.39508056641 object_loss=0.173504650593 distance_loss=1.22157585621
Iteration 17 of 100: loss=1.3821464777 object_loss=0.16050554812 distance_loss=1.22164094448
Iteration 18 of 100: loss=1.36629760265 object_loss=0.144288405776 distance_loss=1.22200918198
Iteration 19 of 100: loss=1.37866616249 object_loss=0.156506955624 distance_loss=1.22215926647
Iteration 20 of 100: loss=1.37030172348 object_loss=0.14823974669 distance_loss=1.22206199169
Iteration 21 of 100: loss=1.37512695789 object_loss=0.153075441718 distance_loss=1.22205150127
Iteration 22 of 100: loss=1.36765265465 object_loss=0.145332157612 distance_loss=1.22232043743
Iteration 23 of 100: loss=1.37392032146 object_loss=0.151397794485 distance_loss=1.22252249718
Iteration 24 of 100: loss=1.3868086338 object_loss=0.164280593395 distance_loss=1.22252810001
Iteration 25 of 100: loss=1.37027382851 object_loss=0.147878333926 distance_loss=1.22239553928
Iteration 26 of 100: loss=1.40982723236 object_loss=0.187303110957 distance_loss=1.22252416611
Iteration 27 of 100: loss=1.4101831913 object_loss=0.187532603741 distance_loss=1.22265052795
Iteration 28 of 100: loss=1.44679737091 object_loss=0.224089086056 distance_loss=1.22270822525
Iteration 29 of 100: loss=1.5144174099 object_loss=0.291497528553 distance_loss=1.22291982174
Iteration 30 of 100: loss=1.50037920475 object_loss=0.277337282896 distance_loss=1.22304189205
Iteration 31 of 100: loss=1.53240156174 object_loss=0.309102475643 distance_loss=1.2232991457
Iteration 32 of 100: loss=1.50982999802 object_loss=0.286764383316 distance_loss=1.2230656147
Iteration 33 of 100: loss=1.41324949265 object_loss=0.189852192998 distance_loss=1.22339725494
Iteration 34 of 100: loss=1.42207443714 object_loss=0.1986438483 distance_loss=1.22343063354
Iteration 35 of 100: loss=1.40247452259 object_loss=0.17897708714 distance_loss=1.22349739075
Iteration 36 of 100: loss=1.37484109402 object_loss=0.151383534074 distance_loss=1.22345757484
Iteration 37 of 100: loss=1.40565943718 object_loss=0.182218596339 distance_loss=1.22344088554
Iteration 38 of 100: loss=1.412088871 object_loss=0.188666641712 distance_loss=1.22342228889
Iteration 39 of 100: loss=1.39862012863 object_loss=0.175419509411 distance_loss=1.22320067883
Iteration 40 of 100: loss=1.42704284191 object_loss=0.20391869545 distance_loss=1.22312414646
Iteration 41 of 100: loss=1.3875054121 object_loss=0.164578571916 distance_loss=1.22292685509
Iteration 42 of 100: loss=1.43838167191 object_loss=0.21555031836 distance_loss=1.22283136845
Iteration 43 of 100: loss=1.39917457104 object_loss=0.176259085536 distance_loss=1.2229155302
Iteration 44 of 100: loss=1.36074113846 object_loss=0.137840792537 distance_loss=1.22290039062
Iteration 45 of 100: loss=1.40079200268 object_loss=0.177929073572 distance_loss=1.22286295891
Iteration 46 of 100: loss=1.43400073051 object_loss=0.210952118039 distance_loss=1.22304856777
Iteration 47 of 100: loss=1.54677224159 object_loss=0.323701024055 distance_loss=1.22307121754
Iteration 48 of 100: loss=1.41880476475 object_loss=0.19580629468 distance_loss=1.22299849987
Iteration 49 of 100: loss=1.41393494606 object_loss=0.190783664584 distance_loss=1.22315132618
Iteration 50 of 100: loss=1.42515897751 object_loss=0.20182852447 distance_loss=1.22333049774
Iteration 51 of 100: loss=1.45814085007 object_loss=0.234678089619 distance_loss=1.22346282005
Iteration 52 of 100: loss=1.40637373924 object_loss=0.183072030544 distance_loss=1.2233017683
Iteration 53 of 100: loss=1.42825746536 object_loss=0.204776540399 distance_loss=1.22348093987
Iteration 54 of 100: loss=1.39829778671 object_loss=0.174566417933 distance_loss=1.22373139858
Iteration 55 of 100: loss=1.42511343956 object_loss=0.201126039028 distance_loss=1.22398734093
Iteration 56 of 100: loss=1.40204310417 object_loss=0.17827270925 distance_loss=1.22377038002
Iteration 57 of 100: loss=1.4058637619 object_loss=0.181902363896 distance_loss=1.2239613533
Iteration 58 of 100: loss=1.39335954189 object_loss=0.16918258369 distance_loss=1.22417700291
Iteration 59 of 100: loss=1.37282311916 object_loss=0.148621752858 distance_loss=1.2242013216
Iteration 60 of 100: loss=1.37285649776 object_loss=0.14843763411 distance_loss=1.22441887856
Iteration 61 of 100: loss=1.33034932613 object_loss=0.105699814856 distance_loss=1.22464954853
Iteration 62 of 100: loss=1.3575835228 object_loss=0.132881268859 distance_loss=1.22470223904
Iteration 63 of 100: loss=1.34358119965 object_loss=0.118777379394 distance_loss=1.22480380535
Iteration 64 of 100: loss=1.36815524101 object_loss=0.143239349127 distance_loss=1.22491586208
Iteration 65 of 100: loss=1.41588687897 object_loss=0.190873533487 distance_loss=1.22501337528
Iteration 66 of 100: loss=1.37523233891 object_loss=0.149917602539 distance_loss=1.22531473637
Iteration 67 of 100: loss=1.38357269764 object_loss=0.157982259989 distance_loss=1.22559046745
Iteration 68 of 100: loss=1.38215124607 object_loss=0.156830742955 distance_loss=1.22532045841
Iteration 69 of 100: loss=1.3800444603 object_loss=0.154511988163 distance_loss=1.22553253174
Iteration 70 of 100: loss=1.39120471478 object_loss=0.165515229106 distance_loss=1.22568953037
Iteration 71 of 100: loss=1.4966571331 object_loss=0.271040052176 distance_loss=1.22561705112
Iteration 72 of 100: loss=1.42018902302 object_loss=0.194595858455 distance_loss=1.22559320927
Iteration 73 of 100: loss=1.42176103592 object_loss=0.196007370949 distance_loss=1.22575366497
Iteration 74 of 100: loss=1.42783784866 object_loss=0.202098578215 distance_loss=1.22573924065
Iteration 75 of 100: loss=1.44570612907 object_loss=0.220019251108 distance_loss=1.22568690777
Iteration 76 of 100: loss=1.51912927628 object_loss=0.293568283319 distance_loss=1.22556102276
Iteration 77 of 100: loss=1.45610010624 object_loss=0.230685070157 distance_loss=1.22541499138
Iteration 78 of 100: loss=1.39989972115 object_loss=0.174377545714 distance_loss=1.22552216053
Iteration 79 of 100: loss=1.3490575552 object_loss=0.123419038951 distance_loss=1.2256385088
Iteration 80 of 100: loss=1.34753751755 object_loss=0.122026912868 distance_loss=1.22551059723
Iteration 81 of 100: loss=1.3478705883 object_loss=0.122295208275 distance_loss=1.22557532787
Iteration 82 of 100: loss=1.35700500011 object_loss=0.131214365363 distance_loss=1.22579061985
Iteration 83 of 100: loss=1.35880744457 object_loss=0.13288256526 distance_loss=1.22592484951
Iteration 84 of 100: loss=1.36066579819 object_loss=0.134819239378 distance_loss=1.22584652901
Iteration 85 of 100: loss=1.35009860992 object_loss=0.12410736084 distance_loss=1.22599124908
Iteration 86 of 100: loss=1.36262345314 object_loss=0.136595517397 distance_loss=1.22602796555
Iteration 87 of 100: loss=1.38110589981 object_loss=0.155028924346 distance_loss=1.22607696056
Iteration 88 of 100: loss=1.38279211521 object_loss=0.156915709376 distance_loss=1.22587645054
Iteration 89 of 100: loss=1.35740613937 object_loss=0.131378382444 distance_loss=1.22602772713
Iteration 90 of 100: loss=1.36521244049 object_loss=0.138947322965 distance_loss=1.22626507282
Iteration 91 of 100: loss=1.37522387505 object_loss=0.149004772305 distance_loss=1.22621905804
Iteration 92 of 100: loss=1.37388026714 object_loss=0.148125290871 distance_loss=1.22575497627
Iteration 93 of 100: loss=1.37878704071 object_loss=0.152833625674 distance_loss=1.22595345974
Iteration 94 of 100: loss=1.39823281765 object_loss=0.171966567636 distance_loss=1.22626626492
Iteration 95 of 100: loss=1.386469841 object_loss=0.160008326173 distance_loss=1.22646152973
Iteration 96 of 100: loss=1.35845780373 object_loss=0.132106900215 distance_loss=1.22635090351
Iteration 97 of 100: loss=1.36822128296 object_loss=0.141838043928 distance_loss=1.22638320923
Iteration 98 of 100: loss=1.41448616982 object_loss=0.188230931759 distance_loss=1.22625517845
Iteration 99 of 100: loss=1.43782782555 object_loss=0.211609855294 distance_loss=1.22621798515
Iteration 0 of 100: loss=1.45005893707 object_loss=0.223754674196 distance_loss=1.22630429268
Iteration 1 of 100: loss=1.41292786598 object_loss=0.186835646629 distance_loss=1.22609221935
Iteration 2 of 100: loss=1.4188284874 object_loss=0.192678570747 distance_loss=1.22614991665
Iteration 3 of 100: loss=1.39721000195 object_loss=0.17086777091 distance_loss=1.22634220123
Iteration 4 of 100: loss=1.4953045845 object_loss=0.269193887711 distance_loss=1.22611069679
Iteration 5 of 100: loss=1.38524019718 object_loss=0.159462958574 distance_loss=1.22577726841
Iteration 6 of 100: loss=1.39691710472 object_loss=0.17120334506 distance_loss=1.22571372986
Iteration 7 of 100: loss=1.38563084602 object_loss=0.16009324789 distance_loss=1.22553765774
Iteration 8 of 100: loss=1.3809658289 object_loss=0.155625060201 distance_loss=1.22534072399
Iteration 9 of 100: loss=1.3778949976 object_loss=0.152667537332 distance_loss=1.22522747517
Iteration 10 of 100: loss=1.37696707249 object_loss=0.151851609349 distance_loss=1.22511541843
Iteration 11 of 100: loss=1.35061740875 object_loss=0.125402078032 distance_loss=1.22521531582
Iteration 12 of 100: loss=1.3504704237 object_loss=0.125499874353 distance_loss=1.22497057915
Iteration 13 of 100: loss=1.34743094444 object_loss=0.122229605913 distance_loss=1.22520136833
Iteration 14 of 100: loss=1.34909808636 object_loss=0.123811863363 distance_loss=1.22528624535
Iteration 15 of 100: loss=1.40314221382 object_loss=0.177886620164 distance_loss=1.22525560856
Iteration 16 of 100: loss=1.41828215122 object_loss=0.193277224898 distance_loss=1.22500491142
Iteration 17 of 100: loss=1.42445921898 object_loss=0.199323534966 distance_loss=1.22513568401
Iteration 18 of 100: loss=1.4149326086 object_loss=0.189873337746 distance_loss=1.22505927086
Iteration 19 of 100: loss=1.46426391602 object_loss=0.239182129502 distance_loss=1.22508180141
Iteration 20 of 100: loss=1.41077542305 object_loss=0.185534089804 distance_loss=1.22524130344
Iteration 21 of 100: loss=1.46514344215 object_loss=0.23970797658 distance_loss=1.22543549538
Iteration 22 of 100: loss=1.49812924862 object_loss=0.2725469172 distance_loss=1.22558236122
Iteration 23 of 100: loss=1.52028036118 object_loss=0.294288337231 distance_loss=1.22599208355
Iteration 24 of 100: loss=1.3807425499 object_loss=0.154510080814 distance_loss=1.22623252869
Iteration 25 of 100: loss=1.41458642483 object_loss=0.18803486228 distance_loss=1.22655153275
Iteration 26 of 100: loss=1.38490748405 object_loss=0.158035591245 distance_loss=1.22687184811
Iteration 27 of 100: loss=1.35790932178 object_loss=0.130955696106 distance_loss=1.22695362568
Iteration 28 of 100: loss=1.36396861076 object_loss=0.137183204293 distance_loss=1.22678542137
Iteration 29 of 100: loss=1.36610651016 object_loss=0.139121964574 distance_loss=1.22698450089
Iteration 30 of 100: loss=1.39884185791 object_loss=0.171463370323 distance_loss=1.22737848759
Iteration 31 of 100: loss=1.40037977695 object_loss=0.172992840409 distance_loss=1.22738695145
Iteration 32 of 100: loss=1.52388000488 object_loss=0.29669636488 distance_loss=1.22718369961
Iteration 33 of 100: loss=1.43356883526 object_loss=0.206189379096 distance_loss=1.22737944126
Iteration 34 of 100: loss=1.43804204464 object_loss=0.210439413786 distance_loss=1.22760260105
Iteration 35 of 100: loss=1.4386177063 object_loss=0.210995838046 distance_loss=1.22762191296
Iteration 36 of 100: loss=1.4653557539 object_loss=0.23781658709 distance_loss=1.22753918171
Iteration 37 of 100: loss=1.42517340183 object_loss=0.19761030376 distance_loss=1.22756314278
Iteration 38 of 100: loss=1.42501115799 object_loss=0.197391703725 distance_loss=1.22761940956
Iteration 39 of 100: loss=1.39740490913 object_loss=0.169638410211 distance_loss=1.22776651382
Iteration 40 of 100: loss=1.39937865734 object_loss=0.17183816433 distance_loss=1.22754049301
Iteration 41 of 100: loss=1.39923620224 object_loss=0.171523317695 distance_loss=1.22771286964
Iteration 42 of 100: loss=1.45567858219 object_loss=0.227925404906 distance_loss=1.22775316238
Iteration 43 of 100: loss=1.40490996838 object_loss=0.177136182785 distance_loss=1.22777378559
Iteration 44 of 100: loss=1.3963394165 object_loss=0.168447762728 distance_loss=1.22789168358
Iteration 45 of 100: loss=1.38698101044 object_loss=0.159027725458 distance_loss=1.22795331478
Iteration 46 of 100: loss=1.38676309586 object_loss=0.158798694611 distance_loss=1.22796440125
Iteration 47 of 100: loss=1.38734543324 object_loss=0.159447818995 distance_loss=1.22789764404
Iteration 48 of 100: loss=1.38309276104 object_loss=0.155226901174 distance_loss=1.22786581516
Iteration 49 of 100: loss=1.38911783695 object_loss=0.161147370934 distance_loss=1.22797048092
Iteration 50 of 100: loss=1.39458203316 object_loss=0.166368320584 distance_loss=1.22821366787
Iteration 51 of 100: loss=1.39814054966 object_loss=0.169825226068 distance_loss=1.22831535339
Iteration 52 of 100: loss=1.36467933655 object_loss=0.136851727962 distance_loss=1.22782766819
Iteration 53 of 100: loss=1.36621260643 object_loss=0.1382522434 distance_loss=1.22796034813
Iteration 54 of 100: loss=1.35992741585 object_loss=0.131928145885 distance_loss=1.22799921036
Iteration 55 of 100: loss=1.35983133316 object_loss=0.13180410862 distance_loss=1.22802722454
Iteration 56 of 100: loss=1.35973441601 object_loss=0.131797924638 distance_loss=1.22793650627
Iteration 57 of 100: loss=1.34853076935 object_loss=0.120835028589 distance_loss=1.22769570351
Iteration 58 of 100: loss=1.37704694271 object_loss=0.149420619011 distance_loss=1.2276263237
Iteration 59 of 100: loss=1.34881031513 object_loss=0.120917215943 distance_loss=1.22789311409
Iteration 60 of 100: loss=1.34799814224 object_loss=0.120093859732 distance_loss=1.22790431976
Iteration 61 of 100: loss=1.35480594635 object_loss=0.126988530159 distance_loss=1.22781741619
Iteration 62 of 100: loss=1.35944366455 object_loss=0.131475955248 distance_loss=1.22796773911
Iteration 63 of 100: loss=1.366071105 object_loss=0.137990221381 distance_loss=1.22808086872
Iteration 64 of 100: loss=1.36444544792 object_loss=0.136555477977 distance_loss=1.22789001465
Iteration 65 of 100: loss=1.38154947758 object_loss=0.153745308518 distance_loss=1.22780418396
Iteration 66 of 100: loss=1.38155567646 object_loss=0.153714507818 distance_loss=1.22784113884
Iteration 67 of 100: loss=1.39155375957 object_loss=0.163723692298 distance_loss=1.22783005238
Iteration 68 of 100: loss=1.39117980003 object_loss=0.163454025984 distance_loss=1.22772574425
Iteration 69 of 100: loss=1.3734139204 object_loss=0.145666986704 distance_loss=1.2277469635
Iteration 70 of 100: loss=1.37893903255 object_loss=0.151066467166 distance_loss=1.22787261009
Iteration 71 of 100: loss=1.37934303284 object_loss=0.15149730444 distance_loss=1.22784566879
Iteration 72 of 100: loss=1.38648450375 object_loss=0.158953920007 distance_loss=1.22753059864
Iteration 73 of 100: loss=1.39567446709 object_loss=0.167964577675 distance_loss=1.22770988941
Iteration 74 of 100: loss=1.39597415924 object_loss=0.168300032616 distance_loss=1.22767412663
Iteration 75 of 100: loss=1.39565885067 object_loss=0.168038085103 distance_loss=1.22762072086
Iteration 76 of 100: loss=1.39682555199 object_loss=0.169410228729 distance_loss=1.22741532326
Iteration 77 of 100: loss=1.37080538273 object_loss=0.143313929439 distance_loss=1.22749149799
Iteration 78 of 100: loss=1.37045109272 object_loss=0.142918854952 distance_loss=1.22753226757
Iteration 79 of 100: loss=1.35316359997 object_loss=0.125556752086 distance_loss=1.22760689259
Iteration 80 of 100: loss=1.34242761135 object_loss=0.114797912538 distance_loss=1.22762966156
Iteration 81 of 100: loss=1.3324432373 object_loss=0.10493850708 distance_loss=1.22750473022
Iteration 82 of 100: loss=1.3335288763 object_loss=0.106139980257 distance_loss=1.2273888588
Iteration 83 of 100: loss=1.33723366261 object_loss=0.109901666641 distance_loss=1.22733199596
Iteration 84 of 100: loss=1.33730983734 object_loss=0.109911181033 distance_loss=1.22739863396
Iteration 85 of 100: loss=1.35191035271 object_loss=0.124485522509 distance_loss=1.22742486
Iteration 86 of 100: loss=1.3394317627 object_loss=0.11196192354 distance_loss=1.2274698019
Iteration 87 of 100: loss=1.33929276466 object_loss=0.111803978682 distance_loss=1.22748875618
Iteration 88 of 100: loss=1.33605933189 object_loss=0.108901515603 distance_loss=1.22715783119
Iteration 89 of 100: loss=1.32873046398 object_loss=0.101714275777 distance_loss=1.22701621056
Iteration 90 of 100: loss=1.32977902889 object_loss=0.102571554482 distance_loss=1.22720742226
Iteration 91 of 100: loss=1.33111000061 object_loss=0.103959619999 distance_loss=1.22715032101
Iteration 92 of 100: loss=1.32680583 object_loss=0.100082658231 distance_loss=1.22672319412
Iteration 93 of 100: loss=1.33439517021 object_loss=0.107457526028 distance_loss=1.22693765163
Iteration 94 of 100: loss=1.32207393646 object_loss=0.0951127931476 distance_loss=1.22696113586
Iteration 95 of 100: loss=1.32154643536 object_loss=0.0946812778711 distance_loss=1.22686517239
Iteration 96 of 100: loss=1.32094502449 object_loss=0.0944112613797 distance_loss=1.22653377056
Iteration 97 of 100: loss=1.31465065479 object_loss=0.0881501957774 distance_loss=1.22650051117
Iteration 98 of 100: loss=1.31704699993 object_loss=0.0905439853668 distance_loss=1.22650301456
Iteration 99 of 100: loss=1.33648717403 object_loss=0.110016480088 distance_loss=1.22647070885
Iteration 0 of 100: loss=1.34870421886 object_loss=0.122538521886 distance_loss=1.22616565228
Iteration 1 of 100: loss=1.35177242756 object_loss=0.125744074583 distance_loss=1.22602832317
Iteration 2 of 100: loss=1.34853291512 object_loss=0.122418180108 distance_loss=1.22611474991
Iteration 3 of 100: loss=1.35132169724 object_loss=0.125254020095 distance_loss=1.22606766224
Iteration 4 of 100: loss=1.37013947964 object_loss=0.144149050117 distance_loss=1.22599041462
Iteration 5 of 100: loss=1.36104905605 object_loss=0.135046362877 distance_loss=1.22600269318
Iteration 6 of 100: loss=1.39192092419 object_loss=0.165930971503 distance_loss=1.22598993778
Iteration 7 of 100: loss=1.38382720947 object_loss=0.157871156931 distance_loss=1.22595608234
Iteration 8 of 100: loss=1.40169322491 object_loss=0.175892338157 distance_loss=1.22580087185
Iteration 9 of 100: loss=1.39965581894 object_loss=0.173859760165 distance_loss=1.22579610348
Iteration 10 of 100: loss=1.39364564419 object_loss=0.167723283172 distance_loss=1.22592234612
Iteration 11 of 100: loss=1.38895773888 object_loss=0.162922441959 distance_loss=1.22603535652
Iteration 12 of 100: loss=1.38754606247 object_loss=0.161947071552 distance_loss=1.22559893131
Iteration 13 of 100: loss=1.38372302055 object_loss=0.158003777266 distance_loss=1.22571921349
Iteration 14 of 100: loss=1.38460958004 object_loss=0.158950820565 distance_loss=1.22565877438
Iteration 15 of 100: loss=1.37351632118 object_loss=0.147817581892 distance_loss=1.22569870949
Iteration 16 of 100: loss=1.35039961338 object_loss=0.124723307788 distance_loss=1.22567629814
Iteration 17 of 100: loss=1.39714586735 object_loss=0.171365380287 distance_loss=1.22578048706
Iteration 18 of 100: loss=1.34803259373 object_loss=0.122193291783 distance_loss=1.22583925724
Iteration 19 of 100: loss=1.33441579342 object_loss=0.108501769602 distance_loss=1.22591400146
Iteration 20 of 100: loss=1.3311829567 object_loss=0.105184391141 distance_loss=1.22599852085
Iteration 21 of 100: loss=1.3420933485 object_loss=0.116300463676 distance_loss=1.22579288483
Iteration 22 of 100: loss=1.34679710865 object_loss=0.120739974082 distance_loss=1.22605717182
Iteration 23 of 100: loss=1.36412143707 object_loss=0.137846142054 distance_loss=1.22627532482
Iteration 24 of 100: loss=1.36101198196 object_loss=0.134867727757 distance_loss=1.22614431381
Iteration 25 of 100: loss=1.36188721657 object_loss=0.135572165251 distance_loss=1.22631502151
Iteration 26 of 100: loss=1.39403343201 object_loss=0.167679056525 distance_loss=1.22635436058
Iteration 27 of 100: loss=1.39931082726 object_loss=0.173034444451 distance_loss=1.22627639771
Iteration 28 of 100: loss=1.40484273434 object_loss=0.17862996459 distance_loss=1.22621273994
Iteration 29 of 100: loss=1.39614534378 object_loss=0.169733822346 distance_loss=1.22641146183
Iteration 30 of 100: loss=1.38359761238 object_loss=0.157248556614 distance_loss=1.22634899616
Iteration 31 of 100: loss=1.38926744461 object_loss=0.162780195475 distance_loss=1.22648727894
Iteration 32 of 100: loss=1.39597284794 object_loss=0.169721931219 distance_loss=1.22625088692
Iteration 33 of 100: loss=1.39015650749 object_loss=0.163847625256 distance_loss=1.22630894184
Iteration 34 of 100: loss=1.40907275677 object_loss=0.18268583715 distance_loss=1.22638690472
Iteration 35 of 100: loss=1.3952229023 object_loss=0.168997302651 distance_loss=1.22622561455
Iteration 36 of 100: loss=1.42870950699 object_loss=0.202847704291 distance_loss=1.2258617878
Iteration 37 of 100: loss=1.45078527927 object_loss=0.224915489554 distance_loss=1.22586977482
Iteration 38 of 100: loss=1.44277727604 object_loss=0.216946572065 distance_loss=1.22583067417
Iteration 39 of 100: loss=1.41669940948 object_loss=0.190826997161 distance_loss=1.22587239742
Iteration 40 of 100: loss=1.46591126919 object_loss=0.239977687597 distance_loss=1.22593355179
Iteration 41 of 100: loss=1.44612538815 object_loss=0.22043004632 distance_loss=1.22569537163
Iteration 42 of 100: loss=1.46129846573 object_loss=0.235734224319 distance_loss=1.22556424141
Iteration 43 of 100: loss=1.46839785576 object_loss=0.242908373475 distance_loss=1.22548949718
Iteration 44 of 100: loss=1.4868915081 object_loss=0.261510521173 distance_loss=1.22538101673
Iteration 45 of 100: loss=1.56110429764 object_loss=0.335920631886 distance_loss=1.22518360615
Iteration 46 of 100: loss=1.57522559166 object_loss=0.349901378155 distance_loss=1.22532427311
Iteration 47 of 100: loss=1.56871438026 object_loss=0.343385905027 distance_loss=1.22532844543
Iteration 48 of 100: loss=1.56467413902 object_loss=0.3396705091 distance_loss=1.22500360012
Iteration 49 of 100: loss=1.56129097939 object_loss=0.336197793484 distance_loss=1.22509324551
Iteration 50 of 100: loss=1.58838331699 object_loss=0.36325147748 distance_loss=1.22513186932
Iteration 51 of 100: loss=1.61053621769 object_loss=0.385363131762 distance_loss=1.22517311573
Iteration 52 of 100: loss=1.55017542839 object_loss=0.325394332409 distance_loss=1.22478115559
Iteration 53 of 100: loss=1.51058661938 object_loss=0.285804867744 distance_loss=1.22478175163
Iteration 54 of 100: loss=1.53548836708 object_loss=0.310827404261 distance_loss=1.22466099262
Iteration 55 of 100: loss=1.46375250816 object_loss=0.239115163684 distance_loss=1.22463738918
Iteration 56 of 100: loss=1.5477231741 object_loss=0.323233962059 distance_loss=1.22448921204
Iteration 57 of 100: loss=1.532807827 object_loss=0.308265417814 distance_loss=1.22454237938
Iteration 58 of 100: loss=1.54008746147 object_loss=0.315378963947 distance_loss=1.22470843792
Iteration 59 of 100: loss=1.61912560463 object_loss=0.394347459078 distance_loss=1.22477817535
Iteration 60 of 100: loss=1.60878610611 object_loss=0.384321331978 distance_loss=1.22446477413
Iteration 61 of 100: loss=1.60274541378 object_loss=0.378420680761 distance_loss=1.22432470322
Iteration 62 of 100: loss=1.57013845444 object_loss=0.345714718103 distance_loss=1.22442376614
Iteration 63 of 100: loss=1.58192062378 object_loss=0.357416957617 distance_loss=1.22450363636
Iteration 64 of 100: loss=1.52769076824 object_loss=0.303358763456 distance_loss=1.22433197498
Iteration 65 of 100: loss=1.5520362854 object_loss=0.327774703503 distance_loss=1.22426152229
Iteration 66 of 100: loss=1.5160677433 object_loss=0.29165443778 distance_loss=1.22441327572
Iteration 67 of 100: loss=1.53799855709 object_loss=0.313438802958 distance_loss=1.22455978394
Iteration 68 of 100: loss=1.63126111031 object_loss=0.406771481037 distance_loss=1.22448968887
Iteration 69 of 100: loss=1.58286929131 object_loss=0.358235895634 distance_loss=1.22463345528
Iteration 70 of 100: loss=1.57636868954 object_loss=0.351235151291 distance_loss=1.22513353825
Iteration 71 of 100: loss=1.62337803841 object_loss=0.397975981236 distance_loss=1.22540211678
Iteration 72 of 100: loss=1.58277249336 object_loss=0.357700645924 distance_loss=1.22507190704
Iteration 73 of 100: loss=1.57030797005 object_loss=0.345037400723 distance_loss=1.22527062893
Iteration 74 of 100: loss=1.60562038422 object_loss=0.379989802837 distance_loss=1.22563052177
Iteration 75 of 100: loss=1.52450060844 object_loss=0.29864770174 distance_loss=1.2258528471
Iteration 76 of 100: loss=1.45028758049 object_loss=0.224458381534 distance_loss=1.22582924366
Iteration 77 of 100: loss=1.45413088799 object_loss=0.228274568915 distance_loss=1.22585630417
Iteration 78 of 100: loss=1.55862522125 object_loss=0.332787334919 distance_loss=1.22583782673
Iteration 79 of 100: loss=1.54530572891 object_loss=0.319307804108 distance_loss=1.2259979248
Iteration 80 of 100: loss=1.57501745224 object_loss=0.348914921284 distance_loss=1.22610259056
Iteration 81 of 100: loss=1.49642252922 object_loss=0.27032789588 distance_loss=1.22609460354
Iteration 82 of 100: loss=1.53506934643 object_loss=0.309033840895 distance_loss=1.22603547573
Iteration 83 of 100: loss=1.48483598232 object_loss=0.258885711432 distance_loss=1.22595024109
Iteration 84 of 100: loss=1.36520147324 object_loss=0.139341324568 distance_loss=1.22586011887
Iteration 85 of 100: loss=1.44035339355 object_loss=0.214296638966 distance_loss=1.22605681419
Iteration 86 of 100: loss=1.47024071217 object_loss=0.244323030114 distance_loss=1.22591769695
Iteration 87 of 100: loss=1.43381989002 object_loss=0.208129420877 distance_loss=1.22569048405
Iteration 88 of 100: loss=1.40137028694 object_loss=0.175908252597 distance_loss=1.22546207905
Iteration 89 of 100: loss=1.45569849014 object_loss=0.230301856995 distance_loss=1.22539663315
Iteration 90 of 100: loss=1.43665647507 object_loss=0.211332678795 distance_loss=1.22532379627
Iteration 91 of 100: loss=1.44089007378 object_loss=0.215670526028 distance_loss=1.22521960735
Iteration 92 of 100: loss=1.46570277214 object_loss=0.240558072925 distance_loss=1.22514474392
Iteration 93 of 100: loss=1.36849653721 object_loss=0.142920866609 distance_loss=1.2255756855
Iteration 94 of 100: loss=1.45630466938 object_loss=0.230477303267 distance_loss=1.22582733631
Iteration 95 of 100: loss=1.46077644825 object_loss=0.234764575958 distance_loss=1.22601187229
Iteration 96 of 100: loss=1.38529574871 object_loss=0.159278318286 distance_loss=1.22601747513
Iteration 97 of 100: loss=1.35642135143 object_loss=0.130253985524 distance_loss=1.22616732121
Iteration 98 of 100: loss=1.36715328693 object_loss=0.140948802233 distance_loss=1.2262045145
Iteration 99 of 100: loss=1.3608174324 object_loss=0.134624540806 distance_loss=1.2261929512
Iteration 0 of 100: loss=1.32609260082 object_loss=0.099799066782 distance_loss=1.22629356384
Iteration 1 of 100: loss=1.41372227669 object_loss=0.187546446919 distance_loss=1.22617578506
Iteration 2 of 100: loss=1.37692916393 object_loss=0.15080845356 distance_loss=1.22612071037
Iteration 3 of 100: loss=1.37375330925 object_loss=0.147541001439 distance_loss=1.22621226311
Iteration 4 of 100: loss=1.40826797485 object_loss=0.182100564241 distance_loss=1.22616744041
Iteration 5 of 100: loss=1.38265836239 object_loss=0.156502112746 distance_loss=1.22615623474
Iteration 6 of 100: loss=1.39436244965 object_loss=0.168138891459 distance_loss=1.22622358799
Iteration 7 of 100: loss=1.35560941696 object_loss=0.129452392459 distance_loss=1.22615706921
Iteration 8 of 100: loss=1.44269323349 object_loss=0.217266976833 distance_loss=1.22542631626
Iteration 9 of 100: loss=1.43453323841 object_loss=0.209235772491 distance_loss=1.22529745102
Iteration 10 of 100: loss=1.40521502495 object_loss=0.17982339859 distance_loss=1.22539162636
Iteration 11 of 100: loss=1.41467571259 object_loss=0.189381465316 distance_loss=1.22529423237
Iteration 12 of 100: loss=1.36551845074 object_loss=0.140212759376 distance_loss=1.22530567646
Iteration 13 of 100: loss=1.35585951805 object_loss=0.130159243941 distance_loss=1.22570025921
Iteration 14 of 100: loss=1.33203756809 object_loss=0.106268621981 distance_loss=1.22576892376
Iteration 15 of 100: loss=1.33968544006 object_loss=0.113883666694 distance_loss=1.22580182552
Iteration 16 of 100: loss=1.37941527367 object_loss=0.153647184372 distance_loss=1.22576808929
Iteration 17 of 100: loss=1.38392674923 object_loss=0.157961457968 distance_loss=1.22596526146
Iteration 18 of 100: loss=1.40758299828 object_loss=0.181406736374 distance_loss=1.2261762619
Iteration 19 of 100: loss=1.40741145611 object_loss=0.181097224355 distance_loss=1.22631418705
Iteration 20 of 100: loss=1.34818255901 object_loss=0.122100196779 distance_loss=1.22608232498
Iteration 21 of 100: loss=1.35136413574 object_loss=0.125235140324 distance_loss=1.22612893581
Iteration 22 of 100: loss=1.40441095829 object_loss=0.178297400475 distance_loss=1.22611355782
Iteration 23 of 100: loss=1.33102941513 object_loss=0.104756124318 distance_loss=1.22627329826
Iteration 24 of 100: loss=1.33609569073 object_loss=0.109814628959 distance_loss=1.22628104687
Iteration 25 of 100: loss=1.35996806622 object_loss=0.133928313851 distance_loss=1.22603976727
Iteration 26 of 100: loss=1.33648467064 object_loss=0.110431626439 distance_loss=1.2260529995
Iteration 27 of 100: loss=1.34080708027 object_loss=0.114802129567 distance_loss=1.22600495815
Iteration 28 of 100: loss=1.33149766922 object_loss=0.105680838227 distance_loss=1.22581684589
Iteration 29 of 100: loss=1.35017073154 object_loss=0.124393925071 distance_loss=1.22577679157
Iteration 30 of 100: loss=1.34101629257 object_loss=0.114995725453 distance_loss=1.22602057457
Iteration 31 of 100: loss=1.33053851128 object_loss=0.104461342096 distance_loss=1.22607719898
Iteration 32 of 100: loss=1.33594977856 object_loss=0.110315330327 distance_loss=1.22563445568
Iteration 33 of 100: loss=1.34843695164 object_loss=0.122635982931 distance_loss=1.22580099106
Iteration 34 of 100: loss=1.33626520634 object_loss=0.110119096935 distance_loss=1.22614610195
Iteration 35 of 100: loss=1.33901906013 object_loss=0.112883895636 distance_loss=1.2261351347
Iteration 36 of 100: loss=1.41843235493 object_loss=0.192585065961 distance_loss=1.22584724426
Iteration 37 of 100: loss=1.47277987003 object_loss=0.246781796217 distance_loss=1.22599804401
Iteration 38 of 100: loss=1.3738874197 object_loss=0.147823408246 distance_loss=1.22606396675
Iteration 39 of 100: loss=1.4894258976 object_loss=0.263171136379 distance_loss=1.22625470161
Iteration 40 of 100: loss=1.43035638332 object_loss=0.203941419721 distance_loss=1.2264149189
Iteration 41 of 100: loss=1.50465321541 object_loss=0.278147816658 distance_loss=1.22650539875
Iteration 42 of 100: loss=1.46462416649 object_loss=0.237818211317 distance_loss=1.22680592537
Iteration 43 of 100: loss=1.47793030739 object_loss=0.250806868076 distance_loss=1.22712337971
Iteration 44 of 100: loss=1.48534750938 object_loss=0.258095324039 distance_loss=1.22725212574
Iteration 45 of 100: loss=1.51284134388 object_loss=0.285459071398 distance_loss=1.22738230228
Iteration 46 of 100: loss=1.48640942574 object_loss=0.258614808321 distance_loss=1.22779464722
Iteration 47 of 100: loss=1.61386740208 object_loss=0.385957121849 distance_loss=1.22791028023
Iteration 48 of 100: loss=1.50350213051 object_loss=0.275614380836 distance_loss=1.22788774967
Iteration 49 of 100: loss=1.49561715126 object_loss=0.267611682415 distance_loss=1.22800552845
Iteration 50 of 100: loss=1.42345190048 object_loss=0.195497378707 distance_loss=1.22795450687
Iteration 51 of 100: loss=1.42936551571 object_loss=0.201425030828 distance_loss=1.22794044018
Iteration 52 of 100: loss=1.44031178951 object_loss=0.212491780519 distance_loss=1.2278200388
Iteration 53 of 100: loss=1.4752137661 object_loss=0.24726523459 distance_loss=1.22794854641
Iteration 54 of 100: loss=1.38271176815 object_loss=0.154794260859 distance_loss=1.22791755199
Iteration 55 of 100: loss=1.41658198833 object_loss=0.18879404664 distance_loss=1.2277879715
Iteration 56 of 100: loss=1.41852271557 object_loss=0.191061764956 distance_loss=1.22746098042
Iteration 57 of 100: loss=1.38676607609 object_loss=0.159292310476 distance_loss=1.22747373581
Iteration 58 of 100: loss=1.33466720581 object_loss=0.107243560255 distance_loss=1.22742366791
Iteration 59 of 100: loss=1.36829078197 object_loss=0.140941545367 distance_loss=1.22734928131
Iteration 60 of 100: loss=1.36833262444 object_loss=0.140954464674 distance_loss=1.22737812996
Iteration 61 of 100: loss=1.54221200943 object_loss=0.314889371395 distance_loss=1.22732269764
Iteration 62 of 100: loss=1.31421995163 object_loss=0.0870590955019 distance_loss=1.22716081142
Iteration 63 of 100: loss=1.29535984993 object_loss=0.0682793110609 distance_loss=1.22708058357
Iteration 64 of 100: loss=1.33588373661 object_loss=0.108821876347 distance_loss=1.22706186771
Iteration 65 of 100: loss=1.33905076981 object_loss=0.112017251551 distance_loss=1.2270334959
Iteration 66 of 100: loss=1.3367651701 object_loss=0.109811559319 distance_loss=1.22695362568
Iteration 67 of 100: loss=1.34913420677 object_loss=0.122227460146 distance_loss=1.22690677643
Iteration 68 of 100: loss=1.37664914131 object_loss=0.150109022856 distance_loss=1.22654008865
Iteration 69 of 100: loss=1.41632175446 object_loss=0.189589425921 distance_loss=1.22673237324
Iteration 70 of 100: loss=1.37864232063 object_loss=0.151900649071 distance_loss=1.22674167156
Iteration 71 of 100: loss=1.37493240833 object_loss=0.148365542293 distance_loss=1.22656691074
Iteration 72 of 100: loss=1.36147117615 object_loss=0.135250851512 distance_loss=1.22622036934
Iteration 73 of 100: loss=1.36751723289 object_loss=0.141121685505 distance_loss=1.22639560699
Iteration 74 of 100: loss=1.3833963871 object_loss=0.156910806894 distance_loss=1.22648561001
Iteration 75 of 100: loss=1.35418951511 object_loss=0.127612784505 distance_loss=1.22657668591
Iteration 76 of 100: loss=1.42107415199 object_loss=0.19477018714 distance_loss=1.22630393505
Iteration 77 of 100: loss=1.39389240742 object_loss=0.167650848627 distance_loss=1.22624158859
Iteration 78 of 100: loss=1.40835499763 object_loss=0.181843161583 distance_loss=1.22651183605
Iteration 79 of 100: loss=1.38816785812 object_loss=0.161474749446 distance_loss=1.22669315338
Iteration 80 of 100: loss=1.40867841244 object_loss=0.181978777051 distance_loss=1.22669959068
Iteration 81 of 100: loss=1.39324188232 object_loss=0.16666379571 distance_loss=1.22657811642
Iteration 82 of 100: loss=1.38600862026 object_loss=0.159289613366 distance_loss=1.2267190218
Iteration 83 of 100: loss=1.3661673069 object_loss=0.139262855053 distance_loss=1.22690439224
Iteration 84 of 100: loss=1.39404046535 object_loss=0.16712282598 distance_loss=1.22691762447
Iteration 85 of 100: loss=1.36295115948 object_loss=0.136180758476 distance_loss=1.226770401
Iteration 86 of 100: loss=1.3557741642 object_loss=0.128862321377 distance_loss=1.22691190243
Iteration 87 of 100: loss=1.37207913399 object_loss=0.145238608122 distance_loss=1.22684049606
Iteration 88 of 100: loss=1.36750936508 object_loss=0.140953332186 distance_loss=1.2265560627
Iteration 89 of 100: loss=1.36758208275 object_loss=0.141097396612 distance_loss=1.22648465633
Iteration 90 of 100: loss=1.38410532475 object_loss=0.157451793551 distance_loss=1.2266535759
Iteration 91 of 100: loss=1.38285064697 object_loss=0.15615837276 distance_loss=1.22669231892
Iteration 92 of 100: loss=1.47704231739 object_loss=0.25085914135 distance_loss=1.22618317604
Iteration 93 of 100: loss=1.54172813892 object_loss=0.315336227417 distance_loss=1.22639191151
Iteration 94 of 100: loss=1.48518776894 object_loss=0.258876919746 distance_loss=1.22631084919
Iteration 95 of 100: loss=1.46516239643 object_loss=0.238942697644 distance_loss=1.22621965408
Iteration 96 of 100: loss=1.53927898407 object_loss=0.313250750303 distance_loss=1.22602820396
Iteration 97 of 100: loss=1.77307701111 object_loss=0.547315299511 distance_loss=1.22576165199
Iteration 98 of 100: loss=1.75029587746 object_loss=0.524940192699 distance_loss=1.22535562515
Iteration 99 of 100: loss=1.51947367191 object_loss=0.294508337975 distance_loss=1.22496533394
Iteration 0 of 100: loss=1.54931032658 object_loss=0.324653029442 distance_loss=1.22465729713
Iteration 1 of 100: loss=1.56419980526 object_loss=0.339911967516 distance_loss=1.22428786755
Iteration 2 of 100: loss=1.60513305664 object_loss=0.380894958973 distance_loss=1.22423815727
Iteration 3 of 100: loss=1.66614663601 object_loss=0.442098468542 distance_loss=1.22404813766
Iteration 4 of 100: loss=1.58688223362 object_loss=0.363373845816 distance_loss=1.223508358
Iteration 5 of 100: loss=1.50400042534 object_loss=0.28052058816 distance_loss=1.22347986698
Iteration 6 of 100: loss=1.54789805412 object_loss=0.324539363384 distance_loss=1.22335875034
Iteration 7 of 100: loss=1.53180265427 object_loss=0.308559566736 distance_loss=1.22324311733
Iteration 8 of 100: loss=1.42506802082 object_loss=0.201918080449 distance_loss=1.22314989567
Iteration 9 of 100: loss=1.44267046452 object_loss=0.219514235854 distance_loss=1.22315621376
Iteration 10 of 100: loss=1.5126273632 object_loss=0.289488404989 distance_loss=1.22313892841
Iteration 11 of 100: loss=1.52600991726 object_loss=0.302904754877 distance_loss=1.22310519218
Iteration 12 of 100: loss=1.57385396957 object_loss=0.351103812456 distance_loss=1.22275018692
Iteration 13 of 100: loss=1.55764651299 object_loss=0.334934532642 distance_loss=1.22271192074
Iteration 14 of 100: loss=1.50168859959 object_loss=0.27874648571 distance_loss=1.22294211388
Iteration 15 of 100: loss=1.46196103096 object_loss=0.239106237888 distance_loss=1.22285473347
Iteration 16 of 100: loss=1.4973808527 object_loss=0.274826318026 distance_loss=1.22255456448
Iteration 17 of 100: loss=1.58010816574 object_loss=0.357605487108 distance_loss=1.22250270844
Iteration 18 of 100: loss=1.57813680172 object_loss=0.35561606288 distance_loss=1.22252070904
Iteration 19 of 100: loss=1.5060261488 object_loss=0.283256202936 distance_loss=1.22276997566
Iteration 20 of 100: loss=1.52137863636 object_loss=0.298538893461 distance_loss=1.2228397131
Iteration 21 of 100: loss=1.53986632824 object_loss=0.316933125257 distance_loss=1.22293317318
Iteration 22 of 100: loss=1.56007945538 object_loss=0.337122708559 distance_loss=1.22295677662
Iteration 23 of 100: loss=1.55683588982 object_loss=0.333835691214 distance_loss=1.2230001688
Iteration 24 of 100: loss=1.51921677589 object_loss=0.296117663383 distance_loss=1.22309911251
Iteration 25 of 100: loss=1.50937438011 object_loss=0.285981029272 distance_loss=1.22339332104
Iteration 26 of 100: loss=1.48020362854 object_loss=0.256730496883 distance_loss=1.22347319126
Iteration 27 of 100: loss=1.41222190857 object_loss=0.188589662313 distance_loss=1.22363221645
Iteration 28 of 100: loss=1.43071103096 object_loss=0.207232505083 distance_loss=1.22347855568
Iteration 29 of 100: loss=1.4076744318 object_loss=0.184016421437 distance_loss=1.22365796566
Iteration 30 of 100: loss=1.47959113121 object_loss=0.255751252174 distance_loss=1.22383987904
Iteration 31 of 100: loss=1.41642189026 object_loss=0.192565396428 distance_loss=1.22385644913
Iteration 32 of 100: loss=1.42545211315 object_loss=0.201779142022 distance_loss=1.22367298603
Iteration 33 of 100: loss=1.4850461483 object_loss=0.261221498251 distance_loss=1.22382462025
Iteration 34 of 100: loss=1.46716797352 object_loss=0.243431687355 distance_loss=1.22373628616
Iteration 35 of 100: loss=1.41318333149 object_loss=0.189579620957 distance_loss=1.22360372543
Iteration 36 of 100: loss=1.4099766016 object_loss=0.186394944787 distance_loss=1.22358167171
Iteration 37 of 100: loss=1.37647938728 object_loss=0.153099238873 distance_loss=1.22338008881
Iteration 38 of 100: loss=1.36508619785 object_loss=0.141681298614 distance_loss=1.22340488434
Iteration 39 of 100: loss=1.37215435505 object_loss=0.148665517569 distance_loss=1.22348880768
Iteration 40 of 100: loss=1.37020683289 object_loss=0.146820545197 distance_loss=1.22338628769
Iteration 41 of 100: loss=1.37487149239 object_loss=0.151501566172 distance_loss=1.22336995602
Iteration 42 of 100: loss=1.34273505211 object_loss=0.119210094213 distance_loss=1.22352492809
Iteration 43 of 100: loss=1.34667861462 object_loss=0.123158045113 distance_loss=1.22352051735
Iteration 44 of 100: loss=1.34109807014 object_loss=0.11777023226 distance_loss=1.22332787514
Iteration 45 of 100: loss=1.35989618301 object_loss=0.136624827981 distance_loss=1.22327136993
Iteration 46 of 100: loss=1.37084829807 object_loss=0.147401198745 distance_loss=1.22344708443
Iteration 47 of 100: loss=1.36832618713 object_loss=0.144534617662 distance_loss=1.22379159927
Iteration 48 of 100: loss=1.39693450928 object_loss=0.173260763288 distance_loss=1.22367370129
Iteration 49 of 100: loss=1.35643601418 object_loss=0.132534906268 distance_loss=1.22390115261
Iteration 50 of 100: loss=1.34110152721 object_loss=0.116804882884 distance_loss=1.22429668903
Iteration 51 of 100: loss=1.3602206707 object_loss=0.135699674487 distance_loss=1.22452104092
Iteration 52 of 100: loss=1.359598279 object_loss=0.135508030653 distance_loss=1.22409021854
Iteration 53 of 100: loss=1.41932201385 object_loss=0.194908410311 distance_loss=1.22441363335
Iteration 54 of 100: loss=1.45047736168 object_loss=0.225722372532 distance_loss=1.22475504875
Iteration 55 of 100: loss=1.43941140175 object_loss=0.214605987072 distance_loss=1.22480535507
Iteration 56 of 100: loss=1.40046286583 object_loss=0.175469785929 distance_loss=1.2249931097
Iteration 57 of 100: loss=1.30776369572 object_loss=0.0825463682413 distance_loss=1.22521734238
Iteration 58 of 100: loss=1.2989718914 object_loss=0.0738402456045 distance_loss=1.2251316309
Iteration 59 of 100: loss=1.44669401646 object_loss=0.221400931478 distance_loss=1.22529304028
Iteration 60 of 100: loss=1.49878430367 object_loss=0.273348987103 distance_loss=1.22543537617
Iteration 61 of 100: loss=1.47691631317 object_loss=0.251546174288 distance_loss=1.22537016869
Iteration 62 of 100: loss=1.31478631496 object_loss=0.0893361121416 distance_loss=1.22545015812
Iteration 63 of 100: loss=1.32466197014 object_loss=0.0989213883877 distance_loss=1.22574055195
Iteration 64 of 100: loss=1.37567675114 object_loss=0.149937674403 distance_loss=1.22573912144
Iteration 65 of 100: loss=1.36397492886 object_loss=0.138167589903 distance_loss=1.22580730915
Iteration 66 of 100: loss=1.36655080318 object_loss=0.140741616488 distance_loss=1.2258092165
Iteration 67 of 100: loss=1.32522952557 object_loss=0.099475838244 distance_loss=1.22575366497
Iteration 68 of 100: loss=1.3253159523 object_loss=0.0995201468468 distance_loss=1.22579574585
Iteration 69 of 100: loss=1.40818548203 object_loss=0.182327836752 distance_loss=1.22585761547
Iteration 70 of 100: loss=1.37955451012 object_loss=0.15358094871 distance_loss=1.22597360611
Iteration 71 of 100: loss=1.36083960533 object_loss=0.134876653552 distance_loss=1.22596299648
Iteration 72 of 100: loss=1.4041737318 object_loss=0.178484708071 distance_loss=1.22568905354
Iteration 73 of 100: loss=1.40263164043 object_loss=0.176792114973 distance_loss=1.22583949566
Iteration 74 of 100: loss=1.35951125622 object_loss=0.133515506983 distance_loss=1.22599577904
Iteration 75 of 100: loss=1.36098694801 object_loss=0.135015770793 distance_loss=1.22597122192
Iteration 76 of 100: loss=1.39088141918 object_loss=0.165256306529 distance_loss=1.22562515736
Iteration 77 of 100: loss=1.43692159653 object_loss=0.211231291294 distance_loss=1.22569024563
Iteration 78 of 100: loss=1.47363984585 object_loss=0.247965455055 distance_loss=1.22567439079
Iteration 79 of 100: loss=1.52283608913 object_loss=0.297054409981 distance_loss=1.22578167915
Iteration 80 of 100: loss=1.4479957819 object_loss=0.222104713321 distance_loss=1.22589111328
Iteration 81 of 100: loss=1.48784530163 object_loss=0.261750429869 distance_loss=1.22609484196
Iteration 82 of 100: loss=1.47429656982 object_loss=0.248283445835 distance_loss=1.22601306438
Iteration 83 of 100: loss=1.48002612591 object_loss=0.253886431456 distance_loss=1.22613966465
Iteration 84 of 100: loss=1.56508171558 object_loss=0.338863998652 distance_loss=1.22621774673
Iteration 85 of 100: loss=1.48573660851 object_loss=0.259286165237 distance_loss=1.22645044327
Iteration 86 of 100: loss=1.67008256912 object_loss=0.443320333958 distance_loss=1.22676217556
Iteration 87 of 100: loss=1.60023641586 object_loss=0.373325228691 distance_loss=1.22691118717
Iteration 88 of 100: loss=1.4736417532 object_loss=0.24688051641 distance_loss=1.22676122189
Iteration 89 of 100: loss=1.4796602726 object_loss=0.252709627151 distance_loss=1.22695064545
Iteration 90 of 100: loss=1.58958232403 object_loss=0.362437576056 distance_loss=1.22714471817
Iteration 91 of 100: loss=1.43081784248 object_loss=0.203479886055 distance_loss=1.22733795643
Iteration 92 of 100: loss=1.59700489044 object_loss=0.369815409184 distance_loss=1.22718954086
Iteration 93 of 100: loss=1.4742654562 object_loss=0.246891185641 distance_loss=1.22737431526
Iteration 94 of 100: loss=1.51974844933 object_loss=0.292309015989 distance_loss=1.22743940353
Iteration 95 of 100: loss=1.5133780241 object_loss=0.285835623741 distance_loss=1.22754240036
Iteration 96 of 100: loss=1.45161855221 object_loss=0.224103048444 distance_loss=1.22751545906
Iteration 97 of 100: loss=1.55288159847 object_loss=0.325317114592 distance_loss=1.22756445408
Iteration 98 of 100: loss=1.4997651577 object_loss=0.272058188915 distance_loss=1.22770702839
Iteration 99 of 100: loss=1.53726601601 object_loss=0.309300601482 distance_loss=1.22796535492
Iteration 0 of 100: loss=1.50926578045 object_loss=0.281311154366 distance_loss=1.22795462608
Iteration 1 of 100: loss=1.42811107635 object_loss=0.200238794088 distance_loss=1.22787225246
Iteration 2 of 100: loss=1.73586273193 object_loss=0.508068025112 distance_loss=1.22779476643
Iteration 3 of 100: loss=1.49317121506 object_loss=0.265266805887 distance_loss=1.22790443897
Iteration 4 of 100: loss=1.5808814764 object_loss=0.353015214205 distance_loss=1.227866292
Iteration 5 of 100: loss=1.69413590431 object_loss=0.466326117516 distance_loss=1.2278097868
Iteration 6 of 100: loss=1.6695972681 object_loss=0.441837221384 distance_loss=1.22776007652
Iteration 7 of 100: loss=1.62899422646 object_loss=0.401143491268 distance_loss=1.22785067558
Iteration 8 of 100: loss=1.67679595947 object_loss=0.448829472065 distance_loss=1.22796654701
Iteration 9 of 100: loss=1.60798692703 object_loss=0.379643082619 distance_loss=1.22834384441
Iteration 10 of 100: loss=1.56022977829 object_loss=0.331417351961 distance_loss=1.22881245613
Iteration 11 of 100: loss=1.47375071049 object_loss=0.244592353702 distance_loss=1.22915840149
Iteration 12 of 100: loss=1.59693741798 object_loss=0.368074923754 distance_loss=1.22886252403
Iteration 13 of 100: loss=1.57074368 object_loss=0.34152135253 distance_loss=1.22922229767
Iteration 14 of 100: loss=1.77636313438 object_loss=0.546896517277 distance_loss=1.2294665575
Iteration 15 of 100: loss=2.0016014576 object_loss=0.771974146366 distance_loss=1.22962737083
Iteration 16 of 100: loss=1.73504662514 object_loss=0.505423247814 distance_loss=1.22962331772
Iteration 17 of 100: loss=1.93467736244 object_loss=0.704876542091 distance_loss=1.22980082035
Iteration 18 of 100: loss=2.47300243378 object_loss=1.24314117432 distance_loss=1.22986125946
Iteration 19 of 100: loss=2.06085348129 object_loss=0.830796599388 distance_loss=1.2300567627
Iteration 20 of 100: loss=1.83818626404 object_loss=0.608003675938 distance_loss=1.23018264771
Iteration 21 of 100: loss=1.94545769691 object_loss=0.715141177177 distance_loss=1.23031651974
Iteration 22 of 100: loss=2.12542700768 object_loss=0.894563913345 distance_loss=1.23086309433
Iteration 23 of 100: loss=1.98502111435 object_loss=0.753924548626 distance_loss=1.23109662533
Iteration 24 of 100: loss=1.87521755695 object_loss=0.644157767296 distance_loss=1.23105978966
Iteration 25 of 100: loss=2.00642442703 object_loss=0.775225996971 distance_loss=1.23119854927
Iteration 26 of 100: loss=1.97483050823 object_loss=0.743367910385 distance_loss=1.23146259785
Iteration 27 of 100: loss=2.41258144379 object_loss=1.18108689785 distance_loss=1.23149454594
Iteration 28 of 100: loss=2.85411787033 object_loss=1.62281084061 distance_loss=1.23130702972
Iteration 29 of 100: loss=2.99300050735 object_loss=1.76182174683 distance_loss=1.23117864132
Iteration 30 of 100: loss=3.03868913651 object_loss=1.80731010437 distance_loss=1.23137903214
Iteration 31 of 100: loss=2.69325423241 object_loss=1.46151578426 distance_loss=1.23173844814
Iteration 32 of 100: loss=3.61171007156 object_loss=2.37998986244 distance_loss=1.23172008991
Iteration 33 of 100: loss=3.60761785507 object_loss=2.37520360947 distance_loss=1.2324141264
Iteration 34 of 100: loss=2.96775746346 object_loss=1.73496198654 distance_loss=1.23279547691
Iteration 35 of 100: loss=4.42369651794 object_loss=3.19053673744 distance_loss=1.23315954208
Iteration 36 of 100: loss=1.89717912674 object_loss=0.663744151592 distance_loss=1.23343503475
Iteration 37 of 100: loss=2.8325958252 object_loss=1.59835731983 distance_loss=1.23423838615
Iteration 38 of 100: loss=2.98226118088 object_loss=1.74745666981 distance_loss=1.23480463028
Iteration 39 of 100: loss=3.0320122242 object_loss=1.7965811491 distance_loss=1.2354310751
Iteration 40 of 100: loss=2.96468377113 object_loss=1.72835361958 distance_loss=1.23633015156
Iteration 41 of 100: loss=2.38814401627 object_loss=1.15104722977 distance_loss=1.23709690571
Iteration 42 of 100: loss=2.79902696609 object_loss=1.56126093864 distance_loss=1.23776590824
Iteration 43 of 100: loss=2.31674289703 object_loss=1.07857298851 distance_loss=1.23816990852
Iteration 44 of 100: loss=1.8672940731 object_loss=0.62875276804 distance_loss=1.23854136467
Iteration 45 of 100: loss=1.72297084332 object_loss=0.484086155891 distance_loss=1.23888468742
Iteration 46 of 100: loss=2.08275413513 object_loss=0.843543887138 distance_loss=1.23921024799
Iteration 47 of 100: loss=2.15015411377 object_loss=0.910841226578 distance_loss=1.2393130064
Iteration 48 of 100: loss=2.49274015427 object_loss=1.25340056419 distance_loss=1.23933959007
Iteration 49 of 100: loss=2.45758199692 object_loss=1.21784186363 distance_loss=1.23974001408
Iteration 50 of 100: loss=2.04643249512 object_loss=0.806262969971 distance_loss=1.24016952515
Iteration 51 of 100: loss=1.99650394917 object_loss=0.75608086586 distance_loss=1.24042308331
Iteration 52 of 100: loss=2.03332424164 object_loss=0.792964339256 distance_loss=1.24035978317
Iteration 53 of 100: loss=1.83109688759 object_loss=0.590431332588 distance_loss=1.240665555
Iteration 54 of 100: loss=1.84406590462 object_loss=0.603196442127 distance_loss=1.24086952209
Iteration 55 of 100: loss=1.83547317982 object_loss=0.594443917274 distance_loss=1.24102926254
Iteration 56 of 100: loss=1.83365607262 object_loss=0.592731356621 distance_loss=1.240924716
Iteration 57 of 100: loss=1.86417889595 object_loss=0.623191952705 distance_loss=1.24098694324
Iteration 58 of 100: loss=1.97380590439 object_loss=0.732660472393 distance_loss=1.2411454916
Iteration 59 of 100: loss=1.94283223152 object_loss=0.701519906521 distance_loss=1.24131238461
Iteration 60 of 100: loss=1.85556733608 object_loss=0.614491462708 distance_loss=1.24107587337
Iteration 61 of 100: loss=1.89552783966 object_loss=0.654568552971 distance_loss=1.24095928669
Iteration 62 of 100: loss=2.0562338829 object_loss=0.815309822559 distance_loss=1.24092400074
Iteration 63 of 100: loss=2.01507854462 object_loss=0.773951232433 distance_loss=1.24112725258
Iteration 64 of 100: loss=1.86718785763 object_loss=0.625816583633 distance_loss=1.24137127399
Iteration 65 of 100: loss=1.70020723343 object_loss=0.458603441715 distance_loss=1.24160385132
Iteration 66 of 100: loss=1.78227591515 object_loss=0.540644466877 distance_loss=1.24163138866
Iteration 67 of 100: loss=1.72117495537 object_loss=0.479647308588 distance_loss=1.24152767658
Iteration 68 of 100: loss=1.55691313744 object_loss=0.315565764904 distance_loss=1.24134731293
Iteration 69 of 100: loss=1.60982835293 object_loss=0.368347167969 distance_loss=1.24148118496
Iteration 70 of 100: loss=1.53795278072 object_loss=0.296248078346 distance_loss=1.24170470238
Iteration 71 of 100: loss=1.58073544502 object_loss=0.338883072138 distance_loss=1.24185240269
Iteration 72 of 100: loss=1.53335809708 object_loss=0.291934192181 distance_loss=1.24142384529
Iteration 73 of 100: loss=1.53071069717 object_loss=0.289090692997 distance_loss=1.24162006378
Iteration 74 of 100: loss=1.64025115967 object_loss=0.398595422506 distance_loss=1.24165570736
Iteration 75 of 100: loss=1.77617490292 object_loss=0.534678936005 distance_loss=1.24149596691
Iteration 76 of 100: loss=1.90361905098 object_loss=0.66231751442 distance_loss=1.24130153656
Iteration 77 of 100: loss=1.74962985516 object_loss=0.508647799492 distance_loss=1.24098205566
Iteration 78 of 100: loss=1.75605940819 object_loss=0.515400052071 distance_loss=1.24065935612
Iteration 79 of 100: loss=1.66138446331 object_loss=0.420806258917 distance_loss=1.24057817459
Iteration 80 of 100: loss=1.65018367767 object_loss=0.409684896469 distance_loss=1.2404987812
Iteration 81 of 100: loss=1.62127935886 object_loss=0.381039708853 distance_loss=1.24023962021
Iteration 82 of 100: loss=1.57774877548 object_loss=0.337502837181 distance_loss=1.2402459383
Iteration 83 of 100: loss=1.68054842949 object_loss=0.440218836069 distance_loss=1.24032962322
Iteration 84 of 100: loss=1.84178781509 object_loss=0.601673901081 distance_loss=1.24011397362
Iteration 85 of 100: loss=1.92108249664 object_loss=0.680942893028 distance_loss=1.24013960361
Iteration 86 of 100: loss=1.81285691261 object_loss=0.572549164295 distance_loss=1.24030768871
Iteration 87 of 100: loss=1.87768507004 object_loss=0.63738077879 distance_loss=1.24030435085
Iteration 88 of 100: loss=1.82541227341 object_loss=0.585279941559 distance_loss=1.24013233185
Iteration 89 of 100: loss=2.05762910843 object_loss=0.817304611206 distance_loss=1.24032437801
Iteration 90 of 100: loss=2.1335644722 object_loss=0.893408536911 distance_loss=1.2401560545
Iteration 91 of 100: loss=2.20877552032 object_loss=0.968685626984 distance_loss=1.24009001255
Iteration 92 of 100: loss=2.17859959602 object_loss=0.938856840134 distance_loss=1.23974275589
Iteration 93 of 100: loss=2.2907166481 object_loss=1.05073928833 distance_loss=1.23997735977
Iteration 94 of 100: loss=2.32629609108 object_loss=1.08623433113 distance_loss=1.24006175995
Iteration 95 of 100: loss=2.34334611893 object_loss=1.10327553749 distance_loss=1.24007058144
Iteration 96 of 100: loss=2.31746578217 object_loss=1.07763504982 distance_loss=1.23983085155
Iteration 97 of 100: loss=2.52110242844 object_loss=1.28104996681 distance_loss=1.24005258083
Iteration 98 of 100: loss=1.84298729897 object_loss=0.602486133575 distance_loss=1.24050116539
Iteration 99 of 100: loss=1.98305571079 object_loss=0.742286920547 distance_loss=1.24076879025
Iteration 0 of 100: loss=2.89164686203 object_loss=1.65065312386 distance_loss=1.24099373817
Iteration 1 of 100: loss=3.13006973267 object_loss=1.88887262344 distance_loss=1.24119699001
Iteration 2 of 100: loss=3.15178060532 object_loss=1.91052305698 distance_loss=1.24125742912
Iteration 3 of 100: loss=3.77305388451 object_loss=2.53105568886 distance_loss=1.24199819565
Iteration 4 of 100: loss=3.51121282578 object_loss=2.26846075058 distance_loss=1.2427521944
Iteration 5 of 100: loss=3.94593954086 object_loss=2.70273804665 distance_loss=1.24320137501
Iteration 6 of 100: loss=3.29151535034 object_loss=2.0476372242 distance_loss=1.24387824535
Iteration 7 of 100: loss=3.28794765472 object_loss=2.04312968254 distance_loss=1.24481797218
Iteration 8 of 100: loss=3.29825425148 object_loss=2.05319833755 distance_loss=1.24505591393
Iteration 9 of 100: loss=3.50165319443 object_loss=2.25609326363 distance_loss=1.24556005001
Iteration 10 of 100: loss=2.68633508682 object_loss=1.4400472641 distance_loss=1.24628782272
Iteration 11 of 100: loss=3.39258813858 object_loss=2.14589095116 distance_loss=1.24669718742
Iteration 12 of 100: loss=3.95622253418 object_loss=2.7090780735 distance_loss=1.24714457989
Iteration 13 of 100: loss=3.3553442955 object_loss=2.10729146004 distance_loss=1.24805283546
Iteration 14 of 100: loss=3.81531906128 object_loss=2.56700277328 distance_loss=1.24831628799
Iteration 15 of 100: loss=3.47275614738 object_loss=2.22424077988 distance_loss=1.24851536751
Iteration 16 of 100: loss=2.92697644234 object_loss=1.67799806595 distance_loss=1.24897837639
Iteration 17 of 100: loss=3.17498707771 object_loss=1.92555761337 distance_loss=1.24942946434
Iteration 18 of 100: loss=3.43659186363 object_loss=2.18672275543 distance_loss=1.2498691082
Iteration 19 of 100: loss=2.91272592545 object_loss=1.66256189346 distance_loss=1.25016391277
Iteration 20 of 100: loss=3.57234477997 object_loss=2.3222796917 distance_loss=1.25006520748
Iteration 21 of 100: loss=3.80927157402 object_loss=2.55913591385 distance_loss=1.25013566017
Iteration 22 of 100: loss=3.05004072189 object_loss=1.79983484745 distance_loss=1.25020599365
Iteration 23 of 100: loss=3.11056375504 object_loss=1.8599152565 distance_loss=1.25064837933
Iteration 24 of 100: loss=3.64935994148 object_loss=2.39788651466 distance_loss=1.25147342682
Iteration 25 of 100: loss=3.28646659851 object_loss=2.03398132324 distance_loss=1.25248539448
Iteration 26 of 100: loss=2.59260654449 object_loss=1.33933770657 distance_loss=1.25326895714
Iteration 27 of 100: loss=2.64568328857 object_loss=1.39170157909 distance_loss=1.25398170948
Iteration 28 of 100: loss=2.7876996994 object_loss=1.5332955122 distance_loss=1.25440430641
Iteration 29 of 100: loss=3.05264520645 object_loss=1.79758250713 distance_loss=1.25506269932
Iteration 30 of 100: loss=3.66324424744 object_loss=2.40731620789 distance_loss=1.25592792034
Iteration 31 of 100: loss=3.16236162186 object_loss=1.90606462955 distance_loss=1.2562969923
Iteration 32 of 100: loss=3.65364551544 object_loss=2.39736747742 distance_loss=1.25627803802
Iteration 33 of 100: loss=2.45494604111 object_loss=1.19829964638 distance_loss=1.25664627552
Iteration 34 of 100: loss=2.50576519966 object_loss=1.24894344807 distance_loss=1.25682175159
Iteration 35 of 100: loss=2.51764631271 object_loss=1.26079690456 distance_loss=1.25684952736
Iteration 36 of 100: loss=1.88391208649 object_loss=0.62721914053 distance_loss=1.25669300556
Iteration 37 of 100: loss=2.37883424759 object_loss=1.12237095833 distance_loss=1.25646328926
Iteration 38 of 100: loss=2.6876540184 object_loss=1.43127942085 distance_loss=1.25637459755
Iteration 39 of 100: loss=2.61695289612 object_loss=1.36056184769 distance_loss=1.25639104843
Iteration 40 of 100: loss=2.44724035263 object_loss=1.19068706036 distance_loss=1.25655341148
Iteration 41 of 100: loss=2.72579264641 object_loss=1.46915829182 distance_loss=1.25663435459
Iteration 42 of 100: loss=2.76461982727 object_loss=1.5075507164 distance_loss=1.25706911087
Iteration 43 of 100: loss=3.38934731483 object_loss=2.13167881966 distance_loss=1.25766849518
Iteration 44 of 100: loss=3.98331356049 object_loss=2.72567081451 distance_loss=1.25764274597
Iteration 45 of 100: loss=4.29630756378 object_loss=3.03854703903 distance_loss=1.25776076317
Iteration 46 of 100: loss=2.92672586441 object_loss=1.66902220249 distance_loss=1.25770378113
Iteration 47 of 100: loss=2.66649222374 object_loss=1.40875685215 distance_loss=1.25773537159
Iteration 48 of 100: loss=2.90606403351 object_loss=1.64825725555 distance_loss=1.25780665874
Iteration 49 of 100: loss=3.3643321991 object_loss=2.10638165474 distance_loss=1.25795042515
Iteration 50 of 100: loss=4.75174999237 object_loss=3.49392271042 distance_loss=1.25782752037
Iteration 51 of 100: loss=3.20527505875 object_loss=1.94763934612 distance_loss=1.25763559341
Iteration 52 of 100: loss=3.00742721558 object_loss=1.74995088577 distance_loss=1.2574763298
Iteration 53 of 100: loss=2.96092414856 object_loss=1.7034535408 distance_loss=1.25747048855
Iteration 54 of 100: loss=4.86784172058 object_loss=3.61022973061 distance_loss=1.25761175156
Iteration 55 of 100: loss=3.19948863983 object_loss=1.94175696373 distance_loss=1.25773179531
Iteration 56 of 100: loss=3.10266637802 object_loss=1.84543251991 distance_loss=1.2572337389
Iteration 57 of 100: loss=3.02859544754 object_loss=1.77139508724 distance_loss=1.25720024109
Iteration 58 of 100: loss=2.96418476105 object_loss=1.70711648464 distance_loss=1.2570681572
Iteration 59 of 100: loss=2.88523864746 object_loss=1.62786459923 distance_loss=1.25737404823
Iteration 60 of 100: loss=3.31734037399 object_loss=2.05990004539 distance_loss=1.25744044781
Iteration 61 of 100: loss=3.05620574951 object_loss=1.7988036871 distance_loss=1.25740206242
Iteration 62 of 100: loss=2.8741517067 object_loss=1.61686396599 distance_loss=1.25728774071
Iteration 63 of 100: loss=2.99525785446 object_loss=1.73797297478 distance_loss=1.25728487968
Iteration 64 of 100: loss=3.16644120216 object_loss=1.90926349163 distance_loss=1.25717771053
Iteration 65 of 100: loss=2.95055747032 object_loss=1.69340837002 distance_loss=1.2571491003
Iteration 66 of 100: loss=3.21518754959 object_loss=1.95793294907 distance_loss=1.25725460052
Iteration 67 of 100: loss=3.58634591103 object_loss=2.32927393913 distance_loss=1.25707197189
Iteration 68 of 100: loss=5.27728557587 object_loss=4.0207362175 distance_loss=1.25654935837
Iteration 69 of 100: loss=2.13761568069 object_loss=0.881102085114 distance_loss=1.25651347637
Iteration 70 of 100: loss=2.41377663612 object_loss=1.15700185299 distance_loss=1.25677478313
Iteration 71 of 100: loss=2.54381132126 object_loss=1.28716564178 distance_loss=1.25664567947
Iteration 72 of 100: loss=2.40662717819 object_loss=1.15041399002 distance_loss=1.25621330738
Iteration 73 of 100: loss=2.59382534027 object_loss=1.33742523193 distance_loss=1.25640022755
Iteration 74 of 100: loss=2.0257973671 object_loss=0.769286870956 distance_loss=1.25651037693
Iteration 75 of 100: loss=2.32691431046 object_loss=1.07054233551 distance_loss=1.25637209415
Iteration 76 of 100: loss=2.37531542778 object_loss=1.11908376217 distance_loss=1.25623166561
Iteration 77 of 100: loss=2.25744128227 object_loss=1.0012165308 distance_loss=1.25622475147
Iteration 78 of 100: loss=2.27120232582 object_loss=1.01494288445 distance_loss=1.25625944138
Iteration 79 of 100: loss=2.58004927635 object_loss=1.32342982292 distance_loss=1.25661945343
Iteration 80 of 100: loss=2.48350954056 object_loss=1.2267998457 distance_loss=1.25670957565
Iteration 81 of 100: loss=2.11892557144 object_loss=0.86201608181 distance_loss=1.25690960884
Iteration 82 of 100: loss=2.27972269058 object_loss=1.02264964581 distance_loss=1.25707304478
Iteration 83 of 100: loss=2.66619682312 object_loss=1.40884292126 distance_loss=1.25735402107
Iteration 84 of 100: loss=2.58673429489 object_loss=1.32922458649 distance_loss=1.2575095892
Iteration 85 of 100: loss=4.28547954559 object_loss=3.02797007561 distance_loss=1.25750923157
Iteration 86 of 100: loss=2.75152397156 object_loss=1.49400997162 distance_loss=1.25751388073
Iteration 87 of 100: loss=2.40145206451 object_loss=1.14407134056 distance_loss=1.25738072395
Iteration 88 of 100: loss=2.2201063633 object_loss=0.962778568268 distance_loss=1.25732779503
Iteration 89 of 100: loss=1.90214860439 object_loss=0.644820451736 distance_loss=1.25732815266
Iteration 90 of 100: loss=1.8524698019 object_loss=0.595026135445 distance_loss=1.25744366646
Iteration 91 of 100: loss=2.17400121689 object_loss=0.916643619537 distance_loss=1.25735759735
Iteration 92 of 100: loss=2.32258558273 object_loss=1.06590163708 distance_loss=1.25668406487
Iteration 93 of 100: loss=2.66837644577 object_loss=1.41173839569 distance_loss=1.25663816929
Iteration 94 of 100: loss=3.1101102829 object_loss=1.85332119465 distance_loss=1.25678896904
Iteration 95 of 100: loss=4.29667282104 object_loss=3.03981184959 distance_loss=1.25686120987
Iteration 96 of 100: loss=3.28878593445 object_loss=2.03195500374 distance_loss=1.25683093071
Iteration 97 of 100: loss=5.69742822647 object_loss=4.44031333923 distance_loss=1.25711488724
Iteration 98 of 100: loss=2.43369269371 object_loss=1.17670941353 distance_loss=1.25698328018
Iteration 99 of 100: loss=2.51874566078 object_loss=1.26162302494 distance_loss=1.25712263584
Iteration 0 of 100: loss=2.45050811768 object_loss=1.19353854656 distance_loss=1.25696969032
Iteration 1 of 100: loss=2.49356031418 object_loss=1.2367708683 distance_loss=1.25678944588
Iteration 2 of 100: loss=2.35292482376 object_loss=1.09610843658 distance_loss=1.25681650639
Iteration 3 of 100: loss=2.16099023819 object_loss=0.904204487801 distance_loss=1.25678563118
Iteration 4 of 100: loss=2.25696897507 object_loss=1.00037264824 distance_loss=1.25659644604
Iteration 5 of 100: loss=1.96733748913 object_loss=0.710834980011 distance_loss=1.25650250912
Iteration 6 of 100: loss=2.28191947937 object_loss=1.02564489841 distance_loss=1.25627446175
Iteration 7 of 100: loss=2.1856098175 object_loss=0.929580032825 distance_loss=1.25602984428
Iteration 8 of 100: loss=1.82069146633 object_loss=0.565042734146 distance_loss=1.25564873219
Iteration 9 of 100: loss=1.72783625126 object_loss=0.472436547279 distance_loss=1.25539970398
Iteration 10 of 100: loss=1.75926494598 object_loss=0.503910005093 distance_loss=1.2553550005
Iteration 11 of 100: loss=2.32225608826 object_loss=1.06698584557 distance_loss=1.25527012348
Iteration 12 of 100: loss=2.30903768539 object_loss=1.05401873589 distance_loss=1.2550188303
Iteration 13 of 100: loss=2.18360233307 object_loss=0.928322553635 distance_loss=1.25527989864
Iteration 14 of 100: loss=2.20345973969 object_loss=0.948043167591 distance_loss=1.2554166317
Iteration 15 of 100: loss=2.65190458298 object_loss=1.39651763439 distance_loss=1.25538694859
Iteration 16 of 100: loss=2.39863204956 object_loss=1.14347565174 distance_loss=1.25515639782
Iteration 17 of 100: loss=2.5587849617 object_loss=1.30375504494 distance_loss=1.25502991676
Iteration 18 of 100: loss=2.67927026749 object_loss=1.424467206 distance_loss=1.25480294228
Iteration 19 of 100: loss=2.04324817657 object_loss=0.788837790489 distance_loss=1.25441038609
Iteration 20 of 100: loss=2.16733312607 object_loss=0.913221001625 distance_loss=1.25411200523
Iteration 21 of 100: loss=2.06166577339 object_loss=0.808301985264 distance_loss=1.25336384773
Iteration 22 of 100: loss=2.09052324295 object_loss=0.837362885475 distance_loss=1.25316023827
Iteration 23 of 100: loss=1.91027152538 object_loss=0.657196879387 distance_loss=1.253074646
Iteration 24 of 100: loss=2.0653758049 object_loss=0.812357544899 distance_loss=1.25301837921
Iteration 25 of 100: loss=2.13099765778 object_loss=0.877871751785 distance_loss=1.25312590599
Iteration 26 of 100: loss=2.68122911453 object_loss=1.42789363861 distance_loss=1.25333535671
Iteration 27 of 100: loss=2.54451465607 object_loss=1.29093706608 distance_loss=1.25357758999
Iteration 28 of 100: loss=3.00681996346 object_loss=1.75339651108 distance_loss=1.25342345238
Iteration 29 of 100: loss=2.27403974533 object_loss=1.02048075199 distance_loss=1.25355887413
Iteration 30 of 100: loss=2.69070005417 object_loss=1.43691205978 distance_loss=1.25378811359
Iteration 31 of 100: loss=2.45739650726 object_loss=1.20351028442 distance_loss=1.25388622284
Iteration 32 of 100: loss=2.2767572403 object_loss=1.02312397957 distance_loss=1.25363337994
Iteration 33 of 100: loss=2.88929224014 object_loss=1.63553225994 distance_loss=1.25376009941
Iteration 34 of 100: loss=2.40867161751 object_loss=1.15479111671 distance_loss=1.25388050079
Iteration 35 of 100: loss=2.12619400024 object_loss=0.872079908848 distance_loss=1.254114151
Iteration 36 of 100: loss=2.41081762314 object_loss=1.15688407421 distance_loss=1.25393354893
Iteration 37 of 100: loss=2.45254611969 object_loss=1.19859170914 distance_loss=1.25395441055
Iteration 38 of 100: loss=3.23444509506 object_loss=1.98020017147 distance_loss=1.25424480438
Iteration 39 of 100: loss=3.71419382095 object_loss=2.45962142944 distance_loss=1.25457251072
Iteration 40 of 100: loss=2.57013392448 object_loss=1.31572520733 distance_loss=1.25440871716
Iteration 41 of 100: loss=3.0720281601 object_loss=1.81761229038 distance_loss=1.25441586971
Iteration 42 of 100: loss=3.13705563545 object_loss=1.88230466843 distance_loss=1.25475096703
Iteration 43 of 100: loss=2.61498355865 object_loss=1.35989570618 distance_loss=1.25508797169
Iteration 44 of 100: loss=4.22380495071 object_loss=2.96855330467 distance_loss=1.25525152683
Iteration 45 of 100: loss=2.90595173836 object_loss=1.65074086189 distance_loss=1.25521087646
Iteration 46 of 100: loss=2.49954128265 object_loss=1.24424612522 distance_loss=1.25529503822
Iteration 47 of 100: loss=2.94047403336 object_loss=1.68514335155 distance_loss=1.2553306818
Iteration 48 of 100: loss=2.31843805313 object_loss=1.06336379051 distance_loss=1.25507438183
Iteration 49 of 100: loss=3.00523376465 object_loss=1.7504953146 distance_loss=1.25473856926
Iteration 50 of 100: loss=3.31580209732 object_loss=2.06139278412 distance_loss=1.2544093132
Iteration 51 of 100: loss=2.70702052116 object_loss=1.45316624641 distance_loss=1.25385427475
Iteration 52 of 100: loss=2.46967840195 object_loss=1.21652257442 distance_loss=1.25315594673
Iteration 53 of 100: loss=3.58801603317 object_loss=2.3348608017 distance_loss=1.25315523148
Iteration 54 of 100: loss=3.10266542435 object_loss=1.84954357147 distance_loss=1.25312173367
Iteration 55 of 100: loss=3.86470222473 object_loss=2.61187744141 distance_loss=1.25282466412
Iteration 56 of 100: loss=4.11990070343 object_loss=2.86722326279 distance_loss=1.25267720222
Iteration 57 of 100: loss=6.03036594391 object_loss=4.77744150162 distance_loss=1.25292432308
Iteration 58 of 100: loss=4.59918689728 object_loss=3.34615421295 distance_loss=1.25303268433
Iteration 59 of 100: loss=3.77927422523 object_loss=2.52598357201 distance_loss=1.25329065323
Iteration 60 of 100: loss=8.08339595795 object_loss=6.82972812653 distance_loss=1.25366771221
Iteration 61 of 100: loss=9.17817878723 object_loss=7.92411565781 distance_loss=1.25406324863
Iteration 62 of 100: loss=9.41203117371 object_loss=8.15731811523 distance_loss=1.25471258163
Iteration 63 of 100: loss=17.5141563416 object_loss=16.2588272095 distance_loss=1.25532901287
Iteration 64 of 100: loss=8.26127815247 object_loss=7.00544309616 distance_loss=1.25583541393
Iteration 65 of 100: loss=3.78561925888 object_loss=2.52875471115 distance_loss=1.25686454773
Iteration 66 of 100: loss=4.26496982574 object_loss=3.00693774223 distance_loss=1.25803220272
Iteration 67 of 100: loss=3.34678411484 object_loss=2.08758687973 distance_loss=1.25919723511
Iteration 68 of 100: loss=3.49931335449 object_loss=2.23899698257 distance_loss=1.26031649113
Iteration 69 of 100: loss=2.26470565796 object_loss=1.00315105915 distance_loss=1.26155471802
Iteration 70 of 100: loss=3.1631269455 object_loss=1.9006755352 distance_loss=1.26245141029
Iteration 71 of 100: loss=3.99768352509 object_loss=2.73432779312 distance_loss=1.26335561275
Iteration 72 of 100: loss=2.46806526184 object_loss=1.2043005228 distance_loss=1.26376485825
Iteration 73 of 100: loss=3.10114979744 object_loss=1.83679306507 distance_loss=1.26435673237
Iteration 74 of 100: loss=2.85756206512 object_loss=1.59256076813 distance_loss=1.265001297
Iteration 75 of 100: loss=4.01727437973 object_loss=2.75197696686 distance_loss=1.26529753208
Iteration 76 of 100: loss=3.77983999252 object_loss=2.51462244987 distance_loss=1.26521766186
Iteration 77 of 100: loss=3.66293072701 object_loss=2.39775085449 distance_loss=1.26517987251
Iteration 78 of 100: loss=5.1957025528 object_loss=3.93027019501 distance_loss=1.26543259621
Iteration 79 of 100: loss=4.44982385635 object_loss=3.18429255486 distance_loss=1.26553142071
Iteration 80 of 100: loss=4.27145862579 object_loss=3.00580573082 distance_loss=1.26565301418
Iteration 81 of 100: loss=4.20946884155 object_loss=2.94389176369 distance_loss=1.26557683945
Iteration 82 of 100: loss=3.09988021851 object_loss=1.83405816555 distance_loss=1.26582217216
Iteration 83 of 100: loss=3.56322479248 object_loss=2.29702877998 distance_loss=1.2661960125
Iteration 84 of 100: loss=3.65912938118 object_loss=2.39288902283 distance_loss=1.26624035835
Iteration 85 of 100: loss=5.50974941254 object_loss=4.24330997467 distance_loss=1.26643943787
Iteration 86 of 100: loss=4.06342935562 object_loss=2.79685258865 distance_loss=1.26657676697
Iteration 87 of 100: loss=4.6099114418 object_loss=3.3431661129 distance_loss=1.26674520969
Iteration 88 of 100: loss=4.65921592712 object_loss=3.39265918732 distance_loss=1.26655650139
Iteration 89 of 100: loss=4.64406871796 object_loss=3.37709021568 distance_loss=1.26697826385
Iteration 90 of 100: loss=4.56629419327 object_loss=3.29913306236 distance_loss=1.2671610117
Iteration 91 of 100: loss=3.31690120697 object_loss=2.04964399338 distance_loss=1.2672573328
Iteration 92 of 100: loss=3.65685725212 object_loss=2.38971042633 distance_loss=1.26714682579
Iteration 93 of 100: loss=5.34224796295 object_loss=4.07436275482 distance_loss=1.26788496971
Iteration 94 of 100: loss=6.67139863968 object_loss=5.40335321426 distance_loss=1.26804554462
Iteration 95 of 100: loss=8.63751220703 object_loss=7.36925888062 distance_loss=1.268253088
Iteration 96 of 100: loss=9.65792369843 object_loss=8.38930511475 distance_loss=1.26861858368
Iteration 97 of 100: loss=7.81698036194 object_loss=6.54803848267 distance_loss=1.26894211769
Iteration 98 of 100: loss=9.63521099091 object_loss=8.36588859558 distance_loss=1.26932215691
Iteration 99 of 100: loss=8.1315536499 object_loss=6.86183357239 distance_loss=1.26971971989
Iteration 0 of 100: loss=12.9587955475 object_loss=11.6889276505 distance_loss=1.26986789703
Iteration 1 of 100: loss=15.7550773621 object_loss=14.4850101471 distance_loss=1.27006757259
Iteration 2 of 100: loss=17.4687004089 object_loss=16.1982078552 distance_loss=1.27049171925
Iteration 3 of 100: loss=15.8063812256 object_loss=14.5354499817 distance_loss=1.27093148232
Iteration 4 of 100: loss=18.6827735901 object_loss=17.4116573334 distance_loss=1.27111685276
Iteration 5 of 100: loss=16.2227611542 object_loss=14.9509305954 distance_loss=1.27183055878
Iteration 6 of 100: loss=8.57781791687 object_loss=7.30491065979 distance_loss=1.27290689945
Iteration 7 of 100: loss=10.2923688889 object_loss=9.01872062683 distance_loss=1.27364826202
Iteration 8 of 100: loss=19.485584259 object_loss=18.2116069794 distance_loss=1.27397680283
Iteration 9 of 100: loss=9.85091400146 object_loss=8.5765619278 distance_loss=1.27435255051
Iteration 10 of 100: loss=12.1715288162 object_loss=10.8970012665 distance_loss=1.27452754974
Iteration 11 of 100: loss=11.2119436264 object_loss=9.93717479706 distance_loss=1.27476882935
Iteration 12 of 100: loss=9.58083629608 object_loss=8.30636978149 distance_loss=1.2744666338
Iteration 13 of 100: loss=9.048163414 object_loss=7.77351379395 distance_loss=1.27464950085
Iteration 14 of 100: loss=10.4767513275 object_loss=9.20195770264 distance_loss=1.27479374409
Iteration 15 of 100: loss=3.82221055031 object_loss=2.54729938507 distance_loss=1.27491116524
Iteration 16 of 100: loss=6.75930833817 object_loss=5.4845123291 distance_loss=1.27479600906
Iteration 17 of 100: loss=5.31257104874 object_loss=4.03752756119 distance_loss=1.27504348755
Iteration 18 of 100: loss=11.1643371582 object_loss=9.88920402527 distance_loss=1.27513349056
Iteration 19 of 100: loss=18.4861011505 object_loss=17.2107315063 distance_loss=1.27536988258
Iteration 20 of 100: loss=14.7432222366 object_loss=13.467209816 distance_loss=1.27601230145
Iteration 21 of 100: loss=3.2446064949 object_loss=1.96832954884 distance_loss=1.27627694607
Iteration 22 of 100: loss=9.3517408371 object_loss=8.07506942749 distance_loss=1.27667164803
Iteration 23 of 100: loss=8.18297100067 object_loss=6.90557098389 distance_loss=1.27739965916
Iteration 24 of 100: loss=14.9876041412 object_loss=13.7096805573 distance_loss=1.27792394161
Iteration 25 of 100: loss=15.2262029648 object_loss=13.9475679398 distance_loss=1.27863526344
Iteration 26 of 100: loss=4.88253164291 object_loss=3.60320734978 distance_loss=1.27932417393
Iteration 27 of 100: loss=5.89845657349 object_loss=4.61820316315 distance_loss=1.28025364876
Iteration 28 of 100: loss=3.44356393814 object_loss=2.1623840332 distance_loss=1.28118002415
Iteration 29 of 100: loss=4.06187963486 object_loss=2.77990841866 distance_loss=1.2819712162
Iteration 30 of 100: loss=6.3595457077 object_loss=5.07678174973 distance_loss=1.28276407719
Iteration 31 of 100: loss=5.52883434296 object_loss=4.24560594559 distance_loss=1.28322815895
Iteration 32 of 100: loss=7.27370834351 object_loss=5.99013805389 distance_loss=1.28357005119
Iteration 33 of 100: loss=7.73100090027 object_loss=6.44676494598 distance_loss=1.28423583508
Iteration 34 of 100: loss=6.56711101532 object_loss=5.2822136879 distance_loss=1.284897089
Iteration 35 of 100: loss=7.43010520935 object_loss=6.14471006393 distance_loss=1.28539514542
Iteration 36 of 100: loss=7.5940079689 object_loss=6.30838727951 distance_loss=1.2856208086
Iteration 37 of 100: loss=7.54531908035 object_loss=6.25950336456 distance_loss=1.285815835
Iteration 38 of 100: loss=9.56715774536 object_loss=8.28117179871 distance_loss=1.28598570824
Iteration 39 of 100: loss=6.4259557724 object_loss=5.1395201683 distance_loss=1.28643548489
Iteration 40 of 100: loss=7.01161193848 object_loss=5.7248249054 distance_loss=1.28678703308
Iteration 41 of 100: loss=7.90619373322 object_loss=6.61898231506 distance_loss=1.28721165657
Iteration 42 of 100: loss=6.8935213089 object_loss=5.60611915588 distance_loss=1.2874019146
Iteration 43 of 100: loss=6.61757898331 object_loss=5.32969093323 distance_loss=1.28788816929
Iteration 44 of 100: loss=6.78550767899 object_loss=5.49741840363 distance_loss=1.28808927536
Iteration 45 of 100: loss=7.6728925705 object_loss=6.38463401794 distance_loss=1.28825867176
Iteration 46 of 100: loss=8.17287063599 object_loss=6.88466596603 distance_loss=1.28820443153
Iteration 47 of 100: loss=6.45511198044 object_loss=5.16717004776 distance_loss=1.28794181347
Iteration 48 of 100: loss=9.04620075226 object_loss=7.75867271423 distance_loss=1.28752779961
Iteration 49 of 100: loss=7.6780295372 object_loss=6.39065170288 distance_loss=1.28737771511
Iteration 50 of 100: loss=7.26257038116 object_loss=5.97502422333 distance_loss=1.28754615784
Iteration 51 of 100: loss=7.88735389709 object_loss=6.60010814667 distance_loss=1.28724586964
Iteration 52 of 100: loss=10.270565033 object_loss=8.98380184174 distance_loss=1.28676319122
Iteration 53 of 100: loss=11.4623222351 object_loss=10.1754570007 distance_loss=1.286865592
Iteration 54 of 100: loss=7.13007354736 object_loss=5.84295940399 distance_loss=1.28711414337
Iteration 55 of 100: loss=7.00940036774 object_loss=5.72198677063 distance_loss=1.28741383553
Iteration 56 of 100: loss=6.13742160797 object_loss=4.85011339188 distance_loss=1.28730821609
Iteration 57 of 100: loss=8.27486801147 object_loss=6.98787355423 distance_loss=1.28699421883
Iteration 58 of 100: loss=6.96665287018 object_loss=5.67965507507 distance_loss=1.28699803352
Iteration 59 of 100: loss=6.49205780029 object_loss=5.20504045486 distance_loss=1.28701734543
Iteration 60 of 100: loss=5.34862995148 object_loss=4.06180238724 distance_loss=1.28682732582
Iteration 61 of 100: loss=5.71124839783 object_loss=4.42457485199 distance_loss=1.28667366505
Iteration 62 of 100: loss=4.30369091034 object_loss=3.01700115204 distance_loss=1.28668963909
Iteration 63 of 100: loss=4.10398435593 object_loss=2.81714820862 distance_loss=1.2868360281
Iteration 64 of 100: loss=9.02731132507 object_loss=7.74052476883 distance_loss=1.28678655624
Iteration 65 of 100: loss=8.07882976532 object_loss=6.79213047028 distance_loss=1.28669917583
Iteration 66 of 100: loss=8.32795906067 object_loss=7.04132652283 distance_loss=1.28663277626
Iteration 67 of 100: loss=9.03886604309 object_loss=7.75237894058 distance_loss=1.28648674488
Iteration 68 of 100: loss=6.51893854141 object_loss=5.2327003479 distance_loss=1.28623819351
Iteration 69 of 100: loss=5.49634790421 object_loss=4.21012401581 distance_loss=1.2862238884
Iteration 70 of 100: loss=5.2678604126 object_loss=3.98151493073 distance_loss=1.28634548187
Iteration 71 of 100: loss=4.68466472626 object_loss=3.39833450317 distance_loss=1.2863304615
Iteration 72 of 100: loss=6.22754096985 object_loss=4.94163322449 distance_loss=1.28590762615
Iteration 73 of 100: loss=6.53102779388 object_loss=5.24443674088 distance_loss=1.2865909338
Iteration 74 of 100: loss=8.75798797607 object_loss=7.47101402283 distance_loss=1.28697347641
Iteration 75 of 100: loss=5.95781612396 object_loss=4.67064237595 distance_loss=1.2871735096
Iteration 76 of 100: loss=5.76209068298 object_loss=4.47489881516 distance_loss=1.28719174862
Iteration 77 of 100: loss=5.55035877228 object_loss=4.26281261444 distance_loss=1.28754615784
Iteration 78 of 100: loss=9.51822948456 object_loss=8.23026752472 distance_loss=1.28796172142
Iteration 79 of 100: loss=11.1630926132 object_loss=9.87460899353 distance_loss=1.2884837389
Iteration 80 of 100: loss=7.75997829437 object_loss=6.47115087509 distance_loss=1.28882753849
Iteration 81 of 100: loss=6.83344364166 object_loss=5.5443148613 distance_loss=1.28912854195
Iteration 82 of 100: loss=6.53317642212 object_loss=5.2434668541 distance_loss=1.28970980644
Iteration 83 of 100: loss=7.86000108719 object_loss=6.56960296631 distance_loss=1.29039812088
Iteration 84 of 100: loss=7.66860532761 object_loss=6.37782239914 distance_loss=1.29078280926
Iteration 85 of 100: loss=7.80097770691 object_loss=6.50957584381 distance_loss=1.2914018631
Iteration 86 of 100: loss=5.36523771286 object_loss=4.07365512848 distance_loss=1.29158258438
Iteration 87 of 100: loss=10.3284788132 object_loss=9.0367307663 distance_loss=1.29174780846
Iteration 88 of 100: loss=6.44821357727 object_loss=5.15622711182 distance_loss=1.29198646545
Iteration 89 of 100: loss=8.28602027893 object_loss=6.99371433258 distance_loss=1.29230558872
Iteration 90 of 100: loss=6.99792480469 object_loss=5.70539617538 distance_loss=1.2925286293
Iteration 91 of 100: loss=6.3037147522 object_loss=5.01116037369 distance_loss=1.29255449772
Iteration 92 of 100: loss=6.86669254303 object_loss=5.57392930984 distance_loss=1.2927634716
Iteration 93 of 100: loss=7.33662319183 object_loss=6.04296016693 distance_loss=1.2936630249
Iteration 94 of 100: loss=9.76348590851 object_loss=8.46918201447 distance_loss=1.29430389404
Iteration 95 of 100: loss=10.4800424576 object_loss=9.18538475037 distance_loss=1.2946574688
Iteration 96 of 100: loss=7.55543661118 object_loss=6.26115465164 distance_loss=1.29428207874
Iteration 97 of 100: loss=7.58724355698 object_loss=6.29301643372 distance_loss=1.29422712326
Iteration 98 of 100: loss=6.31334447861 object_loss=5.01960325241 distance_loss=1.2937412262
Iteration 99 of 100: loss=7.70745182037 object_loss=6.4142165184 distance_loss=1.29323518276
Iteration 0 of 100: loss=6.1440076828 object_loss=4.85106801987 distance_loss=1.29293954372
Iteration 1 of 100: loss=4.4044046402 object_loss=3.11177325249 distance_loss=1.29263138771
Iteration 2 of 100: loss=5.7697019577 object_loss=4.4775557518 distance_loss=1.29214644432
Iteration 3 of 100: loss=6.4688038826 object_loss=5.17672681808 distance_loss=1.29207706451
Iteration 4 of 100: loss=9.8616065979 object_loss=8.56924343109 distance_loss=1.29236328602
Iteration 5 of 100: loss=8.21852493286 object_loss=6.92593002319 distance_loss=1.29259455204
Iteration 6 of 100: loss=7.56645488739 object_loss=6.27322769165 distance_loss=1.29322731495
Iteration 7 of 100: loss=7.44634771347 object_loss=6.15251111984 distance_loss=1.29383659363
Iteration 8 of 100: loss=10.0499925613 object_loss=8.75599956512 distance_loss=1.2939927578
Iteration 9 of 100: loss=6.52061605453 object_loss=5.226126194 distance_loss=1.29448997974
Iteration 10 of 100: loss=7.39964199066 object_loss=6.10475063324 distance_loss=1.294891119
Iteration 11 of 100: loss=5.94244337082 object_loss=4.64724969864 distance_loss=1.29519379139
Iteration 12 of 100: loss=6.23928642273 object_loss=4.94402265549 distance_loss=1.29526388645
Iteration 13 of 100: loss=6.03534555435 object_loss=4.73960876465 distance_loss=1.2957367897
Iteration 14 of 100: loss=6.66245698929 object_loss=5.36680841446 distance_loss=1.29564845562
Iteration 15 of 100: loss=6.86620235443 object_loss=5.57050418854 distance_loss=1.29569816589
Iteration 16 of 100: loss=8.39988803864 object_loss=7.10439252853 distance_loss=1.29549586773
Iteration 17 of 100: loss=8.41637039185 object_loss=7.12119102478 distance_loss=1.29517900944
Iteration 18 of 100: loss=8.05538082123 object_loss=6.76015281677 distance_loss=1.29522812366
Iteration 19 of 100: loss=10.0790081024 object_loss=8.78383636475 distance_loss=1.2951720953
Iteration 20 of 100: loss=8.09940338135 object_loss=6.80468559265 distance_loss=1.29471814632
Iteration 21 of 100: loss=7.65855693817 object_loss=6.36411523819 distance_loss=1.2944419384
Iteration 22 of 100: loss=7.84341669083 object_loss=6.54894256592 distance_loss=1.29447412491
Iteration 23 of 100: loss=7.3704662323 object_loss=6.07624387741 distance_loss=1.29422223568
Iteration 24 of 100: loss=8.14364051819 object_loss=6.8498916626 distance_loss=1.29374933243
Iteration 25 of 100: loss=9.55477619171 object_loss=8.26152706146 distance_loss=1.29324913025
Iteration 26 of 100: loss=13.1322650909 object_loss=11.8395385742 distance_loss=1.29272675514
Iteration 27 of 100: loss=10.3206586838 object_loss=9.02794647217 distance_loss=1.29271197319
Iteration 28 of 100: loss=10.6350421906 object_loss=9.34242725372 distance_loss=1.29261505604
Iteration 29 of 100: loss=13.5065002441 object_loss=12.2138671875 distance_loss=1.2926325798
Iteration 30 of 100: loss=13.1008348465 object_loss=11.8086471558 distance_loss=1.29218733311
Iteration 31 of 100: loss=9.94679832458 object_loss=8.65515995026 distance_loss=1.2916380167
Iteration 32 of 100: loss=9.54707717896 object_loss=8.25631332397 distance_loss=1.29076373577
Iteration 33 of 100: loss=11.4979801178 object_loss=10.2073793411 distance_loss=1.29060101509
Iteration 34 of 100: loss=15.9989833832 object_loss=14.7087879181 distance_loss=1.29019534588
Iteration 35 of 100: loss=14.0356960297 object_loss=12.7454881668 distance_loss=1.29020738602
Iteration 36 of 100: loss=18.8168773651 object_loss=17.5263195038 distance_loss=1.29055726528
Iteration 37 of 100: loss=13.5120182037 object_loss=12.2211685181 distance_loss=1.29084932804
Iteration 38 of 100: loss=14.0468864441 object_loss=12.7560558319 distance_loss=1.29083073139
Iteration 39 of 100: loss=12.5969457626 object_loss=11.305721283 distance_loss=1.2912248373
Iteration 40 of 100: loss=12.6558685303 object_loss=11.3642101288 distance_loss=1.29165792465
Iteration 41 of 100: loss=12.2532567978 object_loss=10.9615688324 distance_loss=1.29168832302
Iteration 42 of 100: loss=13.4273233414 object_loss=12.135134697 distance_loss=1.2921885252
Iteration 43 of 100: loss=13.1689605713 object_loss=11.8761920929 distance_loss=1.29276883602
Iteration 44 of 100: loss=14.2028446198 object_loss=12.9095535278 distance_loss=1.29329097271
Iteration 45 of 100: loss=11.0749292374 object_loss=9.78099155426 distance_loss=1.29393804073
Iteration 46 of 100: loss=13.1922397614 object_loss=11.8976449966 distance_loss=1.29459440708
Iteration 47 of 100: loss=9.16272926331 object_loss=7.86786746979 distance_loss=1.29486203194
Iteration 48 of 100: loss=9.08292579651 object_loss=7.7879281044 distance_loss=1.29499721527
Iteration 49 of 100: loss=8.68523788452 object_loss=7.38995838165 distance_loss=1.29527974129
Iteration 50 of 100: loss=9.07457256317 object_loss=7.77905368805 distance_loss=1.2955186367
Iteration 51 of 100: loss=11.0479469299 object_loss=9.75222110748 distance_loss=1.29572534561
Iteration 52 of 100: loss=10.9422483444 object_loss=9.64698600769 distance_loss=1.29526221752
Iteration 53 of 100: loss=10.9036235809 object_loss=9.60810279846 distance_loss=1.29552125931
Iteration 54 of 100: loss=11.0721130371 object_loss=9.77660274506 distance_loss=1.29551076889
Iteration 55 of 100: loss=9.01410007477 object_loss=7.71835422516 distance_loss=1.29574596882
Iteration 56 of 100: loss=7.00768280029 object_loss=5.71182823181 distance_loss=1.29585444927
Iteration 57 of 100: loss=4.55941200256 object_loss=3.26323366165 distance_loss=1.29617810249
Iteration 58 of 100: loss=4.38478899002 object_loss=3.08828639984 distance_loss=1.29650270939
Iteration 59 of 100: loss=5.10158729553 object_loss=3.8048927784 distance_loss=1.29669451714
Iteration 60 of 100: loss=5.38600873947 object_loss=4.0891046524 distance_loss=1.29690420628
Iteration 61 of 100: loss=5.44194793701 object_loss=4.1449303627 distance_loss=1.29701757431
Iteration 62 of 100: loss=6.41289567947 object_loss=5.11590623856 distance_loss=1.29698932171
Iteration 63 of 100: loss=7.53239870071 object_loss=6.2355389595 distance_loss=1.29685974121
Iteration 64 of 100: loss=7.82885980606 object_loss=6.53190994263 distance_loss=1.29694986343
Iteration 65 of 100: loss=7.20973777771 object_loss=5.91273212433 distance_loss=1.29700565338
Iteration 66 of 100: loss=7.33203983307 object_loss=6.035115242 distance_loss=1.29692435265
Iteration 67 of 100: loss=6.291492939 object_loss=4.99427366257 distance_loss=1.29721927643
Iteration 68 of 100: loss=8.94674873352 object_loss=7.64949798584 distance_loss=1.29725039005
Iteration 69 of 100: loss=6.4531121254 object_loss=5.15559673309 distance_loss=1.29751527309
Iteration 70 of 100: loss=6.05110216141 object_loss=4.75321626663 distance_loss=1.29788589478
Iteration 71 of 100: loss=5.0933971405 object_loss=3.79526996613 distance_loss=1.2981274128
Iteration 72 of 100: loss=5.50653743744 object_loss=4.2083530426 distance_loss=1.29818427563
Iteration 73 of 100: loss=6.11637401581 object_loss=4.81806516647 distance_loss=1.29830896854
Iteration 74 of 100: loss=4.28470468521 object_loss=2.98644638062 distance_loss=1.29825818539
Iteration 75 of 100: loss=4.97427845001 object_loss=3.67643094063 distance_loss=1.29784739017
Iteration 76 of 100: loss=4.72563076019 object_loss=3.42815136909 distance_loss=1.29747951031
Iteration 77 of 100: loss=3.74621343613 object_loss=2.44888472557 distance_loss=1.29732882977
Iteration 78 of 100: loss=3.67004990578 object_loss=2.37285327911 distance_loss=1.29719662666
Iteration 79 of 100: loss=4.49990844727 object_loss=3.20269155502 distance_loss=1.29721689224
Iteration 80 of 100: loss=4.10765123367 object_loss=2.81057810783 distance_loss=1.29707324505
Iteration 81 of 100: loss=3.4120721817 object_loss=2.1148583889 distance_loss=1.29721367359
Iteration 82 of 100: loss=3.44357895851 object_loss=2.14618897438 distance_loss=1.29738998413
Iteration 83 of 100: loss=3.82887125015 object_loss=2.53139805794 distance_loss=1.29747307301
Iteration 84 of 100: loss=3.41530299187 object_loss=2.11797404289 distance_loss=1.29732894897
Iteration 85 of 100: loss=4.66297149658 object_loss=3.36526155472 distance_loss=1.29770970345
Iteration 86 of 100: loss=3.64260625839 object_loss=2.34484958649 distance_loss=1.2977565527
Iteration 87 of 100: loss=3.61534786224 object_loss=2.31727695465 distance_loss=1.29807078838
Iteration 88 of 100: loss=3.72926211357 object_loss=2.43110275269 distance_loss=1.29815936089
Iteration 89 of 100: loss=4.14526700974 object_loss=2.84723138809 distance_loss=1.29803562164
Iteration 90 of 100: loss=3.1093788147 object_loss=1.81117033958 distance_loss=1.29820847511
Iteration 91 of 100: loss=4.51664733887 object_loss=3.21820688248 distance_loss=1.29844045639
Iteration 92 of 100: loss=4.57831430435 object_loss=3.27996969223 distance_loss=1.29834461212
Iteration 93 of 100: loss=4.61834764481 object_loss=3.31942439079 distance_loss=1.2989231348
Iteration 94 of 100: loss=3.14063119888 object_loss=1.84121131897 distance_loss=1.29941987991
Iteration 95 of 100: loss=3.75211429596 object_loss=2.45236539841 distance_loss=1.29974901676
Iteration 96 of 100: loss=4.79370212555 object_loss=3.49366044998 distance_loss=1.30004143715
Iteration 97 of 100: loss=3.76605653763 object_loss=2.46564555168 distance_loss=1.30041098595
Iteration 98 of 100: loss=5.0407910347 object_loss=3.74006128311 distance_loss=1.30072975159
Iteration 99 of 100: loss=3.99985027313 object_loss=2.69859647751 distance_loss=1.30125367641
Iteration 0 of 100: loss=4.42122650146 object_loss=3.11979222298 distance_loss=1.30143451691
Iteration 1 of 100: loss=3.68218517303 object_loss=2.38113451004 distance_loss=1.30105054379
Iteration 2 of 100: loss=6.49391651154 object_loss=5.19262886047 distance_loss=1.30128765106
Iteration 3 of 100: loss=5.87180995941 object_loss=4.56992721558 distance_loss=1.30188286304
Iteration 4 of 100: loss=5.27949047089 object_loss=3.97743630409 distance_loss=1.30205404758
Iteration 5 of 100: loss=4.34930515289 object_loss=3.04690074921 distance_loss=1.3024045229
Iteration 6 of 100: loss=4.51857471466 object_loss=3.21587514877 distance_loss=1.30269932747
Iteration 7 of 100: loss=6.63316774368 object_loss=5.33009147644 distance_loss=1.30307626724
Iteration 8 of 100: loss=10.5878276825 object_loss=9.28462505341 distance_loss=1.30320239067
Iteration 9 of 100: loss=10.8505783081 object_loss=9.5472946167 distance_loss=1.30328321457
Iteration 10 of 100: loss=11.3367242813 object_loss=10.0337591171 distance_loss=1.30296480656
Iteration 11 of 100: loss=8.25201320648 object_loss=6.94924402237 distance_loss=1.3027690649
Iteration 12 of 100: loss=5.68299102783 object_loss=4.38059806824 distance_loss=1.30239319801
Iteration 13 of 100: loss=8.45294475555 object_loss=7.15069913864 distance_loss=1.30224561691
Iteration 14 of 100: loss=8.15789890289 object_loss=6.85601758957 distance_loss=1.30188155174
Iteration 15 of 100: loss=7.51246500015 object_loss=6.21091890335 distance_loss=1.3015460968
Iteration 16 of 100: loss=14.9967670441 object_loss=13.695435524 distance_loss=1.30133140087
Iteration 17 of 100: loss=8.60267925262 object_loss=7.30116844177 distance_loss=1.30151045322
Iteration 18 of 100: loss=10.436290741 object_loss=9.13467311859 distance_loss=1.30161798
Iteration 19 of 100: loss=9.17790985107 object_loss=7.8759765625 distance_loss=1.30193293095
Iteration 20 of 100: loss=6.37889575958 object_loss=5.07646083832 distance_loss=1.30243515968
Iteration 21 of 100: loss=8.61650657654 object_loss=7.31357431412 distance_loss=1.302932024
Iteration 22 of 100: loss=9.32837104797 object_loss=8.02517032623 distance_loss=1.30320096016
Iteration 23 of 100: loss=8.37580299377 object_loss=7.07210683823 distance_loss=1.30369615555
Iteration 24 of 100: loss=6.54918479919 object_loss=5.24502134323 distance_loss=1.30416345596
Iteration 25 of 100: loss=5.21931505203 object_loss=3.91470384598 distance_loss=1.30461108685
Iteration 26 of 100: loss=4.42441558838 object_loss=3.11919331551 distance_loss=1.30522203445
Iteration 27 of 100: loss=5.85494232178 object_loss=4.54948425293 distance_loss=1.30545830727
Iteration 28 of 100: loss=7.91785573959 object_loss=6.61244297028 distance_loss=1.30541288853
Iteration 29 of 100: loss=7.19798851013 object_loss=5.89219236374 distance_loss=1.30579614639
Iteration 30 of 100: loss=5.60148382187 object_loss=4.29510641098 distance_loss=1.30637729168
Iteration 31 of 100: loss=6.88232374191 object_loss=5.57574176788 distance_loss=1.30658197403
Iteration 32 of 100: loss=4.27891016006 object_loss=2.97234725952 distance_loss=1.30656301975
Iteration 33 of 100: loss=6.32907962799 object_loss=5.02220964432 distance_loss=1.30686986446
Iteration 34 of 100: loss=7.66662883759 object_loss=6.35950803757 distance_loss=1.30712091923
Iteration 35 of 100: loss=4.42203855515 object_loss=3.11486029625 distance_loss=1.30717813969
Iteration 36 of 100: loss=5.20387172699 object_loss=3.89691400528 distance_loss=1.30695748329
Iteration 37 of 100: loss=7.56970024109 object_loss=6.26309299469 distance_loss=1.30660736561
Iteration 38 of 100: loss=6.44663238525 object_loss=5.14011478424 distance_loss=1.30651772022
Iteration 39 of 100: loss=9.64779281616 object_loss=8.34109020233 distance_loss=1.30670297146
Iteration 40 of 100: loss=10.2813739777 object_loss=8.9746055603 distance_loss=1.30676841736
Iteration 41 of 100: loss=9.41506004333 object_loss=8.1081237793 distance_loss=1.30693650246
Iteration 42 of 100: loss=10.7009859085 object_loss=9.39416122437 distance_loss=1.30682492256
Iteration 43 of 100: loss=7.24000692368 object_loss=5.93298244476 distance_loss=1.3070243597
Iteration 44 of 100: loss=7.74842691422 object_loss=6.44116973877 distance_loss=1.30725729465
Iteration 45 of 100: loss=10.625872612 object_loss=9.31875228882 distance_loss=1.3071205616
Iteration 46 of 100: loss=9.5486164093 object_loss=8.24178123474 distance_loss=1.30683469772
Iteration 47 of 100: loss=9.6256275177 object_loss=8.31885242462 distance_loss=1.30677473545
Iteration 48 of 100: loss=9.9510345459 object_loss=8.6444234848 distance_loss=1.30661141872
Iteration 49 of 100: loss=10.2389135361 object_loss=8.93223571777 distance_loss=1.30667817593
Iteration 50 of 100: loss=7.38586044312 object_loss=6.07891130447 distance_loss=1.30694913864
Iteration 51 of 100: loss=8.29736709595 object_loss=6.99032688141 distance_loss=1.30704021454
Iteration 52 of 100: loss=6.86126279831 object_loss=5.55417585373 distance_loss=1.30708694458
Iteration 53 of 100: loss=6.80146217346 object_loss=5.49390888214 distance_loss=1.30755329132
Iteration 54 of 100: loss=6.37039041519 object_loss=5.0621919632 distance_loss=1.30819857121
Iteration 55 of 100: loss=7.16072797775 object_loss=5.85208129883 distance_loss=1.30864655972
Iteration 56 of 100: loss=6.32283687592 object_loss=5.01404333115 distance_loss=1.30879330635
Iteration 57 of 100: loss=5.39702177048 object_loss=4.08791160583 distance_loss=1.30911004543
Iteration 58 of 100: loss=5.57003259659 object_loss=4.26043224335 distance_loss=1.30960047245
Iteration 59 of 100: loss=10.231303215 object_loss=8.92154312134 distance_loss=1.3097602129
Iteration 60 of 100: loss=9.89623641968 object_loss=8.58670425415 distance_loss=1.30953240395
Iteration 61 of 100: loss=10.0004911423 object_loss=8.69131469727 distance_loss=1.30917680264
Iteration 62 of 100: loss=10.6556463242 object_loss=9.3466053009 distance_loss=1.30904114246
Iteration 63 of 100: loss=9.33829879761 object_loss=8.02925014496 distance_loss=1.30904877186
Iteration 64 of 100: loss=10.3769111633 object_loss=9.06830501556 distance_loss=1.30860650539
Iteration 65 of 100: loss=9.960688591 object_loss=8.65216827393 distance_loss=1.30852067471
Iteration 66 of 100: loss=8.46720409393 object_loss=7.1584982872 distance_loss=1.30870604515
Iteration 67 of 100: loss=9.3414440155 object_loss=8.03274726868 distance_loss=1.30869710445
Iteration 68 of 100: loss=9.2937002182 object_loss=7.984998703 distance_loss=1.30870139599
Iteration 69 of 100: loss=10.8147926331 object_loss=9.50572109222 distance_loss=1.30907189846
Iteration 70 of 100: loss=10.5134096146 object_loss=9.20430278778 distance_loss=1.30910646915
Iteration 71 of 100: loss=11.8707952499 object_loss=10.5617227554 distance_loss=1.3090723753
Iteration 72 of 100: loss=11.4989061356 object_loss=10.189781189 distance_loss=1.30912482738
Iteration 73 of 100: loss=12.3557577133 object_loss=11.0463352203 distance_loss=1.30942213535
Iteration 74 of 100: loss=10.2184677124 object_loss=8.90931129456 distance_loss=1.30915594101
Iteration 75 of 100: loss=10.851691246 object_loss=9.54288101196 distance_loss=1.3088105917
Iteration 76 of 100: loss=9.79395484924 object_loss=8.48569011688 distance_loss=1.30826497078
Iteration 77 of 100: loss=12.233877182 object_loss=10.9255990982 distance_loss=1.30827784538
Iteration 78 of 100: loss=17.5012702942 object_loss=16.1931400299 distance_loss=1.30812954903
Iteration 79 of 100: loss=16.2723636627 object_loss=14.9644184113 distance_loss=1.30794525146
Iteration 80 of 100: loss=15.3214416504 object_loss=14.0137033463 distance_loss=1.30773842335
Iteration 81 of 100: loss=19.7581214905 object_loss=18.4508991241 distance_loss=1.30722141266
Iteration 82 of 100: loss=16.8846511841 object_loss=15.5781002045 distance_loss=1.30655109882
Iteration 83 of 100: loss=20.2935314178 object_loss=18.9875869751 distance_loss=1.30594444275
Iteration 84 of 100: loss=18.3680496216 object_loss=17.0626888275 distance_loss=1.30536162853
Iteration 85 of 100: loss=19.2902107239 object_loss=17.9855461121 distance_loss=1.3046643734
Iteration 86 of 100: loss=19.6308441162 object_loss=18.3266525269 distance_loss=1.30419254303
Iteration 87 of 100: loss=20.2417106628 object_loss=18.9376926422 distance_loss=1.30401730537
Iteration 88 of 100: loss=24.2367153168 object_loss=22.9326019287 distance_loss=1.30411303043
Iteration 89 of 100: loss=19.2564544678 object_loss=17.9517440796 distance_loss=1.30471014977
Iteration 90 of 100: loss=20.7253608704 object_loss=19.4201221466 distance_loss=1.30523920059
Iteration 91 of 100: loss=16.0331115723 object_loss=14.7276182175 distance_loss=1.30549371243
Iteration 92 of 100: loss=15.5482397079 object_loss=14.2427330017 distance_loss=1.30550634861
Iteration 93 of 100: loss=18.1945495605 object_loss=16.8883247375 distance_loss=1.30622398853
Iteration 94 of 100: loss=16.2615776062 object_loss=14.9548225403 distance_loss=1.30675518513
Iteration 95 of 100: loss=12.041718483 object_loss=10.7347946167 distance_loss=1.30692398548
Iteration 96 of 100: loss=11.4755496979 object_loss=10.1683359146 distance_loss=1.30721378326
Iteration 97 of 100: loss=12.7768287659 object_loss=11.4689283371 distance_loss=1.30789995193
Iteration 98 of 100: loss=10.076581955 object_loss=8.76781368256 distance_loss=1.30876803398
Iteration 99 of 100: loss=14.823677063 object_loss=13.5143060684 distance_loss=1.30937147141
Iteration 0 of 100: loss=12.0236444473 object_loss=10.7138881683 distance_loss=1.30975604057
Iteration 1 of 100: loss=12.6551370621 object_loss=11.3447704315 distance_loss=1.31036698818
Iteration 2 of 100: loss=11.4244060516 object_loss=10.1134662628 distance_loss=1.3109395504
Iteration 3 of 100: loss=9.7315120697 object_loss=8.42020797729 distance_loss=1.31130456924
Iteration 4 of 100: loss=12.0367450714 object_loss=10.7253742218 distance_loss=1.31137096882
Iteration 5 of 100: loss=12.3433589935 object_loss=11.031671524 distance_loss=1.31168782711
Iteration 6 of 100: loss=10.5838851929 object_loss=9.27185821533 distance_loss=1.3120265007
Iteration 7 of 100: loss=11.8648853302 object_loss=10.5523900986 distance_loss=1.31249475479
Iteration 8 of 100: loss=11.2814769745 object_loss=9.96864700317 distance_loss=1.31283032894
Iteration 9 of 100: loss=12.2014074326 object_loss=10.8883495331 distance_loss=1.31305813789
Iteration 10 of 100: loss=13.2481613159 object_loss=11.9347953796 distance_loss=1.31336641312
Iteration 11 of 100: loss=13.3856897354 object_loss=12.0720806122 distance_loss=1.31360948086
Iteration 12 of 100: loss=15.1682186127 object_loss=13.8544435501 distance_loss=1.31377506256
Iteration 13 of 100: loss=16.1935062408 object_loss=14.878909111 distance_loss=1.31459653378
Iteration 14 of 100: loss=15.9019489288 object_loss=14.5869989395 distance_loss=1.31495022774
Iteration 15 of 100: loss=17.0447025299 object_loss=15.729347229 distance_loss=1.31535506248
Iteration 16 of 100: loss=16.057674408 object_loss=14.7419614792 distance_loss=1.31571304798
Iteration 17 of 100: loss=11.9103813171 object_loss=10.5945472717 distance_loss=1.31583404541
Iteration 18 of 100: loss=15.2138557434 object_loss=13.8979930878 distance_loss=1.3158621788
Iteration 19 of 100: loss=7.40812397003 object_loss=6.09209537506 distance_loss=1.31602835655
Iteration 20 of 100: loss=11.4840993881 object_loss=10.1679611206 distance_loss=1.31613838673
Iteration 21 of 100: loss=12.0116119385 object_loss=10.6950178146 distance_loss=1.31659376621
Iteration 22 of 100: loss=11.8331422806 object_loss=10.5162248611 distance_loss=1.31691718102
Iteration 23 of 100: loss=14.1799106598 object_loss=12.8625564575 distance_loss=1.31735372543
Iteration 24 of 100: loss=17.2993125916 object_loss=15.9818439484 distance_loss=1.31746852398
Iteration 25 of 100: loss=17.3346652985 object_loss=16.0166568756 distance_loss=1.31800782681
Iteration 26 of 100: loss=19.9550056458 object_loss=18.6367797852 distance_loss=1.31822621822
Iteration 27 of 100: loss=18.4796199799 object_loss=17.1613826752 distance_loss=1.31823658943
Iteration 28 of 100: loss=23.4317646027 object_loss=22.1133728027 distance_loss=1.31839120388
Iteration 29 of 100: loss=24.1484413147 object_loss=22.8297100067 distance_loss=1.31873190403
Iteration 30 of 100: loss=24.85430336 object_loss=23.5353298187 distance_loss=1.31897306442
Iteration 31 of 100: loss=25.7164745331 object_loss=24.397195816 distance_loss=1.31927907467
Iteration 32 of 100: loss=21.2704868317 object_loss=19.9513549805 distance_loss=1.31913208961
Iteration 33 of 100: loss=24.1555404663 object_loss=22.8363361359 distance_loss=1.31920349598
Iteration 34 of 100: loss=16.6580352783 object_loss=15.3394603729 distance_loss=1.31857454777
Iteration 35 of 100: loss=16.5689525604 object_loss=15.2511100769 distance_loss=1.31784331799
Iteration 36 of 100: loss=18.3423194885 object_loss=17.0252513885 distance_loss=1.31706893444
Iteration 37 of 100: loss=13.1287765503 object_loss=11.8121986389 distance_loss=1.31657838821
Iteration 38 of 100: loss=16.7961578369 object_loss=15.4798669815 distance_loss=1.31629109383
Iteration 39 of 100: loss=19.7907085419 object_loss=18.4746208191 distance_loss=1.31608712673
Iteration 40 of 100: loss=19.7311515808 object_loss=18.4152069092 distance_loss=1.31594502926
Iteration 41 of 100: loss=17.2834300995 object_loss=15.9676589966 distance_loss=1.31577086449
Iteration 42 of 100: loss=15.2170314789 object_loss=13.9012556076 distance_loss=1.3157761097
Iteration 43 of 100: loss=19.7483482361 object_loss=18.4325275421 distance_loss=1.31582033634
Iteration 44 of 100: loss=16.9003238678 object_loss=15.5843238831 distance_loss=1.31599998474
Iteration 45 of 100: loss=16.9794254303 object_loss=15.6632833481 distance_loss=1.31614255905
Iteration 46 of 100: loss=12.200758934 object_loss=10.8837089539 distance_loss=1.31704962254
Iteration 47 of 100: loss=15.644493103 object_loss=14.3266496658 distance_loss=1.31784296036
Iteration 48 of 100: loss=13.6014156342 object_loss=12.2833518982 distance_loss=1.31806349754
Iteration 49 of 100: loss=15.3552837372 object_loss=14.0364284515 distance_loss=1.31885528564
Iteration 50 of 100: loss=12.628537178 object_loss=11.3093109131 distance_loss=1.31922590733
Iteration 51 of 100: loss=15.7581348419 object_loss=14.439239502 distance_loss=1.31889498234
Iteration 52 of 100: loss=17.0121135712 object_loss=15.6936664581 distance_loss=1.31844747066
Iteration 53 of 100: loss=10.4996747971 object_loss=9.1808681488 distance_loss=1.31880664825
Iteration 54 of 100: loss=10.9154224396 object_loss=9.59637069702 distance_loss=1.31905221939
Iteration 55 of 100: loss=14.6769523621 object_loss=13.3577013016 distance_loss=1.31925058365
Iteration 56 of 100: loss=12.9482431412 object_loss=11.6288814545 distance_loss=1.31936192513
Iteration 57 of 100: loss=13.4832086563 object_loss=12.1639175415 distance_loss=1.31929111481
Iteration 58 of 100: loss=9.5971736908 object_loss=8.27766799927 distance_loss=1.31950581074
Iteration 59 of 100: loss=12.517578125 object_loss=11.1979951859 distance_loss=1.31958258152
Iteration 60 of 100: loss=9.892786026 object_loss=8.57311058044 distance_loss=1.31967532635
Iteration 61 of 100: loss=14.8456869125 object_loss=13.5257740021 distance_loss=1.31991267204
Iteration 62 of 100: loss=16.6187324524 object_loss=15.298913002 distance_loss=1.3198196888
Iteration 63 of 100: loss=11.6673612595 object_loss=10.3471412659 distance_loss=1.32021975517
Iteration 64 of 100: loss=5.58446788788 object_loss=4.26404428482 distance_loss=1.32042348385
Iteration 65 of 100: loss=8.6370677948 object_loss=7.31645393372 distance_loss=1.32061362267
Iteration 66 of 100: loss=9.85679340363 object_loss=8.5360250473 distance_loss=1.32076847553
Iteration 67 of 100: loss=6.37662601471 object_loss=5.05538463593 distance_loss=1.32124114037
Iteration 68 of 100: loss=8.88594722748 object_loss=7.56450653076 distance_loss=1.3214404583
Iteration 69 of 100: loss=7.45270633698 object_loss=6.13096427917 distance_loss=1.32174229622
Iteration 70 of 100: loss=7.81460428238 object_loss=6.49207019806 distance_loss=1.32253408432
Iteration 71 of 100: loss=9.9973487854 object_loss=8.67429924011 distance_loss=1.3230496645
Iteration 72 of 100: loss=11.1430482864 object_loss=9.82011127472 distance_loss=1.32293689251
Iteration 73 of 100: loss=14.5107755661 object_loss=13.1872081757 distance_loss=1.32356774807
Iteration 74 of 100: loss=14.3226156235 object_loss=12.99842453 distance_loss=1.32419121265
Iteration 75 of 100: loss=14.8349304199 object_loss=13.510222435 distance_loss=1.32470846176
Iteration 76 of 100: loss=12.9914398193 object_loss=11.6665945053 distance_loss=1.32484519482
Iteration 77 of 100: loss=11.8859567642 object_loss=10.5607652664 distance_loss=1.32519137859
Iteration 78 of 100: loss=13.2069959641 object_loss=11.8814725876 distance_loss=1.32552313805
Iteration 79 of 100: loss=14.7773809433 object_loss=13.4509725571 distance_loss=1.32640826702
Iteration 80 of 100: loss=15.234828949 object_loss=13.9078083038 distance_loss=1.32702052593
Iteration 81 of 100: loss=16.4834308624 object_loss=15.1559658051 distance_loss=1.32746446133
Iteration 82 of 100: loss=15.0710706711 object_loss=13.7433166504 distance_loss=1.32775402069
Iteration 83 of 100: loss=15.4100284576 object_loss=14.0819358826 distance_loss=1.32809305191
Iteration 84 of 100: loss=16.7605953217 object_loss=15.4323692322 distance_loss=1.32822644711
Iteration 85 of 100: loss=20.5646076202 object_loss=19.2359790802 distance_loss=1.3286293745
Iteration 86 of 100: loss=14.9099283218 object_loss=13.5810441971 distance_loss=1.32888376713
Iteration 87 of 100: loss=11.1969509125 object_loss=9.86760902405 distance_loss=1.32934176922
Iteration 88 of 100: loss=15.132361412 object_loss=13.8025627136 distance_loss=1.32979893684
Iteration 89 of 100: loss=15.9234170914 object_loss=14.5931034088 distance_loss=1.33031356335
Iteration 90 of 100: loss=15.3827905655 object_loss=14.0520954132 distance_loss=1.33069515228
Iteration 91 of 100: loss=15.8304653168 object_loss=14.4994602203 distance_loss=1.33100509644
Iteration 92 of 100: loss=16.5876998901 object_loss=15.2562046051 distance_loss=1.33149516582
Iteration 93 of 100: loss=16.7426300049 object_loss=15.4105587006 distance_loss=1.33207082748
Iteration 94 of 100: loss=16.6216125488 object_loss=15.2889385223 distance_loss=1.33267378807
Iteration 95 of 100: loss=18.452085495 object_loss=17.1192073822 distance_loss=1.33287739754
Iteration 96 of 100: loss=20.5377120972 object_loss=19.2051124573 distance_loss=1.33259952068
Iteration 97 of 100: loss=18.2522106171 object_loss=16.9197387695 distance_loss=1.33247113228
Iteration 98 of 100: loss=17.4020805359 object_loss=16.0697555542 distance_loss=1.3323251009
Iteration 99 of 100: loss=17.1536407471 object_loss=15.8214855194 distance_loss=1.3321557045
Iteration 0 of 100: loss=18.0859489441 object_loss=16.7540779114 distance_loss=1.33187067509
Iteration 1 of 100: loss=20.3024520874 object_loss=18.9708518982 distance_loss=1.33160018921
Iteration 2 of 100: loss=16.9745540619 object_loss=15.6432132721 distance_loss=1.33134138584
Iteration 3 of 100: loss=18.2913150787 object_loss=16.960193634 distance_loss=1.33112156391
Iteration 4 of 100: loss=14.7727937698 object_loss=13.4420909882 distance_loss=1.33070313931
Iteration 5 of 100: loss=20.1959571838 object_loss=18.8654251099 distance_loss=1.33053267002
Iteration 6 of 100: loss=15.071762085 object_loss=13.7414236069 distance_loss=1.33033883572
Iteration 7 of 100: loss=15.5933933258 object_loss=14.2632808685 distance_loss=1.33011233807
Iteration 8 of 100: loss=18.1064891815 object_loss=16.7766532898 distance_loss=1.32983589172
Iteration 9 of 100: loss=17.035276413 object_loss=15.7054643631 distance_loss=1.32981288433
Iteration 10 of 100: loss=22.9505119324 object_loss=21.6206855774 distance_loss=1.32982599735
Iteration 11 of 100: loss=27.0870838165 object_loss=25.7575931549 distance_loss=1.32949125767
Iteration 12 of 100: loss=23.2221775055 object_loss=21.8931179047 distance_loss=1.3290592432
Iteration 13 of 100: loss=21.6014270782 object_loss=20.2725067139 distance_loss=1.32892072201
Iteration 14 of 100: loss=23.2056102753 object_loss=21.876958847 distance_loss=1.32865083218
Iteration 15 of 100: loss=35.0985145569 object_loss=33.7701225281 distance_loss=1.32839238644
Iteration 16 of 100: loss=22.2250900269 object_loss=20.8969764709 distance_loss=1.32811272144
Iteration 17 of 100: loss=24.7630500793 object_loss=23.4349746704 distance_loss=1.32807600498
Iteration 18 of 100: loss=22.4911842346 object_loss=21.1633987427 distance_loss=1.3277848959
Iteration 19 of 100: loss=22.097574234 object_loss=20.7701950073 distance_loss=1.32737934589
Iteration 20 of 100: loss=22.8213844299 object_loss=21.4947280884 distance_loss=1.3266556263
Iteration 21 of 100: loss=16.7637386322 object_loss=15.4372224808 distance_loss=1.32651555538
Iteration 22 of 100: loss=14.6509075165 object_loss=13.3244047165 distance_loss=1.32650256157
Iteration 23 of 100: loss=14.0747842789 object_loss=12.7479610443 distance_loss=1.32682311535
Iteration 24 of 100: loss=11.2369842529 object_loss=9.90979290009 distance_loss=1.32719147205
Iteration 25 of 100: loss=13.6489048004 object_loss=12.3216991425 distance_loss=1.32720518112
Iteration 26 of 100: loss=19.7087268829 object_loss=18.381685257 distance_loss=1.32704150677
Iteration 27 of 100: loss=23.4589729309 object_loss=22.132062912 distance_loss=1.3269097805
Iteration 28 of 100: loss=21.0976810455 object_loss=19.7708511353 distance_loss=1.32682931423
Iteration 29 of 100: loss=24.0025367737 object_loss=22.675743103 distance_loss=1.32679271698
Iteration 30 of 100: loss=23.1805858612 object_loss=21.8533916473 distance_loss=1.32719349861
Iteration 31 of 100: loss=22.7590789795 object_loss=21.4317207336 distance_loss=1.32735836506
Iteration 32 of 100: loss=15.2389450073 object_loss=13.9121417999 distance_loss=1.32680273056
Iteration 33 of 100: loss=17.8513298035 object_loss=16.5245761871 distance_loss=1.32675337791
Iteration 34 of 100: loss=23.2771396637 object_loss=21.9507541656 distance_loss=1.32638537884
Iteration 35 of 100: loss=21.8832588196 object_loss=20.5573654175 distance_loss=1.32589352131
Iteration 36 of 100: loss=22.4412212372 object_loss=21.1157112122 distance_loss=1.32550919056
Iteration 37 of 100: loss=19.8734436035 object_loss=18.5476093292 distance_loss=1.32583510876
Iteration 38 of 100: loss=21.6055755615 object_loss=20.2796077728 distance_loss=1.3259677887
Iteration 39 of 100: loss=21.5419387817 object_loss=20.2154903412 distance_loss=1.32644855976
Iteration 40 of 100: loss=21.452955246 object_loss=20.1261367798 distance_loss=1.32681834698
Iteration 41 of 100: loss=18.6885318756 object_loss=17.3612098694 distance_loss=1.32732272148
Iteration 42 of 100: loss=11.7443809509 object_loss=10.4160785675 distance_loss=1.32830250263
Iteration 43 of 100: loss=10.4021129608 object_loss=9.0730676651 distance_loss=1.32904541492
Iteration 44 of 100: loss=17.0653781891 object_loss=15.7360248566 distance_loss=1.32935333252
Iteration 45 of 100: loss=18.993938446 object_loss=17.6640510559 distance_loss=1.32988679409
Iteration 46 of 100: loss=17.5873908997 object_loss=16.2571411133 distance_loss=1.3302488327
Iteration 47 of 100: loss=22.8721961975 object_loss=21.5419883728 distance_loss=1.33020687103
Iteration 48 of 100: loss=22.3111743927 object_loss=20.9807395935 distance_loss=1.33043396473
Iteration 49 of 100: loss=23.0888137817 object_loss=21.7584533691 distance_loss=1.33036005497
Iteration 50 of 100: loss=24.9965438843 object_loss=23.6661701202 distance_loss=1.33037447929
Iteration 51 of 100: loss=21.4140071869 object_loss=20.0835113525 distance_loss=1.33049559593
Iteration 52 of 100: loss=30.1867027283 object_loss=28.8566322327 distance_loss=1.33006978035
Iteration 53 of 100: loss=29.5586585999 object_loss=28.228811264 distance_loss=1.32984662056
Iteration 54 of 100: loss=31.0591011047 object_loss=29.7296237946 distance_loss=1.32947683334
Iteration 55 of 100: loss=27.4699821472 object_loss=26.1409358978 distance_loss=1.32904624939
Iteration 56 of 100: loss=19.7577037811 object_loss=18.4292259216 distance_loss=1.32847774029
Iteration 57 of 100: loss=24.0789260864 object_loss=22.7511940002 distance_loss=1.32773292065
Iteration 58 of 100: loss=23.2364063263 object_loss=21.9093971252 distance_loss=1.32700872421
Iteration 59 of 100: loss=28.6223754883 object_loss=27.2956180573 distance_loss=1.32675755024
Iteration 60 of 100: loss=26.2077331543 object_loss=24.8810501099 distance_loss=1.32668375969
Iteration 61 of 100: loss=25.816362381 object_loss=24.4897975922 distance_loss=1.32656478882
Iteration 62 of 100: loss=26.2241039276 object_loss=24.8977203369 distance_loss=1.32638347149
Iteration 63 of 100: loss=28.2104415894 object_loss=26.8839874268 distance_loss=1.32645499706
Iteration 64 of 100: loss=27.2194290161 object_loss=25.8930492401 distance_loss=1.32637894154
Iteration 65 of 100: loss=27.3397331238 object_loss=26.0134563446 distance_loss=1.32627701759
Iteration 66 of 100: loss=34.4038352966 object_loss=33.0775527954 distance_loss=1.32628083229
Iteration 67 of 100: loss=27.2246074677 object_loss=25.8981742859 distance_loss=1.32643258572
Iteration 68 of 100: loss=26.2902336121 object_loss=24.9634742737 distance_loss=1.3267583847
Iteration 69 of 100: loss=31.6325263977 object_loss=30.3051242828 distance_loss=1.32740187645
Iteration 70 of 100: loss=23.7744293213 object_loss=22.4463844299 distance_loss=1.32804429531
Iteration 71 of 100: loss=23.8430557251 object_loss=22.5151252747 distance_loss=1.32792985439
Iteration 72 of 100: loss=26.4105892181 object_loss=25.0830078125 distance_loss=1.3275821209
Iteration 73 of 100: loss=21.2486381531 object_loss=19.9207687378 distance_loss=1.32786929607
Iteration 74 of 100: loss=24.2647953033 object_loss=22.9372406006 distance_loss=1.32755541801
Iteration 75 of 100: loss=23.0339565277 object_loss=21.7065906525 distance_loss=1.32736575603
Iteration 76 of 100: loss=21.0739250183 object_loss=19.7468662262 distance_loss=1.32705795765
Iteration 77 of 100: loss=18.70936203 object_loss=17.3825645447 distance_loss=1.32679665089
Iteration 78 of 100: loss=16.3875465393 object_loss=15.0608100891 distance_loss=1.32673716545
Iteration 79 of 100: loss=17.8192520142 object_loss=16.4927043915 distance_loss=1.32654666901
Iteration 80 of 100: loss=20.3792095184 object_loss=19.053150177 distance_loss=1.3260589838
Iteration 81 of 100: loss=25.333152771 object_loss=24.0070972443 distance_loss=1.32605588436
Iteration 82 of 100: loss=22.9989833832 object_loss=21.6728057861 distance_loss=1.32617747784
Iteration 83 of 100: loss=23.1133918762 object_loss=21.7871494293 distance_loss=1.32624232769
Iteration 84 of 100: loss=24.9631519318 object_loss=23.6369285583 distance_loss=1.32622361183
Iteration 85 of 100: loss=16.1175270081 object_loss=14.7913608551 distance_loss=1.32616531849
Iteration 86 of 100: loss=18.0813674927 object_loss=16.7551193237 distance_loss=1.32624840736
Iteration 87 of 100: loss=17.5415782928 object_loss=16.2153491974 distance_loss=1.32622945309
Iteration 88 of 100: loss=17.7234268188 object_loss=16.3971290588 distance_loss=1.32629776001
Iteration 89 of 100: loss=17.2285785675 object_loss=15.9020023346 distance_loss=1.3265761137
Iteration 90 of 100: loss=19.2751293182 object_loss=17.9481430054 distance_loss=1.32698667049
Iteration 91 of 100: loss=19.0352134705 object_loss=17.7076892853 distance_loss=1.3275244236
Iteration 92 of 100: loss=22.2769966125 object_loss=20.9494514465 distance_loss=1.32754421234
Iteration 93 of 100: loss=18.7070922852 object_loss=17.3788909912 distance_loss=1.32820105553
Iteration 94 of 100: loss=19.7481060028 object_loss=18.4195556641 distance_loss=1.32855010033
Iteration 95 of 100: loss=20.0020580292 object_loss=18.673034668 distance_loss=1.32902264595
Iteration 96 of 100: loss=18.7725028992 object_loss=17.4429969788 distance_loss=1.32950532436
Iteration 97 of 100: loss=23.8448677063 object_loss=22.5145111084 distance_loss=1.33035671711
Iteration 98 of 100: loss=29.2581768036 object_loss=27.9271812439 distance_loss=1.33099627495
Iteration 99 of 100: loss=24.0661125183 object_loss=22.7343139648 distance_loss=1.33179938793
Iteration 0 of 100: loss=22.2501468658 object_loss=20.917509079 distance_loss=1.33263742924
Iteration 1 of 100: loss=23.8472976685 object_loss=22.5141925812 distance_loss=1.33310556412
Iteration 2 of 100: loss=24.2348003387 object_loss=22.9010848999 distance_loss=1.33371627331
Iteration 3 of 100: loss=27.7203350067 object_loss=26.3860168457 distance_loss=1.33431875706
Iteration 4 of 100: loss=24.7708415985 object_loss=23.4361095428 distance_loss=1.33473277092
Iteration 5 of 100: loss=23.1680431366 object_loss=21.8326950073 distance_loss=1.33534753323
Iteration 6 of 100: loss=24.1271514893 object_loss=22.7912197113 distance_loss=1.33593130112
Iteration 7 of 100: loss=22.9642066956 object_loss=21.6277179718 distance_loss=1.33648884296
Iteration 8 of 100: loss=21.9047813416 object_loss=20.567861557 distance_loss=1.33692038059
Iteration 9 of 100: loss=21.9120807648 object_loss=20.5744285583 distance_loss=1.33765256405
Iteration 10 of 100: loss=19.4596595764 object_loss=18.1212348938 distance_loss=1.33842504025
Iteration 11 of 100: loss=24.4491767883 object_loss=23.1102161407 distance_loss=1.33896148205
Iteration 12 of 100: loss=24.1152095795 object_loss=22.7761821747 distance_loss=1.33902704716
Iteration 13 of 100: loss=22.419878006 object_loss=21.0805587769 distance_loss=1.33931934834
Iteration 14 of 100: loss=23.4195613861 object_loss=22.0799770355 distance_loss=1.33958482742
Iteration 15 of 100: loss=21.9638595581 object_loss=20.6242008209 distance_loss=1.33965826035
Iteration 16 of 100: loss=20.5491790771 object_loss=19.2099933624 distance_loss=1.3391866684
Iteration 17 of 100: loss=21.5299091339 object_loss=20.1906929016 distance_loss=1.33921706676
Iteration 18 of 100: loss=22.9805049896 object_loss=21.6412773132 distance_loss=1.33922803402
Iteration 19 of 100: loss=24.0750865936 object_loss=22.7357749939 distance_loss=1.3393112421
Iteration 20 of 100: loss=25.433719635 object_loss=24.0941085815 distance_loss=1.339610219
Iteration 21 of 100: loss=25.2656269073 object_loss=23.9258918762 distance_loss=1.33973538876
Iteration 22 of 100: loss=25.8056621552 object_loss=24.4656505585 distance_loss=1.34001159668
Iteration 23 of 100: loss=22.760848999 object_loss=21.4209041595 distance_loss=1.33994412422
Iteration 24 of 100: loss=19.9780826569 object_loss=18.6379375458 distance_loss=1.34014570713
Iteration 25 of 100: loss=20.9837646484 object_loss=19.6434631348 distance_loss=1.34030151367
Iteration 26 of 100: loss=23.0945644379 object_loss=21.7540683746 distance_loss=1.34049630165
Iteration 27 of 100: loss=18.8443832397 object_loss=17.5035476685 distance_loss=1.3408356905
Iteration 28 of 100: loss=14.9394111633 object_loss=13.5987873077 distance_loss=1.34062385559
Iteration 29 of 100: loss=19.4809837341 object_loss=18.1401462555 distance_loss=1.34083664417
Iteration 30 of 100: loss=20.7137241364 object_loss=19.3727073669 distance_loss=1.34101676941
Iteration 31 of 100: loss=20.2223262787 object_loss=18.8813819885 distance_loss=1.34094512463
Iteration 32 of 100: loss=18.5757007599 object_loss=17.2345733643 distance_loss=1.34112656116
Iteration 33 of 100: loss=18.8158969879 object_loss=17.4744758606 distance_loss=1.34142029285
Iteration 34 of 100: loss=24.3735160828 object_loss=23.031791687 distance_loss=1.34172356129
Iteration 35 of 100: loss=22.8686065674 object_loss=21.5262355804 distance_loss=1.34237098694
Iteration 36 of 100: loss=20.3375587463 object_loss=18.994846344 distance_loss=1.34271252155
Iteration 37 of 100: loss=18.6603317261 object_loss=17.3174781799 distance_loss=1.34285318851
Iteration 38 of 100: loss=20.9124832153 object_loss=19.5692996979 distance_loss=1.34318304062
Iteration 39 of 100: loss=19.4202957153 object_loss=18.0767555237 distance_loss=1.34354066849
Iteration 40 of 100: loss=15.7417020798 object_loss=14.3979492188 distance_loss=1.34375298023
Iteration 41 of 100: loss=13.59532547 object_loss=12.2512702942 distance_loss=1.34405505657
Iteration 42 of 100: loss=16.8676929474 object_loss=15.5232667923 distance_loss=1.34442651272
Iteration 43 of 100: loss=11.2495393753 object_loss=9.90461444855 distance_loss=1.34492456913
Iteration 44 of 100: loss=13.6025733948 object_loss=12.2574234009 distance_loss=1.34514975548
Iteration 45 of 100: loss=15.3493890762 object_loss=14.0038337708 distance_loss=1.34555494785
Iteration 46 of 100: loss=14.4376840591 object_loss=13.0913982391 distance_loss=1.34628605843
Iteration 47 of 100: loss=15.7696323395 object_loss=14.4225482941 distance_loss=1.3470839262
Iteration 48 of 100: loss=15.4513254166 object_loss=14.1034479141 distance_loss=1.34787762165
Iteration 49 of 100: loss=13.9286985397 object_loss=12.5801067352 distance_loss=1.3485916853
Iteration 50 of 100: loss=14.1099777222 object_loss=12.7607011795 distance_loss=1.34927654266
Iteration 51 of 100: loss=17.9282093048 object_loss=16.5787162781 distance_loss=1.34949350357
Iteration 52 of 100: loss=18.5773906708 object_loss=17.2282123566 distance_loss=1.34917867184
Iteration 53 of 100: loss=18.3497905731 object_loss=17.0004043579 distance_loss=1.34938693047
Iteration 54 of 100: loss=16.2594490051 object_loss=14.9097309113 distance_loss=1.3497184515
Iteration 55 of 100: loss=19.723651886 object_loss=18.3738994598 distance_loss=1.34975171089
Iteration 56 of 100: loss=21.6849403381 object_loss=20.3352870941 distance_loss=1.34965240955
Iteration 57 of 100: loss=20.1290931702 object_loss=18.779132843 distance_loss=1.34996008873
Iteration 58 of 100: loss=18.1952266693 object_loss=16.8450336456 distance_loss=1.35019278526
Iteration 59 of 100: loss=18.4318370819 object_loss=17.0811729431 distance_loss=1.35066413879
Iteration 60 of 100: loss=20.0221366882 object_loss=18.6711196899 distance_loss=1.35101664066
Iteration 61 of 100: loss=21.5648670197 object_loss=20.2136878967 distance_loss=1.35117948055
Iteration 62 of 100: loss=16.8766536713 object_loss=15.5253744125 distance_loss=1.35127997398
Iteration 63 of 100: loss=17.2701148987 object_loss=15.9186906815 distance_loss=1.35142397881
Iteration 64 of 100: loss=15.633392334 object_loss=14.2819337845 distance_loss=1.35145819187
Iteration 65 of 100: loss=15.7137708664 object_loss=14.3618965149 distance_loss=1.3518743515
Iteration 66 of 100: loss=13.8099508286 object_loss=12.4580631256 distance_loss=1.35188806057
Iteration 67 of 100: loss=19.4854393005 object_loss=18.1338405609 distance_loss=1.35159850121
Iteration 68 of 100: loss=12.9628458023 object_loss=11.6112318039 distance_loss=1.35161423683
Iteration 69 of 100: loss=20.1395320892 object_loss=18.7877426147 distance_loss=1.35178983212
Iteration 70 of 100: loss=21.7879276276 object_loss=20.4360656738 distance_loss=1.35186195374
Iteration 71 of 100: loss=20.2410640717 object_loss=18.888961792 distance_loss=1.35210287571
Iteration 72 of 100: loss=15.7231254578 object_loss=14.370967865 distance_loss=1.35215806961
Iteration 73 of 100: loss=17.5813102722 object_loss=16.2288856506 distance_loss=1.35242414474
Iteration 74 of 100: loss=15.5136804581 object_loss=14.1612539291 distance_loss=1.35242664814
Iteration 75 of 100: loss=13.1789731979 object_loss=11.8264436722 distance_loss=1.35252988338
Iteration 76 of 100: loss=13.8469228745 object_loss=12.4945335388 distance_loss=1.35238921642
Iteration 77 of 100: loss=15.2846345901 object_loss=13.9319496155 distance_loss=1.35268521309
Iteration 78 of 100: loss=11.7861671448 object_loss=10.4334077835 distance_loss=1.35275900364
Iteration 79 of 100: loss=16.0639305115 object_loss=14.7110824585 distance_loss=1.35284793377
Iteration 80 of 100: loss=13.2444133759 object_loss=11.8912439346 distance_loss=1.35316967964
Iteration 81 of 100: loss=15.017282486 object_loss=13.6638679504 distance_loss=1.35341489315
Iteration 82 of 100: loss=17.8441696167 object_loss=16.490644455 distance_loss=1.35352540016
Iteration 83 of 100: loss=12.0183639526 object_loss=10.6647424698 distance_loss=1.35362172127
Iteration 84 of 100: loss=16.8578338623 object_loss=15.5044536591 distance_loss=1.35338103771
Iteration 85 of 100: loss=19.435256958 object_loss=18.0816268921 distance_loss=1.35363066196
Iteration 86 of 100: loss=13.5971078873 object_loss=12.2434091568 distance_loss=1.35369896889
Iteration 87 of 100: loss=10.8353796005 object_loss=9.48173809052 distance_loss=1.35364162922
Iteration 88 of 100: loss=20.7772293091 object_loss=19.4239273071 distance_loss=1.35330283642
Iteration 89 of 100: loss=15.9424343109 object_loss=14.5893850327 distance_loss=1.35304951668
Iteration 90 of 100: loss=14.0154848099 object_loss=12.6624078751 distance_loss=1.35307729244
Iteration 91 of 100: loss=10.2425966263 object_loss=8.88985538483 distance_loss=1.35274112225
Iteration 92 of 100: loss=14.8979320526 object_loss=13.5454292297 distance_loss=1.35250329971
Iteration 93 of 100: loss=17.9620475769 object_loss=16.6098232269 distance_loss=1.35222351551
Iteration 94 of 100: loss=17.9627819061 object_loss=16.6108875275 distance_loss=1.35189425945
Iteration 95 of 100: loss=19.6267185211 object_loss=18.2750988007 distance_loss=1.3516201973
Iteration 96 of 100: loss=13.2849321365 object_loss=11.933836937 distance_loss=1.35109555721
Iteration 97 of 100: loss=16.0057563782 object_loss=14.6550140381 distance_loss=1.35074257851
Iteration 98 of 100: loss=16.7285022736 object_loss=15.3778934479 distance_loss=1.35060930252
Iteration 99 of 100: loss=18.3884124756 object_loss=17.0376834869 distance_loss=1.35072827339
Iteration 0 of 100: loss=18.3988609314 object_loss=17.048324585 distance_loss=1.35053610802
Iteration 1 of 100: loss=18.96027565 object_loss=17.6096973419 distance_loss=1.35057759285
Iteration 2 of 100: loss=22.8311347961 object_loss=21.4804706573 distance_loss=1.35066390038
Iteration 3 of 100: loss=19.4367580414 object_loss=18.0864086151 distance_loss=1.35034871101
Iteration 4 of 100: loss=18.5842208862 object_loss=17.2343044281 distance_loss=1.3499174118
Iteration 5 of 100: loss=15.4745311737 object_loss=14.1251821518 distance_loss=1.34934866428
Iteration 6 of 100: loss=17.4182338715 object_loss=16.0692329407 distance_loss=1.34900033474
Iteration 7 of 100: loss=18.8572483063 object_loss=17.508354187 distance_loss=1.34889423847
Iteration 8 of 100: loss=11.3086872101 object_loss=9.95992469788 distance_loss=1.348762393
Iteration 9 of 100: loss=15.8989677429 object_loss=14.5501289368 distance_loss=1.34883832932
Iteration 10 of 100: loss=12.3013353348 object_loss=10.9523935318 distance_loss=1.34894216061
Iteration 11 of 100: loss=11.3174276352 object_loss=9.96856880188 distance_loss=1.34885895252
Iteration 12 of 100: loss=11.0723266602 object_loss=9.7239780426 distance_loss=1.34834825993
Iteration 13 of 100: loss=8.79063034058 object_loss=7.44175004959 distance_loss=1.34887993336
Iteration 14 of 100: loss=10.7120742798 object_loss=9.36313247681 distance_loss=1.34894227982
Iteration 15 of 100: loss=14.7314052582 object_loss=13.382522583 distance_loss=1.34888279438
Iteration 16 of 100: loss=12.6374883652 object_loss=11.287940979 distance_loss=1.34954738617
Iteration 17 of 100: loss=15.3621902466 object_loss=14.0118675232 distance_loss=1.35032308102
Iteration 18 of 100: loss=13.2377948761 object_loss=11.887219429 distance_loss=1.35057532787
Iteration 19 of 100: loss=14.4161949158 object_loss=13.0650081635 distance_loss=1.35118699074
Iteration 20 of 100: loss=12.7604494095 object_loss=11.4089813232 distance_loss=1.35146844387
Iteration 21 of 100: loss=13.7989063263 object_loss=12.4472293854 distance_loss=1.35167658329
Iteration 22 of 100: loss=15.2879514694 object_loss=13.9356374741 distance_loss=1.35231411457
Iteration 23 of 100: loss=17.1254615784 object_loss=15.7725744247 distance_loss=1.35288631916
Iteration 24 of 100: loss=14.6142272949 object_loss=13.2611093521 distance_loss=1.35311830044
Iteration 25 of 100: loss=15.8727474213 object_loss=14.5192317963 distance_loss=1.35351538658
Iteration 26 of 100: loss=14.9183254242 object_loss=13.5640029907 distance_loss=1.3543227911
Iteration 27 of 100: loss=11.6896057129 object_loss=10.3345422745 distance_loss=1.35506391525
Iteration 28 of 100: loss=12.5334215164 object_loss=11.1777610779 distance_loss=1.35566079617
Iteration 29 of 100: loss=10.4681520462 object_loss=9.11169433594 distance_loss=1.35645794868
Iteration 30 of 100: loss=8.63401317596 object_loss=7.27708101273 distance_loss=1.35693192482
Iteration 31 of 100: loss=10.7365627289 object_loss=9.37924575806 distance_loss=1.35731673241
Iteration 32 of 100: loss=14.9687242508 object_loss=13.6112098694 distance_loss=1.35751450062
Iteration 33 of 100: loss=15.9550018311 object_loss=14.596865654 distance_loss=1.35813641548
Iteration 34 of 100: loss=20.1033840179 object_loss=18.744977951 distance_loss=1.35840654373
Iteration 35 of 100: loss=22.2487716675 object_loss=20.8902244568 distance_loss=1.35854804516
Iteration 36 of 100: loss=19.7024230957 object_loss=18.3438606262 distance_loss=1.35856306553
Iteration 37 of 100: loss=21.5339393616 object_loss=20.1751213074 distance_loss=1.3588180542
Iteration 38 of 100: loss=20.8142700195 object_loss=19.4553718567 distance_loss=1.35889804363
Iteration 39 of 100: loss=20.4121417999 object_loss=19.0527420044 distance_loss=1.35940051079
Iteration 40 of 100: loss=21.6162757874 object_loss=20.2564582825 distance_loss=1.35981822014
Iteration 41 of 100: loss=22.1243591309 object_loss=20.7644882202 distance_loss=1.35987102985
Iteration 42 of 100: loss=17.3330688477 object_loss=15.9732685089 distance_loss=1.35980129242
Iteration 43 of 100: loss=16.0050296783 object_loss=14.6449775696 distance_loss=1.3600525856
Iteration 44 of 100: loss=16.7543373108 object_loss=15.3938446045 distance_loss=1.36049282551
Iteration 45 of 100: loss=16.8245162964 object_loss=15.4637784958 distance_loss=1.36073720455
Iteration 46 of 100: loss=15.1916570663 object_loss=13.8308734894 distance_loss=1.36078393459
Iteration 47 of 100: loss=13.1496963501 object_loss=11.7891693115 distance_loss=1.36052691936
Iteration 48 of 100: loss=14.4276065826 object_loss=13.067492485 distance_loss=1.36011385918
Iteration 49 of 100: loss=14.2385082245 object_loss=12.8784341812 distance_loss=1.36007416248
Iteration 50 of 100: loss=16.8639240265 object_loss=15.5037631989 distance_loss=1.36016082764
Iteration 51 of 100: loss=17.1454143524 object_loss=15.7850675583 distance_loss=1.36034739017
Iteration 52 of 100: loss=12.5182037354 object_loss=11.1581735611 distance_loss=1.36003041267
Iteration 53 of 100: loss=13.4863023758 object_loss=12.1260051727 distance_loss=1.36029732227
Iteration 54 of 100: loss=15.4571723938 object_loss=14.0969829559 distance_loss=1.3601899147
Iteration 55 of 100: loss=18.7896633148 object_loss=17.4294834137 distance_loss=1.36017978191
Iteration 56 of 100: loss=14.0480661392 object_loss=12.6882095337 distance_loss=1.35985672474
Iteration 57 of 100: loss=9.59734535217 object_loss=8.23755550385 distance_loss=1.35978984833
Iteration 58 of 100: loss=10.521894455 object_loss=9.162068367 distance_loss=1.35982596874
Iteration 59 of 100: loss=11.0304307938 object_loss=9.67059803009 distance_loss=1.35983252525
Iteration 60 of 100: loss=11.9287853241 object_loss=10.5692367554 distance_loss=1.35954868793
Iteration 61 of 100: loss=12.2517232895 object_loss=10.8920116425 distance_loss=1.35971140862
Iteration 62 of 100: loss=13.6187458038 object_loss=12.2589082718 distance_loss=1.35983753204
Iteration 63 of 100: loss=10.6405305862 object_loss=9.2804889679 distance_loss=1.36004149914
Iteration 64 of 100: loss=12.5431671143 object_loss=11.182967186 distance_loss=1.36020028591
Iteration 65 of 100: loss=12.4564495087 object_loss=11.0961513519 distance_loss=1.36029779911
Iteration 66 of 100: loss=14.4424657822 object_loss=13.0819387436 distance_loss=1.36052703857
Iteration 67 of 100: loss=9.14768886566 object_loss=7.78685379028 distance_loss=1.36083519459
Iteration 68 of 100: loss=10.4248886108 object_loss=9.06393527985 distance_loss=1.36095297337
Iteration 69 of 100: loss=8.98362255096 object_loss=7.62225198746 distance_loss=1.36137068272
Iteration 70 of 100: loss=7.84587144852 object_loss=6.48393249512 distance_loss=1.36193907261
Iteration 71 of 100: loss=9.58160686493 object_loss=8.2189540863 distance_loss=1.36265289783
Iteration 72 of 100: loss=7.39618968964 object_loss=6.03338527679 distance_loss=1.36280465126
Iteration 73 of 100: loss=9.68340110779 object_loss=8.31977081299 distance_loss=1.36362981796
Iteration 74 of 100: loss=9.36163425446 object_loss=7.99744319916 distance_loss=1.36419129372
Iteration 75 of 100: loss=9.94754886627 object_loss=8.58295154572 distance_loss=1.36459708214
Iteration 76 of 100: loss=10.6229438782 object_loss=9.25803184509 distance_loss=1.36491179466
Iteration 77 of 100: loss=10.7948474884 object_loss=9.42992591858 distance_loss=1.3649212122
Iteration 78 of 100: loss=10.6169023514 object_loss=9.25188541412 distance_loss=1.36501717567
Iteration 79 of 100: loss=8.94981002808 object_loss=7.58442401886 distance_loss=1.36538648605
Iteration 80 of 100: loss=11.2890405655 object_loss=9.92326164246 distance_loss=1.36577856541
Iteration 81 of 100: loss=11.2886896133 object_loss=9.9227809906 distance_loss=1.36590898037
Iteration 82 of 100: loss=10.2240056992 object_loss=8.85775375366 distance_loss=1.3662520647
Iteration 83 of 100: loss=12.5630846024 object_loss=11.1962375641 distance_loss=1.36684679985
Iteration 84 of 100: loss=11.2872362137 object_loss=9.92032718658 distance_loss=1.36690938473
Iteration 85 of 100: loss=10.6685256958 object_loss=9.30153846741 distance_loss=1.36698758602
Iteration 86 of 100: loss=11.4724063873 object_loss=10.1054782867 distance_loss=1.366928339
Iteration 87 of 100: loss=12.8068571091 object_loss=11.4400062561 distance_loss=1.36685049534
Iteration 88 of 100: loss=12.3295640945 object_loss=10.9628314972 distance_loss=1.36673259735
Iteration 89 of 100: loss=13.5037469864 object_loss=12.1368627548 distance_loss=1.36688411236
Iteration 90 of 100: loss=12.0741376877 object_loss=10.7072439194 distance_loss=1.36689376831
Iteration 91 of 100: loss=15.2336921692 object_loss=13.8666610718 distance_loss=1.3670309782
Iteration 92 of 100: loss=13.1029624939 object_loss=11.7361974716 distance_loss=1.36676454544
Iteration 93 of 100: loss=13.3709468842 object_loss=12.0037727356 distance_loss=1.36717379093
Iteration 94 of 100: loss=12.1194524765 object_loss=10.7518081665 distance_loss=1.36764431
Iteration 95 of 100: loss=14.223736763 object_loss=12.8556976318 distance_loss=1.36803925037
Iteration 96 of 100: loss=13.7983016968 object_loss=12.430024147 distance_loss=1.36827766895
Iteration 97 of 100: loss=9.40279865265 object_loss=8.03382587433 distance_loss=1.36897242069
Iteration 98 of 100: loss=11.8402099609 object_loss=10.470746994 distance_loss=1.3694627285
Iteration 99 of 100: loss=15.8200798035 object_loss=14.4501199722 distance_loss=1.36995947361
Iteration 0 of 100: loss=7.38880825043 object_loss=6.01823186874 distance_loss=1.37057614326
Iteration 1 of 100: loss=10.2104969025 object_loss=8.83978843689 distance_loss=1.37070822716
Iteration 2 of 100: loss=6.30793476105 object_loss=4.93708515167 distance_loss=1.37084937096
Iteration 3 of 100: loss=12.9646787643 object_loss=11.5937385559 distance_loss=1.37094032764
Iteration 4 of 100: loss=11.9518480301 object_loss=10.5802707672 distance_loss=1.37157726288
Iteration 5 of 100: loss=10.1114091873 object_loss=8.73923683167 distance_loss=1.37217259407
Iteration 6 of 100: loss=11.7203273773 object_loss=10.3474779129 distance_loss=1.37284934521
Iteration 7 of 100: loss=10.4417171478 object_loss=9.06817340851 distance_loss=1.37354338169
Iteration 8 of 100: loss=7.66926574707 object_loss=6.29518032074 distance_loss=1.37408542633
Iteration 9 of 100: loss=10.9423074722 object_loss=9.56740474701 distance_loss=1.37490260601
Iteration 10 of 100: loss=6.56114149094 object_loss=5.18546390533 distance_loss=1.3756775856
Iteration 11 of 100: loss=8.04699897766 object_loss=6.67065858841 distance_loss=1.37634062767
Iteration 12 of 100: loss=15.7462615967 object_loss=14.369603157 distance_loss=1.37665820122
Iteration 13 of 100: loss=9.6874628067 object_loss=8.30979919434 distance_loss=1.37766325474
Iteration 14 of 100: loss=8.52763080597 object_loss=7.14927196503 distance_loss=1.37835872173
Iteration 15 of 100: loss=10.9825763702 object_loss=9.60351753235 distance_loss=1.37905919552
Iteration 16 of 100: loss=10.184668541 object_loss=8.80488967896 distance_loss=1.37977874279
Iteration 17 of 100: loss=12.0390510559 object_loss=10.6583185196 distance_loss=1.3807322979
Iteration 18 of 100: loss=11.2650108337 object_loss=9.88363456726 distance_loss=1.38137626648
Iteration 19 of 100: loss=6.17248344421 object_loss=4.79036951065 distance_loss=1.38211405277
Iteration 20 of 100: loss=5.74533414841 object_loss=4.36270236969 distance_loss=1.38263177872
Iteration 21 of 100: loss=6.67666196823 object_loss=5.29365968704 distance_loss=1.38300228119
Iteration 22 of 100: loss=8.53285217285 object_loss=7.14939069748 distance_loss=1.38346171379
Iteration 23 of 100: loss=6.54080724716 object_loss=5.15694665909 distance_loss=1.38386058807
Iteration 24 of 100: loss=5.75599765778 object_loss=4.37188434601 distance_loss=1.38411307335
Iteration 25 of 100: loss=7.01314306259 object_loss=5.62869977951 distance_loss=1.38444316387
Iteration 26 of 100: loss=6.93479061127 object_loss=5.55019855499 distance_loss=1.38459217548
Iteration 27 of 100: loss=5.42641353607 object_loss=4.04160404205 distance_loss=1.38480937481
Iteration 28 of 100: loss=5.22675991058 object_loss=3.84169435501 distance_loss=1.38506555557
Iteration 29 of 100: loss=5.24816894531 object_loss=3.86290597916 distance_loss=1.38526320457
Iteration 30 of 100: loss=6.9187746048 object_loss=5.53324365616 distance_loss=1.38553094864
Iteration 31 of 100: loss=8.0671339035 object_loss=6.68163299561 distance_loss=1.38550055027
Iteration 32 of 100: loss=7.00698280334 object_loss=5.62206077576 distance_loss=1.38492202759
Iteration 33 of 100: loss=6.48794746399 object_loss=5.10319900513 distance_loss=1.38474833965
Iteration 34 of 100: loss=6.49017953873 object_loss=5.10522699356 distance_loss=1.38495242596
Iteration 35 of 100: loss=7.8279466629 object_loss=6.44319915771 distance_loss=1.38474726677
Iteration 36 of 100: loss=10.0425319672 object_loss=8.65829372406 distance_loss=1.38423788548
Iteration 37 of 100: loss=11.6140460968 object_loss=10.2299432755 distance_loss=1.38410329819
Iteration 38 of 100: loss=12.9417037964 object_loss=11.5579338074 distance_loss=1.38376963139
Iteration 39 of 100: loss=12.6119632721 object_loss=11.228017807 distance_loss=1.38394594193
Iteration 40 of 100: loss=9.44942855835 object_loss=8.06548118591 distance_loss=1.38394784927
Iteration 41 of 100: loss=6.01123476028 object_loss=4.62727069855 distance_loss=1.38396406174
Iteration 42 of 100: loss=8.7878074646 object_loss=7.4037899971 distance_loss=1.38401710987
Iteration 43 of 100: loss=8.83717155457 object_loss=7.45282649994 distance_loss=1.38434529305
Iteration 44 of 100: loss=5.08761119843 object_loss=3.70341420174 distance_loss=1.3841971159
Iteration 45 of 100: loss=10.130812645 object_loss=8.74648189545 distance_loss=1.38433098793
Iteration 46 of 100: loss=10.3700351715 object_loss=8.98588848114 distance_loss=1.384147048
Iteration 47 of 100: loss=9.71417140961 object_loss=8.33020210266 distance_loss=1.38396966457
Iteration 48 of 100: loss=7.79096698761 object_loss=6.40688610077 distance_loss=1.38408100605
Iteration 49 of 100: loss=8.17319488525 object_loss=6.78906154633 distance_loss=1.38413321972
Iteration 50 of 100: loss=7.47845935822 object_loss=6.09411764145 distance_loss=1.38434147835
Iteration 51 of 100: loss=7.02076482773 object_loss=5.63612699509 distance_loss=1.38463771343
Iteration 52 of 100: loss=6.48008537292 object_loss=5.09537124634 distance_loss=1.38471436501
Iteration 53 of 100: loss=8.22081565857 object_loss=6.83529233932 distance_loss=1.38552308083
Iteration 54 of 100: loss=5.67035150528 object_loss=4.28413105011 distance_loss=1.38622045517
Iteration 55 of 100: loss=6.73991584778 object_loss=5.35279655457 distance_loss=1.387119174
Iteration 56 of 100: loss=5.32018709183 object_loss=3.93232154846 distance_loss=1.38786566257
Iteration 57 of 100: loss=4.48538970947 object_loss=3.09670114517 distance_loss=1.3886885643
Iteration 58 of 100: loss=4.30053520203 object_loss=2.91109323502 distance_loss=1.3894418478
Iteration 59 of 100: loss=6.99082565308 object_loss=5.60076713562 distance_loss=1.39005875587
Iteration 60 of 100: loss=5.40220117569 object_loss=4.0116147995 distance_loss=1.39058625698
Iteration 61 of 100: loss=5.04966068268 object_loss=3.65863156319 distance_loss=1.3910292387
Iteration 62 of 100: loss=9.5928440094 object_loss=8.2012720108 distance_loss=1.3915719986
Iteration 63 of 100: loss=7.25918054581 object_loss=5.86665296555 distance_loss=1.39252746105
Iteration 64 of 100: loss=8.92041015625 object_loss=7.52731227875 distance_loss=1.39309740067
Iteration 65 of 100: loss=10.7722358704 object_loss=9.37854671478 distance_loss=1.39368951321
Iteration 66 of 100: loss=7.64469051361 object_loss=6.25024604797 distance_loss=1.39444470406
Iteration 67 of 100: loss=9.0018119812 object_loss=7.60679912567 distance_loss=1.39501309395
Iteration 68 of 100: loss=7.655169487 object_loss=6.25996541977 distance_loss=1.39520382881
Iteration 69 of 100: loss=7.10966873169 object_loss=5.7138376236 distance_loss=1.39583098888
Iteration 70 of 100: loss=7.39172744751 object_loss=5.99527072906 distance_loss=1.39645659924
Iteration 71 of 100: loss=9.02354431152 object_loss=7.62698411942 distance_loss=1.39656043053
Iteration 72 of 100: loss=8.6841583252 object_loss=7.28758621216 distance_loss=1.39657211304
Iteration 73 of 100: loss=5.57648801804 object_loss=4.17955160141 distance_loss=1.39693653584
Iteration 74 of 100: loss=8.5493144989 object_loss=7.15243577957 distance_loss=1.39687883854
Iteration 75 of 100: loss=9.3812084198 object_loss=7.9844045639 distance_loss=1.39680361748
Iteration 76 of 100: loss=9.16665172577 object_loss=7.77018928528 distance_loss=1.39646279812
Iteration 77 of 100: loss=7.24600744247 object_loss=5.84966802597 distance_loss=1.3963394165
Iteration 78 of 100: loss=11.2420854568 object_loss=9.845454216 distance_loss=1.39663147926
Iteration 79 of 100: loss=12.1499500275 object_loss=10.7532625198 distance_loss=1.39668762684
Iteration 80 of 100: loss=13.503900528 object_loss=12.1070432663 distance_loss=1.39685750008
Iteration 81 of 100: loss=11.7947864532 object_loss=10.3974199295 distance_loss=1.39736664295
Iteration 82 of 100: loss=11.5813589096 object_loss=10.1835327148 distance_loss=1.39782643318
Iteration 83 of 100: loss=11.2117490768 object_loss=9.81331539154 distance_loss=1.39843392372
Iteration 84 of 100: loss=14.279882431 object_loss=12.880698204 distance_loss=1.39918422699
Iteration 85 of 100: loss=14.8888654709 object_loss=13.4891872406 distance_loss=1.39967787266
Iteration 86 of 100: loss=10.821187973 object_loss=9.42102241516 distance_loss=1.40016531944
Iteration 87 of 100: loss=9.80232143402 object_loss=8.40197944641 distance_loss=1.40034222603
Iteration 88 of 100: loss=11.4991168976 object_loss=10.0986280441 distance_loss=1.40048897266
Iteration 89 of 100: loss=11.624833107 object_loss=10.2241954803 distance_loss=1.40063750744
Iteration 90 of 100: loss=9.4790802002 object_loss=8.07820510864 distance_loss=1.40087521076
Iteration 91 of 100: loss=10.9946432114 object_loss=9.5935792923 distance_loss=1.40106379986
Iteration 92 of 100: loss=14.8966369629 object_loss=13.4959850311 distance_loss=1.40065205097
Iteration 93 of 100: loss=12.6980295181 object_loss=11.2972793579 distance_loss=1.40075016022
Iteration 94 of 100: loss=11.8366136551 object_loss=10.4360599518 distance_loss=1.40055382252
Iteration 95 of 100: loss=11.5810031891 object_loss=10.1806268692 distance_loss=1.40037643909
Iteration 96 of 100: loss=7.15959787369 object_loss=5.75961589813 distance_loss=1.39998209476
Iteration 97 of 100: loss=7.05546998978 object_loss=5.65585422516 distance_loss=1.39961588383
Iteration 98 of 100: loss=7.54611539841 object_loss=6.14658594131 distance_loss=1.39952945709
Iteration 99 of 100: loss=7.31191635132 object_loss=5.91209220886 distance_loss=1.39982402325
Iteration 0 of 100: loss=6.45321369171 object_loss=5.05312490463 distance_loss=1.40008854866
Iteration 1 of 100: loss=8.50978183746 object_loss=7.10942173004 distance_loss=1.40035998821
Iteration 2 of 100: loss=8.43636322021 object_loss=7.03565883636 distance_loss=1.40070486069
Iteration 3 of 100: loss=7.52359867096 object_loss=6.12254619598 distance_loss=1.40105235577
Iteration 4 of 100: loss=6.3158493042 object_loss=4.91457653046 distance_loss=1.40127301216
Iteration 5 of 100: loss=7.27205371857 object_loss=5.87033176422 distance_loss=1.40172207355
Iteration 6 of 100: loss=6.36309576035 object_loss=4.96092605591 distance_loss=1.40216982365
Iteration 7 of 100: loss=6.5488319397 object_loss=5.14663553238 distance_loss=1.4021961689
Iteration 8 of 100: loss=11.3222064972 object_loss=9.91993713379 distance_loss=1.40226924419
Iteration 9 of 100: loss=13.9025430679 object_loss=12.4999828339 distance_loss=1.40256035328
Iteration 10 of 100: loss=10.8743915558 object_loss=9.47133159637 distance_loss=1.40305995941
Iteration 11 of 100: loss=11.9350337982 object_loss=10.5318222046 distance_loss=1.403211236
Iteration 12 of 100: loss=16.1292209625 object_loss=14.7259645462 distance_loss=1.40325582027
Iteration 13 of 100: loss=12.3056774139 object_loss=10.9023475647 distance_loss=1.40332961082
Iteration 14 of 100: loss=8.15380764008 object_loss=6.7504234314 distance_loss=1.40338397026
Iteration 15 of 100: loss=13.0879411697 object_loss=11.68450737 distance_loss=1.40343368053
Iteration 16 of 100: loss=9.58762931824 object_loss=8.18453216553 distance_loss=1.40309715271
Iteration 17 of 100: loss=8.52524757385 object_loss=7.12219524384 distance_loss=1.40305197239
Iteration 18 of 100: loss=16.4571075439 object_loss=15.0540246964 distance_loss=1.40308332443
Iteration 19 of 100: loss=14.1159219742 object_loss=12.7126235962 distance_loss=1.40329861641
Iteration 20 of 100: loss=16.2671508789 object_loss=14.8637428284 distance_loss=1.40340781212
Iteration 21 of 100: loss=13.5618829727 object_loss=12.1584978104 distance_loss=1.40338516235
Iteration 22 of 100: loss=18.6222286224 object_loss=17.2188892365 distance_loss=1.40333926678
Iteration 23 of 100: loss=17.1024436951 object_loss=15.6991472244 distance_loss=1.40329635143
Iteration 24 of 100: loss=15.349612236 object_loss=13.9464931488 distance_loss=1.40311932564
Iteration 25 of 100: loss=16.1585769653 object_loss=14.7556085587 distance_loss=1.40296912193
Iteration 26 of 100: loss=18.7298736572 object_loss=17.3269767761 distance_loss=1.40289640427
Iteration 27 of 100: loss=15.7972812653 object_loss=14.3944015503 distance_loss=1.40287923813
Iteration 28 of 100: loss=15.8089122772 object_loss=14.4061794281 distance_loss=1.40273320675
Iteration 29 of 100: loss=11.5113277435 object_loss=10.1079597473 distance_loss=1.40336847305
Iteration 30 of 100: loss=15.0904226303 object_loss=13.6867542267 distance_loss=1.403668046
Iteration 31 of 100: loss=18.3713264465 object_loss=16.9673900604 distance_loss=1.40393686295
Iteration 32 of 100: loss=12.171541214 object_loss=10.7674646378 distance_loss=1.40407693386
Iteration 33 of 100: loss=10.8924369812 object_loss=9.48794269562 distance_loss=1.40449404716
Iteration 34 of 100: loss=10.3955612183 object_loss=8.99092006683 distance_loss=1.40464127064
Iteration 35 of 100: loss=11.169965744 object_loss=9.76522541046 distance_loss=1.40474033356
Iteration 36 of 100: loss=9.43792152405 object_loss=8.03351402283 distance_loss=1.40440750122
Iteration 37 of 100: loss=8.89468765259 object_loss=7.49033689499 distance_loss=1.40435123444
Iteration 38 of 100: loss=9.09069728851 object_loss=7.68627071381 distance_loss=1.40442633629
Iteration 39 of 100: loss=10.7053289413 object_loss=9.30098342896 distance_loss=1.40434527397
Iteration 40 of 100: loss=10.5663480759 object_loss=9.16219139099 distance_loss=1.40415692329
Iteration 41 of 100: loss=13.3607549667 object_loss=11.9567394257 distance_loss=1.4040157795
Iteration 42 of 100: loss=14.4316234589 object_loss=13.0275440216 distance_loss=1.40407967567
Iteration 43 of 100: loss=14.5524139404 object_loss=13.1481733322 distance_loss=1.4042403698
Iteration 44 of 100: loss=13.338602066 object_loss=11.9344244003 distance_loss=1.40417730808
Iteration 45 of 100: loss=15.3756465912 object_loss=13.9715900421 distance_loss=1.40405619144
Iteration 46 of 100: loss=16.0734329224 object_loss=14.6693563461 distance_loss=1.40407717228
Iteration 47 of 100: loss=15.1783590317 object_loss=13.7742414474 distance_loss=1.40411746502
Iteration 48 of 100: loss=9.25211143494 object_loss=7.84806203842 distance_loss=1.40404903889
Iteration 49 of 100: loss=9.48633670807 object_loss=8.08228683472 distance_loss=1.40405023098
Iteration 50 of 100: loss=10.2663497925 object_loss=8.86221504211 distance_loss=1.4041352272
Iteration 51 of 100: loss=11.0795631409 object_loss=9.6749382019 distance_loss=1.40462470055
Iteration 52 of 100: loss=17.8071479797 object_loss=16.4026432037 distance_loss=1.404504776
Iteration 53 of 100: loss=16.2228946686 object_loss=14.817688942 distance_loss=1.40520560741
Iteration 54 of 100: loss=12.9633131027 object_loss=11.557765007 distance_loss=1.40554773808
Iteration 55 of 100: loss=11.7870769501 object_loss=10.3812093735 distance_loss=1.40586709976
Iteration 56 of 100: loss=15.3188619614 object_loss=13.912735939 distance_loss=1.40612626076
Iteration 57 of 100: loss=20.8589286804 object_loss=19.4523639679 distance_loss=1.40656423569
Iteration 58 of 100: loss=20.9962921143 object_loss=19.5895862579 distance_loss=1.40670633316
Iteration 59 of 100: loss=20.669254303 object_loss=19.2622070312 distance_loss=1.40704667568
Iteration 60 of 100: loss=25.1628837585 object_loss=23.7551040649 distance_loss=1.40777933598
Iteration 61 of 100: loss=19.9972648621 object_loss=18.5890865326 distance_loss=1.40817737579
Iteration 62 of 100: loss=19.3723773956 object_loss=17.9634914398 distance_loss=1.40888607502
Iteration 63 of 100: loss=17.5768947601 object_loss=16.1673202515 distance_loss=1.40957510471
Iteration 64 of 100: loss=22.2416229248 object_loss=20.8318004608 distance_loss=1.40982341766
Iteration 65 of 100: loss=20.4957561493 object_loss=19.0854663849 distance_loss=1.41028940678
Iteration 66 of 100: loss=29.5144691467 object_loss=28.1037387848 distance_loss=1.41072952747
Iteration 67 of 100: loss=26.6000671387 object_loss=25.1888656616 distance_loss=1.41120100021
Iteration 68 of 100: loss=27.0691833496 object_loss=25.6576786041 distance_loss=1.41150450706
Iteration 69 of 100: loss=28.3793411255 object_loss=26.9674320221 distance_loss=1.41190886497
Iteration 70 of 100: loss=27.4927806854 object_loss=26.0804748535 distance_loss=1.41230535507
Iteration 71 of 100: loss=24.8141689301 object_loss=23.4013328552 distance_loss=1.41283655167
Iteration 72 of 100: loss=27.8744544983 object_loss=26.461315155 distance_loss=1.41313958168
Iteration 73 of 100: loss=25.6185188293 object_loss=24.2046794891 distance_loss=1.41383850574
Iteration 74 of 100: loss=23.2209224701 object_loss=21.8065681458 distance_loss=1.41435348988
Iteration 75 of 100: loss=23.7227630615 object_loss=22.3082752228 distance_loss=1.41448712349
Iteration 76 of 100: loss=25.624294281 object_loss=24.2100162506 distance_loss=1.41427886486
Iteration 77 of 100: loss=22.6711769104 object_loss=21.2566680908 distance_loss=1.41450965405
Iteration 78 of 100: loss=24.1026306152 object_loss=22.6878814697 distance_loss=1.41474843025
Iteration 79 of 100: loss=30.6944904327 object_loss=29.2791786194 distance_loss=1.4153124094
Iteration 80 of 100: loss=27.7650814056 object_loss=26.3493423462 distance_loss=1.41573894024
Iteration 81 of 100: loss=26.3354091644 object_loss=24.9191741943 distance_loss=1.41623580456
Iteration 82 of 100: loss=26.2307987213 object_loss=24.8142528534 distance_loss=1.41654646397
Iteration 83 of 100: loss=24.7478160858 object_loss=23.3308181763 distance_loss=1.4169986248
Iteration 84 of 100: loss=26.2122802734 object_loss=24.7949314117 distance_loss=1.41734874249
Iteration 85 of 100: loss=28.0765190125 object_loss=26.6586780548 distance_loss=1.41784155369
Iteration 86 of 100: loss=27.2379570007 object_loss=25.8197059631 distance_loss=1.41825139523
Iteration 87 of 100: loss=25.7438640594 object_loss=24.3252162933 distance_loss=1.41864717007
Iteration 88 of 100: loss=26.4205627441 object_loss=25.0018463135 distance_loss=1.41871583462
Iteration 89 of 100: loss=28.5370998383 object_loss=27.1178798676 distance_loss=1.41921973228
Iteration 90 of 100: loss=24.81665802 object_loss=23.397146225 distance_loss=1.41951227188
Iteration 91 of 100: loss=24.6180114746 object_loss=23.1984119415 distance_loss=1.41959905624
Iteration 92 of 100: loss=23.3543949127 object_loss=21.9349365234 distance_loss=1.41945874691
Iteration 93 of 100: loss=24.8849620819 object_loss=23.4653625488 distance_loss=1.41959989071
Iteration 94 of 100: loss=25.0641975403 object_loss=23.6446456909 distance_loss=1.41955268383
Iteration 95 of 100: loss=24.6388759613 object_loss=23.2192764282 distance_loss=1.41959905624
Iteration 96 of 100: loss=27.2588043213 object_loss=25.8393135071 distance_loss=1.41948997974
Iteration 97 of 100: loss=25.061832428 object_loss=23.6424694061 distance_loss=1.41936290264
Iteration 98 of 100: loss=24.2538547516 object_loss=22.8341293335 distance_loss=1.41972589493
Iteration 99 of 100: loss=24.5085029602 object_loss=23.0884532928 distance_loss=1.42004930973
Iteration 0 of 100: loss=26.2502307892 object_loss=24.8300800323 distance_loss=1.42015075684
Iteration 1 of 100: loss=26.7029628754 object_loss=25.2825183868 distance_loss=1.42044520378
Iteration 2 of 100: loss=26.7594852448 object_loss=25.3387527466 distance_loss=1.42073321342
Iteration 3 of 100: loss=26.7931461334 object_loss=25.372303009 distance_loss=1.42084300518
Iteration 4 of 100: loss=29.7686767578 object_loss=28.3476829529 distance_loss=1.42099380493
Iteration 5 of 100: loss=26.4471893311 object_loss=25.0260543823 distance_loss=1.42113530636
Iteration 6 of 100: loss=26.4254722595 object_loss=25.0041809082 distance_loss=1.42129170895
Iteration 7 of 100: loss=24.5826530457 object_loss=23.1611022949 distance_loss=1.42155122757
Iteration 8 of 100: loss=24.4424781799 object_loss=23.0211238861 distance_loss=1.42135357857
Iteration 9 of 100: loss=24.0002155304 object_loss=22.578660965 distance_loss=1.42155456543
Iteration 10 of 100: loss=25.6012191772 object_loss=24.1793003082 distance_loss=1.42191970348
Iteration 11 of 100: loss=25.2119560242 object_loss=23.7901973724 distance_loss=1.4217581749
Iteration 12 of 100: loss=25.3825836182 object_loss=23.9614257812 distance_loss=1.42115867138
Iteration 13 of 100: loss=25.4596424103 object_loss=24.0382823944 distance_loss=1.42136025429
Iteration 14 of 100: loss=24.3440933228 object_loss=22.9226036072 distance_loss=1.4214900732
Iteration 15 of 100: loss=26.3246154785 object_loss=24.9031066895 distance_loss=1.42150902748
Iteration 16 of 100: loss=21.9923648834 object_loss=20.5708618164 distance_loss=1.42150259018
Iteration 17 of 100: loss=23.4329185486 object_loss=22.0115337372 distance_loss=1.42138504982
Iteration 18 of 100: loss=17.4080429077 object_loss=15.986702919 distance_loss=1.42133927345
Iteration 19 of 100: loss=23.2550468445 object_loss=21.8332595825 distance_loss=1.42178821564
Iteration 20 of 100: loss=21.7481422424 object_loss=20.325876236 distance_loss=1.42226541042
Iteration 21 of 100: loss=21.0046806335 object_loss=19.5823154449 distance_loss=1.42236459255
Iteration 22 of 100: loss=20.367603302 object_loss=18.9454536438 distance_loss=1.42214977741
Iteration 23 of 100: loss=21.1476135254 object_loss=19.7254562378 distance_loss=1.42215633392
Iteration 24 of 100: loss=20.7311038971 object_loss=19.3090381622 distance_loss=1.42206549644
Iteration 25 of 100: loss=23.13256073 object_loss=21.7105293274 distance_loss=1.42203080654
Iteration 26 of 100: loss=23.2443237305 object_loss=21.8224124908 distance_loss=1.42191028595
Iteration 27 of 100: loss=21.1444759369 object_loss=19.7224941254 distance_loss=1.4219814539
Iteration 28 of 100: loss=24.4858837128 object_loss=23.063703537 distance_loss=1.42217981815
Iteration 29 of 100: loss=23.0111904144 object_loss=21.5889377594 distance_loss=1.42225205898
Iteration 30 of 100: loss=24.7385730743 object_loss=23.3161964417 distance_loss=1.42237663269
Iteration 31 of 100: loss=19.5581264496 object_loss=18.1359539032 distance_loss=1.42217230797
Iteration 32 of 100: loss=22.1504764557 object_loss=20.7285861969 distance_loss=1.42189097404
Iteration 33 of 100: loss=21.6264266968 object_loss=20.2042121887 distance_loss=1.42221403122
Iteration 34 of 100: loss=23.4571247101 object_loss=22.034614563 distance_loss=1.42251038551
Iteration 35 of 100: loss=27.0920848846 object_loss=25.6692714691 distance_loss=1.42281281948
Iteration 36 of 100: loss=26.9203472137 object_loss=25.4976463318 distance_loss=1.42270064354
Iteration 37 of 100: loss=25.1502838135 object_loss=23.7273864746 distance_loss=1.42289674282
Iteration 38 of 100: loss=26.4433708191 object_loss=25.0207824707 distance_loss=1.42258763313
Iteration 39 of 100: loss=20.79438591 object_loss=19.3719596863 distance_loss=1.4224268198
Iteration 40 of 100: loss=19.4293003082 object_loss=18.0069007874 distance_loss=1.42239928246
Iteration 41 of 100: loss=11.2767019272 object_loss=9.85445404053 distance_loss=1.42224776745
Iteration 42 of 100: loss=18.3879756927 object_loss=16.9659957886 distance_loss=1.42198073864
Iteration 43 of 100: loss=15.8440513611 object_loss=14.4218273163 distance_loss=1.42222440243
Iteration 44 of 100: loss=18.9457015991 object_loss=17.5233631134 distance_loss=1.42233753204
Iteration 45 of 100: loss=17.6126670837 object_loss=16.1901016235 distance_loss=1.42256462574
Iteration 46 of 100: loss=23.0370769501 object_loss=21.6141910553 distance_loss=1.42288506031
Iteration 47 of 100: loss=18.6285362244 object_loss=17.2054634094 distance_loss=1.42307329178
Iteration 48 of 100: loss=20.5892715454 object_loss=19.1662025452 distance_loss=1.42306864262
Iteration 49 of 100: loss=19.1202430725 object_loss=17.6967086792 distance_loss=1.42353403568
Iteration 50 of 100: loss=17.5646457672 object_loss=16.1406173706 distance_loss=1.42402768135
Iteration 51 of 100: loss=18.6260185242 object_loss=17.2016620636 distance_loss=1.42435610294
Iteration 52 of 100: loss=24.6919841766 object_loss=23.2675323486 distance_loss=1.42445135117
Iteration 53 of 100: loss=21.3027191162 object_loss=19.8777732849 distance_loss=1.42494678497
Iteration 54 of 100: loss=19.0885162354 object_loss=17.6631565094 distance_loss=1.42536020279
Iteration 55 of 100: loss=20.0501785278 object_loss=18.6247215271 distance_loss=1.42545676231
Iteration 56 of 100: loss=23.3177433014 object_loss=21.8924217224 distance_loss=1.42532098293
Iteration 57 of 100: loss=26.9785175323 object_loss=25.5532512665 distance_loss=1.42526686192
Iteration 58 of 100: loss=25.1916770935 object_loss=23.766078949 distance_loss=1.42559862137
Iteration 59 of 100: loss=22.9360618591 object_loss=21.5100879669 distance_loss=1.425973773
Iteration 60 of 100: loss=22.1158924103 object_loss=20.6898975372 distance_loss=1.42599511147
Iteration 61 of 100: loss=21.5494594574 object_loss=20.123210907 distance_loss=1.426248312
Iteration 62 of 100: loss=22.4595127106 object_loss=21.0328903198 distance_loss=1.42662155628
Iteration 63 of 100: loss=20.9596347809 object_loss=19.5326328278 distance_loss=1.42700242996
Iteration 64 of 100: loss=22.3177757263 object_loss=20.8906574249 distance_loss=1.42711734772
Iteration 65 of 100: loss=24.9543972015 object_loss=23.527256012 distance_loss=1.42714071274
Iteration 66 of 100: loss=21.8019142151 object_loss=20.3748035431 distance_loss=1.42711055279
Iteration 67 of 100: loss=19.8513774872 object_loss=18.4241466522 distance_loss=1.42723107338
Iteration 68 of 100: loss=24.1583595276 object_loss=22.731004715 distance_loss=1.42735385895
Iteration 69 of 100: loss=22.5104789734 object_loss=21.0826911926 distance_loss=1.42778706551
Iteration 70 of 100: loss=23.7762947083 object_loss=22.3482570648 distance_loss=1.42803835869
Iteration 71 of 100: loss=22.864610672 object_loss=21.4364490509 distance_loss=1.42816114426
Iteration 72 of 100: loss=24.0299720764 object_loss=22.6021175385 distance_loss=1.42785418034
Iteration 73 of 100: loss=24.3157920837 object_loss=22.8877067566 distance_loss=1.42808544636
Iteration 74 of 100: loss=25.2021560669 object_loss=23.773859024 distance_loss=1.42829716206
Iteration 75 of 100: loss=21.2707138062 object_loss=19.8424682617 distance_loss=1.42824530602
Iteration 76 of 100: loss=21.7052764893 object_loss=20.2772483826 distance_loss=1.42802798748
Iteration 77 of 100: loss=20.7715377808 object_loss=19.3435287476 distance_loss=1.42800939083
Iteration 78 of 100: loss=19.5950660706 object_loss=18.167345047 distance_loss=1.4277215004
Iteration 79 of 100: loss=19.8756275177 object_loss=18.4477977753 distance_loss=1.42782974243
Iteration 80 of 100: loss=20.2330436707 object_loss=18.8052597046 distance_loss=1.42778384686
Iteration 81 of 100: loss=19.5288066864 object_loss=18.1013565063 distance_loss=1.42745041847
Iteration 82 of 100: loss=16.2851829529 object_loss=14.8577156067 distance_loss=1.42746698856
Iteration 83 of 100: loss=17.1647815704 object_loss=15.7372760773 distance_loss=1.42750632763
Iteration 84 of 100: loss=17.7902851105 object_loss=16.3630390167 distance_loss=1.42724621296
Iteration 85 of 100: loss=18.6336231232 object_loss=17.206577301 distance_loss=1.42704582214
Iteration 86 of 100: loss=15.3744955063 object_loss=13.9473333359 distance_loss=1.42716228962
Iteration 87 of 100: loss=16.3568229675 object_loss=14.9299297333 distance_loss=1.42689394951
Iteration 88 of 100: loss=17.8502120972 object_loss=16.423500061 distance_loss=1.42671108246
Iteration 89 of 100: loss=18.853477478 object_loss=17.4266223907 distance_loss=1.42685484886
Iteration 90 of 100: loss=14.5957727432 object_loss=13.1688909531 distance_loss=1.42688155174
Iteration 91 of 100: loss=13.988656044 object_loss=12.5613889694 distance_loss=1.42726671696
Iteration 92 of 100: loss=17.1677799225 object_loss=15.7406005859 distance_loss=1.42717981339
Iteration 93 of 100: loss=16.044210434 object_loss=14.6167621613 distance_loss=1.42744779587
Iteration 94 of 100: loss=16.2795677185 object_loss=14.8520240784 distance_loss=1.42754340172
Iteration 95 of 100: loss=14.9415559769 object_loss=13.5140295029 distance_loss=1.42752611637
Iteration 96 of 100: loss=20.0634002686 object_loss=18.6362781525 distance_loss=1.42712259293
Iteration 97 of 100: loss=17.6297664642 object_loss=16.2025489807 distance_loss=1.42721748352
Iteration 98 of 100: loss=19.9059391022 object_loss=18.4791412354 distance_loss=1.42679750919
Iteration 99 of 100: loss=20.7889633179 object_loss=19.3624324799 distance_loss=1.42653012276
Iteration 0 of 100: loss=22.6765136719 object_loss=21.2501411438 distance_loss=1.4263728857
Iteration 1 of 100: loss=22.3092937469 object_loss=20.883184433 distance_loss=1.42610859871
Iteration 2 of 100: loss=22.1824398041 object_loss=20.7566757202 distance_loss=1.42576479912
Iteration 3 of 100: loss=24.6622180939 object_loss=23.2365837097 distance_loss=1.42563486099
Iteration 4 of 100: loss=23.129901886 object_loss=21.7042541504 distance_loss=1.42564690113
Iteration 5 of 100: loss=22.0951957703 object_loss=20.6695690155 distance_loss=1.42562627792
Iteration 6 of 100: loss=21.2324943542 object_loss=19.8068332672 distance_loss=1.42566120625
Iteration 7 of 100: loss=22.4222164154 object_loss=20.9964351654 distance_loss=1.42578053474
Iteration 8 of 100: loss=21.9460525513 object_loss=20.5201950073 distance_loss=1.4258569479
Iteration 9 of 100: loss=21.7645454407 object_loss=20.3384132385 distance_loss=1.42613196373
Iteration 10 of 100: loss=23.7956905365 object_loss=22.3694934845 distance_loss=1.42619788647
Iteration 11 of 100: loss=22.3146266937 object_loss=20.8886756897 distance_loss=1.42595124245
Iteration 12 of 100: loss=22.4727230072 object_loss=21.047170639 distance_loss=1.42555296421
Iteration 13 of 100: loss=26.6589431763 object_loss=25.2332630157 distance_loss=1.42568051815
Iteration 14 of 100: loss=24.8018779755 object_loss=23.3759422302 distance_loss=1.42593610287
Iteration 15 of 100: loss=24.0392532349 object_loss=22.6132125854 distance_loss=1.42603969574
Iteration 16 of 100: loss=20.0894470215 object_loss=18.6637058258 distance_loss=1.42574214935
Iteration 17 of 100: loss=23.7633590698 object_loss=22.3376579285 distance_loss=1.42570114136
Iteration 18 of 100: loss=24.4277153015 object_loss=23.0018539429 distance_loss=1.4258607626
Iteration 19 of 100: loss=24.0963859558 object_loss=22.6704807281 distance_loss=1.4259057045
Iteration 20 of 100: loss=24.2923221588 object_loss=22.8666877747 distance_loss=1.42563414574
Iteration 21 of 100: loss=22.814655304 object_loss=21.3890552521 distance_loss=1.42560076714
Iteration 22 of 100: loss=24.4403362274 object_loss=23.0146617889 distance_loss=1.42567372322
Iteration 23 of 100: loss=23.7685909271 object_loss=22.3428344727 distance_loss=1.42575597763
Iteration 24 of 100: loss=23.7033100128 object_loss=22.2777233124 distance_loss=1.42558634281
Iteration 25 of 100: loss=23.6553077698 object_loss=22.2297134399 distance_loss=1.42559432983
Iteration 26 of 100: loss=23.4656677246 object_loss=22.0401649475 distance_loss=1.42550349236
Iteration 27 of 100: loss=23.8170890808 object_loss=22.3916683197 distance_loss=1.42542159557
Iteration 28 of 100: loss=24.1266765594 object_loss=22.701379776 distance_loss=1.42529726028
Iteration 29 of 100: loss=24.0546245575 object_loss=22.6292762756 distance_loss=1.42534804344
Iteration 30 of 100: loss=19.8827819824 object_loss=18.4571380615 distance_loss=1.42564368248
Iteration 31 of 100: loss=20.8426437378 object_loss=19.4167633057 distance_loss=1.42588102818
Iteration 32 of 100: loss=20.313911438 object_loss=18.888092041 distance_loss=1.42581987381
Iteration 33 of 100: loss=22.0997486115 object_loss=20.6734580994 distance_loss=1.42628979683
Iteration 34 of 100: loss=21.1359710693 object_loss=19.709400177 distance_loss=1.4265717268
Iteration 35 of 100: loss=21.1592998505 object_loss=19.7323665619 distance_loss=1.4269336462
Iteration 36 of 100: loss=20.8671722412 object_loss=19.4400291443 distance_loss=1.42714345455
Iteration 37 of 100: loss=17.5627727509 object_loss=16.1356124878 distance_loss=1.42716026306
Iteration 38 of 100: loss=17.387140274 object_loss=15.9598722458 distance_loss=1.42726874352
Iteration 39 of 100: loss=20.2531414032 object_loss=18.8256282806 distance_loss=1.42751276493
Iteration 40 of 100: loss=18.7156352997 object_loss=17.2878799438 distance_loss=1.42775571346
Iteration 41 of 100: loss=21.0607662201 object_loss=19.6330757141 distance_loss=1.42769062519
Iteration 42 of 100: loss=20.9394569397 object_loss=19.511259079 distance_loss=1.42819821835
Iteration 43 of 100: loss=20.336517334 object_loss=18.9078636169 distance_loss=1.42865383625
Iteration 44 of 100: loss=20.6893405914 object_loss=19.2605495453 distance_loss=1.42879164219
Iteration 45 of 100: loss=21.3418884277 object_loss=19.9127998352 distance_loss=1.42908906937
Iteration 46 of 100: loss=20.5322952271 object_loss=19.1027126312 distance_loss=1.42958343029
Iteration 47 of 100: loss=17.8381633759 object_loss=16.4084663391 distance_loss=1.42969691753
Iteration 48 of 100: loss=20.8103790283 object_loss=19.3806667328 distance_loss=1.42971229553
Iteration 49 of 100: loss=18.7313861847 object_loss=17.3014888763 distance_loss=1.42989766598
Iteration 50 of 100: loss=18.5512313843 object_loss=17.1213874817 distance_loss=1.42984342575
Iteration 51 of 100: loss=18.3470344543 object_loss=16.9170341492 distance_loss=1.43000054359
Iteration 52 of 100: loss=18.320142746 object_loss=16.8903770447 distance_loss=1.4297658205
Iteration 53 of 100: loss=19.4888038635 object_loss=18.058883667 distance_loss=1.42992007732
Iteration 54 of 100: loss=15.4217395782 object_loss=13.9917631149 distance_loss=1.42997634411
Iteration 55 of 100: loss=12.7169818878 object_loss=11.287062645 distance_loss=1.42991936207
Iteration 56 of 100: loss=10.2268228531 object_loss=8.79734516144 distance_loss=1.42947781086
Iteration 57 of 100: loss=8.39019870758 object_loss=6.96075057983 distance_loss=1.42944812775
Iteration 58 of 100: loss=8.21103668213 object_loss=6.78169584274 distance_loss=1.42934119701
Iteration 59 of 100: loss=7.61583471298 object_loss=6.18670368195 distance_loss=1.42913103104
Iteration 60 of 100: loss=8.77122211456 object_loss=7.34217643738 distance_loss=1.42904531956
Iteration 61 of 100: loss=8.53708839417 object_loss=7.10812616348 distance_loss=1.42896258831
Iteration 62 of 100: loss=10.9563407898 object_loss=9.52776527405 distance_loss=1.42857539654
Iteration 63 of 100: loss=16.2255649567 object_loss=14.7971935272 distance_loss=1.42837107182
Iteration 64 of 100: loss=17.8520622253 object_loss=16.4236183167 distance_loss=1.42844426632
Iteration 65 of 100: loss=14.9613819122 object_loss=13.5329942703 distance_loss=1.42838716507
Iteration 66 of 100: loss=13.8742876053 object_loss=12.4459104538 distance_loss=1.42837750912
Iteration 67 of 100: loss=15.0859746933 object_loss=13.6576824188 distance_loss=1.42829239368
Iteration 68 of 100: loss=14.5079345703 object_loss=13.0799598694 distance_loss=1.4279743433
Iteration 69 of 100: loss=19.4205303192 object_loss=17.9923553467 distance_loss=1.42817556858
Iteration 70 of 100: loss=18.9823226929 object_loss=17.5536899567 distance_loss=1.42863345146
Iteration 71 of 100: loss=18.2759857178 object_loss=16.8470611572 distance_loss=1.42892479897
Iteration 72 of 100: loss=18.2834358215 object_loss=16.854341507 distance_loss=1.4290933609
Iteration 73 of 100: loss=16.2892436981 object_loss=14.8598594666 distance_loss=1.42938375473
Iteration 74 of 100: loss=14.6972551346 object_loss=13.2676239014 distance_loss=1.42963135242
Iteration 75 of 100: loss=18.1105976105 object_loss=16.6804599762 distance_loss=1.43013679981
Iteration 76 of 100: loss=13.5843353271 object_loss=12.1538448334 distance_loss=1.43049025536
Iteration 77 of 100: loss=12.6171426773 object_loss=11.186255455 distance_loss=1.43088757992
Iteration 78 of 100: loss=18.461265564 object_loss=17.0299797058 distance_loss=1.4312864542
Iteration 79 of 100: loss=18.9125061035 object_loss=17.4807319641 distance_loss=1.43177342415
Iteration 80 of 100: loss=17.7107410431 object_loss=16.2787590027 distance_loss=1.43198204041
Iteration 81 of 100: loss=19.833398819 object_loss=18.4009876251 distance_loss=1.4324105978
Iteration 82 of 100: loss=21.6452541351 object_loss=20.2124938965 distance_loss=1.43276035786
Iteration 83 of 100: loss=21.468126297 object_loss=20.0347747803 distance_loss=1.43335211277
Iteration 84 of 100: loss=21.1821956635 object_loss=19.7482376099 distance_loss=1.43395864964
Iteration 85 of 100: loss=24.4833335876 object_loss=23.0489673615 distance_loss=1.43436563015
Iteration 86 of 100: loss=25.8084449768 object_loss=24.3737373352 distance_loss=1.4347076416
Iteration 87 of 100: loss=22.4008617401 object_loss=20.9658851624 distance_loss=1.43497574329
Iteration 88 of 100: loss=24.0246963501 object_loss=22.5899581909 distance_loss=1.43473899364
Iteration 89 of 100: loss=23.6851902008 object_loss=22.2501583099 distance_loss=1.43503248692
Iteration 90 of 100: loss=19.6313762665 object_loss=18.1957035065 distance_loss=1.43567192554
Iteration 91 of 100: loss=18.8058795929 object_loss=17.3696022034 distance_loss=1.43627655506
Iteration 92 of 100: loss=15.9049282074 object_loss=14.468670845 distance_loss=1.43625771999
Iteration 93 of 100: loss=14.8826160431 object_loss=13.4462356567 distance_loss=1.43638086319
Iteration 94 of 100: loss=15.5241727829 object_loss=14.087515831 distance_loss=1.4366568327
Iteration 95 of 100: loss=17.0243625641 object_loss=15.5876636505 distance_loss=1.43669855595
Iteration 96 of 100: loss=19.9665107727 object_loss=18.5298633575 distance_loss=1.436647892
Iteration 97 of 100: loss=22.8766269684 object_loss=21.440071106 distance_loss=1.43655574322
Iteration 98 of 100: loss=15.9908046722 object_loss=14.5544815063 distance_loss=1.4363232851
Iteration 99 of 100: loss=15.2837905884 object_loss=13.8476963043 distance_loss=1.43609440327
Iteration 0 of 100: loss=23.0985488892 object_loss=21.6625137329 distance_loss=1.43603432178
Iteration 1 of 100: loss=18.0449314117 object_loss=16.6092033386 distance_loss=1.43572854996
Iteration 2 of 100: loss=21.768819809 object_loss=20.3333683014 distance_loss=1.43545103073
Iteration 3 of 100: loss=24.9794158936 object_loss=23.543964386 distance_loss=1.43545138836
Iteration 4 of 100: loss=25.4057235718 object_loss=23.9704837799 distance_loss=1.43523979187
Iteration 5 of 100: loss=23.7886180878 object_loss=22.353521347 distance_loss=1.43509626389
Iteration 6 of 100: loss=22.0762443542 object_loss=20.6414833069 distance_loss=1.43476128578
Iteration 7 of 100: loss=21.4902381897 object_loss=20.0554027557 distance_loss=1.43483495712
Iteration 8 of 100: loss=24.1507701874 object_loss=22.7156829834 distance_loss=1.43508780003
Iteration 9 of 100: loss=14.9231023788 object_loss=13.4876499176 distance_loss=1.43545281887
Iteration 10 of 100: loss=19.4735908508 object_loss=18.0379638672 distance_loss=1.43562626839
Iteration 11 of 100: loss=20.6631145477 object_loss=19.2273368835 distance_loss=1.43577778339
Iteration 12 of 100: loss=20.679101944 object_loss=19.2431106567 distance_loss=1.43599140644
Iteration 13 of 100: loss=21.2987937927 object_loss=19.8621940613 distance_loss=1.4365991354
Iteration 14 of 100: loss=24.8678798676 object_loss=23.4308357239 distance_loss=1.43704342842
Iteration 15 of 100: loss=19.6674041748 object_loss=18.2302207947 distance_loss=1.43718338013
Iteration 16 of 100: loss=15.5980386734 object_loss=14.1610927582 distance_loss=1.43694591522
Iteration 17 of 100: loss=18.9029884338 object_loss=17.4658908844 distance_loss=1.43709695339
Iteration 18 of 100: loss=20.1733970642 object_loss=18.736076355 distance_loss=1.43732106686
Iteration 19 of 100: loss=21.0814399719 object_loss=19.6440658569 distance_loss=1.43737447262
Iteration 20 of 100: loss=21.7239341736 object_loss=20.2865333557 distance_loss=1.43740010262
Iteration 21 of 100: loss=21.144411087 object_loss=19.7070522308 distance_loss=1.43735909462
Iteration 22 of 100: loss=21.77069664 object_loss=20.3332080841 distance_loss=1.43748927116
Iteration 23 of 100: loss=20.9322242737 object_loss=19.4943389893 distance_loss=1.43788528442
Iteration 24 of 100: loss=18.6839904785 object_loss=17.2461795807 distance_loss=1.43781137466
Iteration 25 of 100: loss=24.4743080139 object_loss=23.0366954803 distance_loss=1.43761193752
Iteration 26 of 100: loss=26.9141635895 object_loss=25.4764633179 distance_loss=1.4377001524
Iteration 27 of 100: loss=22.0963039398 object_loss=20.6586399078 distance_loss=1.43766367435
Iteration 28 of 100: loss=19.386674881 object_loss=17.9493160248 distance_loss=1.43735957146
Iteration 29 of 100: loss=24.3411769867 object_loss=22.9038162231 distance_loss=1.43736124039
Iteration 30 of 100: loss=20.1532402039 object_loss=18.7159233093 distance_loss=1.43731677532
Iteration 31 of 100: loss=17.7480487823 object_loss=16.3108978271 distance_loss=1.43715071678
Iteration 32 of 100: loss=13.8911857605 object_loss=12.4546337128 distance_loss=1.43655180931
Iteration 33 of 100: loss=11.6273612976 object_loss=10.1906166077 distance_loss=1.4367442131
Iteration 34 of 100: loss=19.9619255066 object_loss=18.5252132416 distance_loss=1.43671178818
Iteration 35 of 100: loss=18.524559021 object_loss=17.0879154205 distance_loss=1.43664324284
Iteration 36 of 100: loss=17.2462997437 object_loss=15.8099660873 distance_loss=1.43633365631
Iteration 37 of 100: loss=18.1293468475 object_loss=16.6931743622 distance_loss=1.43617331982
Iteration 38 of 100: loss=12.4953384399 object_loss=11.0593366623 distance_loss=1.43600177765
Iteration 39 of 100: loss=13.983127594 object_loss=12.5472106934 distance_loss=1.43591725826
Iteration 40 of 100: loss=20.2363605499 object_loss=18.8007125854 distance_loss=1.43564796448
Iteration 41 of 100: loss=24.7032718658 object_loss=23.267621994 distance_loss=1.43565046787
Iteration 42 of 100: loss=24.4935340881 object_loss=23.0579929352 distance_loss=1.43554198742
Iteration 43 of 100: loss=24.3500022888 object_loss=22.9144573212 distance_loss=1.43554449081
Iteration 44 of 100: loss=23.4506530762 object_loss=22.0152797699 distance_loss=1.43537247181
Iteration 45 of 100: loss=19.7579536438 object_loss=18.3228816986 distance_loss=1.43507254124
Iteration 46 of 100: loss=22.4143371582 object_loss=20.9794769287 distance_loss=1.43486082554
Iteration 47 of 100: loss=17.8708095551 object_loss=16.435836792 distance_loss=1.4349719286
Iteration 48 of 100: loss=22.3192768097 object_loss=20.8842144012 distance_loss=1.43506276608
Iteration 49 of 100: loss=20.7613182068 object_loss=19.3262233734 distance_loss=1.43509411812
Iteration 50 of 100: loss=20.4782218933 object_loss=19.0426521301 distance_loss=1.43557024002
Iteration 51 of 100: loss=19.6095466614 object_loss=18.1736717224 distance_loss=1.43587589264
Iteration 52 of 100: loss=17.6376609802 object_loss=16.2018489838 distance_loss=1.4358112812
Iteration 53 of 100: loss=19.3988418579 object_loss=17.9625263214 distance_loss=1.43631541729
Iteration 54 of 100: loss=20.0391864777 object_loss=18.6025772095 distance_loss=1.43660950661
Iteration 55 of 100: loss=21.7715587616 object_loss=20.3347663879 distance_loss=1.43679177761
Iteration 56 of 100: loss=23.8810768127 object_loss=22.4442443848 distance_loss=1.43683207035
Iteration 57 of 100: loss=25.5000667572 object_loss=24.0630664825 distance_loss=1.43699944019
Iteration 58 of 100: loss=28.4738521576 object_loss=27.0367183685 distance_loss=1.43713331223
Iteration 59 of 100: loss=28.6246738434 object_loss=27.1870918274 distance_loss=1.43758225441
Iteration 60 of 100: loss=26.3188648224 object_loss=24.8812789917 distance_loss=1.43758583069
Iteration 61 of 100: loss=26.8571872711 object_loss=25.4194812775 distance_loss=1.4377065897
Iteration 62 of 100: loss=28.2263755798 object_loss=26.7883396149 distance_loss=1.43803524971
Iteration 63 of 100: loss=21.6181182861 object_loss=20.1799354553 distance_loss=1.43818283081
Iteration 64 of 100: loss=19.4819889069 object_loss=18.043800354 distance_loss=1.4381891489
Iteration 65 of 100: loss=20.9726409912 object_loss=19.5341835022 distance_loss=1.43845713139
Iteration 66 of 100: loss=21.9239749908 object_loss=20.4854164124 distance_loss=1.43855881691
Iteration 67 of 100: loss=19.4734077454 object_loss=18.0348472595 distance_loss=1.43856060505
Iteration 68 of 100: loss=16.1534557343 object_loss=14.7149009705 distance_loss=1.43855524063
Iteration 69 of 100: loss=16.7041664124 object_loss=15.2655277252 distance_loss=1.43863916397
Iteration 70 of 100: loss=12.6504983902 object_loss=11.2116546631 distance_loss=1.4388436079
Iteration 71 of 100: loss=14.4348487854 object_loss=12.9959058762 distance_loss=1.43894255161
Iteration 72 of 100: loss=15.7669763565 object_loss=14.3282346725 distance_loss=1.43874180317
Iteration 73 of 100: loss=18.0446090698 object_loss=16.6056671143 distance_loss=1.43894159794
Iteration 74 of 100: loss=17.4468479156 object_loss=16.0079269409 distance_loss=1.43892037868
Iteration 75 of 100: loss=14.2746763229 object_loss=12.8359308243 distance_loss=1.43874549866
Iteration 76 of 100: loss=21.0181293488 object_loss=19.5795860291 distance_loss=1.4385433197
Iteration 77 of 100: loss=20.7892093658 object_loss=19.3506565094 distance_loss=1.43855345249
Iteration 78 of 100: loss=20.7949066162 object_loss=19.3567218781 distance_loss=1.43818545341
Iteration 79 of 100: loss=15.2563524246 object_loss=13.8182001114 distance_loss=1.43815243244
Iteration 80 of 100: loss=15.1274280548 object_loss=13.6892032623 distance_loss=1.43822491169
Iteration 81 of 100: loss=16.7100524902 object_loss=15.2718935013 distance_loss=1.43815982342
Iteration 82 of 100: loss=17.7792758942 object_loss=16.3412361145 distance_loss=1.43803942204
Iteration 83 of 100: loss=16.0384273529 object_loss=14.6005058289 distance_loss=1.43792128563
Iteration 84 of 100: loss=16.2500286102 object_loss=14.8121767044 distance_loss=1.43785202503
Iteration 85 of 100: loss=18.9686069489 object_loss=17.530714035 distance_loss=1.43789243698
Iteration 86 of 100: loss=18.5190124512 object_loss=17.0808906555 distance_loss=1.4381223917
Iteration 87 of 100: loss=18.4071674347 object_loss=16.968957901 distance_loss=1.43820989132
Iteration 88 of 100: loss=15.5199651718 object_loss=14.0823307037 distance_loss=1.43763482571
Iteration 89 of 100: loss=19.7562046051 object_loss=18.3185768127 distance_loss=1.43762779236
Iteration 90 of 100: loss=19.2588729858 object_loss=17.8212451935 distance_loss=1.4376282692
Iteration 91 of 100: loss=24.2953453064 object_loss=22.8579959869 distance_loss=1.43734920025
Iteration 92 of 100: loss=28.0969314575 object_loss=26.6599979401 distance_loss=1.43693339825
Iteration 93 of 100: loss=21.4609870911 object_loss=20.0237884521 distance_loss=1.43719923496
Iteration 94 of 100: loss=20.0913085938 object_loss=18.6541996002 distance_loss=1.43710875511
Iteration 95 of 100: loss=20.4472789764 object_loss=19.0101394653 distance_loss=1.43714010715
Iteration 96 of 100: loss=23.2433586121 object_loss=21.8063602448 distance_loss=1.43699860573
Iteration 97 of 100: loss=20.8248939514 object_loss=19.3881015778 distance_loss=1.43679201603
Iteration 98 of 100: loss=19.1609210968 object_loss=17.7239894867 distance_loss=1.43693220615
Iteration 99 of 100: loss=21.5639781952 object_loss=20.1268482208 distance_loss=1.4371291399
Iteration 0 of 100: loss=23.0742416382 object_loss=21.6373577118 distance_loss=1.43688380718
Iteration 1 of 100: loss=23.166021347 object_loss=21.7292289734 distance_loss=1.43679273129
Iteration 2 of 100: loss=22.2465400696 object_loss=20.8096790314 distance_loss=1.43686079979
Iteration 3 of 100: loss=21.3448066711 object_loss=19.9079799652 distance_loss=1.43682706356
Iteration 4 of 100: loss=20.1938381195 object_loss=18.7569656372 distance_loss=1.43687319756
Iteration 5 of 100: loss=21.7460250854 object_loss=20.3092269897 distance_loss=1.43679845333
Iteration 6 of 100: loss=21.5186805725 object_loss=20.0818977356 distance_loss=1.43678224087
Iteration 7 of 100: loss=19.581401825 object_loss=18.144449234 distance_loss=1.43695259094
Iteration 8 of 100: loss=19.8286151886 object_loss=18.3917179108 distance_loss=1.43689739704
Iteration 9 of 100: loss=16.9549236298 object_loss=15.51811409 distance_loss=1.43680942059
Iteration 10 of 100: loss=18.2915878296 object_loss=16.8545780182 distance_loss=1.43701028824
Iteration 11 of 100: loss=20.4177398682 object_loss=18.9807624817 distance_loss=1.43697690964
Iteration 12 of 100: loss=18.9355125427 object_loss=17.4992218018 distance_loss=1.43628978729
Iteration 13 of 100: loss=19.0746574402 object_loss=17.6384391785 distance_loss=1.43621766567
Iteration 14 of 100: loss=18.4643344879 object_loss=17.0283527374 distance_loss=1.4359818697
Iteration 15 of 100: loss=19.8618412018 object_loss=18.4261398315 distance_loss=1.43570196629
Iteration 16 of 100: loss=20.1652412415 object_loss=18.7300224304 distance_loss=1.43521976471
Iteration 17 of 100: loss=15.7864627838 object_loss=14.3515205383 distance_loss=1.43494176865
Iteration 18 of 100: loss=10.8143863678 object_loss=9.37985992432 distance_loss=1.43452692032
Iteration 19 of 100: loss=19.9009494781 object_loss=18.4666576385 distance_loss=1.43429255486
Iteration 20 of 100: loss=20.1034069061 object_loss=18.6695518494 distance_loss=1.43385517597
Iteration 21 of 100: loss=19.3533039093 object_loss=17.9199447632 distance_loss=1.43335974216
Iteration 22 of 100: loss=18.8754043579 object_loss=17.4422225952 distance_loss=1.43318212032
Iteration 23 of 100: loss=18.3630180359 object_loss=16.9296131134 distance_loss=1.43340468407
Iteration 24 of 100: loss=21.2862911224 object_loss=19.8528594971 distance_loss=1.43343186378
Iteration 25 of 100: loss=27.5308246613 object_loss=26.097202301 distance_loss=1.43362271786
Iteration 26 of 100: loss=27.1538314819 object_loss=25.7200737 distance_loss=1.43375861645
Iteration 27 of 100: loss=26.0705299377 object_loss=24.6367855072 distance_loss=1.43374371529
Iteration 28 of 100: loss=25.2744922638 object_loss=23.8408050537 distance_loss=1.43368709087
Iteration 29 of 100: loss=24.153011322 object_loss=22.7191638947 distance_loss=1.43384683132
Iteration 30 of 100: loss=30.4161281586 object_loss=28.9824829102 distance_loss=1.43364560604
Iteration 31 of 100: loss=24.3492450714 object_loss=22.9154548645 distance_loss=1.43379092216
Iteration 32 of 100: loss=27.6247806549 object_loss=26.1912517548 distance_loss=1.43352973461
Iteration 33 of 100: loss=30.1388492584 object_loss=28.7050418854 distance_loss=1.433806777
Iteration 34 of 100: loss=30.8410987854 object_loss=29.4070587158 distance_loss=1.43404090405
Iteration 35 of 100: loss=28.86876297 object_loss=27.435092926 distance_loss=1.4336707592
Iteration 36 of 100: loss=23.9350776672 object_loss=22.5020256042 distance_loss=1.4330521822
Iteration 37 of 100: loss=34.9961662292 object_loss=33.5634689331 distance_loss=1.43269717693
Iteration 38 of 100: loss=26.8777828217 object_loss=25.445148468 distance_loss=1.4326338768
Iteration 39 of 100: loss=23.1230182648 object_loss=21.6905899048 distance_loss=1.43242752552
Iteration 40 of 100: loss=32.9036102295 object_loss=31.4711532593 distance_loss=1.43245661259
Iteration 41 of 100: loss=26.4019527435 object_loss=24.9694690704 distance_loss=1.4324836731
Iteration 42 of 100: loss=27.0867271423 object_loss=25.6542224884 distance_loss=1.43250465393
Iteration 43 of 100: loss=24.7281475067 object_loss=23.2954483032 distance_loss=1.43270003796
Iteration 44 of 100: loss=32.3923034668 object_loss=30.9593658447 distance_loss=1.43293833733
Iteration 45 of 100: loss=25.214050293 object_loss=23.7807044983 distance_loss=1.43334591389
Iteration 46 of 100: loss=24.5526123047 object_loss=23.1190071106 distance_loss=1.43360590935
Iteration 47 of 100: loss=25.2055492401 object_loss=23.7716503143 distance_loss=1.43389844894
Iteration 48 of 100: loss=25.7581634521 object_loss=24.3242015839 distance_loss=1.4339619875
Iteration 49 of 100: loss=24.1670894623 object_loss=22.7326469421 distance_loss=1.43444180489
Iteration 50 of 100: loss=23.4464931488 object_loss=22.011806488 distance_loss=1.43468594551
Iteration 51 of 100: loss=29.82371521 object_loss=28.3888244629 distance_loss=1.43489015102
Iteration 52 of 100: loss=30.3059692383 object_loss=28.8708438873 distance_loss=1.43512535095
Iteration 53 of 100: loss=37.1479454041 object_loss=35.7125740051 distance_loss=1.43536961079
Iteration 54 of 100: loss=37.0618400574 object_loss=35.6264648438 distance_loss=1.43537390232
Iteration 55 of 100: loss=36.573600769 object_loss=35.1382789612 distance_loss=1.43532073498
Iteration 56 of 100: loss=32.8207817078 object_loss=31.3855285645 distance_loss=1.43525373936
Iteration 57 of 100: loss=29.5818367004 object_loss=28.1467857361 distance_loss=1.4350515604
Iteration 58 of 100: loss=31.8812713623 object_loss=30.4467926025 distance_loss=1.43447959423
Iteration 59 of 100: loss=28.5968551636 object_loss=27.1625003815 distance_loss=1.43435418606
Iteration 60 of 100: loss=23.2446136475 object_loss=21.8101329803 distance_loss=1.43448102474
Iteration 61 of 100: loss=27.8304920197 object_loss=26.3960037231 distance_loss=1.43448877335
Iteration 62 of 100: loss=28.7506999969 object_loss=27.3161449432 distance_loss=1.43455553055
Iteration 63 of 100: loss=25.5812263489 object_loss=24.146736145 distance_loss=1.43449020386
Iteration 64 of 100: loss=26.597442627 object_loss=25.163143158 distance_loss=1.43430030346
Iteration 65 of 100: loss=28.3920574188 object_loss=26.9579582214 distance_loss=1.43409967422
Iteration 66 of 100: loss=28.9930515289 object_loss=27.5589179993 distance_loss=1.43413376808
Iteration 67 of 100: loss=30.0776538849 object_loss=28.6435146332 distance_loss=1.43413901329
Iteration 68 of 100: loss=30.5627307892 object_loss=29.1288375854 distance_loss=1.43389260769
Iteration 69 of 100: loss=29.4789924622 object_loss=28.0449943542 distance_loss=1.43399786949
Iteration 70 of 100: loss=30.4320964813 object_loss=28.9977207184 distance_loss=1.43437623978
Iteration 71 of 100: loss=23.6609687805 object_loss=22.2263298035 distance_loss=1.43463873863
Iteration 72 of 100: loss=18.9785518646 object_loss=17.5443134308 distance_loss=1.43423902988
Iteration 73 of 100: loss=23.6346549988 object_loss=22.2001438141 distance_loss=1.43451118469
Iteration 74 of 100: loss=24.3068847656 object_loss=22.872127533 distance_loss=1.43475687504
Iteration 75 of 100: loss=24.2152996063 object_loss=22.7802772522 distance_loss=1.43502235413
Iteration 76 of 100: loss=27.2794036865 object_loss=25.8442707062 distance_loss=1.43513274193
Iteration 77 of 100: loss=23.8619098663 object_loss=22.4265422821 distance_loss=1.43536698818
Iteration 78 of 100: loss=28.6488399506 object_loss=27.2135238647 distance_loss=1.43531537056
Iteration 79 of 100: loss=27.9908065796 object_loss=26.5555953979 distance_loss=1.43521177769
Iteration 80 of 100: loss=28.9548568726 object_loss=27.5196743011 distance_loss=1.43518257141
Iteration 81 of 100: loss=34.720161438 object_loss=33.2852630615 distance_loss=1.43490004539
Iteration 82 of 100: loss=35.7840919495 object_loss=34.3494338989 distance_loss=1.43465697765
Iteration 83 of 100: loss=32.3375244141 object_loss=30.9029140472 distance_loss=1.43460917473
Iteration 84 of 100: loss=29.6565036774 object_loss=28.222322464 distance_loss=1.43418121338
Iteration 85 of 100: loss=32.1031265259 object_loss=30.6688842773 distance_loss=1.43424201012
Iteration 86 of 100: loss=33.6363792419 object_loss=32.2023696899 distance_loss=1.43400883675
Iteration 87 of 100: loss=31.7077445984 object_loss=30.2737159729 distance_loss=1.43402826786
Iteration 88 of 100: loss=31.3803787231 object_loss=29.946105957 distance_loss=1.43427217007
Iteration 89 of 100: loss=27.5215606689 object_loss=26.0871429443 distance_loss=1.43441724777
Iteration 90 of 100: loss=27.8927822113 object_loss=26.4583568573 distance_loss=1.43442523479
Iteration 91 of 100: loss=27.4191455841 object_loss=25.9845466614 distance_loss=1.43459963799
Iteration 92 of 100: loss=27.2902698517 object_loss=25.8558273315 distance_loss=1.43444240093
Iteration 93 of 100: loss=25.9058628082 object_loss=24.4715957642 distance_loss=1.43426692486
Iteration 94 of 100: loss=25.897480011 object_loss=24.4632587433 distance_loss=1.43422079086
Iteration 95 of 100: loss=26.3819065094 object_loss=24.9479141235 distance_loss=1.4339915514
Iteration 96 of 100: loss=22.4370441437 object_loss=21.0035457611 distance_loss=1.43349921703
Iteration 97 of 100: loss=25.8688106537 object_loss=24.435295105 distance_loss=1.43351590633
Iteration 98 of 100: loss=25.2774143219 object_loss=23.8438434601 distance_loss=1.43357014656
Iteration 99 of 100: loss=25.4550514221 object_loss=24.0213489532 distance_loss=1.43370318413
Iteration 0 of 100: loss=21.7176380157 object_loss=20.2840957642 distance_loss=1.43354296684
Iteration 1 of 100: loss=21.5980358124 object_loss=20.164730072 distance_loss=1.43330585957
Iteration 2 of 100: loss=18.2535190582 object_loss=16.820526123 distance_loss=1.43299341202
Iteration 3 of 100: loss=12.0948438644 object_loss=10.6617641449 distance_loss=1.43307983875
Iteration 4 of 100: loss=16.7288913727 object_loss=15.2960367203 distance_loss=1.4328546524
Iteration 5 of 100: loss=17.1201953888 object_loss=15.6874160767 distance_loss=1.43277978897
Iteration 6 of 100: loss=20.4576072693 object_loss=19.024772644 distance_loss=1.43283510208
Iteration 7 of 100: loss=18.8113555908 object_loss=17.3786354065 distance_loss=1.43271994591
Iteration 8 of 100: loss=21.1549091339 object_loss=19.7226448059 distance_loss=1.432264328
Iteration 9 of 100: loss=20.5985889435 object_loss=19.1661548615 distance_loss=1.43243420124
Iteration 10 of 100: loss=23.8171195984 object_loss=22.3844490051 distance_loss=1.43267059326
Iteration 11 of 100: loss=23.6915340424 object_loss=22.2590084076 distance_loss=1.43252551556
Iteration 12 of 100: loss=21.6862716675 object_loss=20.2541294098 distance_loss=1.43214142323
Iteration 13 of 100: loss=23.7571201324 object_loss=22.3246803284 distance_loss=1.43244028091
Iteration 14 of 100: loss=22.0169811249 object_loss=20.5844726562 distance_loss=1.43250930309
Iteration 15 of 100: loss=23.5257606506 object_loss=22.093214035 distance_loss=1.43254649639
Iteration 16 of 100: loss=25.923418045 object_loss=24.4909915924 distance_loss=1.4324272871
Iteration 17 of 100: loss=24.4115715027 object_loss=22.9789428711 distance_loss=1.43262779713
Iteration 18 of 100: loss=26.5117053986 object_loss=25.0788326263 distance_loss=1.43287217617
Iteration 19 of 100: loss=25.3193969727 object_loss=23.8864002228 distance_loss=1.43299722672
Iteration 20 of 100: loss=24.3233737946 object_loss=22.8903484344 distance_loss=1.43302536011
Iteration 21 of 100: loss=23.7645206451 object_loss=22.331319809 distance_loss=1.43320047855
Iteration 22 of 100: loss=24.0328655243 object_loss=22.599489212 distance_loss=1.43337714672
Iteration 23 of 100: loss=24.0628871918 object_loss=22.6293697357 distance_loss=1.43351721764
Iteration 24 of 100: loss=24.0532093048 object_loss=22.6195583344 distance_loss=1.4336514473
Iteration 25 of 100: loss=21.7248210907 object_loss=20.2911987305 distance_loss=1.43362295628
Iteration 26 of 100: loss=22.2824401855 object_loss=20.8489742279 distance_loss=1.43346619606
Iteration 27 of 100: loss=23.4923381805 object_loss=22.0587882996 distance_loss=1.43355059624
Iteration 28 of 100: loss=26.4524021149 object_loss=25.0188903809 distance_loss=1.43351173401
Iteration 29 of 100: loss=29.8034191132 object_loss=28.3697357178 distance_loss=1.43368279934
Iteration 30 of 100: loss=27.7058372498 object_loss=26.2721309662 distance_loss=1.43370616436
Iteration 31 of 100: loss=33.6885795593 object_loss=32.2549514771 distance_loss=1.43362855911
Iteration 32 of 100: loss=30.8842334747 object_loss=29.4508972168 distance_loss=1.43333566189
Iteration 33 of 100: loss=27.7350006104 object_loss=26.3013744354 distance_loss=1.43362677097
Iteration 34 of 100: loss=30.9922733307 object_loss=29.5584812164 distance_loss=1.43379259109
Iteration 35 of 100: loss=30.4510879517 object_loss=29.0172348022 distance_loss=1.4338530302
Iteration 36 of 100: loss=30.1048679352 object_loss=28.6708984375 distance_loss=1.43396949768
Iteration 37 of 100: loss=34.9332351685 object_loss=33.4990081787 distance_loss=1.43422687054
Iteration 38 of 100: loss=35.8745498657 object_loss=34.4401435852 distance_loss=1.43440532684
Iteration 39 of 100: loss=30.3467674255 object_loss=28.9121932983 distance_loss=1.43457460403
Iteration 40 of 100: loss=31.2473182678 object_loss=29.812789917 distance_loss=1.43452858925
Iteration 41 of 100: loss=31.6892414093 object_loss=30.2549133301 distance_loss=1.43432807922
Iteration 42 of 100: loss=31.2270793915 object_loss=29.7928256989 distance_loss=1.43425452709
Iteration 43 of 100: loss=27.5858345032 object_loss=26.1513347626 distance_loss=1.43449914455
Iteration 44 of 100: loss=24.4645996094 object_loss=23.0302124023 distance_loss=1.43438673019
Iteration 45 of 100: loss=28.5873355865 object_loss=27.1531352997 distance_loss=1.43420112133
Iteration 46 of 100: loss=28.4824104309 object_loss=27.0481109619 distance_loss=1.43430030346
Iteration 47 of 100: loss=27.5527477264 object_loss=26.1185779572 distance_loss=1.43416941166
Iteration 48 of 100: loss=29.1502838135 object_loss=27.7162628174 distance_loss=1.43402171135
Iteration 49 of 100: loss=28.2665138245 object_loss=26.83253479 distance_loss=1.4339799881
Iteration 50 of 100: loss=26.6218166351 object_loss=25.1876983643 distance_loss=1.43411815166
Iteration 51 of 100: loss=34.1790924072 object_loss=32.7448692322 distance_loss=1.43422365189
Iteration 52 of 100: loss=30.6087875366 object_loss=29.1749820709 distance_loss=1.43380534649
Iteration 53 of 100: loss=31.7145423889 object_loss=30.2808055878 distance_loss=1.4337375164
Iteration 54 of 100: loss=28.6134643555 object_loss=27.1797389984 distance_loss=1.43372583389
Iteration 55 of 100: loss=29.5348358154 object_loss=28.1010093689 distance_loss=1.43382632732
Iteration 56 of 100: loss=29.8659877777 object_loss=28.4324874878 distance_loss=1.43349969387
Iteration 57 of 100: loss=25.9837055206 object_loss=24.550201416 distance_loss=1.43350422382
Iteration 58 of 100: loss=26.4296703339 object_loss=24.9963302612 distance_loss=1.43333935738
Iteration 59 of 100: loss=25.3585128784 object_loss=23.9252567291 distance_loss=1.43325531483
Iteration 60 of 100: loss=23.045759201 object_loss=21.612613678 distance_loss=1.43314611912
Iteration 61 of 100: loss=23.0193500519 object_loss=21.5863761902 distance_loss=1.43297386169
Iteration 62 of 100: loss=26.2175540924 object_loss=24.7846832275 distance_loss=1.43287026882
Iteration 63 of 100: loss=26.6879444122 object_loss=25.2549171448 distance_loss=1.43302667141
Iteration 64 of 100: loss=24.3318195343 object_loss=22.8986053467 distance_loss=1.43321490288
Iteration 65 of 100: loss=25.1799068451 object_loss=23.7465171814 distance_loss=1.43339025974
Iteration 66 of 100: loss=15.8018636703 object_loss=14.3682956696 distance_loss=1.43356835842
Iteration 67 of 100: loss=13.0678014755 object_loss=11.6341686249 distance_loss=1.43363261223
Iteration 68 of 100: loss=15.3056993484 object_loss=13.8723545074 distance_loss=1.43334472179
Iteration 69 of 100: loss=19.0415325165 object_loss=17.6080875397 distance_loss=1.43344533443
Iteration 70 of 100: loss=14.2638349533 object_loss=12.8303356171 distance_loss=1.43349945545
Iteration 71 of 100: loss=7.28839445114 object_loss=5.85515642166 distance_loss=1.43323791027
Iteration 72 of 100: loss=17.2714595795 object_loss=15.8386154175 distance_loss=1.43284440041
Iteration 73 of 100: loss=11.0227518082 object_loss=9.5898771286 distance_loss=1.43287491798
Iteration 74 of 100: loss=10.1794319153 object_loss=8.74658298492 distance_loss=1.43284881115
Iteration 75 of 100: loss=13.8397741318 object_loss=12.4066839218 distance_loss=1.43309020996
Iteration 76 of 100: loss=14.5619974136 object_loss=13.1291656494 distance_loss=1.43283176422
Iteration 77 of 100: loss=14.9269123077 object_loss=13.4939889908 distance_loss=1.43292331696
Iteration 78 of 100: loss=13.7203245163 object_loss=12.2871274948 distance_loss=1.43319714069
Iteration 79 of 100: loss=15.8485870361 object_loss=14.4154262543 distance_loss=1.43316054344
Iteration 80 of 100: loss=12.8424539566 object_loss=11.4096536636 distance_loss=1.43280017376
Iteration 81 of 100: loss=8.23338699341 object_loss=6.80077362061 distance_loss=1.43261384964
Iteration 82 of 100: loss=7.18435811996 object_loss=5.75169563293 distance_loss=1.43266248703
Iteration 83 of 100: loss=17.4953403473 object_loss=16.0626831055 distance_loss=1.43265652657
Iteration 84 of 100: loss=22.1115665436 object_loss=20.6788768768 distance_loss=1.43268954754
Iteration 85 of 100: loss=26.0356006622 object_loss=24.6031074524 distance_loss=1.43249380589
Iteration 86 of 100: loss=21.9532966614 object_loss=20.5211029053 distance_loss=1.43219327927
Iteration 87 of 100: loss=22.2610836029 object_loss=20.8290100098 distance_loss=1.43207406998
Iteration 88 of 100: loss=28.6681289673 object_loss=27.2365226746 distance_loss=1.4316072464
Iteration 89 of 100: loss=22.5485630035 object_loss=21.116985321 distance_loss=1.4315778017
Iteration 90 of 100: loss=20.0569934845 object_loss=18.6253681183 distance_loss=1.431625247
Iteration 91 of 100: loss=23.6177539825 object_loss=22.1860904694 distance_loss=1.43166291714
Iteration 92 of 100: loss=21.5318088531 object_loss=20.1005878448 distance_loss=1.43122076988
Iteration 93 of 100: loss=23.3463191986 object_loss=21.9147987366 distance_loss=1.4315212965
Iteration 94 of 100: loss=22.571231842 object_loss=21.1394462585 distance_loss=1.43178653717
Iteration 95 of 100: loss=20.037399292 object_loss=18.6053009033 distance_loss=1.43209815025
Iteration 96 of 100: loss=19.0603847504 object_loss=17.6279411316 distance_loss=1.43244326115
Iteration 97 of 100: loss=20.8796730042 object_loss=19.4468822479 distance_loss=1.43279099464
Iteration 98 of 100: loss=19.6417579651 object_loss=18.2085609436 distance_loss=1.43319654465
Iteration 99 of 100: loss=28.8093929291 object_loss=27.3756637573 distance_loss=1.43372917175
Iteration 0 of 100: loss=16.7415103912 object_loss=15.3072309494 distance_loss=1.4342802763
Iteration 1 of 100: loss=19.7686634064 object_loss=18.334236145 distance_loss=1.43442773819
Iteration 2 of 100: loss=19.9582462311 object_loss=18.5235881805 distance_loss=1.43465733528
Iteration 3 of 100: loss=23.9885444641 object_loss=22.5536403656 distance_loss=1.43490481377
Iteration 4 of 100: loss=25.0256633759 object_loss=23.5906333923 distance_loss=1.43503034115
Iteration 5 of 100: loss=19.437877655 object_loss=18.0026073456 distance_loss=1.43527019024
Iteration 6 of 100: loss=15.6214103699 object_loss=14.1855983734 distance_loss=1.43581187725
Iteration 7 of 100: loss=28.9694080353 object_loss=27.5328598022 distance_loss=1.43654739857
Iteration 8 of 100: loss=33.7335014343 object_loss=32.2960700989 distance_loss=1.43743050098
Iteration 9 of 100: loss=17.0512523651 object_loss=15.6129550934 distance_loss=1.4382969141
Iteration 10 of 100: loss=25.2611713409 object_loss=23.8224105835 distance_loss=1.43876159191
Iteration 11 of 100: loss=29.5148525238 object_loss=28.0758743286 distance_loss=1.43897843361
Iteration 12 of 100: loss=29.4571666718 object_loss=28.0185966492 distance_loss=1.43857049942
Iteration 13 of 100: loss=26.4522514343 object_loss=25.0135383606 distance_loss=1.43871343136
Iteration 14 of 100: loss=26.1469917297 object_loss=24.7079582214 distance_loss=1.43903422356
Iteration 15 of 100: loss=30.3952941895 object_loss=28.9561080933 distance_loss=1.43918573856
Iteration 16 of 100: loss=25.8830871582 object_loss=24.4440822601 distance_loss=1.43900585175
Iteration 17 of 100: loss=24.2186317444 object_loss=22.7792396545 distance_loss=1.43939137459
Iteration 18 of 100: loss=31.6307964325 object_loss=30.1911449432 distance_loss=1.43965137005
Iteration 19 of 100: loss=32.2383422852 object_loss=30.7984199524 distance_loss=1.43992078304
Iteration 20 of 100: loss=25.7561779022 object_loss=24.3160324097 distance_loss=1.44014489651
Iteration 21 of 100: loss=19.1717987061 object_loss=17.7314052582 distance_loss=1.44039309025
Iteration 22 of 100: loss=23.1394462585 object_loss=21.6989364624 distance_loss=1.44050967693
Iteration 23 of 100: loss=27.0454902649 object_loss=25.6045761108 distance_loss=1.44091486931
Iteration 24 of 100: loss=23.4420890808 object_loss=22.0006732941 distance_loss=1.44141554832
Iteration 25 of 100: loss=24.0283870697 object_loss=22.5865459442 distance_loss=1.44184076786
Iteration 26 of 100: loss=19.642999649 object_loss=18.2008209229 distance_loss=1.44217848778
Iteration 27 of 100: loss=26.2088413239 object_loss=24.7660732269 distance_loss=1.44276726246
Iteration 28 of 100: loss=24.9419631958 object_loss=23.499130249 distance_loss=1.44283378124
Iteration 29 of 100: loss=17.3338069916 object_loss=15.8909416199 distance_loss=1.44286489487
Iteration 30 of 100: loss=26.5359992981 object_loss=25.093006134 distance_loss=1.44299399853
Iteration 31 of 100: loss=28.3813991547 object_loss=26.9384365082 distance_loss=1.44296264648
Iteration 32 of 100: loss=29.7957038879 object_loss=28.3529109955 distance_loss=1.44279289246
Iteration 33 of 100: loss=31.6757907867 object_loss=30.2326431274 distance_loss=1.44314694405
Iteration 34 of 100: loss=31.1743545532 object_loss=29.7309207916 distance_loss=1.44343352318
Iteration 35 of 100: loss=30.5509262085 object_loss=29.1073493958 distance_loss=1.44357681274
Iteration 36 of 100: loss=27.957113266 object_loss=26.5135593414 distance_loss=1.44355475903
Iteration 37 of 100: loss=31.587146759 object_loss=30.1435222626 distance_loss=1.4436249733
Iteration 38 of 100: loss=23.5736923218 object_loss=22.1296691895 distance_loss=1.44402253628
Iteration 39 of 100: loss=23.9239768982 object_loss=22.4795227051 distance_loss=1.44445466995
Iteration 40 of 100: loss=23.2790603638 object_loss=21.8346996307 distance_loss=1.44436013699
Iteration 41 of 100: loss=27.412946701 object_loss=25.9680080414 distance_loss=1.44493865967
Iteration 42 of 100: loss=26.168346405 object_loss=24.7228012085 distance_loss=1.44554436207
Iteration 43 of 100: loss=28.713394165 object_loss=27.2672901154 distance_loss=1.44610381126
Iteration 44 of 100: loss=32.0665550232 object_loss=30.6201591492 distance_loss=1.44639658928
Iteration 45 of 100: loss=24.6110458374 object_loss=23.164352417 distance_loss=1.44669318199
Iteration 46 of 100: loss=27.4272079468 object_loss=25.9805297852 distance_loss=1.44667804241
Iteration 47 of 100: loss=27.3407936096 object_loss=25.8938961029 distance_loss=1.44689798355
Iteration 48 of 100: loss=20.9054698944 object_loss=19.4585170746 distance_loss=1.44695365429
Iteration 49 of 100: loss=20.266620636 object_loss=18.8193492889 distance_loss=1.44727194309
Iteration 50 of 100: loss=18.5799503326 object_loss=17.1319026947 distance_loss=1.44804775715
Iteration 51 of 100: loss=20.2140464783 object_loss=18.7653388977 distance_loss=1.44870710373
Iteration 52 of 100: loss=16.6583099365 object_loss=15.2094488144 distance_loss=1.44886159897
Iteration 53 of 100: loss=13.4988212585 object_loss=12.0494441986 distance_loss=1.4493765831
Iteration 54 of 100: loss=18.5092544556 object_loss=17.0595989227 distance_loss=1.44965612888
Iteration 55 of 100: loss=16.87474823 object_loss=15.4248771667 distance_loss=1.44987154007
Iteration 56 of 100: loss=19.0018367767 object_loss=17.5517520905 distance_loss=1.45008480549
Iteration 57 of 100: loss=9.74606895447 object_loss=8.2958688736 distance_loss=1.45020031929
Iteration 58 of 100: loss=15.8660030365 object_loss=14.4155445099 distance_loss=1.45045804977
Iteration 59 of 100: loss=14.1996440887 object_loss=12.7487382889 distance_loss=1.45090579987
Iteration 60 of 100: loss=11.6342372894 object_loss=10.1829166412 distance_loss=1.45132088661
Iteration 61 of 100: loss=15.6977815628 object_loss=14.2460222244 distance_loss=1.45175921917
Iteration 62 of 100: loss=19.2014503479 object_loss=17.7491111755 distance_loss=1.45233917236
Iteration 63 of 100: loss=17.5761699677 object_loss=16.123260498 distance_loss=1.45290863514
Iteration 64 of 100: loss=26.2883014679 object_loss=24.8350391388 distance_loss=1.4532623291
Iteration 65 of 100: loss=17.3858680725 object_loss=15.9320144653 distance_loss=1.4538526535
Iteration 66 of 100: loss=15.5926675797 object_loss=14.1386413574 distance_loss=1.45402657986
Iteration 67 of 100: loss=19.6555728912 object_loss=18.2013053894 distance_loss=1.45426738262
Iteration 68 of 100: loss=21.9115943909 object_loss=20.4570999146 distance_loss=1.45449388027
Iteration 69 of 100: loss=23.2964382172 object_loss=21.8417835236 distance_loss=1.45465505123
Iteration 70 of 100: loss=22.146320343 object_loss=20.6915016174 distance_loss=1.45481812954
Iteration 71 of 100: loss=18.6501712799 object_loss=17.1952552795 distance_loss=1.45491588116
Iteration 72 of 100: loss=31.7480354309 object_loss=30.2932033539 distance_loss=1.45483112335
Iteration 73 of 100: loss=27.4065170288 object_loss=25.9514045715 distance_loss=1.45511245728
Iteration 74 of 100: loss=25.7878780365 object_loss=24.3330459595 distance_loss=1.45483207703
Iteration 75 of 100: loss=25.9977226257 object_loss=24.5432262421 distance_loss=1.45449662209
Iteration 76 of 100: loss=18.0119113922 object_loss=16.5577335358 distance_loss=1.45417821407
Iteration 77 of 100: loss=17.5929775238 object_loss=16.1388568878 distance_loss=1.45411992073
Iteration 78 of 100: loss=26.5100803375 object_loss=25.0557842255 distance_loss=1.45429611206
Iteration 79 of 100: loss=20.2911014557 object_loss=18.8365955353 distance_loss=1.45450568199
Iteration 80 of 100: loss=16.8647708893 object_loss=15.4100866318 distance_loss=1.45468461514
Iteration 81 of 100: loss=17.0573863983 object_loss=15.6026029587 distance_loss=1.45478332043
Iteration 82 of 100: loss=17.1857032776 object_loss=15.7309112549 distance_loss=1.45479238033
Iteration 83 of 100: loss=17.0341053009 object_loss=15.5791101456 distance_loss=1.45499491692
Iteration 84 of 100: loss=18.4157333374 object_loss=16.9607048035 distance_loss=1.45502769947
Iteration 85 of 100: loss=20.9812602997 object_loss=19.5262565613 distance_loss=1.45500409603
Iteration 86 of 100: loss=33.3410415649 object_loss=31.8857765198 distance_loss=1.45526432991
Iteration 87 of 100: loss=36.5973205566 object_loss=35.141784668 distance_loss=1.45553410053
Iteration 88 of 100: loss=33.2685585022 object_loss=31.8131713867 distance_loss=1.45538783073
Iteration 89 of 100: loss=33.770904541 object_loss=32.3153610229 distance_loss=1.45554530621
Iteration 90 of 100: loss=27.909532547 object_loss=26.453540802 distance_loss=1.45599257946
Iteration 91 of 100: loss=28.1060638428 object_loss=26.65001297 distance_loss=1.45605099201
Iteration 92 of 100: loss=29.9143638611 object_loss=28.458562851 distance_loss=1.45580112934
Iteration 93 of 100: loss=28.4864368439 object_loss=27.0304069519 distance_loss=1.45603013039
Iteration 94 of 100: loss=29.3491249084 object_loss=27.8930835724 distance_loss=1.45604133606
Iteration 95 of 100: loss=36.2891769409 object_loss=34.8332672119 distance_loss=1.45591115952
Iteration 96 of 100: loss=28.5660362244 object_loss=27.1105270386 distance_loss=1.45550966263
Iteration 97 of 100: loss=28.6510925293 object_loss=27.19572258 distance_loss=1.45537030697
Iteration 98 of 100: loss=33.8868103027 object_loss=32.4315910339 distance_loss=1.45521879196
Iteration 99 of 100: loss=30.6241893768 object_loss=29.1690425873 distance_loss=1.45514643192
Iteration 0 of 100: loss=22.3336429596 object_loss=20.878824234 distance_loss=1.45481920242
Iteration 1 of 100: loss=20.1824913025 object_loss=18.7278518677 distance_loss=1.45463991165
Iteration 2 of 100: loss=27.1078643799 object_loss=25.6535339355 distance_loss=1.4543312788
Iteration 3 of 100: loss=29.1539592743 object_loss=27.7000045776 distance_loss=1.45395493507
Iteration 4 of 100: loss=30.3170547485 object_loss=28.8632602692 distance_loss=1.45379412174
Iteration 5 of 100: loss=23.2092571259 object_loss=21.755613327 distance_loss=1.45364332199
Iteration 6 of 100: loss=21.1491546631 object_loss=19.69556427 distance_loss=1.45358967781
Iteration 7 of 100: loss=26.5227909088 object_loss=25.0693206787 distance_loss=1.45346987247
Iteration 8 of 100: loss=26.9985694885 object_loss=25.5453109741 distance_loss=1.45325863361
Iteration 9 of 100: loss=29.6159114838 object_loss=28.1627635956 distance_loss=1.45314764977
Iteration 10 of 100: loss=29.8442516327 object_loss=28.3909397125 distance_loss=1.45331156254
Iteration 11 of 100: loss=31.9652729034 object_loss=30.5117645264 distance_loss=1.45350837708
Iteration 12 of 100: loss=24.5886154175 object_loss=23.1352996826 distance_loss=1.45331573486
Iteration 13 of 100: loss=24.0517482758 object_loss=22.5983371735 distance_loss=1.45341134071
Iteration 14 of 100: loss=26.2562351227 object_loss=24.8025798798 distance_loss=1.45365595818
Iteration 15 of 100: loss=35.2247695923 object_loss=33.7710800171 distance_loss=1.45369100571
Iteration 16 of 100: loss=38.4094581604 object_loss=36.9558830261 distance_loss=1.45357656479
Iteration 17 of 100: loss=43.158657074 object_loss=41.7049942017 distance_loss=1.4536626339
Iteration 18 of 100: loss=38.5269508362 object_loss=37.0730552673 distance_loss=1.45389664173
Iteration 19 of 100: loss=37.756778717 object_loss=36.302444458 distance_loss=1.45433318615
Iteration 20 of 100: loss=43.3189964294 object_loss=41.8645401001 distance_loss=1.45445561409
Iteration 21 of 100: loss=39.1246986389 object_loss=37.6702041626 distance_loss=1.45449328423
Iteration 22 of 100: loss=39.0272941589 object_loss=37.5724411011 distance_loss=1.45485126972
Iteration 23 of 100: loss=39.3749694824 object_loss=37.9195785522 distance_loss=1.45539212227
Iteration 24 of 100: loss=40.1575889587 object_loss=38.7021408081 distance_loss=1.45544707775
Iteration 25 of 100: loss=37.1240921021 object_loss=35.6682510376 distance_loss=1.45583999157
Iteration 26 of 100: loss=35.4596672058 object_loss=34.0034370422 distance_loss=1.45623040199
Iteration 27 of 100: loss=35.2909698486 object_loss=33.8346786499 distance_loss=1.45629227161
Iteration 28 of 100: loss=38.8300132751 object_loss=37.3736495972 distance_loss=1.45636439323
Iteration 29 of 100: loss=38.0453872681 object_loss=36.5886955261 distance_loss=1.4566924572
Iteration 30 of 100: loss=36.2252731323 object_loss=34.7685585022 distance_loss=1.45671546459
Iteration 31 of 100: loss=37.8886909485 object_loss=36.4321327209 distance_loss=1.45655763149
Iteration 32 of 100: loss=33.5488357544 object_loss=32.0924911499 distance_loss=1.456346035
Iteration 33 of 100: loss=34.6228103638 object_loss=33.1664276123 distance_loss=1.45638406277
Iteration 34 of 100: loss=33.7526321411 object_loss=32.2962722778 distance_loss=1.45636153221
Iteration 35 of 100: loss=32.7120666504 object_loss=31.2557525635 distance_loss=1.45631241798
Iteration 36 of 100: loss=38.1609268188 object_loss=36.7050666809 distance_loss=1.45586192608
Iteration 37 of 100: loss=30.9140338898 object_loss=29.4582233429 distance_loss=1.45580971241
Iteration 38 of 100: loss=33.2415618896 object_loss=31.786075592 distance_loss=1.45548462868
Iteration 39 of 100: loss=35.5693817139 object_loss=34.1141319275 distance_loss=1.45524990559
Iteration 40 of 100: loss=41.058795929 object_loss=39.6034851074 distance_loss=1.45530939102
Iteration 41 of 100: loss=40.4681587219 object_loss=39.0133209229 distance_loss=1.45483958721
Iteration 42 of 100: loss=37.480594635 object_loss=36.0260696411 distance_loss=1.45452439785
Iteration 43 of 100: loss=36.1104011536 object_loss=34.6560745239 distance_loss=1.45432591438
Iteration 44 of 100: loss=36.565700531 object_loss=35.1114234924 distance_loss=1.45427656174
Iteration 45 of 100: loss=35.4862098694 object_loss=34.0319709778 distance_loss=1.45423853397
Iteration 46 of 100: loss=41.1454429626 object_loss=39.6908302307 distance_loss=1.45461416245
Iteration 47 of 100: loss=26.6305408478 object_loss=25.1758060455 distance_loss=1.45473480225
Iteration 48 of 100: loss=24.6550426483 object_loss=23.2005271912 distance_loss=1.45451569557
Iteration 49 of 100: loss=24.792755127 object_loss=23.3380889893 distance_loss=1.45466649532
Iteration 50 of 100: loss=21.1442165375 object_loss=19.6892414093 distance_loss=1.45497441292
Iteration 51 of 100: loss=20.2186965942 object_loss=18.76354599 distance_loss=1.4551513195
Iteration 52 of 100: loss=22.1479797363 object_loss=20.6929683685 distance_loss=1.45501232147
Iteration 53 of 100: loss=23.3798675537 object_loss=21.9245796204 distance_loss=1.45528864861
Iteration 54 of 100: loss=24.5636863708 object_loss=23.1084041595 distance_loss=1.45528268814
Iteration 55 of 100: loss=26.6825485229 object_loss=25.2271709442 distance_loss=1.45537781715
Iteration 56 of 100: loss=24.5877323151 object_loss=23.132566452 distance_loss=1.45516586304
Iteration 57 of 100: loss=24.6017818451 object_loss=23.1467819214 distance_loss=1.45500075817
Iteration 58 of 100: loss=31.0458278656 object_loss=29.5904998779 distance_loss=1.45532774925
Iteration 59 of 100: loss=29.0406150818 object_loss=27.584903717 distance_loss=1.45571208
Iteration 60 of 100: loss=28.6285610199 object_loss=27.1727848053 distance_loss=1.45577561855
Iteration 61 of 100: loss=28.9139041901 object_loss=27.4579524994 distance_loss=1.45595085621
Iteration 62 of 100: loss=31.6575489044 object_loss=30.2013282776 distance_loss=1.45621979237
Iteration 63 of 100: loss=28.87225914 object_loss=27.4156990051 distance_loss=1.45656073093
Iteration 64 of 100: loss=17.3865394592 object_loss=15.9299974442 distance_loss=1.45654141903
Iteration 65 of 100: loss=18.2203979492 object_loss=16.7639846802 distance_loss=1.45641338825
Iteration 66 of 100: loss=22.316608429 object_loss=20.8604793549 distance_loss=1.45612859726
Iteration 67 of 100: loss=23.2292118073 object_loss=21.7731323242 distance_loss=1.45607936382
Iteration 68 of 100: loss=26.0252475739 object_loss=24.5688514709 distance_loss=1.45639550686
Iteration 69 of 100: loss=25.0567493439 object_loss=23.599943161 distance_loss=1.45680689812
Iteration 70 of 100: loss=26.1284141541 object_loss=24.6711044312 distance_loss=1.45731055737
Iteration 71 of 100: loss=27.5288524628 object_loss=26.071144104 distance_loss=1.4577088356
Iteration 72 of 100: loss=30.5816574097 object_loss=29.1241168976 distance_loss=1.45754122734
Iteration 73 of 100: loss=27.2262821198 object_loss=25.768196106 distance_loss=1.45808529854
Iteration 74 of 100: loss=21.0192642212 object_loss=19.5606822968 distance_loss=1.45858097076
Iteration 75 of 100: loss=17.6427440643 object_loss=16.1838645935 distance_loss=1.45888018608
Iteration 76 of 100: loss=26.0907897949 object_loss=24.6317806244 distance_loss=1.45900940895
Iteration 77 of 100: loss=24.2762985229 object_loss=22.8171310425 distance_loss=1.45916724205
Iteration 78 of 100: loss=22.1473655701 object_loss=20.6881942749 distance_loss=1.45917034149
Iteration 79 of 100: loss=18.5172138214 object_loss=17.0579242706 distance_loss=1.45929038525
Iteration 80 of 100: loss=20.2830963135 object_loss=18.8236808777 distance_loss=1.459415555
Iteration 81 of 100: loss=20.356502533 object_loss=18.8969192505 distance_loss=1.45958328247
Iteration 82 of 100: loss=22.7539405823 object_loss=21.29429245 distance_loss=1.45964813232
Iteration 83 of 100: loss=24.2335186005 object_loss=22.7736415863 distance_loss=1.45987713337
Iteration 84 of 100: loss=27.3652858734 object_loss=25.9053077698 distance_loss=1.4599789381
Iteration 85 of 100: loss=27.6232357025 object_loss=26.1629104614 distance_loss=1.46032571793
Iteration 86 of 100: loss=27.2605781555 object_loss=25.8000545502 distance_loss=1.46052420139
Iteration 87 of 100: loss=28.3163356781 object_loss=26.8559341431 distance_loss=1.4604010582
Iteration 88 of 100: loss=28.1068725586 object_loss=26.6465187073 distance_loss=1.46035408974
Iteration 89 of 100: loss=26.7196502686 object_loss=25.2590808868 distance_loss=1.46056985855
Iteration 90 of 100: loss=24.674156189 object_loss=23.2133197784 distance_loss=1.46083593369
Iteration 91 of 100: loss=23.0976219177 object_loss=21.6365413666 distance_loss=1.46107959747
Iteration 92 of 100: loss=23.2057266235 object_loss=21.7447738647 distance_loss=1.46095252037
Iteration 93 of 100: loss=36.9927825928 object_loss=35.5315818787 distance_loss=1.46120250225
Iteration 94 of 100: loss=38.4072723389 object_loss=36.9458503723 distance_loss=1.4614200592
Iteration 95 of 100: loss=31.7911205292 object_loss=30.3295860291 distance_loss=1.46153438091
Iteration 96 of 100: loss=36.3147163391 object_loss=34.8533706665 distance_loss=1.46134400368
Iteration 97 of 100: loss=35.0689468384 object_loss=33.6075935364 distance_loss=1.4613546133
Iteration 98 of 100: loss=33.6644973755 object_loss=32.2030944824 distance_loss=1.46140134335
Iteration 99 of 100: loss=34.2027320862 object_loss=32.7413787842 distance_loss=1.46135425568
Iteration 0 of 100: loss=33.5658416748 object_loss=32.1044425964 distance_loss=1.46139919758
Iteration 1 of 100: loss=32.3366928101 object_loss=30.8754463196 distance_loss=1.46124732494
Iteration 2 of 100: loss=32.5755882263 object_loss=31.1143188477 distance_loss=1.46126937866
Iteration 3 of 100: loss=33.018119812 object_loss=31.5567455292 distance_loss=1.46137368679
Iteration 4 of 100: loss=33.9320602417 object_loss=32.4706611633 distance_loss=1.46140098572
Iteration 5 of 100: loss=32.6875457764 object_loss=31.2262248993 distance_loss=1.46132171154
Iteration 6 of 100: loss=35.3981819153 object_loss=33.9368095398 distance_loss=1.46137213707
Iteration 7 of 100: loss=35.0405845642 object_loss=33.5790290833 distance_loss=1.46155703068
Iteration 8 of 100: loss=35.370300293 object_loss=33.9087791443 distance_loss=1.46151983738
Iteration 9 of 100: loss=36.4531784058 object_loss=34.9912033081 distance_loss=1.46197474003
Iteration 10 of 100: loss=36.6158561707 object_loss=35.1535835266 distance_loss=1.46227157116
Iteration 11 of 100: loss=34.826499939 object_loss=33.3638458252 distance_loss=1.46265423298
Iteration 12 of 100: loss=34.4554977417 object_loss=32.9925880432 distance_loss=1.46291124821
Iteration 13 of 100: loss=36.0241355896 object_loss=34.560634613 distance_loss=1.4635014534
Iteration 14 of 100: loss=37.717590332 object_loss=36.2538566589 distance_loss=1.46373391151
Iteration 15 of 100: loss=39.8531570435 object_loss=38.3892593384 distance_loss=1.46389722824
Iteration 16 of 100: loss=39.9198379517 object_loss=38.4559249878 distance_loss=1.46391201019
Iteration 17 of 100: loss=38.1707572937 object_loss=36.7067298889 distance_loss=1.46402668953
Iteration 18 of 100: loss=37.4447631836 object_loss=35.9804801941 distance_loss=1.46428263187
Iteration 19 of 100: loss=37.9364280701 object_loss=36.4721412659 distance_loss=1.46428632736
Iteration 20 of 100: loss=36.619644165 object_loss=35.155632019 distance_loss=1.46401035786
Iteration 21 of 100: loss=34.5496101379 object_loss=33.0856132507 distance_loss=1.46399593353
Iteration 22 of 100: loss=36.262802124 object_loss=34.7988815308 distance_loss=1.46392154694
Iteration 23 of 100: loss=37.4547958374 object_loss=35.9905357361 distance_loss=1.46426057816
Iteration 24 of 100: loss=36.4114875793 object_loss=34.9467735291 distance_loss=1.46471440792
Iteration 25 of 100: loss=37.6991462708 object_loss=36.2340621948 distance_loss=1.46508288383
Iteration 26 of 100: loss=35.8481330872 object_loss=34.3827285767 distance_loss=1.46540343761
Iteration 27 of 100: loss=39.2847137451 object_loss=37.818939209 distance_loss=1.46577453613
Iteration 28 of 100: loss=35.1955184937 object_loss=33.7297096252 distance_loss=1.46580779552
Iteration 29 of 100: loss=39.5332145691 object_loss=38.0671958923 distance_loss=1.46601915359
Iteration 30 of 100: loss=33.7970809937 object_loss=32.3306083679 distance_loss=1.46647369862
Iteration 31 of 100: loss=34.9604225159 object_loss=33.4938964844 distance_loss=1.46652448177
Iteration 32 of 100: loss=35.8994941711 object_loss=34.4332962036 distance_loss=1.46619975567
Iteration 33 of 100: loss=35.9480552673 object_loss=34.4814758301 distance_loss=1.46657788754
Iteration 34 of 100: loss=37.7599945068 object_loss=36.292881012 distance_loss=1.46711337566
Iteration 35 of 100: loss=37.5358161926 object_loss=36.0682754517 distance_loss=1.46754109859
Iteration 36 of 100: loss=34.1701087952 object_loss=32.7022171021 distance_loss=1.46789097786
Iteration 37 of 100: loss=35.038143158 object_loss=33.5697898865 distance_loss=1.46835482121
Iteration 38 of 100: loss=40.0973358154 object_loss=38.6286849976 distance_loss=1.4686511755
Iteration 39 of 100: loss=30.6601638794 object_loss=29.1908359528 distance_loss=1.46932864189
Iteration 40 of 100: loss=34.0139884949 object_loss=32.5440292358 distance_loss=1.4699575901
Iteration 41 of 100: loss=34.2953948975 object_loss=32.8247528076 distance_loss=1.47064387798
Iteration 42 of 100: loss=34.901134491 object_loss=33.4298744202 distance_loss=1.4712587595
Iteration 43 of 100: loss=30.6919460297 object_loss=29.2200107574 distance_loss=1.47193551064
Iteration 44 of 100: loss=36.4932937622 object_loss=35.0208625793 distance_loss=1.47243225574
Iteration 45 of 100: loss=36.9117889404 object_loss=35.4388313293 distance_loss=1.47295641899
Iteration 46 of 100: loss=37.260269165 object_loss=35.7867736816 distance_loss=1.47349703312
Iteration 47 of 100: loss=38.434047699 object_loss=36.9599342346 distance_loss=1.47411239147
Iteration 48 of 100: loss=33.7949562073 object_loss=32.3202896118 distance_loss=1.47466659546
Iteration 49 of 100: loss=36.1870956421 object_loss=34.7117347717 distance_loss=1.47535991669
Iteration 50 of 100: loss=36.4036483765 object_loss=34.9278678894 distance_loss=1.47578179836
Iteration 51 of 100: loss=30.9692935944 object_loss=29.4931125641 distance_loss=1.47618067265
Iteration 52 of 100: loss=36.2324562073 object_loss=34.7561454773 distance_loss=1.47631180286
Iteration 53 of 100: loss=33.7810897827 object_loss=32.3045005798 distance_loss=1.4765894413
Iteration 54 of 100: loss=32.4726829529 object_loss=30.9956588745 distance_loss=1.47702467442
Iteration 55 of 100: loss=36.5811576843 object_loss=35.103843689 distance_loss=1.47731375694
Iteration 56 of 100: loss=35.2111167908 object_loss=33.7337837219 distance_loss=1.47733139992
Iteration 57 of 100: loss=36.4083976746 object_loss=34.9307975769 distance_loss=1.47759902477
Iteration 58 of 100: loss=37.7060432434 object_loss=36.2280845642 distance_loss=1.47795832157
Iteration 59 of 100: loss=35.5118789673 object_loss=34.0336341858 distance_loss=1.47824585438
Iteration 60 of 100: loss=38.3684310913 object_loss=36.8898925781 distance_loss=1.47853708267
Iteration 61 of 100: loss=37.9091529846 object_loss=36.4302558899 distance_loss=1.47889566422
Iteration 62 of 100: loss=38.0819969177 object_loss=36.6028404236 distance_loss=1.47915506363
Iteration 63 of 100: loss=36.2654075623 object_loss=34.7857170105 distance_loss=1.47969019413
Iteration 64 of 100: loss=35.4487075806 object_loss=33.9688415527 distance_loss=1.47986495495
Iteration 65 of 100: loss=41.0910606384 object_loss=39.6109199524 distance_loss=1.48014128208
Iteration 66 of 100: loss=37.4976959229 object_loss=36.0172805786 distance_loss=1.48041367531
Iteration 67 of 100: loss=35.5590705872 object_loss=34.078502655 distance_loss=1.48056709766
Iteration 68 of 100: loss=35.4346847534 object_loss=33.954574585 distance_loss=1.4801119566
Iteration 69 of 100: loss=33.6645584106 object_loss=32.1843986511 distance_loss=1.48016130924
Iteration 70 of 100: loss=26.8528404236 object_loss=25.3726119995 distance_loss=1.4802287817
Iteration 71 of 100: loss=22.3086242676 object_loss=20.8286247253 distance_loss=1.47999978065
Iteration 72 of 100: loss=28.7431221008 object_loss=27.2635822296 distance_loss=1.47954070568
Iteration 73 of 100: loss=30.961605072 object_loss=29.4821109772 distance_loss=1.4794948101
Iteration 74 of 100: loss=29.6035842896 object_loss=28.1243610382 distance_loss=1.47922325134
Iteration 75 of 100: loss=31.0924053192 object_loss=29.6133422852 distance_loss=1.47906255722
Iteration 76 of 100: loss=33.9287490845 object_loss=32.4500198364 distance_loss=1.47872889042
Iteration 77 of 100: loss=33.3053474426 object_loss=31.826675415 distance_loss=1.47867107391
Iteration 78 of 100: loss=31.853099823 object_loss=30.3743648529 distance_loss=1.47873568535
Iteration 79 of 100: loss=33.7771224976 object_loss=32.2980651855 distance_loss=1.4790571928
Iteration 80 of 100: loss=27.1150875092 object_loss=25.6360626221 distance_loss=1.47902417183
Iteration 81 of 100: loss=29.3808879852 object_loss=27.9017963409 distance_loss=1.47909128666
Iteration 82 of 100: loss=31.1355209351 object_loss=29.6563415527 distance_loss=1.47917926311
Iteration 83 of 100: loss=34.4706802368 object_loss=32.9916419983 distance_loss=1.47903692722
Iteration 84 of 100: loss=30.514787674 object_loss=29.0357341766 distance_loss=1.47905337811
Iteration 85 of 100: loss=32.4896812439 object_loss=31.0107460022 distance_loss=1.47893381119
Iteration 86 of 100: loss=34.3368988037 object_loss=32.8579597473 distance_loss=1.47893714905
Iteration 87 of 100: loss=35.5083351135 object_loss=34.0293731689 distance_loss=1.47896230221
Iteration 88 of 100: loss=25.6693744659 object_loss=24.1904792786 distance_loss=1.47889566422
Iteration 89 of 100: loss=24.3155918121 object_loss=22.8366184235 distance_loss=1.47897303104
Iteration 90 of 100: loss=30.7054767609 object_loss=29.2261486053 distance_loss=1.47932755947
Iteration 91 of 100: loss=29.0511455536 object_loss=27.5715503693 distance_loss=1.47959554195
Iteration 92 of 100: loss=31.705909729 object_loss=30.2267417908 distance_loss=1.47916841507
Iteration 93 of 100: loss=29.6471443176 object_loss=28.1676635742 distance_loss=1.4794806242
Iteration 94 of 100: loss=29.7722625732 object_loss=28.2925014496 distance_loss=1.47976183891
Iteration 95 of 100: loss=26.3919429779 object_loss=24.9118614197 distance_loss=1.48008239269
Iteration 96 of 100: loss=26.1701278687 object_loss=24.6903095245 distance_loss=1.47981905937
Iteration 97 of 100: loss=32.8864936829 object_loss=31.4064750671 distance_loss=1.48001742363
Iteration 98 of 100: loss=30.4779129028 object_loss=28.9978218079 distance_loss=1.48009121418
Iteration 99 of 100: loss=31.1545810699 object_loss=29.6739139557 distance_loss=1.48066794872
Iteration 0 of 100: loss=31.5347690582 object_loss=30.0536174774 distance_loss=1.48115122318
Iteration 1 of 100: loss=28.2456359863 object_loss=26.7641487122 distance_loss=1.48148798943
Iteration 2 of 100: loss=26.5818939209 object_loss=25.0997447968 distance_loss=1.48214936256
Iteration 3 of 100: loss=20.9244174957 object_loss=19.4417934418 distance_loss=1.48262405396
Iteration 4 of 100: loss=29.9803638458 object_loss=28.4976596832 distance_loss=1.48270440102
Iteration 5 of 100: loss=21.7251091003 object_loss=20.2422065735 distance_loss=1.48290276527
Iteration 6 of 100: loss=25.7340583801 object_loss=24.2511310577 distance_loss=1.48292684555
Iteration 7 of 100: loss=27.1891593933 object_loss=25.7063446045 distance_loss=1.48281550407
Iteration 8 of 100: loss=30.9208049774 object_loss=29.4380893707 distance_loss=1.48271524906
Iteration 9 of 100: loss=34.221206665 object_loss=32.7386741638 distance_loss=1.48253166676
Iteration 10 of 100: loss=31.4775314331 object_loss=29.9947128296 distance_loss=1.48281764984
Iteration 11 of 100: loss=28.6542434692 object_loss=27.1710472107 distance_loss=1.4831956625
Iteration 12 of 100: loss=30.9886112213 object_loss=29.5054016113 distance_loss=1.48320877552
Iteration 13 of 100: loss=27.3976593018 object_loss=25.9139957428 distance_loss=1.48366320133
Iteration 14 of 100: loss=29.7663707733 object_loss=28.2824058533 distance_loss=1.48396503925
Iteration 15 of 100: loss=31.3492469788 object_loss=29.8651409149 distance_loss=1.48410522938
Iteration 16 of 100: loss=32.0805168152 object_loss=30.596446991 distance_loss=1.48406994343
Iteration 17 of 100: loss=35.9419174194 object_loss=34.4575195312 distance_loss=1.4843993187
Iteration 18 of 100: loss=34.6397972107 object_loss=33.1553688049 distance_loss=1.48442804813
Iteration 19 of 100: loss=34.0003547668 object_loss=32.5158157349 distance_loss=1.48454010487
Iteration 20 of 100: loss=29.988910675 object_loss=28.5042572021 distance_loss=1.48465299606
Iteration 21 of 100: loss=19.0496044159 object_loss=17.5649528503 distance_loss=1.4846521616
Iteration 22 of 100: loss=21.8378047943 object_loss=20.353395462 distance_loss=1.48440861702
Iteration 23 of 100: loss=23.2240257263 object_loss=21.7398509979 distance_loss=1.48417437077
Iteration 24 of 100: loss=22.5521411896 object_loss=21.0680217743 distance_loss=1.4841196537
Iteration 25 of 100: loss=22.923833847 object_loss=21.4397029877 distance_loss=1.48413109779
Iteration 26 of 100: loss=24.7173347473 object_loss=23.2333221436 distance_loss=1.48401176929
Iteration 27 of 100: loss=24.4244823456 object_loss=22.9405727386 distance_loss=1.48390984535
Iteration 28 of 100: loss=25.6371002197 object_loss=24.1534442902 distance_loss=1.48365688324
Iteration 29 of 100: loss=25.9855270386 object_loss=24.5017528534 distance_loss=1.48377323151
Iteration 30 of 100: loss=25.3943939209 object_loss=23.9104652405 distance_loss=1.48392772675
Iteration 31 of 100: loss=28.2330608368 object_loss=26.7491855621 distance_loss=1.48387503624
Iteration 32 of 100: loss=27.9881477356 object_loss=26.504863739 distance_loss=1.48328459263
Iteration 33 of 100: loss=29.4732208252 object_loss=27.9899864197 distance_loss=1.4832341671
Iteration 34 of 100: loss=30.5593490601 object_loss=29.0763111115 distance_loss=1.48303759098
Iteration 35 of 100: loss=28.9657058716 object_loss=27.4828071594 distance_loss=1.48289847374
Iteration 36 of 100: loss=33.0413513184 object_loss=31.5587253571 distance_loss=1.48262512684
Iteration 37 of 100: loss=27.7299137115 object_loss=26.2473621368 distance_loss=1.48255097866
Iteration 38 of 100: loss=30.9122123718 object_loss=29.4294643402 distance_loss=1.48274755478
Iteration 39 of 100: loss=31.2947044373 object_loss=29.8117637634 distance_loss=1.48294067383
Iteration 40 of 100: loss=30.4635448456 object_loss=28.9806747437 distance_loss=1.48287022114
Iteration 41 of 100: loss=28.5890369415 object_loss=27.1062812805 distance_loss=1.48275494576
Iteration 42 of 100: loss=29.4048614502 object_loss=27.9218177795 distance_loss=1.48304378986
Iteration 43 of 100: loss=30.4041976929 object_loss=28.921081543 distance_loss=1.48311698437
Iteration 44 of 100: loss=26.236207962 object_loss=24.7530937195 distance_loss=1.48311448097
Iteration 45 of 100: loss=23.6421966553 object_loss=22.1591529846 distance_loss=1.48304331303
Iteration 46 of 100: loss=24.9017925262 object_loss=23.4188804626 distance_loss=1.48291242123
Iteration 47 of 100: loss=31.0496788025 object_loss=29.5668716431 distance_loss=1.48280775547
Iteration 48 of 100: loss=29.0961227417 object_loss=27.6136226654 distance_loss=1.4825001955
Iteration 49 of 100: loss=30.3407344818 object_loss=28.8582000732 distance_loss=1.48253381252
Iteration 50 of 100: loss=31.7632312775 object_loss=30.2805957794 distance_loss=1.48263561726
Iteration 51 of 100: loss=31.0801429749 object_loss=29.5972805023 distance_loss=1.48286175728
Iteration 52 of 100: loss=32.2466163635 object_loss=30.7641334534 distance_loss=1.48248243332
Iteration 53 of 100: loss=29.928647995 object_loss=28.4459514618 distance_loss=1.48269617558
Iteration 54 of 100: loss=27.7472858429 object_loss=26.2644290924 distance_loss=1.48285698891
Iteration 55 of 100: loss=29.3801803589 object_loss=27.8971920013 distance_loss=1.48298919201
Iteration 56 of 100: loss=30.6314086914 object_loss=29.1482048035 distance_loss=1.48320317268
Iteration 57 of 100: loss=30.635427475 object_loss=29.1523036957 distance_loss=1.48312366009
Iteration 58 of 100: loss=31.5250110626 object_loss=30.0418224335 distance_loss=1.48318779469
Iteration 59 of 100: loss=31.5587787628 object_loss=30.0753765106 distance_loss=1.4834022522
Iteration 60 of 100: loss=31.2891044617 object_loss=29.8053874969 distance_loss=1.4837179184
Iteration 61 of 100: loss=31.9447669983 object_loss=30.4608078003 distance_loss=1.48395943642
Iteration 62 of 100: loss=31.6836261749 object_loss=30.1993236542 distance_loss=1.48430263996
Iteration 63 of 100: loss=31.9160614014 object_loss=30.4314632416 distance_loss=1.48459756374
Iteration 64 of 100: loss=30.8781108856 object_loss=29.3934574127 distance_loss=1.48465335369
Iteration 65 of 100: loss=29.3538284302 object_loss=27.8690452576 distance_loss=1.48478281498
Iteration 66 of 100: loss=28.7925300598 object_loss=27.3076381683 distance_loss=1.48489260674
Iteration 67 of 100: loss=30.3416957855 object_loss=28.8567886353 distance_loss=1.48490691185
Iteration 68 of 100: loss=28.7253379822 object_loss=27.24036026 distance_loss=1.48497700691
Iteration 69 of 100: loss=28.7933216095 object_loss=27.3082180023 distance_loss=1.48510348797
Iteration 70 of 100: loss=29.9691829681 object_loss=28.4839477539 distance_loss=1.48523533344
Iteration 71 of 100: loss=30.600276947 object_loss=29.114818573 distance_loss=1.48545908928
Iteration 72 of 100: loss=31.0916042328 object_loss=29.6063079834 distance_loss=1.48529541492
Iteration 73 of 100: loss=32.576965332 object_loss=31.0913658142 distance_loss=1.48560011387
Iteration 74 of 100: loss=29.5529346466 object_loss=28.0671081543 distance_loss=1.48582708836
Iteration 75 of 100: loss=31.7636985779 object_loss=30.2776470184 distance_loss=1.48605072498
Iteration 76 of 100: loss=30.3079853058 object_loss=28.8223838806 distance_loss=1.48560118675
Iteration 77 of 100: loss=27.1328620911 object_loss=25.6473197937 distance_loss=1.4855414629
Iteration 78 of 100: loss=30.3673191071 object_loss=28.8817539215 distance_loss=1.48556482792
Iteration 79 of 100: loss=30.1996593475 object_loss=28.7140960693 distance_loss=1.48556339741
Iteration 80 of 100: loss=34.2720565796 object_loss=32.786655426 distance_loss=1.48540127277
Iteration 81 of 100: loss=33.3717041016 object_loss=31.8865127563 distance_loss=1.48519098759
Iteration 82 of 100: loss=28.4795322418 object_loss=26.9944820404 distance_loss=1.48504948616
Iteration 83 of 100: loss=28.2413825989 object_loss=26.7560348511 distance_loss=1.48534703255
Iteration 84 of 100: loss=32.361869812 object_loss=30.876203537 distance_loss=1.4856672287
Iteration 85 of 100: loss=30.9774398804 object_loss=29.491481781 distance_loss=1.48595798016
Iteration 86 of 100: loss=28.9714393616 object_loss=27.4852180481 distance_loss=1.48622059822
Iteration 87 of 100: loss=28.8445091248 object_loss=27.3581790924 distance_loss=1.48632979393
Iteration 88 of 100: loss=32.1379776001 object_loss=30.651807785 distance_loss=1.48617088795
Iteration 89 of 100: loss=30.0445747375 object_loss=28.558177948 distance_loss=1.48639643192
Iteration 90 of 100: loss=31.6159172058 object_loss=30.1292972565 distance_loss=1.48662078381
Iteration 91 of 100: loss=32.7857017517 object_loss=31.299030304 distance_loss=1.48667228222
Iteration 92 of 100: loss=30.2958774567 object_loss=28.8092765808 distance_loss=1.48660111427
Iteration 93 of 100: loss=29.8398208618 object_loss=28.3527965546 distance_loss=1.48702514172
Iteration 94 of 100: loss=31.8653316498 object_loss=30.3780536652 distance_loss=1.48727822304
Iteration 95 of 100: loss=29.8736801147 object_loss=28.3863258362 distance_loss=1.48735404015
Iteration 96 of 100: loss=31.1601848602 object_loss=29.6728420258 distance_loss=1.4873431921
Iteration 97 of 100: loss=30.4576225281 object_loss=28.9704589844 distance_loss=1.48716449738
Iteration 98 of 100: loss=29.6616191864 object_loss=28.1744117737 distance_loss=1.48720765114
Iteration 99 of 100: loss=29.7783241272 object_loss=28.2909317017 distance_loss=1.48739290237
Iteration 0 of 100: loss=29.952299118 object_loss=28.4647960663 distance_loss=1.48750269413
Iteration 1 of 100: loss=30.2225723267 object_loss=28.734910965 distance_loss=1.48766076565
Iteration 2 of 100: loss=33.2802085876 object_loss=31.7921295166 distance_loss=1.48807895184
Iteration 3 of 100: loss=28.0487098694 object_loss=26.5601902008 distance_loss=1.48851978779
Iteration 4 of 100: loss=32.4713134766 object_loss=30.9827194214 distance_loss=1.48859524727
Iteration 5 of 100: loss=32.6030006409 object_loss=31.1141929626 distance_loss=1.48880922794
Iteration 6 of 100: loss=31.3290157318 object_loss=29.8402023315 distance_loss=1.48881387711
Iteration 7 of 100: loss=31.3437194824 object_loss=29.8547744751 distance_loss=1.48894536495
Iteration 8 of 100: loss=31.5769577026 object_loss=30.0881271362 distance_loss=1.48882985115
Iteration 9 of 100: loss=31.9606990814 object_loss=30.4717082977 distance_loss=1.48899030685
Iteration 10 of 100: loss=29.893409729 object_loss=28.4041843414 distance_loss=1.48922502995
Iteration 11 of 100: loss=31.3231163025 object_loss=29.8337440491 distance_loss=1.48937225342
Iteration 12 of 100: loss=32.7259864807 object_loss=31.2369213104 distance_loss=1.48906362057
Iteration 13 of 100: loss=32.6819229126 object_loss=31.1925888062 distance_loss=1.48933565617
Iteration 14 of 100: loss=35.0131072998 object_loss=33.5234794617 distance_loss=1.48962676525
Iteration 15 of 100: loss=33.8502998352 object_loss=32.3605995178 distance_loss=1.48969960213
Iteration 16 of 100: loss=35.3004264832 object_loss=33.8108291626 distance_loss=1.48959553242
Iteration 17 of 100: loss=35.9844055176 object_loss=34.4947319031 distance_loss=1.48967278004
Iteration 18 of 100: loss=35.5791702271 object_loss=34.0896682739 distance_loss=1.48950362206
Iteration 19 of 100: loss=37.1407699585 object_loss=35.6511764526 distance_loss=1.48959386349
Iteration 20 of 100: loss=34.58436203 object_loss=33.094707489 distance_loss=1.4896556139
Iteration 21 of 100: loss=34.2184562683 object_loss=32.7292480469 distance_loss=1.48920881748
Iteration 22 of 100: loss=33.3561172485 object_loss=31.8669662476 distance_loss=1.48915207386
Iteration 23 of 100: loss=34.8380012512 object_loss=33.3487548828 distance_loss=1.48924720287
Iteration 24 of 100: loss=37.527305603 object_loss=36.0381698608 distance_loss=1.48913490772
Iteration 25 of 100: loss=35.6284370422 object_loss=34.1393432617 distance_loss=1.48909318447
Iteration 26 of 100: loss=36.978099823 object_loss=35.4890289307 distance_loss=1.48907017708
Iteration 27 of 100: loss=35.403175354 object_loss=33.9142303467 distance_loss=1.48894619942
Iteration 28 of 100: loss=34.8403244019 object_loss=33.3515625 distance_loss=1.48876309395
Iteration 29 of 100: loss=33.7025718689 object_loss=32.2139091492 distance_loss=1.48866355419
Iteration 30 of 100: loss=32.3360977173 object_loss=30.8474998474 distance_loss=1.48859703541
Iteration 31 of 100: loss=32.6041717529 object_loss=31.115486145 distance_loss=1.48868405819
Iteration 32 of 100: loss=31.7963352203 object_loss=30.3078937531 distance_loss=1.48844110966
Iteration 33 of 100: loss=32.1145629883 object_loss=30.6260089874 distance_loss=1.48855483532
Iteration 34 of 100: loss=33.4003105164 object_loss=31.9118766785 distance_loss=1.48843538761
Iteration 35 of 100: loss=33.3592681885 object_loss=31.8710250854 distance_loss=1.48824346066
Iteration 36 of 100: loss=31.8400325775 object_loss=30.351934433 distance_loss=1.48809862137
Iteration 37 of 100: loss=32.6144294739 object_loss=31.1263313293 distance_loss=1.48809790611
Iteration 38 of 100: loss=32.1890640259 object_loss=30.7011909485 distance_loss=1.48787331581
Iteration 39 of 100: loss=32.5969810486 object_loss=31.1091976166 distance_loss=1.48778355122
Iteration 40 of 100: loss=32.0738525391 object_loss=30.5860767365 distance_loss=1.48777759075
Iteration 41 of 100: loss=32.0608978271 object_loss=30.57305336 distance_loss=1.4878462553
Iteration 42 of 100: loss=31.910697937 object_loss=30.422832489 distance_loss=1.48786604404
Iteration 43 of 100: loss=32.2623977661 object_loss=30.7743759155 distance_loss=1.48802101612
Iteration 44 of 100: loss=28.3208122253 object_loss=26.8329200745 distance_loss=1.48789191246
Iteration 45 of 100: loss=25.1266860962 object_loss=23.6387863159 distance_loss=1.48789954185
Iteration 46 of 100: loss=31.9744510651 object_loss=30.4864673615 distance_loss=1.48798453808
Iteration 47 of 100: loss=25.2118988037 object_loss=23.7240447998 distance_loss=1.48785328865
Iteration 48 of 100: loss=25.8964271545 object_loss=24.4088935852 distance_loss=1.48753356934
Iteration 49 of 100: loss=24.1724700928 object_loss=22.6849193573 distance_loss=1.48754990101
Iteration 50 of 100: loss=22.3461074829 object_loss=20.8584251404 distance_loss=1.48768293858
Iteration 51 of 100: loss=22.1020774841 object_loss=20.6148071289 distance_loss=1.48727047443
Iteration 52 of 100: loss=29.5605201721 object_loss=28.0737361908 distance_loss=1.48678398132
Iteration 53 of 100: loss=29.7327632904 object_loss=28.2460861206 distance_loss=1.48667669296
Iteration 54 of 100: loss=29.558429718 object_loss=28.071472168 distance_loss=1.48695671558
Iteration 55 of 100: loss=24.431558609 object_loss=22.9447555542 distance_loss=1.48680269718
Iteration 56 of 100: loss=26.8861408234 object_loss=25.3998394012 distance_loss=1.48630106449
Iteration 57 of 100: loss=25.8795452118 object_loss=24.3934345245 distance_loss=1.486109972
Iteration 58 of 100: loss=28.6775741577 object_loss=27.1915340424 distance_loss=1.48603975773
Iteration 59 of 100: loss=28.6769523621 object_loss=27.1907291412 distance_loss=1.48622298241
Iteration 60 of 100: loss=30.5065116882 object_loss=29.0204849243 distance_loss=1.48602604866
Iteration 61 of 100: loss=33.3929176331 object_loss=31.9068908691 distance_loss=1.48602724075
Iteration 62 of 100: loss=28.2380638123 object_loss=26.7523384094 distance_loss=1.48572564125
Iteration 63 of 100: loss=25.7161636353 object_loss=24.2304515839 distance_loss=1.48571300507
Iteration 64 of 100: loss=26.0625247955 object_loss=24.5765228271 distance_loss=1.48600137234
Iteration 65 of 100: loss=26.7188339233 object_loss=25.2328453064 distance_loss=1.4859893322
Iteration 66 of 100: loss=24.7122001648 object_loss=23.2261924744 distance_loss=1.48600828648
Iteration 67 of 100: loss=30.6923027039 object_loss=29.2061958313 distance_loss=1.48610675335
Iteration 68 of 100: loss=31.472743988 object_loss=29.9865779877 distance_loss=1.48616564274
Iteration 69 of 100: loss=34.3502159119 object_loss=32.8639373779 distance_loss=1.48627769947
Iteration 70 of 100: loss=31.4658126831 object_loss=29.9793148041 distance_loss=1.48649728298
Iteration 71 of 100: loss=31.5859889984 object_loss=30.0989208221 distance_loss=1.48706865311
Iteration 72 of 100: loss=31.6865139008 object_loss=30.1994876862 distance_loss=1.48702692986
Iteration 73 of 100: loss=28.5113391876 object_loss=27.0238227844 distance_loss=1.48751568794
Iteration 74 of 100: loss=29.4839763641 object_loss=27.9962329865 distance_loss=1.48774266243
Iteration 75 of 100: loss=24.4590301514 object_loss=22.9711532593 distance_loss=1.48787772655
Iteration 76 of 100: loss=26.0875453949 object_loss=24.5994663239 distance_loss=1.48807823658
Iteration 77 of 100: loss=25.4080066681 object_loss=23.9197921753 distance_loss=1.48821461201
Iteration 78 of 100: loss=25.9413547516 object_loss=24.4529304504 distance_loss=1.48842406273
Iteration 79 of 100: loss=27.3718128204 object_loss=25.8830528259 distance_loss=1.48876035213
Iteration 80 of 100: loss=27.3748397827 object_loss=25.8859577179 distance_loss=1.48888158798
Iteration 81 of 100: loss=27.2813472748 object_loss=25.7924404144 distance_loss=1.48890697956
Iteration 82 of 100: loss=27.4609489441 object_loss=25.9715824127 distance_loss=1.4893655777
Iteration 83 of 100: loss=26.4365539551 object_loss=24.9467830658 distance_loss=1.48977041245
Iteration 84 of 100: loss=26.2532920837 object_loss=24.7634429932 distance_loss=1.48984849453
Iteration 85 of 100: loss=27.4352302551 object_loss=25.9451751709 distance_loss=1.49005436897
Iteration 86 of 100: loss=27.6808300018 object_loss=26.1905670166 distance_loss=1.49026370049
Iteration 87 of 100: loss=27.6619110107 object_loss=26.1712188721 distance_loss=1.49069285393
Iteration 88 of 100: loss=27.7793884277 object_loss=26.288433075 distance_loss=1.49095618725
Iteration 89 of 100: loss=28.1432418823 object_loss=26.6519546509 distance_loss=1.49128735065
Iteration 90 of 100: loss=26.3673667908 object_loss=24.8759403229 distance_loss=1.49142587185
Iteration 91 of 100: loss=26.5265216827 object_loss=25.0349445343 distance_loss=1.4915766716
Iteration 92 of 100: loss=26.8106098175 object_loss=25.3190021515 distance_loss=1.49160766602
Iteration 93 of 100: loss=26.7600021362 object_loss=25.2679920197 distance_loss=1.4920091629
Iteration 94 of 100: loss=27.314207077 object_loss=25.8220825195 distance_loss=1.4921246767
Iteration 95 of 100: loss=25.533416748 object_loss=24.0410728455 distance_loss=1.49234330654
Iteration 96 of 100: loss=23.963727951 object_loss=22.4713172913 distance_loss=1.49241042137
Iteration 97 of 100: loss=26.0252437592 object_loss=24.5324859619 distance_loss=1.49275863171
Iteration 98 of 100: loss=28.7453269958 object_loss=27.2522621155 distance_loss=1.49306583405
Iteration 99 of 100: loss=31.0534706116 object_loss=29.5602169037 distance_loss=1.49325442314
Iteration 0 of 100: loss=29.5142822266 object_loss=28.0208091736 distance_loss=1.49347305298
Iteration 1 of 100: loss=28.355512619 object_loss=26.8619022369 distance_loss=1.4936106205
Iteration 2 of 100: loss=28.106004715 object_loss=26.612575531 distance_loss=1.49342870712
Iteration 3 of 100: loss=26.4703578949 object_loss=24.9768390656 distance_loss=1.49351942539
Iteration 4 of 100: loss=27.1047439575 object_loss=25.6109638214 distance_loss=1.49378049374
Iteration 5 of 100: loss=20.6917247772 object_loss=19.1979694366 distance_loss=1.49375593662
Iteration 6 of 100: loss=24.078453064 object_loss=22.5843772888 distance_loss=1.49407553673
Iteration 7 of 100: loss=25.5989952087 object_loss=24.1045532227 distance_loss=1.49444293976
Iteration 8 of 100: loss=23.8999881744 object_loss=22.405620575 distance_loss=1.49436700344
Iteration 9 of 100: loss=27.0819530487 object_loss=25.5872917175 distance_loss=1.49466192722
Iteration 10 of 100: loss=24.7901687622 object_loss=23.2952651978 distance_loss=1.49490320683
Iteration 11 of 100: loss=25.5573368073 object_loss=24.0626106262 distance_loss=1.49472534657
Iteration 12 of 100: loss=24.910741806 object_loss=23.4162902832 distance_loss=1.49445223808
Iteration 13 of 100: loss=28.704000473 object_loss=27.2089920044 distance_loss=1.49500930309
Iteration 14 of 100: loss=28.259771347 object_loss=26.7644710541 distance_loss=1.4953006506
Iteration 15 of 100: loss=29.3985481262 object_loss=27.9028205872 distance_loss=1.49572741985
Iteration 16 of 100: loss=28.6614665985 object_loss=27.1659908295 distance_loss=1.49547636509
Iteration 17 of 100: loss=22.7895088196 object_loss=21.2941970825 distance_loss=1.4953110218
Iteration 18 of 100: loss=23.7621135712 object_loss=22.2667312622 distance_loss=1.49538218975
Iteration 19 of 100: loss=22.9702453613 object_loss=21.4750213623 distance_loss=1.49522328377
Iteration 20 of 100: loss=25.2771549225 object_loss=23.782289505 distance_loss=1.49486482143
Iteration 21 of 100: loss=28.0102462769 object_loss=26.5152950287 distance_loss=1.49495124817
Iteration 22 of 100: loss=27.6598796844 object_loss=26.1648006439 distance_loss=1.49507927895
Iteration 23 of 100: loss=27.518529892 object_loss=26.0235290527 distance_loss=1.49500095844
Iteration 24 of 100: loss=28.7202167511 object_loss=27.2252616882 distance_loss=1.49495589733
Iteration 25 of 100: loss=25.3870067596 object_loss=23.8919143677 distance_loss=1.49509215355
Iteration 26 of 100: loss=26.1127853394 object_loss=24.6175193787 distance_loss=1.49526631832
Iteration 27 of 100: loss=27.5652160645 object_loss=26.0697937012 distance_loss=1.49542164803
Iteration 28 of 100: loss=26.202589035 object_loss=24.7072067261 distance_loss=1.49538266659
Iteration 29 of 100: loss=26.1172218323 object_loss=24.6215648651 distance_loss=1.49565792084
Iteration 30 of 100: loss=30.5746383667 object_loss=29.0785942078 distance_loss=1.49604380131
Iteration 31 of 100: loss=30.5228862762 object_loss=29.0265331268 distance_loss=1.49635231495
Iteration 32 of 100: loss=30.6430530548 object_loss=29.1467208862 distance_loss=1.49633216858
Iteration 33 of 100: loss=26.0070323944 object_loss=24.5102386475 distance_loss=1.49679458141
Iteration 34 of 100: loss=27.7989673615 object_loss=26.3019256592 distance_loss=1.49704110622
Iteration 35 of 100: loss=29.175239563 object_loss=27.6778354645 distance_loss=1.49740338326
Iteration 36 of 100: loss=29.9412136078 object_loss=28.4435424805 distance_loss=1.49767065048
Iteration 37 of 100: loss=26.7673892975 object_loss=25.2692337036 distance_loss=1.49815511703
Iteration 38 of 100: loss=27.1233291626 object_loss=25.6246566772 distance_loss=1.49867165089
Iteration 39 of 100: loss=25.4023857117 object_loss=23.9032039642 distance_loss=1.49918246269
Iteration 40 of 100: loss=22.0720691681 object_loss=20.5721817017 distance_loss=1.49988746643
Iteration 41 of 100: loss=24.3628559113 object_loss=22.8626327515 distance_loss=1.50022351742
Iteration 42 of 100: loss=24.6506938934 object_loss=23.1501216888 distance_loss=1.50057148933
Iteration 43 of 100: loss=23.1784591675 object_loss=21.6774482727 distance_loss=1.50101101398
Iteration 44 of 100: loss=24.8755588531 object_loss=23.3743095398 distance_loss=1.50124955177
Iteration 45 of 100: loss=24.0170688629 object_loss=22.5155239105 distance_loss=1.50154554844
Iteration 46 of 100: loss=25.1874485016 object_loss=23.6857128143 distance_loss=1.50173568726
Iteration 47 of 100: loss=28.075750351 object_loss=26.573682785 distance_loss=1.50206685066
Iteration 48 of 100: loss=29.1277046204 object_loss=27.6251964569 distance_loss=1.50250792503
Iteration 49 of 100: loss=28.2726020813 object_loss=26.7693710327 distance_loss=1.50323152542
Iteration 50 of 100: loss=25.9943637848 object_loss=24.490447998 distance_loss=1.50391626358
Iteration 51 of 100: loss=26.2952041626 object_loss=24.7903690338 distance_loss=1.50483417511
Iteration 52 of 100: loss=30.8194408417 object_loss=29.3141384125 distance_loss=1.50530183315
Iteration 53 of 100: loss=30.1034355164 object_loss=28.5974674225 distance_loss=1.5059671402
Iteration 54 of 100: loss=27.554227829 object_loss=26.0475559235 distance_loss=1.50667262077
Iteration 55 of 100: loss=26.9998931885 object_loss=25.4929428101 distance_loss=1.50695037842
Iteration 56 of 100: loss=29.464548111 object_loss=27.9576740265 distance_loss=1.50687491894
Iteration 57 of 100: loss=27.1924533844 object_loss=25.6854534149 distance_loss=1.50700080395
Iteration 58 of 100: loss=27.2347660065 object_loss=25.7275619507 distance_loss=1.50720465183
Iteration 59 of 100: loss=30.2490196228 object_loss=28.7414588928 distance_loss=1.50756132603
Iteration 60 of 100: loss=29.4872436523 object_loss=27.9792823792 distance_loss=1.50796163082
Iteration 61 of 100: loss=27.5852203369 object_loss=26.0771560669 distance_loss=1.50806331635
Iteration 62 of 100: loss=31.1316051483 object_loss=29.6234397888 distance_loss=1.50816524029
Iteration 63 of 100: loss=31.1201972961 object_loss=29.6117153168 distance_loss=1.50848174095
Iteration 64 of 100: loss=30.5617923737 object_loss=29.0530548096 distance_loss=1.50873827934
Iteration 65 of 100: loss=28.9501209259 object_loss=27.4412441254 distance_loss=1.508877635
Iteration 66 of 100: loss=26.9798164368 object_loss=25.4705543518 distance_loss=1.50926291943
Iteration 67 of 100: loss=24.6337242126 object_loss=23.1240768433 distance_loss=1.50964713097
Iteration 68 of 100: loss=23.2810935974 object_loss=21.771238327 distance_loss=1.50985598564
Iteration 69 of 100: loss=24.0862102509 object_loss=22.5759563446 distance_loss=1.51025319099
Iteration 70 of 100: loss=25.535982132 object_loss=24.0255355835 distance_loss=1.510445714
Iteration 71 of 100: loss=23.6873931885 object_loss=22.1769161224 distance_loss=1.51047730446
Iteration 72 of 100: loss=26.025976181 object_loss=24.5157222748 distance_loss=1.5102545023
Iteration 73 of 100: loss=26.8696784973 object_loss=25.3592300415 distance_loss=1.51044881344
Iteration 74 of 100: loss=25.1970214844 object_loss=23.6864547729 distance_loss=1.51056706905
Iteration 75 of 100: loss=22.0901012421 object_loss=20.5794391632 distance_loss=1.5106626749
Iteration 76 of 100: loss=25.2867107391 object_loss=23.7761592865 distance_loss=1.51055085659
Iteration 77 of 100: loss=22.5934123993 object_loss=21.0829772949 distance_loss=1.51043474674
Iteration 78 of 100: loss=22.2794303894 object_loss=20.769115448 distance_loss=1.51031422615
Iteration 79 of 100: loss=22.9003753662 object_loss=21.3900566101 distance_loss=1.51031863689
Iteration 80 of 100: loss=26.760017395 object_loss=25.249835968 distance_loss=1.51018047333
Iteration 81 of 100: loss=26.9076366425 object_loss=25.3974437714 distance_loss=1.51019239426
Iteration 82 of 100: loss=27.0705623627 object_loss=25.5602264404 distance_loss=1.51033616066
Iteration 83 of 100: loss=27.382440567 object_loss=25.8722572327 distance_loss=1.51018321514
Iteration 84 of 100: loss=25.9873924255 object_loss=24.4774665833 distance_loss=1.50992572308
Iteration 85 of 100: loss=27.987071991 object_loss=26.477268219 distance_loss=1.50980317593
Iteration 86 of 100: loss=26.9712772369 object_loss=25.4617385864 distance_loss=1.50953865051
Iteration 87 of 100: loss=26.56092453 object_loss=25.051486969 distance_loss=1.50943851471
Iteration 88 of 100: loss=27.5557785034 object_loss=26.0466365814 distance_loss=1.50914132595
Iteration 89 of 100: loss=27.2418785095 object_loss=25.7328796387 distance_loss=1.50899791718
Iteration 90 of 100: loss=26.9883079529 object_loss=25.4792938232 distance_loss=1.5090149641
Iteration 91 of 100: loss=27.8762969971 object_loss=26.3674640656 distance_loss=1.50883209705
Iteration 92 of 100: loss=26.9074687958 object_loss=25.3991203308 distance_loss=1.50834810734
Iteration 93 of 100: loss=26.32995224 object_loss=24.8215179443 distance_loss=1.50843524933
Iteration 94 of 100: loss=25.7266941071 object_loss=24.2181015015 distance_loss=1.50859236717
Iteration 95 of 100: loss=22.6215305328 object_loss=21.1132221222 distance_loss=1.50830888748
Iteration 96 of 100: loss=21.5917396545 object_loss=20.0837230682 distance_loss=1.50801742077
Iteration 97 of 100: loss=22.7916564941 object_loss=21.2838840485 distance_loss=1.50777244568
Iteration 98 of 100: loss=21.5276432037 object_loss=20.0198745728 distance_loss=1.5077688694
Iteration 99 of 100: loss=22.7975749969 object_loss=21.289522171 distance_loss=1.5080524683
Iteration 0 of 100: loss=24.2656974792 object_loss=22.75756073 distance_loss=1.50813651085
Iteration 1 of 100: loss=27.5789241791 object_loss=26.0708885193 distance_loss=1.50803494453
Iteration 2 of 100: loss=25.6336307526 object_loss=24.1254615784 distance_loss=1.50816988945
Iteration 3 of 100: loss=21.547208786 object_loss=20.0385417938 distance_loss=1.50866615772
Iteration 4 of 100: loss=27.7091026306 object_loss=26.2001228333 distance_loss=1.50897991657
Iteration 5 of 100: loss=23.0455684662 object_loss=21.5359764099 distance_loss=1.50959229469
Iteration 6 of 100: loss=21.8055496216 object_loss=20.295627594 distance_loss=1.50992178917
Iteration 7 of 100: loss=19.6152324677 object_loss=18.1050643921 distance_loss=1.51016819477
Iteration 8 of 100: loss=19.8362751007 object_loss=18.3257331848 distance_loss=1.51054215431
Iteration 9 of 100: loss=20.1833000183 object_loss=18.6722736359 distance_loss=1.51102721691
Iteration 10 of 100: loss=21.6909885406 object_loss=20.1795482635 distance_loss=1.51144099236
Iteration 11 of 100: loss=20.2915496826 object_loss=18.7796955109 distance_loss=1.51185357571
Iteration 12 of 100: loss=22.817155838 object_loss=21.3052387238 distance_loss=1.511916399
Iteration 13 of 100: loss=23.154964447 object_loss=21.6426353455 distance_loss=1.5123282671
Iteration 14 of 100: loss=23.6000232697 object_loss=22.0873184204 distance_loss=1.51270544529
Iteration 15 of 100: loss=22.8361282349 object_loss=21.3231391907 distance_loss=1.51298975945
Iteration 16 of 100: loss=22.9278736115 object_loss=21.4148082733 distance_loss=1.5130648613
Iteration 17 of 100: loss=23.9918937683 object_loss=22.4785842896 distance_loss=1.51330935955
Iteration 18 of 100: loss=23.7294692993 object_loss=22.2160568237 distance_loss=1.51341152191
Iteration 19 of 100: loss=22.0651531219 object_loss=20.5515003204 distance_loss=1.51365327835
Iteration 20 of 100: loss=19.0336971283 object_loss=17.5198726654 distance_loss=1.51382517815
Iteration 21 of 100: loss=21.3210754395 object_loss=19.8071956635 distance_loss=1.51388037205
Iteration 22 of 100: loss=21.2895393372 object_loss=19.7756347656 distance_loss=1.5139040947
Iteration 23 of 100: loss=15.8343296051 object_loss=14.3202867508 distance_loss=1.51404333115
Iteration 24 of 100: loss=20.5755081177 object_loss=19.0615386963 distance_loss=1.51396882534
Iteration 25 of 100: loss=19.0053844452 object_loss=17.4913635254 distance_loss=1.51402056217
Iteration 26 of 100: loss=18.2187290192 object_loss=16.7041492462 distance_loss=1.51458001137
Iteration 27 of 100: loss=24.2963504791 object_loss=22.7813835144 distance_loss=1.51496744156
Iteration 28 of 100: loss=30.4692134857 object_loss=28.9542980194 distance_loss=1.51491510868
Iteration 29 of 100: loss=34.6861495972 object_loss=33.1709747314 distance_loss=1.51517570019
Iteration 30 of 100: loss=25.3360366821 object_loss=23.8205471039 distance_loss=1.51548862457
Iteration 31 of 100: loss=30.3856201172 object_loss=28.8699150085 distance_loss=1.51570498943
Iteration 32 of 100: loss=30.1694793701 object_loss=28.6536922455 distance_loss=1.51578736305
Iteration 33 of 100: loss=28.2322845459 object_loss=26.7161312103 distance_loss=1.5161523819
Iteration 34 of 100: loss=28.7090625763 object_loss=27.1927833557 distance_loss=1.51627874374
Iteration 35 of 100: loss=26.8220443726 object_loss=25.3057823181 distance_loss=1.5162627697
Iteration 36 of 100: loss=26.8214378357 object_loss=25.3052635193 distance_loss=1.51617467403
Iteration 37 of 100: loss=27.1223468781 object_loss=25.6061763763 distance_loss=1.51617133617
Iteration 38 of 100: loss=26.0362815857 object_loss=24.5200271606 distance_loss=1.51625370979
Iteration 39 of 100: loss=26.2737903595 object_loss=24.7572937012 distance_loss=1.51649641991
Iteration 40 of 100: loss=29.4635257721 object_loss=27.947019577 distance_loss=1.51650702953
Iteration 41 of 100: loss=32.8486366272 object_loss=31.3318653107 distance_loss=1.51677250862
Iteration 42 of 100: loss=31.3123416901 object_loss=29.7953720093 distance_loss=1.5169698
Iteration 43 of 100: loss=30.2765426636 object_loss=28.759223938 distance_loss=1.517318964
Iteration 44 of 100: loss=30.8815288544 object_loss=29.3639564514 distance_loss=1.51757311821
Iteration 45 of 100: loss=33.0422973633 object_loss=31.5247135162 distance_loss=1.51758539677
Iteration 46 of 100: loss=30.802532196 object_loss=29.2848358154 distance_loss=1.51769602299
Iteration 47 of 100: loss=27.3528194427 object_loss=25.8350334167 distance_loss=1.51778650284
Iteration 48 of 100: loss=30.7535457611 object_loss=29.2357254028 distance_loss=1.51782035828
Iteration 49 of 100: loss=30.9844837189 object_loss=29.4666233063 distance_loss=1.51786077023
Iteration 50 of 100: loss=31.6392364502 object_loss=30.1210651398 distance_loss=1.51817119122
Iteration 51 of 100: loss=30.8757514954 object_loss=29.3574333191 distance_loss=1.51831829548
Iteration 52 of 100: loss=31.7003612518 object_loss=30.1825771332 distance_loss=1.51778495312
Iteration 53 of 100: loss=29.5514602661 object_loss=28.0334968567 distance_loss=1.51796257496
Iteration 54 of 100: loss=30.1352176666 object_loss=28.6169700623 distance_loss=1.51824760437
Iteration 55 of 100: loss=28.8838195801 object_loss=27.3655643463 distance_loss=1.51825475693
Iteration 56 of 100: loss=25.743516922 object_loss=24.2255268097 distance_loss=1.51798963547
Iteration 57 of 100: loss=24.4031124115 object_loss=22.8850326538 distance_loss=1.51807904243
Iteration 58 of 100: loss=25.2140045166 object_loss=23.6960639954 distance_loss=1.51794064045
Iteration 59 of 100: loss=24.8581809998 object_loss=23.3401508331 distance_loss=1.51803076267
Iteration 60 of 100: loss=26.3585796356 object_loss=24.8405151367 distance_loss=1.51806366444
Iteration 61 of 100: loss=23.9412555695 object_loss=22.42329216 distance_loss=1.51796388626
Iteration 62 of 100: loss=26.9361801147 object_loss=25.4182281494 distance_loss=1.51795256138
Iteration 63 of 100: loss=25.5747528076 object_loss=24.0568180084 distance_loss=1.51793420315
Iteration 64 of 100: loss=26.0307674408 object_loss=24.5130882263 distance_loss=1.51767921448
Iteration 65 of 100: loss=27.1105175018 object_loss=25.5928459167 distance_loss=1.51767146587
Iteration 66 of 100: loss=28.601524353 object_loss=27.0839347839 distance_loss=1.51759004593
Iteration 67 of 100: loss=31.207616806 object_loss=29.6901702881 distance_loss=1.51744651794
Iteration 68 of 100: loss=32.0656318665 object_loss=30.5482788086 distance_loss=1.51735210419
Iteration 69 of 100: loss=32.4922103882 object_loss=30.9746074677 distance_loss=1.51760482788
Iteration 70 of 100: loss=30.8796100616 object_loss=29.3620185852 distance_loss=1.51759076118
Iteration 71 of 100: loss=30.7819404602 object_loss=29.2643108368 distance_loss=1.51763033867
Iteration 72 of 100: loss=30.2506599426 object_loss=28.7331142426 distance_loss=1.51754498482
Iteration 73 of 100: loss=29.0358257294 object_loss=27.5181903839 distance_loss=1.51763558388
Iteration 74 of 100: loss=27.4619789124 object_loss=25.9442749023 distance_loss=1.51770460606
Iteration 75 of 100: loss=26.8779067993 object_loss=25.3602828979 distance_loss=1.5176230669
Iteration 76 of 100: loss=27.6592979431 object_loss=26.1416969299 distance_loss=1.51760041714
Iteration 77 of 100: loss=28.6608982086 object_loss=27.1430530548 distance_loss=1.51784527302
Iteration 78 of 100: loss=28.7141799927 object_loss=27.1961364746 distance_loss=1.51804435253
Iteration 79 of 100: loss=28.5741825104 object_loss=27.0559444427 distance_loss=1.51823818684
Iteration 80 of 100: loss=27.1581478119 object_loss=25.639465332 distance_loss=1.51868283749
Iteration 81 of 100: loss=27.2291965485 object_loss=25.7102794647 distance_loss=1.518917799
Iteration 82 of 100: loss=26.5103721619 object_loss=24.99127388 distance_loss=1.51909899712
Iteration 83 of 100: loss=23.6607017517 object_loss=22.1412067413 distance_loss=1.51949548721
Iteration 84 of 100: loss=24.2893180847 object_loss=22.7696056366 distance_loss=1.51971209049
Iteration 85 of 100: loss=24.3367404938 object_loss=22.8169193268 distance_loss=1.51982200146
Iteration 86 of 100: loss=28.7311630249 object_loss=27.2111625671 distance_loss=1.52000010014
Iteration 87 of 100: loss=30.1195430756 object_loss=28.5994129181 distance_loss=1.52012944221
Iteration 88 of 100: loss=30.1792697906 object_loss=28.6591281891 distance_loss=1.52014231682
Iteration 89 of 100: loss=29.4354858398 object_loss=27.915014267 distance_loss=1.52047133446
Iteration 90 of 100: loss=29.1226348877 object_loss=27.6020107269 distance_loss=1.52062392235
Iteration 91 of 100: loss=25.8112754822 object_loss=24.2904853821 distance_loss=1.52079093456
Iteration 92 of 100: loss=26.7584953308 object_loss=25.2381458282 distance_loss=1.52034854889
Iteration 93 of 100: loss=29.6494731903 object_loss=28.1292152405 distance_loss=1.52025806904
Iteration 94 of 100: loss=28.4041423798 object_loss=26.8840103149 distance_loss=1.52013278008
Iteration 95 of 100: loss=29.119134903 object_loss=27.5990352631 distance_loss=1.52009904385
Iteration 96 of 100: loss=28.3145389557 object_loss=26.7948265076 distance_loss=1.51971197128
Iteration 97 of 100: loss=30.5671806335 object_loss=29.0476303101 distance_loss=1.51954960823
Iteration 98 of 100: loss=30.8492736816 object_loss=29.3297080994 distance_loss=1.51956486702
Iteration 99 of 100: loss=28.352437973 object_loss=26.8329563141 distance_loss=1.51948142052
Iteration 0 of 100: loss=33.7281455994 object_loss=32.2090301514 distance_loss=1.51911437511
Iteration 1 of 100: loss=34.0314254761 object_loss=32.5125274658 distance_loss=1.51889610291
Iteration 2 of 100: loss=34.7681655884 object_loss=33.2492904663 distance_loss=1.51887333393
Iteration 3 of 100: loss=34.1408004761 object_loss=32.6221389771 distance_loss=1.51866304874
Iteration 4 of 100: loss=31.1880912781 object_loss=29.6697120667 distance_loss=1.51837873459
Iteration 5 of 100: loss=31.0437965393 object_loss=29.5257644653 distance_loss=1.51803183556
Iteration 6 of 100: loss=30.677570343 object_loss=29.1595249176 distance_loss=1.51804637909
Iteration 7 of 100: loss=36.9328613281 object_loss=35.4149208069 distance_loss=1.51793980598
Iteration 8 of 100: loss=37.6940765381 object_loss=36.1764526367 distance_loss=1.51762247086
Iteration 9 of 100: loss=30.7324314117 object_loss=29.2149391174 distance_loss=1.51749300957
Iteration 10 of 100: loss=35.2814826965 object_loss=33.7639198303 distance_loss=1.51756191254
Iteration 11 of 100: loss=36.7155685425 object_loss=35.1979217529 distance_loss=1.51764678955
Iteration 12 of 100: loss=36.5965461731 object_loss=35.0794715881 distance_loss=1.51707446575
Iteration 13 of 100: loss=35.8019790649 object_loss=34.2847137451 distance_loss=1.51726520061
Iteration 14 of 100: loss=34.3412017822 object_loss=32.8240280151 distance_loss=1.5171751976
Iteration 15 of 100: loss=34.2660903931 object_loss=32.748966217 distance_loss=1.5171226263
Iteration 16 of 100: loss=31.3088111877 object_loss=29.7919864655 distance_loss=1.51682448387
Iteration 17 of 100: loss=32.2775650024 object_loss=30.7608222961 distance_loss=1.51674413681
Iteration 18 of 100: loss=35.0968513489 object_loss=33.5803794861 distance_loss=1.516471982
Iteration 19 of 100: loss=27.0874481201 object_loss=25.5710144043 distance_loss=1.51643466949
Iteration 20 of 100: loss=23.6958656311 object_loss=22.1791114807 distance_loss=1.51675403118
Iteration 21 of 100: loss=27.4765052795 object_loss=25.9596195221 distance_loss=1.51688480377
Iteration 22 of 100: loss=30.4597187042 object_loss=28.942565918 distance_loss=1.5171533823
Iteration 23 of 100: loss=30.3397407532 object_loss=28.8222827911 distance_loss=1.51745724678
Iteration 24 of 100: loss=23.3462581635 object_loss=21.8287963867 distance_loss=1.51746094227
Iteration 25 of 100: loss=22.7918777466 object_loss=21.274471283 distance_loss=1.51740598679
Iteration 26 of 100: loss=25.1340274811 object_loss=23.61652565 distance_loss=1.51750099659
Iteration 27 of 100: loss=25.7037086487 object_loss=24.1861305237 distance_loss=1.51757907867
Iteration 28 of 100: loss=29.2036247253 object_loss=27.6860332489 distance_loss=1.51759243011
Iteration 29 of 100: loss=29.3820343018 object_loss=27.8642559052 distance_loss=1.51777768135
Iteration 30 of 100: loss=32.6675796509 object_loss=31.1495857239 distance_loss=1.51799237728
Iteration 31 of 100: loss=33.67918396 object_loss=32.1612091064 distance_loss=1.5179759264
Iteration 32 of 100: loss=32.1083602905 object_loss=30.5907707214 distance_loss=1.51758790016
Iteration 33 of 100: loss=33.0237197876 object_loss=31.5061721802 distance_loss=1.51754915714
Iteration 34 of 100: loss=36.2821121216 object_loss=34.7644233704 distance_loss=1.51768791676
Iteration 35 of 100: loss=32.6985969543 object_loss=31.1808681488 distance_loss=1.51772892475
Iteration 36 of 100: loss=30.2434978485 object_loss=28.7259750366 distance_loss=1.51752233505
Iteration 37 of 100: loss=34.0101585388 object_loss=32.492603302 distance_loss=1.5175549984
Iteration 38 of 100: loss=39.185585022 object_loss=37.6678657532 distance_loss=1.51771962643
Iteration 39 of 100: loss=39.1619377136 object_loss=37.64402771 distance_loss=1.51790845394
Iteration 40 of 100: loss=38.0236778259 object_loss=36.5052604675 distance_loss=1.51841711998
Iteration 41 of 100: loss=37.5209579468 object_loss=36.0020484924 distance_loss=1.51890838146
Iteration 42 of 100: loss=34.7340393066 object_loss=33.2147903442 distance_loss=1.51925051212
Iteration 43 of 100: loss=36.2935600281 object_loss=34.7737579346 distance_loss=1.51980209351
Iteration 44 of 100: loss=37.2864189148 object_loss=35.7661132812 distance_loss=1.5203050375
Iteration 45 of 100: loss=33.5363807678 object_loss=32.015499115 distance_loss=1.52088153362
Iteration 46 of 100: loss=32.4877166748 object_loss=30.9665145874 distance_loss=1.52120161057
Iteration 47 of 100: loss=31.6187171936 object_loss=30.0971355438 distance_loss=1.52158212662
Iteration 48 of 100: loss=29.5720901489 object_loss=28.0505237579 distance_loss=1.52156710625
Iteration 49 of 100: loss=27.294046402 object_loss=25.7720031738 distance_loss=1.52204406261
Iteration 50 of 100: loss=33.1353492737 object_loss=31.6128997803 distance_loss=1.5224480629
Iteration 51 of 100: loss=36.6426887512 object_loss=35.1200942993 distance_loss=1.52259540558
Iteration 52 of 100: loss=31.6018714905 object_loss=30.0791435242 distance_loss=1.52272856236
Iteration 53 of 100: loss=34.9960861206 object_loss=33.4728088379 distance_loss=1.52327537537
Iteration 54 of 100: loss=32.2122993469 object_loss=30.6889305115 distance_loss=1.52336871624
Iteration 55 of 100: loss=36.0008926392 object_loss=34.4773788452 distance_loss=1.52351391315
Iteration 56 of 100: loss=38.8843688965 object_loss=37.3605690002 distance_loss=1.52379906178
Iteration 57 of 100: loss=37.5525398254 object_loss=36.0283851624 distance_loss=1.52415406704
Iteration 58 of 100: loss=34.9965858459 object_loss=33.4718475342 distance_loss=1.52473938465
Iteration 59 of 100: loss=32.9399032593 object_loss=31.4147777557 distance_loss=1.52512562275
Iteration 60 of 100: loss=34.9669380188 object_loss=33.4418640137 distance_loss=1.52507281303
Iteration 61 of 100: loss=33.2340393066 object_loss=31.7086029053 distance_loss=1.52543759346
Iteration 62 of 100: loss=30.1293907166 object_loss=28.6031970978 distance_loss=1.52619290352
Iteration 63 of 100: loss=31.348192215 object_loss=29.8216133118 distance_loss=1.52657938004
Iteration 64 of 100: loss=29.7605133057 object_loss=28.2337913513 distance_loss=1.52672195435
Iteration 65 of 100: loss=31.5753955841 object_loss=30.0486621857 distance_loss=1.52673387527
Iteration 66 of 100: loss=30.1491355896 object_loss=28.6223049164 distance_loss=1.52683138847
Iteration 67 of 100: loss=33.2299995422 object_loss=31.7028503418 distance_loss=1.52714955807
Iteration 68 of 100: loss=35.5673332214 object_loss=34.0404319763 distance_loss=1.52689945698
Iteration 69 of 100: loss=35.7785148621 object_loss=34.2514686584 distance_loss=1.52704465389
Iteration 70 of 100: loss=32.5144042969 object_loss=30.9870223999 distance_loss=1.52738177776
Iteration 71 of 100: loss=34.0872192383 object_loss=32.5596656799 distance_loss=1.52755248547
Iteration 72 of 100: loss=35.8518486023 object_loss=34.3246307373 distance_loss=1.52721953392
Iteration 73 of 100: loss=37.5148544312 object_loss=35.9873962402 distance_loss=1.52745985985
Iteration 74 of 100: loss=39.1813354492 object_loss=37.653755188 distance_loss=1.52758169174
Iteration 75 of 100: loss=35.0163536072 object_loss=33.4887771606 distance_loss=1.52757585049
Iteration 76 of 100: loss=35.8409156799 object_loss=34.3136253357 distance_loss=1.52728891373
Iteration 77 of 100: loss=33.574092865 object_loss=32.047088623 distance_loss=1.52700388432
Iteration 78 of 100: loss=37.4595794678 object_loss=35.9327011108 distance_loss=1.52687907219
Iteration 79 of 100: loss=34.4173126221 object_loss=32.8904800415 distance_loss=1.52683067322
Iteration 80 of 100: loss=33.316318512 object_loss=31.7895145416 distance_loss=1.52680230141
Iteration 81 of 100: loss=32.8693199158 object_loss=31.3426189423 distance_loss=1.52670168877
Iteration 82 of 100: loss=32.2471351624 object_loss=30.7204666138 distance_loss=1.52666819096
Iteration 83 of 100: loss=32.2806587219 object_loss=30.753862381 distance_loss=1.52679789066
Iteration 84 of 100: loss=27.4712924957 object_loss=25.9444637299 distance_loss=1.52682936192
Iteration 85 of 100: loss=28.323097229 object_loss=26.7963218689 distance_loss=1.52677619457
Iteration 86 of 100: loss=34.6948280334 object_loss=33.1679916382 distance_loss=1.52683806419
Iteration 87 of 100: loss=35.944606781 object_loss=34.4177856445 distance_loss=1.52682101727
Iteration 88 of 100: loss=33.2251358032 object_loss=31.6982841492 distance_loss=1.52685046196
Iteration 89 of 100: loss=27.6619758606 object_loss=26.135061264 distance_loss=1.52691447735
Iteration 90 of 100: loss=35.0755462646 object_loss=33.5486221313 distance_loss=1.52692270279
Iteration 91 of 100: loss=35.26587677 object_loss=33.7388267517 distance_loss=1.52704894543
Iteration 92 of 100: loss=34.1834602356 object_loss=32.6563720703 distance_loss=1.527089715
Iteration 93 of 100: loss=34.507976532 object_loss=32.980506897 distance_loss=1.52746915817
Iteration 94 of 100: loss=36.9471244812 object_loss=35.419342041 distance_loss=1.52778410912
Iteration 95 of 100: loss=35.2317771912 object_loss=33.7036590576 distance_loss=1.52811670303
Iteration 96 of 100: loss=33.1642723083 object_loss=31.6361579895 distance_loss=1.52811563015
Iteration 97 of 100: loss=31.5152339935 object_loss=29.9865570068 distance_loss=1.52867734432
Iteration 98 of 100: loss=28.0156993866 object_loss=26.4867267609 distance_loss=1.52897310257
Iteration 99 of 100: loss=27.3121318817 object_loss=25.7830371857 distance_loss=1.52909386158
Iteration 0 of 100: loss=27.7419719696 object_loss=26.2128162384 distance_loss=1.52915549278
Iteration 1 of 100: loss=29.5644741058 object_loss=28.0350284576 distance_loss=1.52944600582
Iteration 2 of 100: loss=29.9226551056 object_loss=28.3931007385 distance_loss=1.52955377102
Iteration 3 of 100: loss=27.2604351044 object_loss=25.7306537628 distance_loss=1.5297819376
Iteration 4 of 100: loss=29.4526767731 object_loss=27.9228248596 distance_loss=1.52985179424
Iteration 5 of 100: loss=34.1434669495 object_loss=32.6134490967 distance_loss=1.5300167799
Iteration 6 of 100: loss=24.7646217346 object_loss=23.2341327667 distance_loss=1.5304889679
Iteration 7 of 100: loss=24.7571144104 object_loss=23.2261390686 distance_loss=1.53097462654
Iteration 8 of 100: loss=27.3387107849 object_loss=25.807674408 distance_loss=1.53103601933
Iteration 9 of 100: loss=26.6836853027 object_loss=25.1522083282 distance_loss=1.53147602081
Iteration 10 of 100: loss=16.8883361816 object_loss=15.3564033508 distance_loss=1.53193378448
Iteration 11 of 100: loss=20.1881542206 object_loss=18.6559200287 distance_loss=1.53223454952
Iteration 12 of 100: loss=30.3357124329 object_loss=28.8034191132 distance_loss=1.53229320049
Iteration 13 of 100: loss=25.9413166046 object_loss=24.4086284637 distance_loss=1.53268778324
Iteration 14 of 100: loss=26.0399551392 object_loss=24.5070514679 distance_loss=1.53290331364
Iteration 15 of 100: loss=29.5654277802 object_loss=28.0323638916 distance_loss=1.53306353092
Iteration 16 of 100: loss=35.1538887024 object_loss=33.6207809448 distance_loss=1.5331069231
Iteration 17 of 100: loss=36.0086479187 object_loss=34.4755401611 distance_loss=1.53310823441
Iteration 18 of 100: loss=34.7868614197 object_loss=33.2534599304 distance_loss=1.5334032774
Iteration 19 of 100: loss=34.1165351868 object_loss=32.5826797485 distance_loss=1.53385651112
Iteration 20 of 100: loss=25.9267120361 object_loss=24.3928623199 distance_loss=1.53385019302
Iteration 21 of 100: loss=28.797416687 object_loss=27.263256073 distance_loss=1.53416025639
Iteration 22 of 100: loss=30.9844284058 object_loss=29.4500312805 distance_loss=1.53439629078
Iteration 23 of 100: loss=31.3969459534 object_loss=29.8621845245 distance_loss=1.53476107121
Iteration 24 of 100: loss=32.1104202271 object_loss=30.5753002167 distance_loss=1.53512060642
Iteration 25 of 100: loss=33.0526657104 object_loss=31.5174922943 distance_loss=1.53517377377
Iteration 26 of 100: loss=32.3397598267 object_loss=30.8045711517 distance_loss=1.53518807888
Iteration 27 of 100: loss=28.4244613647 object_loss=26.889175415 distance_loss=1.53528618813
Iteration 28 of 100: loss=37.908657074 object_loss=36.373500824 distance_loss=1.53515601158
Iteration 29 of 100: loss=31.3359642029 object_loss=29.8008995056 distance_loss=1.53506374359
Iteration 30 of 100: loss=29.7389945984 object_loss=28.2037410736 distance_loss=1.53525400162
Iteration 31 of 100: loss=38.0191345215 object_loss=36.4837112427 distance_loss=1.53542149067
Iteration 32 of 100: loss=33.6420783997 object_loss=32.1069030762 distance_loss=1.53517377377
Iteration 33 of 100: loss=34.8140525818 object_loss=33.2786254883 distance_loss=1.53542888165
Iteration 34 of 100: loss=35.8385314941 object_loss=34.3029937744 distance_loss=1.5355373621
Iteration 35 of 100: loss=35.2312088013 object_loss=33.6955566406 distance_loss=1.53565120697
Iteration 36 of 100: loss=33.1430587769 object_loss=31.6075248718 distance_loss=1.53553283215
Iteration 37 of 100: loss=37.5205154419 object_loss=35.9849700928 distance_loss=1.53554499149
Iteration 38 of 100: loss=34.5846633911 object_loss=33.049331665 distance_loss=1.53533089161
Iteration 39 of 100: loss=34.9428977966 object_loss=33.4073829651 distance_loss=1.53551566601
Iteration 40 of 100: loss=33.5612297058 object_loss=32.0257148743 distance_loss=1.53551661968
Iteration 41 of 100: loss=35.5430641174 object_loss=34.007850647 distance_loss=1.53521430492
Iteration 42 of 100: loss=34.1764030457 object_loss=32.6411094666 distance_loss=1.53529238701
Iteration 43 of 100: loss=29.4801845551 object_loss=27.9449043274 distance_loss=1.53528106213
Iteration 44 of 100: loss=32.5043449402 object_loss=30.96916008 distance_loss=1.53518354893
Iteration 45 of 100: loss=29.3593235016 object_loss=27.8238296509 distance_loss=1.53549349308
Iteration 46 of 100: loss=26.6760616302 object_loss=25.1402206421 distance_loss=1.53584122658
Iteration 47 of 100: loss=23.4387722015 object_loss=21.902803421 distance_loss=1.53596866131
Iteration 48 of 100: loss=17.5779457092 object_loss=16.0418071747 distance_loss=1.53613913059
Iteration 49 of 100: loss=20.7488193512 object_loss=19.2124652863 distance_loss=1.53635442257
Iteration 50 of 100: loss=16.7610626221 object_loss=15.2245807648 distance_loss=1.5364818573
Iteration 51 of 100: loss=26.2098941803 object_loss=24.6730918884 distance_loss=1.53680193424
Iteration 52 of 100: loss=30.1953277588 object_loss=28.6583690643 distance_loss=1.53695774078
Iteration 53 of 100: loss=30.221288681 object_loss=28.6837673187 distance_loss=1.53752088547
Iteration 54 of 100: loss=24.7060909271 object_loss=23.1681346893 distance_loss=1.53795540333
Iteration 55 of 100: loss=22.4314346313 object_loss=20.8932113647 distance_loss=1.53822338581
Iteration 56 of 100: loss=21.8476314545 object_loss=20.3095283508 distance_loss=1.53810346127
Iteration 57 of 100: loss=23.353925705 object_loss=21.8154335022 distance_loss=1.5384926796
Iteration 58 of 100: loss=20.1133880615 object_loss=18.5746135712 distance_loss=1.53877437115
Iteration 59 of 100: loss=22.8004493713 object_loss=21.261095047 distance_loss=1.53935468197
Iteration 60 of 100: loss=19.2222862244 object_loss=17.6823043823 distance_loss=1.53998231888
Iteration 61 of 100: loss=23.8883018494 object_loss=22.3478927612 distance_loss=1.54040813446
Iteration 62 of 100: loss=21.8354091644 object_loss=20.2945365906 distance_loss=1.54087209702
Iteration 63 of 100: loss=27.5567588806 object_loss=26.0153236389 distance_loss=1.54143559933
Iteration 64 of 100: loss=33.1393203735 object_loss=31.5973243713 distance_loss=1.5419973135
Iteration 65 of 100: loss=29.089422226 object_loss=27.546913147 distance_loss=1.54250979424
Iteration 66 of 100: loss=27.4037513733 object_loss=25.8607807159 distance_loss=1.54297089577
Iteration 67 of 100: loss=22.6319503784 object_loss=21.088476181 distance_loss=1.54347467422
Iteration 68 of 100: loss=23.9586524963 object_loss=22.4148750305 distance_loss=1.54377818108
Iteration 69 of 100: loss=24.3172092438 object_loss=22.7731285095 distance_loss=1.54408097267
Iteration 70 of 100: loss=24.2972736359 object_loss=22.7527809143 distance_loss=1.54449355602
Iteration 71 of 100: loss=24.5360107422 object_loss=22.9912319183 distance_loss=1.54477846622
Iteration 72 of 100: loss=24.4118556976 object_loss=22.8670406342 distance_loss=1.54481434822
Iteration 73 of 100: loss=28.819896698 object_loss=27.2747612 distance_loss=1.54513573647
Iteration 74 of 100: loss=32.1949501038 object_loss=30.6497497559 distance_loss=1.54520010948
Iteration 75 of 100: loss=22.3377304077 object_loss=20.7925281525 distance_loss=1.5452016592
Iteration 76 of 100: loss=18.3528785706 object_loss=16.8080062866 distance_loss=1.54487144947
Iteration 77 of 100: loss=20.9721279144 object_loss=19.4272899628 distance_loss=1.54483771324
Iteration 78 of 100: loss=21.7108306885 object_loss=20.1660327911 distance_loss=1.54479837418
Iteration 79 of 100: loss=29.3309555054 object_loss=27.785982132 distance_loss=1.54497265816
Iteration 80 of 100: loss=16.9504623413 object_loss=15.4057216644 distance_loss=1.54474139214
Iteration 81 of 100: loss=25.336265564 object_loss=23.791519165 distance_loss=1.54474592209
Iteration 82 of 100: loss=24.5346775055 object_loss=22.989862442 distance_loss=1.54481470585
Iteration 83 of 100: loss=22.8053455353 object_loss=21.2605571747 distance_loss=1.54478800297
Iteration 84 of 100: loss=26.4492168427 object_loss=24.9045791626 distance_loss=1.54463744164
Iteration 85 of 100: loss=28.4016094208 object_loss=26.8570079803 distance_loss=1.54460144043
Iteration 86 of 100: loss=25.0616207123 object_loss=23.5167579651 distance_loss=1.54486310482
Iteration 87 of 100: loss=26.3858318329 object_loss=24.8405799866 distance_loss=1.54525244236
Iteration 88 of 100: loss=23.4849338531 object_loss=21.9394130707 distance_loss=1.54552161694
Iteration 89 of 100: loss=29.774143219 object_loss=28.2282752991 distance_loss=1.54586732388
Iteration 90 of 100: loss=30.3396282196 object_loss=28.7934322357 distance_loss=1.54619526863
Iteration 91 of 100: loss=30.1774234772 object_loss=28.6309452057 distance_loss=1.54647743702
Iteration 92 of 100: loss=26.6145267487 object_loss=25.0677261353 distance_loss=1.54680120945
Iteration 93 of 100: loss=25.7934398651 object_loss=24.2459564209 distance_loss=1.54748356342
Iteration 94 of 100: loss=23.5663127899 object_loss=22.0183258057 distance_loss=1.54798638821
Iteration 95 of 100: loss=21.7575798035 object_loss=20.20936203 distance_loss=1.54821765423
Iteration 96 of 100: loss=22.954832077 object_loss=21.4065341949 distance_loss=1.54829704762
Iteration 97 of 100: loss=24.8134536743 object_loss=23.26512146 distance_loss=1.54833161831
Iteration 98 of 100: loss=35.6873016357 object_loss=34.1386947632 distance_loss=1.54860782623
Iteration 99 of 100: loss=31.5865478516 object_loss=30.0375328064 distance_loss=1.54901516438
Iteration 0 of 100: loss=23.0017414093 object_loss=21.4524059296 distance_loss=1.54933488369
Iteration 1 of 100: loss=31.6505317688 object_loss=30.1013679504 distance_loss=1.54916346073
Iteration 2 of 100: loss=35.0824127197 object_loss=33.532913208 distance_loss=1.54950022697
Iteration 3 of 100: loss=35.8995285034 object_loss=34.3494033813 distance_loss=1.55012691021
Iteration 4 of 100: loss=33.806892395 object_loss=32.2564201355 distance_loss=1.55047345161
Iteration 5 of 100: loss=32.23204422 object_loss=30.6809825897 distance_loss=1.55106067657
Iteration 6 of 100: loss=22.0979614258 object_loss=20.546207428 distance_loss=1.55175447464
Iteration 7 of 100: loss=16.3576908112 object_loss=14.8054628372 distance_loss=1.55222713947
Iteration 8 of 100: loss=26.8102340698 object_loss=25.2576694489 distance_loss=1.55256545544
Iteration 9 of 100: loss=29.6276912689 object_loss=28.0741615295 distance_loss=1.55353033543
Iteration 10 of 100: loss=28.0051689148 object_loss=26.4508934021 distance_loss=1.5542756319
Iteration 11 of 100: loss=28.0887336731 object_loss=26.5337638855 distance_loss=1.5549697876
Iteration 12 of 100: loss=34.4321022034 object_loss=32.876953125 distance_loss=1.55514800549
Iteration 13 of 100: loss=31.2327899933 object_loss=29.6771736145 distance_loss=1.55561625957
Iteration 14 of 100: loss=24.2575492859 object_loss=22.7018718719 distance_loss=1.55567765236
Iteration 15 of 100: loss=30.2013072968 object_loss=28.6457023621 distance_loss=1.55560493469
Iteration 16 of 100: loss=33.5590209961 object_loss=32.003780365 distance_loss=1.55524051189
Iteration 17 of 100: loss=29.5311489105 object_loss=27.9758396149 distance_loss=1.5553098917
Iteration 18 of 100: loss=29.3962192535 object_loss=27.8406085968 distance_loss=1.55561077595
Iteration 19 of 100: loss=30.6138038635 object_loss=29.058052063 distance_loss=1.55575215816
Iteration 20 of 100: loss=16.754776001 object_loss=15.1988687515 distance_loss=1.55590796471
Iteration 21 of 100: loss=20.1340427399 object_loss=18.5779685974 distance_loss=1.55607438087
Iteration 22 of 100: loss=21.5522499084 object_loss=19.9961166382 distance_loss=1.55613362789
Iteration 23 of 100: loss=27.5008544922 object_loss=25.9445037842 distance_loss=1.55635023117
Iteration 24 of 100: loss=26.209728241 object_loss=24.6531448364 distance_loss=1.55658328533
Iteration 25 of 100: loss=24.3834018707 object_loss=22.8265342712 distance_loss=1.55686736107
Iteration 26 of 100: loss=25.4272918701 object_loss=23.8701457977 distance_loss=1.55714690685
Iteration 27 of 100: loss=29.4453620911 object_loss=27.8877563477 distance_loss=1.55760514736
Iteration 28 of 100: loss=30.2581596375 object_loss=28.7003765106 distance_loss=1.55778288841
Iteration 29 of 100: loss=30.9716567993 object_loss=29.4132766724 distance_loss=1.55837988853
Iteration 30 of 100: loss=30.8468322754 object_loss=29.2879600525 distance_loss=1.55887174606
Iteration 31 of 100: loss=25.2417106628 object_loss=23.6825485229 distance_loss=1.55916142464
Iteration 32 of 100: loss=20.7801113129 object_loss=19.2205200195 distance_loss=1.55959093571
Iteration 33 of 100: loss=23.9983673096 object_loss=22.4381027222 distance_loss=1.56026518345
Iteration 34 of 100: loss=27.0116481781 object_loss=25.450756073 distance_loss=1.56089293957
Iteration 35 of 100: loss=24.6104698181 object_loss=23.0490036011 distance_loss=1.56146597862
Iteration 36 of 100: loss=26.4303188324 object_loss=24.868768692 distance_loss=1.5615503788
Iteration 37 of 100: loss=23.3890151978 object_loss=21.8271980286 distance_loss=1.56181669235
Iteration 38 of 100: loss=28.698217392 object_loss=27.1361637115 distance_loss=1.56205356121
Iteration 39 of 100: loss=22.804725647 object_loss=21.2422580719 distance_loss=1.56246840954
Iteration 40 of 100: loss=26.319644928 object_loss=24.7569446564 distance_loss=1.56269967556
Iteration 41 of 100: loss=27.2655639648 object_loss=25.702495575 distance_loss=1.56306898594
Iteration 42 of 100: loss=26.1682567596 object_loss=24.6049919128 distance_loss=1.56326556206
Iteration 43 of 100: loss=31.1085891724 object_loss=29.5450839996 distance_loss=1.56350517273
Iteration 44 of 100: loss=29.6247196198 object_loss=28.0609741211 distance_loss=1.56374585629
Iteration 45 of 100: loss=31.8708934784 object_loss=30.306930542 distance_loss=1.56396281719
Iteration 46 of 100: loss=34.8460273743 object_loss=33.2818832397 distance_loss=1.56414234638
Iteration 47 of 100: loss=31.7596473694 object_loss=30.1952438354 distance_loss=1.5644030571
Iteration 48 of 100: loss=30.572977066 object_loss=29.0086174011 distance_loss=1.56436014175
Iteration 49 of 100: loss=32.5789871216 object_loss=31.0144424438 distance_loss=1.5645455122
Iteration 50 of 100: loss=33.9239082336 object_loss=32.3591270447 distance_loss=1.56478118896
Iteration 51 of 100: loss=32.9373435974 object_loss=31.3723526001 distance_loss=1.5649907589
Iteration 52 of 100: loss=32.0928955078 object_loss=30.5281677246 distance_loss=1.56472587585
Iteration 53 of 100: loss=31.019159317 object_loss=29.4541530609 distance_loss=1.56500697136
Iteration 54 of 100: loss=29.8218383789 object_loss=28.2563648224 distance_loss=1.56547296047
Iteration 55 of 100: loss=30.679725647 object_loss=29.1140632629 distance_loss=1.56566262245
Iteration 56 of 100: loss=28.6723403931 object_loss=27.1066169739 distance_loss=1.56572270393
Iteration 57 of 100: loss=27.3098316193 object_loss=25.7440986633 distance_loss=1.56573355198
Iteration 58 of 100: loss=24.234462738 object_loss=22.6686592102 distance_loss=1.56580448151
Iteration 59 of 100: loss=29.4535560608 object_loss=27.8878364563 distance_loss=1.56571900845
Iteration 60 of 100: loss=28.9731559753 object_loss=27.4075546265 distance_loss=1.56560122967
Iteration 61 of 100: loss=30.8835735321 object_loss=29.3183021545 distance_loss=1.56527221203
Iteration 62 of 100: loss=28.4082260132 object_loss=26.8428916931 distance_loss=1.56533396244
Iteration 63 of 100: loss=28.5851764679 object_loss=27.0193901062 distance_loss=1.56578671932
Iteration 64 of 100: loss=28.9444522858 object_loss=27.3784828186 distance_loss=1.56597030163
Iteration 65 of 100: loss=28.3653697968 object_loss=26.7989616394 distance_loss=1.56640732288
Iteration 66 of 100: loss=27.8306922913 object_loss=26.2639980316 distance_loss=1.56669390202
Iteration 67 of 100: loss=28.3364143372 object_loss=26.7694606781 distance_loss=1.56695282459
Iteration 68 of 100: loss=24.3830013275 object_loss=22.8157100677 distance_loss=1.56729161739
Iteration 69 of 100: loss=25.6843852997 object_loss=24.1167106628 distance_loss=1.56767547131
Iteration 70 of 100: loss=27.1657867432 object_loss=25.5980167389 distance_loss=1.56777095795
Iteration 71 of 100: loss=29.0416564941 object_loss=27.4735660553 distance_loss=1.56809031963
Iteration 72 of 100: loss=25.3141212463 object_loss=23.745677948 distance_loss=1.56844341755
Iteration 73 of 100: loss=27.67486763 object_loss=26.1057510376 distance_loss=1.56911659241
Iteration 74 of 100: loss=28.2827110291 object_loss=26.7130203247 distance_loss=1.56969034672
Iteration 75 of 100: loss=28.4860172272 object_loss=26.9159450531 distance_loss=1.57007181644
Iteration 76 of 100: loss=21.8924674988 object_loss=20.3224048615 distance_loss=1.57006347179
Iteration 77 of 100: loss=21.2024593353 object_loss=19.6320228577 distance_loss=1.57043707371
Iteration 78 of 100: loss=21.1285057068 object_loss=19.5579204559 distance_loss=1.57058429718
Iteration 79 of 100: loss=19.1941242218 object_loss=17.6233978271 distance_loss=1.57072651386
Iteration 80 of 100: loss=19.6000957489 object_loss=18.0291481018 distance_loss=1.57094824314
Iteration 81 of 100: loss=20.4629611969 object_loss=18.8919353485 distance_loss=1.57102501392
Iteration 82 of 100: loss=20.8415050507 object_loss=19.2703151703 distance_loss=1.57119035721
Iteration 83 of 100: loss=18.0129642487 object_loss=16.441368103 distance_loss=1.57159638405
Iteration 84 of 100: loss=19.0147666931 object_loss=17.4430580139 distance_loss=1.57170832157
Iteration 85 of 100: loss=23.4112262726 object_loss=21.8397331238 distance_loss=1.57149326801
Iteration 86 of 100: loss=24.3400440216 object_loss=22.7682609558 distance_loss=1.57178330421
Iteration 87 of 100: loss=22.3540172577 object_loss=20.7822990417 distance_loss=1.57171773911
Iteration 88 of 100: loss=24.184173584 object_loss=22.612821579 distance_loss=1.5713518858
Iteration 89 of 100: loss=24.7786598206 object_loss=23.207069397 distance_loss=1.57158970833
Iteration 90 of 100: loss=20.3002510071 object_loss=18.7284202576 distance_loss=1.57183039188
Iteration 91 of 100: loss=19.895149231 object_loss=18.3234329224 distance_loss=1.57171690464
Iteration 92 of 100: loss=17.0804252625 object_loss=15.5091199875 distance_loss=1.57130622864
Iteration 93 of 100: loss=17.1048717499 object_loss=15.5335559845 distance_loss=1.5713160038
Iteration 94 of 100: loss=21.7304801941 object_loss=20.1595802307 distance_loss=1.57090032101
Iteration 95 of 100: loss=21.4115867615 object_loss=19.8412380219 distance_loss=1.57034909725
Iteration 96 of 100: loss=22.8086395264 object_loss=21.2389297485 distance_loss=1.56971037388
Iteration 97 of 100: loss=20.1815795898 object_loss=18.6121940613 distance_loss=1.56938529015
Iteration 98 of 100: loss=23.0908527374 object_loss=21.5215759277 distance_loss=1.56927716732
Iteration 99 of 100: loss=22.5548439026 object_loss=20.9856243134 distance_loss=1.5692204237
Iteration 0 of 100: loss=26.7013454437 object_loss=25.1322956085 distance_loss=1.56905007362
Iteration 1 of 100: loss=27.1331005096 object_loss=25.5639572144 distance_loss=1.56914258003
Iteration 2 of 100: loss=26.4651069641 object_loss=24.8957500458 distance_loss=1.56935691833
Iteration 3 of 100: loss=25.8138961792 object_loss=24.244304657 distance_loss=1.56959235668
Iteration 4 of 100: loss=22.9355583191 object_loss=21.3658771515 distance_loss=1.56968200207
Iteration 5 of 100: loss=21.1459197998 object_loss=19.5762386322 distance_loss=1.56968164444
Iteration 6 of 100: loss=21.8255348206 object_loss=20.2558822632 distance_loss=1.56965196133
Iteration 7 of 100: loss=21.2448596954 object_loss=19.674993515 distance_loss=1.56986570358
Iteration 8 of 100: loss=21.226392746 object_loss=19.6563606262 distance_loss=1.57003247738
Iteration 9 of 100: loss=25.3761024475 object_loss=23.805814743 distance_loss=1.5702880621
Iteration 10 of 100: loss=25.9432926178 object_loss=24.372756958 distance_loss=1.57053625584
Iteration 11 of 100: loss=22.7776126862 object_loss=21.206861496 distance_loss=1.57075202465
Iteration 12 of 100: loss=23.0624637604 object_loss=21.4919624329 distance_loss=1.57050073147
Iteration 13 of 100: loss=24.7934455872 object_loss=23.2229042053 distance_loss=1.57054078579
Iteration 14 of 100: loss=22.1225662231 object_loss=20.5519657135 distance_loss=1.57060027122
Iteration 15 of 100: loss=24.0047950745 object_loss=22.4343128204 distance_loss=1.57048130035
Iteration 16 of 100: loss=24.1117153168 object_loss=22.5414905548 distance_loss=1.57022547722
Iteration 17 of 100: loss=23.5670051575 object_loss=21.9966640472 distance_loss=1.57034146786
Iteration 18 of 100: loss=23.6011714935 object_loss=22.030708313 distance_loss=1.57046401501
Iteration 19 of 100: loss=23.716714859 object_loss=22.1458435059 distance_loss=1.57087063789
Iteration 20 of 100: loss=24.6905345917 object_loss=23.1197185516 distance_loss=1.57081604004
Iteration 21 of 100: loss=24.5785446167 object_loss=23.0077362061 distance_loss=1.57080745697
Iteration 22 of 100: loss=24.4347229004 object_loss=22.8638534546 distance_loss=1.57086908817
Iteration 23 of 100: loss=25.4067668915 object_loss=23.8357925415 distance_loss=1.57097423077
Iteration 24 of 100: loss=27.9189434052 object_loss=26.3480072021 distance_loss=1.57093572617
Iteration 25 of 100: loss=26.2149963379 object_loss=24.6440486908 distance_loss=1.57094705105
Iteration 26 of 100: loss=25.9996986389 object_loss=24.4287376404 distance_loss=1.57096064091
Iteration 27 of 100: loss=25.0047130585 object_loss=23.4338703156 distance_loss=1.57084274292
Iteration 28 of 100: loss=24.8318500519 object_loss=23.2610263824 distance_loss=1.57082307339
Iteration 29 of 100: loss=23.2230930328 object_loss=21.6520328522 distance_loss=1.57106101513
Iteration 30 of 100: loss=23.1997871399 object_loss=21.6284580231 distance_loss=1.57132899761
Iteration 31 of 100: loss=22.0810565948 object_loss=20.5095005035 distance_loss=1.57155585289
Iteration 32 of 100: loss=22.0431671143 object_loss=20.4717712402 distance_loss=1.57139527798
Iteration 33 of 100: loss=24.0172328949 object_loss=22.4455318451 distance_loss=1.57170152664
Iteration 34 of 100: loss=23.7098941803 object_loss=22.1381626129 distance_loss=1.57173204422
Iteration 35 of 100: loss=22.8241939545 object_loss=21.2523441315 distance_loss=1.57184970379
Iteration 36 of 100: loss=21.2041912079 object_loss=19.6324977875 distance_loss=1.57169413567
Iteration 37 of 100: loss=19.0136985779 object_loss=17.4419689178 distance_loss=1.57173061371
Iteration 38 of 100: loss=17.9985980988 object_loss=16.4266891479 distance_loss=1.57190942764
Iteration 39 of 100: loss=17.7522087097 object_loss=16.180065155 distance_loss=1.57214343548
Iteration 40 of 100: loss=17.3528003693 object_loss=15.7805786133 distance_loss=1.57222223282
Iteration 41 of 100: loss=18.4067840576 object_loss=16.8347759247 distance_loss=1.57200813293
Iteration 42 of 100: loss=22.9732666016 object_loss=21.4011707306 distance_loss=1.57209563255
Iteration 43 of 100: loss=21.381816864 object_loss=19.8095607758 distance_loss=1.57225656509
Iteration 44 of 100: loss=23.7389965057 object_loss=22.1665401459 distance_loss=1.57245612144
Iteration 45 of 100: loss=22.9168586731 object_loss=21.3444347382 distance_loss=1.57242405415
Iteration 46 of 100: loss=24.2244491577 object_loss=22.6521034241 distance_loss=1.57234621048
Iteration 47 of 100: loss=22.5957889557 object_loss=21.0232315063 distance_loss=1.57255756855
Iteration 48 of 100: loss=24.0354003906 object_loss=22.4630813599 distance_loss=1.57231926918
Iteration 49 of 100: loss=24.8013515472 object_loss=23.2290172577 distance_loss=1.57233476639
Iteration 50 of 100: loss=24.6841506958 object_loss=23.1117668152 distance_loss=1.57238316536
Iteration 51 of 100: loss=23.2338924408 object_loss=21.6617164612 distance_loss=1.57217609882
Iteration 52 of 100: loss=28.2787094116 object_loss=26.7070007324 distance_loss=1.57170903683
Iteration 53 of 100: loss=24.0213813782 object_loss=22.4494972229 distance_loss=1.57188344002
Iteration 54 of 100: loss=24.4210567474 object_loss=22.8493804932 distance_loss=1.57167685032
Iteration 55 of 100: loss=23.5185184479 object_loss=21.9469890594 distance_loss=1.5715290308
Iteration 56 of 100: loss=21.9564266205 object_loss=20.3852767944 distance_loss=1.57114982605
Iteration 57 of 100: loss=23.4365158081 object_loss=21.8654708862 distance_loss=1.57104551792
Iteration 58 of 100: loss=23.1243267059 object_loss=21.5530567169 distance_loss=1.57127070427
Iteration 59 of 100: loss=28.2330970764 object_loss=26.6618366241 distance_loss=1.57125997543
Iteration 60 of 100: loss=25.7377243042 object_loss=24.1669616699 distance_loss=1.57076334953
Iteration 61 of 100: loss=24.4267311096 object_loss=22.8562145233 distance_loss=1.57051599026
Iteration 62 of 100: loss=25.6724777222 object_loss=24.10206604 distance_loss=1.57041120529
Iteration 63 of 100: loss=23.5661754608 object_loss=21.9959602356 distance_loss=1.57021570206
Iteration 64 of 100: loss=25.6010150909 object_loss=24.0309295654 distance_loss=1.57008564472
Iteration 65 of 100: loss=28.6411628723 object_loss=27.0712547302 distance_loss=1.56990909576
Iteration 66 of 100: loss=26.9851474762 object_loss=25.415397644 distance_loss=1.56974935532
Iteration 67 of 100: loss=30.343662262 object_loss=28.7741508484 distance_loss=1.56951212883
Iteration 68 of 100: loss=29.2733879089 object_loss=27.7041549683 distance_loss=1.56923246384
Iteration 69 of 100: loss=27.3070163727 object_loss=25.7380027771 distance_loss=1.56901443005
Iteration 70 of 100: loss=24.4942169189 object_loss=22.9248275757 distance_loss=1.56939005852
Iteration 71 of 100: loss=24.9077568054 object_loss=23.3381633759 distance_loss=1.56959354877
Iteration 72 of 100: loss=24.800693512 object_loss=23.2313270569 distance_loss=1.56936728954
Iteration 73 of 100: loss=25.1018657684 object_loss=23.5321311951 distance_loss=1.56973540783
Iteration 74 of 100: loss=25.1922149658 object_loss=23.6220359802 distance_loss=1.57017993927
Iteration 75 of 100: loss=25.2059555054 object_loss=23.6353282928 distance_loss=1.57062733173
Iteration 76 of 100: loss=25.5855770111 object_loss=24.0146217346 distance_loss=1.57095587254
Iteration 77 of 100: loss=26.8384933472 object_loss=25.2672271729 distance_loss=1.57126665115
Iteration 78 of 100: loss=25.8526477814 object_loss=24.2811946869 distance_loss=1.57145273685
Iteration 79 of 100: loss=26.4968070984 object_loss=24.9250869751 distance_loss=1.57172107697
Iteration 80 of 100: loss=27.8762493134 object_loss=26.3045959473 distance_loss=1.57165312767
Iteration 81 of 100: loss=27.2725448608 object_loss=25.7010707855 distance_loss=1.57147490978
Iteration 82 of 100: loss=27.2198219299 object_loss=25.6485424042 distance_loss=1.57127952576
Iteration 83 of 100: loss=25.1508960724 object_loss=23.5798091888 distance_loss=1.57108724117
Iteration 84 of 100: loss=25.1967163086 object_loss=23.6262187958 distance_loss=1.57049787045
Iteration 85 of 100: loss=26.2291736603 object_loss=24.6589508057 distance_loss=1.57022297382
Iteration 86 of 100: loss=25.8324069977 object_loss=24.2625160217 distance_loss=1.56989085674
Iteration 87 of 100: loss=25.3913059235 object_loss=23.8216457367 distance_loss=1.56966078281
Iteration 88 of 100: loss=26.3713932037 object_loss=24.8021202087 distance_loss=1.56927347183
Iteration 89 of 100: loss=27.8461799622 object_loss=26.277179718 distance_loss=1.5690009594
Iteration 90 of 100: loss=27.277130127 object_loss=25.7084159851 distance_loss=1.56871509552
Iteration 91 of 100: loss=27.9309825897 object_loss=26.3622989655 distance_loss=1.56868290901
Iteration 92 of 100: loss=27.6182174683 object_loss=26.0499324799 distance_loss=1.56828594208
Iteration 93 of 100: loss=23.7056846619 object_loss=22.1375617981 distance_loss=1.56812298298
Iteration 94 of 100: loss=27.5471878052 object_loss=25.9791088104 distance_loss=1.5680782795
Iteration 95 of 100: loss=21.3323440552 object_loss=19.7645988464 distance_loss=1.56774425507
Iteration 96 of 100: loss=21.3255653381 object_loss=19.7583274841 distance_loss=1.56723761559
Iteration 97 of 100: loss=23.3327503204 object_loss=21.7656497955 distance_loss=1.56710112095
Iteration 98 of 100: loss=27.562417984 object_loss=25.9953041077 distance_loss=1.56711304188
Iteration 99 of 100: loss=26.6632270813 object_loss=25.0962181091 distance_loss=1.56700992584
Iteration 0 of 100: loss=25.6396789551 object_loss=24.0727806091 distance_loss=1.56689846516
Iteration 1 of 100: loss=25.6056251526 object_loss=24.0389270782 distance_loss=1.56669819355
Iteration 2 of 100: loss=25.4458866119 object_loss=23.8792037964 distance_loss=1.56668281555
Iteration 3 of 100: loss=24.059841156 object_loss=22.4931049347 distance_loss=1.56673645973
Iteration 4 of 100: loss=27.2968769073 object_loss=25.7303390503 distance_loss=1.56653869152
Iteration 5 of 100: loss=28.3418884277 object_loss=26.7754993439 distance_loss=1.56638884544
Iteration 6 of 100: loss=28.0225563049 object_loss=26.4563102722 distance_loss=1.56624603271
Iteration 7 of 100: loss=28.0190792084 object_loss=26.4528884888 distance_loss=1.56619155407
Iteration 8 of 100: loss=26.8442001343 object_loss=25.278465271 distance_loss=1.56573498249
Iteration 9 of 100: loss=26.5550556183 object_loss=24.9890136719 distance_loss=1.56604111195
Iteration 10 of 100: loss=26.6616802216 object_loss=25.0954799652 distance_loss=1.56620037556
Iteration 11 of 100: loss=27.1612091064 object_loss=25.5950012207 distance_loss=1.5662072897
Iteration 12 of 100: loss=26.3957958221 object_loss=24.829706192 distance_loss=1.56608879566
Iteration 13 of 100: loss=25.5496101379 object_loss=23.9829463959 distance_loss=1.5666642189
Iteration 14 of 100: loss=25.9579582214 object_loss=24.3907337189 distance_loss=1.56722533703
Iteration 15 of 100: loss=25.8024978638 object_loss=24.2348861694 distance_loss=1.56761169434
Iteration 16 of 100: loss=28.5553646088 object_loss=26.9875583649 distance_loss=1.56780660152
Iteration 17 of 100: loss=28.3939266205 object_loss=26.8259105682 distance_loss=1.56801569462
Iteration 18 of 100: loss=29.9619789124 object_loss=28.3937072754 distance_loss=1.56827223301
Iteration 19 of 100: loss=29.7874221802 object_loss=28.2187919617 distance_loss=1.56863117218
Iteration 20 of 100: loss=30.255191803 object_loss=28.6864089966 distance_loss=1.56878185272
Iteration 21 of 100: loss=25.4217700958 object_loss=23.8528575897 distance_loss=1.56891298294
Iteration 22 of 100: loss=27.1272907257 object_loss=25.5580978394 distance_loss=1.56919336319
Iteration 23 of 100: loss=25.9256305695 object_loss=24.3560619354 distance_loss=1.56956863403
Iteration 24 of 100: loss=27.530670166 object_loss=25.9608573914 distance_loss=1.56981217861
Iteration 25 of 100: loss=25.9635677338 object_loss=24.3937587738 distance_loss=1.56980979443
Iteration 26 of 100: loss=24.8074054718 object_loss=23.237449646 distance_loss=1.56995546818
Iteration 27 of 100: loss=24.858291626 object_loss=23.2882347107 distance_loss=1.57005679607
Iteration 28 of 100: loss=25.7680587769 object_loss=24.1982421875 distance_loss=1.56981647015
Iteration 29 of 100: loss=27.3434066772 object_loss=25.773557663 distance_loss=1.56984913349
Iteration 30 of 100: loss=27.959072113 object_loss=26.3890132904 distance_loss=1.57005929947
Iteration 31 of 100: loss=29.1422214508 object_loss=27.5720500946 distance_loss=1.57017207146
Iteration 32 of 100: loss=29.1304702759 object_loss=27.5608844757 distance_loss=1.56958520412
Iteration 33 of 100: loss=31.8225917816 object_loss=30.2526550293 distance_loss=1.56993758678
Iteration 34 of 100: loss=27.8861064911 object_loss=26.3159427643 distance_loss=1.57016456127
Iteration 35 of 100: loss=26.73869133 object_loss=25.168554306 distance_loss=1.57013690472
Iteration 36 of 100: loss=28.1131858826 object_loss=26.543088913 distance_loss=1.57009732723
Iteration 37 of 100: loss=27.8414459229 object_loss=26.2712345123 distance_loss=1.57021069527
Iteration 38 of 100: loss=28.6158103943 object_loss=27.0456123352 distance_loss=1.57019758224
Iteration 39 of 100: loss=29.5920906067 object_loss=28.0218486786 distance_loss=1.57024097443
Iteration 40 of 100: loss=31.0077152252 object_loss=29.4373588562 distance_loss=1.57035553455
Iteration 41 of 100: loss=31.0072498322 object_loss=29.4368362427 distance_loss=1.57041406631
Iteration 42 of 100: loss=29.381477356 object_loss=27.8108730316 distance_loss=1.57060444355
Iteration 43 of 100: loss=28.5391597748 object_loss=26.9682178497 distance_loss=1.57094240189
Iteration 44 of 100: loss=29.9090938568 object_loss=28.3380870819 distance_loss=1.5710067749
Iteration 45 of 100: loss=28.1342887878 object_loss=26.562789917 distance_loss=1.5714982748
Iteration 46 of 100: loss=28.3485336304 object_loss=26.7767848969 distance_loss=1.57174873352
Iteration 47 of 100: loss=28.7175331116 object_loss=27.1454601288 distance_loss=1.57207334042
Iteration 48 of 100: loss=27.4735012054 object_loss=25.9010314941 distance_loss=1.57246994972
Iteration 49 of 100: loss=27.2134895325 object_loss=25.640789032 distance_loss=1.57270097733
Iteration 50 of 100: loss=26.5687656403 object_loss=24.9958686829 distance_loss=1.57289731503
Iteration 51 of 100: loss=25.8506889343 object_loss=24.2777290344 distance_loss=1.57295942307
Iteration 52 of 100: loss=25.5740470886 object_loss=24.0010986328 distance_loss=1.57294857502
Iteration 53 of 100: loss=26.1212501526 object_loss=24.54804039 distance_loss=1.57320940495
Iteration 54 of 100: loss=25.9291114807 object_loss=24.3556556702 distance_loss=1.57345676422
Iteration 55 of 100: loss=24.5397796631 object_loss=22.9663276672 distance_loss=1.57345211506
Iteration 56 of 100: loss=25.7449092865 object_loss=24.1716003418 distance_loss=1.57330822945
Iteration 57 of 100: loss=26.7307224274 object_loss=25.1573181152 distance_loss=1.57340395451
Iteration 58 of 100: loss=25.2306289673 object_loss=23.6571273804 distance_loss=1.57350111008
Iteration 59 of 100: loss=26.3714637756 object_loss=24.7977581024 distance_loss=1.57370603085
Iteration 60 of 100: loss=27.8287563324 object_loss=26.2550582886 distance_loss=1.57369887829
Iteration 61 of 100: loss=28.4405212402 object_loss=26.8667526245 distance_loss=1.57376861572
Iteration 62 of 100: loss=26.1526966095 object_loss=24.5790081024 distance_loss=1.5736887455
Iteration 63 of 100: loss=24.8303451538 object_loss=23.2564353943 distance_loss=1.57390892506
Iteration 64 of 100: loss=25.7070598602 object_loss=24.1332111359 distance_loss=1.57384884357
Iteration 65 of 100: loss=25.6881504059 object_loss=24.1142082214 distance_loss=1.57394301891
Iteration 66 of 100: loss=26.3079414368 object_loss=24.7338981628 distance_loss=1.57404315472
Iteration 67 of 100: loss=27.9402713776 object_loss=26.3662624359 distance_loss=1.57400941849
Iteration 68 of 100: loss=28.9066619873 object_loss=27.3327465057 distance_loss=1.57391548157
Iteration 69 of 100: loss=28.9441165924 object_loss=27.3700714111 distance_loss=1.57404577732
Iteration 70 of 100: loss=29.0270462036 object_loss=27.4526081085 distance_loss=1.57443892956
Iteration 71 of 100: loss=28.3916110992 object_loss=26.8170375824 distance_loss=1.57457280159
Iteration 72 of 100: loss=22.7451591492 object_loss=21.1705513 distance_loss=1.57460689545
Iteration 73 of 100: loss=25.0628490448 object_loss=23.4878559113 distance_loss=1.57499301434
Iteration 74 of 100: loss=25.6458473206 object_loss=24.0707683563 distance_loss=1.5750784874
Iteration 75 of 100: loss=24.6205654144 object_loss=23.0453357697 distance_loss=1.57522928715
Iteration 76 of 100: loss=22.8365840912 object_loss=21.2614078522 distance_loss=1.57517671585
Iteration 77 of 100: loss=24.7590751648 object_loss=23.1839179993 distance_loss=1.57515692711
Iteration 78 of 100: loss=26.4992389679 object_loss=24.9239273071 distance_loss=1.57531201839
Iteration 79 of 100: loss=27.1573753357 object_loss=25.5818595886 distance_loss=1.57551598549
Iteration 80 of 100: loss=27.1564025879 object_loss=25.5809307098 distance_loss=1.57547128201
Iteration 81 of 100: loss=27.1560249329 object_loss=25.5804328918 distance_loss=1.57559108734
Iteration 82 of 100: loss=26.8902893066 object_loss=25.3144569397 distance_loss=1.57583200932
Iteration 83 of 100: loss=27.0176353455 object_loss=25.4416370392 distance_loss=1.57599747181
Iteration 84 of 100: loss=25.7319984436 object_loss=24.1560783386 distance_loss=1.57591950893
Iteration 85 of 100: loss=25.7824363708 object_loss=24.2065296173 distance_loss=1.57590687275
Iteration 86 of 100: loss=25.0489006042 object_loss=23.4730091095 distance_loss=1.57589125633
Iteration 87 of 100: loss=25.4993171692 object_loss=23.9233932495 distance_loss=1.57592320442
Iteration 88 of 100: loss=25.3342857361 object_loss=23.7585964203 distance_loss=1.57568860054
Iteration 89 of 100: loss=24.514705658 object_loss=22.9388980865 distance_loss=1.57580673695
Iteration 90 of 100: loss=24.9133358002 object_loss=23.3374576569 distance_loss=1.57587730885
Iteration 91 of 100: loss=26.7609062195 object_loss=25.1850204468 distance_loss=1.57588493824
Iteration 92 of 100: loss=27.4700336456 object_loss=25.8945789337 distance_loss=1.57545542717
Iteration 93 of 100: loss=23.7513008118 object_loss=22.1755924225 distance_loss=1.57570803165
Iteration 94 of 100: loss=24.0100574493 object_loss=22.4342708588 distance_loss=1.57578599453
Iteration 95 of 100: loss=24.309217453 object_loss=22.7336006165 distance_loss=1.5756162405
Iteration 96 of 100: loss=23.5217056274 object_loss=21.9463634491 distance_loss=1.57534313202
Iteration 97 of 100: loss=23.4962997437 object_loss=21.9209499359 distance_loss=1.57534909248
Iteration 98 of 100: loss=19.9216499329 object_loss=18.346321106 distance_loss=1.57532906532
Iteration 99 of 100: loss=20.71900177 object_loss=19.1436138153 distance_loss=1.57538819313
Iteration 0 of 100: loss=18.9533538818 object_loss=17.3780212402 distance_loss=1.57533228397
Iteration 1 of 100: loss=20.5008983612 object_loss=18.9255371094 distance_loss=1.57536041737
Iteration 2 of 100: loss=19.3249168396 object_loss=17.7493877411 distance_loss=1.57553005219
Iteration 3 of 100: loss=22.9668388367 object_loss=21.3909797668 distance_loss=1.57585811615
Iteration 4 of 100: loss=23.0963878632 object_loss=21.5203762054 distance_loss=1.57601213455
Iteration 5 of 100: loss=22.014043808 object_loss=20.4378967285 distance_loss=1.57614707947
Iteration 6 of 100: loss=21.602268219 object_loss=20.025894165 distance_loss=1.57637369633
Iteration 7 of 100: loss=22.3243408203 object_loss=20.7479820251 distance_loss=1.576359272
Iteration 8 of 100: loss=19.5872993469 object_loss=18.0108757019 distance_loss=1.57642447948
Iteration 9 of 100: loss=17.3459377289 object_loss=15.7694482803 distance_loss=1.5764888525
Iteration 10 of 100: loss=19.6902370453 object_loss=18.1137466431 distance_loss=1.57649087906
Iteration 11 of 100: loss=17.844455719 object_loss=16.2681179047 distance_loss=1.57633841038
Iteration 12 of 100: loss=17.0483093262 object_loss=15.4723939896 distance_loss=1.57591581345
Iteration 13 of 100: loss=17.7919235229 object_loss=16.2160129547 distance_loss=1.57591044903
Iteration 14 of 100: loss=15.5777606964 object_loss=14.0016746521 distance_loss=1.57608556747
Iteration 15 of 100: loss=14.6666603088 object_loss=13.0902986526 distance_loss=1.57636141777
Iteration 16 of 100: loss=13.8147239685 object_loss=12.2386140823 distance_loss=1.57610940933
Iteration 17 of 100: loss=14.7668991089 object_loss=13.1905927658 distance_loss=1.57630681992
Iteration 18 of 100: loss=13.6324033737 object_loss=12.0560417175 distance_loss=1.57636153698
Iteration 19 of 100: loss=13.9335517883 object_loss=12.357213974 distance_loss=1.57633733749
Iteration 20 of 100: loss=16.2112159729 object_loss=14.6346683502 distance_loss=1.57654774189
Iteration 21 of 100: loss=16.4938602448 object_loss=14.9172897339 distance_loss=1.57657003403
Iteration 22 of 100: loss=12.4991378784 object_loss=10.9227361679 distance_loss=1.57640182972
Iteration 23 of 100: loss=12.0835962296 object_loss=10.5071229935 distance_loss=1.57647287846
Iteration 24 of 100: loss=11.1322956085 object_loss=9.55570888519 distance_loss=1.5765863657
Iteration 25 of 100: loss=14.458779335 object_loss=12.8820133209 distance_loss=1.57676625252
Iteration 26 of 100: loss=13.7917261124 object_loss=12.2146072388 distance_loss=1.57711899281
Iteration 27 of 100: loss=14.2037687302 object_loss=12.6267728806 distance_loss=1.57699620724
Iteration 28 of 100: loss=14.7275533676 object_loss=13.1510267258 distance_loss=1.57652664185
Iteration 29 of 100: loss=14.2705793381 object_loss=12.6939964294 distance_loss=1.57658302784
Iteration 30 of 100: loss=12.9490919113 object_loss=11.3724365234 distance_loss=1.57665514946
Iteration 31 of 100: loss=12.9493923187 object_loss=11.3727464676 distance_loss=1.5766453743
Iteration 32 of 100: loss=13.3005361557 object_loss=11.7240543365 distance_loss=1.57648158073
Iteration 33 of 100: loss=14.5855827332 object_loss=13.0092058182 distance_loss=1.57637643814
Iteration 34 of 100: loss=15.7380809784 object_loss=14.1617889404 distance_loss=1.5762925148
Iteration 35 of 100: loss=12.6524934769 object_loss=11.0763053894 distance_loss=1.57618844509
Iteration 36 of 100: loss=12.2510290146 object_loss=10.675195694 distance_loss=1.5758330822
Iteration 37 of 100: loss=13.2037906647 object_loss=11.6282052994 distance_loss=1.5755853653
Iteration 38 of 100: loss=13.4454631805 object_loss=11.8698129654 distance_loss=1.57564985752
Iteration 39 of 100: loss=14.8872051239 object_loss=13.3115711212 distance_loss=1.57563400269
Iteration 40 of 100: loss=14.6600399017 object_loss=13.0847387314 distance_loss=1.57530140877
Iteration 41 of 100: loss=14.5341844559 object_loss=12.9591722488 distance_loss=1.5750118494
Iteration 42 of 100: loss=18.7296619415 object_loss=17.1547966003 distance_loss=1.57486617565
Iteration 43 of 100: loss=18.1697425842 object_loss=16.5949630737 distance_loss=1.57477939129
Iteration 44 of 100: loss=14.2787714005 object_loss=12.7044372559 distance_loss=1.57433450222
Iteration 45 of 100: loss=19.8855781555 object_loss=18.3116760254 distance_loss=1.57390224934
Iteration 46 of 100: loss=16.1286830902 object_loss=14.5548992157 distance_loss=1.5737837553
Iteration 47 of 100: loss=17.1852416992 object_loss=15.6115837097 distance_loss=1.57365763187
Iteration 48 of 100: loss=17.9303436279 object_loss=16.3569717407 distance_loss=1.57337117195
Iteration 49 of 100: loss=19.1887016296 object_loss=17.6153297424 distance_loss=1.57337129116
Iteration 50 of 100: loss=15.8034582138 object_loss=14.2302532196 distance_loss=1.57320511341
Iteration 51 of 100: loss=15.7586765289 object_loss=14.1855964661 distance_loss=1.57308030128
Iteration 52 of 100: loss=14.5540733337 object_loss=12.9816417694 distance_loss=1.57243180275
Iteration 53 of 100: loss=14.65346241 object_loss=13.0810680389 distance_loss=1.57239437103
Iteration 54 of 100: loss=14.7772912979 object_loss=13.204996109 distance_loss=1.57229554653
Iteration 55 of 100: loss=14.1836338043 object_loss=12.6114692688 distance_loss=1.57216489315
Iteration 56 of 100: loss=14.8670654297 object_loss=13.2953166962 distance_loss=1.57174921036
Iteration 57 of 100: loss=16.083782196 object_loss=14.5123386383 distance_loss=1.57144355774
Iteration 58 of 100: loss=15.557929039 object_loss=13.986623764 distance_loss=1.57130503654
Iteration 59 of 100: loss=14.8102111816 object_loss=13.2389688492 distance_loss=1.57124257088
Iteration 60 of 100: loss=15.2730445862 object_loss=13.7017221451 distance_loss=1.57132267952
Iteration 61 of 100: loss=14.3292646408 object_loss=12.7581253052 distance_loss=1.57113909721
Iteration 62 of 100: loss=14.8679771423 object_loss=13.2968120575 distance_loss=1.57116472721
Iteration 63 of 100: loss=14.6538200378 object_loss=13.0824861526 distance_loss=1.5713340044
Iteration 64 of 100: loss=14.8162021637 object_loss=13.2449455261 distance_loss=1.57125663757
Iteration 65 of 100: loss=14.7103214264 object_loss=13.1391468048 distance_loss=1.57117438316
Iteration 66 of 100: loss=14.2624235153 object_loss=12.6910991669 distance_loss=1.57132399082
Iteration 67 of 100: loss=14.7415103912 object_loss=13.1701927185 distance_loss=1.5713173151
Iteration 68 of 100: loss=15.3457145691 object_loss=13.7743425369 distance_loss=1.57137155533
Iteration 69 of 100: loss=14.9542169571 object_loss=13.382437706 distance_loss=1.57177901268
Iteration 70 of 100: loss=15.5889081955 object_loss=14.0168523788 distance_loss=1.57205617428
Iteration 71 of 100: loss=16.0087776184 object_loss=14.4362077713 distance_loss=1.5725697279
Iteration 72 of 100: loss=16.6692523956 object_loss=15.0965414047 distance_loss=1.57271015644
Iteration 73 of 100: loss=16.2775974274 object_loss=14.7040929794 distance_loss=1.57350444794
Iteration 74 of 100: loss=15.5679101944 object_loss=13.9938621521 distance_loss=1.57404816151
Iteration 75 of 100: loss=16.5303077698 object_loss=14.9559345245 distance_loss=1.57437336445
Iteration 76 of 100: loss=20.7234306335 object_loss=19.1488647461 distance_loss=1.57456541061
Iteration 77 of 100: loss=18.5920886993 object_loss=17.0167160034 distance_loss=1.57537329197
Iteration 78 of 100: loss=17.8888187408 object_loss=16.3128356934 distance_loss=1.5759832859
Iteration 79 of 100: loss=18.8454856873 object_loss=17.2690544128 distance_loss=1.57643210888
Iteration 80 of 100: loss=15.3187227249 object_loss=13.7417736053 distance_loss=1.57694923878
Iteration 81 of 100: loss=16.5459423065 object_loss=14.9684839249 distance_loss=1.57745826244
Iteration 82 of 100: loss=16.4790878296 object_loss=14.9011526108 distance_loss=1.57793533802
Iteration 83 of 100: loss=16.3721790314 object_loss=14.7937412262 distance_loss=1.57843863964
Iteration 84 of 100: loss=16.1345329285 object_loss=14.5556879044 distance_loss=1.57884550095
Iteration 85 of 100: loss=16.765411377 object_loss=15.186170578 distance_loss=1.57924163342
Iteration 86 of 100: loss=16.047580719 object_loss=14.4679841995 distance_loss=1.57959663868
Iteration 87 of 100: loss=17.496711731 object_loss=15.9168081284 distance_loss=1.57990455627
Iteration 88 of 100: loss=17.7499923706 object_loss=16.1699867249 distance_loss=1.58000564575
Iteration 89 of 100: loss=17.7146224976 object_loss=16.1342048645 distance_loss=1.58041810989
Iteration 90 of 100: loss=18.3769626617 object_loss=16.7962799072 distance_loss=1.58068263531
Iteration 91 of 100: loss=17.7733821869 object_loss=16.1926345825 distance_loss=1.58074760437
Iteration 92 of 100: loss=16.6386928558 object_loss=15.0579338074 distance_loss=1.58075928688
Iteration 93 of 100: loss=16.4743671417 object_loss=14.8933200836 distance_loss=1.5810469389
Iteration 94 of 100: loss=16.3865814209 object_loss=14.8053026199 distance_loss=1.58127963543
Iteration 95 of 100: loss=16.2895088196 object_loss=14.7080497742 distance_loss=1.58145952225
Iteration 96 of 100: loss=16.4698429108 object_loss=14.8883199692 distance_loss=1.5815230608
Iteration 97 of 100: loss=16.6556396484 object_loss=15.0741434097 distance_loss=1.58149588108
Iteration 98 of 100: loss=16.6746025085 object_loss=15.0929489136 distance_loss=1.58165419102
Iteration 99 of 100: loss=15.4809436798 object_loss=13.8988342285 distance_loss=1.58210933208
Iteration 0 of 100: loss=16.4757652283 object_loss=14.8936567307 distance_loss=1.5821082592
Iteration 1 of 100: loss=17.5783748627 object_loss=15.9961290359 distance_loss=1.58224594593
Iteration 2 of 100: loss=17.6461257935 object_loss=16.0637779236 distance_loss=1.5823482275
Iteration 3 of 100: loss=17.2642154694 object_loss=15.6816940308 distance_loss=1.58252227306
Iteration 4 of 100: loss=16.5664691925 object_loss=14.9838218689 distance_loss=1.58264660835
Iteration 5 of 100: loss=17.476650238 object_loss=15.8939647675 distance_loss=1.58268535137
Iteration 6 of 100: loss=16.9735832214 object_loss=15.3907766342 distance_loss=1.58280694485
Iteration 7 of 100: loss=16.6211357117 object_loss=15.0377902985 distance_loss=1.58334612846
Iteration 8 of 100: loss=16.994846344 object_loss=15.4113340378 distance_loss=1.58351182938
Iteration 9 of 100: loss=17.2564239502 object_loss=15.6727027893 distance_loss=1.58372163773
Iteration 10 of 100: loss=17.8711280823 object_loss=16.286775589 distance_loss=1.5843527317
Iteration 11 of 100: loss=15.4209032059 object_loss=13.8361759186 distance_loss=1.58472728729
Iteration 12 of 100: loss=15.6769704819 object_loss=14.0925483704 distance_loss=1.58442223072
Iteration 13 of 100: loss=15.9761514664 object_loss=14.3913192749 distance_loss=1.58483242989
Iteration 14 of 100: loss=17.3750572205 object_loss=15.7898712158 distance_loss=1.58518588543
Iteration 15 of 100: loss=16.940826416 object_loss=15.3554611206 distance_loss=1.58536577225
Iteration 16 of 100: loss=17.5794525146 object_loss=15.9938201904 distance_loss=1.58563172817
Iteration 17 of 100: loss=17.0140075684 object_loss=15.4281892776 distance_loss=1.58581840992
Iteration 18 of 100: loss=16.4195728302 object_loss=14.8335418701 distance_loss=1.58603024483
Iteration 19 of 100: loss=18.9729824066 object_loss=17.3869419098 distance_loss=1.58604037762
Iteration 20 of 100: loss=19.8962135315 object_loss=18.310338974 distance_loss=1.58587408066
Iteration 21 of 100: loss=17.166557312 object_loss=15.5810060501 distance_loss=1.58555197716
Iteration 22 of 100: loss=19.4912052155 object_loss=17.9055480957 distance_loss=1.58565759659
Iteration 23 of 100: loss=21.2605075836 object_loss=19.6745815277 distance_loss=1.58592545986
Iteration 24 of 100: loss=20.6425132751 object_loss=19.0565776825 distance_loss=1.58593583107
Iteration 25 of 100: loss=19.8763504028 object_loss=18.2901649475 distance_loss=1.58618497849
Iteration 26 of 100: loss=20.6996765137 object_loss=19.1134548187 distance_loss=1.58622181416
Iteration 27 of 100: loss=19.3216094971 object_loss=17.7353534698 distance_loss=1.58625686169
Iteration 28 of 100: loss=21.4561290741 object_loss=19.8696193695 distance_loss=1.58651053905
Iteration 29 of 100: loss=20.6524658203 object_loss=19.0656471252 distance_loss=1.5868178606
Iteration 30 of 100: loss=18.7446079254 object_loss=17.1577949524 distance_loss=1.58681285381
Iteration 31 of 100: loss=17.6440258026 object_loss=16.0572414398 distance_loss=1.58678519726
Iteration 32 of 100: loss=18.3312263489 object_loss=16.7450447083 distance_loss=1.58618104458
Iteration 33 of 100: loss=17.7801742554 object_loss=16.1941452026 distance_loss=1.58602941036
Iteration 34 of 100: loss=19.5250072479 object_loss=17.9392147064 distance_loss=1.58579277992
Iteration 35 of 100: loss=19.6237754822 object_loss=18.0383663177 distance_loss=1.58540844917
Iteration 36 of 100: loss=21.0509605408 object_loss=19.4660205841 distance_loss=1.58494019508
Iteration 37 of 100: loss=20.0974578857 object_loss=18.5125923157 distance_loss=1.58486521244
Iteration 38 of 100: loss=19.9961853027 object_loss=18.4115962982 distance_loss=1.58458971977
Iteration 39 of 100: loss=19.9169235229 object_loss=18.3326320648 distance_loss=1.58429205418
Iteration 40 of 100: loss=19.3356361389 object_loss=17.751789093 distance_loss=1.58384609222
Iteration 41 of 100: loss=19.4456977844 object_loss=17.8620929718 distance_loss=1.58360564709
Iteration 42 of 100: loss=19.71525383 object_loss=18.1321277618 distance_loss=1.58312523365
Iteration 43 of 100: loss=16.4465675354 object_loss=14.8636455536 distance_loss=1.58292198181
Iteration 44 of 100: loss=20.7565231323 object_loss=19.1740589142 distance_loss=1.58246421814
Iteration 45 of 100: loss=25.0284671783 object_loss=23.4464473724 distance_loss=1.58202016354
Iteration 46 of 100: loss=20.8333892822 object_loss=19.2514019012 distance_loss=1.58198785782
Iteration 47 of 100: loss=21.04621315 object_loss=19.4644050598 distance_loss=1.58180773258
Iteration 48 of 100: loss=26.9129943848 object_loss=25.331609726 distance_loss=1.58138442039
Iteration 49 of 100: loss=26.7216396332 object_loss=25.1404762268 distance_loss=1.581163764
Iteration 50 of 100: loss=14.4108066559 object_loss=12.8295764923 distance_loss=1.58123064041
Iteration 51 of 100: loss=15.2662725449 object_loss=13.6852035522 distance_loss=1.58106899261
Iteration 52 of 100: loss=16.1299629211 object_loss=14.5493116379 distance_loss=1.58065080643
Iteration 53 of 100: loss=16.1030654907 object_loss=14.5224256516 distance_loss=1.58064043522
Iteration 54 of 100: loss=18.9604072571 object_loss=17.3799285889 distance_loss=1.58047795296
Iteration 55 of 100: loss=14.7069139481 object_loss=13.1267023087 distance_loss=1.58021187782
Iteration 56 of 100: loss=16.8718624115 object_loss=15.2920513153 distance_loss=1.57981109619
Iteration 57 of 100: loss=16.3584022522 object_loss=14.7785634995 distance_loss=1.5798381567
Iteration 58 of 100: loss=18.3529052734 object_loss=16.7731342316 distance_loss=1.5797713995
Iteration 59 of 100: loss=15.5501365662 object_loss=13.9702682495 distance_loss=1.57986879349
Iteration 60 of 100: loss=13.5212259293 object_loss=11.9414577484 distance_loss=1.57976830006
Iteration 61 of 100: loss=13.543847084 object_loss=11.9638748169 distance_loss=1.57997238636
Iteration 62 of 100: loss=13.1326150894 object_loss=11.5525045395 distance_loss=1.58011043072
Iteration 63 of 100: loss=12.868311882 object_loss=11.2880496979 distance_loss=1.58026230335
Iteration 64 of 100: loss=11.0559139252 object_loss=9.47534942627 distance_loss=1.58056497574
Iteration 65 of 100: loss=12.3351545334 object_loss=10.7544670105 distance_loss=1.58068752289
Iteration 66 of 100: loss=11.887717247 object_loss=10.306936264 distance_loss=1.58078062534
Iteration 67 of 100: loss=10.9482402802 object_loss=9.36726379395 distance_loss=1.58097624779
Iteration 68 of 100: loss=14.2906675339 object_loss=12.7096118927 distance_loss=1.58105528355
Iteration 69 of 100: loss=16.1053390503 object_loss=14.524184227 distance_loss=1.58115386963
Iteration 70 of 100: loss=15.6576538086 object_loss=14.0760583878 distance_loss=1.58159542084
Iteration 71 of 100: loss=21.2581100464 object_loss=19.6761875153 distance_loss=1.58192336559
Iteration 72 of 100: loss=16.8113918304 object_loss=15.229678154 distance_loss=1.58171331882
Iteration 73 of 100: loss=17.203830719 object_loss=15.6217975616 distance_loss=1.58203351498
Iteration 74 of 100: loss=20.6079616547 object_loss=19.0255908966 distance_loss=1.58237159252
Iteration 75 of 100: loss=22.1169261932 object_loss=20.5345535278 distance_loss=1.58237278461
Iteration 76 of 100: loss=21.8510742188 object_loss=20.2687034607 distance_loss=1.58237111568
Iteration 77 of 100: loss=21.777973175 object_loss=20.1955833435 distance_loss=1.58238935471
Iteration 78 of 100: loss=24.2018928528 object_loss=22.619512558 distance_loss=1.58238065243
Iteration 79 of 100: loss=19.8368453979 object_loss=18.2541465759 distance_loss=1.58269941807
Iteration 80 of 100: loss=19.788772583 object_loss=18.2059707642 distance_loss=1.58280229568
Iteration 81 of 100: loss=19.384054184 object_loss=17.8012752533 distance_loss=1.58277928829
Iteration 82 of 100: loss=18.5764942169 object_loss=16.9932079315 distance_loss=1.58328676224
Iteration 83 of 100: loss=20.6515350342 object_loss=19.0680885315 distance_loss=1.58344697952
Iteration 84 of 100: loss=22.231306076 object_loss=20.6482696533 distance_loss=1.58303713799
Iteration 85 of 100: loss=21.778213501 object_loss=20.1951751709 distance_loss=1.58303880692
Iteration 86 of 100: loss=23.5249099731 object_loss=21.9415359497 distance_loss=1.5833748579
Iteration 87 of 100: loss=20.253780365 object_loss=18.6702613831 distance_loss=1.58351802826
Iteration 88 of 100: loss=19.0890827179 object_loss=17.5054569244 distance_loss=1.5836263895
Iteration 89 of 100: loss=19.8480243683 object_loss=18.264169693 distance_loss=1.58385419846
Iteration 90 of 100: loss=21.1808586121 object_loss=19.5967960358 distance_loss=1.58406174183
Iteration 91 of 100: loss=24.8229312897 object_loss=23.2387485504 distance_loss=1.58418321609
Iteration 92 of 100: loss=29.2349243164 object_loss=27.6509075165 distance_loss=1.58401656151
Iteration 93 of 100: loss=27.570892334 object_loss=25.9870376587 distance_loss=1.58385443687
Iteration 94 of 100: loss=26.1796855927 object_loss=24.5958843231 distance_loss=1.58380138874
Iteration 95 of 100: loss=26.6258163452 object_loss=25.0418987274 distance_loss=1.58391737938
Iteration 96 of 100: loss=26.4465656281 object_loss=24.8626213074 distance_loss=1.58394432068
Iteration 97 of 100: loss=24.9110717773 object_loss=23.3267726898 distance_loss=1.58429849148
Iteration 98 of 100: loss=29.1898612976 object_loss=27.6054573059 distance_loss=1.58440482616
Iteration 99 of 100: loss=28.1767902374 object_loss=26.5920715332 distance_loss=1.58471930027
Iteration 0 of 100: loss=18.2832660675 object_loss=16.6981620789 distance_loss=1.58510422707
Iteration 1 of 100: loss=28.1675205231 object_loss=26.5824985504 distance_loss=1.58502161503
Iteration 2 of 100: loss=19.5527992249 object_loss=17.9676017761 distance_loss=1.58519816399
Iteration 3 of 100: loss=18.4741039276 object_loss=16.8887844086 distance_loss=1.58531904221
Iteration 4 of 100: loss=14.3578414917 object_loss=12.7723646164 distance_loss=1.58547723293
Iteration 5 of 100: loss=15.9416036606 object_loss=14.3558197021 distance_loss=1.58578419685
Iteration 6 of 100: loss=19.7452659607 object_loss=18.1591110229 distance_loss=1.58615577221
Iteration 7 of 100: loss=21.8326015472 object_loss=20.2462844849 distance_loss=1.58631706238
Iteration 8 of 100: loss=20.7395553589 object_loss=19.1532688141 distance_loss=1.58628618717
Iteration 9 of 100: loss=20.4098072052 object_loss=18.8232421875 distance_loss=1.58656489849
Iteration 10 of 100: loss=25.4033164978 object_loss=23.8164138794 distance_loss=1.58690202236
Iteration 11 of 100: loss=25.2975482941 object_loss=23.7105407715 distance_loss=1.58700680733
Iteration 12 of 100: loss=25.0221862793 object_loss=23.4353752136 distance_loss=1.58681035042
Iteration 13 of 100: loss=25.9761886597 object_loss=24.3888492584 distance_loss=1.58734023571
Iteration 14 of 100: loss=25.829875946 object_loss=24.2422065735 distance_loss=1.5876686573
Iteration 15 of 100: loss=26.1626796722 object_loss=24.5747280121 distance_loss=1.58795213699
Iteration 16 of 100: loss=26.4221363068 object_loss=24.834230423 distance_loss=1.58790552616
Iteration 17 of 100: loss=30.9558429718 object_loss=29.367603302 distance_loss=1.58824050426
Iteration 18 of 100: loss=25.9867954254 object_loss=24.3983306885 distance_loss=1.58846390247
Iteration 19 of 100: loss=26.3880805969 object_loss=24.7996253967 distance_loss=1.58845555782
Iteration 20 of 100: loss=26.2728004456 object_loss=24.6846103668 distance_loss=1.58818948269
Iteration 21 of 100: loss=26.3017597198 object_loss=24.7136516571 distance_loss=1.58810865879
Iteration 22 of 100: loss=26.3391265869 object_loss=24.7509326935 distance_loss=1.58819460869
Iteration 23 of 100: loss=30.5328407288 object_loss=28.9446296692 distance_loss=1.58821177483
Iteration 24 of 100: loss=30.1646461487 object_loss=28.5762863159 distance_loss=1.58835887909
Iteration 25 of 100: loss=31.1223564148 object_loss=29.5339775085 distance_loss=1.58837914467
Iteration 26 of 100: loss=30.6105365753 object_loss=29.0222930908 distance_loss=1.58824396133
Iteration 27 of 100: loss=30.8486728668 object_loss=29.2603645325 distance_loss=1.58830845356
Iteration 28 of 100: loss=30.5569419861 object_loss=28.968667984 distance_loss=1.58827471733
Iteration 29 of 100: loss=30.5289001465 object_loss=28.9409103394 distance_loss=1.58799004555
Iteration 30 of 100: loss=28.0548877716 object_loss=26.4670581818 distance_loss=1.58782982826
Iteration 31 of 100: loss=24.5806179047 object_loss=22.9928226471 distance_loss=1.5877944231
Iteration 32 of 100: loss=22.8214206696 object_loss=21.2339458466 distance_loss=1.58747422695
Iteration 33 of 100: loss=26.534116745 object_loss=24.9464969635 distance_loss=1.58762037754
Iteration 34 of 100: loss=30.6714344025 object_loss=29.0836868286 distance_loss=1.58774709702
Iteration 35 of 100: loss=21.0749359131 object_loss=19.4872150421 distance_loss=1.58772170544
Iteration 36 of 100: loss=21.5439281464 object_loss=19.9562568665 distance_loss=1.58767163754
Iteration 37 of 100: loss=24.575302124 object_loss=22.9876194 distance_loss=1.58768224716
Iteration 38 of 100: loss=17.3708248138 object_loss=15.7832231522 distance_loss=1.58760118484
Iteration 39 of 100: loss=27.4032306671 object_loss=25.8154087067 distance_loss=1.58782243729
Iteration 40 of 100: loss=23.9606571198 object_loss=22.372795105 distance_loss=1.58786273003
Iteration 41 of 100: loss=27.8843612671 object_loss=26.2968502045 distance_loss=1.58751189709
Iteration 42 of 100: loss=29.7789859772 object_loss=28.1916427612 distance_loss=1.58734238148
Iteration 43 of 100: loss=28.2402877808 object_loss=26.6531677246 distance_loss=1.58712077141
Iteration 44 of 100: loss=22.9527378082 object_loss=21.3660316467 distance_loss=1.58670568466
Iteration 45 of 100: loss=24.0687198639 object_loss=22.4821929932 distance_loss=1.58652615547
Iteration 46 of 100: loss=24.6430835724 object_loss=23.0569419861 distance_loss=1.58614182472
Iteration 47 of 100: loss=26.6740970612 object_loss=25.0884342194 distance_loss=1.58566355705
Iteration 48 of 100: loss=21.7122898102 object_loss=20.1270484924 distance_loss=1.5852407217
Iteration 49 of 100: loss=21.8273429871 object_loss=20.2421569824 distance_loss=1.58518588543
Iteration 50 of 100: loss=25.6919193268 object_loss=24.1068210602 distance_loss=1.58509874344
Iteration 51 of 100: loss=25.8808441162 object_loss=24.2956867218 distance_loss=1.58515691757
Iteration 52 of 100: loss=23.7470645905 object_loss=22.1623878479 distance_loss=1.58467721939
Iteration 53 of 100: loss=20.8033237457 object_loss=19.2186012268 distance_loss=1.58472275734
Iteration 54 of 100: loss=27.695941925 object_loss=26.1110267639 distance_loss=1.58491587639
Iteration 55 of 100: loss=20.2210273743 object_loss=18.6360492706 distance_loss=1.58497786522
Iteration 56 of 100: loss=23.9292526245 object_loss=22.3446235657 distance_loss=1.58462810516
Iteration 57 of 100: loss=22.7647838593 object_loss=21.1804237366 distance_loss=1.58436012268
Iteration 58 of 100: loss=20.9024200439 object_loss=19.3182601929 distance_loss=1.58415901661
Iteration 59 of 100: loss=23.7107505798 object_loss=22.1266040802 distance_loss=1.58414697647
Iteration 60 of 100: loss=21.5347747803 object_loss=19.9506187439 distance_loss=1.58415651321
Iteration 61 of 100: loss=17.4848327637 object_loss=15.9007930756 distance_loss=1.58403909206
Iteration 62 of 100: loss=18.5643577576 object_loss=16.9803600311 distance_loss=1.58399736881
Iteration 63 of 100: loss=20.9014949799 object_loss=19.3174114227 distance_loss=1.58408308029
Iteration 64 of 100: loss=21.9010105133 object_loss=20.3168792725 distance_loss=1.58413088322
Iteration 65 of 100: loss=21.8995246887 object_loss=20.3153114319 distance_loss=1.58421397209
Iteration 66 of 100: loss=18.0156764984 object_loss=16.4311161041 distance_loss=1.58456099033
Iteration 67 of 100: loss=26.7210178375 object_loss=25.1362400055 distance_loss=1.58477699757
Iteration 68 of 100: loss=24.7405815125 object_loss=23.1559009552 distance_loss=1.58468151093
Iteration 69 of 100: loss=19.7308712006 object_loss=18.1457843781 distance_loss=1.58508682251
Iteration 70 of 100: loss=25.5870571136 object_loss=24.0017604828 distance_loss=1.58529627323
Iteration 71 of 100: loss=27.5768375397 object_loss=25.9913921356 distance_loss=1.58544588089
Iteration 72 of 100: loss=23.574131012 object_loss=21.9887313843 distance_loss=1.58539974689
Iteration 73 of 100: loss=30.2064380646 object_loss=28.6207294464 distance_loss=1.5857077837
Iteration 74 of 100: loss=29.3248634338 object_loss=27.7392177582 distance_loss=1.58564543724
Iteration 75 of 100: loss=24.3209247589 object_loss=22.7353477478 distance_loss=1.58557665348
Iteration 76 of 100: loss=23.2262535095 object_loss=21.6407089233 distance_loss=1.58554494381
Iteration 77 of 100: loss=21.4197063446 object_loss=19.8344707489 distance_loss=1.58523607254
Iteration 78 of 100: loss=21.5834007263 object_loss=19.998134613 distance_loss=1.58526611328
Iteration 79 of 100: loss=22.6091365814 object_loss=21.0239696503 distance_loss=1.58516716957
Iteration 80 of 100: loss=22.0811481476 object_loss=20.4962902069 distance_loss=1.58485841751
Iteration 81 of 100: loss=23.5822677612 object_loss=21.997428894 distance_loss=1.58483970165
Iteration 82 of 100: loss=21.0216712952 object_loss=19.4370079041 distance_loss=1.58466267586
Iteration 83 of 100: loss=19.7548103333 object_loss=18.1702651978 distance_loss=1.58454501629
Iteration 84 of 100: loss=21.0275611877 object_loss=19.4432106018 distance_loss=1.58434975147
Iteration 85 of 100: loss=21.0476074219 object_loss=19.4635467529 distance_loss=1.58406043053
Iteration 86 of 100: loss=19.9028682709 object_loss=18.31889534 distance_loss=1.58397293091
Iteration 87 of 100: loss=24.5612831116 object_loss=22.9774742126 distance_loss=1.58380973339
Iteration 88 of 100: loss=24.1306495667 object_loss=22.5471343994 distance_loss=1.58351552486
Iteration 89 of 100: loss=15.0972909927 object_loss=13.5136709213 distance_loss=1.58362030983
Iteration 90 of 100: loss=14.0826091766 object_loss=12.4984531403 distance_loss=1.58415651321
Iteration 91 of 100: loss=21.816822052 object_loss=20.2324523926 distance_loss=1.58436882496
Iteration 92 of 100: loss=18.7237472534 object_loss=17.1395816803 distance_loss=1.58416485786
Iteration 93 of 100: loss=16.1217498779 object_loss=14.5372772217 distance_loss=1.5844732523
Iteration 94 of 100: loss=16.7657318115 object_loss=15.1808052063 distance_loss=1.58492588997
Iteration 95 of 100: loss=18.1179103851 object_loss=16.5326461792 distance_loss=1.58526408672
Iteration 96 of 100: loss=19.5626850128 object_loss=17.9773292542 distance_loss=1.58535575867
Iteration 97 of 100: loss=18.9426250458 object_loss=17.3570251465 distance_loss=1.58559954166
Iteration 98 of 100: loss=19.3569278717 object_loss=17.7709693909 distance_loss=1.58595776558
Iteration 99 of 100: loss=16.043390274 object_loss=14.4570360184 distance_loss=1.58635449409
Iteration 0 of 100: loss=22.725643158 object_loss=21.1388397217 distance_loss=1.5868024826
Iteration 1 of 100: loss=22.2203884125 object_loss=20.6332912445 distance_loss=1.58709788322
Iteration 2 of 100: loss=15.3780632019 object_loss=13.7905635834 distance_loss=1.5874992609
Iteration 3 of 100: loss=17.4056873322 object_loss=15.8173799515 distance_loss=1.58830738068
Iteration 4 of 100: loss=23.1567993164 object_loss=21.567949295 distance_loss=1.58885061741
Iteration 5 of 100: loss=19.3357963562 object_loss=17.7463321686 distance_loss=1.58946490288
Iteration 6 of 100: loss=19.5168056488 object_loss=17.9267654419 distance_loss=1.59003996849
Iteration 7 of 100: loss=16.3478565216 object_loss=14.7574186325 distance_loss=1.59043824673
Iteration 8 of 100: loss=16.2966175079 object_loss=14.7059612274 distance_loss=1.59065556526
Iteration 9 of 100: loss=22.4549713135 object_loss=20.864074707 distance_loss=1.59089756012
Iteration 10 of 100: loss=20.8557090759 object_loss=19.2646789551 distance_loss=1.5910307169
Iteration 11 of 100: loss=21.4759044647 object_loss=19.8846664429 distance_loss=1.59123766422
Iteration 12 of 100: loss=22.6631755829 object_loss=21.0718955994 distance_loss=1.59128081799
Iteration 13 of 100: loss=22.2870979309 object_loss=20.6956501007 distance_loss=1.59144723415
Iteration 14 of 100: loss=22.4489307404 object_loss=20.8574447632 distance_loss=1.59148609638
Iteration 15 of 100: loss=18.0287303925 object_loss=16.4371261597 distance_loss=1.59160423279
Iteration 16 of 100: loss=19.7682647705 object_loss=18.1770324707 distance_loss=1.59123265743
Iteration 17 of 100: loss=19.5571403503 object_loss=17.9656009674 distance_loss=1.5915402174
Iteration 18 of 100: loss=16.2911567688 object_loss=14.6989879608 distance_loss=1.59216892719
Iteration 19 of 100: loss=20.4212837219 object_loss=18.8287239075 distance_loss=1.59255921841
Iteration 20 of 100: loss=19.9286060333 object_loss=18.3357543945 distance_loss=1.59285128117
Iteration 21 of 100: loss=16.8268966675 object_loss=15.2340011597 distance_loss=1.59289455414
Iteration 22 of 100: loss=16.044090271 object_loss=14.451133728 distance_loss=1.59295558929
Iteration 23 of 100: loss=12.8586845398 object_loss=11.2653865814 distance_loss=1.59329807758
Iteration 24 of 100: loss=15.3756408691 object_loss=13.7823820114 distance_loss=1.59325861931
Iteration 25 of 100: loss=15.2427940369 object_loss=13.6494512558 distance_loss=1.59334278107
Iteration 26 of 100: loss=21.6539134979 object_loss=20.0604248047 distance_loss=1.59348833561
Iteration 27 of 100: loss=22.1477832794 object_loss=20.5541744232 distance_loss=1.59360861778
Iteration 28 of 100: loss=23.7421016693 object_loss=22.1489830017 distance_loss=1.59311842918
Iteration 29 of 100: loss=19.5844459534 object_loss=17.9912338257 distance_loss=1.59321296215
Iteration 30 of 100: loss=17.6962604523 object_loss=16.1029720306 distance_loss=1.59328830242
Iteration 31 of 100: loss=16.1127338409 object_loss=14.5196123123 distance_loss=1.59312176704
Iteration 32 of 100: loss=18.5707473755 object_loss=16.9777946472 distance_loss=1.59295332432
Iteration 33 of 100: loss=17.9266815186 object_loss=16.3334655762 distance_loss=1.59321594238
Iteration 34 of 100: loss=20.5448532104 object_loss=18.9513607025 distance_loss=1.59349298477
Iteration 35 of 100: loss=17.4149112701 object_loss=15.821313858 distance_loss=1.59359776974
Iteration 36 of 100: loss=19.0643062592 object_loss=17.4709892273 distance_loss=1.59331774712
Iteration 37 of 100: loss=16.0591144562 object_loss=14.4660739899 distance_loss=1.59304058552
Iteration 38 of 100: loss=18.4406509399 object_loss=16.847366333 distance_loss=1.59328401089
Iteration 39 of 100: loss=17.2382850647 object_loss=15.6446619034 distance_loss=1.59362244606
Iteration 40 of 100: loss=15.0409593582 object_loss=13.447142601 distance_loss=1.59381651878
Iteration 41 of 100: loss=17.6401042938 object_loss=16.0459003448 distance_loss=1.59420347214
Iteration 42 of 100: loss=19.0194358826 object_loss=17.4248924255 distance_loss=1.59454321861
Iteration 43 of 100: loss=16.474275589 object_loss=14.8793935776 distance_loss=1.59488201141
Iteration 44 of 100: loss=14.431854248 object_loss=12.8364219666 distance_loss=1.59543204308
Iteration 45 of 100: loss=14.0892515182 object_loss=12.493434906 distance_loss=1.59581685066
Iteration 46 of 100: loss=15.793762207 object_loss=14.1974086761 distance_loss=1.59635317326
Iteration 47 of 100: loss=16.2475700378 object_loss=14.6505851746 distance_loss=1.59698402882
Iteration 48 of 100: loss=22.2833080292 object_loss=20.6859817505 distance_loss=1.59732544422
Iteration 49 of 100: loss=20.5195064545 object_loss=18.9217071533 distance_loss=1.59779989719
Iteration 50 of 100: loss=19.7526054382 object_loss=18.1540222168 distance_loss=1.59858250618
Iteration 51 of 100: loss=20.6180324554 object_loss=19.0188026428 distance_loss=1.59922921658
Iteration 52 of 100: loss=22.1281261444 object_loss=20.5287895203 distance_loss=1.59933650494
Iteration 53 of 100: loss=21.7723655701 object_loss=20.1723976135 distance_loss=1.59996891022
Iteration 54 of 100: loss=20.2308712006 object_loss=18.6305160522 distance_loss=1.60035586357
Iteration 55 of 100: loss=18.4804782867 object_loss=16.8797416687 distance_loss=1.60073685646
Iteration 56 of 100: loss=18.8955574036 object_loss=17.2946128845 distance_loss=1.60094487667
Iteration 57 of 100: loss=17.1365776062 object_loss=15.5353593826 distance_loss=1.60121834278
Iteration 58 of 100: loss=18.027639389 object_loss=16.4262695312 distance_loss=1.60136950016
Iteration 59 of 100: loss=14.6172151566 object_loss=13.0154762268 distance_loss=1.60173928738
Iteration 60 of 100: loss=16.2390155792 object_loss=14.6371545792 distance_loss=1.60186076164
Iteration 61 of 100: loss=15.9357261658 object_loss=14.333738327 distance_loss=1.60198831558
Iteration 62 of 100: loss=15.4252262115 object_loss=13.8226299286 distance_loss=1.60259628296
Iteration 63 of 100: loss=16.6137866974 object_loss=15.0107851028 distance_loss=1.60300147533
Iteration 64 of 100: loss=15.8516492844 object_loss=14.2486743927 distance_loss=1.60297453403
Iteration 65 of 100: loss=15.8086395264 object_loss=14.2055196762 distance_loss=1.60311973095
Iteration 66 of 100: loss=14.7172880173 object_loss=13.1139717102 distance_loss=1.60331594944
Iteration 67 of 100: loss=14.8945522308 object_loss=13.2911052704 distance_loss=1.60344719887
Iteration 68 of 100: loss=19.7636089325 object_loss=18.1599597931 distance_loss=1.60364985466
Iteration 69 of 100: loss=22.2404708862 object_loss=20.6369285583 distance_loss=1.60354292393
Iteration 70 of 100: loss=24.4559116364 object_loss=22.852689743 distance_loss=1.60322153568
Iteration 71 of 100: loss=28.5226249695 object_loss=26.9193973541 distance_loss=1.60322701931
Iteration 72 of 100: loss=27.3056564331 object_loss=25.7022190094 distance_loss=1.60343718529
Iteration 73 of 100: loss=24.1042003632 object_loss=22.5001564026 distance_loss=1.60404443741
Iteration 74 of 100: loss=27.9599456787 object_loss=26.3553791046 distance_loss=1.60456752777
Iteration 75 of 100: loss=23.9886665344 object_loss=22.3836193085 distance_loss=1.605047822
Iteration 76 of 100: loss=22.1751766205 object_loss=20.5700321198 distance_loss=1.60514366627
Iteration 77 of 100: loss=21.3849372864 object_loss=19.7794628143 distance_loss=1.605473876
Iteration 78 of 100: loss=25.9107170105 object_loss=24.3049545288 distance_loss=1.60576176643
Iteration 79 of 100: loss=25.7765026093 object_loss=24.1704158783 distance_loss=1.60608744621
Iteration 80 of 100: loss=25.9906520844 object_loss=24.3842582703 distance_loss=1.60639464855
Iteration 81 of 100: loss=28.1196250916 object_loss=26.5129833221 distance_loss=1.60664153099
Iteration 82 of 100: loss=27.3120956421 object_loss=25.7054347992 distance_loss=1.60666131973
Iteration 83 of 100: loss=27.6650218964 object_loss=26.0580329895 distance_loss=1.60698854923
Iteration 84 of 100: loss=27.1909809113 object_loss=25.5835437775 distance_loss=1.60743737221
Iteration 85 of 100: loss=28.8576278687 object_loss=27.2498168945 distance_loss=1.60781002045
Iteration 86 of 100: loss=27.363117218 object_loss=25.7549533844 distance_loss=1.60816335678
Iteration 87 of 100: loss=31.1998844147 object_loss=29.5914897919 distance_loss=1.60839438438
Iteration 88 of 100: loss=32.0499687195 object_loss=30.4416007996 distance_loss=1.60836613178
Iteration 89 of 100: loss=29.8887634277 object_loss=28.2800102234 distance_loss=1.60875248909
Iteration 90 of 100: loss=31.5503578186 object_loss=29.9411010742 distance_loss=1.60925650597
Iteration 91 of 100: loss=27.7702102661 object_loss=26.1607666016 distance_loss=1.6094430685
Iteration 92 of 100: loss=30.1733398438 object_loss=28.5639572144 distance_loss=1.60938298702
Iteration 93 of 100: loss=29.1810779572 object_loss=27.5710964203 distance_loss=1.60998225212
Iteration 94 of 100: loss=30.0573959351 object_loss=28.4471187592 distance_loss=1.61027789116
Iteration 95 of 100: loss=30.2338218689 object_loss=28.6233310699 distance_loss=1.610491395
Iteration 96 of 100: loss=29.7060260773 object_loss=28.095495224 distance_loss=1.61053073406
Iteration 97 of 100: loss=28.8369731903 object_loss=27.2264633179 distance_loss=1.61051034927
Iteration 98 of 100: loss=29.7194252014 object_loss=28.1086120605 distance_loss=1.61081278324
Iteration 99 of 100: loss=29.5894641876 object_loss=27.978471756 distance_loss=1.61099267006
Iteration 0 of 100: loss=30.7774200439 object_loss=29.166475296 distance_loss=1.61094510555
Iteration 1 of 100: loss=30.070608139 object_loss=28.4596042633 distance_loss=1.6110047102
Iteration 2 of 100: loss=30.647939682 object_loss=29.0366477966 distance_loss=1.61129236221
Iteration 3 of 100: loss=30.7257099152 object_loss=29.114358902 distance_loss=1.6113512516
Iteration 4 of 100: loss=32.31457901 object_loss=30.7032299042 distance_loss=1.61134874821
Iteration 5 of 100: loss=32.2043304443 object_loss=30.592912674 distance_loss=1.61141622066
Iteration 6 of 100: loss=32.2047958374 object_loss=30.5932846069 distance_loss=1.61151266098
Iteration 7 of 100: loss=34.3544654846 object_loss=32.742729187 distance_loss=1.61173570156
Iteration 8 of 100: loss=32.3875083923 object_loss=30.7757949829 distance_loss=1.61171174049
Iteration 9 of 100: loss=29.9849205017 object_loss=28.3730926514 distance_loss=1.61182713509
Iteration 10 of 100: loss=30.6411800385 object_loss=29.0294017792 distance_loss=1.61177885532
Iteration 11 of 100: loss=28.5854568481 object_loss=26.9737300873 distance_loss=1.61172735691
Iteration 12 of 100: loss=28.1904354095 object_loss=26.5793380737 distance_loss=1.61109805107
Iteration 13 of 100: loss=27.3182239532 object_loss=25.706987381 distance_loss=1.61123692989
Iteration 14 of 100: loss=26.843328476 object_loss=25.2321872711 distance_loss=1.6111420393
Iteration 15 of 100: loss=29.6887626648 object_loss=28.0778694153 distance_loss=1.61089253426
Iteration 16 of 100: loss=29.1739997864 object_loss=27.5633163452 distance_loss=1.61068296432
Iteration 17 of 100: loss=28.4224758148 object_loss=26.8119297028 distance_loss=1.6105453968
Iteration 18 of 100: loss=31.4482116699 object_loss=29.8378639221 distance_loss=1.61034798622
Iteration 19 of 100: loss=31.5643596649 object_loss=29.9540462494 distance_loss=1.61031341553
Iteration 20 of 100: loss=27.9889469147 object_loss=26.3788719177 distance_loss=1.61007416248
Iteration 21 of 100: loss=27.7559642792 object_loss=26.1463184357 distance_loss=1.60964512825
Iteration 22 of 100: loss=29.1652412415 object_loss=27.5557861328 distance_loss=1.60945534706
Iteration 23 of 100: loss=28.6639041901 object_loss=27.0545482635 distance_loss=1.60935544968
Iteration 24 of 100: loss=28.2023677826 object_loss=26.5931892395 distance_loss=1.60917937756
Iteration 25 of 100: loss=29.1656360626 object_loss=27.5568218231 distance_loss=1.60881507397
Iteration 26 of 100: loss=28.2289657593 object_loss=26.6202602386 distance_loss=1.60870587826
Iteration 27 of 100: loss=26.4404811859 object_loss=24.8318748474 distance_loss=1.60860693455
Iteration 28 of 100: loss=28.2915897369 object_loss=26.6825752258 distance_loss=1.60901451111
Iteration 29 of 100: loss=27.5729370117 object_loss=25.9635219574 distance_loss=1.60941493511
Iteration 30 of 100: loss=24.8367767334 object_loss=23.2267780304 distance_loss=1.60999906063
Iteration 31 of 100: loss=28.3857688904 object_loss=26.7750778198 distance_loss=1.61069154739
Iteration 32 of 100: loss=32.019493103 object_loss=30.4086074829 distance_loss=1.61088752747
Iteration 33 of 100: loss=32.2288131714 object_loss=30.6173362732 distance_loss=1.61147809029
Iteration 34 of 100: loss=30.5402011871 object_loss=28.9281406403 distance_loss=1.61205983162
Iteration 35 of 100: loss=27.0761947632 object_loss=25.4636955261 distance_loss=1.6124985218
Iteration 36 of 100: loss=21.0462837219 object_loss=19.4336109161 distance_loss=1.612672925
Iteration 37 of 100: loss=22.8006076813 object_loss=21.1874675751 distance_loss=1.61314070225
Iteration 38 of 100: loss=22.4677734375 object_loss=20.8544597626 distance_loss=1.61331439018
Iteration 39 of 100: loss=23.8247585297 object_loss=22.2112827301 distance_loss=1.61347579956
Iteration 40 of 100: loss=26.1602401733 object_loss=24.5465049744 distance_loss=1.61373448372
Iteration 41 of 100: loss=26.5332126617 object_loss=24.9192466736 distance_loss=1.61396551132
Iteration 42 of 100: loss=27.2133693695 object_loss=25.5992641449 distance_loss=1.61410486698
Iteration 43 of 100: loss=27.9303836823 object_loss=26.3161563873 distance_loss=1.61422669888
Iteration 44 of 100: loss=27.5840778351 object_loss=25.9699382782 distance_loss=1.61414039135
Iteration 45 of 100: loss=25.6351852417 object_loss=24.0211620331 distance_loss=1.61402273178
Iteration 46 of 100: loss=24.7912960052 object_loss=23.1774215698 distance_loss=1.61387431622
Iteration 47 of 100: loss=24.3282184601 object_loss=22.7144927979 distance_loss=1.61372590065
Iteration 48 of 100: loss=24.2247314453 object_loss=22.6113777161 distance_loss=1.61335325241
Iteration 49 of 100: loss=21.7299118042 object_loss=20.1164531708 distance_loss=1.61345875263
Iteration 50 of 100: loss=26.5530548096 object_loss=24.9396190643 distance_loss=1.61343634129
Iteration 51 of 100: loss=34.1546211243 object_loss=32.5410270691 distance_loss=1.61359286308
Iteration 52 of 100: loss=29.7874412537 object_loss=28.1736946106 distance_loss=1.61374747753
Iteration 53 of 100: loss=30.712272644 object_loss=29.098115921 distance_loss=1.6141564846
Iteration 54 of 100: loss=29.5265254974 object_loss=27.9119758606 distance_loss=1.61454880238
Iteration 55 of 100: loss=28.0790500641 object_loss=26.4640464783 distance_loss=1.61500298977
Iteration 56 of 100: loss=30.1449928284 object_loss=28.529624939 distance_loss=1.61536812782
Iteration 57 of 100: loss=29.7097187042 object_loss=28.093996048 distance_loss=1.61572289467
Iteration 58 of 100: loss=27.5423736572 object_loss=25.926115036 distance_loss=1.6162583828
Iteration 59 of 100: loss=27.0295543671 object_loss=25.4127788544 distance_loss=1.61677491665
Iteration 60 of 100: loss=24.5482692719 object_loss=22.9313354492 distance_loss=1.61693441868
Iteration 61 of 100: loss=23.5661964417 object_loss=21.9491271973 distance_loss=1.61706924438
Iteration 62 of 100: loss=24.6124515533 object_loss=22.9949913025 distance_loss=1.61746025085
Iteration 63 of 100: loss=24.3191452026 object_loss=22.7013530731 distance_loss=1.61779284477
Iteration 64 of 100: loss=25.1976108551 object_loss=23.5798168182 distance_loss=1.61779415607
Iteration 65 of 100: loss=24.2894172668 object_loss=22.6714382172 distance_loss=1.61797904968
Iteration 66 of 100: loss=23.9267902374 object_loss=22.3088035583 distance_loss=1.61798679829
Iteration 67 of 100: loss=29.0553302765 object_loss=27.4372653961 distance_loss=1.618065238
Iteration 68 of 100: loss=27.9922962189 object_loss=26.3744659424 distance_loss=1.61782956123
Iteration 69 of 100: loss=28.1396961212 object_loss=26.5219726562 distance_loss=1.61772274971
Iteration 70 of 100: loss=22.415102005 object_loss=20.7973327637 distance_loss=1.61776983738
Iteration 71 of 100: loss=19.4823379517 object_loss=17.8646736145 distance_loss=1.61766374111
Iteration 72 of 100: loss=20.4000148773 object_loss=18.7831382751 distance_loss=1.61687707901
Iteration 73 of 100: loss=20.1320133209 object_loss=18.5152778625 distance_loss=1.61673569679
Iteration 74 of 100: loss=25.1379928589 object_loss=23.5213184357 distance_loss=1.61667358875
Iteration 75 of 100: loss=23.8111114502 object_loss=22.1947555542 distance_loss=1.61635601521
Iteration 76 of 100: loss=19.1899528503 object_loss=17.5739269257 distance_loss=1.61602592468
Iteration 77 of 100: loss=17.6961212158 object_loss=16.0802307129 distance_loss=1.61589109898
Iteration 78 of 100: loss=19.6540107727 object_loss=18.0384712219 distance_loss=1.61554050446
Iteration 79 of 100: loss=20.9355449677 object_loss=19.3201313019 distance_loss=1.61541318893
Iteration 80 of 100: loss=19.3477783203 object_loss=17.7323856354 distance_loss=1.61539304256
Iteration 81 of 100: loss=19.0434474945 object_loss=17.4283332825 distance_loss=1.61511349678
Iteration 82 of 100: loss=19.3738803864 object_loss=17.758813858 distance_loss=1.6150662899
Iteration 83 of 100: loss=19.2650661469 object_loss=17.6500205994 distance_loss=1.61504507065
Iteration 84 of 100: loss=21.7433395386 object_loss=20.1284561157 distance_loss=1.61488342285
Iteration 85 of 100: loss=18.7031745911 object_loss=17.0881462097 distance_loss=1.61502838135
Iteration 86 of 100: loss=18.4009189606 object_loss=16.7858390808 distance_loss=1.61508011818
Iteration 87 of 100: loss=18.8245334625 object_loss=17.209569931 distance_loss=1.61496400833
Iteration 88 of 100: loss=18.7664222717 object_loss=17.151391983 distance_loss=1.61502933502
Iteration 89 of 100: loss=16.3737316132 object_loss=14.758556366 distance_loss=1.61517596245
Iteration 90 of 100: loss=17.9682865143 object_loss=16.3529834747 distance_loss=1.61530339718
Iteration 91 of 100: loss=17.0259246826 object_loss=15.4103899002 distance_loss=1.61553573608
Iteration 92 of 100: loss=17.4737262726 object_loss=15.8583669662 distance_loss=1.61535859108
Iteration 93 of 100: loss=17.6243076324 object_loss=16.0087852478 distance_loss=1.61552298069
Iteration 94 of 100: loss=16.6350898743 object_loss=15.019452095 distance_loss=1.61563694477
Iteration 95 of 100: loss=17.1886367798 object_loss=15.5729789734 distance_loss=1.61565804482
Iteration 96 of 100: loss=18.2776203156 object_loss=16.6620960236 distance_loss=1.61552429199
Iteration 97 of 100: loss=19.2816677094 object_loss=17.6660690308 distance_loss=1.61559939384
Iteration 98 of 100: loss=17.4376144409 object_loss=15.8219852448 distance_loss=1.61562895775
Iteration 99 of 100: loss=19.2890548706 object_loss=17.6733703613 distance_loss=1.61568427086
Iteration 0 of 100: loss=20.1584968567 object_loss=18.5426521301 distance_loss=1.6158452034
Iteration 1 of 100: loss=21.2280578613 object_loss=19.6121921539 distance_loss=1.61586642265
Iteration 2 of 100: loss=23.619304657 object_loss=22.0033798218 distance_loss=1.61592447758
Iteration 3 of 100: loss=19.2346096039 object_loss=17.6184654236 distance_loss=1.61614382267
Iteration 4 of 100: loss=20.2066879272 object_loss=18.5906257629 distance_loss=1.61606216431
Iteration 5 of 100: loss=19.0146007538 object_loss=17.3985729218 distance_loss=1.61602830887
Iteration 6 of 100: loss=18.1271438599 object_loss=16.5111026764 distance_loss=1.61604034901
Iteration 7 of 100: loss=18.0596923828 object_loss=16.4437923431 distance_loss=1.61590063572
Iteration 8 of 100: loss=20.8303661346 object_loss=19.2148036957 distance_loss=1.61556220055
Iteration 9 of 100: loss=19.5616950989 object_loss=17.9465312958 distance_loss=1.61516320705
Iteration 10 of 100: loss=20.2748947144 object_loss=18.6599063873 distance_loss=1.61498832703
Iteration 11 of 100: loss=21.0222892761 object_loss=19.4075679779 distance_loss=1.61472034454
Iteration 12 of 100: loss=20.0599155426 object_loss=18.4454631805 distance_loss=1.6144516468
Iteration 13 of 100: loss=22.0355052948 object_loss=20.4210262299 distance_loss=1.61447942257
Iteration 14 of 100: loss=22.8817577362 object_loss=21.2672023773 distance_loss=1.61455512047
Iteration 15 of 100: loss=21.395324707 object_loss=19.7807540894 distance_loss=1.61456978321
Iteration 16 of 100: loss=19.8497200012 object_loss=18.235206604 distance_loss=1.61451268196
Iteration 17 of 100: loss=20.1247558594 object_loss=18.5102729797 distance_loss=1.61448204517
Iteration 18 of 100: loss=20.9271316528 object_loss=19.3125114441 distance_loss=1.61462056637
Iteration 19 of 100: loss=20.7018222809 object_loss=19.0870704651 distance_loss=1.61475205421
Iteration 20 of 100: loss=20.114616394 object_loss=18.5002727509 distance_loss=1.61434447765
Iteration 21 of 100: loss=21.6138401031 object_loss=19.9997844696 distance_loss=1.6140550375
Iteration 22 of 100: loss=21.7686462402 object_loss=20.1549625397 distance_loss=1.61368405819
Iteration 23 of 100: loss=20.5296993256 object_loss=18.9161682129 distance_loss=1.61353051662
Iteration 24 of 100: loss=21.7964553833 object_loss=20.1828899384 distance_loss=1.61356532574
Iteration 25 of 100: loss=22.2544956207 object_loss=20.6409130096 distance_loss=1.61358261108
Iteration 26 of 100: loss=22.4400653839 object_loss=20.8266124725 distance_loss=1.61345219612
Iteration 27 of 100: loss=22.2195472717 object_loss=20.6062526703 distance_loss=1.61329555511
Iteration 28 of 100: loss=21.505235672 object_loss=19.8920974731 distance_loss=1.61313831806
Iteration 29 of 100: loss=29.6958656311 object_loss=28.0827579498 distance_loss=1.61310696602
Iteration 30 of 100: loss=24.1348953247 object_loss=22.521648407 distance_loss=1.6132478714
Iteration 31 of 100: loss=20.1048240662 object_loss=18.4913692474 distance_loss=1.61345541477
Iteration 32 of 100: loss=20.2025413513 object_loss=18.589422226 distance_loss=1.6131196022
Iteration 33 of 100: loss=21.9861087799 object_loss=20.3727626801 distance_loss=1.61334526539
Iteration 34 of 100: loss=21.9484577179 object_loss=20.3350028992 distance_loss=1.61345493793
Iteration 35 of 100: loss=21.7300720215 object_loss=20.1167697906 distance_loss=1.61330258846
Iteration 36 of 100: loss=21.8411064148 object_loss=20.2280769348 distance_loss=1.61302852631
Iteration 37 of 100: loss=23.5880680084 object_loss=21.9752826691 distance_loss=1.61278486252
Iteration 38 of 100: loss=21.6566944122 object_loss=20.0441379547 distance_loss=1.61255598068
Iteration 39 of 100: loss=19.3109378815 object_loss=17.6984920502 distance_loss=1.61244618893
Iteration 40 of 100: loss=20.5409011841 object_loss=18.9287052155 distance_loss=1.61219644547
Iteration 41 of 100: loss=21.7894821167 object_loss=20.1776981354 distance_loss=1.61178398132
Iteration 42 of 100: loss=21.9902877808 object_loss=20.3784809113 distance_loss=1.61180663109
Iteration 43 of 100: loss=22.4686088562 object_loss=20.8568019867 distance_loss=1.61180698872
Iteration 44 of 100: loss=22.2720794678 object_loss=20.6602935791 distance_loss=1.61178576946
Iteration 45 of 100: loss=22.6815795898 object_loss=21.0695514679 distance_loss=1.61202764511
Iteration 46 of 100: loss=23.3722572327 object_loss=21.7598876953 distance_loss=1.61236858368
Iteration 47 of 100: loss=24.4851074219 object_loss=22.8725585938 distance_loss=1.61254823208
Iteration 48 of 100: loss=23.6220817566 object_loss=22.0094566345 distance_loss=1.61262440681
Iteration 49 of 100: loss=23.1884918213 object_loss=21.5756397247 distance_loss=1.61285126209
Iteration 50 of 100: loss=23.0691814423 object_loss=21.4562225342 distance_loss=1.6129591465
Iteration 51 of 100: loss=22.4815177917 object_loss=20.8684768677 distance_loss=1.61304092407
Iteration 52 of 100: loss=22.4829750061 object_loss=20.8699760437 distance_loss=1.61299884319
Iteration 53 of 100: loss=20.7812767029 object_loss=19.1679553986 distance_loss=1.61332190037
Iteration 54 of 100: loss=22.1528682709 object_loss=20.5394668579 distance_loss=1.61340200901
Iteration 55 of 100: loss=21.7987632751 object_loss=20.1853141785 distance_loss=1.61344969273
Iteration 56 of 100: loss=22.067150116 object_loss=20.4539165497 distance_loss=1.6132338047
Iteration 57 of 100: loss=21.9277019501 object_loss=20.3142089844 distance_loss=1.61349308491
Iteration 58 of 100: loss=23.1812210083 object_loss=21.5676708221 distance_loss=1.61355054379
Iteration 59 of 100: loss=24.2074604034 object_loss=22.5937995911 distance_loss=1.61366117001
Iteration 60 of 100: loss=22.6087989807 object_loss=20.9949245453 distance_loss=1.61387348175
Iteration 61 of 100: loss=21.4281578064 object_loss=19.8141536713 distance_loss=1.61400473118
Iteration 62 of 100: loss=22.4587345123 object_loss=20.8448638916 distance_loss=1.61386978626
Iteration 63 of 100: loss=27.3734779358 object_loss=25.7594833374 distance_loss=1.61399447918
Iteration 64 of 100: loss=28.5902004242 object_loss=26.9759502411 distance_loss=1.61424970627
Iteration 65 of 100: loss=27.816986084 object_loss=26.2028121948 distance_loss=1.61417353153
Iteration 66 of 100: loss=27.4087181091 object_loss=25.7943878174 distance_loss=1.61432981491
Iteration 67 of 100: loss=28.5588779449 object_loss=26.9446334839 distance_loss=1.61424446106
Iteration 68 of 100: loss=28.4082603455 object_loss=26.7944087982 distance_loss=1.6138522625
Iteration 69 of 100: loss=28.4227619171 object_loss=26.8085784912 distance_loss=1.61418366432
Iteration 70 of 100: loss=28.5528240204 object_loss=26.9381999969 distance_loss=1.61462450027
Iteration 71 of 100: loss=31.3993988037 object_loss=29.7846317291 distance_loss=1.61476743221
Iteration 72 of 100: loss=28.4805469513 object_loss=26.8658809662 distance_loss=1.61466515064
Iteration 73 of 100: loss=27.7457885742 object_loss=26.1307582855 distance_loss=1.61503040791
Iteration 74 of 100: loss=26.3004875183 object_loss=24.6852397919 distance_loss=1.61524868011
Iteration 75 of 100: loss=26.5982627869 object_loss=24.9826335907 distance_loss=1.61562895775
Iteration 76 of 100: loss=27.0547103882 object_loss=25.4391956329 distance_loss=1.6155153513
Iteration 77 of 100: loss=27.4271945953 object_loss=25.8116188049 distance_loss=1.61557638645
Iteration 78 of 100: loss=26.1615962982 object_loss=24.5460243225 distance_loss=1.61557245255
Iteration 79 of 100: loss=25.8806991577 object_loss=24.2651519775 distance_loss=1.61554801464
Iteration 80 of 100: loss=30.6150341034 object_loss=28.9997882843 distance_loss=1.61524629593
Iteration 81 of 100: loss=29.9320278168 object_loss=28.3168144226 distance_loss=1.61521267891
Iteration 82 of 100: loss=27.6199932098 object_loss=26.0048217773 distance_loss=1.61517179012
Iteration 83 of 100: loss=26.4927253723 object_loss=24.8775310516 distance_loss=1.61519527435
Iteration 84 of 100: loss=22.6074237823 object_loss=20.9920730591 distance_loss=1.61535084248
Iteration 85 of 100: loss=26.4286727905 object_loss=24.8133621216 distance_loss=1.61531043053
Iteration 86 of 100: loss=26.6083297729 object_loss=24.9928340912 distance_loss=1.61549568176
Iteration 87 of 100: loss=28.2312507629 object_loss=26.6154785156 distance_loss=1.61577260494
Iteration 88 of 100: loss=28.0107803345 object_loss=26.3950462341 distance_loss=1.61573457718
Iteration 89 of 100: loss=29.6082763672 object_loss=27.9921855927 distance_loss=1.61609041691
Iteration 90 of 100: loss=28.173406601 object_loss=26.5569400787 distance_loss=1.61646687984
Iteration 91 of 100: loss=26.2917022705 object_loss=24.6748466492 distance_loss=1.61685538292
Iteration 92 of 100: loss=24.2991485596 object_loss=22.6822414398 distance_loss=1.6169077158
Iteration 93 of 100: loss=24.1602287292 object_loss=22.542722702 distance_loss=1.6175057888
Iteration 94 of 100: loss=22.5387859344 object_loss=20.9208908081 distance_loss=1.61789464951
Iteration 95 of 100: loss=22.1546001434 object_loss=20.5363445282 distance_loss=1.61825561523
Iteration 96 of 100: loss=22.4378471375 object_loss=20.8193435669 distance_loss=1.61850404739
Iteration 97 of 100: loss=22.350025177 object_loss=20.7314376831 distance_loss=1.61858689785
Iteration 98 of 100: loss=25.3435058594 object_loss=23.7245826721 distance_loss=1.61892294884
Iteration 99 of 100: loss=24.6161689758 object_loss=22.9970016479 distance_loss=1.61916697025
Iteration 0 of 100: loss=25.750125885 object_loss=24.1308460236 distance_loss=1.6192792654
Iteration 1 of 100: loss=25.6169319153 object_loss=23.9972877502 distance_loss=1.61964488029
Iteration 2 of 100: loss=24.9818687439 object_loss=23.3617897034 distance_loss=1.62007963657
Iteration 3 of 100: loss=24.8078365326 object_loss=23.1872673035 distance_loss=1.62056875229
Iteration 4 of 100: loss=29.3472537994 object_loss=27.7265605927 distance_loss=1.62069320679
Iteration 5 of 100: loss=27.2975521088 object_loss=25.6765117645 distance_loss=1.62104046345
Iteration 6 of 100: loss=26.354549408 object_loss=24.7332878113 distance_loss=1.62126123905
Iteration 7 of 100: loss=26.5925254822 object_loss=24.9711513519 distance_loss=1.62137508392
Iteration 8 of 100: loss=27.1122627258 object_loss=25.4907951355 distance_loss=1.62146663666
Iteration 9 of 100: loss=28.0816879272 object_loss=26.459854126 distance_loss=1.6218341589
Iteration 10 of 100: loss=29.1352920532 object_loss=27.513130188 distance_loss=1.6221626997
Iteration 11 of 100: loss=27.8577384949 object_loss=26.2352218628 distance_loss=1.6225168705
Iteration 12 of 100: loss=27.2634124756 object_loss=25.6408901215 distance_loss=1.62252187729
Iteration 13 of 100: loss=27.847038269 object_loss=26.2238826752 distance_loss=1.62315642834
Iteration 14 of 100: loss=28.4752521515 object_loss=26.8516521454 distance_loss=1.62359988689
Iteration 15 of 100: loss=28.6438465118 object_loss=27.020116806 distance_loss=1.62372934818
Iteration 16 of 100: loss=29.7472000122 object_loss=28.123588562 distance_loss=1.62361168861
Iteration 17 of 100: loss=29.0612392426 object_loss=27.4372634888 distance_loss=1.62397563457
Iteration 18 of 100: loss=30.5207004547 object_loss=28.8963165283 distance_loss=1.62438321114
Iteration 19 of 100: loss=31.4264183044 object_loss=29.8017616272 distance_loss=1.62465620041
Iteration 20 of 100: loss=32.2684783936 object_loss=30.6434612274 distance_loss=1.62501764297
Iteration 21 of 100: loss=32.7162399292 object_loss=31.0910682678 distance_loss=1.62517249584
Iteration 22 of 100: loss=30.9881095886 object_loss=29.3627910614 distance_loss=1.6253182888
Iteration 23 of 100: loss=30.9383716583 object_loss=29.3128204346 distance_loss=1.62555158138
Iteration 24 of 100: loss=30.3589763641 object_loss=28.7332077026 distance_loss=1.62576794624
Iteration 25 of 100: loss=30.4494972229 object_loss=28.8235931396 distance_loss=1.62590408325
Iteration 26 of 100: loss=29.9132289886 object_loss=28.2870750427 distance_loss=1.62615323067
Iteration 27 of 100: loss=30.3211708069 object_loss=28.6948852539 distance_loss=1.62628483772
Iteration 28 of 100: loss=27.8531646729 object_loss=26.2269802094 distance_loss=1.62618410587
Iteration 29 of 100: loss=27.8141345978 object_loss=26.1877632141 distance_loss=1.6263705492
Iteration 30 of 100: loss=27.3916854858 object_loss=25.7650108337 distance_loss=1.62667536736
Iteration 31 of 100: loss=27.6611766815 object_loss=26.0342521667 distance_loss=1.62692523003
Iteration 32 of 100: loss=27.4374237061 object_loss=25.8104743958 distance_loss=1.62694954872
Iteration 33 of 100: loss=26.1171779633 object_loss=24.4898796082 distance_loss=1.62729787827
Iteration 34 of 100: loss=29.7713718414 object_loss=28.1440906525 distance_loss=1.62728118896
Iteration 35 of 100: loss=28.7447547913 object_loss=27.1175308228 distance_loss=1.62722301483
Iteration 36 of 100: loss=28.5193157196 object_loss=26.8922977448 distance_loss=1.62701761723
Iteration 37 of 100: loss=28.9909954071 object_loss=27.3641223907 distance_loss=1.6268736124
Iteration 38 of 100: loss=30.3547897339 object_loss=28.727973938 distance_loss=1.62681627274
Iteration 39 of 100: loss=29.2694396973 object_loss=27.6425991058 distance_loss=1.62683963776
Iteration 40 of 100: loss=29.8460292816 object_loss=28.2194252014 distance_loss=1.62660360336
Iteration 41 of 100: loss=30.3244094849 object_loss=28.6979160309 distance_loss=1.6264936924
Iteration 42 of 100: loss=30.515417099 object_loss=28.8888893127 distance_loss=1.626527071
Iteration 43 of 100: loss=28.8506698608 object_loss=27.2241134644 distance_loss=1.62655675411
Iteration 44 of 100: loss=30.3161087036 object_loss=28.6896057129 distance_loss=1.62650215626
Iteration 45 of 100: loss=32.7500038147 object_loss=31.12342453 distance_loss=1.6265809536
Iteration 46 of 100: loss=32.6967849731 object_loss=31.0702419281 distance_loss=1.62654316425
Iteration 47 of 100: loss=31.3228340149 object_loss=29.6960544586 distance_loss=1.62678015232
Iteration 48 of 100: loss=31.5587158203 object_loss=29.9320163727 distance_loss=1.62670004368
Iteration 49 of 100: loss=31.6032733917 object_loss=29.9766368866 distance_loss=1.62663567066
Iteration 50 of 100: loss=31.2441978455 object_loss=29.6172542572 distance_loss=1.62694370747
Iteration 51 of 100: loss=31.9585990906 object_loss=30.3316001892 distance_loss=1.62699878216
Iteration 52 of 100: loss=31.5675849915 object_loss=29.9411029816 distance_loss=1.62648117542
Iteration 53 of 100: loss=30.9983787537 object_loss=29.3718090057 distance_loss=1.62657022476
Iteration 54 of 100: loss=31.1460075378 object_loss=29.5193881989 distance_loss=1.62661993504
Iteration 55 of 100: loss=31.8106079102 object_loss=30.1841621399 distance_loss=1.62644577026
Iteration 56 of 100: loss=29.0444946289 object_loss=27.4182510376 distance_loss=1.62624263763
Iteration 57 of 100: loss=27.6817741394 object_loss=26.0556774139 distance_loss=1.62609612942
Iteration 58 of 100: loss=31.0933437347 object_loss=29.4674758911 distance_loss=1.62586700916
Iteration 59 of 100: loss=31.1912937164 object_loss=29.5653896332 distance_loss=1.62590491772
Iteration 60 of 100: loss=29.2393703461 object_loss=27.6135578156 distance_loss=1.62581217289
Iteration 61 of 100: loss=28.192527771 object_loss=26.5669727325 distance_loss=1.6255543232
Iteration 62 of 100: loss=29.6450424194 object_loss=28.0196876526 distance_loss=1.62535524368
Iteration 63 of 100: loss=29.9172878265 object_loss=28.2917442322 distance_loss=1.62554442883
Iteration 64 of 100: loss=30.8943805695 object_loss=29.2687721252 distance_loss=1.62560904026
Iteration 65 of 100: loss=32.1755256653 object_loss=30.5495471954 distance_loss=1.62597751617
Iteration 66 of 100: loss=33.6148376465 object_loss=31.9888248444 distance_loss=1.62601351738
Iteration 67 of 100: loss=33.7220344543 object_loss=32.0960655212 distance_loss=1.62596797943
Iteration 68 of 100: loss=31.4283828735 object_loss=29.802324295 distance_loss=1.62605822086
Iteration 69 of 100: loss=31.1539707184 object_loss=29.5276947021 distance_loss=1.6262755394
Iteration 70 of 100: loss=30.8671836853 object_loss=29.2407283783 distance_loss=1.62645542622
Iteration 71 of 100: loss=31.673494339 object_loss=30.0471038818 distance_loss=1.6263910532
Iteration 72 of 100: loss=31.9978313446 object_loss=30.3717632294 distance_loss=1.62606823444
Iteration 73 of 100: loss=31.8330612183 object_loss=30.2069034576 distance_loss=1.62615871429
Iteration 74 of 100: loss=32.1876220703 object_loss=30.5612850189 distance_loss=1.62633800507
Iteration 75 of 100: loss=31.4022750854 object_loss=29.7758293152 distance_loss=1.62644577026
Iteration 76 of 100: loss=30.7323246002 object_loss=29.1058063507 distance_loss=1.62651836872
Iteration 77 of 100: loss=31.4545249939 object_loss=29.8278675079 distance_loss=1.62665832043
Iteration 78 of 100: loss=28.7145824432 object_loss=27.0878276825 distance_loss=1.62675452232
Iteration 79 of 100: loss=32.0251159668 object_loss=30.3981437683 distance_loss=1.62697291374
Iteration 80 of 100: loss=32.5359802246 object_loss=30.9087333679 distance_loss=1.62724673748
Iteration 81 of 100: loss=29.9675521851 object_loss=28.3402900696 distance_loss=1.62726294994
Iteration 82 of 100: loss=26.2246208191 object_loss=24.597234726 distance_loss=1.62738656998
Iteration 83 of 100: loss=28.0634937286 object_loss=26.4359531403 distance_loss=1.62754142284
Iteration 84 of 100: loss=28.7197265625 object_loss=27.0921630859 distance_loss=1.62756371498
Iteration 85 of 100: loss=23.9515762329 object_loss=22.3238811493 distance_loss=1.62769520283
Iteration 86 of 100: loss=23.8999290466 object_loss=22.2719726562 distance_loss=1.62795686722
Iteration 87 of 100: loss=27.3790416718 object_loss=25.7510089874 distance_loss=1.62803339958
Iteration 88 of 100: loss=26.6106071472 object_loss=24.9829292297 distance_loss=1.62767803669
Iteration 89 of 100: loss=28.8672447205 object_loss=27.239282608 distance_loss=1.62796247005
Iteration 90 of 100: loss=28.5038280487 object_loss=26.8755569458 distance_loss=1.62827157974
Iteration 91 of 100: loss=25.8742084503 object_loss=24.2458229065 distance_loss=1.62838470936
Iteration 92 of 100: loss=26.6776638031 object_loss=25.0494232178 distance_loss=1.62823998928
Iteration 93 of 100: loss=24.5428962708 object_loss=22.9142589569 distance_loss=1.62863719463
Iteration 94 of 100: loss=35.0729408264 object_loss=33.4441261292 distance_loss=1.62881445885
Iteration 95 of 100: loss=30.2122783661 object_loss=28.583480835 distance_loss=1.62879693508
Iteration 96 of 100: loss=32.8970222473 object_loss=31.2681674957 distance_loss=1.62885415554
Iteration 97 of 100: loss=34.19713974 object_loss=32.568031311 distance_loss=1.62910914421
Iteration 98 of 100: loss=33.6647911072 object_loss=32.0354042053 distance_loss=1.62938511372
Iteration 99 of 100: loss=33.4326210022 object_loss=31.802904129 distance_loss=1.6297185421
Iteration 0 of 100: loss=34.6275405884 object_loss=32.9978408813 distance_loss=1.62969863415
Iteration 1 of 100: loss=36.3062019348 object_loss=34.6761894226 distance_loss=1.63001346588
Iteration 2 of 100: loss=36.3242797852 object_loss=34.6942214966 distance_loss=1.6300586462
Iteration 3 of 100: loss=36.6101150513 object_loss=34.979927063 distance_loss=1.63018667698
Iteration 4 of 100: loss=36.1643218994 object_loss=34.534072876 distance_loss=1.63024759293
Iteration 5 of 100: loss=34.8061256409 object_loss=33.1760635376 distance_loss=1.63006365299
Iteration 6 of 100: loss=35.1825408936 object_loss=33.5526313782 distance_loss=1.62990891933
Iteration 7 of 100: loss=34.4817771912 object_loss=32.8519973755 distance_loss=1.62978100777
Iteration 8 of 100: loss=33.6467704773 object_loss=32.0170898438 distance_loss=1.62968027592
Iteration 9 of 100: loss=32.7697792053 object_loss=31.1403694153 distance_loss=1.62941145897
Iteration 10 of 100: loss=34.4698486328 object_loss=32.8404159546 distance_loss=1.62943351269
Iteration 11 of 100: loss=25.7598381042 object_loss=24.1304073334 distance_loss=1.62943100929
Iteration 12 of 100: loss=32.6167068481 object_loss=30.9878864288 distance_loss=1.62881958485
Iteration 13 of 100: loss=29.1525936127 object_loss=27.5238361359 distance_loss=1.6287573576
Iteration 14 of 100: loss=27.8958435059 object_loss=26.2670230865 distance_loss=1.62882137299
Iteration 15 of 100: loss=30.2855625153 object_loss=28.6567420959 distance_loss=1.62881958485
Iteration 16 of 100: loss=26.8736114502 object_loss=25.2451095581 distance_loss=1.6285020113
Iteration 17 of 100: loss=31.9198360443 object_loss=30.2915267944 distance_loss=1.62830996513
Iteration 18 of 100: loss=30.9249362946 object_loss=29.2967510223 distance_loss=1.62818598747
Iteration 19 of 100: loss=30.8543643951 object_loss=29.2260894775 distance_loss=1.62827467918
Iteration 20 of 100: loss=29.4883766174 object_loss=27.8602352142 distance_loss=1.62814056873
Iteration 21 of 100: loss=28.2244930267 object_loss=26.5964412689 distance_loss=1.62805175781
Iteration 22 of 100: loss=30.8433933258 object_loss=29.2152023315 distance_loss=1.62819099426
Iteration 23 of 100: loss=26.4997024536 object_loss=24.8711776733 distance_loss=1.62852466106
Iteration 24 of 100: loss=32.6092338562 object_loss=30.9808311462 distance_loss=1.62840259075
Iteration 25 of 100: loss=30.4365921021 object_loss=28.8081455231 distance_loss=1.62844693661
Iteration 26 of 100: loss=30.3762722015 object_loss=28.7475204468 distance_loss=1.62875127792
Iteration 27 of 100: loss=30.2790031433 object_loss=28.6501255035 distance_loss=1.62887847424
Iteration 28 of 100: loss=32.0212860107 object_loss=30.3921661377 distance_loss=1.62911891937
Iteration 29 of 100: loss=28.1985759735 object_loss=26.5691356659 distance_loss=1.62944018841
Iteration 30 of 100: loss=31.7323665619 object_loss=30.1027774811 distance_loss=1.62958967686
Iteration 31 of 100: loss=27.7947483063 object_loss=26.1649398804 distance_loss=1.62980866432
Iteration 32 of 100: loss=31.3426113129 object_loss=29.7128219604 distance_loss=1.62978947163
Iteration 33 of 100: loss=28.7680358887 object_loss=27.1380290985 distance_loss=1.63000762463
Iteration 34 of 100: loss=29.0969352722 object_loss=27.4668750763 distance_loss=1.6300599575
Iteration 35 of 100: loss=27.7273044586 object_loss=26.0971431732 distance_loss=1.63016045094
Iteration 36 of 100: loss=28.9465427399 object_loss=27.3165187836 distance_loss=1.63002347946
Iteration 37 of 100: loss=32.8925552368 object_loss=31.2624073029 distance_loss=1.63014876842
Iteration 38 of 100: loss=31.23163414 object_loss=29.6014137268 distance_loss=1.63022112846
Iteration 39 of 100: loss=32.2082443237 object_loss=30.5778770447 distance_loss=1.63036704063
Iteration 40 of 100: loss=35.8409919739 object_loss=34.2103919983 distance_loss=1.63059878349
Iteration 41 of 100: loss=31.2627124786 object_loss=29.6319236755 distance_loss=1.63078808784
Iteration 42 of 100: loss=31.9829540253 object_loss=30.3521003723 distance_loss=1.63085436821
Iteration 43 of 100: loss=32.4447250366 object_loss=30.8137187958 distance_loss=1.63100588322
Iteration 44 of 100: loss=32.6047668457 object_loss=30.9737701416 distance_loss=1.63099646568
Iteration 45 of 100: loss=32.9962158203 object_loss=31.3650550842 distance_loss=1.63116014004
Iteration 46 of 100: loss=33.219707489 object_loss=31.5883731842 distance_loss=1.63133454323
Iteration 47 of 100: loss=32.3301544189 object_loss=30.6988525391 distance_loss=1.63130199909
Iteration 48 of 100: loss=33.5440063477 object_loss=31.9128303528 distance_loss=1.63117575645
Iteration 49 of 100: loss=32.5579795837 object_loss=30.9265270233 distance_loss=1.63145303726
Iteration 50 of 100: loss=31.9870815277 object_loss=30.3556270599 distance_loss=1.63145387173
Iteration 51 of 100: loss=32.7507705688 object_loss=31.1195602417 distance_loss=1.63121211529
Iteration 52 of 100: loss=32.6011390686 object_loss=30.9703063965 distance_loss=1.63083267212
Iteration 53 of 100: loss=32.8344230652 object_loss=31.2034187317 distance_loss=1.63100266457
Iteration 54 of 100: loss=33.4136657715 object_loss=31.7826213837 distance_loss=1.63104391098
Iteration 55 of 100: loss=32.3903884888 object_loss=30.7593708038 distance_loss=1.63101887703
Iteration 56 of 100: loss=33.714756012 object_loss=32.0842399597 distance_loss=1.63051724434
Iteration 57 of 100: loss=33.5294036865 object_loss=31.8991336823 distance_loss=1.63027107716
Iteration 58 of 100: loss=33.9538764954 object_loss=32.3237838745 distance_loss=1.63009369373
Iteration 59 of 100: loss=34.0219230652 object_loss=32.3922080994 distance_loss=1.62971615791
Iteration 60 of 100: loss=31.163066864 object_loss=29.5338249207 distance_loss=1.62924098969
Iteration 61 of 100: loss=33.8854141235 object_loss=32.2565994263 distance_loss=1.62881362438
Iteration 62 of 100: loss=34.8183403015 object_loss=33.189540863 distance_loss=1.62879955769
Iteration 63 of 100: loss=33.1637878418 object_loss=31.5348415375 distance_loss=1.62894535065
Iteration 64 of 100: loss=34.1305961609 object_loss=32.5017738342 distance_loss=1.62882173061
Iteration 65 of 100: loss=33.5226516724 object_loss=31.8939933777 distance_loss=1.62865805626
Iteration 66 of 100: loss=33.6921958923 object_loss=32.0635414124 distance_loss=1.6286560297
Iteration 67 of 100: loss=31.4109592438 object_loss=29.7823524475 distance_loss=1.62860763073
Iteration 68 of 100: loss=31.270816803 object_loss=29.6423492432 distance_loss=1.62846791744
Iteration 69 of 100: loss=31.5033550262 object_loss=29.8749065399 distance_loss=1.62844777107
Iteration 70 of 100: loss=31.2558517456 object_loss=29.627325058 distance_loss=1.62852704525
Iteration 71 of 100: loss=31.7854938507 object_loss=30.15675354 distance_loss=1.6287394762
Iteration 72 of 100: loss=31.7706794739 object_loss=30.142408371 distance_loss=1.62827074528
Iteration 73 of 100: loss=32.9258728027 object_loss=31.2975540161 distance_loss=1.62831926346
Iteration 74 of 100: loss=32.7968292236 object_loss=31.1684951782 distance_loss=1.62833511829
Iteration 75 of 100: loss=32.6557273865 object_loss=31.0273933411 distance_loss=1.62833285332
Iteration 76 of 100: loss=31.808391571 object_loss=30.1801795959 distance_loss=1.62821233273
Iteration 77 of 100: loss=31.4673480988 object_loss=29.8391571045 distance_loss=1.62819159031
Iteration 78 of 100: loss=32.1946601868 object_loss=30.5667285919 distance_loss=1.62793326378
Iteration 79 of 100: loss=33.1875953674 object_loss=31.5597248077 distance_loss=1.62787127495
Iteration 80 of 100: loss=33.1420402527 object_loss=31.5140552521 distance_loss=1.62798631191
Iteration 81 of 100: loss=33.1642456055 object_loss=31.5364608765 distance_loss=1.62778449059
Iteration 82 of 100: loss=33.3275299072 object_loss=31.699716568 distance_loss=1.62781512737
Iteration 83 of 100: loss=31.8924407959 object_loss=30.2645244598 distance_loss=1.6279156208
Iteration 84 of 100: loss=32.234703064 object_loss=30.6071338654 distance_loss=1.62756955624
Iteration 85 of 100: loss=29.1113376617 object_loss=27.4839515686 distance_loss=1.62738609314
Iteration 86 of 100: loss=30.7452774048 object_loss=29.1181087494 distance_loss=1.62716770172
Iteration 87 of 100: loss=30.933599472 object_loss=29.3067150116 distance_loss=1.62688529491
Iteration 88 of 100: loss=32.7246170044 object_loss=31.0978889465 distance_loss=1.62672841549
Iteration 89 of 100: loss=32.4669914246 object_loss=30.8402881622 distance_loss=1.62670278549
Iteration 90 of 100: loss=31.0015735626 object_loss=29.3750305176 distance_loss=1.62654340267
Iteration 91 of 100: loss=30.0640411377 object_loss=28.4374637604 distance_loss=1.62657773495
Iteration 92 of 100: loss=30.02876091 object_loss=28.4027366638 distance_loss=1.62602388859
Iteration 93 of 100: loss=29.7569713593 object_loss=28.1310882568 distance_loss=1.62588369846
Iteration 94 of 100: loss=30.8591175079 object_loss=29.2331676483 distance_loss=1.62594985962
Iteration 95 of 100: loss=31.0199813843 object_loss=29.3940448761 distance_loss=1.62593579292
Iteration 96 of 100: loss=26.5506362915 object_loss=24.9252357483 distance_loss=1.62540006638
Iteration 97 of 100: loss=32.6942634583 object_loss=31.0689506531 distance_loss=1.62531328201
Iteration 98 of 100: loss=30.7163944244 object_loss=29.0910873413 distance_loss=1.62530696392
Iteration 99 of 100: loss=29.6487045288 object_loss=28.0236129761 distance_loss=1.6250923872
Iteration 0 of 100: loss=30.5426330566 object_loss=28.9176254272 distance_loss=1.62500691414
Iteration 1 of 100: loss=29.9585914612 object_loss=28.3336200714 distance_loss=1.62497091293
Iteration 2 of 100: loss=31.3865013123 object_loss=29.761680603 distance_loss=1.62482142448
Iteration 3 of 100: loss=31.1519546509 object_loss=29.526884079 distance_loss=1.62506973743
Iteration 4 of 100: loss=32.8008537292 object_loss=31.1755065918 distance_loss=1.6253465414
Iteration 5 of 100: loss=35.8731575012 object_loss=34.2474708557 distance_loss=1.62568485737
Iteration 6 of 100: loss=32.5853309631 object_loss=30.9591598511 distance_loss=1.62616956234
Iteration 7 of 100: loss=35.5252799988 object_loss=33.8987236023 distance_loss=1.62655758858
Iteration 8 of 100: loss=34.6538581848 object_loss=33.0269584656 distance_loss=1.62689983845
Iteration 9 of 100: loss=35.3040008545 object_loss=33.6765785217 distance_loss=1.62742066383
Iteration 10 of 100: loss=33.4173583984 object_loss=31.7894001007 distance_loss=1.62795960903
Iteration 11 of 100: loss=33.9418754578 object_loss=32.3135566711 distance_loss=1.62831926346
Iteration 12 of 100: loss=28.6718463898 object_loss=27.0431098938 distance_loss=1.62873566151
Iteration 13 of 100: loss=31.6843147278 object_loss=30.0549201965 distance_loss=1.62939357758
Iteration 14 of 100: loss=30.4136295319 object_loss=28.7840690613 distance_loss=1.62956130505
Iteration 15 of 100: loss=29.3594474792 object_loss=27.7298927307 distance_loss=1.62955498695
Iteration 16 of 100: loss=33.8811912537 object_loss=32.2518386841 distance_loss=1.62935340405
Iteration 17 of 100: loss=33.2485122681 object_loss=31.6195774078 distance_loss=1.62893390656
Iteration 18 of 100: loss=34.7991752625 object_loss=33.1703948975 distance_loss=1.62878131866
Iteration 19 of 100: loss=30.2457962036 object_loss=28.6171474457 distance_loss=1.62864816189
Iteration 20 of 100: loss=36.0789070129 object_loss=34.4503593445 distance_loss=1.6285482645
Iteration 21 of 100: loss=35.1526031494 object_loss=33.5240592957 distance_loss=1.62854278088
Iteration 22 of 100: loss=34.7269058228 object_loss=33.0980796814 distance_loss=1.6288254261
Iteration 23 of 100: loss=29.4248943329 object_loss=27.7957572937 distance_loss=1.62913632393
Iteration 24 of 100: loss=27.993522644 object_loss=26.3641090393 distance_loss=1.6294144392
Iteration 25 of 100: loss=23.6278839111 object_loss=21.9983100891 distance_loss=1.62957406044
Iteration 26 of 100: loss=33.2646179199 object_loss=31.6347770691 distance_loss=1.62984120846
Iteration 27 of 100: loss=29.8795433044 object_loss=28.2493667603 distance_loss=1.63017642498
Iteration 28 of 100: loss=31.0828456879 object_loss=29.4528312683 distance_loss=1.63001453876
Iteration 29 of 100: loss=31.3262252808 object_loss=29.6959686279 distance_loss=1.63025760651
Iteration 30 of 100: loss=32.2359962463 object_loss=30.6054115295 distance_loss=1.6305835247
Iteration 31 of 100: loss=33.4739837646 object_loss=31.8431968689 distance_loss=1.63078784943
Iteration 32 of 100: loss=32.2228469849 object_loss=30.5922985077 distance_loss=1.63054871559
Iteration 33 of 100: loss=31.2375011444 object_loss=29.6064968109 distance_loss=1.63100445271
Iteration 34 of 100: loss=29.1598072052 object_loss=27.5286083221 distance_loss=1.63119828701
Iteration 35 of 100: loss=30.0097732544 object_loss=28.378200531 distance_loss=1.63157272339
Iteration 36 of 100: loss=29.9552993774 object_loss=28.3233966827 distance_loss=1.63190293312
Iteration 37 of 100: loss=31.0972728729 object_loss=29.4650268555 distance_loss=1.63224601746
Iteration 38 of 100: loss=30.8991127014 object_loss=29.2665958405 distance_loss=1.63251626492
Iteration 39 of 100: loss=32.0148849487 object_loss=30.3818969727 distance_loss=1.63298738003
Iteration 40 of 100: loss=33.0092773438 object_loss=31.3758945465 distance_loss=1.63338363171
Iteration 41 of 100: loss=29.4958610535 object_loss=27.8620605469 distance_loss=1.63379967213
Iteration 42 of 100: loss=28.2075424194 object_loss=26.573141098 distance_loss=1.63440072536
Iteration 43 of 100: loss=30.6881256104 object_loss=29.0529079437 distance_loss=1.63521718979
Iteration 44 of 100: loss=34.700088501 object_loss=33.0643997192 distance_loss=1.63568985462
Iteration 45 of 100: loss=32.4852294922 object_loss=30.8490829468 distance_loss=1.63614594936
Iteration 46 of 100: loss=31.9470405579 object_loss=30.310552597 distance_loss=1.63648736477
Iteration 47 of 100: loss=32.1830825806 object_loss=30.5464744568 distance_loss=1.63660883904
Iteration 48 of 100: loss=30.2859401703 object_loss=28.6491641998 distance_loss=1.63677573204
Iteration 49 of 100: loss=32.7496109009 object_loss=31.112613678 distance_loss=1.63699841499
Iteration 50 of 100: loss=32.7649116516 object_loss=31.1275405884 distance_loss=1.63737118244
Iteration 51 of 100: loss=31.5606765747 object_loss=29.9228839874 distance_loss=1.63779234886
Iteration 52 of 100: loss=32.0312347412 object_loss=30.3931732178 distance_loss=1.63806200027
Iteration 53 of 100: loss=33.9127845764 object_loss=32.2743186951 distance_loss=1.6384665966
Iteration 54 of 100: loss=30.2672595978 object_loss=28.6284370422 distance_loss=1.63882303238
Iteration 55 of 100: loss=34.2477874756 object_loss=32.6086082458 distance_loss=1.63917899132
Iteration 56 of 100: loss=33.1777877808 object_loss=31.5386486053 distance_loss=1.63914012909
Iteration 57 of 100: loss=33.5123672485 object_loss=31.8731803894 distance_loss=1.63918578625
Iteration 58 of 100: loss=33.5662574768 object_loss=31.9271030426 distance_loss=1.63915479183
Iteration 59 of 100: loss=32.0222625732 object_loss=30.3830661774 distance_loss=1.63919782639
Iteration 60 of 100: loss=31.4733448029 object_loss=29.8341598511 distance_loss=1.63918507099
Iteration 61 of 100: loss=30.5759925842 object_loss=28.9367160797 distance_loss=1.63927662373
Iteration 62 of 100: loss=30.8986148834 object_loss=29.2594490051 distance_loss=1.63916575909
Iteration 63 of 100: loss=28.8914318085 object_loss=27.2522296906 distance_loss=1.63920247555
Iteration 64 of 100: loss=31.3308925629 object_loss=29.6916484833 distance_loss=1.63924372196
Iteration 65 of 100: loss=32.3003692627 object_loss=30.6610908508 distance_loss=1.63927996159
Iteration 66 of 100: loss=33.6243591309 object_loss=31.9848937988 distance_loss=1.63946449757
Iteration 67 of 100: loss=32.6016387939 object_loss=30.9620552063 distance_loss=1.63958251476
Iteration 68 of 100: loss=34.2507858276 object_loss=32.6114730835 distance_loss=1.63931393623
Iteration 69 of 100: loss=33.5604782104 object_loss=31.9209938049 distance_loss=1.63948345184
Iteration 70 of 100: loss=31.0331363678 object_loss=29.3933868408 distance_loss=1.63975012302
Iteration 71 of 100: loss=31.7174053192 object_loss=30.0776615143 distance_loss=1.63974320889
Iteration 72 of 100: loss=30.0866527557 object_loss=28.446855545 distance_loss=1.63979756832
Iteration 73 of 100: loss=31.9096984863 object_loss=30.2695999146 distance_loss=1.64009928703
Iteration 74 of 100: loss=31.9313354492 object_loss=30.2909049988 distance_loss=1.64043140411
Iteration 75 of 100: loss=35.8113937378 object_loss=34.1707382202 distance_loss=1.64065408707
Iteration 76 of 100: loss=31.8660526276 object_loss=30.2254600525 distance_loss=1.6405929327
Iteration 77 of 100: loss=31.8891944885 object_loss=30.2486896515 distance_loss=1.64050579071
Iteration 78 of 100: loss=30.8672389984 object_loss=29.226524353 distance_loss=1.64071404934
Iteration 79 of 100: loss=33.3776397705 object_loss=31.7366847992 distance_loss=1.64095520973
Iteration 80 of 100: loss=32.008972168 object_loss=30.3681526184 distance_loss=1.64081788063
Iteration 81 of 100: loss=31.3197593689 object_loss=29.6787281036 distance_loss=1.6410317421
Iteration 82 of 100: loss=33.0534591675 object_loss=31.4121170044 distance_loss=1.64134287834
Iteration 83 of 100: loss=33.182308197 object_loss=31.5406017303 distance_loss=1.64170658588
Iteration 84 of 100: loss=31.6461009979 object_loss=30.0040454865 distance_loss=1.64205574989
Iteration 85 of 100: loss=32.183177948 object_loss=30.541097641 distance_loss=1.64208209515
Iteration 86 of 100: loss=31.4427337646 object_loss=29.80078125 distance_loss=1.64195156097
Iteration 87 of 100: loss=31.73072052 object_loss=30.0888309479 distance_loss=1.64188981056
Iteration 88 of 100: loss=31.8471240997 object_loss=30.2052822113 distance_loss=1.64184200764
Iteration 89 of 100: loss=32.6676330566 object_loss=31.0256595612 distance_loss=1.64197492599
Iteration 90 of 100: loss=33.2530136108 object_loss=31.6108760834 distance_loss=1.6421391964
Iteration 91 of 100: loss=32.0454940796 object_loss=30.4034347534 distance_loss=1.64206004143
Iteration 92 of 100: loss=29.8357791901 object_loss=28.194185257 distance_loss=1.64159417152
Iteration 93 of 100: loss=31.6252994537 object_loss=29.9835395813 distance_loss=1.64175903797
Iteration 94 of 100: loss=31.0624675751 object_loss=29.4204692841 distance_loss=1.6419980526
Iteration 95 of 100: loss=30.8194904327 object_loss=29.1771183014 distance_loss=1.6423728466
Iteration 96 of 100: loss=31.4811553955 object_loss=29.8386154175 distance_loss=1.64254069328
Iteration 97 of 100: loss=32.3743858337 object_loss=30.7314510345 distance_loss=1.64293420315
Iteration 98 of 100: loss=31.7295570374 object_loss=30.0864582062 distance_loss=1.64309871197
Iteration 99 of 100: loss=30.9688453674 object_loss=29.3251972198 distance_loss=1.64364778996
Iteration 0 of 100: loss=30.1803398132 object_loss=28.5363845825 distance_loss=1.64395534992
Iteration 1 of 100: loss=28.5176181793 object_loss=26.8738155365 distance_loss=1.64380228519
Iteration 2 of 100: loss=27.8849334717 object_loss=26.241071701 distance_loss=1.64386129379
Iteration 3 of 100: loss=28.682641983 object_loss=27.0387229919 distance_loss=1.64391839504
Iteration 4 of 100: loss=28.8617763519 object_loss=27.2179050446 distance_loss=1.64387202263
Iteration 5 of 100: loss=27.3810787201 object_loss=25.7371730804 distance_loss=1.6439063549
Iteration 6 of 100: loss=28.3316326141 object_loss=26.6874961853 distance_loss=1.64413702488
Iteration 7 of 100: loss=29.443693161 object_loss=27.7997074127 distance_loss=1.64398550987
Iteration 8 of 100: loss=30.9188270569 object_loss=29.2749938965 distance_loss=1.64383232594
Iteration 9 of 100: loss=29.7902832031 object_loss=28.1463851929 distance_loss=1.64389705658
Iteration 10 of 100: loss=30.5691146851 object_loss=28.9251213074 distance_loss=1.64399290085
Iteration 11 of 100: loss=29.5191478729 object_loss=27.874879837 distance_loss=1.64426791668
Iteration 12 of 100: loss=30.0278530121 object_loss=28.3836994171 distance_loss=1.64415442944
Iteration 13 of 100: loss=27.8546791077 object_loss=26.2101631165 distance_loss=1.64451503754
Iteration 14 of 100: loss=32.5187034607 object_loss=30.8739395142 distance_loss=1.64476549625
Iteration 15 of 100: loss=30.0759563446 object_loss=28.4310264587 distance_loss=1.6449303627
Iteration 16 of 100: loss=29.3019332886 object_loss=27.6569347382 distance_loss=1.64499914646
Iteration 17 of 100: loss=29.6228599548 object_loss=27.9774951935 distance_loss=1.64536392689
Iteration 18 of 100: loss=30.4420318604 object_loss=28.7965221405 distance_loss=1.64550876617
Iteration 19 of 100: loss=31.6182765961 object_loss=29.9724826813 distance_loss=1.64579439163
Iteration 20 of 100: loss=31.3748493195 object_loss=29.7288284302 distance_loss=1.64602005482
Iteration 21 of 100: loss=32.4903030396 object_loss=30.8442668915 distance_loss=1.64603579044
Iteration 22 of 100: loss=32.4655914307 object_loss=30.8195285797 distance_loss=1.64606416225
Iteration 23 of 100: loss=31.914226532 object_loss=30.2681541443 distance_loss=1.64607179165
Iteration 24 of 100: loss=31.2198505402 object_loss=29.5738162994 distance_loss=1.64603376389
Iteration 25 of 100: loss=30.8871803284 object_loss=29.241230011 distance_loss=1.64595103264
Iteration 26 of 100: loss=31.4261894226 object_loss=29.7802352905 distance_loss=1.64595365524
Iteration 27 of 100: loss=30.0367565155 object_loss=28.390586853 distance_loss=1.64617037773
Iteration 28 of 100: loss=31.4409446716 object_loss=29.7947692871 distance_loss=1.64617455006
Iteration 29 of 100: loss=29.7437114716 object_loss=28.097442627 distance_loss=1.64626932144
Iteration 30 of 100: loss=30.8861751556 object_loss=29.2396430969 distance_loss=1.64653134346
Iteration 31 of 100: loss=30.0383071899 object_loss=28.3917007446 distance_loss=1.64660680294
Iteration 32 of 100: loss=30.1057052612 object_loss=28.4592838287 distance_loss=1.64642119408
Iteration 33 of 100: loss=29.8972740173 object_loss=28.2505893707 distance_loss=1.64668476582
Iteration 34 of 100: loss=30.4063053131 object_loss=28.7594909668 distance_loss=1.64681434631
Iteration 35 of 100: loss=31.4168338776 object_loss=29.7699966431 distance_loss=1.64683771133
Iteration 36 of 100: loss=31.8924503326 object_loss=30.2459964752 distance_loss=1.64645397663
Iteration 37 of 100: loss=32.160861969 object_loss=30.5147285461 distance_loss=1.64613234997
Iteration 38 of 100: loss=32.7343788147 object_loss=31.088224411 distance_loss=1.6461545229
Iteration 39 of 100: loss=31.9208278656 object_loss=30.2746257782 distance_loss=1.64620280266
Iteration 40 of 100: loss=30.8778266907 object_loss=29.2320213318 distance_loss=1.64580440521
Iteration 41 of 100: loss=30.8008708954 object_loss=29.1551437378 distance_loss=1.64572656155
Iteration 42 of 100: loss=33.2271461487 object_loss=31.581401825 distance_loss=1.64574384689
Iteration 43 of 100: loss=33.2380218506 object_loss=31.5922088623 distance_loss=1.64581418037
Iteration 44 of 100: loss=32.5090675354 object_loss=30.8631954193 distance_loss=1.64587152004
Iteration 45 of 100: loss=31.4498023987 object_loss=29.803855896 distance_loss=1.64594602585
Iteration 46 of 100: loss=30.5853462219 object_loss=28.9393577576 distance_loss=1.64598762989
Iteration 47 of 100: loss=31.0621433258 object_loss=29.4162502289 distance_loss=1.64589321613
Iteration 48 of 100: loss=30.9999866486 object_loss=29.3542861938 distance_loss=1.64570081234
Iteration 49 of 100: loss=31.8500747681 object_loss=30.204662323 distance_loss=1.64541149139
Iteration 50 of 100: loss=30.3466854095 object_loss=28.7012958527 distance_loss=1.64538896084
Iteration 51 of 100: loss=29.9692554474 object_loss=28.3238697052 distance_loss=1.64538657665
Iteration 52 of 100: loss=30.5681495667 object_loss=28.9234199524 distance_loss=1.64472877979
Iteration 53 of 100: loss=29.1360740662 object_loss=27.4911193848 distance_loss=1.64495384693
Iteration 54 of 100: loss=29.0768814087 object_loss=27.4320831299 distance_loss=1.64479887486
Iteration 55 of 100: loss=28.9871063232 object_loss=27.3424663544 distance_loss=1.6446403265
Iteration 56 of 100: loss=29.3475437164 object_loss=27.7030487061 distance_loss=1.64449512959
Iteration 57 of 100: loss=31.2801265717 object_loss=29.6359481812 distance_loss=1.6441783905
Iteration 58 of 100: loss=31.0989665985 object_loss=29.4550132751 distance_loss=1.64395308495
Iteration 59 of 100: loss=31.1250038147 object_loss=29.4811000824 distance_loss=1.64390361309
Iteration 60 of 100: loss=30.3072834015 object_loss=28.6632480621 distance_loss=1.64403533936
Iteration 61 of 100: loss=30.6717243195 object_loss=29.0276298523 distance_loss=1.64409446716
Iteration 62 of 100: loss=29.2981548309 object_loss=27.6535644531 distance_loss=1.64458954334
Iteration 63 of 100: loss=31.1042900085 object_loss=29.459230423 distance_loss=1.64505982399
Iteration 64 of 100: loss=30.3432407379 object_loss=28.697977066 distance_loss=1.64526414871
Iteration 65 of 100: loss=28.0335044861 object_loss=26.387928009 distance_loss=1.64557564259
Iteration 66 of 100: loss=27.6351203918 object_loss=25.9892902374 distance_loss=1.64583086967
Iteration 67 of 100: loss=29.654706955 object_loss=28.0086460114 distance_loss=1.64606106281
Iteration 68 of 100: loss=28.4099197388 object_loss=26.763677597 distance_loss=1.64624297619
Iteration 69 of 100: loss=29.1777057648 object_loss=27.5309753418 distance_loss=1.64673030376
Iteration 70 of 100: loss=28.3724956512 object_loss=26.7252502441 distance_loss=1.64724588394
Iteration 71 of 100: loss=29.1010894775 object_loss=27.453245163 distance_loss=1.6478433609
Iteration 72 of 100: loss=31.2168884277 object_loss=29.5689430237 distance_loss=1.64794528484
Iteration 73 of 100: loss=29.7494888306 object_loss=28.1008014679 distance_loss=1.64868807793
Iteration 74 of 100: loss=28.3126316071 object_loss=26.6634750366 distance_loss=1.64915704727
Iteration 75 of 100: loss=30.1900081635 object_loss=28.5406036377 distance_loss=1.6494038105
Iteration 76 of 100: loss=29.2415161133 object_loss=27.5921211243 distance_loss=1.64939463139
Iteration 77 of 100: loss=26.4896297455 object_loss=24.8399658203 distance_loss=1.64966309071
Iteration 78 of 100: loss=27.0034980774 object_loss=25.3535175323 distance_loss=1.64998066425
Iteration 79 of 100: loss=27.8057746887 object_loss=26.1554222107 distance_loss=1.65035319328
Iteration 80 of 100: loss=27.3391819 object_loss=25.6887168884 distance_loss=1.65046513081
Iteration 81 of 100: loss=28.0642185211 object_loss=26.4138946533 distance_loss=1.65032351017
Iteration 82 of 100: loss=27.749994278 object_loss=26.0997428894 distance_loss=1.65025174618
Iteration 83 of 100: loss=27.3184165955 object_loss=25.6680908203 distance_loss=1.65032577515
Iteration 84 of 100: loss=27.3130760193 object_loss=25.6625881195 distance_loss=1.65048837662
Iteration 85 of 100: loss=27.8809547424 object_loss=26.2304191589 distance_loss=1.65053570271
Iteration 86 of 100: loss=30.0847663879 object_loss=28.4343166351 distance_loss=1.65045058727
Iteration 87 of 100: loss=29.9138717651 object_loss=28.2634410858 distance_loss=1.65043032169
Iteration 88 of 100: loss=29.7408695221 object_loss=28.0907554626 distance_loss=1.65011453629
Iteration 89 of 100: loss=32.4725456238 object_loss=30.8223361969 distance_loss=1.65020811558
Iteration 90 of 100: loss=30.0210876465 object_loss=28.3707237244 distance_loss=1.65036320686
Iteration 91 of 100: loss=29.5879173279 object_loss=27.9376811981 distance_loss=1.65023541451
Iteration 92 of 100: loss=29.4337654114 object_loss=27.7837715149 distance_loss=1.64999485016
Iteration 93 of 100: loss=28.0658607483 object_loss=26.4157485962 distance_loss=1.65011250973
Iteration 94 of 100: loss=29.5653324127 object_loss=27.9151954651 distance_loss=1.65013659
Iteration 95 of 100: loss=29.5407218933 object_loss=27.8906269073 distance_loss=1.65009450912
Iteration 96 of 100: loss=32.5641212463 object_loss=30.9143199921 distance_loss=1.64979970455
Iteration 97 of 100: loss=29.8019065857 object_loss=28.1521224976 distance_loss=1.64978384972
Iteration 98 of 100: loss=30.3760757446 object_loss=28.7263450623 distance_loss=1.64973008633
Iteration 99 of 100: loss=27.0998191833 object_loss=25.4500579834 distance_loss=1.64976096153
Iteration 0 of 100: loss=28.578453064 object_loss=26.9290485382 distance_loss=1.64940392971
Iteration 1 of 100: loss=27.874792099 object_loss=26.2254943848 distance_loss=1.64929699898
Iteration 2 of 100: loss=28.0977783203 object_loss=26.448589325 distance_loss=1.6491881609
Iteration 3 of 100: loss=28.0742263794 object_loss=26.4251289368 distance_loss=1.649097085
Iteration 4 of 100: loss=27.9409122467 object_loss=26.2920055389 distance_loss=1.6489058733
Iteration 5 of 100: loss=28.2324733734 object_loss=26.5836372375 distance_loss=1.64883649349
Iteration 6 of 100: loss=29.1850814819 object_loss=27.5361270905 distance_loss=1.64895343781
Iteration 7 of 100: loss=29.003118515 object_loss=27.3540325165 distance_loss=1.64908587933
Iteration 8 of 100: loss=29.0075798035 object_loss=27.3585586548 distance_loss=1.64902114868
Iteration 9 of 100: loss=29.2469921112 object_loss=27.5978794098 distance_loss=1.64911258221
Iteration 10 of 100: loss=27.8542633057 object_loss=26.2049674988 distance_loss=1.64929533005
Iteration 11 of 100: loss=27.3403434753 object_loss=25.6909389496 distance_loss=1.6494038105
Iteration 12 of 100: loss=28.2253627777 object_loss=26.5763111115 distance_loss=1.64905142784
Iteration 13 of 100: loss=28.6895542145 object_loss=27.0404567719 distance_loss=1.649097085
Iteration 14 of 100: loss=27.9148426056 object_loss=26.2655181885 distance_loss=1.64932501316
Iteration 15 of 100: loss=28.9967327118 object_loss=27.3474559784 distance_loss=1.64927721024
Iteration 16 of 100: loss=31.7767677307 object_loss=30.1276435852 distance_loss=1.64912486076
Iteration 17 of 100: loss=32.150138855 object_loss=30.5008716583 distance_loss=1.64926886559
Iteration 18 of 100: loss=33.8643989563 object_loss=32.2149467468 distance_loss=1.64945065975
Iteration 19 of 100: loss=33.6203231812 object_loss=31.9707393646 distance_loss=1.64958238602
Iteration 20 of 100: loss=32.4643211365 object_loss=30.8146095276 distance_loss=1.64971232414
Iteration 21 of 100: loss=30.2504081726 object_loss=28.6005973816 distance_loss=1.64981102943
Iteration 22 of 100: loss=34.8026542664 object_loss=33.1525917053 distance_loss=1.65006101131
Iteration 23 of 100: loss=34.8185424805 object_loss=33.1680412292 distance_loss=1.65050256252
Iteration 24 of 100: loss=35.5121765137 object_loss=33.8616218567 distance_loss=1.65055274963
Iteration 25 of 100: loss=34.9451332092 object_loss=33.294128418 distance_loss=1.65100467205
Iteration 26 of 100: loss=34.0348739624 object_loss=32.3835144043 distance_loss=1.65136098862
Iteration 27 of 100: loss=33.951499939 object_loss=32.2999305725 distance_loss=1.65157043934
Iteration 28 of 100: loss=33.9416999817 object_loss=32.2899208069 distance_loss=1.6517778635
Iteration 29 of 100: loss=33.9469528198 object_loss=32.294883728 distance_loss=1.65206897259
Iteration 30 of 100: loss=35.2635879517 object_loss=33.6114959717 distance_loss=1.65209257603
Iteration 31 of 100: loss=34.5380020142 object_loss=32.8856658936 distance_loss=1.65233504772
Iteration 32 of 100: loss=34.3108901978 object_loss=32.6583442688 distance_loss=1.65254426003
Iteration 33 of 100: loss=35.5310249329 object_loss=33.8780975342 distance_loss=1.65292870998
Iteration 34 of 100: loss=34.1491012573 object_loss=32.4955787659 distance_loss=1.65352237225
Iteration 35 of 100: loss=33.7311058044 object_loss=32.0771713257 distance_loss=1.65393531322
Iteration 36 of 100: loss=33.0045623779 object_loss=31.3506393433 distance_loss=1.65392363071
Iteration 37 of 100: loss=33.4213600159 object_loss=31.7670631409 distance_loss=1.6542981863
Iteration 38 of 100: loss=34.7727279663 object_loss=33.1181602478 distance_loss=1.65456652641
Iteration 39 of 100: loss=34.7604408264 object_loss=33.1056289673 distance_loss=1.65481173992
Iteration 40 of 100: loss=34.5441474915 object_loss=32.8889923096 distance_loss=1.65515422821
Iteration 41 of 100: loss=34.7300109863 object_loss=33.0744895935 distance_loss=1.65552306175
Iteration 42 of 100: loss=37.2797737122 object_loss=35.6239433289 distance_loss=1.65583109856
Iteration 43 of 100: loss=36.0121765137 object_loss=34.3558235168 distance_loss=1.65635228157
Iteration 44 of 100: loss=36.244884491 object_loss=34.5884475708 distance_loss=1.65643548965
Iteration 45 of 100: loss=37.0363845825 object_loss=35.3799247742 distance_loss=1.65646052361
Iteration 46 of 100: loss=37.5686340332 object_loss=35.9118423462 distance_loss=1.65678989887
Iteration 47 of 100: loss=38.0710411072 object_loss=36.4142608643 distance_loss=1.6567813158
Iteration 48 of 100: loss=36.4159202576 object_loss=34.7595558167 distance_loss=1.65636563301
Iteration 49 of 100: loss=36.2218551636 object_loss=34.5654525757 distance_loss=1.65640175343
Iteration 50 of 100: loss=36.7155342102 object_loss=35.0591583252 distance_loss=1.65637540817
Iteration 51 of 100: loss=34.9249076843 object_loss=33.2687072754 distance_loss=1.65619957447
Iteration 52 of 100: loss=35.789932251 object_loss=34.134223938 distance_loss=1.65570664406
Iteration 53 of 100: loss=36.7414779663 object_loss=35.0857009888 distance_loss=1.65577769279
Iteration 54 of 100: loss=34.5534362793 object_loss=32.8976974487 distance_loss=1.6557393074
Iteration 55 of 100: loss=31.9928913116 object_loss=30.3372173309 distance_loss=1.65567326546
Iteration 56 of 100: loss=31.9826927185 object_loss=30.3273620605 distance_loss=1.6553311348
Iteration 57 of 100: loss=30.7510910034 object_loss=29.0959606171 distance_loss=1.65513002872
Iteration 58 of 100: loss=36.1664848328 object_loss=34.5115356445 distance_loss=1.6549500227
Iteration 59 of 100: loss=37.6991119385 object_loss=36.0444908142 distance_loss=1.65462303162
Iteration 60 of 100: loss=36.2795753479 object_loss=34.6251983643 distance_loss=1.65437829494
Iteration 61 of 100: loss=36.9074325562 object_loss=35.2531280518 distance_loss=1.65430402756
Iteration 62 of 100: loss=36.9324913025 object_loss=35.2784309387 distance_loss=1.65406215191
Iteration 63 of 100: loss=34.4928741455 object_loss=32.8386154175 distance_loss=1.65425980091
Iteration 64 of 100: loss=35.4111976624 object_loss=33.7569084167 distance_loss=1.65428948402
Iteration 65 of 100: loss=36.267780304 object_loss=34.6134185791 distance_loss=1.65436291695
Iteration 66 of 100: loss=36.0056915283 object_loss=34.3512954712 distance_loss=1.65439665318
Iteration 67 of 100: loss=35.889289856 object_loss=34.2348937988 distance_loss=1.65439713001
Iteration 68 of 100: loss=36.1602478027 object_loss=34.5059585571 distance_loss=1.65428841114
Iteration 69 of 100: loss=36.5308647156 object_loss=34.8769073486 distance_loss=1.65395569801
Iteration 70 of 100: loss=36.2660064697 object_loss=34.6119880676 distance_loss=1.65402019024
Iteration 71 of 100: loss=36.8740501404 object_loss=35.2200965881 distance_loss=1.65395271778
Iteration 72 of 100: loss=34.8726806641 object_loss=33.2191314697 distance_loss=1.6535487175
Iteration 73 of 100: loss=34.6675758362 object_loss=33.0140151978 distance_loss=1.65355992317
Iteration 74 of 100: loss=35.6536407471 object_loss=33.9999923706 distance_loss=1.65364837646
Iteration 75 of 100: loss=35.9813995361 object_loss=34.3277359009 distance_loss=1.65366518497
Iteration 76 of 100: loss=35.1873970032 object_loss=33.5340270996 distance_loss=1.65336966515
Iteration 77 of 100: loss=36.8497619629 object_loss=35.1965255737 distance_loss=1.65323710442
Iteration 78 of 100: loss=37.4904174805 object_loss=35.8372344971 distance_loss=1.65318477154
Iteration 79 of 100: loss=37.904083252 object_loss=36.2504920959 distance_loss=1.65358960629
Iteration 80 of 100: loss=37.1054573059 object_loss=35.4517974854 distance_loss=1.65366065502
Iteration 81 of 100: loss=37.6831817627 object_loss=36.029296875 distance_loss=1.65388333797
Iteration 82 of 100: loss=36.6811180115 object_loss=35.0270385742 distance_loss=1.65407848358
Iteration 83 of 100: loss=37.2191200256 object_loss=35.5649147034 distance_loss=1.65420520306
Iteration 84 of 100: loss=36.5812454224 object_loss=34.9272460938 distance_loss=1.65400063992
Iteration 85 of 100: loss=36.7987442017 object_loss=35.1446495056 distance_loss=1.65409338474
Iteration 86 of 100: loss=36.5276641846 object_loss=34.8736190796 distance_loss=1.65404415131
Iteration 87 of 100: loss=38.6394500732 object_loss=36.9856452942 distance_loss=1.65380346775
Iteration 88 of 100: loss=37.4067001343 object_loss=35.7527999878 distance_loss=1.65390169621
Iteration 89 of 100: loss=35.8459358215 object_loss=34.1920089722 distance_loss=1.6539273262
Iteration 90 of 100: loss=34.2695198059 object_loss=32.6155395508 distance_loss=1.65398037434
Iteration 91 of 100: loss=36.3623809814 object_loss=34.7083854675 distance_loss=1.65399539471
Iteration 92 of 100: loss=35.7117958069 object_loss=34.0580558777 distance_loss=1.65373980999
Iteration 93 of 100: loss=36.2543449402 object_loss=34.6004486084 distance_loss=1.65389585495
Iteration 94 of 100: loss=36.0335540771 object_loss=34.3796081543 distance_loss=1.6539440155
Iteration 95 of 100: loss=36.6253547668 object_loss=34.9711952209 distance_loss=1.65416133404
Iteration 96 of 100: loss=36.4447364807 object_loss=34.7906303406 distance_loss=1.65410661697
Iteration 97 of 100: loss=33.3253974915 object_loss=31.6710357666 distance_loss=1.65436124802
Iteration 98 of 100: loss=36.4332389832 object_loss=34.778427124 distance_loss=1.65481317043
Iteration 99 of 100: loss=34.8921318054 object_loss=33.2368202209 distance_loss=1.65531277657
Iteration 0 of 100: loss=38.0944671631 object_loss=36.438533783 distance_loss=1.65593338013
Iteration 1 of 100: loss=37.5308990479 object_loss=35.8747329712 distance_loss=1.6561653614
Iteration 2 of 100: loss=36.3304672241 object_loss=34.67420578 distance_loss=1.65626049042
Iteration 3 of 100: loss=37.5500526428 object_loss=35.893611908 distance_loss=1.65644204617
Iteration 4 of 100: loss=37.0325279236 object_loss=35.3759384155 distance_loss=1.65658819675
Iteration 5 of 100: loss=35.622379303 object_loss=33.9658699036 distance_loss=1.65650963783
Iteration 6 of 100: loss=32.7062759399 object_loss=31.0494880676 distance_loss=1.65678727627
Iteration 7 of 100: loss=34.4890708923 object_loss=32.8318710327 distance_loss=1.65720081329
Iteration 8 of 100: loss=33.9639854431 object_loss=32.3069190979 distance_loss=1.65706813335
Iteration 9 of 100: loss=34.1876678467 object_loss=32.530330658 distance_loss=1.657335639
Iteration 10 of 100: loss=34.0283660889 object_loss=32.3708000183 distance_loss=1.65756630898
Iteration 11 of 100: loss=34.7858428955 object_loss=33.1281738281 distance_loss=1.65766918659
Iteration 12 of 100: loss=35.727016449 object_loss=34.0694084167 distance_loss=1.65760934353
Iteration 13 of 100: loss=34.5985794067 object_loss=32.9405975342 distance_loss=1.65798306465
Iteration 14 of 100: loss=34.680770874 object_loss=33.0224456787 distance_loss=1.65832710266
Iteration 15 of 100: loss=35.5233154297 object_loss=33.8648262024 distance_loss=1.65848755836
Iteration 16 of 100: loss=32.5151138306 object_loss=30.8568153381 distance_loss=1.65830016136
Iteration 17 of 100: loss=36.199344635 object_loss=34.541103363 distance_loss=1.65824258327
Iteration 18 of 100: loss=33.8778457642 object_loss=32.2192955017 distance_loss=1.65855038166
Iteration 19 of 100: loss=32.6541481018 object_loss=30.9953117371 distance_loss=1.65883588791
Iteration 20 of 100: loss=32.7393722534 object_loss=31.0806350708 distance_loss=1.65873837471
Iteration 21 of 100: loss=36.0596199036 object_loss=34.4006729126 distance_loss=1.65894854069
Iteration 22 of 100: loss=36.4315452576 object_loss=34.7721748352 distance_loss=1.65937101841
Iteration 23 of 100: loss=35.1291275024 object_loss=33.4693450928 distance_loss=1.65978074074
Iteration 24 of 100: loss=37.7411346436 object_loss=36.0811271667 distance_loss=1.66000711918
Iteration 25 of 100: loss=37.2366409302 object_loss=35.5766220093 distance_loss=1.66001701355
Iteration 26 of 100: loss=38.7421035767 object_loss=37.0818252563 distance_loss=1.66027987003
Iteration 27 of 100: loss=39.744884491 object_loss=38.0843315125 distance_loss=1.66055285931
Iteration 28 of 100: loss=36.3892440796 object_loss=34.7285919189 distance_loss=1.66065382957
Iteration 29 of 100: loss=36.8458709717 object_loss=35.1849861145 distance_loss=1.66088557243
Iteration 30 of 100: loss=38.2191696167 object_loss=36.5578422546 distance_loss=1.66132736206
Iteration 31 of 100: loss=38.3238487244 object_loss=36.6621322632 distance_loss=1.66171693802
Iteration 32 of 100: loss=39.0258827209 object_loss=37.3646774292 distance_loss=1.66120421886
Iteration 33 of 100: loss=38.1477012634 object_loss=36.4863395691 distance_loss=1.66136205196
Iteration 34 of 100: loss=38.9659309387 object_loss=37.3046073914 distance_loss=1.66132414341
Iteration 35 of 100: loss=37.2789421082 object_loss=35.617603302 distance_loss=1.6613394022
Iteration 36 of 100: loss=37.4321670532 object_loss=35.7710723877 distance_loss=1.66109657288
Iteration 37 of 100: loss=39.0102119446 object_loss=37.3493423462 distance_loss=1.66087090969
Iteration 38 of 100: loss=35.9992675781 object_loss=34.338722229 distance_loss=1.66054368019
Iteration 39 of 100: loss=37.5833282471 object_loss=35.9230613708 distance_loss=1.66026771069
Iteration 40 of 100: loss=32.7457962036 object_loss=31.0856113434 distance_loss=1.66018474102
Iteration 41 of 100: loss=34.007232666 object_loss=32.3471870422 distance_loss=1.66004633904
Iteration 42 of 100: loss=34.7525787354 object_loss=33.0926513672 distance_loss=1.65992558002
Iteration 43 of 100: loss=35.114440918 object_loss=33.4545516968 distance_loss=1.65989089012
Iteration 44 of 100: loss=36.2644195557 object_loss=34.604637146 distance_loss=1.65978419781
Iteration 45 of 100: loss=34.9740638733 object_loss=33.3142318726 distance_loss=1.65983176231
Iteration 46 of 100: loss=35.3544692993 object_loss=33.6945838928 distance_loss=1.65988707542
Iteration 47 of 100: loss=36.827507019 object_loss=35.1677055359 distance_loss=1.65980303288
Iteration 48 of 100: loss=32.251953125 object_loss=30.5922737122 distance_loss=1.65968060493
Iteration 49 of 100: loss=32.0758094788 object_loss=30.4159698486 distance_loss=1.65983974934
Iteration 50 of 100: loss=33.4809188843 object_loss=31.8209762573 distance_loss=1.65994429588
Iteration 51 of 100: loss=36.0648956299 object_loss=34.4049758911 distance_loss=1.65991818905
Iteration 52 of 100: loss=36.092464447 object_loss=34.4329032898 distance_loss=1.65956175327
Iteration 53 of 100: loss=35.0485877991 object_loss=33.3889160156 distance_loss=1.65967285633
Iteration 54 of 100: loss=35.5645561218 object_loss=33.9047584534 distance_loss=1.65979743004
Iteration 55 of 100: loss=35.6476135254 object_loss=33.9881324768 distance_loss=1.65948200226
Iteration 56 of 100: loss=35.3886375427 object_loss=33.7295799255 distance_loss=1.65905642509
Iteration 57 of 100: loss=35.6553573608 object_loss=33.9965209961 distance_loss=1.65883505344
Iteration 58 of 100: loss=35.8510169983 object_loss=34.192150116 distance_loss=1.65886545181
Iteration 59 of 100: loss=33.9256629944 object_loss=32.2667808533 distance_loss=1.65888094902
Iteration 60 of 100: loss=33.3981208801 object_loss=31.7391490936 distance_loss=1.65897297859
Iteration 61 of 100: loss=34.8169021606 object_loss=33.1578865051 distance_loss=1.65901374817
Iteration 62 of 100: loss=33.0064468384 object_loss=31.3473987579 distance_loss=1.65904915333
Iteration 63 of 100: loss=32.3786239624 object_loss=30.7192230225 distance_loss=1.65940141678
Iteration 64 of 100: loss=36.1559524536 object_loss=34.4963798523 distance_loss=1.65957212448
Iteration 65 of 100: loss=36.2406539917 object_loss=34.5808906555 distance_loss=1.65976321697
Iteration 66 of 100: loss=33.9437332153 object_loss=32.2839813232 distance_loss=1.65975081921
Iteration 67 of 100: loss=34.830291748 object_loss=33.1704406738 distance_loss=1.65985059738
Iteration 68 of 100: loss=34.8487472534 object_loss=33.1890296936 distance_loss=1.6597173214
Iteration 69 of 100: loss=34.5963096619 object_loss=32.9362602234 distance_loss=1.66004920006
Iteration 70 of 100: loss=32.7047424316 object_loss=31.0445899963 distance_loss=1.66015255451
Iteration 71 of 100: loss=33.5650672913 object_loss=31.9049873352 distance_loss=1.66007912159
Iteration 72 of 100: loss=31.2862682343 object_loss=29.6263198853 distance_loss=1.65994787216
Iteration 73 of 100: loss=27.5950717926 object_loss=25.9348545074 distance_loss=1.6602178812
Iteration 74 of 100: loss=33.8561134338 object_loss=32.1955680847 distance_loss=1.66054570675
Iteration 75 of 100: loss=34.0422210693 object_loss=32.3814544678 distance_loss=1.66076624393
Iteration 76 of 100: loss=33.9308433533 object_loss=32.2700767517 distance_loss=1.6607657671
Iteration 77 of 100: loss=34.3821372986 object_loss=32.721446991 distance_loss=1.66069102287
Iteration 78 of 100: loss=34.1119880676 object_loss=32.4511795044 distance_loss=1.66080749035
Iteration 79 of 100: loss=33.9580154419 object_loss=32.297039032 distance_loss=1.66097784042
Iteration 80 of 100: loss=33.6052589417 object_loss=31.9443244934 distance_loss=1.66093313694
Iteration 81 of 100: loss=32.2329711914 object_loss=30.5720691681 distance_loss=1.66090142727
Iteration 82 of 100: loss=34.9282112122 object_loss=33.2674674988 distance_loss=1.66074442863
Iteration 83 of 100: loss=34.5600395203 object_loss=32.8993988037 distance_loss=1.66064047813
Iteration 84 of 100: loss=31.9173145294 object_loss=30.2569332123 distance_loss=1.66038143635
Iteration 85 of 100: loss=31.5505714417 object_loss=29.8904018402 distance_loss=1.6601703167
Iteration 86 of 100: loss=32.9959869385 object_loss=31.3358516693 distance_loss=1.66013586521
Iteration 87 of 100: loss=35.5866928101 object_loss=33.9263191223 distance_loss=1.66037333012
Iteration 88 of 100: loss=35.1163673401 object_loss=33.4560546875 distance_loss=1.66031193733
Iteration 89 of 100: loss=34.99609375 object_loss=33.335811615 distance_loss=1.66028296947
Iteration 90 of 100: loss=37.9592094421 object_loss=36.298866272 distance_loss=1.66034376621
Iteration 91 of 100: loss=37.5775032043 object_loss=35.9173469543 distance_loss=1.66015446186
Iteration 92 of 100: loss=35.2007789612 object_loss=33.5415039062 distance_loss=1.65927457809
Iteration 93 of 100: loss=33.7527885437 object_loss=32.0936088562 distance_loss=1.65918016434
Iteration 94 of 100: loss=35.3218688965 object_loss=33.6629104614 distance_loss=1.65895664692
Iteration 95 of 100: loss=36.9658546448 object_loss=35.3072242737 distance_loss=1.65863132477
Iteration 96 of 100: loss=37.2560119629 object_loss=35.597694397 distance_loss=1.65831589699
Iteration 97 of 100: loss=33.7088279724 object_loss=32.0508041382 distance_loss=1.6580221653
Iteration 98 of 100: loss=36.9840583801 object_loss=35.3264274597 distance_loss=1.65763139725
Iteration 99 of 100: loss=36.1307411194 object_loss=34.4730453491 distance_loss=1.65769505501
Iteration 0 of 100: loss=40.4763755798 object_loss=38.8188247681 distance_loss=1.65755188465
Iteration 1 of 100: loss=40.4430618286 object_loss=38.7857704163 distance_loss=1.65729296207
Iteration 2 of 100: loss=40.4054222107 object_loss=38.7480621338 distance_loss=1.65735971928
Iteration 3 of 100: loss=39.8260116577 object_loss=38.1683921814 distance_loss=1.65761816502
Iteration 4 of 100: loss=40.3025588989 object_loss=38.6448783875 distance_loss=1.65767943859
Iteration 5 of 100: loss=40.661026001 object_loss=39.0030822754 distance_loss=1.65794527531
Iteration 6 of 100: loss=40.0900878906 object_loss=38.4321289062 distance_loss=1.65795743465
Iteration 7 of 100: loss=39.4622344971 object_loss=37.8040962219 distance_loss=1.65813851357
Iteration 8 of 100: loss=39.8223953247 object_loss=38.1640281677 distance_loss=1.65836846828
Iteration 9 of 100: loss=38.7650375366 object_loss=37.1066207886 distance_loss=1.65841603279
Iteration 10 of 100: loss=38.3075141907 object_loss=36.6490745544 distance_loss=1.65844035149
Iteration 11 of 100: loss=38.3800773621 object_loss=36.7213783264 distance_loss=1.65870034695
Iteration 12 of 100: loss=38.3589057922 object_loss=36.7002639771 distance_loss=1.65864062309
Iteration 13 of 100: loss=38.8234863281 object_loss=37.1646194458 distance_loss=1.6588665247
Iteration 14 of 100: loss=39.5897369385 object_loss=37.9305534363 distance_loss=1.65918159485
Iteration 15 of 100: loss=39.3820762634 object_loss=37.7229042053 distance_loss=1.65917158127
Iteration 16 of 100: loss=37.9622039795 object_loss=36.3030548096 distance_loss=1.65914988518
Iteration 17 of 100: loss=35.7300071716 object_loss=34.0704956055 distance_loss=1.65951037407
Iteration 18 of 100: loss=35.0975341797 object_loss=33.4376869202 distance_loss=1.65984749794
Iteration 19 of 100: loss=36.6742782593 object_loss=35.0141334534 distance_loss=1.66014635563
Iteration 20 of 100: loss=36.6487350464 object_loss=34.9884490967 distance_loss=1.66028523445
Iteration 21 of 100: loss=38.8484458923 object_loss=37.187953949 distance_loss=1.66049146652
Iteration 22 of 100: loss=40.0191078186 object_loss=38.3584976196 distance_loss=1.66060996056
Iteration 23 of 100: loss=38.3120574951 object_loss=36.6511116028 distance_loss=1.66094529629
Iteration 24 of 100: loss=40.7569503784 object_loss=39.0959091187 distance_loss=1.66104316711
Iteration 25 of 100: loss=39.1393814087 object_loss=37.477897644 distance_loss=1.6614818573
Iteration 26 of 100: loss=39.4613647461 object_loss=37.7992897034 distance_loss=1.66207659245
Iteration 27 of 100: loss=35.4680976868 object_loss=33.8056030273 distance_loss=1.66249418259
Iteration 28 of 100: loss=37.823802948 object_loss=36.1611175537 distance_loss=1.66268658638
Iteration 29 of 100: loss=38.9386863708 object_loss=37.2754478455 distance_loss=1.66323673725
Iteration 30 of 100: loss=38.8445663452 object_loss=37.1807785034 distance_loss=1.66378974915
Iteration 31 of 100: loss=36.7635612488 object_loss=35.0996704102 distance_loss=1.66389226913
Iteration 32 of 100: loss=36.4525871277 object_loss=34.7888374329 distance_loss=1.66375136375
Iteration 33 of 100: loss=38.6627197266 object_loss=36.9985961914 distance_loss=1.66412484646
Iteration 34 of 100: loss=38.9389343262 object_loss=37.2747306824 distance_loss=1.66420340538
Iteration 35 of 100: loss=39.2145042419 object_loss=37.5501213074 distance_loss=1.66438281536
Iteration 36 of 100: loss=39.0892219543 object_loss=37.4246368408 distance_loss=1.66458678246
Iteration 37 of 100: loss=37.7030181885 object_loss=36.0384216309 distance_loss=1.66459715366
Iteration 38 of 100: loss=37.7123374939 object_loss=36.0475273132 distance_loss=1.66481041908
Iteration 39 of 100: loss=38.1863861084 object_loss=36.5212364197 distance_loss=1.66514801979
Iteration 40 of 100: loss=36.6225700378 object_loss=34.957572937 distance_loss=1.66499733925
Iteration 41 of 100: loss=36.5741500854 object_loss=34.909236908 distance_loss=1.66491484642
Iteration 42 of 100: loss=35.468372345 object_loss=33.8034248352 distance_loss=1.6649491787
Iteration 43 of 100: loss=35.1909446716 object_loss=33.5259437561 distance_loss=1.6649992466
Iteration 44 of 100: loss=35.8052330017 object_loss=34.1403656006 distance_loss=1.66486775875
Iteration 45 of 100: loss=33.4433784485 object_loss=31.7787132263 distance_loss=1.66466581821
Iteration 46 of 100: loss=32.5931739807 object_loss=30.9286670685 distance_loss=1.66450572014
Iteration 47 of 100: loss=34.9663391113 object_loss=33.3018760681 distance_loss=1.66446280479
Iteration 48 of 100: loss=35.1129951477 object_loss=33.4487113953 distance_loss=1.66428244114
Iteration 49 of 100: loss=37.5891723633 object_loss=35.9249649048 distance_loss=1.66420733929
Iteration 50 of 100: loss=38.511882782 object_loss=36.8477134705 distance_loss=1.66416823864
Iteration 51 of 100: loss=38.318813324 object_loss=36.6545562744 distance_loss=1.66425871849
Iteration 52 of 100: loss=38.7892074585 object_loss=37.1253700256 distance_loss=1.66383910179
Iteration 53 of 100: loss=37.2781410217 object_loss=35.6141700745 distance_loss=1.66396999359
Iteration 54 of 100: loss=36.2901611328 object_loss=34.6261825562 distance_loss=1.66397798061
Iteration 55 of 100: loss=35.8735656738 object_loss=34.2097320557 distance_loss=1.66383481026
Iteration 56 of 100: loss=36.3812026978 object_loss=34.717716217 distance_loss=1.66348838806
Iteration 57 of 100: loss=35.4680633545 object_loss=33.8046951294 distance_loss=1.6633682251
Iteration 58 of 100: loss=35.2933692932 object_loss=33.6300926208 distance_loss=1.6632758379
Iteration 59 of 100: loss=31.0995368958 object_loss=29.4360256195 distance_loss=1.66351222992
Iteration 60 of 100: loss=37.8856201172 object_loss=36.2221260071 distance_loss=1.66349542141
Iteration 61 of 100: loss=38.2231445312 object_loss=36.5597839355 distance_loss=1.66336119175
Iteration 62 of 100: loss=37.0553741455 object_loss=35.3919219971 distance_loss=1.66345334053
Iteration 63 of 100: loss=39.2431983948 object_loss=37.5795135498 distance_loss=1.66368627548
Iteration 64 of 100: loss=39.3382148743 object_loss=37.6744995117 distance_loss=1.66371536255
Iteration 65 of 100: loss=39.7207565308 object_loss=38.0570869446 distance_loss=1.66367125511
Iteration 66 of 100: loss=38.6681632996 object_loss=37.00440979 distance_loss=1.66375410557
Iteration 67 of 100: loss=37.731048584 object_loss=36.0673599243 distance_loss=1.66368734837
Iteration 68 of 100: loss=38.0608634949 object_loss=36.397151947 distance_loss=1.6637108326
Iteration 69 of 100: loss=38.3360404968 object_loss=36.6722984314 distance_loss=1.66374266148
Iteration 70 of 100: loss=38.3891487122 object_loss=36.7252655029 distance_loss=1.66388225555
Iteration 71 of 100: loss=39.8515319824 object_loss=38.1873855591 distance_loss=1.66414821148
Iteration 72 of 100: loss=38.9371109009 object_loss=37.2730255127 distance_loss=1.66408610344
Iteration 73 of 100: loss=36.1703605652 object_loss=34.5062294006 distance_loss=1.66413187981
Iteration 74 of 100: loss=38.3555030823 object_loss=36.6913795471 distance_loss=1.66412448883
Iteration 75 of 100: loss=39.0029640198 object_loss=37.3389434814 distance_loss=1.66402208805
Iteration 76 of 100: loss=38.6772041321 object_loss=37.0137252808 distance_loss=1.66347849369
Iteration 77 of 100: loss=37.7939453125 object_loss=36.1305999756 distance_loss=1.66334414482
Iteration 78 of 100: loss=37.904132843 object_loss=36.241191864 distance_loss=1.66294002533
Iteration 79 of 100: loss=39.1441345215 object_loss=37.4812889099 distance_loss=1.66284584999
Iteration 80 of 100: loss=38.3674468994 object_loss=36.7046966553 distance_loss=1.66275084019
Iteration 81 of 100: loss=37.1291732788 object_loss=35.4664764404 distance_loss=1.66269516945
Iteration 82 of 100: loss=36.5322647095 object_loss=34.8697662354 distance_loss=1.6624969244
Iteration 83 of 100: loss=37.5277366638 object_loss=35.8653717041 distance_loss=1.66236460209
Iteration 84 of 100: loss=39.0752792358 object_loss=37.412979126 distance_loss=1.66230094433
Iteration 85 of 100: loss=39.6514816284 object_loss=37.9891891479 distance_loss=1.66229426861
Iteration 86 of 100: loss=33.8539733887 object_loss=32.1916275024 distance_loss=1.66234648228
Iteration 87 of 100: loss=35.5499649048 object_loss=33.8877983093 distance_loss=1.66216599941
Iteration 88 of 100: loss=35.433555603 object_loss=33.7720336914 distance_loss=1.66152024269
Iteration 89 of 100: loss=34.8701553345 object_loss=33.2089042664 distance_loss=1.66124927998
Iteration 90 of 100: loss=38.56199646 object_loss=36.901058197 distance_loss=1.6609377861
Iteration 91 of 100: loss=38.6022605896 object_loss=36.9416046143 distance_loss=1.66065514088
Iteration 92 of 100: loss=39.0780639648 object_loss=37.4178924561 distance_loss=1.66017055511
Iteration 93 of 100: loss=38.8091697693 object_loss=37.1489181519 distance_loss=1.66025018692
Iteration 94 of 100: loss=35.3937988281 object_loss=33.7334632874 distance_loss=1.66033744812
Iteration 95 of 100: loss=37.8772621155 object_loss=36.216835022 distance_loss=1.66042673588
Iteration 96 of 100: loss=38.6079101562 object_loss=36.9478034973 distance_loss=1.66010785103
Iteration 97 of 100: loss=38.7733802795 object_loss=37.1132545471 distance_loss=1.66012620926
Iteration 98 of 100: loss=39.3026008606 object_loss=37.6421661377 distance_loss=1.66043484211
Iteration 99 of 100: loss=40.0076560974 object_loss=38.3471641541 distance_loss=1.66049325466
Iteration 0 of 100: loss=40.9251174927 object_loss=39.2646636963 distance_loss=1.66045427322
Iteration 1 of 100: loss=40.2992706299 object_loss=38.6386833191 distance_loss=1.6605887413
Iteration 2 of 100: loss=40.4775695801 object_loss=38.81665802 distance_loss=1.66091263294
Iteration 3 of 100: loss=39.2869911194 object_loss=37.6258125305 distance_loss=1.66117799282
Iteration 4 of 100: loss=38.4593582153 object_loss=36.7981147766 distance_loss=1.66124427319
Iteration 5 of 100: loss=40.3024520874 object_loss=38.6410942078 distance_loss=1.6613574028
Iteration 6 of 100: loss=40.5522232056 object_loss=38.8906097412 distance_loss=1.66161334515
Iteration 7 of 100: loss=38.8128471375 object_loss=37.1510620117 distance_loss=1.66178369522
Iteration 8 of 100: loss=38.5406303406 object_loss=36.8788909912 distance_loss=1.66174030304
Iteration 9 of 100: loss=39.1343421936 object_loss=37.472454071 distance_loss=1.66188800335
Iteration 10 of 100: loss=39.0874824524 object_loss=37.4255828857 distance_loss=1.66190075874
Iteration 11 of 100: loss=39.4292449951 object_loss=37.7672424316 distance_loss=1.66200268269
Iteration 12 of 100: loss=39.9904136658 object_loss=38.3286361694 distance_loss=1.66177761555
Iteration 13 of 100: loss=40.3633460999 object_loss=38.7012748718 distance_loss=1.66207194328
Iteration 14 of 100: loss=40.1716117859 object_loss=38.5095252991 distance_loss=1.66208684444
Iteration 15 of 100: loss=40.7724914551 object_loss=39.1102523804 distance_loss=1.66223752499
Iteration 16 of 100: loss=38.7913703918 object_loss=37.1291542053 distance_loss=1.66221630573
Iteration 17 of 100: loss=37.9341697693 object_loss=36.272026062 distance_loss=1.66214513779
Iteration 18 of 100: loss=38.7774047852 object_loss=37.1155204773 distance_loss=1.66188240051
Iteration 19 of 100: loss=38.7443275452 object_loss=37.0824890137 distance_loss=1.66184020042
Iteration 20 of 100: loss=37.78465271 object_loss=36.122592926 distance_loss=1.66205811501
Iteration 21 of 100: loss=38.5126533508 object_loss=36.8507575989 distance_loss=1.66189467907
Iteration 22 of 100: loss=35.1733932495 object_loss=33.5115699768 distance_loss=1.66182434559
Iteration 23 of 100: loss=38.115978241 object_loss=36.4543380737 distance_loss=1.66164004803
Iteration 24 of 100: loss=39.0656890869 object_loss=37.4045524597 distance_loss=1.66113758087
Iteration 25 of 100: loss=41.2184448242 object_loss=39.5576553345 distance_loss=1.66078794003
Iteration 26 of 100: loss=42.2277107239 object_loss=40.5670852661 distance_loss=1.66062617302
Iteration 27 of 100: loss=38.4057769775 object_loss=36.7454147339 distance_loss=1.66036331654
Iteration 28 of 100: loss=38.9918518066 object_loss=37.3316345215 distance_loss=1.66021597385
Iteration 29 of 100: loss=37.8598480225 object_loss=36.199306488 distance_loss=1.6605399847
Iteration 30 of 100: loss=39.7798614502 object_loss=38.1192398071 distance_loss=1.66062033176
Iteration 31 of 100: loss=39.4149627686 object_loss=37.7540626526 distance_loss=1.66090106964
Iteration 32 of 100: loss=39.5764694214 object_loss=37.9157829285 distance_loss=1.66068589687
Iteration 33 of 100: loss=39.6293525696 object_loss=37.9686927795 distance_loss=1.66065919399
Iteration 34 of 100: loss=38.7755317688 object_loss=37.1147842407 distance_loss=1.6607478857
Iteration 35 of 100: loss=40.8141593933 object_loss=39.1534118652 distance_loss=1.66074764729
Iteration 36 of 100: loss=40.7957420349 object_loss=39.1353759766 distance_loss=1.66036641598
Iteration 37 of 100: loss=38.1068687439 object_loss=36.4463500977 distance_loss=1.66051900387
Iteration 38 of 100: loss=37.8780212402 object_loss=36.2174987793 distance_loss=1.66052436829
Iteration 39 of 100: loss=40.6099815369 object_loss=38.9494400024 distance_loss=1.66054236889
Iteration 40 of 100: loss=39.4220848083 object_loss=37.7614974976 distance_loss=1.66058635712
Iteration 41 of 100: loss=39.096534729 object_loss=37.4355392456 distance_loss=1.66099655628
Iteration 42 of 100: loss=38.4836463928 object_loss=36.8223190308 distance_loss=1.66132628918
Iteration 43 of 100: loss=39.0591659546 object_loss=37.3974189758 distance_loss=1.66174650192
Iteration 44 of 100: loss=38.2192230225 object_loss=36.557182312 distance_loss=1.66204118729
Iteration 45 of 100: loss=38.7676544189 object_loss=37.1054191589 distance_loss=1.66223692894
Iteration 46 of 100: loss=40.2210044861 object_loss=38.558380127 distance_loss=1.66262543201
Iteration 47 of 100: loss=40.7140045166 object_loss=39.0509567261 distance_loss=1.66304755211
Iteration 48 of 100: loss=40.5812721252 object_loss=38.9181861877 distance_loss=1.66308414936
Iteration 49 of 100: loss=40.8108673096 object_loss=39.147403717 distance_loss=1.66346263885
Iteration 50 of 100: loss=40.4833335876 object_loss=38.8195343018 distance_loss=1.6637994051
Iteration 51 of 100: loss=39.2055206299 object_loss=37.5415267944 distance_loss=1.66399407387
Iteration 52 of 100: loss=36.0655822754 object_loss=34.4015464783 distance_loss=1.66403579712
Iteration 53 of 100: loss=36.3761901855 object_loss=34.7119293213 distance_loss=1.66426134109
Iteration 54 of 100: loss=37.2594490051 object_loss=35.5949897766 distance_loss=1.66445875168
Iteration 55 of 100: loss=39.6956138611 object_loss=38.0307273865 distance_loss=1.66488683224
Iteration 56 of 100: loss=40.2365074158 object_loss=38.5714225769 distance_loss=1.66508436203
Iteration 57 of 100: loss=40.7261619568 object_loss=39.0609512329 distance_loss=1.66521072388
Iteration 58 of 100: loss=39.9960632324 object_loss=38.3302383423 distance_loss=1.66582548618
Iteration 59 of 100: loss=39.7469902039 object_loss=38.0805130005 distance_loss=1.66647577286
Iteration 60 of 100: loss=38.6815948486 object_loss=37.0148544312 distance_loss=1.66674149036
Iteration 61 of 100: loss=41.3506698608 object_loss=39.6833572388 distance_loss=1.66731107235
Iteration 62 of 100: loss=39.7993774414 object_loss=38.1316070557 distance_loss=1.66776907444
Iteration 63 of 100: loss=39.1628990173 object_loss=37.4949111938 distance_loss=1.66798841953
Iteration 64 of 100: loss=42.0313224792 object_loss=40.3630409241 distance_loss=1.66828036308
Iteration 65 of 100: loss=42.6640892029 object_loss=40.9955749512 distance_loss=1.66851508617
Iteration 66 of 100: loss=42.0225944519 object_loss=40.3539810181 distance_loss=1.66861438751
Iteration 67 of 100: loss=41.3519210815 object_loss=39.6828193665 distance_loss=1.6691006422
Iteration 68 of 100: loss=41.5585861206 object_loss=39.8891716003 distance_loss=1.66941487789
Iteration 69 of 100: loss=40.6164245605 object_loss=38.9464225769 distance_loss=1.6700013876
Iteration 70 of 100: loss=41.0153083801 object_loss=39.3446655273 distance_loss=1.67064368725
Iteration 71 of 100: loss=40.6304550171 object_loss=38.9595108032 distance_loss=1.6709445715
Iteration 72 of 100: loss=41.9085044861 object_loss=40.2378120422 distance_loss=1.6706931591
Iteration 73 of 100: loss=41.1270141602 object_loss=39.4557762146 distance_loss=1.67123615742
Iteration 74 of 100: loss=42.4571342468 object_loss=40.7855300903 distance_loss=1.67160522938
Iteration 75 of 100: loss=41.9449005127 object_loss=40.27293396 distance_loss=1.6719648838
Iteration 76 of 100: loss=40.3539237976 object_loss=38.6817207336 distance_loss=1.6722048521
Iteration 77 of 100: loss=40.0596885681 object_loss=38.3873977661 distance_loss=1.67228925228
Iteration 78 of 100: loss=39.9517669678 object_loss=38.2792320251 distance_loss=1.67253673077
Iteration 79 of 100: loss=42.6793174744 object_loss=41.0064811707 distance_loss=1.67283451557
Iteration 80 of 100: loss=43.7749786377 object_loss=42.1019287109 distance_loss=1.67305111885
Iteration 81 of 100: loss=43.0231246948 object_loss=41.3500938416 distance_loss=1.67303228378
Iteration 82 of 100: loss=42.9586029053 object_loss=41.2854156494 distance_loss=1.67318797112
Iteration 83 of 100: loss=43.7549057007 object_loss=42.0813407898 distance_loss=1.6735650301
Iteration 84 of 100: loss=45.3334236145 object_loss=43.659828186 distance_loss=1.6735970974
Iteration 85 of 100: loss=45.6856956482 object_loss=44.0120391846 distance_loss=1.67365717888
Iteration 86 of 100: loss=45.598110199 object_loss=43.9244194031 distance_loss=1.67368924618
Iteration 87 of 100: loss=45.6872138977 object_loss=44.0133171082 distance_loss=1.67389786243
Iteration 88 of 100: loss=45.8220367432 object_loss=44.1480407715 distance_loss=1.67399466038
Iteration 89 of 100: loss=46.1676750183 object_loss=44.4935417175 distance_loss=1.67413413525
Iteration 90 of 100: loss=46.897518158 object_loss=45.2233772278 distance_loss=1.67414009571
Iteration 91 of 100: loss=46.5804862976 object_loss=44.9062919617 distance_loss=1.67419302464
Iteration 92 of 100: loss=46.9021682739 object_loss=45.2281036377 distance_loss=1.67406368256
Iteration 93 of 100: loss=46.7693061829 object_loss=45.0949287415 distance_loss=1.67437803745
Iteration 94 of 100: loss=45.9895019531 object_loss=44.3150444031 distance_loss=1.6744556427
Iteration 95 of 100: loss=45.7869720459 object_loss=44.1124534607 distance_loss=1.67451989651
Iteration 96 of 100: loss=45.2968177795 object_loss=43.6224555969 distance_loss=1.67436206341
Iteration 97 of 100: loss=44.7646217346 object_loss=43.0902442932 distance_loss=1.67437803745
Iteration 98 of 100: loss=44.9359550476 object_loss=43.2614212036 distance_loss=1.67453300953
Iteration 99 of 100: loss=44.3445358276 object_loss=42.6698875427 distance_loss=1.67465007305
Iteration 0 of 100: loss=44.1151733398 object_loss=42.4405288696 distance_loss=1.67464280128
Iteration 1 of 100: loss=42.532661438 object_loss=40.857875824 distance_loss=1.67478406429
Iteration 2 of 100: loss=41.1786880493 object_loss=39.503868103 distance_loss=1.67481851578
Iteration 3 of 100: loss=41.2758712769 object_loss=39.6008300781 distance_loss=1.67504227161
Iteration 4 of 100: loss=41.9663276672 object_loss=40.2912521362 distance_loss=1.67507600784
Iteration 5 of 100: loss=40.5673675537 object_loss=38.8922271729 distance_loss=1.6751396656
Iteration 6 of 100: loss=40.709400177 object_loss=39.0340614319 distance_loss=1.67533767223
Iteration 7 of 100: loss=43.752204895 object_loss=42.0768089294 distance_loss=1.67539739609
Iteration 8 of 100: loss=44.0048065186 object_loss=42.3295593262 distance_loss=1.67524850368
Iteration 9 of 100: loss=43.4849624634 object_loss=41.8096580505 distance_loss=1.67530453205
Iteration 10 of 100: loss=43.4199943542 object_loss=41.7444992065 distance_loss=1.67549514771
Iteration 11 of 100: loss=43.0157928467 object_loss=41.3404273987 distance_loss=1.67536532879
Iteration 12 of 100: loss=43.0270957947 object_loss=41.3520927429 distance_loss=1.67500257492
Iteration 13 of 100: loss=43.7036170959 object_loss=42.0285072327 distance_loss=1.67510998249
Iteration 14 of 100: loss=42.845664978 object_loss=41.1703529358 distance_loss=1.67531228065
Iteration 15 of 100: loss=44.4831466675 object_loss=42.8075561523 distance_loss=1.67558944225
Iteration 16 of 100: loss=44.5614585876 object_loss=42.8860626221 distance_loss=1.67539536953
Iteration 17 of 100: loss=43.0587615967 object_loss=41.3833198547 distance_loss=1.67544126511
Iteration 18 of 100: loss=42.499256134 object_loss=40.8237991333 distance_loss=1.67545747757
Iteration 19 of 100: loss=42.2685470581 object_loss=40.5929031372 distance_loss=1.67564547062
Iteration 20 of 100: loss=42.2682914734 object_loss=40.5927772522 distance_loss=1.67551290989
Iteration 21 of 100: loss=42.6306533813 object_loss=40.9550437927 distance_loss=1.67561149597
Iteration 22 of 100: loss=42.311088562 object_loss=40.6353912354 distance_loss=1.67569744587
Iteration 23 of 100: loss=42.8808250427 object_loss=41.2050933838 distance_loss=1.67573308945
Iteration 24 of 100: loss=43.9774513245 object_loss=42.3016433716 distance_loss=1.67580640316
Iteration 25 of 100: loss=41.9789810181 object_loss=40.3033828735 distance_loss=1.67559957504
Iteration 26 of 100: loss=39.4740142822 object_loss=37.7987174988 distance_loss=1.67529511452
Iteration 27 of 100: loss=42.3382034302 object_loss=40.6631889343 distance_loss=1.67501318455
Iteration 28 of 100: loss=39.9468841553 object_loss=38.2722816467 distance_loss=1.67460167408
Iteration 29 of 100: loss=41.5452156067 object_loss=39.8708305359 distance_loss=1.67438423634
Iteration 30 of 100: loss=40.9419670105 object_loss=39.2675743103 distance_loss=1.67439424992
Iteration 31 of 100: loss=40.0399017334 object_loss=38.3655815125 distance_loss=1.67432117462
Iteration 32 of 100: loss=39.6653060913 object_loss=37.9911613464 distance_loss=1.67414367199
Iteration 33 of 100: loss=39.3759765625 object_loss=37.7014846802 distance_loss=1.67449021339
Iteration 34 of 100: loss=40.4561195374 object_loss=38.7812194824 distance_loss=1.67490160465
Iteration 35 of 100: loss=40.9923057556 object_loss=39.3171615601 distance_loss=1.67514538765
Iteration 36 of 100: loss=41.3613510132 object_loss=39.6861038208 distance_loss=1.67524552345
Iteration 37 of 100: loss=42.7163314819 object_loss=41.040851593 distance_loss=1.67547976971
Iteration 38 of 100: loss=43.2167701721 object_loss=41.5409164429 distance_loss=1.6758531332
Iteration 39 of 100: loss=42.9722328186 object_loss=41.2958488464 distance_loss=1.67638289928
Iteration 40 of 100: loss=41.1765289307 object_loss=39.4998550415 distance_loss=1.67667496204
Iteration 41 of 100: loss=43.3336143494 object_loss=41.6567077637 distance_loss=1.67690563202
Iteration 42 of 100: loss=42.06772995 object_loss=40.3904380798 distance_loss=1.67729330063
Iteration 43 of 100: loss=41.538520813 object_loss=39.8607215881 distance_loss=1.67780005932
Iteration 44 of 100: loss=41.4431915283 object_loss=39.7652626038 distance_loss=1.67793011665
Iteration 45 of 100: loss=42.4854812622 object_loss=40.8072357178 distance_loss=1.67824733257
Iteration 46 of 100: loss=41.4380607605 object_loss=39.7596359253 distance_loss=1.67842590809
Iteration 47 of 100: loss=43.9958953857 object_loss=42.3173446655 distance_loss=1.67855215073
Iteration 48 of 100: loss=43.8465766907 object_loss=42.1678314209 distance_loss=1.67874610424
Iteration 49 of 100: loss=42.4112586975 object_loss=40.7321929932 distance_loss=1.67906570435
Iteration 50 of 100: loss=43.7778358459 object_loss=42.0985565186 distance_loss=1.67928028107
Iteration 51 of 100: loss=43.8346290588 object_loss=42.1550331116 distance_loss=1.67959630489
Iteration 52 of 100: loss=43.7440185547 object_loss=42.0643539429 distance_loss=1.67966508865
Iteration 53 of 100: loss=43.3852920532 object_loss=41.7051734924 distance_loss=1.68011760712
Iteration 54 of 100: loss=43.6726760864 object_loss=41.9921226501 distance_loss=1.68055391312
Iteration 55 of 100: loss=44.6235847473 object_loss=42.9427185059 distance_loss=1.68086493015
Iteration 56 of 100: loss=44.3027534485 object_loss=42.6218681335 distance_loss=1.68088591099
Iteration 57 of 100: loss=44.4114646912 object_loss=42.7302780151 distance_loss=1.68118798733
Iteration 58 of 100: loss=41.1259880066 object_loss=39.4448127747 distance_loss=1.68117499352
Iteration 59 of 100: loss=40.6628799438 object_loss=38.9814834595 distance_loss=1.6813980341
Iteration 60 of 100: loss=41.0165481567 object_loss=39.3349952698 distance_loss=1.68155217171
Iteration 61 of 100: loss=41.3136863708 object_loss=39.6323661804 distance_loss=1.68132019043
Iteration 62 of 100: loss=40.8702507019 object_loss=39.1891021729 distance_loss=1.68114829063
Iteration 63 of 100: loss=41.0542106628 object_loss=39.3730773926 distance_loss=1.68113195896
Iteration 64 of 100: loss=40.1538543701 object_loss=38.4729194641 distance_loss=1.68093419075
Iteration 65 of 100: loss=37.9364929199 object_loss=36.2560958862 distance_loss=1.68039536476
Iteration 66 of 100: loss=38.9753036499 object_loss=37.2952384949 distance_loss=1.68006443977
Iteration 67 of 100: loss=41.133354187 object_loss=39.4536361694 distance_loss=1.67971980572
Iteration 68 of 100: loss=40.0984649658 object_loss=38.4192886353 distance_loss=1.67917561531
Iteration 69 of 100: loss=41.1357536316 object_loss=39.4568061829 distance_loss=1.67894899845
Iteration 70 of 100: loss=38.9478721619 object_loss=37.2691001892 distance_loss=1.6787712574
Iteration 71 of 100: loss=40.3039474487 object_loss=38.6251525879 distance_loss=1.67879652977
Iteration 72 of 100: loss=39.829334259 object_loss=38.1508483887 distance_loss=1.67848587036
Iteration 73 of 100: loss=40.2004127502 object_loss=38.521774292 distance_loss=1.67863976955
Iteration 74 of 100: loss=39.7374267578 object_loss=38.0588340759 distance_loss=1.67859339714
Iteration 75 of 100: loss=40.3437614441 object_loss=38.6650238037 distance_loss=1.67873692513
Iteration 76 of 100: loss=41.0757598877 object_loss=39.3972320557 distance_loss=1.67852628231
Iteration 77 of 100: loss=40.3781509399 object_loss=38.6996421814 distance_loss=1.67850911617
Iteration 78 of 100: loss=40.3244247437 object_loss=38.6458282471 distance_loss=1.67859554291
Iteration 79 of 100: loss=39.9837608337 object_loss=38.3052062988 distance_loss=1.67855286598
Iteration 80 of 100: loss=38.562877655 object_loss=36.8846473694 distance_loss=1.67823088169
Iteration 81 of 100: loss=38.7176704407 object_loss=37.0394248962 distance_loss=1.67824530602
Iteration 82 of 100: loss=37.8239593506 object_loss=36.1454658508 distance_loss=1.67849504948
Iteration 83 of 100: loss=36.0092582703 object_loss=34.3304634094 distance_loss=1.67879581451
Iteration 84 of 100: loss=37.1643218994 object_loss=35.4854507446 distance_loss=1.67887306213
Iteration 85 of 100: loss=37.6294326782 object_loss=35.9504165649 distance_loss=1.67901587486
Iteration 86 of 100: loss=37.5597839355 object_loss=35.8806800842 distance_loss=1.67910206318
Iteration 87 of 100: loss=38.4703369141 object_loss=36.791103363 distance_loss=1.67923390865
Iteration 88 of 100: loss=37.7177505493 object_loss=36.0383720398 distance_loss=1.67937886715
Iteration 89 of 100: loss=37.9648017883 object_loss=36.2852897644 distance_loss=1.67951118946
Iteration 90 of 100: loss=40.4732093811 object_loss=38.7933692932 distance_loss=1.67984044552
Iteration 91 of 100: loss=40.449420929 object_loss=38.7694015503 distance_loss=1.6800185442
Iteration 92 of 100: loss=40.1218910217 object_loss=38.4422683716 distance_loss=1.67962324619
Iteration 93 of 100: loss=40.35521698 object_loss=38.6753501892 distance_loss=1.67986869812
Iteration 94 of 100: loss=39.9833297729 object_loss=38.3033981323 distance_loss=1.67993068695
Iteration 95 of 100: loss=40.748134613 object_loss=39.0683288574 distance_loss=1.67980754375
Iteration 96 of 100: loss=40.3958015442 object_loss=38.7163925171 distance_loss=1.67940962315
Iteration 97 of 100: loss=39.3987808228 object_loss=37.7196578979 distance_loss=1.67912244797
Iteration 98 of 100: loss=39.6598396301 object_loss=37.9810791016 distance_loss=1.67876195908
Iteration 99 of 100: loss=40.3011779785 object_loss=38.622592926 distance_loss=1.67858660221
Iteration 0 of 100: loss=38.4741249084 object_loss=36.7957458496 distance_loss=1.67837834358
Iteration 1 of 100: loss=38.1322097778 object_loss=36.4541740417 distance_loss=1.67803633213
Iteration 2 of 100: loss=36.5112571716 object_loss=34.8331718445 distance_loss=1.67808628082
Iteration 3 of 100: loss=35.2996559143 object_loss=33.6213684082 distance_loss=1.6782886982
Iteration 4 of 100: loss=34.1485519409 object_loss=32.4702758789 distance_loss=1.67827677727
Iteration 5 of 100: loss=32.9202156067 object_loss=31.2416419983 distance_loss=1.67857241631
Iteration 6 of 100: loss=33.6280250549 object_loss=31.9496040344 distance_loss=1.67841923237
Iteration 7 of 100: loss=33.8703651428 object_loss=32.1921272278 distance_loss=1.67823791504
Iteration 8 of 100: loss=34.7884674072 object_loss=33.1103935242 distance_loss=1.67807257175
Iteration 9 of 100: loss=34.1098442078 object_loss=32.4317398071 distance_loss=1.67810583115
Iteration 10 of 100: loss=34.5186424255 object_loss=32.8404388428 distance_loss=1.67820417881
Iteration 11 of 100: loss=35.9983139038 object_loss=34.3197937012 distance_loss=1.67851829529
Iteration 12 of 100: loss=32.258228302 object_loss=30.5797843933 distance_loss=1.67844355106
Iteration 13 of 100: loss=33.0187950134 object_loss=31.3399791718 distance_loss=1.67881703377
Iteration 14 of 100: loss=35.2604064941 object_loss=33.5813522339 distance_loss=1.67905402184
Iteration 15 of 100: loss=35.1207427979 object_loss=33.4415931702 distance_loss=1.67914891243
Iteration 16 of 100: loss=32.0245666504 object_loss=30.3454627991 distance_loss=1.67910265923
Iteration 17 of 100: loss=32.8319587708 object_loss=31.1528205872 distance_loss=1.67913961411
Iteration 18 of 100: loss=32.8709106445 object_loss=31.1916790009 distance_loss=1.67922973633
Iteration 19 of 100: loss=32.6064834595 object_loss=30.9272918701 distance_loss=1.67919278145
Iteration 20 of 100: loss=34.9970817566 object_loss=33.317855835 distance_loss=1.67922604084
Iteration 21 of 100: loss=35.4222869873 object_loss=33.7431869507 distance_loss=1.67910003662
Iteration 22 of 100: loss=33.8896331787 object_loss=32.210521698 distance_loss=1.67911267281
Iteration 23 of 100: loss=31.8022880554 object_loss=30.1231594086 distance_loss=1.67912876606
Iteration 24 of 100: loss=30.6697216034 object_loss=28.9905185699 distance_loss=1.67920315266
Iteration 25 of 100: loss=29.6313838959 object_loss=27.9522418976 distance_loss=1.67914175987
Iteration 26 of 100: loss=36.382019043 object_loss=34.7027626038 distance_loss=1.67925488949
Iteration 27 of 100: loss=38.3854789734 object_loss=36.706161499 distance_loss=1.6793166399
Iteration 28 of 100: loss=37.6970062256 object_loss=36.0179138184 distance_loss=1.6790907383
Iteration 29 of 100: loss=38.0695114136 object_loss=36.3901519775 distance_loss=1.67936098576
Iteration 30 of 100: loss=39.6006813049 object_loss=37.9212341309 distance_loss=1.67944633961
Iteration 31 of 100: loss=36.9572219849 object_loss=35.277759552 distance_loss=1.67946219444
Iteration 32 of 100: loss=36.6171836853 object_loss=34.9379615784 distance_loss=1.67922317982
Iteration 33 of 100: loss=37.5983505249 object_loss=35.9186210632 distance_loss=1.679728508
Iteration 34 of 100: loss=37.5963096619 object_loss=35.9162330627 distance_loss=1.68007695675
Iteration 35 of 100: loss=38.7084312439 object_loss=37.0281677246 distance_loss=1.68026268482
Iteration 36 of 100: loss=35.6382904053 object_loss=33.9579162598 distance_loss=1.68037235737
Iteration 37 of 100: loss=36.8431015015 object_loss=35.1625823975 distance_loss=1.68051970005
Iteration 38 of 100: loss=36.1086463928 object_loss=34.4278335571 distance_loss=1.68081402779
Iteration 39 of 100: loss=35.5050315857 object_loss=33.8239250183 distance_loss=1.68110835552
Iteration 40 of 100: loss=34.1262969971 object_loss=32.4452056885 distance_loss=1.68109321594
Iteration 41 of 100: loss=35.6787986755 object_loss=33.9976387024 distance_loss=1.68115925789
Iteration 42 of 100: loss=35.6063117981 object_loss=33.9250793457 distance_loss=1.68123066425
Iteration 43 of 100: loss=36.2782440186 object_loss=34.5968780518 distance_loss=1.68136417866
Iteration 44 of 100: loss=36.2416915894 object_loss=34.5602760315 distance_loss=1.68141591549
Iteration 45 of 100: loss=35.8643951416 object_loss=34.1830635071 distance_loss=1.68133187294
Iteration 46 of 100: loss=36.2723999023 object_loss=34.5910491943 distance_loss=1.68135225773
Iteration 47 of 100: loss=36.3845100403 object_loss=34.7031097412 distance_loss=1.68139922619
Iteration 48 of 100: loss=35.2771186829 object_loss=33.5961074829 distance_loss=1.68101274967
Iteration 49 of 100: loss=37.6448822021 object_loss=35.9640464783 distance_loss=1.68083691597
Iteration 50 of 100: loss=40.2389526367 object_loss=38.5579338074 distance_loss=1.68101882935
Iteration 51 of 100: loss=40.7173728943 object_loss=39.0363082886 distance_loss=1.68106412888
Iteration 52 of 100: loss=38.8090286255 object_loss=37.1285667419 distance_loss=1.68046307564
Iteration 53 of 100: loss=38.1451301575 object_loss=36.4647216797 distance_loss=1.68040800095
Iteration 54 of 100: loss=36.4814796448 object_loss=34.8008766174 distance_loss=1.68060255051
Iteration 55 of 100: loss=36.9882392883 object_loss=35.3074760437 distance_loss=1.68076229095
Iteration 56 of 100: loss=35.8494796753 object_loss=34.1688194275 distance_loss=1.68066060543
Iteration 57 of 100: loss=39.7189445496 object_loss=38.0381660461 distance_loss=1.68077766895
Iteration 58 of 100: loss=38.9579582214 object_loss=37.2770614624 distance_loss=1.68089795113
Iteration 59 of 100: loss=39.6096496582 object_loss=37.9284820557 distance_loss=1.68116891384
Iteration 60 of 100: loss=34.6274986267 object_loss=32.946182251 distance_loss=1.68131482601
Iteration 61 of 100: loss=35.2934417725 object_loss=33.6120872498 distance_loss=1.68135619164
Iteration 62 of 100: loss=34.9563140869 object_loss=33.2748794556 distance_loss=1.68143558502
Iteration 63 of 100: loss=33.1105079651 object_loss=31.4288082123 distance_loss=1.68169808388
Iteration 64 of 100: loss=34.6913108826 object_loss=33.0096359253 distance_loss=1.68167543411
Iteration 65 of 100: loss=35.1146583557 object_loss=33.4326324463 distance_loss=1.68202590942
Iteration 66 of 100: loss=34.2042884827 object_loss=32.5220108032 distance_loss=1.68227672577
Iteration 67 of 100: loss=36.7800216675 object_loss=35.0975914001 distance_loss=1.68243217468
Iteration 68 of 100: loss=36.7355194092 object_loss=35.052696228 distance_loss=1.68282425404
Iteration 69 of 100: loss=37.8187408447 object_loss=36.1354103088 distance_loss=1.6833319664
Iteration 70 of 100: loss=36.9456291199 object_loss=35.2621612549 distance_loss=1.6834666729
Iteration 71 of 100: loss=37.1479415894 object_loss=35.4641952515 distance_loss=1.68374693394
Iteration 72 of 100: loss=37.2879257202 object_loss=35.6040687561 distance_loss=1.68385648727
Iteration 73 of 100: loss=38.3451957703 object_loss=36.6610908508 distance_loss=1.6841044426
Iteration 74 of 100: loss=38.0335884094 object_loss=36.3493080139 distance_loss=1.68428170681
Iteration 75 of 100: loss=40.1198120117 object_loss=38.4354820251 distance_loss=1.68432927132
Iteration 76 of 100: loss=35.7202453613 object_loss=34.036026001 distance_loss=1.68421912193
Iteration 77 of 100: loss=37.0067214966 object_loss=35.3223266602 distance_loss=1.68439555168
Iteration 78 of 100: loss=37.127784729 object_loss=35.4431800842 distance_loss=1.68460547924
Iteration 79 of 100: loss=36.8168945312 object_loss=35.132106781 distance_loss=1.68478786945
Iteration 80 of 100: loss=37.2418251038 object_loss=35.5568389893 distance_loss=1.68498623371
Iteration 81 of 100: loss=36.9495124817 object_loss=35.2643051147 distance_loss=1.68520903587
Iteration 82 of 100: loss=37.1299667358 object_loss=35.4446372986 distance_loss=1.6853312254
Iteration 83 of 100: loss=36.7201881409 object_loss=35.0344810486 distance_loss=1.68570721149
Iteration 84 of 100: loss=36.858417511 object_loss=35.1726417542 distance_loss=1.68577480316
Iteration 85 of 100: loss=36.8586235046 object_loss=35.1726837158 distance_loss=1.68593895435
Iteration 86 of 100: loss=36.7770233154 object_loss=35.0908164978 distance_loss=1.68620634079
Iteration 87 of 100: loss=34.813293457 object_loss=33.127040863 distance_loss=1.68625402451
Iteration 88 of 100: loss=34.0859146118 object_loss=32.3998947144 distance_loss=1.68601834774
Iteration 89 of 100: loss=34.7234039307 object_loss=33.0371398926 distance_loss=1.68626534939
Iteration 90 of 100: loss=34.723575592 object_loss=33.0371589661 distance_loss=1.68641841412
Iteration 91 of 100: loss=34.7235374451 object_loss=33.0371589661 distance_loss=1.686378479
Iteration 92 of 100: loss=34.5833473206 object_loss=32.8970336914 distance_loss=1.68631505966
Iteration 93 of 100: loss=34.8005447388 object_loss=33.1138038635 distance_loss=1.68673920631
Iteration 94 of 100: loss=34.4791793823 object_loss=32.792175293 distance_loss=1.68700528145
Iteration 95 of 100: loss=34.5209083557 object_loss=32.8336982727 distance_loss=1.68720960617
Iteration 96 of 100: loss=34.6604766846 object_loss=32.9733200073 distance_loss=1.68715798855
Iteration 97 of 100: loss=34.6164016724 object_loss=32.9292411804 distance_loss=1.68716156483
Iteration 98 of 100: loss=34.6170120239 object_loss=32.9297294617 distance_loss=1.68728268147
Iteration 99 of 100: loss=34.516620636 object_loss=32.8291358948 distance_loss=1.68748402596
Iteration 0 of 100: loss=37.6816596985 object_loss=35.9941253662 distance_loss=1.68753433228
Iteration 1 of 100: loss=36.8476638794 object_loss=35.1600608826 distance_loss=1.68760240078
Iteration 2 of 100: loss=36.879611969 object_loss=35.191783905 distance_loss=1.68782734871
Iteration 3 of 100: loss=37.1107711792 object_loss=35.4224052429 distance_loss=1.68836665154
Iteration 4 of 100: loss=37.0368270874 object_loss=35.3480110168 distance_loss=1.68881559372
Iteration 5 of 100: loss=37.1642189026 object_loss=35.4755325317 distance_loss=1.68868708611
Iteration 6 of 100: loss=36.3890724182 object_loss=34.7003631592 distance_loss=1.68870913982
Iteration 7 of 100: loss=36.2904701233 object_loss=34.6017684937 distance_loss=1.68870282173
Iteration 8 of 100: loss=36.5709190369 object_loss=34.8824272156 distance_loss=1.68849015236
Iteration 9 of 100: loss=36.9235725403 object_loss=35.2350845337 distance_loss=1.68848717213
Iteration 10 of 100: loss=36.9426879883 object_loss=35.2539787292 distance_loss=1.68871045113
Iteration 11 of 100: loss=38.0180854797 object_loss=36.3293113708 distance_loss=1.68877339363
Iteration 12 of 100: loss=36.5107002258 object_loss=34.8225708008 distance_loss=1.68812811375
Iteration 13 of 100: loss=38.1762809753 object_loss=36.4881820679 distance_loss=1.68810033798
Iteration 14 of 100: loss=36.8768501282 object_loss=35.1889762878 distance_loss=1.68787205219
Iteration 15 of 100: loss=36.1870040894 object_loss=34.4993362427 distance_loss=1.68766665459
Iteration 16 of 100: loss=37.0910186768 object_loss=35.4038162231 distance_loss=1.68720185757
Iteration 17 of 100: loss=36.4127922058 object_loss=34.7257843018 distance_loss=1.68700611591
Iteration 18 of 100: loss=36.6406402588 object_loss=34.9537239075 distance_loss=1.68691587448
Iteration 19 of 100: loss=35.8793945312 object_loss=34.1924781799 distance_loss=1.68691539764
Iteration 20 of 100: loss=34.8294258118 object_loss=33.1426391602 distance_loss=1.68678534031
Iteration 21 of 100: loss=35.5864448547 object_loss=33.900100708 distance_loss=1.68634319305
Iteration 22 of 100: loss=34.0181083679 object_loss=32.3319816589 distance_loss=1.68612754345
Iteration 23 of 100: loss=34.0725975037 object_loss=32.3864593506 distance_loss=1.6861371994
Iteration 24 of 100: loss=34.7448310852 object_loss=33.0588760376 distance_loss=1.68595433235
Iteration 25 of 100: loss=34.4806175232 object_loss=32.7945747375 distance_loss=1.68604338169
Iteration 26 of 100: loss=33.6922454834 object_loss=32.0061912537 distance_loss=1.68605589867
Iteration 27 of 100: loss=34.0753822327 object_loss=32.3894691467 distance_loss=1.68591427803
Iteration 28 of 100: loss=36.3279762268 object_loss=34.6421966553 distance_loss=1.68577945232
Iteration 29 of 100: loss=36.6810112 object_loss=34.9953079224 distance_loss=1.68570387363
Iteration 30 of 100: loss=33.1189193726 object_loss=31.4332389832 distance_loss=1.68567860126
Iteration 31 of 100: loss=31.7535839081 object_loss=30.0679836273 distance_loss=1.6856007576
Iteration 32 of 100: loss=34.2744674683 object_loss=32.5890541077 distance_loss=1.68541181087
Iteration 33 of 100: loss=37.0742874146 object_loss=35.3888015747 distance_loss=1.68548691273
Iteration 34 of 100: loss=40.4034729004 object_loss=38.7179946899 distance_loss=1.68547642231
Iteration 35 of 100: loss=38.948387146 object_loss=37.2629165649 distance_loss=1.68547201157
Iteration 36 of 100: loss=38.9481277466 object_loss=37.2628746033 distance_loss=1.68525195122
Iteration 37 of 100: loss=36.5983924866 object_loss=34.9131507874 distance_loss=1.68524158001
Iteration 38 of 100: loss=37.0528793335 object_loss=35.3676490784 distance_loss=1.6852298975
Iteration 39 of 100: loss=36.3846626282 object_loss=34.6992454529 distance_loss=1.68541669846
Iteration 40 of 100: loss=36.1518592834 object_loss=34.4663772583 distance_loss=1.68548202515
Iteration 41 of 100: loss=36.0170211792 object_loss=34.3315811157 distance_loss=1.68543934822
Iteration 42 of 100: loss=36.1889724731 object_loss=34.5036849976 distance_loss=1.68528676033
Iteration 43 of 100: loss=35.9445724487 object_loss=34.2592544556 distance_loss=1.68531954288
Iteration 44 of 100: loss=35.7378540039 object_loss=34.0523719788 distance_loss=1.68548119068
Iteration 45 of 100: loss=38.7363204956 object_loss=37.0510177612 distance_loss=1.68530094624
Iteration 46 of 100: loss=38.4500312805 object_loss=36.7649269104 distance_loss=1.68510389328
Iteration 47 of 100: loss=38.725566864 object_loss=37.0406646729 distance_loss=1.68490302563
Iteration 48 of 100: loss=38.5565032959 object_loss=36.8720321655 distance_loss=1.68447208405
Iteration 49 of 100: loss=40.4104690552 object_loss=38.7261924744 distance_loss=1.68427658081
Iteration 50 of 100: loss=40.1629753113 object_loss=38.4783744812 distance_loss=1.68460083008
Iteration 51 of 100: loss=37.8572731018 object_loss=36.1725654602 distance_loss=1.68470847607
Iteration 52 of 100: loss=39.5522575378 object_loss=37.8677787781 distance_loss=1.68447816372
Iteration 53 of 100: loss=38.6543960571 object_loss=36.9696464539 distance_loss=1.68475043774
Iteration 54 of 100: loss=37.9250717163 object_loss=36.2400283813 distance_loss=1.68504345417
Iteration 55 of 100: loss=38.4388275146 object_loss=36.7534255981 distance_loss=1.68540024757
Iteration 56 of 100: loss=39.3293685913 object_loss=37.6440162659 distance_loss=1.68535387516
Iteration 57 of 100: loss=38.0663375854 object_loss=36.3809089661 distance_loss=1.68542766571
Iteration 58 of 100: loss=37.7551651001 object_loss=36.0694007874 distance_loss=1.68576276302
Iteration 59 of 100: loss=39.2245674133 object_loss=37.5385742188 distance_loss=1.68599271774
Iteration 60 of 100: loss=39.2386016846 object_loss=37.5527458191 distance_loss=1.68585419655
Iteration 61 of 100: loss=39.1498565674 object_loss=37.4639968872 distance_loss=1.6858612299
Iteration 62 of 100: loss=40.1329078674 object_loss=38.4468078613 distance_loss=1.68609845638
Iteration 63 of 100: loss=40.6292686462 object_loss=38.9429893494 distance_loss=1.68627774715
Iteration 64 of 100: loss=41.4309387207 object_loss=39.7443809509 distance_loss=1.68655586243
Iteration 65 of 100: loss=41.1059646606 object_loss=39.4192733765 distance_loss=1.68669092655
Iteration 66 of 100: loss=41.341594696 object_loss=39.6547889709 distance_loss=1.68680751324
Iteration 67 of 100: loss=41.6374053955 object_loss=39.9503097534 distance_loss=1.68709409237
Iteration 68 of 100: loss=40.7610054016 object_loss=39.0738792419 distance_loss=1.6871253252
Iteration 69 of 100: loss=40.3319015503 object_loss=38.6446418762 distance_loss=1.687261343
Iteration 70 of 100: loss=39.8670158386 object_loss=38.1797103882 distance_loss=1.68730568886
Iteration 71 of 100: loss=40.1308403015 object_loss=38.4434700012 distance_loss=1.6873704195
Iteration 72 of 100: loss=40.1419868469 object_loss=38.4548950195 distance_loss=1.68709278107
Iteration 73 of 100: loss=40.1914100647 object_loss=38.5039520264 distance_loss=1.68745720387
Iteration 74 of 100: loss=38.9829292297 object_loss=37.2954406738 distance_loss=1.68748891354
Iteration 75 of 100: loss=39.4770774841 object_loss=37.7895507812 distance_loss=1.68752801418
Iteration 76 of 100: loss=39.3872756958 object_loss=37.6997566223 distance_loss=1.6875193119
Iteration 77 of 100: loss=39.3114891052 object_loss=37.6239814758 distance_loss=1.68750739098
Iteration 78 of 100: loss=39.8137359619 object_loss=38.1262016296 distance_loss=1.68753492832
Iteration 79 of 100: loss=38.9354782104 object_loss=37.2478103638 distance_loss=1.68766713142
Iteration 80 of 100: loss=38.535949707 object_loss=36.848274231 distance_loss=1.6876758337
Iteration 81 of 100: loss=38.0995101929 object_loss=36.4118690491 distance_loss=1.68764066696
Iteration 82 of 100: loss=38.7910079956 object_loss=37.1031227112 distance_loss=1.68788564205
Iteration 83 of 100: loss=37.7458496094 object_loss=36.0576896667 distance_loss=1.68815946579
Iteration 84 of 100: loss=38.4556312561 object_loss=36.7672767639 distance_loss=1.68835532665
Iteration 85 of 100: loss=39.2124404907 object_loss=37.5239868164 distance_loss=1.6884547472
Iteration 86 of 100: loss=38.2861480713 object_loss=36.5974960327 distance_loss=1.68865191936
Iteration 87 of 100: loss=37.6877975464 object_loss=35.9990768433 distance_loss=1.6887203455
Iteration 88 of 100: loss=37.6748428345 object_loss=35.9861335754 distance_loss=1.6887100935
Iteration 89 of 100: loss=37.8134460449 object_loss=36.1246528625 distance_loss=1.68879461288
Iteration 90 of 100: loss=37.7210922241 object_loss=36.0320930481 distance_loss=1.6890001297
Iteration 91 of 100: loss=38.0587844849 object_loss=36.3695602417 distance_loss=1.68922281265
Iteration 92 of 100: loss=38.0414085388 object_loss=36.3524284363 distance_loss=1.68898046017
Iteration 93 of 100: loss=38.430606842 object_loss=36.7414283752 distance_loss=1.68917703629
Iteration 94 of 100: loss=38.4177474976 object_loss=36.7281455994 distance_loss=1.68960022926
Iteration 95 of 100: loss=38.4061431885 object_loss=36.716342926 distance_loss=1.68979918957
Iteration 96 of 100: loss=37.3422660828 object_loss=35.6527137756 distance_loss=1.68955051899
Iteration 97 of 100: loss=37.7841758728 object_loss=36.0943603516 distance_loss=1.68981552124
Iteration 98 of 100: loss=37.9990005493 object_loss=36.3088302612 distance_loss=1.69016993046
Iteration 99 of 100: loss=37.4341583252 object_loss=35.7437477112 distance_loss=1.69040894508
Iteration 0 of 100: loss=36.3090286255 object_loss=34.6183357239 distance_loss=1.69069266319
Iteration 1 of 100: loss=36.0424613953 object_loss=34.3514213562 distance_loss=1.69103872776
Iteration 2 of 100: loss=36.6946182251 object_loss=35.0035476685 distance_loss=1.69107222557
Iteration 3 of 100: loss=35.1516075134 object_loss=33.4604034424 distance_loss=1.69120371342
Iteration 4 of 100: loss=35.067363739 object_loss=33.375957489 distance_loss=1.69140517712
Iteration 5 of 100: loss=36.458568573 object_loss=34.7669906616 distance_loss=1.69157671928
Iteration 6 of 100: loss=36.1287498474 object_loss=34.4369087219 distance_loss=1.69184041023
Iteration 7 of 100: loss=35.8176803589 object_loss=34.1258468628 distance_loss=1.69183242321
Iteration 8 of 100: loss=37.2733688354 object_loss=35.5819244385 distance_loss=1.6914447546
Iteration 9 of 100: loss=36.6772651672 object_loss=34.9856567383 distance_loss=1.69160747528
Iteration 10 of 100: loss=35.7558708191 object_loss=34.0643692017 distance_loss=1.69150197506
Iteration 11 of 100: loss=35.8237686157 object_loss=34.1324081421 distance_loss=1.69136166573
Iteration 12 of 100: loss=36.2479095459 object_loss=34.5568008423 distance_loss=1.69110751152
Iteration 13 of 100: loss=36.9932098389 object_loss=35.3020248413 distance_loss=1.69118618965
Iteration 14 of 100: loss=35.2712364197 object_loss=33.5801315308 distance_loss=1.6911046505
Iteration 15 of 100: loss=35.3006973267 object_loss=33.6096954346 distance_loss=1.69100034237
Iteration 16 of 100: loss=35.9453964233 object_loss=34.2545852661 distance_loss=1.69081115723
Iteration 17 of 100: loss=35.545501709 object_loss=33.8549919128 distance_loss=1.69051134586
Iteration 18 of 100: loss=33.6331787109 object_loss=31.9426937103 distance_loss=1.69048368931
Iteration 19 of 100: loss=34.8358879089 object_loss=33.145324707 distance_loss=1.69056296349
Iteration 20 of 100: loss=34.6571350098 object_loss=32.9666748047 distance_loss=1.69046020508
Iteration 21 of 100: loss=34.3785171509 object_loss=32.6880226135 distance_loss=1.69049417973
Iteration 22 of 100: loss=36.0270195007 object_loss=34.3362388611 distance_loss=1.6907813549
Iteration 23 of 100: loss=36.822719574 object_loss=35.1316490173 distance_loss=1.69107079506
Iteration 24 of 100: loss=37.7409286499 object_loss=36.0497817993 distance_loss=1.69114553928
Iteration 25 of 100: loss=36.1862983704 object_loss=34.4949760437 distance_loss=1.69132196903
Iteration 26 of 100: loss=39.3756141663 object_loss=37.6842041016 distance_loss=1.6914100647
Iteration 27 of 100: loss=37.6454391479 object_loss=35.9537162781 distance_loss=1.69172239304
Iteration 28 of 100: loss=37.3388824463 object_loss=35.647151947 distance_loss=1.69172906876
Iteration 29 of 100: loss=37.2391014099 object_loss=35.5472602844 distance_loss=1.69184195995
Iteration 30 of 100: loss=35.7961235046 object_loss=34.1042175293 distance_loss=1.69190585613
Iteration 31 of 100: loss=38.5568733215 object_loss=36.8653144836 distance_loss=1.69155836105
Iteration 32 of 100: loss=39.7711791992 object_loss=38.0803909302 distance_loss=1.69078838825
Iteration 33 of 100: loss=37.7551612854 object_loss=36.0644683838 distance_loss=1.69069123268
Iteration 34 of 100: loss=38.1322250366 object_loss=36.4415740967 distance_loss=1.69065153599
Iteration 35 of 100: loss=37.9236183167 object_loss=36.233291626 distance_loss=1.69032597542
Iteration 36 of 100: loss=39.2315330505 object_loss=37.5417175293 distance_loss=1.68981647491
Iteration 37 of 100: loss=37.1163482666 object_loss=35.4269790649 distance_loss=1.68936741352
Iteration 38 of 100: loss=36.1065711975 object_loss=34.4176025391 distance_loss=1.68896973133
Iteration 39 of 100: loss=35.0227203369 object_loss=33.3337020874 distance_loss=1.68901789188
Iteration 40 of 100: loss=35.6321601868 object_loss=33.9431037903 distance_loss=1.68905484676
Iteration 41 of 100: loss=35.6760177612 object_loss=33.987285614 distance_loss=1.68873119354
Iteration 42 of 100: loss=35.7005004883 object_loss=34.011806488 distance_loss=1.68869507313
Iteration 43 of 100: loss=36.6704864502 object_loss=34.9816741943 distance_loss=1.68881213665
Iteration 44 of 100: loss=36.8412094116 object_loss=35.1525039673 distance_loss=1.68870639801
Iteration 45 of 100: loss=37.0435905457 object_loss=35.3548164368 distance_loss=1.68877351284
Iteration 46 of 100: loss=37.2541389465 object_loss=35.565322876 distance_loss=1.68881726265
Iteration 47 of 100: loss=37.5865707397 object_loss=35.8977661133 distance_loss=1.68880629539
Iteration 48 of 100: loss=36.0918731689 object_loss=34.402973175 distance_loss=1.68890166283
Iteration 49 of 100: loss=36.1051826477 object_loss=34.4163131714 distance_loss=1.68886935711
Iteration 50 of 100: loss=35.3818893433 object_loss=33.6930580139 distance_loss=1.68883097172
Iteration 51 of 100: loss=34.9810142517 object_loss=33.292011261 distance_loss=1.68900120258
Iteration 52 of 100: loss=34.4890899658 object_loss=32.8003540039 distance_loss=1.68873643875
Iteration 53 of 100: loss=34.4081077576 object_loss=32.7191429138 distance_loss=1.68896305561
Iteration 54 of 100: loss=35.1531906128 object_loss=33.4642333984 distance_loss=1.6889591217
Iteration 55 of 100: loss=35.1925315857 object_loss=33.5036964417 distance_loss=1.68883514404
Iteration 56 of 100: loss=34.5865516663 object_loss=32.8982162476 distance_loss=1.68833494186
Iteration 57 of 100: loss=34.7557792664 object_loss=33.067150116 distance_loss=1.68862974644
Iteration 58 of 100: loss=35.1542663574 object_loss=33.4656181335 distance_loss=1.68864703178
Iteration 59 of 100: loss=36.1058540344 object_loss=34.4172401428 distance_loss=1.68861401081
Iteration 60 of 100: loss=35.9040870667 object_loss=34.2153625488 distance_loss=1.68872475624
Iteration 61 of 100: loss=34.7539787292 object_loss=33.0653686523 distance_loss=1.68861162663
Iteration 62 of 100: loss=33.3074569702 object_loss=31.6188201904 distance_loss=1.68863868713
Iteration 63 of 100: loss=35.6691131592 object_loss=33.9803352356 distance_loss=1.6887768507
Iteration 64 of 100: loss=33.8679885864 object_loss=32.1794013977 distance_loss=1.68858659267
Iteration 65 of 100: loss=35.0546226501 object_loss=33.3660583496 distance_loss=1.68856358528
Iteration 66 of 100: loss=36.5015144348 object_loss=34.8128814697 distance_loss=1.68863165379
Iteration 67 of 100: loss=36.2229957581 object_loss=34.5343856812 distance_loss=1.68861162663
Iteration 68 of 100: loss=37.1438560486 object_loss=35.4554176331 distance_loss=1.68843948841
Iteration 69 of 100: loss=38.6680679321 object_loss=36.979309082 distance_loss=1.68875813484
Iteration 70 of 100: loss=37.5394439697 object_loss=35.850353241 distance_loss=1.68909013271
Iteration 71 of 100: loss=37.9751243591 object_loss=36.2858352661 distance_loss=1.68928921223
Iteration 72 of 100: loss=39.8136291504 object_loss=38.1243171692 distance_loss=1.68931043148
Iteration 73 of 100: loss=37.5668640137 object_loss=35.8772964478 distance_loss=1.68956851959
Iteration 74 of 100: loss=39.8896560669 object_loss=38.2000389099 distance_loss=1.6896173954
Iteration 75 of 100: loss=39.1270713806 object_loss=37.4376602173 distance_loss=1.68941020966
Iteration 76 of 100: loss=38.5217666626 object_loss=36.8326835632 distance_loss=1.6890835762
Iteration 77 of 100: loss=40.1366081238 object_loss=38.4476470947 distance_loss=1.68896138668
Iteration 78 of 100: loss=40.2739105225 object_loss=38.5850639343 distance_loss=1.68884599209
Iteration 79 of 100: loss=41.8760871887 object_loss=40.1870613098 distance_loss=1.6890245676
Iteration 80 of 100: loss=41.8795700073 object_loss=40.1908912659 distance_loss=1.68867743015
Iteration 81 of 100: loss=41.5683174133 object_loss=39.8800582886 distance_loss=1.68826019764
Iteration 82 of 100: loss=40.2663726807 object_loss=38.5784912109 distance_loss=1.68788313866
Iteration 83 of 100: loss=39.7512741089 object_loss=38.063167572 distance_loss=1.68810737133
Iteration 84 of 100: loss=39.371711731 object_loss=37.6834983826 distance_loss=1.6882134676
Iteration 85 of 100: loss=38.3876724243 object_loss=36.6995277405 distance_loss=1.68814408779
Iteration 86 of 100: loss=40.7629966736 object_loss=39.0749740601 distance_loss=1.68802154064
Iteration 87 of 100: loss=41.6138572693 object_loss=39.9257011414 distance_loss=1.68815696239
Iteration 88 of 100: loss=41.4679908752 object_loss=39.7796478271 distance_loss=1.68834364414
Iteration 89 of 100: loss=39.3965797424 object_loss=37.7079772949 distance_loss=1.68860220909
Iteration 90 of 100: loss=39.6331481934 object_loss=37.9442024231 distance_loss=1.68894636631
Iteration 91 of 100: loss=40.3648262024 object_loss=38.6755104065 distance_loss=1.68931639194
Iteration 92 of 100: loss=39.8608551025 object_loss=38.1717376709 distance_loss=1.68911898136
Iteration 93 of 100: loss=40.781288147 object_loss=39.0919075012 distance_loss=1.68938028812
Iteration 94 of 100: loss=40.7481880188 object_loss=39.0586242676 distance_loss=1.6895635128
Iteration 95 of 100: loss=41.7062149048 object_loss=40.0165405273 distance_loss=1.68967533112
Iteration 96 of 100: loss=39.4703521729 object_loss=37.7806777954 distance_loss=1.68967568874
Iteration 97 of 100: loss=39.8777503967 object_loss=38.1880226135 distance_loss=1.68972623348
Iteration 98 of 100: loss=41.1709289551 object_loss=39.481338501 distance_loss=1.68958926201
Iteration 99 of 100: loss=41.6031074524 object_loss=39.913394928 distance_loss=1.68971371651
Iteration 0 of 100: loss=42.5572280884 object_loss=40.8675231934 distance_loss=1.68970298767
Iteration 1 of 100: loss=41.4104766846 object_loss=39.7209205627 distance_loss=1.68955588341
Iteration 2 of 100: loss=39.8961753845 object_loss=38.2064170837 distance_loss=1.68975698948
Iteration 3 of 100: loss=41.5521278381 object_loss=39.862323761 distance_loss=1.68980586529
Iteration 4 of 100: loss=41.2909431458 object_loss=39.601474762 distance_loss=1.68946957588
Iteration 5 of 100: loss=38.9902801514 object_loss=37.3009490967 distance_loss=1.68933188915
Iteration 6 of 100: loss=37.6423797607 object_loss=35.9530334473 distance_loss=1.68934690952
Iteration 7 of 100: loss=37.7442626953 object_loss=36.0551071167 distance_loss=1.6891541481
Iteration 8 of 100: loss=37.7486343384 object_loss=36.0596847534 distance_loss=1.68894839287
Iteration 9 of 100: loss=39.1494178772 object_loss=37.4604644775 distance_loss=1.68895208836
Iteration 10 of 100: loss=40.3641777039 object_loss=38.675579071 distance_loss=1.68859767914
Iteration 11 of 100: loss=39.7529678345 object_loss=38.0646858215 distance_loss=1.68828260899
Iteration 12 of 100: loss=41.0148963928 object_loss=39.3272323608 distance_loss=1.68766498566
Iteration 13 of 100: loss=40.7016563416 object_loss=39.0141906738 distance_loss=1.68746685982
Iteration 14 of 100: loss=42.6572761536 object_loss=40.9701385498 distance_loss=1.68713915348
Iteration 15 of 100: loss=41.4408073425 object_loss=39.7540054321 distance_loss=1.68680143356
Iteration 16 of 100: loss=39.4400634766 object_loss=37.7538337708 distance_loss=1.68623006344
Iteration 17 of 100: loss=41.3976173401 object_loss=39.711643219 distance_loss=1.68597483635
Iteration 18 of 100: loss=40.6550064087 object_loss=38.9694213867 distance_loss=1.68558382988
Iteration 19 of 100: loss=41.7976150513 object_loss=40.1122360229 distance_loss=1.68537795544
Iteration 20 of 100: loss=42.1780700684 object_loss=40.4927940369 distance_loss=1.6852748394
Iteration 21 of 100: loss=42.1477012634 object_loss=40.4626731873 distance_loss=1.68502652645
Iteration 22 of 100: loss=42.1650238037 object_loss=40.4803848267 distance_loss=1.68463802338
Iteration 23 of 100: loss=41.3812332153 object_loss=39.6965026855 distance_loss=1.68473207951
Iteration 24 of 100: loss=42.1540260315 object_loss=40.4691543579 distance_loss=1.68487298489
Iteration 25 of 100: loss=40.0661125183 object_loss=38.381275177 distance_loss=1.68483626842
Iteration 26 of 100: loss=39.4355926514 object_loss=37.7506408691 distance_loss=1.68495154381
Iteration 27 of 100: loss=39.0673675537 object_loss=37.382724762 distance_loss=1.68464183807
Iteration 28 of 100: loss=39.8086166382 object_loss=38.1243133545 distance_loss=1.68430244923
Iteration 29 of 100: loss=40.1959533691 object_loss=38.5116157532 distance_loss=1.68433797359
Iteration 30 of 100: loss=40.2221031189 object_loss=38.5376281738 distance_loss=1.6844741106
Iteration 31 of 100: loss=38.8196334839 object_loss=37.1353530884 distance_loss=1.68427872658
Iteration 32 of 100: loss=38.8489608765 object_loss=37.1651344299 distance_loss=1.68382632732
Iteration 33 of 100: loss=39.7979888916 object_loss=38.1140174866 distance_loss=1.68397045135
Iteration 34 of 100: loss=39.0916671753 object_loss=37.4077682495 distance_loss=1.68389940262
Iteration 35 of 100: loss=40.9036407471 object_loss=39.2197685242 distance_loss=1.68387174606
Iteration 36 of 100: loss=41.3150177002 object_loss=39.6317176819 distance_loss=1.68329918385
Iteration 37 of 100: loss=39.9907417297 object_loss=38.3077049255 distance_loss=1.68303668499
Iteration 38 of 100: loss=37.1772460938 object_loss=35.494354248 distance_loss=1.68289041519
Iteration 39 of 100: loss=37.5694007874 object_loss=35.886806488 distance_loss=1.68259561062
Iteration 40 of 100: loss=38.5367431641 object_loss=36.8545036316 distance_loss=1.68224036694
Iteration 41 of 100: loss=37.6787719727 object_loss=35.9966239929 distance_loss=1.6821488142
Iteration 42 of 100: loss=37.7333946228 object_loss=36.051361084 distance_loss=1.68203175068
Iteration 43 of 100: loss=37.7770118713 object_loss=36.0950431824 distance_loss=1.68196880817
Iteration 44 of 100: loss=37.7769622803 object_loss=36.0950737 distance_loss=1.68188774586
Iteration 45 of 100: loss=38.2158088684 object_loss=36.5339736938 distance_loss=1.68183648586
Iteration 46 of 100: loss=37.102268219 object_loss=35.4204444885 distance_loss=1.68182551861
Iteration 47 of 100: loss=36.4977684021 object_loss=34.8160705566 distance_loss=1.68169701099
Iteration 48 of 100: loss=38.4619216919 object_loss=36.780544281 distance_loss=1.68137800694
Iteration 49 of 100: loss=38.4525909424 object_loss=36.7712898254 distance_loss=1.68129980564
Iteration 50 of 100: loss=37.2759284973 object_loss=35.5947036743 distance_loss=1.68122339249
Iteration 51 of 100: loss=36.7225646973 object_loss=35.0411682129 distance_loss=1.68139469624
Iteration 52 of 100: loss=36.419593811 object_loss=34.7384300232 distance_loss=1.68116366863
Iteration 53 of 100: loss=35.7333259583 object_loss=34.0522918701 distance_loss=1.68103480339
Iteration 54 of 100: loss=36.5615081787 object_loss=34.8807106018 distance_loss=1.68079578876
Iteration 55 of 100: loss=37.976272583 object_loss=36.295463562 distance_loss=1.68081021309
Iteration 56 of 100: loss=37.3264808655 object_loss=35.6456756592 distance_loss=1.68080449104
Iteration 57 of 100: loss=37.627872467 object_loss=35.9471855164 distance_loss=1.68068754673
Iteration 58 of 100: loss=37.0781555176 object_loss=35.3974685669 distance_loss=1.68068563938
Iteration 59 of 100: loss=36.1440925598 object_loss=34.4632911682 distance_loss=1.68080115318
Iteration 60 of 100: loss=36.7950286865 object_loss=35.1141624451 distance_loss=1.68086457253
Iteration 61 of 100: loss=34.3150138855 object_loss=32.6343727112 distance_loss=1.68064033985
Iteration 62 of 100: loss=34.1893310547 object_loss=32.5086174011 distance_loss=1.68071305752
Iteration 63 of 100: loss=34.5059890747 object_loss=32.8249359131 distance_loss=1.68105351925
Iteration 64 of 100: loss=36.6920166016 object_loss=35.0110168457 distance_loss=1.68099939823
Iteration 65 of 100: loss=38.102645874 object_loss=36.42162323 distance_loss=1.68102180958
Iteration 66 of 100: loss=38.2529029846 object_loss=36.5718727112 distance_loss=1.6810284853
Iteration 67 of 100: loss=35.9092788696 object_loss=34.2279205322 distance_loss=1.68135821819
Iteration 68 of 100: loss=35.8316192627 object_loss=34.1500320435 distance_loss=1.68158853054
Iteration 69 of 100: loss=40.8999671936 object_loss=39.2179946899 distance_loss=1.68197262287
Iteration 70 of 100: loss=36.7041778564 object_loss=35.0219459534 distance_loss=1.6822322607
Iteration 71 of 100: loss=36.0093688965 object_loss=34.326713562 distance_loss=1.68265616894
Iteration 72 of 100: loss=35.9758071899 object_loss=34.2930908203 distance_loss=1.68271744251
Iteration 73 of 100: loss=35.2716255188 object_loss=33.5884819031 distance_loss=1.68314480782
Iteration 74 of 100: loss=35.7544250488 object_loss=34.070854187 distance_loss=1.68357098103
Iteration 75 of 100: loss=37.067565918 object_loss=35.3839454651 distance_loss=1.68361866474
Iteration 76 of 100: loss=37.0585403442 object_loss=35.375289917 distance_loss=1.68324887753
Iteration 77 of 100: loss=40.3676834106 object_loss=38.6844482422 distance_loss=1.6832369566
Iteration 78 of 100: loss=37.303653717 object_loss=35.6202468872 distance_loss=1.6834076643
Iteration 79 of 100: loss=37.7047729492 object_loss=36.0212249756 distance_loss=1.6835463047
Iteration 80 of 100: loss=37.2921981812 object_loss=35.6085662842 distance_loss=1.68363106251
Iteration 81 of 100: loss=36.9927787781 object_loss=35.3091239929 distance_loss=1.68365442753
Iteration 82 of 100: loss=36.5535774231 object_loss=34.8698158264 distance_loss=1.6837605238
Iteration 83 of 100: loss=36.0655250549 object_loss=34.381603241 distance_loss=1.68392241001
Iteration 84 of 100: loss=35.6728591919 object_loss=33.9889068604 distance_loss=1.68395376205
Iteration 85 of 100: loss=36.6890411377 object_loss=35.0051383972 distance_loss=1.68390309811
Iteration 86 of 100: loss=35.8035583496 object_loss=34.1195678711 distance_loss=1.68398988247
Iteration 87 of 100: loss=36.1436576843 object_loss=34.4596099854 distance_loss=1.68404591084
Iteration 88 of 100: loss=36.8346672058 object_loss=35.1509552002 distance_loss=1.68371045589
Iteration 89 of 100: loss=36.6230239868 object_loss=34.9391784668 distance_loss=1.68384552002
Iteration 90 of 100: loss=36.648525238 object_loss=34.9646034241 distance_loss=1.68392145634
Iteration 91 of 100: loss=38.0391044617 object_loss=36.35521698 distance_loss=1.68388652802
Iteration 92 of 100: loss=38.1302032471 object_loss=36.4466209412 distance_loss=1.68358397484
Iteration 93 of 100: loss=37.1918029785 object_loss=35.5081939697 distance_loss=1.68360841274
Iteration 94 of 100: loss=37.7363739014 object_loss=36.0530166626 distance_loss=1.68335735798
Iteration 95 of 100: loss=38.0875091553 object_loss=36.4043540955 distance_loss=1.68315446377
Iteration 96 of 100: loss=38.2287788391 object_loss=36.5458908081 distance_loss=1.68288946152
Iteration 97 of 100: loss=37.9332199097 object_loss=36.2504310608 distance_loss=1.68278932571
Iteration 98 of 100: loss=37.9524040222 object_loss=36.2695083618 distance_loss=1.68289649487
Iteration 99 of 100: loss=35.0511245728 object_loss=33.3681793213 distance_loss=1.68294334412
Iteration 0 of 100: loss=34.7076034546 object_loss=33.0247154236 distance_loss=1.68288910389
Iteration 1 of 100: loss=36.4410476685 object_loss=34.7580947876 distance_loss=1.68295454979
Iteration 2 of 100: loss=35.6064033508 object_loss=33.9229698181 distance_loss=1.68343317509
Iteration 3 of 100: loss=34.5769538879 object_loss=32.8930282593 distance_loss=1.68392682076
Iteration 4 of 100: loss=35.3109664917 object_loss=33.626411438 distance_loss=1.68455386162
Iteration 5 of 100: loss=35.3962059021 object_loss=33.7111053467 distance_loss=1.68510091305
Iteration 6 of 100: loss=34.304019928 object_loss=32.6185073853 distance_loss=1.68551397324
Iteration 7 of 100: loss=35.427444458 object_loss=33.7414054871 distance_loss=1.68603956699
Iteration 8 of 100: loss=35.1487350464 object_loss=33.4622116089 distance_loss=1.68652188778
Iteration 9 of 100: loss=35.5843925476 object_loss=33.8972892761 distance_loss=1.68710339069
Iteration 10 of 100: loss=37.4197616577 object_loss=35.7318153381 distance_loss=1.687946558
Iteration 11 of 100: loss=34.5194358826 object_loss=32.8309783936 distance_loss=1.68845891953
Iteration 12 of 100: loss=35.3709564209 object_loss=33.6826019287 distance_loss=1.68835532665
Iteration 13 of 100: loss=36.4966621399 object_loss=34.8078575134 distance_loss=1.68880558014
Iteration 14 of 100: loss=35.4324111938 object_loss=33.7431182861 distance_loss=1.68929350376
Iteration 15 of 100: loss=34.3397979736 object_loss=32.6503067017 distance_loss=1.68948972225
Iteration 16 of 100: loss=33.4339027405 object_loss=31.7443008423 distance_loss=1.68960189819
Iteration 17 of 100: loss=33.5151023865 object_loss=31.8253898621 distance_loss=1.68971133232
Iteration 18 of 100: loss=32.9651756287 object_loss=31.2752456665 distance_loss=1.68992865086
Iteration 19 of 100: loss=34.2480926514 object_loss=32.5578269958 distance_loss=1.6902641058
Iteration 20 of 100: loss=36.7547492981 object_loss=35.064491272 distance_loss=1.69025743008
Iteration 21 of 100: loss=35.5088348389 object_loss=33.8185310364 distance_loss=1.69030249119
Iteration 22 of 100: loss=34.5975112915 object_loss=32.9071121216 distance_loss=1.69039988518
Iteration 23 of 100: loss=35.5148887634 object_loss=33.8242073059 distance_loss=1.69068264961
Iteration 24 of 100: loss=36.4514770508 object_loss=34.7607650757 distance_loss=1.69071102142
Iteration 25 of 100: loss=36.4320755005 object_loss=34.7411689758 distance_loss=1.69090509415
Iteration 26 of 100: loss=36.4318885803 object_loss=34.7411117554 distance_loss=1.69077670574
Iteration 27 of 100: loss=34.3032264709 object_loss=32.6124839783 distance_loss=1.69074130058
Iteration 28 of 100: loss=35.8432769775 object_loss=34.1526412964 distance_loss=1.69063425064
Iteration 29 of 100: loss=38.2923774719 object_loss=36.6017227173 distance_loss=1.69065654278
Iteration 30 of 100: loss=36.3605194092 object_loss=34.6696166992 distance_loss=1.69090116024
Iteration 31 of 100: loss=34.7745628357 object_loss=33.083442688 distance_loss=1.69112038612
Iteration 32 of 100: loss=38.3324775696 object_loss=36.6414070129 distance_loss=1.69107115269
Iteration 33 of 100: loss=37.7545890808 object_loss=36.063243866 distance_loss=1.69134557247
Iteration 34 of 100: loss=36.106388092 object_loss=34.4148101807 distance_loss=1.69157612324
Iteration 35 of 100: loss=35.6490020752 object_loss=33.9571990967 distance_loss=1.69180452824
Iteration 36 of 100: loss=36.3540916443 object_loss=34.6622467041 distance_loss=1.69184541702
Iteration 37 of 100: loss=35.6050491333 object_loss=33.9132614136 distance_loss=1.69178652763
Iteration 38 of 100: loss=36.9189720154 object_loss=35.2272186279 distance_loss=1.69175493717
Iteration 39 of 100: loss=41.2754592896 object_loss=39.583530426 distance_loss=1.69192886353
Iteration 40 of 100: loss=41.7908401489 object_loss=40.098903656 distance_loss=1.69193530083
Iteration 41 of 100: loss=37.5665817261 object_loss=35.8749198914 distance_loss=1.69166302681
Iteration 42 of 100: loss=37.7782173157 object_loss=36.0866508484 distance_loss=1.69156634808
Iteration 43 of 100: loss=38.1987113953 object_loss=36.5070877075 distance_loss=1.69162416458
Iteration 44 of 100: loss=37.8755722046 object_loss=36.1839027405 distance_loss=1.69166982174
Iteration 45 of 100: loss=38.215423584 object_loss=36.5236740112 distance_loss=1.69174826145
Iteration 46 of 100: loss=38.2320823669 object_loss=36.5402793884 distance_loss=1.69180119038
Iteration 47 of 100: loss=37.2385559082 object_loss=35.5465354919 distance_loss=1.69201958179
Iteration 48 of 100: loss=37.8999519348 object_loss=36.2083358765 distance_loss=1.6916166544
Iteration 49 of 100: loss=36.4441680908 object_loss=34.7524833679 distance_loss=1.69168317318
Iteration 50 of 100: loss=37.6879959106 object_loss=35.996219635 distance_loss=1.69177770615
Iteration 51 of 100: loss=37.0238685608 object_loss=35.3323249817 distance_loss=1.69154536724
Iteration 52 of 100: loss=39.6220245361 object_loss=37.9308128357 distance_loss=1.69121229649
Iteration 53 of 100: loss=39.4267463684 object_loss=37.7353515625 distance_loss=1.69139385223
Iteration 54 of 100: loss=38.1299247742 object_loss=36.4386444092 distance_loss=1.69128131866
Iteration 55 of 100: loss=38.630771637 object_loss=36.9396438599 distance_loss=1.69112896919
Iteration 56 of 100: loss=37.3807296753 object_loss=35.6897392273 distance_loss=1.69098937511
Iteration 57 of 100: loss=39.8899307251 object_loss=38.1991004944 distance_loss=1.69083118439
Iteration 58 of 100: loss=38.9397659302 object_loss=37.2490310669 distance_loss=1.69073367119
Iteration 59 of 100: loss=36.7386322021 object_loss=35.0478744507 distance_loss=1.69075965881
Iteration 60 of 100: loss=39.3001937866 object_loss=37.6098899841 distance_loss=1.69030451775
Iteration 61 of 100: loss=39.2927742004 object_loss=37.6025085449 distance_loss=1.69026446342
Iteration 62 of 100: loss=36.8680534363 object_loss=35.1779098511 distance_loss=1.69014430046
Iteration 63 of 100: loss=36.8292007446 object_loss=35.1391563416 distance_loss=1.69004285336
Iteration 64 of 100: loss=36.2370605469 object_loss=34.5470924377 distance_loss=1.68996798992
Iteration 65 of 100: loss=37.0366363525 object_loss=35.346988678 distance_loss=1.68964719772
Iteration 66 of 100: loss=36.3195610046 object_loss=34.6301307678 distance_loss=1.68943202496
Iteration 67 of 100: loss=36.2561073303 object_loss=34.5666885376 distance_loss=1.68942058086
Iteration 68 of 100: loss=39.4417495728 object_loss=37.7524604797 distance_loss=1.68929004669
Iteration 69 of 100: loss=37.9056587219 object_loss=36.2167053223 distance_loss=1.68895304203
Iteration 70 of 100: loss=37.6736869812 object_loss=35.9848861694 distance_loss=1.68880224228
Iteration 71 of 100: loss=36.6665725708 object_loss=34.9780349731 distance_loss=1.68853569031
Iteration 72 of 100: loss=37.4500923157 object_loss=35.7622528076 distance_loss=1.68783950806
Iteration 73 of 100: loss=38.9470825195 object_loss=37.259349823 distance_loss=1.68773233891
Iteration 74 of 100: loss=38.8404350281 object_loss=37.1528549194 distance_loss=1.68758070469
Iteration 75 of 100: loss=39.142414093 object_loss=37.4551925659 distance_loss=1.68722259998
Iteration 76 of 100: loss=40.4979476929 object_loss=38.8114204407 distance_loss=1.68652641773
Iteration 77 of 100: loss=40.3890075684 object_loss=38.7028160095 distance_loss=1.68619334698
Iteration 78 of 100: loss=40.5774421692 object_loss=38.8917312622 distance_loss=1.68571269512
Iteration 79 of 100: loss=37.3657226562 object_loss=35.6802902222 distance_loss=1.6854326725
Iteration 80 of 100: loss=39.7072753906 object_loss=38.0222702026 distance_loss=1.68500518799
Iteration 81 of 100: loss=36.8081130981 object_loss=35.1234588623 distance_loss=1.68465590477
Iteration 82 of 100: loss=37.9198799133 object_loss=36.2354660034 distance_loss=1.68441438675
Iteration 83 of 100: loss=37.7901573181 object_loss=36.1062355042 distance_loss=1.68392348289
Iteration 84 of 100: loss=36.6888389587 object_loss=35.0052070618 distance_loss=1.68363106251
Iteration 85 of 100: loss=37.2425765991 object_loss=35.5589599609 distance_loss=1.68361485004
Iteration 86 of 100: loss=34.7721481323 object_loss=33.0885391235 distance_loss=1.68361067772
Iteration 87 of 100: loss=37.6603431702 object_loss=35.9768371582 distance_loss=1.68350589275
Iteration 88 of 100: loss=34.6641426086 object_loss=32.9805984497 distance_loss=1.68354344368
Iteration 89 of 100: loss=35.9791374207 object_loss=34.2954025269 distance_loss=1.68373453617
Iteration 90 of 100: loss=37.7188262939 object_loss=36.0349693298 distance_loss=1.68385839462
Iteration 91 of 100: loss=35.8228149414 object_loss=34.1385192871 distance_loss=1.68429410458
Iteration 92 of 100: loss=37.4033203125 object_loss=35.7186737061 distance_loss=1.68464648724
Iteration 93 of 100: loss=35.8377838135 object_loss=34.1527137756 distance_loss=1.68506920338
Iteration 94 of 100: loss=35.3966903687 object_loss=33.7112960815 distance_loss=1.68539392948
Iteration 95 of 100: loss=32.2412490845 object_loss=30.5555763245 distance_loss=1.6856713295
Iteration 96 of 100: loss=35.8218841553 object_loss=34.1360816956 distance_loss=1.68580245972
Iteration 97 of 100: loss=34.651260376 object_loss=32.9650650024 distance_loss=1.6861935854
Iteration 98 of 100: loss=39.4376182556 object_loss=37.7513465881 distance_loss=1.68627333641
Iteration 99 of 100: loss=36.7890815735 object_loss=35.1025695801 distance_loss=1.68651020527
Iteration 0 of 100: loss=38.3891906738 object_loss=36.7024841309 distance_loss=1.68670594692
Iteration 1 of 100: loss=38.586139679 object_loss=36.8994865417 distance_loss=1.68665456772
Iteration 2 of 100: loss=39.4126167297 object_loss=37.7259979248 distance_loss=1.68661749363
Iteration 3 of 100: loss=40.1320304871 object_loss=38.4452438354 distance_loss=1.68678724766
Iteration 4 of 100: loss=39.9645462036 object_loss=38.2774276733 distance_loss=1.68711948395
Iteration 5 of 100: loss=39.9851989746 object_loss=38.297744751 distance_loss=1.68745350838
Iteration 6 of 100: loss=41.7260742188 object_loss=40.0382614136 distance_loss=1.68781328201
Iteration 7 of 100: loss=41.4967880249 object_loss=39.808757782 distance_loss=1.68803048134
Iteration 8 of 100: loss=36.7831459045 object_loss=35.0952644348 distance_loss=1.6878798008
Iteration 9 of 100: loss=37.3372879028 object_loss=35.6491775513 distance_loss=1.68810904026
Iteration 10 of 100: loss=36.5567054749 object_loss=34.8684387207 distance_loss=1.68826794624
Iteration 11 of 100: loss=37.8545379639 object_loss=36.166267395 distance_loss=1.68827223778
Iteration 12 of 100: loss=36.1940307617 object_loss=34.5060195923 distance_loss=1.68801152706
Iteration 13 of 100: loss=37.0190620422 object_loss=35.3307418823 distance_loss=1.68832027912
Iteration 14 of 100: loss=37.0986328125 object_loss=35.4100418091 distance_loss=1.68859064579
Iteration 15 of 100: loss=36.1299781799 object_loss=34.4411849976 distance_loss=1.68879258633
Iteration 16 of 100: loss=36.5752258301 object_loss=34.88671875 distance_loss=1.68850719929
Iteration 17 of 100: loss=34.7507705688 object_loss=33.0622596741 distance_loss=1.68850922585
Iteration 18 of 100: loss=35.0426177979 object_loss=33.3541030884 distance_loss=1.68851304054
Iteration 19 of 100: loss=35.3577384949 object_loss=33.6692695618 distance_loss=1.68846929073
Iteration 20 of 100: loss=36.2816047668 object_loss=34.5932998657 distance_loss=1.68830442429
Iteration 21 of 100: loss=36.1459121704 object_loss=34.4577636719 distance_loss=1.68814909458
Iteration 22 of 100: loss=38.0053787231 object_loss=36.3171386719 distance_loss=1.68824124336
Iteration 23 of 100: loss=35.9053726196 object_loss=34.2171325684 distance_loss=1.68824064732
Iteration 24 of 100: loss=38.2083702087 object_loss=36.5201568604 distance_loss=1.68821418285
Iteration 25 of 100: loss=38.3125419617 object_loss=36.6244850159 distance_loss=1.68805646896
Iteration 26 of 100: loss=38.0427780151 object_loss=36.3546066284 distance_loss=1.688169837
Iteration 27 of 100: loss=36.8593902588 object_loss=35.1712226868 distance_loss=1.68816673756
Iteration 28 of 100: loss=37.5898551941 object_loss=35.9017791748 distance_loss=1.68807661533
Iteration 29 of 100: loss=36.2348136902 object_loss=34.5464286804 distance_loss=1.68838369846
Iteration 30 of 100: loss=36.2768135071 object_loss=34.5880088806 distance_loss=1.68880546093
Iteration 31 of 100: loss=33.6409645081 object_loss=31.9514350891 distance_loss=1.68953084946
Iteration 32 of 100: loss=32.9993019104 object_loss=31.3098392487 distance_loss=1.68946170807
Iteration 33 of 100: loss=33.404460907 object_loss=31.7144203186 distance_loss=1.6900408268
Iteration 34 of 100: loss=34.3850288391 object_loss=32.694606781 distance_loss=1.69042265415
Iteration 35 of 100: loss=34.3920516968 object_loss=32.7013282776 distance_loss=1.69072270393
Iteration 36 of 100: loss=33.9417572021 object_loss=32.2507896423 distance_loss=1.69096815586
Iteration 37 of 100: loss=34.6838569641 object_loss=32.9927330017 distance_loss=1.69112253189
Iteration 38 of 100: loss=36.1975479126 object_loss=34.5064048767 distance_loss=1.69114422798
Iteration 39 of 100: loss=35.0894889832 object_loss=33.3981323242 distance_loss=1.69135797024
Iteration 40 of 100: loss=38.3759384155 object_loss=36.6843566895 distance_loss=1.69158256054
Iteration 41 of 100: loss=35.6627502441 object_loss=33.9710350037 distance_loss=1.69171345234
Iteration 42 of 100: loss=35.4279289246 object_loss=33.7359352112 distance_loss=1.69199311733
Iteration 43 of 100: loss=36.9499931335 object_loss=35.257648468 distance_loss=1.69234406948
Iteration 44 of 100: loss=38.0833702087 object_loss=36.3912773132 distance_loss=1.69209468365
Iteration 45 of 100: loss=35.4483833313 object_loss=33.7562789917 distance_loss=1.69210255146
Iteration 46 of 100: loss=37.8079147339 object_loss=36.1158981323 distance_loss=1.69201791286
Iteration 47 of 100: loss=37.4234657288 object_loss=35.7317962646 distance_loss=1.69166982174
Iteration 48 of 100: loss=38.1941642761 object_loss=36.5024986267 distance_loss=1.69166648388
Iteration 49 of 100: loss=37.2368431091 object_loss=35.5450325012 distance_loss=1.69180989265
Iteration 50 of 100: loss=36.6050834656 object_loss=34.9132881165 distance_loss=1.69179368019
Iteration 51 of 100: loss=37.2707977295 object_loss=35.5788383484 distance_loss=1.69196116924
Iteration 52 of 100: loss=40.7254371643 object_loss=39.0335540771 distance_loss=1.69188380241
Iteration 53 of 100: loss=38.9395065308 object_loss=37.247215271 distance_loss=1.69228959084
Iteration 54 of 100: loss=39.9508514404 object_loss=38.2580757141 distance_loss=1.69277656078
Iteration 55 of 100: loss=39.31300354 object_loss=37.6200256348 distance_loss=1.69297754765
Iteration 56 of 100: loss=40.4607505798 object_loss=38.7681159973 distance_loss=1.69263505936
Iteration 57 of 100: loss=41.0676231384 object_loss=39.3750648499 distance_loss=1.69255816936
Iteration 58 of 100: loss=38.5017700195 object_loss=36.8092536926 distance_loss=1.69251513481
Iteration 59 of 100: loss=37.6160621643 object_loss=35.9236946106 distance_loss=1.69236910343
Iteration 60 of 100: loss=39.5029830933 object_loss=37.8106040955 distance_loss=1.69237804413
Iteration 61 of 100: loss=39.6071662903 object_loss=37.9151763916 distance_loss=1.69198989868
Iteration 62 of 100: loss=39.2796287537 object_loss=37.5881156921 distance_loss=1.6915140152
Iteration 63 of 100: loss=38.2615470886 object_loss=36.5701141357 distance_loss=1.69143152237
Iteration 64 of 100: loss=38.2604293823 object_loss=36.569152832 distance_loss=1.69127833843
Iteration 65 of 100: loss=37.2769050598 object_loss=35.5856246948 distance_loss=1.69127941132
Iteration 66 of 100: loss=40.8766212463 object_loss=39.1853713989 distance_loss=1.69124865532
Iteration 67 of 100: loss=37.3072929382 object_loss=35.6161727905 distance_loss=1.69111919403
Iteration 68 of 100: loss=37.9252700806 object_loss=36.2344093323 distance_loss=1.69086098671
Iteration 69 of 100: loss=38.9836845398 object_loss=37.2927703857 distance_loss=1.69091522694
Iteration 70 of 100: loss=40.9877204895 object_loss=39.2968826294 distance_loss=1.69083952904
Iteration 71 of 100: loss=41.3356208801 object_loss=39.6449203491 distance_loss=1.69070100784
Iteration 72 of 100: loss=39.1517486572 object_loss=37.4612770081 distance_loss=1.69047296047
Iteration 73 of 100: loss=39.129524231 object_loss=37.4389762878 distance_loss=1.69054973125
Iteration 74 of 100: loss=38.4814300537 object_loss=36.7910270691 distance_loss=1.69040429592
Iteration 75 of 100: loss=36.8499794006 object_loss=35.1596870422 distance_loss=1.69029176235
Iteration 76 of 100: loss=37.8852882385 object_loss=36.1952362061 distance_loss=1.69005286694
Iteration 77 of 100: loss=38.5008506775 object_loss=36.8111419678 distance_loss=1.68971002102
Iteration 78 of 100: loss=39.0854454041 object_loss=37.3958053589 distance_loss=1.68963849545
Iteration 79 of 100: loss=37.2786903381 object_loss=35.5890922546 distance_loss=1.68959987164
Iteration 80 of 100: loss=36.8299293518 object_loss=35.1403846741 distance_loss=1.68954646587
Iteration 81 of 100: loss=38.1621665955 object_loss=36.4727592468 distance_loss=1.68940734863
Iteration 82 of 100: loss=38.9833221436 object_loss=37.293762207 distance_loss=1.68956100941
Iteration 83 of 100: loss=39.6757736206 object_loss=37.986038208 distance_loss=1.68973660469
Iteration 84 of 100: loss=40.0642356873 object_loss=38.3745765686 distance_loss=1.68965864182
Iteration 85 of 100: loss=40.1315727234 object_loss=38.4419555664 distance_loss=1.68961560726
Iteration 86 of 100: loss=41.3629608154 object_loss=39.6732673645 distance_loss=1.68969368935
Iteration 87 of 100: loss=41.1629142761 object_loss=39.4729957581 distance_loss=1.689920187
Iteration 88 of 100: loss=41.2298698425 object_loss=39.5401611328 distance_loss=1.68971002102
Iteration 89 of 100: loss=40.277217865 object_loss=38.5873641968 distance_loss=1.6898522377
Iteration 90 of 100: loss=40.3607406616 object_loss=38.6707115173 distance_loss=1.69002830982
Iteration 91 of 100: loss=41.4749832153 object_loss=39.7848243713 distance_loss=1.69015693665
Iteration 92 of 100: loss=40.5742607117 object_loss=38.884967804 distance_loss=1.68929135799
Iteration 93 of 100: loss=41.0315437317 object_loss=39.3424301147 distance_loss=1.68911266327
Iteration 94 of 100: loss=39.6377258301 object_loss=37.9487953186 distance_loss=1.68893241882
Iteration 95 of 100: loss=39.7263374329 object_loss=38.0375900269 distance_loss=1.68874585629
Iteration 96 of 100: loss=40.1764259338 object_loss=38.4881095886 distance_loss=1.68831574917
Iteration 97 of 100: loss=41.0320777893 object_loss=39.3438911438 distance_loss=1.68818712234
Iteration 98 of 100: loss=39.87134552 object_loss=38.1832962036 distance_loss=1.68804967403
Iteration 99 of 100: loss=43.4905395508 object_loss=41.8026542664 distance_loss=1.68788480759
Iteration 0 of 100: loss=39.2458190918 object_loss=37.5578041077 distance_loss=1.68801593781
Iteration 1 of 100: loss=42.2000732422 object_loss=40.51222229 distance_loss=1.68784999847
Iteration 2 of 100: loss=39.4297637939 object_loss=37.7420310974 distance_loss=1.68773317337
Iteration 3 of 100: loss=39.1116256714 object_loss=37.4238815308 distance_loss=1.68774294853
Iteration 4 of 100: loss=37.1455764771 object_loss=35.4579353333 distance_loss=1.68764257431
Iteration 5 of 100: loss=36.2124671936 object_loss=34.5247383118 distance_loss=1.68772852421
Iteration 6 of 100: loss=37.4928321838 object_loss=35.8050079346 distance_loss=1.68782329559
Iteration 7 of 100: loss=40.1962051392 object_loss=38.5084686279 distance_loss=1.68773555756
Iteration 8 of 100: loss=40.0985183716 object_loss=38.4108123779 distance_loss=1.68770718575
Iteration 9 of 100: loss=40.7535133362 object_loss=39.0656509399 distance_loss=1.68786275387
Iteration 10 of 100: loss=40.8397827148 object_loss=39.1518287659 distance_loss=1.68795418739
Iteration 11 of 100: loss=36.6508674622 object_loss=34.9630012512 distance_loss=1.68786644936
Iteration 12 of 100: loss=37.96144104 object_loss=36.2738761902 distance_loss=1.68756330013
Iteration 13 of 100: loss=38.0407028198 object_loss=36.3531150818 distance_loss=1.68758583069
Iteration 14 of 100: loss=34.0334434509 object_loss=32.3457336426 distance_loss=1.68770885468
Iteration 15 of 100: loss=35.3374977112 object_loss=33.6497879028 distance_loss=1.68770885468
Iteration 16 of 100: loss=35.9818611145 object_loss=34.2944641113 distance_loss=1.68739879131
Iteration 17 of 100: loss=35.494682312 object_loss=33.8072052002 distance_loss=1.68747878075
Iteration 18 of 100: loss=36.6327285767 object_loss=34.945274353 distance_loss=1.6874525547
Iteration 19 of 100: loss=36.7916145325 object_loss=35.1040878296 distance_loss=1.6875282526
Iteration 20 of 100: loss=36.8723373413 object_loss=35.1847763062 distance_loss=1.68756234646
Iteration 21 of 100: loss=37.4954948425 object_loss=35.8077926636 distance_loss=1.68770086765
Iteration 22 of 100: loss=37.7854728699 object_loss=36.0977058411 distance_loss=1.68776655197
Iteration 23 of 100: loss=39.469619751 object_loss=37.781539917 distance_loss=1.68808102608
Iteration 24 of 100: loss=39.8622589111 object_loss=38.1742019653 distance_loss=1.68805849552
Iteration 25 of 100: loss=39.7609024048 object_loss=38.0733184814 distance_loss=1.68758392334
Iteration 26 of 100: loss=39.5410575867 object_loss=37.8534393311 distance_loss=1.68761706352
Iteration 27 of 100: loss=38.258014679 object_loss=36.5702896118 distance_loss=1.68772685528
Iteration 28 of 100: loss=38.9031410217 object_loss=37.2156410217 distance_loss=1.68750095367
Iteration 29 of 100: loss=39.5647544861 object_loss=37.8770370483 distance_loss=1.68771767616
Iteration 30 of 100: loss=38.7699737549 object_loss=37.0821609497 distance_loss=1.68781280518
Iteration 31 of 100: loss=38.4381790161 object_loss=36.7503318787 distance_loss=1.68784832954
Iteration 32 of 100: loss=39.6062507629 object_loss=37.9185409546 distance_loss=1.68770849705
Iteration 33 of 100: loss=40.2166481018 object_loss=38.5289077759 distance_loss=1.68774092197
Iteration 34 of 100: loss=39.5630989075 object_loss=37.875213623 distance_loss=1.6878837347
Iteration 35 of 100: loss=39.49949646 object_loss=37.8113937378 distance_loss=1.68810355663
Iteration 36 of 100: loss=39.3822135925 object_loss=37.6943321228 distance_loss=1.68788313866
Iteration 37 of 100: loss=36.9714736938 object_loss=35.2836990356 distance_loss=1.68777525425
Iteration 38 of 100: loss=36.9086380005 object_loss=35.220451355 distance_loss=1.68818569183
Iteration 39 of 100: loss=40.5448989868 object_loss=38.8563613892 distance_loss=1.68853855133
Iteration 40 of 100: loss=40.7458381653 object_loss=39.0572357178 distance_loss=1.68860197067
Iteration 41 of 100: loss=39.5543518066 object_loss=37.8654174805 distance_loss=1.68893396854
Iteration 42 of 100: loss=41.3757247925 object_loss=39.6865386963 distance_loss=1.68918442726
Iteration 43 of 100: loss=37.5420265198 object_loss=35.8524627686 distance_loss=1.68956208229
Iteration 44 of 100: loss=37.50963974 object_loss=35.8200187683 distance_loss=1.68962228298
Iteration 45 of 100: loss=41.1082763672 object_loss=39.4187927246 distance_loss=1.68948197365
Iteration 46 of 100: loss=38.0694198608 object_loss=36.380191803 distance_loss=1.68922746181
Iteration 47 of 100: loss=39.9586601257 object_loss=38.2695236206 distance_loss=1.68913567066
Iteration 48 of 100: loss=37.8350906372 object_loss=36.1460571289 distance_loss=1.6890348196
Iteration 49 of 100: loss=38.6233978271 object_loss=36.9343528748 distance_loss=1.68904423714
Iteration 50 of 100: loss=38.0021476746 object_loss=36.3130683899 distance_loss=1.68907928467
Iteration 51 of 100: loss=36.4307250977 object_loss=34.7416000366 distance_loss=1.68912386894
Iteration 52 of 100: loss=35.1020278931 object_loss=33.4134368896 distance_loss=1.68859052658
Iteration 53 of 100: loss=34.8640937805 object_loss=33.1753463745 distance_loss=1.68874752522
Iteration 54 of 100: loss=37.8400840759 object_loss=36.1513404846 distance_loss=1.68874454498
Iteration 55 of 100: loss=38.4840164185 object_loss=36.7952384949 distance_loss=1.68877851963
Iteration 56 of 100: loss=38.395816803 object_loss=36.7072639465 distance_loss=1.68855345249
Iteration 57 of 100: loss=38.5382003784 object_loss=36.849571228 distance_loss=1.6886305809
Iteration 58 of 100: loss=42.2592697144 object_loss=40.5706291199 distance_loss=1.68863987923
Iteration 59 of 100: loss=41.5684242249 object_loss=39.8797683716 distance_loss=1.6886548996
Iteration 60 of 100: loss=38.4323921204 object_loss=36.7438735962 distance_loss=1.68851721287
Iteration 61 of 100: loss=38.401309967 object_loss=36.7130508423 distance_loss=1.68825876713
Iteration 62 of 100: loss=41.9369277954 object_loss=40.2485771179 distance_loss=1.68835020065
Iteration 63 of 100: loss=41.160610199 object_loss=39.4721298218 distance_loss=1.6884791851
Iteration 64 of 100: loss=37.6297187805 object_loss=35.9413642883 distance_loss=1.68835413456
Iteration 65 of 100: loss=37.3419303894 object_loss=35.6536140442 distance_loss=1.68831801414
Iteration 66 of 100: loss=38.2704315186 object_loss=36.5817298889 distance_loss=1.68870127201
Iteration 67 of 100: loss=39.2132530212 object_loss=37.5245552063 distance_loss=1.68869864941
Iteration 68 of 100: loss=39.0506134033 object_loss=37.3619117737 distance_loss=1.68870043755
Iteration 69 of 100: loss=38.31016922 object_loss=36.6213607788 distance_loss=1.68880796432
Iteration 70 of 100: loss=35.1745071411 object_loss=33.485584259 distance_loss=1.68892419338
Iteration 71 of 100: loss=37.8438148499 object_loss=36.154712677 distance_loss=1.68910109997
Iteration 72 of 100: loss=39.3229942322 object_loss=37.6342048645 distance_loss=1.68879103661
Iteration 73 of 100: loss=39.9522247314 object_loss=38.2632789612 distance_loss=1.68894743919
Iteration 74 of 100: loss=39.869682312 object_loss=38.1805534363 distance_loss=1.68912935257
Iteration 75 of 100: loss=39.6317176819 object_loss=37.9425468445 distance_loss=1.68917036057
Iteration 76 of 100: loss=39.7140045166 object_loss=38.0249862671 distance_loss=1.689016819
Iteration 77 of 100: loss=36.7386474609 object_loss=35.0494842529 distance_loss=1.68916273117
Iteration 78 of 100: loss=38.0018920898 object_loss=36.3129615784 distance_loss=1.68893146515
Iteration 79 of 100: loss=35.1929321289 object_loss=33.504196167 distance_loss=1.68873786926
Iteration 80 of 100: loss=34.759185791 object_loss=33.0703392029 distance_loss=1.68884730339
Iteration 81 of 100: loss=35.2796974182 object_loss=33.5908508301 distance_loss=1.68884634972
Iteration 82 of 100: loss=33.4909896851 object_loss=31.8021373749 distance_loss=1.68885314465
Iteration 83 of 100: loss=39.818359375 object_loss=38.1295928955 distance_loss=1.68876707554
Iteration 84 of 100: loss=35.3890991211 object_loss=33.7005081177 distance_loss=1.68859231472
Iteration 85 of 100: loss=35.9816436768 object_loss=34.2931289673 distance_loss=1.6885150671
Iteration 86 of 100: loss=36.904914856 object_loss=35.2165107727 distance_loss=1.68840479851
Iteration 87 of 100: loss=35.2722358704 object_loss=33.5838851929 distance_loss=1.68834912777
Iteration 88 of 100: loss=35.5872879028 object_loss=33.899433136 distance_loss=1.68785607815
Iteration 89 of 100: loss=35.4754981995 object_loss=33.7878799438 distance_loss=1.68761742115
Iteration 90 of 100: loss=34.6216926575 object_loss=32.9341697693 distance_loss=1.68752300739
Iteration 91 of 100: loss=34.1604690552 object_loss=32.4732208252 distance_loss=1.68724691868
Iteration 92 of 100: loss=34.1049308777 object_loss=32.4181098938 distance_loss=1.68682146072
Iteration 93 of 100: loss=34.1752281189 object_loss=32.4883766174 distance_loss=1.68685030937
Iteration 94 of 100: loss=34.1163520813 object_loss=32.4293746948 distance_loss=1.68697667122
Iteration 95 of 100: loss=35.4090919495 object_loss=33.7221298218 distance_loss=1.68696188927
Iteration 96 of 100: loss=31.6031188965 object_loss=29.9164962769 distance_loss=1.68662214279
Iteration 97 of 100: loss=32.1149330139 object_loss=30.4285182953 distance_loss=1.68641555309
Iteration 98 of 100: loss=31.7031917572 object_loss=30.0167884827 distance_loss=1.68640375137
Iteration 99 of 100: loss=31.1526355743 object_loss=29.4662475586 distance_loss=1.68638753891
Iteration 0 of 100: loss=29.8320083618 object_loss=28.1460666656 distance_loss=1.68594229221
Iteration 1 of 100: loss=27.3628768921 object_loss=25.6772327423 distance_loss=1.68564426899
Iteration 2 of 100: loss=27.3509483337 object_loss=25.6656627655 distance_loss=1.68528461456
Iteration 3 of 100: loss=29.3653755188 object_loss=27.6804904938 distance_loss=1.6848859787
Iteration 4 of 100: loss=28.4510135651 object_loss=26.7660675049 distance_loss=1.68494594097
Iteration 5 of 100: loss=31.5468864441 object_loss=29.8621006012 distance_loss=1.68478524685
Iteration 6 of 100: loss=31.2639942169 object_loss=29.5795402527 distance_loss=1.68445312977
Iteration 7 of 100: loss=32.883644104 object_loss=31.1994190216 distance_loss=1.68422615528
Iteration 8 of 100: loss=30.2707195282 object_loss=28.5866012573 distance_loss=1.68411803246
Iteration 9 of 100: loss=31.6661205292 object_loss=29.9818935394 distance_loss=1.68422710896
Iteration 10 of 100: loss=30.939868927 object_loss=29.2553844452 distance_loss=1.68448448181
Iteration 11 of 100: loss=31.0355949402 object_loss=29.3508682251 distance_loss=1.68472623825
Iteration 12 of 100: loss=35.8880653381 object_loss=34.2036552429 distance_loss=1.68440926075
Iteration 13 of 100: loss=33.8374900818 object_loss=32.1527481079 distance_loss=1.6847435236
Iteration 14 of 100: loss=34.0546760559 object_loss=32.3697509766 distance_loss=1.68492400646
Iteration 15 of 100: loss=33.1412200928 object_loss=31.4563064575 distance_loss=1.68491315842
Iteration 16 of 100: loss=33.8553199768 object_loss=32.1701965332 distance_loss=1.68512248993
Iteration 17 of 100: loss=36.1118583679 object_loss=34.4269638062 distance_loss=1.68489348888
Iteration 18 of 100: loss=36.9272384644 object_loss=35.2425003052 distance_loss=1.68473875523
Iteration 19 of 100: loss=35.9617233276 object_loss=34.2767486572 distance_loss=1.68497610092
Iteration 20 of 100: loss=33.4421081543 object_loss=31.7568073273 distance_loss=1.68530035019
Iteration 21 of 100: loss=32.6799926758 object_loss=30.9946842194 distance_loss=1.68530750275
Iteration 22 of 100: loss=30.5831203461 object_loss=28.8973407745 distance_loss=1.68578004837
Iteration 23 of 100: loss=30.49401474 object_loss=28.8077850342 distance_loss=1.68623006344
Iteration 24 of 100: loss=32.2589645386 object_loss=30.5721626282 distance_loss=1.68680000305
Iteration 25 of 100: loss=31.8581066132 object_loss=30.1706809998 distance_loss=1.68742489815
Iteration 26 of 100: loss=29.3118209839 object_loss=27.6237888336 distance_loss=1.68803310394
Iteration 27 of 100: loss=34.7673377991 object_loss=33.0788421631 distance_loss=1.68849730492
Iteration 28 of 100: loss=32.8173522949 object_loss=31.1286621094 distance_loss=1.68869006634
Iteration 29 of 100: loss=29.2582912445 object_loss=27.569316864 distance_loss=1.6889744997
Iteration 30 of 100: loss=31.1873645782 object_loss=29.4982147217 distance_loss=1.68915057182
Iteration 31 of 100: loss=30.0134086609 object_loss=28.3239746094 distance_loss=1.68943333626
Iteration 32 of 100: loss=29.2389698029 object_loss=27.5497169495 distance_loss=1.68925213814
Iteration 33 of 100: loss=27.3831615448 object_loss=25.6934661865 distance_loss=1.68969500065
Iteration 34 of 100: loss=28.4950752258 object_loss=26.8051013947 distance_loss=1.6899740696
Iteration 35 of 100: loss=29.7244491577 object_loss=28.0345039368 distance_loss=1.68994438648
Iteration 36 of 100: loss=32.5150756836 object_loss=30.8253135681 distance_loss=1.68976306915
Iteration 37 of 100: loss=30.2047386169 object_loss=28.5146656036 distance_loss=1.69007313251
Iteration 38 of 100: loss=27.1619529724 object_loss=25.4714927673 distance_loss=1.69045960903
Iteration 39 of 100: loss=29.4906749725 object_loss=27.8001823425 distance_loss=1.69049334526
Iteration 40 of 100: loss=27.5315799713 object_loss=25.8409309387 distance_loss=1.69064891338
Iteration 41 of 100: loss=29.3587379456 object_loss=27.6677970886 distance_loss=1.69094061852
Iteration 42 of 100: loss=26.1288738251 object_loss=24.4377765656 distance_loss=1.69109642506
Iteration 43 of 100: loss=24.7738246918 object_loss=23.0826225281 distance_loss=1.69120156765
Iteration 44 of 100: loss=30.0888175964 object_loss=28.3976230621 distance_loss=1.69119369984
Iteration 45 of 100: loss=29.2395553589 object_loss=27.5483798981 distance_loss=1.69117510319
Iteration 46 of 100: loss=29.3634319305 object_loss=27.6723842621 distance_loss=1.69104790688
Iteration 47 of 100: loss=27.1916885376 object_loss=25.5007038116 distance_loss=1.69098496437
Iteration 48 of 100: loss=28.2958927155 object_loss=26.6051521301 distance_loss=1.69074130058
Iteration 49 of 100: loss=30.2822151184 object_loss=28.5914039612 distance_loss=1.69081175327
Iteration 50 of 100: loss=31.4241447449 object_loss=29.7329940796 distance_loss=1.69115054607
Iteration 51 of 100: loss=30.5254650116 object_loss=28.8340339661 distance_loss=1.6914306879
Iteration 52 of 100: loss=31.4507789612 object_loss=29.7591762543 distance_loss=1.69160223007
Iteration 53 of 100: loss=32.5032119751 object_loss=30.8110580444 distance_loss=1.69215548038
Iteration 54 of 100: loss=33.420589447 object_loss=31.7281513214 distance_loss=1.6924366951
Iteration 55 of 100: loss=31.1886730194 object_loss=29.4959659576 distance_loss=1.69270646572
Iteration 56 of 100: loss=31.5821208954 object_loss=29.8893146515 distance_loss=1.6928062439
Iteration 57 of 100: loss=31.5894985199 object_loss=29.8966064453 distance_loss=1.69289243221
Iteration 58 of 100: loss=30.2339611053 object_loss=28.5411109924 distance_loss=1.69284927845
Iteration 59 of 100: loss=32.7178268433 object_loss=31.0248908997 distance_loss=1.69293427467
Iteration 60 of 100: loss=32.1640396118 object_loss=30.4714202881 distance_loss=1.69261920452
Iteration 61 of 100: loss=32.278842926 object_loss=30.5863265991 distance_loss=1.69251513481
Iteration 62 of 100: loss=30.7959308624 object_loss=29.103515625 distance_loss=1.69241464138
Iteration 63 of 100: loss=31.1414546967 object_loss=29.4491500854 distance_loss=1.69230437279
Iteration 64 of 100: loss=31.3222198486 object_loss=29.6299304962 distance_loss=1.69228863716
Iteration 65 of 100: loss=28.5237312317 object_loss=26.8311786652 distance_loss=1.69255232811
Iteration 66 of 100: loss=30.1561107635 object_loss=28.4633541107 distance_loss=1.69275617599
Iteration 67 of 100: loss=29.4228973389 object_loss=27.7299251556 distance_loss=1.69297194481
Iteration 68 of 100: loss=29.1274433136 object_loss=27.4346294403 distance_loss=1.6928139925
Iteration 69 of 100: loss=28.5904655457 object_loss=26.8976459503 distance_loss=1.69281959534
Iteration 70 of 100: loss=27.976474762 object_loss=26.2833900452 distance_loss=1.69308400154
Iteration 71 of 100: loss=24.8598880768 object_loss=23.166633606 distance_loss=1.69325447083
Iteration 72 of 100: loss=27.7137012482 object_loss=26.0208072662 distance_loss=1.69289374352
Iteration 73 of 100: loss=27.3012828827 object_loss=25.6082057953 distance_loss=1.69307661057
Iteration 74 of 100: loss=27.2872276306 object_loss=25.5941581726 distance_loss=1.69306957722
Iteration 75 of 100: loss=29.6350536346 object_loss=27.9421405792 distance_loss=1.69291293621
Iteration 76 of 100: loss=28.5497493744 object_loss=26.8569927216 distance_loss=1.69275617599
Iteration 77 of 100: loss=28.0968284607 object_loss=26.4042892456 distance_loss=1.69253861904
Iteration 78 of 100: loss=26.1867713928 object_loss=24.4942302704 distance_loss=1.69254076481
Iteration 79 of 100: loss=24.8021430969 object_loss=23.1093845367 distance_loss=1.69275772572
Iteration 80 of 100: loss=23.7936325073 object_loss=22.100812912 distance_loss=1.69281959534
Iteration 81 of 100: loss=25.4158706665 object_loss=23.7232494354 distance_loss=1.69262182713
Iteration 82 of 100: loss=27.4690990448 object_loss=25.7763767242 distance_loss=1.69272279739
Iteration 83 of 100: loss=25.527551651 object_loss=23.8345584869 distance_loss=1.69299352169
Iteration 84 of 100: loss=26.729675293 object_loss=25.0368537903 distance_loss=1.69282066822
Iteration 85 of 100: loss=30.7423171997 object_loss=29.0491638184 distance_loss=1.6931540966
Iteration 86 of 100: loss=30.1270141602 object_loss=28.4338703156 distance_loss=1.69314432144
Iteration 87 of 100: loss=30.603307724 object_loss=28.9101772308 distance_loss=1.69313097
Iteration 88 of 100: loss=30.6225967407 object_loss=28.9293746948 distance_loss=1.69322216511
Iteration 89 of 100: loss=29.3349590302 object_loss=27.6415519714 distance_loss=1.69340765476
Iteration 90 of 100: loss=29.571598053 object_loss=27.8782520294 distance_loss=1.69334566593
Iteration 91 of 100: loss=27.9229278564 object_loss=26.2295818329 distance_loss=1.69334506989
Iteration 92 of 100: loss=28.3452606201 object_loss=26.6519050598 distance_loss=1.69335460663
Iteration 93 of 100: loss=28.0275840759 object_loss=26.3339195251 distance_loss=1.69366407394
Iteration 94 of 100: loss=30.0208473206 object_loss=28.3268165588 distance_loss=1.69403147697
Iteration 95 of 100: loss=30.2642498016 object_loss=28.5701160431 distance_loss=1.69413423538
Iteration 96 of 100: loss=31.7786903381 object_loss=30.0847930908 distance_loss=1.69389736652
Iteration 97 of 100: loss=35.4523162842 object_loss=33.7581672668 distance_loss=1.69414913654
Iteration 98 of 100: loss=33.0034561157 object_loss=31.3091373444 distance_loss=1.6943205595
Iteration 99 of 100: loss=32.3371086121 object_loss=30.6424827576 distance_loss=1.69462490082
Iteration 0 of 100: loss=34.3288497925 object_loss=32.6340141296 distance_loss=1.69483685493
Iteration 1 of 100: loss=34.6223754883 object_loss=32.9273910522 distance_loss=1.69498503208
Iteration 2 of 100: loss=35.7204322815 object_loss=34.0252418518 distance_loss=1.69519197941
Iteration 3 of 100: loss=35.3731536865 object_loss=33.6775283813 distance_loss=1.6956268549
Iteration 4 of 100: loss=35.7623291016 object_loss=34.0664978027 distance_loss=1.69583129883
Iteration 5 of 100: loss=32.9678268433 object_loss=31.2715873718 distance_loss=1.69623827934
Iteration 6 of 100: loss=33.938079834 object_loss=32.2412147522 distance_loss=1.6968640089
Iteration 7 of 100: loss=34.6888542175 object_loss=32.9916610718 distance_loss=1.69719183445
Iteration 8 of 100: loss=34.4077644348 object_loss=32.7105903625 distance_loss=1.69717383385
Iteration 9 of 100: loss=35.9241104126 object_loss=34.2266731262 distance_loss=1.69743907452
Iteration 10 of 100: loss=35.7738304138 object_loss=34.076007843 distance_loss=1.69782090187
Iteration 11 of 100: loss=35.8252296448 object_loss=34.1271705627 distance_loss=1.69806087017
Iteration 12 of 100: loss=35.5443992615 object_loss=33.8465805054 distance_loss=1.69782030582
Iteration 13 of 100: loss=36.4723091125 object_loss=34.7742385864 distance_loss=1.69807088375
Iteration 14 of 100: loss=36.5164871216 object_loss=34.8182868958 distance_loss=1.69820177555
Iteration 15 of 100: loss=37.2771224976 object_loss=35.5788879395 distance_loss=1.69823372364
Iteration 16 of 100: loss=36.0976371765 object_loss=34.3995666504 distance_loss=1.69807088375
Iteration 17 of 100: loss=35.9162445068 object_loss=34.2180328369 distance_loss=1.69820976257
Iteration 18 of 100: loss=36.2175178528 object_loss=34.5191268921 distance_loss=1.6983897686
Iteration 19 of 100: loss=35.7223243713 object_loss=34.0237007141 distance_loss=1.69862222672
Iteration 20 of 100: loss=35.2899284363 object_loss=33.5912971497 distance_loss=1.69863080978
Iteration 21 of 100: loss=35.001209259 object_loss=33.3024024963 distance_loss=1.69880628586
Iteration 22 of 100: loss=35.4879760742 object_loss=33.7890090942 distance_loss=1.69896602631
Iteration 23 of 100: loss=36.0184326172 object_loss=34.3192710876 distance_loss=1.69916248322
Iteration 24 of 100: loss=36.1618080139 object_loss=34.462600708 distance_loss=1.69920647144
Iteration 25 of 100: loss=35.5109558105 object_loss=33.8117103577 distance_loss=1.69924736023
Iteration 26 of 100: loss=37.1554260254 object_loss=35.4562606812 distance_loss=1.69916427135
Iteration 27 of 100: loss=34.6090545654 object_loss=32.909740448 distance_loss=1.69931519032
Iteration 28 of 100: loss=35.7665596008 object_loss=34.067024231 distance_loss=1.69953405857
Iteration 29 of 100: loss=38.2277793884 object_loss=36.5279312134 distance_loss=1.69984650612
Iteration 30 of 100: loss=34.850063324 object_loss=33.1498794556 distance_loss=1.70018327236
Iteration 31 of 100: loss=35.8550453186 object_loss=34.1546897888 distance_loss=1.70035624504
Iteration 32 of 100: loss=36.1292648315 object_loss=34.4291725159 distance_loss=1.70009207726
Iteration 33 of 100: loss=37.000579834 object_loss=35.3003425598 distance_loss=1.70023596287
Iteration 34 of 100: loss=36.3610229492 object_loss=34.6605644226 distance_loss=1.70045828819
Iteration 35 of 100: loss=36.4766311646 object_loss=34.7763214111 distance_loss=1.70030987263
Iteration 36 of 100: loss=37.7421798706 object_loss=36.0421485901 distance_loss=1.70003092289
Iteration 37 of 100: loss=36.6426239014 object_loss=34.9426765442 distance_loss=1.69994795322
Iteration 38 of 100: loss=36.2312278748 object_loss=34.531414032 distance_loss=1.69981372356
Iteration 39 of 100: loss=35.0880432129 object_loss=33.3880577087 distance_loss=1.69998669624
Iteration 40 of 100: loss=35.0741920471 object_loss=33.3744544983 distance_loss=1.69973933697
Iteration 41 of 100: loss=34.176776886 object_loss=32.4775047302 distance_loss=1.69927346706
Iteration 42 of 100: loss=36.4839553833 object_loss=34.7851295471 distance_loss=1.69882547855
Iteration 43 of 100: loss=39.9038543701 object_loss=38.205291748 distance_loss=1.69856250286
Iteration 44 of 100: loss=35.4213218689 object_loss=33.7233314514 distance_loss=1.69799041748
Iteration 45 of 100: loss=35.9832839966 object_loss=34.28565979 distance_loss=1.69762504101
Iteration 46 of 100: loss=38.2228927612 object_loss=36.5254669189 distance_loss=1.6974247694
Iteration 47 of 100: loss=38.5602645874 object_loss=36.863243103 distance_loss=1.69702196121
Iteration 48 of 100: loss=38.4371414185 object_loss=36.7404556274 distance_loss=1.6966868639
Iteration 49 of 100: loss=38.6112632751 object_loss=36.9147338867 distance_loss=1.69652831554
Iteration 50 of 100: loss=38.9945297241 object_loss=37.2981719971 distance_loss=1.696357131
Iteration 51 of 100: loss=38.4098930359 object_loss=36.7133827209 distance_loss=1.69651174545
Iteration 52 of 100: loss=38.8079109192 object_loss=37.1117172241 distance_loss=1.69619190693
Iteration 53 of 100: loss=38.0428962708 object_loss=36.3467140198 distance_loss=1.69618332386
Iteration 54 of 100: loss=40.1060180664 object_loss=38.4099998474 distance_loss=1.69601881504
Iteration 55 of 100: loss=38.8293571472 object_loss=37.1330871582 distance_loss=1.69626832008
Iteration 56 of 100: loss=37.9098854065 object_loss=36.2136573792 distance_loss=1.69622826576
Iteration 57 of 100: loss=38.3529205322 object_loss=36.6565551758 distance_loss=1.6963647604
Iteration 58 of 100: loss=39.0197601318 object_loss=37.323184967 distance_loss=1.69657337666
Iteration 59 of 100: loss=41.0039978027 object_loss=39.3072967529 distance_loss=1.69670283794
Iteration 60 of 100: loss=39.9514274597 object_loss=38.2546157837 distance_loss=1.69681119919
Iteration 61 of 100: loss=39.7888221741 object_loss=38.0920143127 distance_loss=1.69680929184
Iteration 62 of 100: loss=39.1242752075 object_loss=37.4275398254 distance_loss=1.69673418999
Iteration 63 of 100: loss=38.9035377502 object_loss=37.2067832947 distance_loss=1.69675326347
Iteration 64 of 100: loss=39.4020042419 object_loss=37.7051010132 distance_loss=1.69690144062
Iteration 65 of 100: loss=37.931224823 object_loss=36.2341804504 distance_loss=1.69704377651
Iteration 66 of 100: loss=37.9467086792 object_loss=36.2493209839 distance_loss=1.69738888741
Iteration 67 of 100: loss=37.7241325378 object_loss=36.026512146 distance_loss=1.69761955738
Iteration 68 of 100: loss=38.6844367981 object_loss=36.9869880676 distance_loss=1.69745051861
Iteration 69 of 100: loss=38.50050354 object_loss=36.8028259277 distance_loss=1.69767570496
Iteration 70 of 100: loss=37.7579841614 object_loss=36.0601921082 distance_loss=1.69779074192
Iteration 71 of 100: loss=37.5462341309 object_loss=35.8484573364 distance_loss=1.69777822495
Iteration 72 of 100: loss=37.6151695251 object_loss=35.9176177979 distance_loss=1.69755327702
Iteration 73 of 100: loss=38.6626014709 object_loss=36.9647750854 distance_loss=1.6978263855
Iteration 74 of 100: loss=39.129119873 object_loss=37.4312896729 distance_loss=1.69782924652
Iteration 75 of 100: loss=39.2424850464 object_loss=37.5444488525 distance_loss=1.69803452492
Iteration 76 of 100: loss=38.4018478394 object_loss=36.7039031982 distance_loss=1.69794392586
Iteration 77 of 100: loss=38.3777427673 object_loss=36.6796073914 distance_loss=1.69813537598
Iteration 78 of 100: loss=38.5132293701 object_loss=36.8146896362 distance_loss=1.69854044914
Iteration 79 of 100: loss=38.1618118286 object_loss=36.4630775452 distance_loss=1.6987361908
Iteration 80 of 100: loss=38.3559341431 object_loss=36.6573562622 distance_loss=1.69857788086
Iteration 81 of 100: loss=38.3559951782 object_loss=36.6572532654 distance_loss=1.69874238968
Iteration 82 of 100: loss=36.3522377014 object_loss=34.6533889771 distance_loss=1.69884860516
Iteration 83 of 100: loss=35.7750892639 object_loss=34.0760307312 distance_loss=1.69905853271
Iteration 84 of 100: loss=36.8950500488 object_loss=35.195728302 distance_loss=1.69931983948
Iteration 85 of 100: loss=37.6234130859 object_loss=35.9239997864 distance_loss=1.69941425323
Iteration 86 of 100: loss=37.6055526733 object_loss=35.9058647156 distance_loss=1.69968676567
Iteration 87 of 100: loss=38.5581970215 object_loss=36.8585319519 distance_loss=1.699665308
Iteration 88 of 100: loss=39.387928009 object_loss=37.6886100769 distance_loss=1.69931781292
Iteration 89 of 100: loss=39.9965362549 object_loss=38.2972488403 distance_loss=1.69928574562
Iteration 90 of 100: loss=39.6774635315 object_loss=37.9776802063 distance_loss=1.69978439808
Iteration 91 of 100: loss=39.4479026794 object_loss=37.7477455139 distance_loss=1.70015668869
Iteration 92 of 100: loss=39.1710891724 object_loss=37.4711074829 distance_loss=1.69998002052
Iteration 93 of 100: loss=37.570602417 object_loss=35.870223999 distance_loss=1.70037984848
Iteration 94 of 100: loss=40.9730606079 object_loss=39.2722091675 distance_loss=1.70085096359
Iteration 95 of 100: loss=36.9077911377 object_loss=35.2065467834 distance_loss=1.7012462616
Iteration 96 of 100: loss=36.5352096558 object_loss=34.8335838318 distance_loss=1.7016273737
Iteration 97 of 100: loss=38.1080322266 object_loss=36.406085968 distance_loss=1.70194673538
Iteration 98 of 100: loss=37.2265663147 object_loss=35.5242080688 distance_loss=1.70235669613
Iteration 99 of 100: loss=38.149471283 object_loss=36.4465332031 distance_loss=1.70293772221
Iteration 0 of 100: loss=39.7956886292 object_loss=38.0922279358 distance_loss=1.70345973969
Iteration 1 of 100: loss=41.7297782898 object_loss=40.0259895325 distance_loss=1.70378983021
Iteration 2 of 100: loss=41.8701477051 object_loss=40.1660270691 distance_loss=1.7041195631
Iteration 3 of 100: loss=42.1290130615 object_loss=40.4244422913 distance_loss=1.70456969738
Iteration 4 of 100: loss=39.5186424255 object_loss=37.813835144 distance_loss=1.70480906963
Iteration 5 of 100: loss=37.8690795898 object_loss=36.1638641357 distance_loss=1.70521521568
Iteration 6 of 100: loss=40.606967926 object_loss=38.9011039734 distance_loss=1.70586252213
Iteration 7 of 100: loss=39.2090568542 object_loss=37.5026168823 distance_loss=1.70643866062
Iteration 8 of 100: loss=39.4222335815 object_loss=37.7155265808 distance_loss=1.70670711994
Iteration 9 of 100: loss=40.1239929199 object_loss=38.4166755676 distance_loss=1.70731687546
Iteration 10 of 100: loss=37.1731262207 object_loss=35.4654312134 distance_loss=1.70769369602
Iteration 11 of 100: loss=41.1776695251 object_loss=39.4697036743 distance_loss=1.70796501637
Iteration 12 of 100: loss=39.5768699646 object_loss=37.8689041138 distance_loss=1.70796501637
Iteration 13 of 100: loss=42.6757011414 object_loss=40.9673881531 distance_loss=1.70831382275
Iteration 14 of 100: loss=43.5521240234 object_loss=41.8434066772 distance_loss=1.70871794224
Iteration 15 of 100: loss=41.2715301514 object_loss=39.562713623 distance_loss=1.70881605148
Iteration 16 of 100: loss=41.6852912903 object_loss=39.9767837524 distance_loss=1.70850884914
Iteration 17 of 100: loss=40.8890647888 object_loss=39.180480957 distance_loss=1.70858561993
Iteration 18 of 100: loss=39.146156311 object_loss=37.4370307922 distance_loss=1.70912587643
Iteration 19 of 100: loss=38.2981262207 object_loss=36.5885772705 distance_loss=1.70955073833
Iteration 20 of 100: loss=40.5063819885 object_loss=38.7963600159 distance_loss=1.71002244949
Iteration 21 of 100: loss=39.114490509 object_loss=37.4039573669 distance_loss=1.71053361893
Iteration 22 of 100: loss=38.9843063354 object_loss=37.2732620239 distance_loss=1.71104621887
Iteration 23 of 100: loss=39.0739631653 object_loss=37.3622322083 distance_loss=1.71173071861
Iteration 24 of 100: loss=39.0308151245 object_loss=37.318649292 distance_loss=1.71216511726
Iteration 25 of 100: loss=38.9425735474 object_loss=37.2297706604 distance_loss=1.71280145645
Iteration 26 of 100: loss=38.6755867004 object_loss=36.9622573853 distance_loss=1.71332848072
Iteration 27 of 100: loss=38.6118011475 object_loss=36.8978157043 distance_loss=1.71398496628
Iteration 28 of 100: loss=39.6219329834 object_loss=37.9075050354 distance_loss=1.71442949772
Iteration 29 of 100: loss=40.6944007874 object_loss=38.9791946411 distance_loss=1.7152068615
Iteration 30 of 100: loss=41.3470573425 object_loss=39.6311531067 distance_loss=1.71590590477
Iteration 31 of 100: loss=41.262676239 object_loss=39.546245575 distance_loss=1.71643197536
Iteration 32 of 100: loss=41.4886779785 object_loss=39.7718467712 distance_loss=1.71683299541
Iteration 33 of 100: loss=40.8059463501 object_loss=39.0885009766 distance_loss=1.71744632721
Iteration 34 of 100: loss=41.6662406921 object_loss=39.948474884 distance_loss=1.71776401997
Iteration 35 of 100: loss=42.088104248 object_loss=40.3699913025 distance_loss=1.71811378002
Iteration 36 of 100: loss=42.7333908081 object_loss=41.0151405334 distance_loss=1.71825027466
Iteration 37 of 100: loss=42.3060760498 object_loss=40.5877380371 distance_loss=1.71833658218
Iteration 38 of 100: loss=42.2990608215 object_loss=40.5804901123 distance_loss=1.71857106686
Iteration 39 of 100: loss=42.5276908875 object_loss=40.8086051941 distance_loss=1.71908402443
Iteration 40 of 100: loss=42.7573776245 object_loss=41.0380706787 distance_loss=1.71930861473
Iteration 41 of 100: loss=41.3632469177 object_loss=39.6436386108 distance_loss=1.7196097374
Iteration 42 of 100: loss=42.8816299438 object_loss=41.1617050171 distance_loss=1.7199267149
Iteration 43 of 100: loss=44.2872581482 object_loss=42.5671768188 distance_loss=1.72008192539
Iteration 44 of 100: loss=43.7615470886 object_loss=42.0414161682 distance_loss=1.72013032436
Iteration 45 of 100: loss=43.9818382263 object_loss=42.2617607117 distance_loss=1.72007930279
Iteration 46 of 100: loss=44.4603309631 object_loss=42.7400360107 distance_loss=1.72029483318
Iteration 47 of 100: loss=43.8681602478 object_loss=42.1475944519 distance_loss=1.72056472301
Iteration 48 of 100: loss=43.4423217773 object_loss=41.7217597961 distance_loss=1.72056341171
Iteration 49 of 100: loss=43.6725921631 object_loss=41.9516830444 distance_loss=1.72090947628
Iteration 50 of 100: loss=43.1437644958 object_loss=41.4223823547 distance_loss=1.72138130665
Iteration 51 of 100: loss=44.6448287964 object_loss=42.9232444763 distance_loss=1.72158586979
Iteration 52 of 100: loss=43.6185379028 object_loss=41.8973999023 distance_loss=1.72113883495
Iteration 53 of 100: loss=43.7768058777 object_loss=42.0554656982 distance_loss=1.72134137154
Iteration 54 of 100: loss=42.9701156616 object_loss=41.2485809326 distance_loss=1.72153377533
Iteration 55 of 100: loss=42.7169342041 object_loss=40.9953918457 distance_loss=1.72154080868
Iteration 56 of 100: loss=41.8083953857 object_loss=40.0869979858 distance_loss=1.721398592
Iteration 57 of 100: loss=41.1408424377 object_loss=39.4191665649 distance_loss=1.72167694569
Iteration 58 of 100: loss=41.2198295593 object_loss=39.4981803894 distance_loss=1.7216476202
Iteration 59 of 100: loss=40.4840621948 object_loss=38.762336731 distance_loss=1.72172498703
Iteration 60 of 100: loss=40.6985855103 object_loss=38.9767112732 distance_loss=1.72187519073
Iteration 61 of 100: loss=42.8668823242 object_loss=41.1450653076 distance_loss=1.72181880474
Iteration 62 of 100: loss=39.8445205688 object_loss=38.1227416992 distance_loss=1.72177743912
Iteration 63 of 100: loss=40.3861274719 object_loss=38.664264679 distance_loss=1.72186350822
Iteration 64 of 100: loss=41.1467247009 object_loss=39.4250144958 distance_loss=1.72171199322
Iteration 65 of 100: loss=39.9743690491 object_loss=38.2526283264 distance_loss=1.72174215317
Iteration 66 of 100: loss=40.8068962097 object_loss=39.0852584839 distance_loss=1.7216360569
Iteration 67 of 100: loss=42.0306396484 object_loss=40.3089485168 distance_loss=1.72169208527
Iteration 68 of 100: loss=40.5910491943 object_loss=38.869228363 distance_loss=1.72181916237
Iteration 69 of 100: loss=42.5160179138 object_loss=40.7942008972 distance_loss=1.72181713581
Iteration 70 of 100: loss=41.1783370972 object_loss=39.4565658569 distance_loss=1.7217695713
Iteration 71 of 100: loss=41.5894622803 object_loss=39.8677635193 distance_loss=1.72169828415
Iteration 72 of 100: loss=42.626083374 object_loss=40.9046554565 distance_loss=1.72142958641
Iteration 73 of 100: loss=41.0964698792 object_loss=39.374874115 distance_loss=1.72159683704
Iteration 74 of 100: loss=40.9891357422 object_loss=39.2673530579 distance_loss=1.72178220749
Iteration 75 of 100: loss=43.8212394714 object_loss=42.0993728638 distance_loss=1.72186601162
Iteration 76 of 100: loss=42.2198753357 object_loss=40.4981613159 distance_loss=1.72171294689
Iteration 77 of 100: loss=43.3085899353 object_loss=41.5869674683 distance_loss=1.72162389755
Iteration 78 of 100: loss=43.9927024841 object_loss=42.2712516785 distance_loss=1.7214512825
Iteration 79 of 100: loss=45.0881118774 object_loss=43.3668060303 distance_loss=1.72130584717
Iteration 80 of 100: loss=46.3448638916 object_loss=44.6238059998 distance_loss=1.72105920315
Iteration 81 of 100: loss=42.7161254883 object_loss=40.9952278137 distance_loss=1.7208969593
Iteration 82 of 100: loss=40.4112243652 object_loss=38.6908035278 distance_loss=1.72042131424
Iteration 83 of 100: loss=39.8935546875 object_loss=38.1732788086 distance_loss=1.72027480602
Iteration 84 of 100: loss=39.1071510315 object_loss=37.3874092102 distance_loss=1.71974182129
Iteration 85 of 100: loss=44.2076721191 object_loss=42.4884223938 distance_loss=1.71924936771
Iteration 86 of 100: loss=45.9670410156 object_loss=44.2481498718 distance_loss=1.71888947487
Iteration 87 of 100: loss=45.5761909485 object_loss=43.8578605652 distance_loss=1.71833193302
Iteration 88 of 100: loss=46.6888275146 object_loss=44.9711952209 distance_loss=1.71763348579
Iteration 89 of 100: loss=43.3499298096 object_loss=41.6326179504 distance_loss=1.71731126308
Iteration 90 of 100: loss=43.0264854431 object_loss=41.309425354 distance_loss=1.71705901623
Iteration 91 of 100: loss=44.279838562 object_loss=42.5632743835 distance_loss=1.71656250954
Iteration 92 of 100: loss=45.6349983215 object_loss=43.9193267822 distance_loss=1.71567308903
Iteration 93 of 100: loss=45.9046096802 object_loss=44.1892127991 distance_loss=1.71539676189
Iteration 94 of 100: loss=44.5834274292 object_loss=42.8685874939 distance_loss=1.71484005451
Iteration 95 of 100: loss=43.6604194641 object_loss=41.9460868835 distance_loss=1.71433115005
Iteration 96 of 100: loss=44.3219718933 object_loss=42.6082229614 distance_loss=1.71374964714
Iteration 97 of 100: loss=44.0546646118 object_loss=42.341632843 distance_loss=1.71303105354
Iteration 98 of 100: loss=44.6035804749 object_loss=42.891078949 distance_loss=1.71250009537
Iteration 99 of 100: loss=43.5705566406 object_loss=41.8584251404 distance_loss=1.7121309042
Iteration 0 of 100: loss=42.560092926 object_loss=40.8486061096 distance_loss=1.71148610115
Iteration 1 of 100: loss=41.7777252197 object_loss=40.0666732788 distance_loss=1.71105122566
Iteration 2 of 100: loss=40.6955757141 object_loss=38.9848136902 distance_loss=1.71076250076
Iteration 3 of 100: loss=41.5306129456 object_loss=39.8201789856 distance_loss=1.71043550968
Iteration 4 of 100: loss=40.9223632812 object_loss=39.212184906 distance_loss=1.7101764679
Iteration 5 of 100: loss=39.4746437073 object_loss=37.7647819519 distance_loss=1.70986306667
Iteration 6 of 100: loss=38.9579086304 object_loss=37.2483634949 distance_loss=1.70954430103
Iteration 7 of 100: loss=40.0391731262 object_loss=38.3298797607 distance_loss=1.70929503441
Iteration 8 of 100: loss=38.9272193909 object_loss=37.2182502747 distance_loss=1.70896828175
Iteration 9 of 100: loss=39.940826416 object_loss=38.2320289612 distance_loss=1.70879912376
Iteration 10 of 100: loss=40.6433982849 object_loss=38.9347381592 distance_loss=1.70865893364
Iteration 11 of 100: loss=40.3007888794 object_loss=38.5923614502 distance_loss=1.70842659473
Iteration 12 of 100: loss=40.3090896606 object_loss=38.6014595032 distance_loss=1.70762860775
Iteration 13 of 100: loss=41.1308898926 object_loss=39.4233474731 distance_loss=1.70754110813
Iteration 14 of 100: loss=40.3195533752 object_loss=38.6121101379 distance_loss=1.70744466782
Iteration 15 of 100: loss=39.4599761963 object_loss=37.7527885437 distance_loss=1.70718872547
Iteration 16 of 100: loss=39.8647689819 object_loss=38.1578102112 distance_loss=1.7069580555
Iteration 17 of 100: loss=39.3895225525 object_loss=37.6825904846 distance_loss=1.70693171024
Iteration 18 of 100: loss=38.4845848083 object_loss=36.7777748108 distance_loss=1.70681071281
Iteration 19 of 100: loss=40.9961547852 object_loss=39.2891960144 distance_loss=1.70695948601
Iteration 20 of 100: loss=41.1291809082 object_loss=39.4221916199 distance_loss=1.70698750019
Iteration 21 of 100: loss=41.371963501 object_loss=39.6650314331 distance_loss=1.70693075657
Iteration 22 of 100: loss=41.142993927 object_loss=39.4358139038 distance_loss=1.70717990398
Iteration 23 of 100: loss=41.2478675842 object_loss=39.5405693054 distance_loss=1.70729982853
Iteration 24 of 100: loss=40.5780410767 object_loss=38.8707275391 distance_loss=1.7073135376
Iteration 25 of 100: loss=41.0262870789 object_loss=39.318977356 distance_loss=1.70731139183
Iteration 26 of 100: loss=39.3720397949 object_loss=37.6646308899 distance_loss=1.70741081238
Iteration 27 of 100: loss=38.1643066406 object_loss=36.4569168091 distance_loss=1.70739030838
Iteration 28 of 100: loss=38.1311073303 object_loss=36.4235610962 distance_loss=1.70754444599
Iteration 29 of 100: loss=36.9932250977 object_loss=35.2854652405 distance_loss=1.70775806904
Iteration 30 of 100: loss=37.2504005432 object_loss=35.5423660278 distance_loss=1.70803272724
Iteration 31 of 100: loss=37.4435119629 object_loss=35.7351226807 distance_loss=1.70838856697
Iteration 32 of 100: loss=38.2068634033 object_loss=36.4985466003 distance_loss=1.70831811428
Iteration 33 of 100: loss=36.3935203552 object_loss=34.6849212646 distance_loss=1.70859980583
Iteration 34 of 100: loss=36.1352653503 object_loss=34.4264030457 distance_loss=1.70886349678
Iteration 35 of 100: loss=36.1633987427 object_loss=34.454158783 distance_loss=1.70923924446
Iteration 36 of 100: loss=36.5979270935 object_loss=34.8887023926 distance_loss=1.70922589302
Iteration 37 of 100: loss=37.2201538086 object_loss=35.5104484558 distance_loss=1.70970487595
Iteration 38 of 100: loss=37.1057929993 object_loss=35.3959236145 distance_loss=1.70986807346
Iteration 39 of 100: loss=36.5101203918 object_loss=34.800113678 distance_loss=1.71000623703
Iteration 40 of 100: loss=36.6674079895 object_loss=34.9572372437 distance_loss=1.71017110348
Iteration 41 of 100: loss=36.336566925 object_loss=34.6264724731 distance_loss=1.71009409428
Iteration 42 of 100: loss=35.1480865479 object_loss=33.4379119873 distance_loss=1.71017491817
Iteration 43 of 100: loss=34.2549285889 object_loss=32.544708252 distance_loss=1.71022152901
Iteration 44 of 100: loss=33.1912841797 object_loss=31.4809875488 distance_loss=1.71029746532
Iteration 45 of 100: loss=32.3535690308 object_loss=30.6429538727 distance_loss=1.71061420441
Iteration 46 of 100: loss=34.4020385742 object_loss=32.6908531189 distance_loss=1.71118378639
Iteration 47 of 100: loss=35.8811607361 object_loss=34.1696205139 distance_loss=1.71154141426
Iteration 48 of 100: loss=33.7705802917 object_loss=32.059135437 distance_loss=1.71144652367
Iteration 49 of 100: loss=31.2950572968 object_loss=29.5836353302 distance_loss=1.71142208576
Iteration 50 of 100: loss=31.5604038239 object_loss=29.8490848541 distance_loss=1.71131825447
Iteration 51 of 100: loss=29.6062240601 object_loss=27.8949775696 distance_loss=1.71124684811
Iteration 52 of 100: loss=30.9723548889 object_loss=29.2614421844 distance_loss=1.71091270447
Iteration 53 of 100: loss=34.5404167175 object_loss=32.8297538757 distance_loss=1.71066379547
Iteration 54 of 100: loss=30.8641014099 object_loss=29.1537857056 distance_loss=1.71031582355
Iteration 55 of 100: loss=31.7506217957 object_loss=30.0405845642 distance_loss=1.7100366354
Iteration 56 of 100: loss=33.0830230713 object_loss=31.3733978271 distance_loss=1.70962333679
Iteration 57 of 100: loss=34.8095550537 object_loss=33.100151062 distance_loss=1.709405303
Iteration 58 of 100: loss=35.1872749329 object_loss=33.4776763916 distance_loss=1.70959830284
Iteration 59 of 100: loss=37.08776474 object_loss=35.3779678345 distance_loss=1.70979619026
Iteration 60 of 100: loss=35.8084449768 object_loss=34.0987548828 distance_loss=1.70968914032
Iteration 61 of 100: loss=33.6721191406 object_loss=31.9620780945 distance_loss=1.71003997326
Iteration 62 of 100: loss=32.5809898376 object_loss=30.8703804016 distance_loss=1.7106076479
Iteration 63 of 100: loss=29.1082668304 object_loss=27.3970928192 distance_loss=1.71117341518
Iteration 64 of 100: loss=28.1543540955 object_loss=26.4427852631 distance_loss=1.71156859398
Iteration 65 of 100: loss=28.7826271057 object_loss=27.0707435608 distance_loss=1.71188294888
Iteration 66 of 100: loss=30.5446739197 object_loss=28.8324737549 distance_loss=1.71219968796
Iteration 67 of 100: loss=30.3372497559 object_loss=28.6247959137 distance_loss=1.71245336533
Iteration 68 of 100: loss=27.8425827026 object_loss=26.1301727295 distance_loss=1.71241092682
Iteration 69 of 100: loss=27.9515037537 object_loss=26.2388572693 distance_loss=1.71264624596
Iteration 70 of 100: loss=30.1497879028 object_loss=28.4368343353 distance_loss=1.71295380592
Iteration 71 of 100: loss=29.039522171 object_loss=27.3262252808 distance_loss=1.71329724789
Iteration 72 of 100: loss=31.2303714752 object_loss=29.5173358917 distance_loss=1.71303510666
Iteration 73 of 100: loss=30.9665050507 object_loss=29.2530899048 distance_loss=1.71341526508
Iteration 74 of 100: loss=32.5082550049 object_loss=30.7945308685 distance_loss=1.713722229
Iteration 75 of 100: loss=33.3798179626 object_loss=31.6659431458 distance_loss=1.71387434006
Iteration 76 of 100: loss=28.4862823486 object_loss=26.7724399567 distance_loss=1.71384143829
Iteration 77 of 100: loss=31.8463859558 object_loss=30.1324176788 distance_loss=1.71396923065
Iteration 78 of 100: loss=33.3684959412 object_loss=31.6545906067 distance_loss=1.71390652657
Iteration 79 of 100: loss=33.6626091003 object_loss=31.9487895966 distance_loss=1.7138210535
Iteration 80 of 100: loss=32.0785064697 object_loss=30.3645019531 distance_loss=1.71400368214
Iteration 81 of 100: loss=31.1267662048 object_loss=29.4129314423 distance_loss=1.71383404732
Iteration 82 of 100: loss=31.7634925842 object_loss=30.0496253967 distance_loss=1.71386814117
Iteration 83 of 100: loss=32.5167541504 object_loss=30.8028869629 distance_loss=1.71386706829
Iteration 84 of 100: loss=32.2395362854 object_loss=30.5261287689 distance_loss=1.71340584755
Iteration 85 of 100: loss=32.0851554871 object_loss=30.3720188141 distance_loss=1.71313619614
Iteration 86 of 100: loss=35.2103691101 object_loss=33.4975318909 distance_loss=1.71283650398
Iteration 87 of 100: loss=32.7563400269 object_loss=31.0441417694 distance_loss=1.7121976614
Iteration 88 of 100: loss=30.8382911682 object_loss=29.1266002655 distance_loss=1.71169006824
Iteration 89 of 100: loss=30.1723632812 object_loss=28.4608917236 distance_loss=1.71147143841
Iteration 90 of 100: loss=33.1879310608 object_loss=31.4766902924 distance_loss=1.71124112606
Iteration 91 of 100: loss=35.0417785645 object_loss=33.3305587769 distance_loss=1.71122014523
Iteration 92 of 100: loss=34.9435424805 object_loss=33.2328338623 distance_loss=1.71070683002
Iteration 93 of 100: loss=35.2222900391 object_loss=33.5114974976 distance_loss=1.71079421043
Iteration 94 of 100: loss=33.905632019 object_loss=32.1947937012 distance_loss=1.71083784103
Iteration 95 of 100: loss=35.5103645325 object_loss=33.7997703552 distance_loss=1.71059465408
Iteration 96 of 100: loss=36.4896430969 object_loss=34.7789764404 distance_loss=1.71066594124
Iteration 97 of 100: loss=34.1305274963 object_loss=32.4195709229 distance_loss=1.71095478535
Iteration 98 of 100: loss=32.5303840637 object_loss=30.8191928864 distance_loss=1.71119070053
Iteration 99 of 100: loss=29.3409004211 object_loss=27.6295928955 distance_loss=1.71130812168
Iteration 0 of 100: loss=26.2078266144 object_loss=24.4962558746 distance_loss=1.71157085896
Iteration 1 of 100: loss=27.3672733307 object_loss=25.6556129456 distance_loss=1.71165966988
Iteration 2 of 100: loss=27.6087055206 object_loss=25.8970394135 distance_loss=1.71166586876
Iteration 3 of 100: loss=29.1600799561 object_loss=27.4482688904 distance_loss=1.71181154251
Iteration 4 of 100: loss=29.3591270447 object_loss=27.6471290588 distance_loss=1.71199858189
Iteration 5 of 100: loss=28.44713974 object_loss=26.7348003387 distance_loss=1.71233987808
Iteration 6 of 100: loss=30.8869190216 object_loss=29.1743526459 distance_loss=1.71256685257
Iteration 7 of 100: loss=32.977897644 object_loss=31.2650527954 distance_loss=1.71284365654
Iteration 8 of 100: loss=27.4619007111 object_loss=25.7489471436 distance_loss=1.71295368671
Iteration 9 of 100: loss=28.6890068054 object_loss=26.9757652283 distance_loss=1.71324169636
Iteration 10 of 100: loss=27.3611240387 object_loss=25.6475982666 distance_loss=1.71352541447
Iteration 11 of 100: loss=26.4726791382 object_loss=24.7590274811 distance_loss=1.71365237236
Iteration 12 of 100: loss=24.7815475464 object_loss=23.0680351257 distance_loss=1.71351206303
Iteration 13 of 100: loss=23.6431045532 object_loss=21.9297523499 distance_loss=1.71335148811
Iteration 14 of 100: loss=20.9696006775 object_loss=19.2562923431 distance_loss=1.71330881119
Iteration 15 of 100: loss=25.9285106659 object_loss=24.2152137756 distance_loss=1.71329772472
Iteration 16 of 100: loss=26.0907497406 object_loss=24.3776397705 distance_loss=1.71310937405
Iteration 17 of 100: loss=27.2118873596 object_loss=25.4987373352 distance_loss=1.71314918995
Iteration 18 of 100: loss=27.1587791443 object_loss=25.4453372955 distance_loss=1.71344172955
Iteration 19 of 100: loss=24.7896194458 object_loss=23.0758457184 distance_loss=1.71377336979
Iteration 20 of 100: loss=24.5604343414 object_loss=22.8468341827 distance_loss=1.71360063553
Iteration 21 of 100: loss=25.7373256683 object_loss=24.0237102509 distance_loss=1.71361613274
Iteration 22 of 100: loss=28.6544036865 object_loss=26.9408226013 distance_loss=1.71358013153
Iteration 23 of 100: loss=31.4096603394 object_loss=29.6961975098 distance_loss=1.71346199512
Iteration 24 of 100: loss=31.8303394318 object_loss=30.1170578003 distance_loss=1.71328222752
Iteration 25 of 100: loss=31.0660247803 object_loss=29.3528957367 distance_loss=1.71312963963
Iteration 26 of 100: loss=33.1418991089 object_loss=31.4291915894 distance_loss=1.71270847321
Iteration 27 of 100: loss=33.3735160828 object_loss=31.6610565186 distance_loss=1.71245920658
Iteration 28 of 100: loss=29.3047161102 object_loss=27.5927715302 distance_loss=1.71194505692
Iteration 29 of 100: loss=28.1090278625 object_loss=26.3972606659 distance_loss=1.71176743507
Iteration 30 of 100: loss=24.1639003754 object_loss=22.4521007538 distance_loss=1.71179938316
Iteration 31 of 100: loss=30.3335857391 object_loss=28.6217861176 distance_loss=1.71179914474
Iteration 32 of 100: loss=28.7078971863 object_loss=26.9964256287 distance_loss=1.71147155762
Iteration 33 of 100: loss=27.3249397278 object_loss=25.6132221222 distance_loss=1.71171808243
Iteration 34 of 100: loss=29.4396724701 object_loss=27.7280368805 distance_loss=1.71163535118
Iteration 35 of 100: loss=30.4486045837 object_loss=28.7370452881 distance_loss=1.71155917645
Iteration 36 of 100: loss=31.7968959808 object_loss=30.0853443146 distance_loss=1.71155083179
Iteration 37 of 100: loss=33.2757148743 object_loss=31.5642910004 distance_loss=1.71142339706
Iteration 38 of 100: loss=35.7525596619 object_loss=34.0412025452 distance_loss=1.71135699749
Iteration 39 of 100: loss=27.8497047424 object_loss=26.1383934021 distance_loss=1.71131074429
Iteration 40 of 100: loss=27.2100982666 object_loss=25.4988231659 distance_loss=1.71127581596
Iteration 41 of 100: loss=26.3450946808 object_loss=24.633972168 distance_loss=1.71112179756
Iteration 42 of 100: loss=27.8981933594 object_loss=26.1870326996 distance_loss=1.71116101742
Iteration 43 of 100: loss=26.7691726685 object_loss=25.0577964783 distance_loss=1.71137583256
Iteration 44 of 100: loss=30.3666572571 object_loss=28.6554794312 distance_loss=1.71117770672
Iteration 45 of 100: loss=29.2928543091 object_loss=27.5815811157 distance_loss=1.71127355099
Iteration 46 of 100: loss=29.0210704803 object_loss=27.3097324371 distance_loss=1.711337924
Iteration 47 of 100: loss=29.9264736176 object_loss=28.2152481079 distance_loss=1.71122574806
Iteration 48 of 100: loss=31.9872093201 object_loss=30.2762355804 distance_loss=1.71097314358
Iteration 49 of 100: loss=29.4843864441 object_loss=27.7736587524 distance_loss=1.71072781086
Iteration 50 of 100: loss=30.5725021362 object_loss=28.8620052338 distance_loss=1.71049690247
Iteration 51 of 100: loss=27.0316448212 object_loss=25.3208770752 distance_loss=1.71076822281
Iteration 52 of 100: loss=24.7988834381 object_loss=23.0878143311 distance_loss=1.71106922626
Iteration 53 of 100: loss=27.8959007263 object_loss=26.1842689514 distance_loss=1.71163249016
Iteration 54 of 100: loss=30.7885513306 object_loss=29.0765972137 distance_loss=1.71195375919
Iteration 55 of 100: loss=31.7931957245 object_loss=30.0809631348 distance_loss=1.71223318577
Iteration 56 of 100: loss=29.9493350983 object_loss=28.2371292114 distance_loss=1.71220505238
Iteration 57 of 100: loss=26.9807758331 object_loss=25.2683238983 distance_loss=1.71245229244
Iteration 58 of 100: loss=31.3121623993 object_loss=29.5994491577 distance_loss=1.71271264553
Iteration 59 of 100: loss=31.374048233 object_loss=29.6611042023 distance_loss=1.71294391155
Iteration 60 of 100: loss=29.5388412476 object_loss=27.8258552551 distance_loss=1.71298670769
Iteration 61 of 100: loss=35.8166122437 object_loss=34.1035003662 distance_loss=1.71311151981
Iteration 62 of 100: loss=37.3839759827 object_loss=35.6708908081 distance_loss=1.71308481693
Iteration 63 of 100: loss=33.1502494812 object_loss=31.4368801117 distance_loss=1.71337080002
Iteration 64 of 100: loss=32.7829399109 object_loss=31.0693454742 distance_loss=1.71359539032
Iteration 65 of 100: loss=33.6482086182 object_loss=31.9342212677 distance_loss=1.71398746967
Iteration 66 of 100: loss=32.8986206055 object_loss=31.1840991974 distance_loss=1.71452224255
Iteration 67 of 100: loss=28.4311523438 object_loss=26.7164306641 distance_loss=1.71472084522
Iteration 68 of 100: loss=28.9059772491 object_loss=27.1914291382 distance_loss=1.71454811096
Iteration 69 of 100: loss=35.7080116272 object_loss=33.9932098389 distance_loss=1.71480226517
Iteration 70 of 100: loss=31.8884506226 object_loss=30.1728363037 distance_loss=1.71561360359
Iteration 71 of 100: loss=31.3818531036 object_loss=29.6660842896 distance_loss=1.71576797962
Iteration 72 of 100: loss=31.8759899139 object_loss=30.1602325439 distance_loss=1.71575796604
Iteration 73 of 100: loss=34.2476501465 object_loss=32.5314903259 distance_loss=1.71616029739
Iteration 74 of 100: loss=33.3428535461 object_loss=31.6265068054 distance_loss=1.71634829044
Iteration 75 of 100: loss=33.6547088623 object_loss=31.9378967285 distance_loss=1.71681177616
Iteration 76 of 100: loss=37.8474769592 object_loss=36.1303672791 distance_loss=1.7171112299
Iteration 77 of 100: loss=33.1811981201 object_loss=31.4634017944 distance_loss=1.71779620647
Iteration 78 of 100: loss=33.7622566223 object_loss=32.0437889099 distance_loss=1.71846592426
Iteration 79 of 100: loss=35.9129676819 object_loss=34.1937866211 distance_loss=1.71918010712
Iteration 80 of 100: loss=37.4563446045 object_loss=35.7369003296 distance_loss=1.71944248676
Iteration 81 of 100: loss=37.7325134277 object_loss=36.0124778748 distance_loss=1.72003626823
Iteration 82 of 100: loss=38.0492553711 object_loss=36.3290138245 distance_loss=1.72024178505
Iteration 83 of 100: loss=36.4447212219 object_loss=34.7241592407 distance_loss=1.72056353092
Iteration 84 of 100: loss=34.8171424866 object_loss=33.0961341858 distance_loss=1.72100758553
Iteration 85 of 100: loss=33.9390335083 object_loss=32.2178573608 distance_loss=1.72117459774
Iteration 86 of 100: loss=34.9165306091 object_loss=33.1950645447 distance_loss=1.72146713734
Iteration 87 of 100: loss=35.6260452271 object_loss=33.9042892456 distance_loss=1.72175741196
Iteration 88 of 100: loss=39.2649803162 object_loss=37.5430870056 distance_loss=1.72189176083
Iteration 89 of 100: loss=36.3875312805 object_loss=34.6656074524 distance_loss=1.7219234705
Iteration 90 of 100: loss=35.8235969543 object_loss=34.1015625 distance_loss=1.72203469276
Iteration 91 of 100: loss=35.4054908752 object_loss=33.6835479736 distance_loss=1.7219414711
Iteration 92 of 100: loss=31.4211978912 object_loss=29.6996879578 distance_loss=1.72150957584
Iteration 93 of 100: loss=28.5423526764 object_loss=26.8209571838 distance_loss=1.72139465809
Iteration 94 of 100: loss=34.1721496582 object_loss=32.4506568909 distance_loss=1.72149085999
Iteration 95 of 100: loss=33.5768928528 object_loss=31.8552780151 distance_loss=1.72161352634
Iteration 96 of 100: loss=36.4003601074 object_loss=34.6792373657 distance_loss=1.72112107277
Iteration 97 of 100: loss=35.1391601562 object_loss=33.4185142517 distance_loss=1.72064650059
Iteration 98 of 100: loss=35.6022949219 object_loss=33.8816719055 distance_loss=1.72062468529
Iteration 99 of 100: loss=30.6852836609 object_loss=28.9645767212 distance_loss=1.72070777416
Iteration 0 of 100: loss=40.6179695129 object_loss=38.8974914551 distance_loss=1.72047638893
Iteration 1 of 100: loss=43.2084159851 object_loss=41.4882621765 distance_loss=1.72015273571
Iteration 2 of 100: loss=42.1490058899 object_loss=40.4289245605 distance_loss=1.72008025646
Iteration 3 of 100: loss=42.089881897 object_loss=40.3695144653 distance_loss=1.72036826611
Iteration 4 of 100: loss=42.7005691528 object_loss=40.9800453186 distance_loss=1.72052454948
Iteration 5 of 100: loss=37.5998916626 object_loss=35.8793449402 distance_loss=1.72054564953
Iteration 6 of 100: loss=39.0707321167 object_loss=37.3501548767 distance_loss=1.72057652473
Iteration 7 of 100: loss=37.3677101135 object_loss=35.6471633911 distance_loss=1.72054815292
Iteration 8 of 100: loss=36.3814086914 object_loss=34.6609077454 distance_loss=1.72050285339
Iteration 9 of 100: loss=36.4793167114 object_loss=34.7587013245 distance_loss=1.72061657906
Iteration 10 of 100: loss=35.3177757263 object_loss=33.5971565247 distance_loss=1.72062063217
Iteration 11 of 100: loss=40.2069816589 object_loss=38.4863204956 distance_loss=1.72066283226
Iteration 12 of 100: loss=38.5395088196 object_loss=36.8187103271 distance_loss=1.72079956532
Iteration 13 of 100: loss=35.1771507263 object_loss=33.4555778503 distance_loss=1.72157144547
Iteration 14 of 100: loss=36.2738952637 object_loss=34.5518798828 distance_loss=1.72201383114
Iteration 15 of 100: loss=33.4873695374 object_loss=31.7650489807 distance_loss=1.72232079506
Iteration 16 of 100: loss=31.3308448792 object_loss=29.6086559296 distance_loss=1.72218954563
Iteration 17 of 100: loss=32.5690956116 object_loss=30.8465766907 distance_loss=1.72251939774
Iteration 18 of 100: loss=34.0540351868 object_loss=32.3314323425 distance_loss=1.72260284424
Iteration 19 of 100: loss=31.3796787262 object_loss=29.6569595337 distance_loss=1.72271931171
Iteration 20 of 100: loss=32.7716751099 object_loss=31.0487327576 distance_loss=1.72294187546
Iteration 21 of 100: loss=33.9966583252 object_loss=32.2738494873 distance_loss=1.72280740738
Iteration 22 of 100: loss=32.7820167542 object_loss=31.0595989227 distance_loss=1.722417593
Iteration 23 of 100: loss=32.1801795959 object_loss=30.457824707 distance_loss=1.72235310078
Iteration 24 of 100: loss=32.4103393555 object_loss=30.6878376007 distance_loss=1.72250163555
Iteration 25 of 100: loss=29.884683609 object_loss=28.1621170044 distance_loss=1.7225663662
Iteration 26 of 100: loss=30.1272716522 object_loss=28.4044876099 distance_loss=1.72278487682
Iteration 27 of 100: loss=33.0083084106 object_loss=31.2851448059 distance_loss=1.72316431999
Iteration 28 of 100: loss=32.1819114685 object_loss=30.4586029053 distance_loss=1.72330963612
Iteration 29 of 100: loss=36.3530731201 object_loss=34.6292953491 distance_loss=1.72377598286
Iteration 30 of 100: loss=36.5039863586 object_loss=34.779876709 distance_loss=1.72411072254
Iteration 31 of 100: loss=40.5293731689 object_loss=38.8051109314 distance_loss=1.72426116467
Iteration 32 of 100: loss=38.9794616699 object_loss=37.2552680969 distance_loss=1.72419190407
Iteration 33 of 100: loss=39.5837554932 object_loss=37.8590736389 distance_loss=1.7246825695
Iteration 34 of 100: loss=40.1525917053 object_loss=38.4277191162 distance_loss=1.72487258911
Iteration 35 of 100: loss=36.91588974 object_loss=35.1907615662 distance_loss=1.72512876987
Iteration 36 of 100: loss=37.8446464539 object_loss=36.1195907593 distance_loss=1.72505486012
Iteration 37 of 100: loss=37.9680976868 object_loss=36.242931366 distance_loss=1.72516703606
Iteration 38 of 100: loss=37.7324333191 object_loss=36.0070838928 distance_loss=1.7253485918
Iteration 39 of 100: loss=37.1550827026 object_loss=35.4297142029 distance_loss=1.7253704071
Iteration 40 of 100: loss=36.0731735229 object_loss=34.3481903076 distance_loss=1.72498476505
Iteration 41 of 100: loss=36.5138206482 object_loss=34.7890968323 distance_loss=1.7247222662
Iteration 42 of 100: loss=36.529964447 object_loss=34.8052368164 distance_loss=1.72472643852
Iteration 43 of 100: loss=36.6475906372 object_loss=34.9229240417 distance_loss=1.72466790676
Iteration 44 of 100: loss=36.5734901428 object_loss=34.8489303589 distance_loss=1.7245606184
Iteration 45 of 100: loss=34.6584320068 object_loss=32.9339256287 distance_loss=1.72450602055
Iteration 46 of 100: loss=33.6958885193 object_loss=31.9711780548 distance_loss=1.72470879555
Iteration 47 of 100: loss=33.6695289612 object_loss=31.9443340302 distance_loss=1.7251957655
Iteration 48 of 100: loss=34.8948554993 object_loss=33.1693382263 distance_loss=1.7255166769
Iteration 49 of 100: loss=37.0016822815 object_loss=35.2760543823 distance_loss=1.72562742233
Iteration 50 of 100: loss=35.7111778259 object_loss=33.9853172302 distance_loss=1.72585988045
Iteration 51 of 100: loss=33.2174606323 object_loss=31.4913425446 distance_loss=1.72611653805
Iteration 52 of 100: loss=34.1819763184 object_loss=32.4561195374 distance_loss=1.72585785389
Iteration 53 of 100: loss=34.2972259521 object_loss=32.5710601807 distance_loss=1.72616577148
Iteration 54 of 100: loss=32.0841522217 object_loss=30.3579025269 distance_loss=1.72624969482
Iteration 55 of 100: loss=34.1720542908 object_loss=32.4459686279 distance_loss=1.7260838747
Iteration 56 of 100: loss=34.8099937439 object_loss=33.0840873718 distance_loss=1.72590792179
Iteration 57 of 100: loss=33.5216293335 object_loss=31.7958812714 distance_loss=1.7257488966
Iteration 58 of 100: loss=33.0661277771 object_loss=31.3404273987 distance_loss=1.72570133209
Iteration 59 of 100: loss=33.8603744507 object_loss=32.1342926025 distance_loss=1.72608351707
Iteration 60 of 100: loss=32.1057548523 object_loss=30.3794345856 distance_loss=1.72632157803
Iteration 61 of 100: loss=34.841632843 object_loss=33.1153030396 distance_loss=1.72632944584
Iteration 62 of 100: loss=37.4032669067 object_loss=35.6766738892 distance_loss=1.72659397125
Iteration 63 of 100: loss=37.1471252441 object_loss=35.420337677 distance_loss=1.72678673267
Iteration 64 of 100: loss=36.6557807922 object_loss=34.9290313721 distance_loss=1.72675096989
Iteration 65 of 100: loss=36.5793609619 object_loss=34.8522911072 distance_loss=1.72706973553
Iteration 66 of 100: loss=36.751083374 object_loss=35.0239830017 distance_loss=1.72710227966
Iteration 67 of 100: loss=38.0866470337 object_loss=36.3595542908 distance_loss=1.72709345818
Iteration 68 of 100: loss=37.9621391296 object_loss=36.2349967957 distance_loss=1.72714078426
Iteration 69 of 100: loss=39.2042312622 object_loss=37.4767913818 distance_loss=1.7274415493
Iteration 70 of 100: loss=38.4240608215 object_loss=36.6964759827 distance_loss=1.72758626938
Iteration 71 of 100: loss=38.970413208 object_loss=37.2425918579 distance_loss=1.7278226614
Iteration 72 of 100: loss=38.773399353 object_loss=37.0458450317 distance_loss=1.72755515575
Iteration 73 of 100: loss=39.0226364136 object_loss=37.2948799133 distance_loss=1.7277572155
Iteration 74 of 100: loss=40.0149688721 object_loss=38.2869491577 distance_loss=1.72802090645
Iteration 75 of 100: loss=40.4720077515 object_loss=38.7440261841 distance_loss=1.72798204422
Iteration 76 of 100: loss=39.5994758606 object_loss=37.8717727661 distance_loss=1.72770440578
Iteration 77 of 100: loss=39.9212608337 object_loss=38.1935501099 distance_loss=1.72771120071
Iteration 78 of 100: loss=40.0775299072 object_loss=38.3497085571 distance_loss=1.72781968117
Iteration 79 of 100: loss=39.0617675781 object_loss=37.3340110779 distance_loss=1.7277547121
Iteration 80 of 100: loss=38.6831512451 object_loss=36.9554634094 distance_loss=1.72768890858
Iteration 81 of 100: loss=38.1714324951 object_loss=36.443862915 distance_loss=1.72756898403
Iteration 82 of 100: loss=37.8728141785 object_loss=36.145160675 distance_loss=1.72765278816
Iteration 83 of 100: loss=37.7321395874 object_loss=36.0044403076 distance_loss=1.72769784927
Iteration 84 of 100: loss=37.8947715759 object_loss=36.1670913696 distance_loss=1.72768068314
Iteration 85 of 100: loss=37.0778541565 object_loss=35.3501930237 distance_loss=1.72765946388
Iteration 86 of 100: loss=38.0172195435 object_loss=36.2894058228 distance_loss=1.72781300545
Iteration 87 of 100: loss=39.9912643433 object_loss=38.2633285522 distance_loss=1.72793400288
Iteration 88 of 100: loss=39.4354705811 object_loss=37.707775116 distance_loss=1.7276943922
Iteration 89 of 100: loss=39.1878585815 object_loss=37.4599761963 distance_loss=1.72788131237
Iteration 90 of 100: loss=38.4327163696 object_loss=36.7047691345 distance_loss=1.72794890404
Iteration 91 of 100: loss=35.5615386963 object_loss=33.8335113525 distance_loss=1.72802865505
Iteration 92 of 100: loss=37.9752998352 object_loss=36.2473907471 distance_loss=1.72790908813
Iteration 93 of 100: loss=38.0555610657 object_loss=36.3273773193 distance_loss=1.7281832695
Iteration 94 of 100: loss=38.2909469604 object_loss=36.5627632141 distance_loss=1.72818481922
Iteration 95 of 100: loss=36.4553260803 object_loss=34.7271232605 distance_loss=1.72820389271
Iteration 96 of 100: loss=35.8758964539 object_loss=34.1476898193 distance_loss=1.72820520401
Iteration 97 of 100: loss=36.6864547729 object_loss=34.9581413269 distance_loss=1.72831201553
Iteration 98 of 100: loss=38.9598045349 object_loss=37.2314720154 distance_loss=1.72833204269
Iteration 99 of 100: loss=38.2945022583 object_loss=36.5661506653 distance_loss=1.72835218906
Iteration 0 of 100: loss=37.611289978 object_loss=35.8832435608 distance_loss=1.72804534435
Iteration 1 of 100: loss=36.63697052 object_loss=34.9090423584 distance_loss=1.72792780399
Iteration 2 of 100: loss=36.3084793091 object_loss=34.5805282593 distance_loss=1.72795248032
Iteration 3 of 100: loss=37.1488952637 object_loss=35.4208183289 distance_loss=1.72807538509
Iteration 4 of 100: loss=35.4845581055 object_loss=33.7565345764 distance_loss=1.72802472115
Iteration 5 of 100: loss=36.3897438049 object_loss=34.661857605 distance_loss=1.72788608074
Iteration 6 of 100: loss=36.6416397095 object_loss=34.9138031006 distance_loss=1.72783637047
Iteration 7 of 100: loss=37.8432006836 object_loss=36.1153144836 distance_loss=1.72788465023
Iteration 8 of 100: loss=38.1383972168 object_loss=36.4106407166 distance_loss=1.72775757313
Iteration 9 of 100: loss=36.5248985291 object_loss=34.7970733643 distance_loss=1.72782671452
Iteration 10 of 100: loss=37.4352416992 object_loss=35.7072486877 distance_loss=1.72799241543
Iteration 11 of 100: loss=36.7175064087 object_loss=34.9893875122 distance_loss=1.72811770439
Iteration 12 of 100: loss=38.0156211853 object_loss=36.2878684998 distance_loss=1.72775220871
Iteration 13 of 100: loss=38.203754425 object_loss=36.4757080078 distance_loss=1.72804677486
Iteration 14 of 100: loss=37.7459716797 object_loss=36.0174636841 distance_loss=1.72850632668
Iteration 15 of 100: loss=37.1397209167 object_loss=35.4110527039 distance_loss=1.72866797447
Iteration 16 of 100: loss=37.173740387 object_loss=35.4450645447 distance_loss=1.72867572308
Iteration 17 of 100: loss=38.8832969666 object_loss=37.1544952393 distance_loss=1.72880136967
Iteration 18 of 100: loss=37.4422645569 object_loss=35.7133293152 distance_loss=1.72893643379
Iteration 19 of 100: loss=38.5352058411 object_loss=36.8059539795 distance_loss=1.72925019264
Iteration 20 of 100: loss=37.0654678345 object_loss=35.3359146118 distance_loss=1.72955453396
Iteration 21 of 100: loss=37.2976913452 object_loss=35.5680160522 distance_loss=1.72967433929
Iteration 22 of 100: loss=36.5868759155 object_loss=34.8571434021 distance_loss=1.72973406315
Iteration 23 of 100: loss=36.29737854 object_loss=34.5672187805 distance_loss=1.73016035557
Iteration 24 of 100: loss=38.4106903076 object_loss=36.6803474426 distance_loss=1.73034381866
Iteration 25 of 100: loss=36.1576919556 object_loss=34.4269866943 distance_loss=1.73070669174
Iteration 26 of 100: loss=38.6403846741 object_loss=36.9093742371 distance_loss=1.73101019859
Iteration 27 of 100: loss=37.2693939209 object_loss=35.5382461548 distance_loss=1.73114621639
Iteration 28 of 100: loss=36.5849380493 object_loss=34.8535423279 distance_loss=1.73139452934
Iteration 29 of 100: loss=38.3182907104 object_loss=36.5867271423 distance_loss=1.73156356812
Iteration 30 of 100: loss=37.3645553589 object_loss=35.6330032349 distance_loss=1.73155272007
Iteration 31 of 100: loss=37.5767669678 object_loss=35.8449859619 distance_loss=1.73178005219
Iteration 32 of 100: loss=38.863445282 object_loss=37.1316337585 distance_loss=1.73181009293
Iteration 33 of 100: loss=38.3475189209 object_loss=36.6155281067 distance_loss=1.73199093342
Iteration 34 of 100: loss=38.5909729004 object_loss=36.8587799072 distance_loss=1.73219490051
Iteration 35 of 100: loss=39.1461982727 object_loss=37.413936615 distance_loss=1.73226225376
Iteration 36 of 100: loss=38.6472396851 object_loss=36.9152069092 distance_loss=1.7320318222
Iteration 37 of 100: loss=38.7789230347 object_loss=37.0469589233 distance_loss=1.73196387291
Iteration 38 of 100: loss=38.1450004578 object_loss=36.412979126 distance_loss=1.73202168941
Iteration 39 of 100: loss=39.275188446 object_loss=37.5431785583 distance_loss=1.73201167583
Iteration 40 of 100: loss=38.5339775085 object_loss=36.8019714355 distance_loss=1.73200523853
Iteration 41 of 100: loss=38.5311431885 object_loss=36.7991523743 distance_loss=1.73199057579
Iteration 42 of 100: loss=38.3986053467 object_loss=36.6665878296 distance_loss=1.73201644421
Iteration 43 of 100: loss=39.0413398743 object_loss=37.3091087341 distance_loss=1.73222994804
Iteration 44 of 100: loss=38.601650238 object_loss=36.8696136475 distance_loss=1.73203611374
Iteration 45 of 100: loss=38.8850860596 object_loss=37.1528892517 distance_loss=1.73219716549
Iteration 46 of 100: loss=39.990737915 object_loss=38.2583732605 distance_loss=1.73236644268
Iteration 47 of 100: loss=39.0898513794 object_loss=37.3579940796 distance_loss=1.7318584919
Iteration 48 of 100: loss=38.5346603394 object_loss=36.8033218384 distance_loss=1.73133766651
Iteration 49 of 100: loss=38.9665412903 object_loss=37.2351951599 distance_loss=1.73134684563
Iteration 50 of 100: loss=36.3526306152 object_loss=34.6210517883 distance_loss=1.73157978058
Iteration 51 of 100: loss=36.8043746948 object_loss=35.0728149414 distance_loss=1.73156106472
Iteration 52 of 100: loss=36.4342269897 object_loss=34.7031288147 distance_loss=1.73109936714
Iteration 53 of 100: loss=38.7345314026 object_loss=37.0036888123 distance_loss=1.73084282875
Iteration 54 of 100: loss=38.0531044006 object_loss=36.3223190308 distance_loss=1.73078370094
Iteration 55 of 100: loss=39.9625778198 object_loss=38.2319793701 distance_loss=1.7305971384
Iteration 56 of 100: loss=38.1910743713 object_loss=36.460899353 distance_loss=1.73017668724
Iteration 57 of 100: loss=36.9018707275 object_loss=35.1716003418 distance_loss=1.73026847839
Iteration 58 of 100: loss=37.0889778137 object_loss=35.3586578369 distance_loss=1.73032152653
Iteration 59 of 100: loss=36.9317893982 object_loss=35.2011909485 distance_loss=1.73060023785
Iteration 60 of 100: loss=37.0896492004 object_loss=35.3588523865 distance_loss=1.73079526424
Iteration 61 of 100: loss=35.0162391663 object_loss=33.2852020264 distance_loss=1.7310372591
Iteration 62 of 100: loss=39.3259010315 object_loss=37.5946922302 distance_loss=1.7312079668
Iteration 63 of 100: loss=37.8555488586 object_loss=36.1241340637 distance_loss=1.73141419888
Iteration 64 of 100: loss=38.7965316772 object_loss=37.0650634766 distance_loss=1.7314697504
Iteration 65 of 100: loss=40.1449241638 object_loss=38.4136657715 distance_loss=1.73125815392
Iteration 66 of 100: loss=41.0539283752 object_loss=39.322769165 distance_loss=1.7311604023
Iteration 67 of 100: loss=41.4306602478 object_loss=39.699634552 distance_loss=1.7310243845
Iteration 68 of 100: loss=39.8271408081 object_loss=38.0962409973 distance_loss=1.73089957237
Iteration 69 of 100: loss=39.9193572998 object_loss=38.1885375977 distance_loss=1.73082113266
Iteration 70 of 100: loss=40.315536499 object_loss=38.5846138 distance_loss=1.73092341423
Iteration 71 of 100: loss=41.7453422546 object_loss=40.0141220093 distance_loss=1.73122060299
Iteration 72 of 100: loss=39.8504981995 object_loss=38.1196327209 distance_loss=1.73086416721
Iteration 73 of 100: loss=39.30809021 object_loss=37.5769920349 distance_loss=1.73109900951
Iteration 74 of 100: loss=39.0165901184 object_loss=37.2854270935 distance_loss=1.73116409779
Iteration 75 of 100: loss=38.2140350342 object_loss=36.4828948975 distance_loss=1.73114001751
Iteration 76 of 100: loss=36.5538063049 object_loss=34.8228263855 distance_loss=1.73097932339
Iteration 77 of 100: loss=36.6721229553 object_loss=34.9409751892 distance_loss=1.73114621639
Iteration 78 of 100: loss=39.5757751465 object_loss=37.8445663452 distance_loss=1.73121011257
Iteration 79 of 100: loss=40.9391479492 object_loss=39.2077407837 distance_loss=1.73140847683
Iteration 80 of 100: loss=39.2651100159 object_loss=37.533782959 distance_loss=1.73132574558
Iteration 81 of 100: loss=37.7930145264 object_loss=36.0618972778 distance_loss=1.73111903667
Iteration 82 of 100: loss=39.261844635 object_loss=37.5307617188 distance_loss=1.73108148575
Iteration 83 of 100: loss=37.9796905518 object_loss=36.2485046387 distance_loss=1.73118495941
Iteration 84 of 100: loss=36.3183479309 object_loss=34.587223053 distance_loss=1.73112547398
Iteration 85 of 100: loss=39.3130569458 object_loss=37.5820083618 distance_loss=1.73104774952
Iteration 86 of 100: loss=38.3201179504 object_loss=36.5891494751 distance_loss=1.73096930981
Iteration 87 of 100: loss=38.0613937378 object_loss=36.3306045532 distance_loss=1.73078775406
Iteration 88 of 100: loss=35.4179573059 object_loss=33.6870536804 distance_loss=1.73090386391
Iteration 89 of 100: loss=34.1895294189 object_loss=32.4584121704 distance_loss=1.73111701012
Iteration 90 of 100: loss=32.8819084167 object_loss=31.1506156921 distance_loss=1.73129367828
Iteration 91 of 100: loss=32.8250656128 object_loss=31.0937805176 distance_loss=1.73128402233
Iteration 92 of 100: loss=40.0490646362 object_loss=38.3181152344 distance_loss=1.73094844818
Iteration 93 of 100: loss=39.7774810791 object_loss=38.0467834473 distance_loss=1.73069751263
Iteration 94 of 100: loss=40.8552246094 object_loss=39.1246147156 distance_loss=1.73061108589
Iteration 95 of 100: loss=41.0888748169 object_loss=39.3584518433 distance_loss=1.73042178154
Iteration 96 of 100: loss=43.0538864136 object_loss=41.3238449097 distance_loss=1.7300401926
Iteration 97 of 100: loss=42.1171302795 object_loss=40.3869285583 distance_loss=1.73020231724
Iteration 98 of 100: loss=42.3913002014 object_loss=40.6611061096 distance_loss=1.73019313812
Iteration 99 of 100: loss=42.2485313416 object_loss=40.5181770325 distance_loss=1.7303558588
Iteration 0 of 100: loss=40.6813583374 object_loss=38.950958252 distance_loss=1.73040091991
Iteration 1 of 100: loss=40.6417160034 object_loss=38.9112625122 distance_loss=1.73045349121
Iteration 2 of 100: loss=40.8822097778 object_loss=39.1518707275 distance_loss=1.73033821583
Iteration 3 of 100: loss=41.1152038574 object_loss=39.3848152161 distance_loss=1.73038864136
Iteration 4 of 100: loss=41.3342552185 object_loss=39.6037788391 distance_loss=1.73047602177
Iteration 5 of 100: loss=41.2525596619 object_loss=39.5218238831 distance_loss=1.73073518276
Iteration 6 of 100: loss=47.2185592651 object_loss=45.4876098633 distance_loss=1.73095011711
Iteration 7 of 100: loss=46.0266914368 object_loss=44.2956581116 distance_loss=1.73103475571
Iteration 8 of 100: loss=45.8915328979 object_loss=44.1608581543 distance_loss=1.73067390919
Iteration 9 of 100: loss=45.0503997803 object_loss=43.3196563721 distance_loss=1.73074448109
Iteration 10 of 100: loss=46.9727706909 object_loss=45.2421073914 distance_loss=1.7306650877
Iteration 11 of 100: loss=44.8224639893 object_loss=43.0920295715 distance_loss=1.73043632507
Iteration 12 of 100: loss=45.0830574036 object_loss=43.353225708 distance_loss=1.72983205318
Iteration 13 of 100: loss=45.2534713745 object_loss=43.5236778259 distance_loss=1.72979187965
Iteration 14 of 100: loss=46.1744155884 object_loss=44.445022583 distance_loss=1.72939133644
Iteration 15 of 100: loss=46.5945892334 object_loss=44.8651847839 distance_loss=1.7294062376
Iteration 16 of 100: loss=44.9357261658 object_loss=43.2065010071 distance_loss=1.72922456264
Iteration 17 of 100: loss=44.6060409546 object_loss=42.8770599365 distance_loss=1.72898077965
Iteration 18 of 100: loss=45.2391204834 object_loss=43.5100021362 distance_loss=1.72911930084
Iteration 19 of 100: loss=47.170879364 object_loss=45.4417495728 distance_loss=1.72912800312
Iteration 20 of 100: loss=43.6362457275 object_loss=41.907409668 distance_loss=1.72883415222
Iteration 21 of 100: loss=42.7968673706 object_loss=41.0681304932 distance_loss=1.72873818874
Iteration 22 of 100: loss=42.6044578552 object_loss=40.875629425 distance_loss=1.72883009911
Iteration 23 of 100: loss=43.8909950256 object_loss=42.1621818542 distance_loss=1.7288120985
Iteration 24 of 100: loss=44.1206283569 object_loss=42.3921928406 distance_loss=1.72843682766
Iteration 25 of 100: loss=44.0939865112 object_loss=42.3658180237 distance_loss=1.72816777229
Iteration 26 of 100: loss=44.2575492859 object_loss=42.5295257568 distance_loss=1.72802329063
Iteration 27 of 100: loss=45.675453186 object_loss=43.9474334717 distance_loss=1.72802114487
Iteration 28 of 100: loss=45.4046401978 object_loss=43.6768455505 distance_loss=1.72779297829
Iteration 29 of 100: loss=46.7074394226 object_loss=44.9796447754 distance_loss=1.72779452801
Iteration 30 of 100: loss=47.5333023071 object_loss=45.8054161072 distance_loss=1.7278854847
Iteration 31 of 100: loss=47.2168121338 object_loss=45.4889030457 distance_loss=1.72790777683
Iteration 32 of 100: loss=47.844619751 object_loss=46.1174087524 distance_loss=1.72721147537
Iteration 33 of 100: loss=46.647644043 object_loss=44.9203834534 distance_loss=1.72726047039
Iteration 34 of 100: loss=46.3404083252 object_loss=44.6131324768 distance_loss=1.72727620602
Iteration 35 of 100: loss=48.4586219788 object_loss=46.7312088013 distance_loss=1.72741353512
Iteration 36 of 100: loss=48.669128418 object_loss=46.9415664673 distance_loss=1.72756373882
Iteration 37 of 100: loss=48.6092300415 object_loss=46.8814582825 distance_loss=1.72777366638
Iteration 38 of 100: loss=49.3720359802 object_loss=47.6439437866 distance_loss=1.72809040546
Iteration 39 of 100: loss=48.5798606873 object_loss=46.8514022827 distance_loss=1.72845888138
Iteration 40 of 100: loss=48.4857444763 object_loss=46.7570419312 distance_loss=1.72870397568
Iteration 41 of 100: loss=48.6513519287 object_loss=46.9225692749 distance_loss=1.72878086567
Iteration 42 of 100: loss=48.7560691833 object_loss=47.027130127 distance_loss=1.72893989086
Iteration 43 of 100: loss=48.7582321167 object_loss=47.0292205811 distance_loss=1.72900986671
Iteration 44 of 100: loss=48.8060646057 object_loss=47.0770263672 distance_loss=1.72903883457
Iteration 45 of 100: loss=47.6128044128 object_loss=45.8838272095 distance_loss=1.72897899151
Iteration 46 of 100: loss=49.8269958496 object_loss=48.098274231 distance_loss=1.72872316837
Iteration 47 of 100: loss=49.4932098389 object_loss=47.7649383545 distance_loss=1.72827160358
Iteration 48 of 100: loss=49.2686538696 object_loss=47.5409317017 distance_loss=1.72772324085
Iteration 49 of 100: loss=48.0571556091 object_loss=46.329788208 distance_loss=1.72736859322
Iteration 50 of 100: loss=48.0807228088 object_loss=46.3537826538 distance_loss=1.7269411087
Iteration 51 of 100: loss=47.1478691101 object_loss=45.4212226868 distance_loss=1.72664690018
Iteration 52 of 100: loss=45.6849327087 object_loss=43.9589653015 distance_loss=1.72596585751
Iteration 53 of 100: loss=45.5913581848 object_loss=43.8656082153 distance_loss=1.72574973106
Iteration 54 of 100: loss=45.3980865479 object_loss=43.672492981 distance_loss=1.72559309006
Iteration 55 of 100: loss=46.436920166 object_loss=44.7115249634 distance_loss=1.72539460659
Iteration 56 of 100: loss=45.1980018616 object_loss=43.4732055664 distance_loss=1.72479486465
Iteration 57 of 100: loss=43.8566474915 object_loss=42.1320838928 distance_loss=1.72456538677
Iteration 58 of 100: loss=42.330329895 object_loss=40.6059074402 distance_loss=1.72442209721
Iteration 59 of 100: loss=41.456993103 object_loss=39.7326774597 distance_loss=1.7243168354
Iteration 60 of 100: loss=43.7684669495 object_loss=42.0442733765 distance_loss=1.72419190407
Iteration 61 of 100: loss=44.5597419739 object_loss=42.8357467651 distance_loss=1.72399604321
Iteration 62 of 100: loss=44.5828361511 object_loss=42.8590965271 distance_loss=1.72374117374
Iteration 63 of 100: loss=45.84608078 object_loss=44.12241745 distance_loss=1.72366178036
Iteration 64 of 100: loss=46.6574211121 object_loss=44.9337615967 distance_loss=1.72366011143
Iteration 65 of 100: loss=45.3035011292 object_loss=43.5799064636 distance_loss=1.72359502316
Iteration 66 of 100: loss=45.7652435303 object_loss=44.0418434143 distance_loss=1.72339892387
Iteration 67 of 100: loss=46.3858375549 object_loss=44.6625061035 distance_loss=1.72333276272
Iteration 68 of 100: loss=46.1626358032 object_loss=44.4396362305 distance_loss=1.72299909592
Iteration 69 of 100: loss=46.389831543 object_loss=44.6664619446 distance_loss=1.72336804867
Iteration 70 of 100: loss=44.5291252136 object_loss=42.805480957 distance_loss=1.72364497185
Iteration 71 of 100: loss=42.7409934998 object_loss=41.0172271729 distance_loss=1.72376489639
Iteration 72 of 100: loss=44.3167610168 object_loss=42.5930213928 distance_loss=1.72373986244
Iteration 73 of 100: loss=46.043888092 object_loss=44.3199806213 distance_loss=1.7239074707
Iteration 74 of 100: loss=46.9421081543 object_loss=45.2179946899 distance_loss=1.72411370277
Iteration 75 of 100: loss=47.8463897705 object_loss=46.1221847534 distance_loss=1.72420549393
Iteration 76 of 100: loss=40.9650688171 object_loss=39.2407417297 distance_loss=1.72432863712
Iteration 77 of 100: loss=41.1712303162 object_loss=39.4468460083 distance_loss=1.7243834734
Iteration 78 of 100: loss=40.9022064209 object_loss=39.1774291992 distance_loss=1.72477686405
Iteration 79 of 100: loss=45.8378295898 object_loss=44.1126785278 distance_loss=1.72515201569
Iteration 80 of 100: loss=45.5098800659 object_loss=43.7847099304 distance_loss=1.72517001629
Iteration 81 of 100: loss=46.3147506714 object_loss=44.5894432068 distance_loss=1.72530817986
Iteration 82 of 100: loss=44.6644439697 object_loss=42.9390563965 distance_loss=1.72538816929
Iteration 83 of 100: loss=45.6060752869 object_loss=43.880569458 distance_loss=1.7255051136
Iteration 84 of 100: loss=45.1635284424 object_loss=43.4379768372 distance_loss=1.72555315495
Iteration 85 of 100: loss=46.3044319153 object_loss=44.5789718628 distance_loss=1.72546124458
Iteration 86 of 100: loss=46.1554832458 object_loss=44.4302406311 distance_loss=1.72524297237
Iteration 87 of 100: loss=44.8684196472 object_loss=43.1432800293 distance_loss=1.72513997555
Iteration 88 of 100: loss=43.164390564 object_loss=41.4396362305 distance_loss=1.72475600243
Iteration 89 of 100: loss=44.7564888 object_loss=43.0317344666 distance_loss=1.72475600243
Iteration 90 of 100: loss=45.2102203369 object_loss=43.4853477478 distance_loss=1.72487330437
Iteration 91 of 100: loss=44.0552711487 object_loss=42.3305854797 distance_loss=1.72468578815
Iteration 92 of 100: loss=45.1347389221 object_loss=43.4106216431 distance_loss=1.72411584854
Iteration 93 of 100: loss=44.4213218689 object_loss=42.6970329285 distance_loss=1.72429025173
Iteration 94 of 100: loss=45.2033882141 object_loss=43.4790115356 distance_loss=1.7243783474
Iteration 95 of 100: loss=44.4369163513 object_loss=42.7127914429 distance_loss=1.72412574291
Iteration 96 of 100: loss=44.6599807739 object_loss=42.9360733032 distance_loss=1.72390806675
Iteration 97 of 100: loss=45.8266296387 object_loss=44.1028442383 distance_loss=1.72378361225
Iteration 98 of 100: loss=45.6374282837 object_loss=43.9137954712 distance_loss=1.72363102436
Iteration 99 of 100: loss=43.852394104 object_loss=42.128742218 distance_loss=1.72365176678
Iteration 0 of 100: loss=45.8552322388 object_loss=44.1317062378 distance_loss=1.72352433205
Iteration 1 of 100: loss=46.7366256714 object_loss=45.0132827759 distance_loss=1.72334110737
Iteration 2 of 100: loss=42.8987579346 object_loss=41.1757392883 distance_loss=1.72301793098
Iteration 3 of 100: loss=45.0494041443 object_loss=43.3266334534 distance_loss=1.72276961803
Iteration 4 of 100: loss=42.7003669739 object_loss=40.9779129028 distance_loss=1.72245526314
Iteration 5 of 100: loss=40.9829483032 object_loss=39.2604904175 distance_loss=1.72245931625
Iteration 6 of 100: loss=44.4583816528 object_loss=42.7358093262 distance_loss=1.72257208824
Iteration 7 of 100: loss=40.3835144043 object_loss=38.6608810425 distance_loss=1.72263348103
Iteration 8 of 100: loss=45.2676277161 object_loss=43.5449295044 distance_loss=1.7226985693
Iteration 9 of 100: loss=43.3738708496 object_loss=41.6511802673 distance_loss=1.72269117832
Iteration 10 of 100: loss=42.3078689575 object_loss=40.5854072571 distance_loss=1.72246026993
Iteration 11 of 100: loss=46.031375885 object_loss=44.3088989258 distance_loss=1.72247695923
Iteration 12 of 100: loss=43.5174255371 object_loss=41.7953033447 distance_loss=1.72212290764
Iteration 13 of 100: loss=43.6041412354 object_loss=41.8820114136 distance_loss=1.72212934494
Iteration 14 of 100: loss=40.0482025146 object_loss=38.3262710571 distance_loss=1.7219312191
Iteration 15 of 100: loss=40.2721061707 object_loss=38.5503463745 distance_loss=1.72175908089
Iteration 16 of 100: loss=39.9574012756 object_loss=38.2360153198 distance_loss=1.72138738632
Iteration 17 of 100: loss=38.2656326294 object_loss=36.5442886353 distance_loss=1.72134482861
Iteration 18 of 100: loss=36.3627586365 object_loss=34.6415786743 distance_loss=1.72118103504
Iteration 19 of 100: loss=41.6950683594 object_loss=39.9740028381 distance_loss=1.7210662365
Iteration 20 of 100: loss=41.9136734009 object_loss=40.1926994324 distance_loss=1.72097504139
Iteration 21 of 100: loss=41.2469787598 object_loss=39.5260238647 distance_loss=1.72095441818
Iteration 22 of 100: loss=40.4433784485 object_loss=38.7223243713 distance_loss=1.72105252743
Iteration 23 of 100: loss=40.2214393616 object_loss=38.5001564026 distance_loss=1.72128379345
Iteration 24 of 100: loss=39.1537895203 object_loss=37.432510376 distance_loss=1.72127747536
Iteration 25 of 100: loss=40.4606246948 object_loss=38.7392082214 distance_loss=1.72141492367
Iteration 26 of 100: loss=40.8908424377 object_loss=39.1692390442 distance_loss=1.72160315514
Iteration 27 of 100: loss=39.3320350647 object_loss=37.6101913452 distance_loss=1.7218426466
Iteration 28 of 100: loss=38.7767448425 object_loss=37.0549240112 distance_loss=1.72181975842
Iteration 29 of 100: loss=40.8728981018 object_loss=39.1510009766 distance_loss=1.72189593315
Iteration 30 of 100: loss=43.0217704773 object_loss=41.2997512817 distance_loss=1.72201740742
Iteration 31 of 100: loss=44.3667488098 object_loss=42.6447410583 distance_loss=1.72200703621
Iteration 32 of 100: loss=43.3406867981 object_loss=41.6188621521 distance_loss=1.72182381153
Iteration 33 of 100: loss=43.549407959 object_loss=41.8274154663 distance_loss=1.72199440002
Iteration 34 of 100: loss=43.360332489 object_loss=41.6380462646 distance_loss=1.7222867012
Iteration 35 of 100: loss=41.2769165039 object_loss=39.5545768738 distance_loss=1.7223392725
Iteration 36 of 100: loss=43.4110984802 object_loss=41.6887588501 distance_loss=1.72233831882
Iteration 37 of 100: loss=42.0174179077 object_loss=40.2951507568 distance_loss=1.7222673893
Iteration 38 of 100: loss=39.3267631531 object_loss=37.604549408 distance_loss=1.72221231461
Iteration 39 of 100: loss=38.524017334 object_loss=36.8015861511 distance_loss=1.72242987156
Iteration 40 of 100: loss=40.3060798645 object_loss=38.5838394165 distance_loss=1.72223865986
Iteration 41 of 100: loss=37.6684265137 object_loss=35.9460983276 distance_loss=1.72232842445
Iteration 42 of 100: loss=38.2927856445 object_loss=36.5704574585 distance_loss=1.72232711315
Iteration 43 of 100: loss=36.3113021851 object_loss=34.588886261 distance_loss=1.72241449356
Iteration 44 of 100: loss=38.374332428 object_loss=36.6519165039 distance_loss=1.72241485119
Iteration 45 of 100: loss=41.7207756042 object_loss=39.9983253479 distance_loss=1.72245192528
Iteration 46 of 100: loss=40.7717094421 object_loss=39.0493621826 distance_loss=1.72234809399
Iteration 47 of 100: loss=38.9831085205 object_loss=37.2607955933 distance_loss=1.72231113911
Iteration 48 of 100: loss=39.1645545959 object_loss=37.4424781799 distance_loss=1.72207677364
Iteration 49 of 100: loss=36.9189987183 object_loss=35.1970977783 distance_loss=1.72190272808
Iteration 50 of 100: loss=38.2902908325 object_loss=36.56823349 distance_loss=1.72205877304
Iteration 51 of 100: loss=35.3973655701 object_loss=33.6752090454 distance_loss=1.72215688229
Iteration 52 of 100: loss=37.1048469543 object_loss=35.3832626343 distance_loss=1.72158432007
Iteration 53 of 100: loss=37.7278518677 object_loss=36.0061225891 distance_loss=1.72172772884
Iteration 54 of 100: loss=33.7189102173 object_loss=31.9970874786 distance_loss=1.72182226181
Iteration 55 of 100: loss=31.5571842194 object_loss=29.8353462219 distance_loss=1.72183716297
Iteration 56 of 100: loss=34.445766449 object_loss=32.724319458 distance_loss=1.72144567966
Iteration 57 of 100: loss=33.7476577759 object_loss=32.026222229 distance_loss=1.7214370966
Iteration 58 of 100: loss=35.3924865723 object_loss=33.6709518433 distance_loss=1.72153425217
Iteration 59 of 100: loss=39.2559738159 object_loss=37.5341148376 distance_loss=1.72186017036
Iteration 60 of 100: loss=41.3810081482 object_loss=39.658996582 distance_loss=1.7220133543
Iteration 61 of 100: loss=39.8220481873 object_loss=38.1001052856 distance_loss=1.72194325924
Iteration 62 of 100: loss=39.8492546082 object_loss=38.1270256042 distance_loss=1.72222733498
Iteration 63 of 100: loss=38.3192253113 object_loss=36.5970191956 distance_loss=1.72220623493
Iteration 64 of 100: loss=37.4953117371 object_loss=35.7733726501 distance_loss=1.72194039822
Iteration 65 of 100: loss=37.8141326904 object_loss=36.09217453 distance_loss=1.72195863724
Iteration 66 of 100: loss=37.2506370544 object_loss=35.5285568237 distance_loss=1.72207999229
Iteration 67 of 100: loss=36.6697311401 object_loss=34.9476737976 distance_loss=1.72205865383
Iteration 68 of 100: loss=36.8164291382 object_loss=35.0944252014 distance_loss=1.72200405598
Iteration 69 of 100: loss=36.3193244934 object_loss=34.5973587036 distance_loss=1.72196602821
Iteration 70 of 100: loss=36.7810707092 object_loss=35.0591697693 distance_loss=1.72190177441
Iteration 71 of 100: loss=35.6780853271 object_loss=33.9561233521 distance_loss=1.7219632864
Iteration 72 of 100: loss=31.1142482758 object_loss=29.3924598694 distance_loss=1.72178840637
Iteration 73 of 100: loss=35.0278892517 object_loss=33.3058700562 distance_loss=1.72201943398
Iteration 74 of 100: loss=40.9832878113 object_loss=39.2614173889 distance_loss=1.72186887264
Iteration 75 of 100: loss=37.8062973022 object_loss=36.084651947 distance_loss=1.72164559364
Iteration 76 of 100: loss=38.5886497498 object_loss=36.8674278259 distance_loss=1.72122108936
Iteration 77 of 100: loss=37.9890632629 object_loss=36.2676925659 distance_loss=1.72137224674
Iteration 78 of 100: loss=39.3692932129 object_loss=37.6479759216 distance_loss=1.72131586075
Iteration 79 of 100: loss=40.1664085388 object_loss=38.4449996948 distance_loss=1.72140789032
Iteration 80 of 100: loss=43.8173408508 object_loss=42.0958595276 distance_loss=1.72147989273
Iteration 81 of 100: loss=43.5942230225 object_loss=41.8728370667 distance_loss=1.72138428688
Iteration 82 of 100: loss=46.6579971313 object_loss=44.936756134 distance_loss=1.72124052048
Iteration 83 of 100: loss=44.8253097534 object_loss=43.1040077209 distance_loss=1.72130227089
Iteration 84 of 100: loss=45.1233062744 object_loss=43.401889801 distance_loss=1.72141480446
Iteration 85 of 100: loss=42.1609725952 object_loss=40.4396438599 distance_loss=1.7213293314
Iteration 86 of 100: loss=42.6321220398 object_loss=40.9107627869 distance_loss=1.72135972977
Iteration 87 of 100: loss=41.4724235535 object_loss=39.7511825562 distance_loss=1.72124111652
Iteration 88 of 100: loss=41.2537536621 object_loss=39.5326957703 distance_loss=1.72105646133
Iteration 89 of 100: loss=41.8790168762 object_loss=40.157913208 distance_loss=1.72110402584
Iteration 90 of 100: loss=40.210018158 object_loss=38.4890518188 distance_loss=1.7209649086
Iteration 91 of 100: loss=38.5471229553 object_loss=36.8263893127 distance_loss=1.72073340416
Iteration 92 of 100: loss=40.2023086548 object_loss=38.4820365906 distance_loss=1.72027051449
Iteration 93 of 100: loss=40.5990333557 object_loss=38.8788909912 distance_loss=1.72014057636
Iteration 94 of 100: loss=41.3238677979 object_loss=39.6036071777 distance_loss=1.72025966644
Iteration 95 of 100: loss=41.735168457 object_loss=40.0147285461 distance_loss=1.72044074535
Iteration 96 of 100: loss=41.7773666382 object_loss=40.0573692322 distance_loss=1.71999800205
Iteration 97 of 100: loss=43.4394874573 object_loss=41.719581604 distance_loss=1.71990478039
Iteration 98 of 100: loss=43.4468383789 object_loss=41.7269134521 distance_loss=1.71992480755
Iteration 99 of 100: loss=41.5028800964 object_loss=39.7829399109 distance_loss=1.71994006634
Iteration 0 of 100: loss=40.1548233032 object_loss=38.4351806641 distance_loss=1.71964108944
Iteration 1 of 100: loss=43.6012840271 object_loss=41.8817520142 distance_loss=1.71953320503
Iteration 2 of 100: loss=43.9108047485 object_loss=42.1913299561 distance_loss=1.71947479248
Iteration 3 of 100: loss=43.5971755981 object_loss=41.877746582 distance_loss=1.71942746639
Iteration 4 of 100: loss=42.2909469604 object_loss=40.5714187622 distance_loss=1.71952962875
Iteration 5 of 100: loss=42.1576423645 object_loss=40.4378814697 distance_loss=1.7197612524
Iteration 6 of 100: loss=46.0886688232 object_loss=44.3686943054 distance_loss=1.71997344494
Iteration 7 of 100: loss=44.5953979492 object_loss=42.8753433228 distance_loss=1.72005403042
Iteration 8 of 100: loss=45.4619636536 object_loss=43.7420463562 distance_loss=1.71991705894
Iteration 9 of 100: loss=40.7074508667 object_loss=38.9876327515 distance_loss=1.71981942654
Iteration 10 of 100: loss=40.9686126709 object_loss=39.2491378784 distance_loss=1.71947550774
Iteration 11 of 100: loss=45.9942207336 object_loss=44.2749176025 distance_loss=1.71930491924
Iteration 12 of 100: loss=41.5222969055 object_loss=39.8035392761 distance_loss=1.71875798702
Iteration 13 of 100: loss=43.2738418579 object_loss=41.5553817749 distance_loss=1.71846020222
Iteration 14 of 100: loss=44.7412796021 object_loss=43.0231399536 distance_loss=1.71814012527
Iteration 15 of 100: loss=45.4141082764 object_loss=43.6962928772 distance_loss=1.71781647205
Iteration 16 of 100: loss=46.8432769775 object_loss=45.125957489 distance_loss=1.71731877327
Iteration 17 of 100: loss=41.671710968 object_loss=39.9549026489 distance_loss=1.71680951118
Iteration 18 of 100: loss=39.9689941406 object_loss=38.2525215149 distance_loss=1.71647405624
Iteration 19 of 100: loss=43.6553344727 object_loss=41.9391365051 distance_loss=1.71619904041
Iteration 20 of 100: loss=43.8927574158 object_loss=42.1766929626 distance_loss=1.71606588364
Iteration 21 of 100: loss=41.3993835449 object_loss=39.6835212708 distance_loss=1.71586048603
Iteration 22 of 100: loss=43.2015190125 object_loss=41.485710144 distance_loss=1.71580994129
Iteration 23 of 100: loss=45.2849464417 object_loss=43.5691070557 distance_loss=1.71584093571
Iteration 24 of 100: loss=45.5855445862 object_loss=43.8702049255 distance_loss=1.71534097195
Iteration 25 of 100: loss=41.4552612305 object_loss=39.7401885986 distance_loss=1.71507191658
Iteration 26 of 100: loss=41.1127700806 object_loss=39.3978271484 distance_loss=1.71494317055
Iteration 27 of 100: loss=41.5240821838 object_loss=39.8094329834 distance_loss=1.71464776993
Iteration 28 of 100: loss=43.7406692505 object_loss=42.0261878967 distance_loss=1.71447944641
Iteration 29 of 100: loss=42.8688621521 object_loss=41.1542510986 distance_loss=1.71460974216
Iteration 30 of 100: loss=41.6988258362 object_loss=39.9844589233 distance_loss=1.71436703205
Iteration 31 of 100: loss=41.8233299255 object_loss=40.1090621948 distance_loss=1.71426641941
Iteration 32 of 100: loss=39.0737876892 object_loss=37.359916687 distance_loss=1.71387147903
Iteration 33 of 100: loss=37.844581604 object_loss=36.1308479309 distance_loss=1.71373307705
Iteration 34 of 100: loss=38.8706436157 object_loss=37.1568946838 distance_loss=1.71375012398
Iteration 35 of 100: loss=39.978099823 object_loss=38.2644462585 distance_loss=1.7136528492
Iteration 36 of 100: loss=38.6011238098 object_loss=36.8878479004 distance_loss=1.71327733994
Iteration 37 of 100: loss=37.0161361694 object_loss=35.3028678894 distance_loss=1.71326971054
Iteration 38 of 100: loss=37.7206001282 object_loss=36.0073471069 distance_loss=1.7132537365
Iteration 39 of 100: loss=35.3426628113 object_loss=33.6293449402 distance_loss=1.71331679821
Iteration 40 of 100: loss=36.1012153625 object_loss=34.3876304626 distance_loss=1.71358311176
Iteration 41 of 100: loss=38.2342643738 object_loss=36.5207138062 distance_loss=1.71355104446
Iteration 42 of 100: loss=38.6681861877 object_loss=36.9549446106 distance_loss=1.71324181557
Iteration 43 of 100: loss=43.9929084778 object_loss=42.2796707153 distance_loss=1.7132371664
Iteration 44 of 100: loss=44.0108718872 object_loss=42.297504425 distance_loss=1.71336829662
Iteration 45 of 100: loss=40.6114082336 object_loss=38.8983879089 distance_loss=1.7130190134
Iteration 46 of 100: loss=38.8038978577 object_loss=37.0909805298 distance_loss=1.7129175663
Iteration 47 of 100: loss=38.1891212463 object_loss=36.4763717651 distance_loss=1.71275043488
Iteration 48 of 100: loss=38.0787506104 object_loss=36.3663978577 distance_loss=1.71235358715
Iteration 49 of 100: loss=37.2400665283 object_loss=35.5276412964 distance_loss=1.71242642403
Iteration 50 of 100: loss=40.3997955322 object_loss=38.687210083 distance_loss=1.71258723736
Iteration 51 of 100: loss=39.7056045532 object_loss=37.9930381775 distance_loss=1.71256566048
Iteration 52 of 100: loss=38.032245636 object_loss=36.3199234009 distance_loss=1.7123208046
Iteration 53 of 100: loss=38.8245849609 object_loss=37.1121368408 distance_loss=1.71244633198
Iteration 54 of 100: loss=39.3511199951 object_loss=37.6387939453 distance_loss=1.71232414246
Iteration 55 of 100: loss=39.1878128052 object_loss=37.4755859375 distance_loss=1.71222770214
Iteration 56 of 100: loss=39.9624786377 object_loss=38.2505111694 distance_loss=1.71196877956
Iteration 57 of 100: loss=39.0719833374 object_loss=37.3602180481 distance_loss=1.71176445484
Iteration 58 of 100: loss=38.3853569031 object_loss=36.673664093 distance_loss=1.71169233322
Iteration 59 of 100: loss=37.95287323 object_loss=36.241268158 distance_loss=1.71160447598
Iteration 60 of 100: loss=37.9203453064 object_loss=36.2090454102 distance_loss=1.71129918098
Iteration 61 of 100: loss=38.6942520142 object_loss=36.9830513 distance_loss=1.71120047569
Iteration 62 of 100: loss=40.026309967 object_loss=38.3152885437 distance_loss=1.71102082729
Iteration 63 of 100: loss=39.1194992065 object_loss=37.4085426331 distance_loss=1.71095466614
Iteration 64 of 100: loss=39.5563774109 object_loss=37.8456726074 distance_loss=1.71070480347
Iteration 65 of 100: loss=38.4191513062 object_loss=36.7086677551 distance_loss=1.71048521996
Iteration 66 of 100: loss=39.315071106 object_loss=37.6048278809 distance_loss=1.71024274826
Iteration 67 of 100: loss=39.990032196 object_loss=38.2798538208 distance_loss=1.71017742157
Iteration 68 of 100: loss=38.4663467407 object_loss=36.756149292 distance_loss=1.71019816399
Iteration 69 of 100: loss=39.6777687073 object_loss=37.9675445557 distance_loss=1.7102227211
Iteration 70 of 100: loss=38.5786094666 object_loss=36.8681411743 distance_loss=1.71046686172
Iteration 71 of 100: loss=38.3906593323 object_loss=36.6800994873 distance_loss=1.71056067944
Iteration 72 of 100: loss=38.4321327209 object_loss=36.7219009399 distance_loss=1.71023154259
Iteration 73 of 100: loss=40.0169525146 object_loss=38.3064689636 distance_loss=1.71048247814
Iteration 74 of 100: loss=39.0305137634 object_loss=37.3196563721 distance_loss=1.71085786819
Iteration 75 of 100: loss=40.3255157471 object_loss=38.6145019531 distance_loss=1.71101331711
Iteration 76 of 100: loss=40.9524497986 object_loss=39.2415237427 distance_loss=1.71092736721
Iteration 77 of 100: loss=35.536441803 object_loss=33.825428009 distance_loss=1.71101284027
Iteration 78 of 100: loss=39.5732116699 object_loss=37.8623008728 distance_loss=1.71091234684
Iteration 79 of 100: loss=35.8988380432 object_loss=34.1878585815 distance_loss=1.71097815037
Iteration 80 of 100: loss=38.4702415466 object_loss=36.7593078613 distance_loss=1.71093475819
Iteration 81 of 100: loss=38.1844825745 object_loss=36.4737014771 distance_loss=1.71078121662
Iteration 82 of 100: loss=38.6424598694 object_loss=36.9315986633 distance_loss=1.71086204052
Iteration 83 of 100: loss=37.8139038086 object_loss=36.102596283 distance_loss=1.71130812168
Iteration 84 of 100: loss=38.75050354 object_loss=37.0390701294 distance_loss=1.71143424511
Iteration 85 of 100: loss=37.2686004639 object_loss=35.5567817688 distance_loss=1.71181726456
Iteration 86 of 100: loss=41.6965103149 object_loss=39.9846305847 distance_loss=1.71187925339
Iteration 87 of 100: loss=40.3825454712 object_loss=38.6707344055 distance_loss=1.71180987358
Iteration 88 of 100: loss=40.4024620056 object_loss=38.6906890869 distance_loss=1.71177136898
Iteration 89 of 100: loss=42.142742157 object_loss=40.4309959412 distance_loss=1.71174800396
Iteration 90 of 100: loss=40.0942001343 object_loss=38.3824539185 distance_loss=1.71174430847
Iteration 91 of 100: loss=39.9862098694 object_loss=38.2744979858 distance_loss=1.71171188354
Iteration 92 of 100: loss=40.289604187 object_loss=38.5780944824 distance_loss=1.71150887012
Iteration 93 of 100: loss=40.575340271 object_loss=38.8638000488 distance_loss=1.71153891087
Iteration 94 of 100: loss=39.3425521851 object_loss=37.6310882568 distance_loss=1.71146523952
Iteration 95 of 100: loss=39.1909408569 object_loss=37.4796600342 distance_loss=1.71128225327
Iteration 96 of 100: loss=42.7195472717 object_loss=41.0088005066 distance_loss=1.71074569225
Iteration 97 of 100: loss=40.5610961914 object_loss=38.8506088257 distance_loss=1.71048557758
Iteration 98 of 100: loss=39.3408622742 object_loss=37.630645752 distance_loss=1.71021831036
Iteration 99 of 100: loss=38.9990997314 object_loss=37.2891769409 distance_loss=1.70992136002
Iteration 0 of 100: loss=41.0100517273 object_loss=39.3003578186 distance_loss=1.70969438553
Iteration 1 of 100: loss=41.8359870911 object_loss=40.1262054443 distance_loss=1.70978164673
Iteration 2 of 100: loss=43.3384094238 object_loss=41.6284217834 distance_loss=1.70998585224
Iteration 3 of 100: loss=39.1960678101 object_loss=37.4860458374 distance_loss=1.71002161503
Iteration 4 of 100: loss=37.1411056519 object_loss=35.4311828613 distance_loss=1.7099211216
Iteration 5 of 100: loss=36.6025886536 object_loss=34.8929214478 distance_loss=1.70966815948
Iteration 6 of 100: loss=36.0594406128 object_loss=34.3498153687 distance_loss=1.709623456
Iteration 7 of 100: loss=38.6619033813 object_loss=36.9522285461 distance_loss=1.70967614651
Iteration 8 of 100: loss=36.3410186768 object_loss=34.6317138672 distance_loss=1.70930337906
Iteration 9 of 100: loss=34.4078826904 object_loss=32.6984062195 distance_loss=1.70947527885
Iteration 10 of 100: loss=36.1080245972 object_loss=34.3984909058 distance_loss=1.70953536034
Iteration 11 of 100: loss=37.3544464111 object_loss=35.6455383301 distance_loss=1.7089073658
Iteration 12 of 100: loss=36.3113098145 object_loss=34.6031417847 distance_loss=1.70816624165
Iteration 13 of 100: loss=39.271320343 object_loss=37.5633354187 distance_loss=1.70798504353
Iteration 14 of 100: loss=40.1749382019 object_loss=38.4672317505 distance_loss=1.70770573616
Iteration 15 of 100: loss=39.2560653687 object_loss=37.5485687256 distance_loss=1.707498312
Iteration 16 of 100: loss=38.6501312256 object_loss=36.9429321289 distance_loss=1.70719909668
Iteration 17 of 100: loss=40.5175628662 object_loss=38.810634613 distance_loss=1.70692634583
Iteration 18 of 100: loss=39.7521972656 object_loss=38.0453605652 distance_loss=1.70683681965
Iteration 19 of 100: loss=41.7790679932 object_loss=40.0720443726 distance_loss=1.7070235014
Iteration 20 of 100: loss=39.0189094543 object_loss=37.3119049072 distance_loss=1.70700609684
Iteration 21 of 100: loss=36.4251861572 object_loss=34.7179489136 distance_loss=1.70723712444
Iteration 22 of 100: loss=36.8385162354 object_loss=35.1311302185 distance_loss=1.70738732815
Iteration 23 of 100: loss=39.6850738525 object_loss=37.9773521423 distance_loss=1.7077203989
Iteration 24 of 100: loss=39.2880325317 object_loss=37.5799942017 distance_loss=1.70803678036
Iteration 25 of 100: loss=39.3851242065 object_loss=37.6771965027 distance_loss=1.70792782307
Iteration 26 of 100: loss=39.1958503723 object_loss=37.4879074097 distance_loss=1.70794332027
Iteration 27 of 100: loss=40.0893211365 object_loss=38.381313324 distance_loss=1.70800888538
Iteration 28 of 100: loss=39.3627319336 object_loss=37.6547775269 distance_loss=1.70795404911
Iteration 29 of 100: loss=40.0015068054 object_loss=38.2939147949 distance_loss=1.70759284496
Iteration 30 of 100: loss=38.6506729126 object_loss=36.9430923462 distance_loss=1.70758235455
Iteration 31 of 100: loss=37.7478294373 object_loss=36.0403404236 distance_loss=1.70748841763
Iteration 32 of 100: loss=40.2207870483 object_loss=38.513835907 distance_loss=1.70695078373
Iteration 33 of 100: loss=44.5297203064 object_loss=42.822845459 distance_loss=1.70687615871
Iteration 34 of 100: loss=44.0679321289 object_loss=42.3611335754 distance_loss=1.70679950714
Iteration 35 of 100: loss=44.0675926208 object_loss=42.3607902527 distance_loss=1.7068015337
Iteration 36 of 100: loss=46.0945358276 object_loss=44.3879318237 distance_loss=1.70660483837
Iteration 37 of 100: loss=42.7944374084 object_loss=41.0877380371 distance_loss=1.70669782162
Iteration 38 of 100: loss=42.5536308289 object_loss=40.8467330933 distance_loss=1.70689713955
Iteration 39 of 100: loss=42.9266166687 object_loss=41.2192306519 distance_loss=1.70738565922
Iteration 40 of 100: loss=41.0184898376 object_loss=39.3110046387 distance_loss=1.70748341084
Iteration 41 of 100: loss=43.9815597534 object_loss=42.273815155 distance_loss=1.70774507523
Iteration 42 of 100: loss=43.3687286377 object_loss=41.6606216431 distance_loss=1.70810556412
Iteration 43 of 100: loss=40.7452087402 object_loss=39.0367965698 distance_loss=1.70841062069
Iteration 44 of 100: loss=36.5596046448 object_loss=34.8510627747 distance_loss=1.70854103565
Iteration 45 of 100: loss=38.6860847473 object_loss=36.9772491455 distance_loss=1.70883584023
Iteration 46 of 100: loss=39.0035896301 object_loss=37.294418335 distance_loss=1.70917022228
Iteration 47 of 100: loss=34.8504562378 object_loss=33.1411018372 distance_loss=1.70935630798
Iteration 48 of 100: loss=43.0796737671 object_loss=41.3703651428 distance_loss=1.70930767059
Iteration 49 of 100: loss=42.5004615784 object_loss=40.7908058167 distance_loss=1.70965480804
Iteration 50 of 100: loss=44.2748069763 object_loss=42.5649375916 distance_loss=1.70986771584
Iteration 51 of 100: loss=43.4012374878 object_loss=41.6909408569 distance_loss=1.71029829979
Iteration 52 of 100: loss=41.8512001038 object_loss=40.1408233643 distance_loss=1.71037840843
Iteration 53 of 100: loss=46.3657493591 object_loss=44.6549072266 distance_loss=1.71084284782
Iteration 54 of 100: loss=45.8873634338 object_loss=44.1761894226 distance_loss=1.71117508411
Iteration 55 of 100: loss=43.695690155 object_loss=41.9843711853 distance_loss=1.71131789684
Iteration 56 of 100: loss=45.6885681152 object_loss=43.977306366 distance_loss=1.71126198769
Iteration 57 of 100: loss=46.7946929932 object_loss=45.0831871033 distance_loss=1.71150577068
Iteration 58 of 100: loss=46.9879455566 object_loss=45.2760620117 distance_loss=1.71188259125
Iteration 59 of 100: loss=46.0076904297 object_loss=44.2955284119 distance_loss=1.71216213703
Iteration 60 of 100: loss=45.2496376038 object_loss=43.5369911194 distance_loss=1.71264660358
Iteration 61 of 100: loss=44.9797058105 object_loss=43.2667388916 distance_loss=1.71296870708
Iteration 62 of 100: loss=44.8968696594 object_loss=43.1837234497 distance_loss=1.71314740181
Iteration 63 of 100: loss=44.1130256653 object_loss=42.3995246887 distance_loss=1.71350169182
Iteration 64 of 100: loss=43.200252533 object_loss=41.486366272 distance_loss=1.71388483047
Iteration 65 of 100: loss=37.8794822693 object_loss=36.1651077271 distance_loss=1.71437430382
Iteration 66 of 100: loss=37.1187400818 object_loss=35.4042205811 distance_loss=1.71451830864
Iteration 67 of 100: loss=39.9487228394 object_loss=38.2340965271 distance_loss=1.71462571621
Iteration 68 of 100: loss=38.3805923462 object_loss=36.6660385132 distance_loss=1.71455550194
Iteration 69 of 100: loss=37.5507240295 object_loss=35.8359375 distance_loss=1.71478557587
Iteration 70 of 100: loss=42.0331497192 object_loss=40.3181495667 distance_loss=1.71500074863
Iteration 71 of 100: loss=40.5336112976 object_loss=38.8189353943 distance_loss=1.71467578411
Iteration 72 of 100: loss=37.9699707031 object_loss=36.255821228 distance_loss=1.71414875984
Iteration 73 of 100: loss=36.4223709106 object_loss=34.7080039978 distance_loss=1.71436536312
Iteration 74 of 100: loss=35.0324211121 object_loss=33.318321228 distance_loss=1.7140982151
Iteration 75 of 100: loss=34.9531097412 object_loss=33.2390823364 distance_loss=1.71402871609
Iteration 76 of 100: loss=38.0063362122 object_loss=36.2925949097 distance_loss=1.71374034882
Iteration 77 of 100: loss=36.8620796204 object_loss=35.1484909058 distance_loss=1.71358942986
Iteration 78 of 100: loss=36.9225997925 object_loss=35.2089004517 distance_loss=1.71369826794
Iteration 79 of 100: loss=36.5856323242 object_loss=34.8719825745 distance_loss=1.71364986897
Iteration 80 of 100: loss=37.7685585022 object_loss=36.0552444458 distance_loss=1.71331226826
Iteration 81 of 100: loss=42.1370048523 object_loss=40.4241752625 distance_loss=1.71282911301
Iteration 82 of 100: loss=41.528175354 object_loss=39.8154411316 distance_loss=1.71273434162
Iteration 83 of 100: loss=44.2085113525 object_loss=42.496055603 distance_loss=1.71245503426
Iteration 84 of 100: loss=43.083278656 object_loss=41.3710479736 distance_loss=1.71223139763
Iteration 85 of 100: loss=44.3204879761 object_loss=42.6084518433 distance_loss=1.71203446388
Iteration 86 of 100: loss=43.0189666748 object_loss=41.3069419861 distance_loss=1.71202349663
Iteration 87 of 100: loss=43.4698524475 object_loss=41.7578353882 distance_loss=1.71201562881
Iteration 88 of 100: loss=46.2257537842 object_loss=44.5138320923 distance_loss=1.71192133427
Iteration 89 of 100: loss=42.8309898376 object_loss=41.1190757751 distance_loss=1.71191370487
Iteration 90 of 100: loss=46.7872848511 object_loss=45.0753288269 distance_loss=1.71195566654
Iteration 91 of 100: loss=44.7998847961 object_loss=43.0877151489 distance_loss=1.71216869354
Iteration 92 of 100: loss=41.8716697693 object_loss=40.160030365 distance_loss=1.71164000034
Iteration 93 of 100: loss=40.5838394165 object_loss=38.8719787598 distance_loss=1.71186125278
Iteration 94 of 100: loss=40.9521255493 object_loss=39.2402381897 distance_loss=1.71188831329
Iteration 95 of 100: loss=40.5969276428 object_loss=38.8851013184 distance_loss=1.71182644367
Iteration 96 of 100: loss=39.8622741699 object_loss=38.1502151489 distance_loss=1.71205985546
Iteration 97 of 100: loss=39.0829849243 object_loss=37.3705978394 distance_loss=1.7123862505
Iteration 98 of 100: loss=38.8853912354 object_loss=37.1730384827 distance_loss=1.71235191822
Iteration 99 of 100: loss=38.9475440979 object_loss=37.2350502014 distance_loss=1.71249258518
Iteration 0 of 100: loss=39.7345085144 object_loss=38.0218200684 distance_loss=1.71269011497
Iteration 1 of 100: loss=41.294921875 object_loss=39.5823631287 distance_loss=1.71255719662
Iteration 2 of 100: loss=41.8545684814 object_loss=40.1416015625 distance_loss=1.71296560764
Iteration 3 of 100: loss=41.9700393677 object_loss=40.2566757202 distance_loss=1.71336519718
Iteration 4 of 100: loss=40.7282180786 object_loss=39.0147247314 distance_loss=1.71349465847
Iteration 5 of 100: loss=40.7228393555 object_loss=39.0090370178 distance_loss=1.71380341053
Iteration 6 of 100: loss=36.1559715271 object_loss=34.4422912598 distance_loss=1.71368122101
Iteration 7 of 100: loss=36.7559280396 object_loss=35.0423583984 distance_loss=1.713570714
Iteration 8 of 100: loss=37.8043556213 object_loss=36.0908813477 distance_loss=1.71347427368
Iteration 9 of 100: loss=36.7444343567 object_loss=35.0310287476 distance_loss=1.71340668201
Iteration 10 of 100: loss=36.8620986938 object_loss=35.1486778259 distance_loss=1.71342027187
Iteration 11 of 100: loss=37.8686523438 object_loss=36.1550254822 distance_loss=1.71362578869
Iteration 12 of 100: loss=37.4209289551 object_loss=35.7076530457 distance_loss=1.71327471733
Iteration 13 of 100: loss=39.3458137512 object_loss=37.6325149536 distance_loss=1.71330022812
Iteration 14 of 100: loss=37.6113815308 object_loss=35.8979949951 distance_loss=1.71338486671
Iteration 15 of 100: loss=37.7214164734 object_loss=36.0081787109 distance_loss=1.71323668957
Iteration 16 of 100: loss=38.6025390625 object_loss=36.8899269104 distance_loss=1.71261060238
Iteration 17 of 100: loss=36.523059845 object_loss=34.8108520508 distance_loss=1.71220898628
Iteration 18 of 100: loss=34.905330658 object_loss=33.1933326721 distance_loss=1.71199846268
Iteration 19 of 100: loss=36.4426689148 object_loss=34.7306480408 distance_loss=1.71202242374
Iteration 20 of 100: loss=35.012172699 object_loss=33.3003158569 distance_loss=1.71185827255
Iteration 21 of 100: loss=33.512928009 object_loss=31.8013763428 distance_loss=1.71154987812
Iteration 22 of 100: loss=33.3429718018 object_loss=31.6316585541 distance_loss=1.71131193638
Iteration 23 of 100: loss=35.8704948425 object_loss=34.1592597961 distance_loss=1.71123385429
Iteration 24 of 100: loss=36.063041687 object_loss=34.3519020081 distance_loss=1.71114039421
Iteration 25 of 100: loss=36.1726989746 object_loss=34.4614753723 distance_loss=1.71122181416
Iteration 26 of 100: loss=37.0087394714 object_loss=35.2975311279 distance_loss=1.71120941639
Iteration 27 of 100: loss=38.7896766663 object_loss=37.0784263611 distance_loss=1.71124863625
Iteration 28 of 100: loss=36.256401062 object_loss=34.5451507568 distance_loss=1.71125018597
Iteration 29 of 100: loss=34.565776825 object_loss=32.8541183472 distance_loss=1.71166014671
Iteration 30 of 100: loss=37.6635627747 object_loss=35.9516868591 distance_loss=1.71187758446
Iteration 31 of 100: loss=38.4858856201 object_loss=36.7737579346 distance_loss=1.71212756634
Iteration 32 of 100: loss=39.4522132874 object_loss=37.740146637 distance_loss=1.71206820011
Iteration 33 of 100: loss=37.5894546509 object_loss=35.8771781921 distance_loss=1.71227610111
Iteration 34 of 100: loss=38.5059661865 object_loss=36.7937507629 distance_loss=1.71221709251
Iteration 35 of 100: loss=37.0064735413 object_loss=35.2942504883 distance_loss=1.71222400665
Iteration 36 of 100: loss=31.6019935608 object_loss=29.8897380829 distance_loss=1.71225476265
Iteration 37 of 100: loss=32.7273139954 object_loss=31.014957428 distance_loss=1.71235728264
Iteration 38 of 100: loss=31.6175422668 object_loss=29.9050655365 distance_loss=1.71247637272
Iteration 39 of 100: loss=30.7009716034 object_loss=28.9884204865 distance_loss=1.71255111694
Iteration 40 of 100: loss=30.9237194061 object_loss=29.2110748291 distance_loss=1.71264410019
Iteration 41 of 100: loss=33.908996582 object_loss=32.1961212158 distance_loss=1.71287572384
Iteration 42 of 100: loss=34.5016441345 object_loss=32.7886581421 distance_loss=1.71298718452
Iteration 43 of 100: loss=34.5970344543 object_loss=32.8839530945 distance_loss=1.71307992935
Iteration 44 of 100: loss=36.0190582275 object_loss=34.3057861328 distance_loss=1.71327340603
Iteration 45 of 100: loss=37.4141197205 object_loss=35.700504303 distance_loss=1.71361660957
Iteration 46 of 100: loss=40.6352958679 object_loss=38.9213256836 distance_loss=1.71397161484
Iteration 47 of 100: loss=38.6437721252 object_loss=36.9294013977 distance_loss=1.71436989307
Iteration 48 of 100: loss=37.4948501587 object_loss=35.7802581787 distance_loss=1.71459174156
Iteration 49 of 100: loss=36.9990615845 object_loss=35.2840652466 distance_loss=1.71499717236
Iteration 50 of 100: loss=37.5301017761 object_loss=35.8146514893 distance_loss=1.71545112133
Iteration 51 of 100: loss=37.9806365967 object_loss=36.265007019 distance_loss=1.71562981606
Iteration 52 of 100: loss=37.7517280579 object_loss=36.0366516113 distance_loss=1.71507632732
Iteration 53 of 100: loss=38.4398002625 object_loss=36.7245178223 distance_loss=1.71528124809
Iteration 54 of 100: loss=38.4991455078 object_loss=36.7837600708 distance_loss=1.71538591385
Iteration 55 of 100: loss=37.2301673889 object_loss=35.5149002075 distance_loss=1.71526825428
Iteration 56 of 100: loss=37.6312904358 object_loss=35.9162750244 distance_loss=1.715015769
Iteration 57 of 100: loss=36.1659317017 object_loss=34.4510688782 distance_loss=1.71486365795
Iteration 58 of 100: loss=36.8835296631 object_loss=35.1685943604 distance_loss=1.71493530273
Iteration 59 of 100: loss=36.5804519653 object_loss=34.8654174805 distance_loss=1.7150349617
Iteration 60 of 100: loss=34.6448822021 object_loss=32.9297790527 distance_loss=1.71510314941
Iteration 61 of 100: loss=35.5124740601 object_loss=33.7975349426 distance_loss=1.7149399519
Iteration 62 of 100: loss=36.2085762024 object_loss=34.4933853149 distance_loss=1.71519041061
Iteration 63 of 100: loss=36.2146568298 object_loss=34.498966217 distance_loss=1.7156894207
Iteration 64 of 100: loss=36.6561470032 object_loss=34.9402656555 distance_loss=1.71588134766
Iteration 65 of 100: loss=37.2946434021 object_loss=35.5785331726 distance_loss=1.71610891819
Iteration 66 of 100: loss=37.3621063232 object_loss=35.6458511353 distance_loss=1.71625709534
Iteration 67 of 100: loss=36.5136566162 object_loss=34.7972297668 distance_loss=1.7164286375
Iteration 68 of 100: loss=39.2751350403 object_loss=37.5585212708 distance_loss=1.71661436558
Iteration 69 of 100: loss=39.4209289551 object_loss=37.7042198181 distance_loss=1.71671032906
Iteration 70 of 100: loss=38.9666137695 object_loss=37.249912262 distance_loss=1.71670341492
Iteration 71 of 100: loss=39.3183403015 object_loss=37.601650238 distance_loss=1.71668899059
Iteration 72 of 100: loss=40.2410392761 object_loss=38.5245513916 distance_loss=1.71648895741
Iteration 73 of 100: loss=38.9373168945 object_loss=37.2208061218 distance_loss=1.7165094614
Iteration 74 of 100: loss=39.5932922363 object_loss=37.8767127991 distance_loss=1.71657752991
Iteration 75 of 100: loss=40.3923416138 object_loss=38.6757354736 distance_loss=1.71660804749
Iteration 76 of 100: loss=38.9596595764 object_loss=37.2435188293 distance_loss=1.71614027023
Iteration 77 of 100: loss=37.9590759277 object_loss=36.2431983948 distance_loss=1.71587860584
Iteration 78 of 100: loss=39.2542419434 object_loss=37.5383720398 distance_loss=1.7158716917
Iteration 79 of 100: loss=39.9600944519 object_loss=38.2444419861 distance_loss=1.71565270424
Iteration 80 of 100: loss=39.1727256775 object_loss=37.4569740295 distance_loss=1.71575272083
Iteration 81 of 100: loss=40.1051330566 object_loss=38.3892440796 distance_loss=1.71588945389
Iteration 82 of 100: loss=39.6688461304 object_loss=37.953037262 distance_loss=1.71581053734
Iteration 83 of 100: loss=38.4186439514 object_loss=36.7026405334 distance_loss=1.71600317955
Iteration 84 of 100: loss=37.8190078735 object_loss=36.1030158997 distance_loss=1.71599316597
Iteration 85 of 100: loss=38.4564552307 object_loss=36.7402954102 distance_loss=1.71615898609
Iteration 86 of 100: loss=38.9336471558 object_loss=37.2171669006 distance_loss=1.71648156643
Iteration 87 of 100: loss=39.7862014771 object_loss=38.0697135925 distance_loss=1.71648979187
Iteration 88 of 100: loss=39.5995101929 object_loss=37.8832969666 distance_loss=1.7162142992
Iteration 89 of 100: loss=39.2819328308 object_loss=37.565486908 distance_loss=1.71644556522
Iteration 90 of 100: loss=39.5213508606 object_loss=37.8046607971 distance_loss=1.71668899059
Iteration 91 of 100: loss=38.3531303406 object_loss=36.6363334656 distance_loss=1.71679580212
Iteration 92 of 100: loss=37.5862960815 object_loss=35.8694992065 distance_loss=1.71679651737
Iteration 93 of 100: loss=36.5945854187 object_loss=34.8776016235 distance_loss=1.71698200703
Iteration 94 of 100: loss=38.2778205872 object_loss=36.5606994629 distance_loss=1.71712100506
Iteration 95 of 100: loss=37.8898696899 object_loss=36.1726951599 distance_loss=1.71717357635
Iteration 96 of 100: loss=37.0513420105 object_loss=35.3341445923 distance_loss=1.71719634533
Iteration 97 of 100: loss=35.4980278015 object_loss=33.7807655334 distance_loss=1.71726226807
Iteration 98 of 100: loss=35.6772842407 object_loss=33.9597358704 distance_loss=1.71754670143
Iteration 99 of 100: loss=37.1677856445 object_loss=35.4500007629 distance_loss=1.71778535843
Iteration 0 of 100: loss=37.6325340271 object_loss=35.9147911072 distance_loss=1.71774327755
Iteration 1 of 100: loss=37.3462638855 object_loss=35.6284065247 distance_loss=1.71785712242
Iteration 2 of 100: loss=37.7773933411 object_loss=36.0592041016 distance_loss=1.71819090843
Iteration 3 of 100: loss=38.4424667358 object_loss=36.7238731384 distance_loss=1.71859323978
Iteration 4 of 100: loss=38.7964363098 object_loss=37.0774879456 distance_loss=1.71894788742
Iteration 5 of 100: loss=38.2804107666 object_loss=36.561214447 distance_loss=1.71919548512
Iteration 6 of 100: loss=36.6483230591 object_loss=34.9289398193 distance_loss=1.71938240528
Iteration 7 of 100: loss=37.8983535767 object_loss=36.1787376404 distance_loss=1.71961724758
Iteration 8 of 100: loss=37.8060417175 object_loss=36.0863876343 distance_loss=1.71965289116
Iteration 9 of 100: loss=36.8359451294 object_loss=35.116027832 distance_loss=1.71991837025
Iteration 10 of 100: loss=35.8285484314 object_loss=34.1083869934 distance_loss=1.72016143799
Iteration 11 of 100: loss=36.7615089417 object_loss=35.0411148071 distance_loss=1.72039568424
Iteration 12 of 100: loss=34.6040840149 object_loss=32.884059906 distance_loss=1.72002518177
Iteration 13 of 100: loss=34.0237770081 object_loss=32.3036346436 distance_loss=1.72014331818
Iteration 14 of 100: loss=33.7673912048 object_loss=32.0471572876 distance_loss=1.7202321291
Iteration 15 of 100: loss=34.9911651611 object_loss=33.2709846497 distance_loss=1.72018170357
Iteration 16 of 100: loss=32.7188911438 object_loss=30.9991512299 distance_loss=1.71974134445
Iteration 17 of 100: loss=32.904132843 object_loss=31.1846237183 distance_loss=1.71951055527
Iteration 18 of 100: loss=31.3142814636 object_loss=29.5952148438 distance_loss=1.71906721592
Iteration 19 of 100: loss=30.6146640778 object_loss=28.8957633972 distance_loss=1.71890032291
Iteration 20 of 100: loss=30.1328868866 object_loss=28.4141960144 distance_loss=1.71869170666
Iteration 21 of 100: loss=33.6031265259 object_loss=31.8850288391 distance_loss=1.71809780598
Iteration 22 of 100: loss=34.9418716431 object_loss=33.2238922119 distance_loss=1.71797919273
Iteration 23 of 100: loss=36.0337677002 object_loss=34.3158988953 distance_loss=1.7178696394
Iteration 24 of 100: loss=36.2920608521 object_loss=34.574508667 distance_loss=1.71755206585
Iteration 25 of 100: loss=36.1458816528 object_loss=34.4284133911 distance_loss=1.71746838093
Iteration 26 of 100: loss=33.4580383301 object_loss=31.740404129 distance_loss=1.71763253212
Iteration 27 of 100: loss=36.3542861938 object_loss=34.6367454529 distance_loss=1.71754109859
Iteration 28 of 100: loss=34.8652763367 object_loss=33.1478233337 distance_loss=1.71745336056
Iteration 29 of 100: loss=35.8075447083 object_loss=34.0899429321 distance_loss=1.71760046482
Iteration 30 of 100: loss=30.5101737976 object_loss=28.7925262451 distance_loss=1.71764826775
Iteration 31 of 100: loss=30.5670280457 object_loss=28.8492507935 distance_loss=1.71777772903
Iteration 32 of 100: loss=30.8942756653 object_loss=29.1766452789 distance_loss=1.71763074398
Iteration 33 of 100: loss=31.9394779205 object_loss=30.2216510773 distance_loss=1.71782648563
Iteration 34 of 100: loss=32.7287368774 object_loss=31.0108528137 distance_loss=1.71788418293
Iteration 35 of 100: loss=28.038482666 object_loss=26.3203353882 distance_loss=1.71814703941
Iteration 36 of 100: loss=31.2784881592 object_loss=29.5604152679 distance_loss=1.71807277203
Iteration 37 of 100: loss=25.11211586 object_loss=23.39361763 distance_loss=1.71849858761
Iteration 38 of 100: loss=27.7848930359 object_loss=26.0662193298 distance_loss=1.71867322922
Iteration 39 of 100: loss=28.0840759277 object_loss=26.3651332855 distance_loss=1.71894216537
Iteration 40 of 100: loss=32.6562767029 object_loss=30.9368610382 distance_loss=1.71941673756
Iteration 41 of 100: loss=30.6767063141 object_loss=28.9572067261 distance_loss=1.71949970722
Iteration 42 of 100: loss=29.6557598114 object_loss=27.9363670349 distance_loss=1.71939337254
Iteration 43 of 100: loss=31.3130874634 object_loss=29.5934867859 distance_loss=1.71960031986
Iteration 44 of 100: loss=27.4621238708 object_loss=25.7422466278 distance_loss=1.71987700462
Iteration 45 of 100: loss=36.5177078247 object_loss=34.7973937988 distance_loss=1.72031342983
Iteration 46 of 100: loss=33.7840194702 object_loss=32.0632705688 distance_loss=1.72074878216
Iteration 47 of 100: loss=33.5860595703 object_loss=31.8648605347 distance_loss=1.72119879723
Iteration 48 of 100: loss=34.9999885559 object_loss=33.2785491943 distance_loss=1.72143959999
Iteration 49 of 100: loss=34.9863014221 object_loss=33.2643928528 distance_loss=1.72190821171
Iteration 50 of 100: loss=32.9442863464 object_loss=31.2218875885 distance_loss=1.72239756584
Iteration 51 of 100: loss=34.0105133057 object_loss=32.2878646851 distance_loss=1.72264683247
Iteration 52 of 100: loss=35.7571220398 object_loss=34.0343170166 distance_loss=1.72280335426
Iteration 53 of 100: loss=35.1478614807 object_loss=33.4249801636 distance_loss=1.72288262844
Iteration 54 of 100: loss=37.2658195496 object_loss=35.5428237915 distance_loss=1.72299528122
Iteration 55 of 100: loss=36.9398574829 object_loss=35.2168273926 distance_loss=1.72302997112
Iteration 56 of 100: loss=35.7987556458 object_loss=34.0762023926 distance_loss=1.72255373001
Iteration 57 of 100: loss=36.828994751 object_loss=35.1066513062 distance_loss=1.72234177589
Iteration 58 of 100: loss=35.4433860779 object_loss=33.7209091187 distance_loss=1.72247707844
Iteration 59 of 100: loss=36.2519187927 object_loss=34.5296669006 distance_loss=1.72225236893
Iteration 60 of 100: loss=37.8342628479 object_loss=36.1126976013 distance_loss=1.72156620026
Iteration 61 of 100: loss=38.7132873535 object_loss=36.9923934937 distance_loss=1.72089397907
Iteration 62 of 100: loss=34.7830123901 object_loss=33.0625839233 distance_loss=1.72042953968
Iteration 63 of 100: loss=33.9186439514 object_loss=32.1986732483 distance_loss=1.71997213364
Iteration 64 of 100: loss=34.6271209717 object_loss=32.9076271057 distance_loss=1.71949255466
Iteration 65 of 100: loss=34.6329078674 object_loss=32.9139251709 distance_loss=1.71898126602
Iteration 66 of 100: loss=33.1846084595 object_loss=31.4660491943 distance_loss=1.71855771542
Iteration 67 of 100: loss=32.2488098145 object_loss=30.5304679871 distance_loss=1.71834039688
Iteration 68 of 100: loss=33.2534294128 object_loss=31.5353298187 distance_loss=1.71810042858
Iteration 69 of 100: loss=33.4371185303 object_loss=31.7190876007 distance_loss=1.71803283691
Iteration 70 of 100: loss=34.8942565918 object_loss=33.1762313843 distance_loss=1.71802389622
Iteration 71 of 100: loss=33.2905883789 object_loss=31.5725917816 distance_loss=1.71799528599
Iteration 72 of 100: loss=32.5780067444 object_loss=30.8607616425 distance_loss=1.71724438667
Iteration 73 of 100: loss=30.9398708344 object_loss=29.2226829529 distance_loss=1.71718859673
Iteration 74 of 100: loss=34.6076278687 object_loss=32.8907699585 distance_loss=1.71685886383
Iteration 75 of 100: loss=34.8366584778 object_loss=33.1200447083 distance_loss=1.71661353111
Iteration 76 of 100: loss=29.3871669769 object_loss=27.6706466675 distance_loss=1.71652042866
Iteration 77 of 100: loss=29.9789848328 object_loss=28.2627429962 distance_loss=1.71624159813
Iteration 78 of 100: loss=30.3395404816 object_loss=28.6232032776 distance_loss=1.7163374424
Iteration 79 of 100: loss=30.713842392 object_loss=28.9972114563 distance_loss=1.71663141251
Iteration 80 of 100: loss=34.4674987793 object_loss=32.7502441406 distance_loss=1.71725416183
Iteration 81 of 100: loss=35.0317077637 object_loss=33.3140182495 distance_loss=1.71768808365
Iteration 82 of 100: loss=29.6785087585 object_loss=27.9602279663 distance_loss=1.7182803154
Iteration 83 of 100: loss=36.544002533 object_loss=34.8251571655 distance_loss=1.71884441376
Iteration 84 of 100: loss=32.5933685303 object_loss=30.8743419647 distance_loss=1.71902561188
Iteration 85 of 100: loss=32.9439620972 object_loss=31.2246398926 distance_loss=1.71932137012
Iteration 86 of 100: loss=35.4374313354 object_loss=33.7178268433 distance_loss=1.71960604191
Iteration 87 of 100: loss=35.3732948303 object_loss=33.6535186768 distance_loss=1.71977591515
Iteration 88 of 100: loss=35.4674186707 object_loss=33.7476272583 distance_loss=1.71979010105
Iteration 89 of 100: loss=28.4922981262 object_loss=26.7723579407 distance_loss=1.71994113922
Iteration 90 of 100: loss=31.5498065948 object_loss=29.8295326233 distance_loss=1.72027349472
Iteration 91 of 100: loss=30.8160820007 object_loss=29.0953636169 distance_loss=1.72071874142
Iteration 92 of 100: loss=31.1117095947 object_loss=29.3907814026 distance_loss=1.7209290266
Iteration 93 of 100: loss=29.0955257416 object_loss=27.3738899231 distance_loss=1.72163653374
Iteration 94 of 100: loss=23.1019153595 object_loss=21.37981987 distance_loss=1.72209560871
Iteration 95 of 100: loss=33.7488327026 object_loss=32.0265808105 distance_loss=1.7222533226
Iteration 96 of 100: loss=27.411365509 object_loss=25.6890926361 distance_loss=1.72227299213
Iteration 97 of 100: loss=25.7835903168 object_loss=24.0611305237 distance_loss=1.72246062756
Iteration 98 of 100: loss=27.9460983276 object_loss=26.223274231 distance_loss=1.72282385826
Iteration 99 of 100: loss=32.67628479 object_loss=30.9530754089 distance_loss=1.72320818901
Iteration 0 of 100: loss=34.1056213379 object_loss=32.3820800781 distance_loss=1.72354269028
Iteration 1 of 100: loss=30.1207942963 object_loss=28.396944046 distance_loss=1.7238496542
Iteration 2 of 100: loss=31.0469474792 object_loss=29.3227787018 distance_loss=1.72416806221
Iteration 3 of 100: loss=25.6333465576 object_loss=23.9090042114 distance_loss=1.72434258461
Iteration 4 of 100: loss=30.1511917114 object_loss=28.426618576 distance_loss=1.72457396984
Iteration 5 of 100: loss=32.7804374695 object_loss=31.0556526184 distance_loss=1.72478425503
Iteration 6 of 100: loss=28.4104938507 object_loss=26.6854553223 distance_loss=1.7250392437
Iteration 7 of 100: loss=27.3934364319 object_loss=25.6682109833 distance_loss=1.72522509098
Iteration 8 of 100: loss=32.8948936462 object_loss=31.1699199677 distance_loss=1.7249737978
Iteration 9 of 100: loss=30.1830863953 object_loss=28.4582767487 distance_loss=1.7248095274
Iteration 10 of 100: loss=29.7128810883 object_loss=27.9880714417 distance_loss=1.72480940819
Iteration 11 of 100: loss=36.197303772 object_loss=34.4727401733 distance_loss=1.72456538677
Iteration 12 of 100: loss=35.450378418 object_loss=33.7263221741 distance_loss=1.72405767441
Iteration 13 of 100: loss=35.1042060852 object_loss=33.379940033 distance_loss=1.72426784039
Iteration 14 of 100: loss=36.7877616882 object_loss=35.0633354187 distance_loss=1.72442805767
Iteration 15 of 100: loss=37.6366271973 object_loss=35.9120521545 distance_loss=1.72457563877
Iteration 16 of 100: loss=37.1575584412 object_loss=35.4328308105 distance_loss=1.72472810745
Iteration 17 of 100: loss=36.9712677002 object_loss=35.2462692261 distance_loss=1.72499930859
Iteration 18 of 100: loss=37.1510238647 object_loss=35.4257392883 distance_loss=1.72528421879
Iteration 19 of 100: loss=36.2170448303 object_loss=34.4916343689 distance_loss=1.72540998459
Iteration 20 of 100: loss=37.6783103943 object_loss=35.9529914856 distance_loss=1.72531950474
Iteration 21 of 100: loss=38.8030776978 object_loss=37.0777206421 distance_loss=1.72535657883
Iteration 22 of 100: loss=38.6240653992 object_loss=36.8987388611 distance_loss=1.72532582283
Iteration 23 of 100: loss=37.5093460083 object_loss=35.7841110229 distance_loss=1.72523379326
Iteration 24 of 100: loss=37.3228759766 object_loss=35.5974655151 distance_loss=1.72540867329
Iteration 25 of 100: loss=40.9198646545 object_loss=39.1941795349 distance_loss=1.72568368912
Iteration 26 of 100: loss=38.5367546082 object_loss=36.8108406067 distance_loss=1.72591292858
Iteration 27 of 100: loss=38.1300506592 object_loss=36.4040107727 distance_loss=1.72603809834
Iteration 28 of 100: loss=38.8906898499 object_loss=37.1648597717 distance_loss=1.7258310318
Iteration 29 of 100: loss=38.0811004639 object_loss=36.355266571 distance_loss=1.72583353519
Iteration 30 of 100: loss=38.6804618835 object_loss=36.9543495178 distance_loss=1.72611415386
Iteration 31 of 100: loss=39.5238609314 object_loss=37.7976608276 distance_loss=1.72619950771
Iteration 32 of 100: loss=40.2311019897 object_loss=38.5054664612 distance_loss=1.72563493252
Iteration 33 of 100: loss=40.9496231079 object_loss=39.2240180969 distance_loss=1.72560560703
Iteration 34 of 100: loss=42.3954162598 object_loss=40.6696052551 distance_loss=1.72581017017
Iteration 35 of 100: loss=43.05834198 object_loss=41.3323707581 distance_loss=1.72597014904
Iteration 36 of 100: loss=35.862197876 object_loss=34.1361694336 distance_loss=1.72602975368
Iteration 37 of 100: loss=38.1306114197 object_loss=36.4045524597 distance_loss=1.72605907917
Iteration 38 of 100: loss=37.2529335022 object_loss=35.5269355774 distance_loss=1.72599685192
Iteration 39 of 100: loss=39.2540931702 object_loss=37.5279312134 distance_loss=1.72616362572
Iteration 40 of 100: loss=34.3911857605 object_loss=32.6651000977 distance_loss=1.72608649731
Iteration 41 of 100: loss=33.1707954407 object_loss=31.4450912476 distance_loss=1.72570502758
Iteration 42 of 100: loss=34.3290710449 object_loss=32.6034355164 distance_loss=1.72563707829
Iteration 43 of 100: loss=34.5867652893 object_loss=32.8610267639 distance_loss=1.72573912144
Iteration 44 of 100: loss=31.6194267273 object_loss=29.8937988281 distance_loss=1.72562837601
Iteration 45 of 100: loss=31.8420124054 object_loss=30.1161155701 distance_loss=1.72589755058
Iteration 46 of 100: loss=34.628704071 object_loss=32.9027900696 distance_loss=1.72591495514
Iteration 47 of 100: loss=33.1297798157 object_loss=31.4037685394 distance_loss=1.72601175308
Iteration 48 of 100: loss=36.5609703064 object_loss=34.8347740173 distance_loss=1.72619736195
Iteration 49 of 100: loss=35.9318771362 object_loss=34.2055130005 distance_loss=1.72636413574
Iteration 50 of 100: loss=35.3237495422 object_loss=33.5974578857 distance_loss=1.72629344463
Iteration 51 of 100: loss=37.3654174805 object_loss=35.6390991211 distance_loss=1.72631978989
Iteration 52 of 100: loss=37.3330383301 object_loss=35.6068611145 distance_loss=1.7261787653
Iteration 53 of 100: loss=36.4496383667 object_loss=34.7232666016 distance_loss=1.72637200356
Iteration 54 of 100: loss=33.3065032959 object_loss=31.5800113678 distance_loss=1.72649300098
Iteration 55 of 100: loss=31.6960487366 object_loss=29.9697036743 distance_loss=1.72634446621
Iteration 56 of 100: loss=30.5801963806 object_loss=28.8541946411 distance_loss=1.7260017395
Iteration 57 of 100: loss=29.9061641693 object_loss=28.1801433563 distance_loss=1.72602128983
Iteration 58 of 100: loss=31.6473522186 object_loss=29.9215774536 distance_loss=1.72577548027
Iteration 59 of 100: loss=34.3890342712 object_loss=32.663028717 distance_loss=1.72600460052
Iteration 60 of 100: loss=36.0111083984 object_loss=34.2848587036 distance_loss=1.72625076771
Iteration 61 of 100: loss=35.8320846558 object_loss=34.1057510376 distance_loss=1.72633445263
Iteration 62 of 100: loss=35.0164413452 object_loss=33.2901496887 distance_loss=1.72629189491
Iteration 63 of 100: loss=34.8660621643 object_loss=33.1394500732 distance_loss=1.7266138792
Iteration 64 of 100: loss=33.9901390076 object_loss=32.2635955811 distance_loss=1.72654271126
Iteration 65 of 100: loss=32.6296310425 object_loss=30.9031429291 distance_loss=1.72648835182
Iteration 66 of 100: loss=29.1514053345 object_loss=27.4248561859 distance_loss=1.72655010223
Iteration 67 of 100: loss=28.3737564087 object_loss=26.6472797394 distance_loss=1.72647595406
Iteration 68 of 100: loss=28.9499816895 object_loss=27.2234649658 distance_loss=1.72651600838
Iteration 69 of 100: loss=29.5333023071 object_loss=27.8065853119 distance_loss=1.72671663761
Iteration 70 of 100: loss=33.539440155 object_loss=31.8124141693 distance_loss=1.72702634335
Iteration 71 of 100: loss=29.8919143677 object_loss=28.164686203 distance_loss=1.72722733021
Iteration 72 of 100: loss=32.6837120056 object_loss=30.9568061829 distance_loss=1.72690582275
Iteration 73 of 100: loss=31.4160671234 object_loss=29.6891231537 distance_loss=1.72694456577
Iteration 74 of 100: loss=30.7325553894 object_loss=29.0057258606 distance_loss=1.72682893276
Iteration 75 of 100: loss=29.7763175964 object_loss=28.0496959686 distance_loss=1.72662079334
Iteration 76 of 100: loss=29.0920372009 object_loss=27.365978241 distance_loss=1.72605824471
Iteration 77 of 100: loss=28.8530731201 object_loss=27.1273651123 distance_loss=1.7257078886
Iteration 78 of 100: loss=30.8778953552 object_loss=29.1523227692 distance_loss=1.72557163239
Iteration 79 of 100: loss=30.2207336426 object_loss=28.4951553345 distance_loss=1.72557771206
Iteration 80 of 100: loss=27.7910957336 object_loss=26.0658397675 distance_loss=1.72525644302
Iteration 81 of 100: loss=28.1544895172 object_loss=26.4292869568 distance_loss=1.72520303726
Iteration 82 of 100: loss=29.976978302 object_loss=28.2517032623 distance_loss=1.72527551651
Iteration 83 of 100: loss=26.5138225555 object_loss=24.7886772156 distance_loss=1.7251458168
Iteration 84 of 100: loss=24.4772491455 object_loss=22.7523517609 distance_loss=1.72489738464
Iteration 85 of 100: loss=28.7568359375 object_loss=27.0323219299 distance_loss=1.72451388836
Iteration 86 of 100: loss=26.0539684296 object_loss=24.3297901154 distance_loss=1.72417879105
Iteration 87 of 100: loss=25.3490219116 object_loss=23.6250171661 distance_loss=1.72400486469
Iteration 88 of 100: loss=24.5631008148 object_loss=22.8392486572 distance_loss=1.72385287285
Iteration 89 of 100: loss=23.6680412292 object_loss=21.9444465637 distance_loss=1.7235943079
Iteration 90 of 100: loss=21.7035617828 object_loss=19.9799308777 distance_loss=1.72363007069
Iteration 91 of 100: loss=26.7971820831 object_loss=25.0734653473 distance_loss=1.72371685505
Iteration 92 of 100: loss=30.8550071716 object_loss=29.1317367554 distance_loss=1.72326958179
Iteration 93 of 100: loss=26.6511955261 object_loss=24.9279518127 distance_loss=1.72324430943
Iteration 94 of 100: loss=27.4475402832 object_loss=25.7244415283 distance_loss=1.72309780121
Iteration 95 of 100: loss=28.8631324768 object_loss=27.1402835846 distance_loss=1.72284948826
Iteration 96 of 100: loss=26.089307785 object_loss=24.3668289185 distance_loss=1.72247815132
Iteration 97 of 100: loss=27.3720302582 object_loss=25.6497459412 distance_loss=1.72228372097
Iteration 98 of 100: loss=27.4960823059 object_loss=25.7739982605 distance_loss=1.72208309174
Iteration 99 of 100: loss=27.3889102936 object_loss=25.6666870117 distance_loss=1.72222268581
Iteration 0 of 100: loss=24.8147125244 object_loss=23.0927429199 distance_loss=1.72196936607
Iteration 1 of 100: loss=25.3202133179 object_loss=23.5983924866 distance_loss=1.72182059288
Iteration 2 of 100: loss=30.048166275 object_loss=28.3264293671 distance_loss=1.72173655033
Iteration 3 of 100: loss=30.6246452332 object_loss=28.9029312134 distance_loss=1.7217143774
Iteration 4 of 100: loss=31.1721534729 object_loss=29.450761795 distance_loss=1.72139191628
Iteration 5 of 100: loss=33.3452758789 object_loss=31.6238632202 distance_loss=1.72141158581
Iteration 6 of 100: loss=31.8472671509 object_loss=30.1258926392 distance_loss=1.72137510777
Iteration 7 of 100: loss=31.837677002 object_loss=30.1166419983 distance_loss=1.72103512287
Iteration 8 of 100: loss=30.7624168396 object_loss=29.0413990021 distance_loss=1.7210174799
Iteration 9 of 100: loss=29.7716121674 object_loss=28.0504131317 distance_loss=1.72119951248
Iteration 10 of 100: loss=32.4778709412 object_loss=30.7565479279 distance_loss=1.7213228941
Iteration 11 of 100: loss=28.3959732056 object_loss=26.6746997833 distance_loss=1.72127342224
Iteration 12 of 100: loss=29.9720115662 object_loss=28.251127243 distance_loss=1.72088396549
Iteration 13 of 100: loss=29.4336471558 object_loss=27.7126636505 distance_loss=1.72098374367
Iteration 14 of 100: loss=26.1538505554 object_loss=24.4329147339 distance_loss=1.72093617916
Iteration 15 of 100: loss=20.9509963989 object_loss=19.2300853729 distance_loss=1.72091162205
Iteration 16 of 100: loss=30.1828994751 object_loss=28.4621334076 distance_loss=1.72076582909
Iteration 17 of 100: loss=29.3622360229 object_loss=27.6413154602 distance_loss=1.72092151642
Iteration 18 of 100: loss=29.458814621 object_loss=27.7378005981 distance_loss=1.72101414204
Iteration 19 of 100: loss=26.074464798 object_loss=24.3532485962 distance_loss=1.72121572495
Iteration 20 of 100: loss=29.1329040527 object_loss=27.4114303589 distance_loss=1.72147321701
Iteration 21 of 100: loss=31.039182663 object_loss=29.3178195953 distance_loss=1.72136223316
Iteration 22 of 100: loss=31.8916988373 object_loss=30.170425415 distance_loss=1.72127258778
Iteration 23 of 100: loss=27.9423351288 object_loss=26.2207641602 distance_loss=1.72157144547
Iteration 24 of 100: loss=24.7325611115 object_loss=23.0105857849 distance_loss=1.72197532654
Iteration 25 of 100: loss=20.9756889343 object_loss=19.2534294128 distance_loss=1.72225964069
Iteration 26 of 100: loss=27.2413463593 object_loss=25.5188941956 distance_loss=1.72245192528
Iteration 27 of 100: loss=24.8200740814 object_loss=23.097410202 distance_loss=1.72266304493
Iteration 28 of 100: loss=24.91796875 object_loss=23.1955757141 distance_loss=1.72239279747
Iteration 29 of 100: loss=24.6888427734 object_loss=22.9661521912 distance_loss=1.72269153595
Iteration 30 of 100: loss=17.0493602753 object_loss=15.3263835907 distance_loss=1.72297680378
Iteration 31 of 100: loss=16.6169433594 object_loss=14.8937797546 distance_loss=1.72316348553
Iteration 32 of 100: loss=18.4727668762 object_loss=16.7498245239 distance_loss=1.72294235229
Iteration 33 of 100: loss=17.7755298615 object_loss=16.0523548126 distance_loss=1.72317445278
Iteration 34 of 100: loss=22.4885292053 object_loss=20.765537262 distance_loss=1.72299277782
Iteration 35 of 100: loss=24.3513660431 object_loss=22.6285400391 distance_loss=1.72282671928
Iteration 36 of 100: loss=25.764837265 object_loss=24.0423145294 distance_loss=1.72252202034
Iteration 37 of 100: loss=29.6402359009 object_loss=27.9178256989 distance_loss=1.7224111557
Iteration 38 of 100: loss=34.7987136841 object_loss=33.0760993958 distance_loss=1.72261583805
Iteration 39 of 100: loss=29.2524719238 object_loss=27.5297889709 distance_loss=1.72268235683
Iteration 40 of 100: loss=22.098449707 object_loss=20.37616539 distance_loss=1.72228372097
Iteration 41 of 100: loss=26.302564621 object_loss=24.580450058 distance_loss=1.72211384773
Iteration 42 of 100: loss=32.3535842896 object_loss=30.6317424774 distance_loss=1.72184371948
Iteration 43 of 100: loss=29.8821640015 object_loss=28.1602859497 distance_loss=1.72187876701
Iteration 44 of 100: loss=30.7831993103 object_loss=29.0612716675 distance_loss=1.72192704678
Iteration 45 of 100: loss=37.7533874512 object_loss=36.0316429138 distance_loss=1.72174465656
Iteration 46 of 100: loss=36.0098342896 object_loss=34.288143158 distance_loss=1.72169065475
Iteration 47 of 100: loss=34.6639556885 object_loss=32.9422302246 distance_loss=1.72172498703
Iteration 48 of 100: loss=30.9395809174 object_loss=29.2177448273 distance_loss=1.72183549404
Iteration 49 of 100: loss=30.6455841064 object_loss=28.9234752655 distance_loss=1.72210836411
Iteration 50 of 100: loss=37.7271995544 object_loss=36.0047531128 distance_loss=1.72244822979
Iteration 51 of 100: loss=37.5570602417 object_loss=35.8344154358 distance_loss=1.72264528275
Iteration 52 of 100: loss=34.6743736267 object_loss=32.9520530701 distance_loss=1.72232091427
Iteration 53 of 100: loss=33.7232131958 object_loss=32.0007133484 distance_loss=1.72250068188
Iteration 54 of 100: loss=31.3371009827 object_loss=29.6145744324 distance_loss=1.72252738476
Iteration 55 of 100: loss=34.3841323853 object_loss=32.661529541 distance_loss=1.72260141373
Iteration 56 of 100: loss=36.0844650269 object_loss=34.3621711731 distance_loss=1.72229278088
Iteration 57 of 100: loss=33.3824081421 object_loss=31.6602325439 distance_loss=1.7221736908
Iteration 58 of 100: loss=31.7252101898 object_loss=30.0033226013 distance_loss=1.72188699245
Iteration 59 of 100: loss=30.2896366119 object_loss=28.5678863525 distance_loss=1.72175037861
Iteration 60 of 100: loss=32.6930847168 object_loss=30.9714260101 distance_loss=1.72166025639
Iteration 61 of 100: loss=32.2338981628 object_loss=30.512506485 distance_loss=1.72139024734
Iteration 62 of 100: loss=28.676782608 object_loss=26.9556407928 distance_loss=1.72114229202
Iteration 63 of 100: loss=31.9126701355 object_loss=30.1916446686 distance_loss=1.72102642059
Iteration 64 of 100: loss=29.7505531311 object_loss=28.0297107697 distance_loss=1.72084188461
Iteration 65 of 100: loss=34.6060066223 object_loss=32.8854980469 distance_loss=1.72051012516
Iteration 66 of 100: loss=31.7989311218 object_loss=30.0787754059 distance_loss=1.72015476227
Iteration 67 of 100: loss=26.2535552979 object_loss=24.5338821411 distance_loss=1.71967363358
Iteration 68 of 100: loss=31.2896118164 object_loss=29.570142746 distance_loss=1.71947002411
Iteration 69 of 100: loss=31.0082263947 object_loss=29.2887878418 distance_loss=1.71943902969
Iteration 70 of 100: loss=27.3493289948 object_loss=25.6302261353 distance_loss=1.71910369396
Iteration 71 of 100: loss=32.0110435486 object_loss=30.2920207977 distance_loss=1.71902430058
Iteration 72 of 100: loss=33.1987037659 object_loss=31.4798564911 distance_loss=1.71884655952
Iteration 73 of 100: loss=31.2757511139 object_loss=29.5567836761 distance_loss=1.71896755695
Iteration 74 of 100: loss=29.2248840332 object_loss=27.505525589 distance_loss=1.71935904026
Iteration 75 of 100: loss=33.5616722107 object_loss=31.8419742584 distance_loss=1.71969676018
Iteration 76 of 100: loss=34.8581733704 object_loss=33.1384353638 distance_loss=1.71973884106
Iteration 77 of 100: loss=35.693813324 object_loss=33.973690033 distance_loss=1.72012364864
Iteration 78 of 100: loss=32.5719184875 object_loss=30.8512878418 distance_loss=1.72062897682
Iteration 79 of 100: loss=30.2060947418 object_loss=28.4852027893 distance_loss=1.72089219093
Iteration 80 of 100: loss=28.8103370667 object_loss=27.0893001556 distance_loss=1.7210367918
Iteration 81 of 100: loss=26.7348937988 object_loss=25.0136623383 distance_loss=1.72123110294
Iteration 82 of 100: loss=23.0878505707 object_loss=21.3665351868 distance_loss=1.72131550312
Iteration 83 of 100: loss=24.2686252594 object_loss=22.5470371246 distance_loss=1.72158813477
Iteration 84 of 100: loss=27.4393749237 object_loss=25.7176647186 distance_loss=1.72170937061
Iteration 85 of 100: loss=25.5581150055 object_loss=23.8362312317 distance_loss=1.72188425064
Iteration 86 of 100: loss=24.5452690125 object_loss=22.8232269287 distance_loss=1.72204303741
Iteration 87 of 100: loss=24.784570694 object_loss=23.0623455048 distance_loss=1.72222530842
Iteration 88 of 100: loss=23.8812236786 object_loss=22.1589756012 distance_loss=1.72224795818
Iteration 89 of 100: loss=23.6402950287 object_loss=21.9175987244 distance_loss=1.72269570827
Iteration 90 of 100: loss=32.0151481628 object_loss=30.2923755646 distance_loss=1.72277212143
Iteration 91 of 100: loss=30.5891170502 object_loss=28.8662815094 distance_loss=1.72283530235
Iteration 92 of 100: loss=29.1283531189 object_loss=27.4054965973 distance_loss=1.7228564024
Iteration 93 of 100: loss=32.1482162476 object_loss=30.4249382019 distance_loss=1.72327768803
Iteration 94 of 100: loss=32.3593482971 object_loss=30.6357631683 distance_loss=1.72358453274
Iteration 95 of 100: loss=29.2023983002 object_loss=27.4785022736 distance_loss=1.72389674187
Iteration 96 of 100: loss=27.2541294098 object_loss=25.5301456451 distance_loss=1.72398352623
Iteration 97 of 100: loss=24.5858955383 object_loss=22.8615608215 distance_loss=1.72433423996
Iteration 98 of 100: loss=25.3549957275 object_loss=23.6301002502 distance_loss=1.72489488125
Iteration 99 of 100: loss=26.2290477753 object_loss=24.5036430359 distance_loss=1.72540462017
Iteration 0 of 100: loss=31.1006469727 object_loss=29.3748054504 distance_loss=1.72584056854
Iteration 1 of 100: loss=33.6338348389 object_loss=31.90766716 distance_loss=1.72616708279
Iteration 2 of 100: loss=34.0988235474 object_loss=32.3723640442 distance_loss=1.72646129131
Iteration 3 of 100: loss=34.5999221802 object_loss=32.8731193542 distance_loss=1.72680139542
Iteration 4 of 100: loss=33.0122489929 object_loss=31.2850112915 distance_loss=1.7272362709
Iteration 5 of 100: loss=33.0054855347 object_loss=31.2779178619 distance_loss=1.72756624222
Iteration 6 of 100: loss=31.019952774 object_loss=29.2920722961 distance_loss=1.72787976265
Iteration 7 of 100: loss=31.9308738708 object_loss=30.202671051 distance_loss=1.72820186615
Iteration 8 of 100: loss=33.0832061768 object_loss=31.3553237915 distance_loss=1.72788107395
Iteration 9 of 100: loss=33.2261505127 object_loss=31.4984092712 distance_loss=1.72774171829
Iteration 10 of 100: loss=30.7905864716 object_loss=29.0626182556 distance_loss=1.7279689312
Iteration 11 of 100: loss=29.9225559235 object_loss=28.1945228577 distance_loss=1.72803390026
Iteration 12 of 100: loss=31.345703125 object_loss=29.6182861328 distance_loss=1.72741615772
Iteration 13 of 100: loss=32.1753540039 object_loss=30.4478912354 distance_loss=1.7274620533
Iteration 14 of 100: loss=34.2247200012 object_loss=32.4972801208 distance_loss=1.72744059563
Iteration 15 of 100: loss=34.4130401611 object_loss=32.6855735779 distance_loss=1.72746789455
Iteration 16 of 100: loss=36.2890129089 object_loss=34.5616493225 distance_loss=1.72736275196
Iteration 17 of 100: loss=35.8260383606 object_loss=34.098903656 distance_loss=1.72713410854
Iteration 18 of 100: loss=30.7701663971 object_loss=29.0433197021 distance_loss=1.72684645653
Iteration 19 of 100: loss=32.5816726685 object_loss=30.8549594879 distance_loss=1.72671365738
Iteration 20 of 100: loss=31.4586849213 object_loss=29.7320537567 distance_loss=1.72663152218
Iteration 21 of 100: loss=27.3417339325 object_loss=25.6152534485 distance_loss=1.72648072243
Iteration 22 of 100: loss=30.3356895447 object_loss=28.6092758179 distance_loss=1.7264136076
Iteration 23 of 100: loss=25.2873401642 object_loss=23.5608024597 distance_loss=1.72653841972
Iteration 24 of 100: loss=29.4737567902 object_loss=27.7472305298 distance_loss=1.72652554512
Iteration 25 of 100: loss=31.4530143738 object_loss=29.7262382507 distance_loss=1.726775527
Iteration 26 of 100: loss=30.5300235748 object_loss=28.8031959534 distance_loss=1.7268280983
Iteration 27 of 100: loss=28.0596561432 object_loss=26.3327941895 distance_loss=1.72686159611
Iteration 28 of 100: loss=30.1743545532 object_loss=28.4474258423 distance_loss=1.72692787647
Iteration 29 of 100: loss=25.8896617889 object_loss=24.1624622345 distance_loss=1.72719991207
Iteration 30 of 100: loss=24.4333686829 object_loss=22.7059440613 distance_loss=1.72742390633
Iteration 31 of 100: loss=26.382724762 object_loss=24.655128479 distance_loss=1.72759711742
Iteration 32 of 100: loss=26.7362098694 object_loss=25.0085830688 distance_loss=1.72762715816
Iteration 33 of 100: loss=30.3399009705 object_loss=28.6122627258 distance_loss=1.72763824463
Iteration 34 of 100: loss=30.9306564331 object_loss=29.2027454376 distance_loss=1.72791147232
Iteration 35 of 100: loss=30.4105300903 object_loss=28.6826553345 distance_loss=1.72787439823
Iteration 36 of 100: loss=30.7491664886 object_loss=29.021774292 distance_loss=1.72739136219
Iteration 37 of 100: loss=32.6660308838 object_loss=30.9384269714 distance_loss=1.72760403156
Iteration 38 of 100: loss=30.607011795 object_loss=28.8790473938 distance_loss=1.72796392441
Iteration 39 of 100: loss=30.198348999 object_loss=28.4701309204 distance_loss=1.72821772099
Iteration 40 of 100: loss=31.9511051178 object_loss=30.2228031158 distance_loss=1.72830200195
Iteration 41 of 100: loss=33.5291175842 object_loss=31.8006286621 distance_loss=1.7284886837
Iteration 42 of 100: loss=35.4393844604 object_loss=33.7106933594 distance_loss=1.72869300842
Iteration 43 of 100: loss=36.0638656616 object_loss=34.3347816467 distance_loss=1.72908580303
Iteration 44 of 100: loss=36.612323761 object_loss=34.8829994202 distance_loss=1.72932493687
Iteration 45 of 100: loss=36.0983390808 object_loss=34.36876297 distance_loss=1.72957706451
Iteration 46 of 100: loss=33.3926506042 object_loss=31.6628627777 distance_loss=1.72978961468
Iteration 47 of 100: loss=34.3192558289 object_loss=32.5893630981 distance_loss=1.72989368439
Iteration 48 of 100: loss=32.0955162048 object_loss=30.3660144806 distance_loss=1.72950184345
Iteration 49 of 100: loss=35.8953361511 object_loss=34.165802002 distance_loss=1.72953414917
Iteration 50 of 100: loss=35.3607940674 object_loss=33.6310958862 distance_loss=1.7297000885
Iteration 51 of 100: loss=32.5387496948 object_loss=30.8090934753 distance_loss=1.72965729237
Iteration 52 of 100: loss=32.5320129395 object_loss=30.8025970459 distance_loss=1.72941553593
Iteration 53 of 100: loss=32.4566230774 object_loss=30.7270450592 distance_loss=1.72957968712
Iteration 54 of 100: loss=33.7944908142 object_loss=32.0651359558 distance_loss=1.72935342789
Iteration 55 of 100: loss=34.7184829712 object_loss=32.9891395569 distance_loss=1.72934424877
Iteration 56 of 100: loss=34.8632392883 object_loss=33.1342697144 distance_loss=1.72897017002
Iteration 57 of 100: loss=33.6241378784 object_loss=31.8957824707 distance_loss=1.72835671902
Iteration 58 of 100: loss=34.6964225769 object_loss=32.9682006836 distance_loss=1.72822201252
Iteration 59 of 100: loss=33.9286346436 object_loss=32.2003707886 distance_loss=1.7282640934
Iteration 60 of 100: loss=33.8988304138 object_loss=32.1708488464 distance_loss=1.72798323631
Iteration 61 of 100: loss=34.2884635925 object_loss=32.5605621338 distance_loss=1.72790312767
Iteration 62 of 100: loss=32.2880401611 object_loss=30.5600891113 distance_loss=1.72795057297
Iteration 63 of 100: loss=33.1639518738 object_loss=31.4359416962 distance_loss=1.72800993919
Iteration 64 of 100: loss=30.7753582001 object_loss=29.047170639 distance_loss=1.72818684578
Iteration 65 of 100: loss=32.4299240112 object_loss=30.701789856 distance_loss=1.72813308239
Iteration 66 of 100: loss=30.4425258636 object_loss=28.7144603729 distance_loss=1.72806465626
Iteration 67 of 100: loss=29.3802146912 object_loss=27.6520347595 distance_loss=1.72818076611
Iteration 68 of 100: loss=30.1857051849 object_loss=28.4578552246 distance_loss=1.72784936428
Iteration 69 of 100: loss=31.606464386 object_loss=29.8787307739 distance_loss=1.72773361206
Iteration 70 of 100: loss=30.0620613098 object_loss=28.3344516754 distance_loss=1.72761011124
Iteration 71 of 100: loss=29.6695079803 object_loss=27.9418373108 distance_loss=1.72766983509
Iteration 72 of 100: loss=28.4549407959 object_loss=26.7274742126 distance_loss=1.72746729851
Iteration 73 of 100: loss=28.3250255585 object_loss=26.5971279144 distance_loss=1.72789800167
Iteration 74 of 100: loss=29.9884490967 object_loss=28.2603206635 distance_loss=1.72812879086
Iteration 75 of 100: loss=30.9632835388 object_loss=29.2350330353 distance_loss=1.72824966908
Iteration 76 of 100: loss=29.4124336243 object_loss=27.6840744019 distance_loss=1.72835838795
Iteration 77 of 100: loss=25.6026077271 object_loss=23.8740615845 distance_loss=1.72854709625
Iteration 78 of 100: loss=24.6816768646 object_loss=22.9529247284 distance_loss=1.72875213623
Iteration 79 of 100: loss=26.1680164337 object_loss=24.4387493134 distance_loss=1.72926747799
Iteration 80 of 100: loss=26.9821929932 object_loss=25.2526874542 distance_loss=1.72950518131
Iteration 81 of 100: loss=29.6721725464 object_loss=27.9424781799 distance_loss=1.72969436646
Iteration 82 of 100: loss=31.3874263763 object_loss=29.6574363708 distance_loss=1.72998988628
Iteration 83 of 100: loss=32.3689994812 object_loss=30.6387481689 distance_loss=1.73025071621
Iteration 84 of 100: loss=31.2801990509 object_loss=29.5498847961 distance_loss=1.73031449318
Iteration 85 of 100: loss=31.7147712708 object_loss=29.9843635559 distance_loss=1.73040699959
Iteration 86 of 100: loss=31.8253135681 object_loss=30.0945701599 distance_loss=1.73074364662
Iteration 87 of 100: loss=31.1483211517 object_loss=29.417591095 distance_loss=1.73073029518
Iteration 88 of 100: loss=31.3527603149 object_loss=29.6221218109 distance_loss=1.73063790798
Iteration 89 of 100: loss=32.6549835205 object_loss=30.9244880676 distance_loss=1.73049366474
Iteration 90 of 100: loss=29.0443325043 object_loss=27.3137226105 distance_loss=1.73061001301
Iteration 91 of 100: loss=29.0021343231 object_loss=27.2713508606 distance_loss=1.73078322411
Iteration 92 of 100: loss=30.0811920166 object_loss=28.3506336212 distance_loss=1.73055934906
Iteration 93 of 100: loss=29.9077968597 object_loss=28.1769008636 distance_loss=1.73089540005
Iteration 94 of 100: loss=29.6459274292 object_loss=27.9148044586 distance_loss=1.73112380505
Iteration 95 of 100: loss=28.8665466309 object_loss=27.1351833344 distance_loss=1.73136413097
Iteration 96 of 100: loss=26.2290592194 object_loss=24.4978733063 distance_loss=1.73118519783
Iteration 97 of 100: loss=25.4860744476 object_loss=23.7547988892 distance_loss=1.73127508163
Iteration 98 of 100: loss=26.7129402161 object_loss=24.9816226959 distance_loss=1.73131775856
Iteration 99 of 100: loss=26.2159729004 object_loss=24.4844875336 distance_loss=1.73148596287
Iteration 0 of 100: loss=28.6936092377 object_loss=26.961566925 distance_loss=1.73204267025
Iteration 1 of 100: loss=28.8376522064 object_loss=27.1051826477 distance_loss=1.73247015476
Iteration 2 of 100: loss=28.2331295013 object_loss=26.5004577637 distance_loss=1.73267173767
Iteration 3 of 100: loss=26.5568904877 object_loss=24.8241386414 distance_loss=1.73275136948
Iteration 4 of 100: loss=20.7254104614 object_loss=18.9925460815 distance_loss=1.73286485672
Iteration 5 of 100: loss=20.4022197723 object_loss=18.6691589355 distance_loss=1.73306167126
Iteration 6 of 100: loss=25.0281715393 object_loss=23.2947826385 distance_loss=1.73338973522
Iteration 7 of 100: loss=24.199426651 object_loss=22.4658203125 distance_loss=1.73360598087
Iteration 8 of 100: loss=24.3523693085 object_loss=22.6187992096 distance_loss=1.7335704565
Iteration 9 of 100: loss=26.2269630432 object_loss=24.4930686951 distance_loss=1.73389470577
Iteration 10 of 100: loss=30.2070980072 object_loss=28.4731731415 distance_loss=1.73392474651
Iteration 11 of 100: loss=31.4446907043 object_loss=29.7108230591 distance_loss=1.7338668108
Iteration 12 of 100: loss=31.1314563751 object_loss=29.3978843689 distance_loss=1.73357129097
Iteration 13 of 100: loss=30.9732227325 object_loss=29.2394866943 distance_loss=1.73373579979
Iteration 14 of 100: loss=31.0712909698 object_loss=29.337430954 distance_loss=1.73386025429
Iteration 15 of 100: loss=30.1067428589 object_loss=28.3728504181 distance_loss=1.73389327526
Iteration 16 of 100: loss=27.6365756989 object_loss=25.9029273987 distance_loss=1.73364901543
Iteration 17 of 100: loss=29.3686180115 object_loss=27.634847641 distance_loss=1.73376989365
Iteration 18 of 100: loss=29.2110824585 object_loss=27.4767818451 distance_loss=1.73430013657
Iteration 19 of 100: loss=32.2383079529 object_loss=30.5034599304 distance_loss=1.73484647274
Iteration 20 of 100: loss=25.2692317963 object_loss=23.534198761 distance_loss=1.73503363132
Iteration 21 of 100: loss=32.3996505737 object_loss=30.6644268036 distance_loss=1.73522472382
Iteration 22 of 100: loss=33.336139679 object_loss=31.6005592346 distance_loss=1.73558032513
Iteration 23 of 100: loss=35.7945785522 object_loss=34.0587310791 distance_loss=1.73584783077
Iteration 24 of 100: loss=34.57995224 object_loss=32.8440818787 distance_loss=1.73586881161
Iteration 25 of 100: loss=30.4215660095 object_loss=28.6855373383 distance_loss=1.7360278368
Iteration 26 of 100: loss=34.363319397 object_loss=32.6272850037 distance_loss=1.73603606224
Iteration 27 of 100: loss=33.3563079834 object_loss=31.6202507019 distance_loss=1.73605906963
Iteration 28 of 100: loss=33.5408592224 object_loss=31.8047523499 distance_loss=1.73610591888
Iteration 29 of 100: loss=30.4164028168 object_loss=28.680229187 distance_loss=1.73617386818
Iteration 30 of 100: loss=28.3681774139 object_loss=26.6319103241 distance_loss=1.73626732826
Iteration 31 of 100: loss=35.1380233765 object_loss=33.4015960693 distance_loss=1.73642885685
Iteration 32 of 100: loss=35.314125061 object_loss=33.5779037476 distance_loss=1.73622131348
Iteration 33 of 100: loss=33.9354553223 object_loss=32.1987609863 distance_loss=1.73669624329
Iteration 34 of 100: loss=34.3776435852 object_loss=32.6406974792 distance_loss=1.73694515228
Iteration 35 of 100: loss=34.493434906 object_loss=32.7564086914 distance_loss=1.73702692986
Iteration 36 of 100: loss=34.344745636 object_loss=32.6076774597 distance_loss=1.73706686497
Iteration 37 of 100: loss=34.1878204346 object_loss=32.4506607056 distance_loss=1.73715949059
Iteration 38 of 100: loss=33.6460266113 object_loss=31.9088935852 distance_loss=1.73713445663
Iteration 39 of 100: loss=35.1270942688 object_loss=33.3896751404 distance_loss=1.73741745949
Iteration 40 of 100: loss=35.244556427 object_loss=33.5067443848 distance_loss=1.7378102541
Iteration 41 of 100: loss=35.2626342773 object_loss=33.5249977112 distance_loss=1.73763501644
Iteration 42 of 100: loss=35.0485343933 object_loss=33.310585022 distance_loss=1.73795056343
Iteration 43 of 100: loss=36.3729515076 object_loss=34.634513855 distance_loss=1.7384377718
Iteration 44 of 100: loss=36.8112373352 object_loss=35.072681427 distance_loss=1.73855638504
Iteration 45 of 100: loss=36.8509292603 object_loss=35.1122703552 distance_loss=1.73865735531
Iteration 46 of 100: loss=34.6305389404 object_loss=32.8916625977 distance_loss=1.73887765408
Iteration 47 of 100: loss=34.5726051331 object_loss=32.8335762024 distance_loss=1.73903059959
Iteration 48 of 100: loss=32.6598472595 object_loss=30.9206047058 distance_loss=1.73924267292
Iteration 49 of 100: loss=33.4995689392 object_loss=31.7600727081 distance_loss=1.73949539661
Iteration 50 of 100: loss=33.9353103638 object_loss=32.1957092285 distance_loss=1.73960149288
Iteration 51 of 100: loss=34.5746536255 object_loss=32.834564209 distance_loss=1.74009001255
Iteration 52 of 100: loss=34.5956573486 object_loss=32.8557853699 distance_loss=1.73987257481
Iteration 53 of 100: loss=33.4995117188 object_loss=31.759469986 distance_loss=1.74004340172
Iteration 54 of 100: loss=36.9325447083 object_loss=35.1920394897 distance_loss=1.74050617218
Iteration 55 of 100: loss=38.894153595 object_loss=37.1535797119 distance_loss=1.74057209492
Iteration 56 of 100: loss=43.1793785095 object_loss=41.4392089844 distance_loss=1.74016809464
Iteration 57 of 100: loss=34.1034507751 object_loss=32.362953186 distance_loss=1.74049758911
Iteration 58 of 100: loss=35.5804290771 object_loss=33.8396720886 distance_loss=1.7407554388
Iteration 59 of 100: loss=36.8135452271 object_loss=35.0727005005 distance_loss=1.74084341526
Iteration 60 of 100: loss=39.2513961792 object_loss=37.5104637146 distance_loss=1.74093353748
Iteration 61 of 100: loss=38.5993995667 object_loss=36.8584671021 distance_loss=1.74093389511
Iteration 62 of 100: loss=40.0350074768 object_loss=38.2940292358 distance_loss=1.7409799099
Iteration 63 of 100: loss=41.1334838867 object_loss=39.3923339844 distance_loss=1.7411481142
Iteration 64 of 100: loss=41.8991279602 object_loss=40.157989502 distance_loss=1.74113798141
Iteration 65 of 100: loss=37.7747001648 object_loss=36.0333061218 distance_loss=1.74139392376
Iteration 66 of 100: loss=37.889629364 object_loss=36.1479721069 distance_loss=1.74165630341
Iteration 67 of 100: loss=38.2099304199 object_loss=36.4679985046 distance_loss=1.74193358421
Iteration 68 of 100: loss=34.9853820801 object_loss=33.2433853149 distance_loss=1.74199700356
Iteration 69 of 100: loss=35.0238304138 object_loss=33.2814712524 distance_loss=1.74235737324
Iteration 70 of 100: loss=34.0358009338 object_loss=32.2933387756 distance_loss=1.74246275425
Iteration 71 of 100: loss=34.2944717407 object_loss=32.5518875122 distance_loss=1.74258446693
Iteration 72 of 100: loss=33.397277832 object_loss=31.6546516418 distance_loss=1.74262619019
Iteration 73 of 100: loss=33.9311943054 object_loss=32.1883583069 distance_loss=1.74283564091
Iteration 74 of 100: loss=35.6526184082 object_loss=33.9096031189 distance_loss=1.74301660061
Iteration 75 of 100: loss=35.8655395508 object_loss=34.1224975586 distance_loss=1.74304187298
Iteration 76 of 100: loss=36.196559906 object_loss=34.4534759521 distance_loss=1.74308490753
Iteration 77 of 100: loss=37.2088508606 object_loss=35.4656600952 distance_loss=1.7431923151
Iteration 78 of 100: loss=36.5404243469 object_loss=34.7969017029 distance_loss=1.74352383614
Iteration 79 of 100: loss=34.4006881714 object_loss=32.6567649841 distance_loss=1.7439249754
Iteration 80 of 100: loss=35.6388320923 object_loss=33.8951568604 distance_loss=1.74367380142
Iteration 81 of 100: loss=37.2214736938 object_loss=35.477848053 distance_loss=1.74362468719
Iteration 82 of 100: loss=35.840221405 object_loss=34.0963287354 distance_loss=1.743891716
Iteration 83 of 100: loss=39.3553619385 object_loss=37.6111335754 distance_loss=1.74422872066
Iteration 84 of 100: loss=38.5731391907 object_loss=36.828578949 distance_loss=1.74455845356
Iteration 85 of 100: loss=37.3369255066 object_loss=35.5918197632 distance_loss=1.74510490894
Iteration 86 of 100: loss=38.4452438354 object_loss=36.6999092102 distance_loss=1.7453328371
Iteration 87 of 100: loss=33.7979621887 object_loss=32.052230835 distance_loss=1.74573194981
Iteration 88 of 100: loss=35.3260574341 object_loss=33.5801391602 distance_loss=1.74591875076
Iteration 89 of 100: loss=39.954750061 object_loss=38.2084693909 distance_loss=1.74628221989
Iteration 90 of 100: loss=38.0083770752 object_loss=36.2615966797 distance_loss=1.74678122997
Iteration 91 of 100: loss=39.217754364 object_loss=37.470703125 distance_loss=1.74705016613
Iteration 92 of 100: loss=39.9460983276 object_loss=38.1997299194 distance_loss=1.74636757374
Iteration 93 of 100: loss=35.5633430481 object_loss=33.8170967102 distance_loss=1.74624586105
Iteration 94 of 100: loss=38.0264358521 object_loss=36.2801361084 distance_loss=1.74629855156
Iteration 95 of 100: loss=36.6668510437 object_loss=34.9206428528 distance_loss=1.74620950222
Iteration 96 of 100: loss=39.844455719 object_loss=38.0983734131 distance_loss=1.74608099461
Iteration 97 of 100: loss=39.6125946045 object_loss=37.8666191101 distance_loss=1.74597382545
Iteration 98 of 100: loss=39.5545501709 object_loss=37.808631897 distance_loss=1.74592018127
Iteration 99 of 100: loss=39.2253608704 object_loss=37.479434967 distance_loss=1.74592518806
Iteration 0 of 100: loss=37.288860321 object_loss=35.5429611206 distance_loss=1.74589776993
Iteration 1 of 100: loss=38.5356941223 object_loss=36.7901039124 distance_loss=1.74558901787
Iteration 2 of 100: loss=38.7464942932 object_loss=37.0009155273 distance_loss=1.74557697773
Iteration 3 of 100: loss=36.5459442139 object_loss=34.8001365662 distance_loss=1.74580681324
Iteration 4 of 100: loss=40.5799942017 object_loss=38.8341369629 distance_loss=1.74585652351
Iteration 5 of 100: loss=41.1966133118 object_loss=39.450668335 distance_loss=1.74594318867
Iteration 6 of 100: loss=41.3360786438 object_loss=39.5900878906 distance_loss=1.74598920345
Iteration 7 of 100: loss=40.726146698 object_loss=38.9801635742 distance_loss=1.74598157406
Iteration 8 of 100: loss=39.494644165 object_loss=37.7486801147 distance_loss=1.74596464634
Iteration 9 of 100: loss=46.1580200195 object_loss=44.4120063782 distance_loss=1.74601328373
Iteration 10 of 100: loss=43.0916671753 object_loss=41.3457832336 distance_loss=1.74588322639
Iteration 11 of 100: loss=40.4442863464 object_loss=38.6984634399 distance_loss=1.74582386017
Iteration 12 of 100: loss=42.15625 object_loss=40.4107589722 distance_loss=1.74549078941
Iteration 13 of 100: loss=42.3245620728 object_loss=40.5789718628 distance_loss=1.7455919981
Iteration 14 of 100: loss=40.8718681335 object_loss=39.1265068054 distance_loss=1.74536156654
Iteration 15 of 100: loss=40.213306427 object_loss=38.4683303833 distance_loss=1.74497592449
Iteration 16 of 100: loss=40.6395263672 object_loss=38.8948745728 distance_loss=1.74465286732
Iteration 17 of 100: loss=39.5050926208 object_loss=37.7602119446 distance_loss=1.74488079548
Iteration 18 of 100: loss=40.6526489258 object_loss=38.9076118469 distance_loss=1.74503719807
Iteration 19 of 100: loss=38.2753677368 object_loss=36.5299720764 distance_loss=1.74539542198
Iteration 20 of 100: loss=40.0145492554 object_loss=38.2688941956 distance_loss=1.74565458298
Iteration 21 of 100: loss=40.0900154114 object_loss=38.3438606262 distance_loss=1.74615645409
Iteration 22 of 100: loss=40.2506561279 object_loss=38.5042076111 distance_loss=1.74644708633
Iteration 23 of 100: loss=40.3386116028 object_loss=38.5915908813 distance_loss=1.74702072144
Iteration 24 of 100: loss=40.1319770813 object_loss=38.3845596313 distance_loss=1.74741566181
Iteration 25 of 100: loss=40.3073158264 object_loss=38.5596122742 distance_loss=1.7477042675
Iteration 26 of 100: loss=41.4563827515 object_loss=39.7080497742 distance_loss=1.74833321571
Iteration 27 of 100: loss=39.3626899719 object_loss=37.6140213013 distance_loss=1.74866855145
Iteration 28 of 100: loss=40.6051635742 object_loss=38.8564414978 distance_loss=1.74872279167
Iteration 29 of 100: loss=41.1975059509 object_loss=39.4484024048 distance_loss=1.74910330772
Iteration 30 of 100: loss=39.304473877 object_loss=37.5547943115 distance_loss=1.74967968464
Iteration 31 of 100: loss=39.0665588379 object_loss=37.3167114258 distance_loss=1.74984872341
Iteration 32 of 100: loss=39.140712738 object_loss=37.3909568787 distance_loss=1.74975728989
Iteration 33 of 100: loss=39.7863616943 object_loss=38.0362968445 distance_loss=1.75006568432
Iteration 34 of 100: loss=39.497089386 object_loss=37.7468070984 distance_loss=1.75028324127
Iteration 35 of 100: loss=40.8622817993 object_loss=39.1117172241 distance_loss=1.75056636333
Iteration 36 of 100: loss=39.9281806946 object_loss=38.1778450012 distance_loss=1.75033438206
Iteration 37 of 100: loss=40.4409141541 object_loss=38.6907730103 distance_loss=1.75014042854
Iteration 38 of 100: loss=42.9149971008 object_loss=41.1648674011 distance_loss=1.75012993813
Iteration 39 of 100: loss=43.0191459656 object_loss=41.2689819336 distance_loss=1.75016343594
Iteration 40 of 100: loss=43.2144203186 object_loss=41.464515686 distance_loss=1.74990284443
Iteration 41 of 100: loss=42.364982605 object_loss=40.6150474548 distance_loss=1.74993383884
Iteration 42 of 100: loss=43.7137413025 object_loss=41.964012146 distance_loss=1.74973058701
Iteration 43 of 100: loss=42.7795562744 object_loss=41.0299301147 distance_loss=1.74962747097
Iteration 44 of 100: loss=41.645111084 object_loss=39.8954238892 distance_loss=1.74968624115
Iteration 45 of 100: loss=42.0788612366 object_loss=40.3291053772 distance_loss=1.74975526333
Iteration 46 of 100: loss=41.0241165161 object_loss=39.2740440369 distance_loss=1.75007236004
Iteration 47 of 100: loss=42.930393219 object_loss=41.1800956726 distance_loss=1.75029659271
Iteration 48 of 100: loss=44.0840263367 object_loss=42.3335418701 distance_loss=1.75048315525
Iteration 49 of 100: loss=43.4164085388 object_loss=41.6655807495 distance_loss=1.75082933903
Iteration 50 of 100: loss=42.661026001 object_loss=40.9097976685 distance_loss=1.75122916698
Iteration 51 of 100: loss=42.3045501709 object_loss=40.5529022217 distance_loss=1.75164830685
Iteration 52 of 100: loss=42.6076774597 object_loss=40.8561439514 distance_loss=1.75153291225
Iteration 53 of 100: loss=42.5384216309 object_loss=40.786403656 distance_loss=1.75201916695
Iteration 54 of 100: loss=42.3700027466 object_loss=40.617729187 distance_loss=1.75227308273
Iteration 55 of 100: loss=42.6894721985 object_loss=40.9370193481 distance_loss=1.75245368481
Iteration 56 of 100: loss=43.211605072 object_loss=41.4590339661 distance_loss=1.75257229805
Iteration 57 of 100: loss=43.7075157166 object_loss=41.9546432495 distance_loss=1.7528731823
Iteration 58 of 100: loss=43.8161201477 object_loss=42.0627212524 distance_loss=1.75339853764
Iteration 59 of 100: loss=42.7409286499 object_loss=40.9870147705 distance_loss=1.75391316414
Iteration 60 of 100: loss=41.5222053528 object_loss=39.7681465149 distance_loss=1.75405752659
Iteration 61 of 100: loss=43.9708137512 object_loss=42.2165679932 distance_loss=1.75424730778
Iteration 62 of 100: loss=44.9648590088 object_loss=43.2100601196 distance_loss=1.75479853153
Iteration 63 of 100: loss=44.8277282715 object_loss=43.072429657 distance_loss=1.75529813766
Iteration 64 of 100: loss=43.3653182983 object_loss=41.6099319458 distance_loss=1.7553845644
Iteration 65 of 100: loss=42.2669944763 object_loss=40.5112915039 distance_loss=1.75570225716
Iteration 66 of 100: loss=42.200881958 object_loss=40.4449882507 distance_loss=1.75589239597
Iteration 67 of 100: loss=43.6595840454 object_loss=41.9036102295 distance_loss=1.75597345829
Iteration 68 of 100: loss=40.7619934082 object_loss=39.0058517456 distance_loss=1.75614202023
Iteration 69 of 100: loss=44.2334403992 object_loss=42.476776123 distance_loss=1.75666534901
Iteration 70 of 100: loss=41.5893554688 object_loss=39.8324699402 distance_loss=1.75688529015
Iteration 71 of 100: loss=45.1320343018 object_loss=43.3748207092 distance_loss=1.75721240044
Iteration 72 of 100: loss=45.7399787903 object_loss=43.9826126099 distance_loss=1.75736558437
Iteration 73 of 100: loss=42.865978241 object_loss=41.1084861755 distance_loss=1.75749206543
Iteration 74 of 100: loss=43.7506904602 object_loss=41.9930992126 distance_loss=1.75759243965
Iteration 75 of 100: loss=42.5761642456 object_loss=40.8182258606 distance_loss=1.75794029236
Iteration 76 of 100: loss=40.4466934204 object_loss=38.6886024475 distance_loss=1.75808942318
Iteration 77 of 100: loss=38.2087059021 object_loss=36.4501304626 distance_loss=1.75857484341
Iteration 78 of 100: loss=41.7873077393 object_loss=40.0284423828 distance_loss=1.75886726379
Iteration 79 of 100: loss=42.3757514954 object_loss=40.6164360046 distance_loss=1.75931596756
Iteration 80 of 100: loss=42.7512969971 object_loss=40.9914894104 distance_loss=1.75980722904
Iteration 81 of 100: loss=40.8067245483 object_loss=39.0467643738 distance_loss=1.75996100903
Iteration 82 of 100: loss=42.4137382507 object_loss=40.6536216736 distance_loss=1.76011633873
Iteration 83 of 100: loss=45.1007499695 object_loss=43.3403739929 distance_loss=1.76037704945
Iteration 84 of 100: loss=44.6421585083 object_loss=42.8814697266 distance_loss=1.76068735123
Iteration 85 of 100: loss=45.0159339905 object_loss=43.255027771 distance_loss=1.76090478897
Iteration 86 of 100: loss=44.369304657 object_loss=42.6079025269 distance_loss=1.76140296459
Iteration 87 of 100: loss=45.1986312866 object_loss=43.4368667603 distance_loss=1.7617636919
Iteration 88 of 100: loss=43.5634269714 object_loss=41.8017349243 distance_loss=1.76169335842
Iteration 89 of 100: loss=43.6242141724 object_loss=41.862159729 distance_loss=1.76205515862
Iteration 90 of 100: loss=43.2266311646 object_loss=41.4641227722 distance_loss=1.76250970364
Iteration 91 of 100: loss=43.5326843262 object_loss=41.7699050903 distance_loss=1.76277816296
Iteration 92 of 100: loss=43.6489334106 object_loss=41.8861160278 distance_loss=1.76281619072
Iteration 93 of 100: loss=43.7296714783 object_loss=41.9662246704 distance_loss=1.76344585419
Iteration 94 of 100: loss=44.4211502075 object_loss=42.6573219299 distance_loss=1.76382684708
Iteration 95 of 100: loss=44.5618286133 object_loss=42.797580719 distance_loss=1.76424849033
Iteration 96 of 100: loss=42.8145179749 object_loss=41.0503959656 distance_loss=1.76412332058
Iteration 97 of 100: loss=44.7151565552 object_loss=42.9510116577 distance_loss=1.76414525509
Iteration 98 of 100: loss=44.1743392944 object_loss=42.409866333 distance_loss=1.76447379589
Iteration 99 of 100: loss=44.0348167419 object_loss=42.2700195312 distance_loss=1.764798522
Iteration 0 of 100: loss=42.8187980652 object_loss=41.0539779663 distance_loss=1.76482081413
Iteration 1 of 100: loss=42.3080711365 object_loss=40.5429458618 distance_loss=1.76512610912
Iteration 2 of 100: loss=42.954914093 object_loss=41.1894187927 distance_loss=1.76549577713
Iteration 3 of 100: loss=42.7184753418 object_loss=40.9528160095 distance_loss=1.76566016674
Iteration 4 of 100: loss=44.5308876038 object_loss=42.7650642395 distance_loss=1.76582348347
Iteration 5 of 100: loss=43.868686676 object_loss=42.1027679443 distance_loss=1.76591765881
Iteration 6 of 100: loss=43.729724884 object_loss=41.963809967 distance_loss=1.76591396332
Iteration 7 of 100: loss=42.6668930054 object_loss=40.9008636475 distance_loss=1.76602745056
Iteration 8 of 100: loss=42.5803070068 object_loss=40.814289093 distance_loss=1.76601755619
Iteration 9 of 100: loss=42.1641426086 object_loss=40.3981704712 distance_loss=1.7659714222
Iteration 10 of 100: loss=42.287147522 object_loss=40.5210113525 distance_loss=1.76613688469
Iteration 11 of 100: loss=42.2045555115 object_loss=40.4383544922 distance_loss=1.7661999464
Iteration 12 of 100: loss=41.1996154785 object_loss=39.4338912964 distance_loss=1.76572370529
Iteration 13 of 100: loss=45.2086410522 object_loss=43.4424552917 distance_loss=1.76618599892
Iteration 14 of 100: loss=43.193145752 object_loss=41.4267807007 distance_loss=1.76636517048
Iteration 15 of 100: loss=41.3594207764 object_loss=39.5931243896 distance_loss=1.76629590988
Iteration 16 of 100: loss=45.5577468872 object_loss=43.7916030884 distance_loss=1.76614427567
Iteration 17 of 100: loss=41.5474853516 object_loss=39.7815742493 distance_loss=1.76591134071
Iteration 18 of 100: loss=43.8231506348 object_loss=42.0574073792 distance_loss=1.76574337482
Iteration 19 of 100: loss=41.4192848206 object_loss=39.6533889771 distance_loss=1.76589715481
Iteration 20 of 100: loss=43.6988983154 object_loss=41.9329605103 distance_loss=1.76593697071
Iteration 21 of 100: loss=40.6441841125 object_loss=38.8784599304 distance_loss=1.76572370529
Iteration 22 of 100: loss=41.6602058411 object_loss=39.8946647644 distance_loss=1.7655428648
Iteration 23 of 100: loss=44.1430130005 object_loss=42.3774337769 distance_loss=1.76557815075
Iteration 24 of 100: loss=39.5244407654 object_loss=37.7588768005 distance_loss=1.76556551456
Iteration 25 of 100: loss=39.6314620972 object_loss=37.8658370972 distance_loss=1.76562559605
Iteration 26 of 100: loss=40.5533752441 object_loss=38.7877006531 distance_loss=1.76567530632
Iteration 27 of 100: loss=38.368309021 object_loss=36.6023750305 distance_loss=1.76593577862
Iteration 28 of 100: loss=35.6153450012 object_loss=33.8492889404 distance_loss=1.76605737209
Iteration 29 of 100: loss=36.6203918457 object_loss=34.8542289734 distance_loss=1.76616191864
Iteration 30 of 100: loss=36.8878631592 object_loss=35.1216087341 distance_loss=1.76625490189
Iteration 31 of 100: loss=36.3180618286 object_loss=34.5517654419 distance_loss=1.76629447937
Iteration 32 of 100: loss=37.9927825928 object_loss=36.2268295288 distance_loss=1.76595401764
Iteration 33 of 100: loss=38.8632240295 object_loss=37.0970077515 distance_loss=1.76621496677
Iteration 34 of 100: loss=36.9802398682 object_loss=35.2140693665 distance_loss=1.76616990566
Iteration 35 of 100: loss=37.1657333374 object_loss=35.3997497559 distance_loss=1.76598238945
Iteration 36 of 100: loss=39.3158340454 object_loss=37.5502281189 distance_loss=1.76560425758
Iteration 37 of 100: loss=40.8310852051 object_loss=39.0657577515 distance_loss=1.76532888412
Iteration 38 of 100: loss=41.4419059753 object_loss=39.6765899658 distance_loss=1.76531624794
Iteration 39 of 100: loss=40.8274459839 object_loss=39.0618743896 distance_loss=1.76556992531
Iteration 40 of 100: loss=42.0974960327 object_loss=40.3315467834 distance_loss=1.76595032215
Iteration 41 of 100: loss=40.9763183594 object_loss=39.2100906372 distance_loss=1.76622700691
Iteration 42 of 100: loss=42.6268577576 object_loss=40.8603019714 distance_loss=1.76655471325
Iteration 43 of 100: loss=42.7831954956 object_loss=41.0163879395 distance_loss=1.76680636406
Iteration 44 of 100: loss=42.582485199 object_loss=40.8155059814 distance_loss=1.76697933674
Iteration 45 of 100: loss=42.46068573 object_loss=40.6935348511 distance_loss=1.76715147495
Iteration 46 of 100: loss=43.9058609009 object_loss=42.1385536194 distance_loss=1.76730883121
Iteration 47 of 100: loss=43.2380027771 object_loss=41.4703979492 distance_loss=1.76760542393
Iteration 48 of 100: loss=43.2645530701 object_loss=41.4970054626 distance_loss=1.76754629612
Iteration 49 of 100: loss=43.1377944946 object_loss=41.3700714111 distance_loss=1.76772427559
Iteration 50 of 100: loss=42.6569900513 object_loss=40.8892021179 distance_loss=1.76778900623
Iteration 51 of 100: loss=42.3109588623 object_loss=40.5431480408 distance_loss=1.76781237125
Iteration 52 of 100: loss=42.2566223145 object_loss=40.4889602661 distance_loss=1.76766216755
Iteration 53 of 100: loss=41.8816833496 object_loss=40.1138114929 distance_loss=1.76787209511
Iteration 54 of 100: loss=41.7262687683 object_loss=39.9584541321 distance_loss=1.76781404018
Iteration 55 of 100: loss=43.0628433228 object_loss=41.2950820923 distance_loss=1.76775932312
Iteration 56 of 100: loss=43.163269043 object_loss=41.3957939148 distance_loss=1.76747655869
Iteration 57 of 100: loss=44.9025192261 object_loss=43.1351966858 distance_loss=1.76732373238
Iteration 58 of 100: loss=44.9303627014 object_loss=43.1630554199 distance_loss=1.76730775833
Iteration 59 of 100: loss=44.9480361938 object_loss=43.180683136 distance_loss=1.7673522234
Iteration 60 of 100: loss=44.0187034607 object_loss=42.2517547607 distance_loss=1.76694691181
Iteration 61 of 100: loss=43.6297569275 object_loss=41.8632125854 distance_loss=1.76654577255
Iteration 62 of 100: loss=43.0094718933 object_loss=41.2430801392 distance_loss=1.76639270782
Iteration 63 of 100: loss=43.1180305481 object_loss=41.3516921997 distance_loss=1.76633870602
Iteration 64 of 100: loss=42.912612915 object_loss=41.1463356018 distance_loss=1.76627647877
Iteration 65 of 100: loss=43.0392494202 object_loss=41.2732315063 distance_loss=1.76601672173
Iteration 66 of 100: loss=43.0692596436 object_loss=41.3034172058 distance_loss=1.76584291458
Iteration 67 of 100: loss=44.8433380127 object_loss=43.0774154663 distance_loss=1.76592195034
Iteration 68 of 100: loss=45.0203094482 object_loss=43.2547149658 distance_loss=1.765594244
Iteration 69 of 100: loss=44.0250320435 object_loss=42.2595977783 distance_loss=1.76543450356
Iteration 70 of 100: loss=44.9867630005 object_loss=43.2211380005 distance_loss=1.76562547684
Iteration 71 of 100: loss=45.0870170593 object_loss=43.3214111328 distance_loss=1.76560688019
Iteration 72 of 100: loss=45.5471611023 object_loss=43.7821578979 distance_loss=1.76500296593
Iteration 73 of 100: loss=46.0861167908 object_loss=44.3210868835 distance_loss=1.76503157616
Iteration 74 of 100: loss=46.2167358398 object_loss=44.451587677 distance_loss=1.76514804363
Iteration 75 of 100: loss=44.0135726929 object_loss=42.2486038208 distance_loss=1.76496732235
Iteration 76 of 100: loss=42.8347129822 object_loss=41.0698432922 distance_loss=1.76487064362
Iteration 77 of 100: loss=45.158706665 object_loss=43.3936004639 distance_loss=1.76510560513
Iteration 78 of 100: loss=46.8344764709 object_loss=45.0692443848 distance_loss=1.76523339748
Iteration 79 of 100: loss=41.9442329407 object_loss=40.1787338257 distance_loss=1.76549756527
Iteration 80 of 100: loss=42.771030426 object_loss=41.0053596497 distance_loss=1.76566898823
Iteration 81 of 100: loss=41.2919273376 object_loss=39.5261001587 distance_loss=1.76582551003
Iteration 82 of 100: loss=39.3003387451 object_loss=37.534324646 distance_loss=1.76601326466
Iteration 83 of 100: loss=38.9400787354 object_loss=37.1739883423 distance_loss=1.76609039307
Iteration 84 of 100: loss=39.1876411438 object_loss=37.4216003418 distance_loss=1.76604247093
Iteration 85 of 100: loss=39.3233299255 object_loss=37.5570220947 distance_loss=1.76630783081
Iteration 86 of 100: loss=36.2355575562 object_loss=34.4691467285 distance_loss=1.76641130447
Iteration 87 of 100: loss=39.3414993286 object_loss=37.5750350952 distance_loss=1.76646327972
Iteration 88 of 100: loss=41.3963851929 object_loss=39.6298561096 distance_loss=1.766528368
Iteration 89 of 100: loss=42.0345573425 object_loss=40.2678070068 distance_loss=1.76675105095
Iteration 90 of 100: loss=43.5686912537 object_loss=41.8018264771 distance_loss=1.76686584949
Iteration 91 of 100: loss=42.476764679 object_loss=40.7095451355 distance_loss=1.76722061634
Iteration 92 of 100: loss=41.8157157898 object_loss=40.048324585 distance_loss=1.76739096642
Iteration 93 of 100: loss=40.2320098877 object_loss=38.4643058777 distance_loss=1.76770472527
Iteration 94 of 100: loss=40.4752731323 object_loss=38.7072067261 distance_loss=1.76806521416
Iteration 95 of 100: loss=41.4595146179 object_loss=39.6913299561 distance_loss=1.76818311214
Iteration 96 of 100: loss=41.1744422913 object_loss=39.4061813354 distance_loss=1.76825928688
Iteration 97 of 100: loss=38.9803695679 object_loss=37.2118148804 distance_loss=1.76855325699
Iteration 98 of 100: loss=40.4691543579 object_loss=38.7003555298 distance_loss=1.76879787445
Iteration 99 of 100: loss=40.3078994751 object_loss=38.538848877 distance_loss=1.76905155182
Iteration 0 of 100: loss=41.6415328979 object_loss=39.8722305298 distance_loss=1.76930224895
Iteration 1 of 100: loss=42.9236831665 object_loss=41.1542243958 distance_loss=1.76945722103
Iteration 2 of 100: loss=42.14320755 object_loss=40.3736915588 distance_loss=1.76951420307
Iteration 3 of 100: loss=42.1415100098 object_loss=40.3715286255 distance_loss=1.76998245716
Iteration 4 of 100: loss=43.7512054443 object_loss=41.9811592102 distance_loss=1.77004611492
Iteration 5 of 100: loss=44.2641716003 object_loss=42.4939575195 distance_loss=1.77021574974
Iteration 6 of 100: loss=44.3505821228 object_loss=42.5800857544 distance_loss=1.77049684525
Iteration 7 of 100: loss=43.9099884033 object_loss=42.1393890381 distance_loss=1.7705975771
Iteration 8 of 100: loss=43.8738746643 object_loss=42.1034507751 distance_loss=1.77042520046
Iteration 9 of 100: loss=43.8702316284 object_loss=42.0995559692 distance_loss=1.77067697048
Iteration 10 of 100: loss=42.3866729736 object_loss=40.6158943176 distance_loss=1.77077937126
Iteration 11 of 100: loss=42.7055664062 object_loss=40.9348297119 distance_loss=1.77073633671
Iteration 12 of 100: loss=42.9331169128 object_loss=41.1622543335 distance_loss=1.77086400986
Iteration 13 of 100: loss=42.2997322083 object_loss=40.5281829834 distance_loss=1.77154958248
Iteration 14 of 100: loss=41.8369483948 object_loss=40.0647659302 distance_loss=1.77218079567
Iteration 15 of 100: loss=41.9458618164 object_loss=40.1732788086 distance_loss=1.7725840807
Iteration 16 of 100: loss=42.8934326172 object_loss=41.120716095 distance_loss=1.77271819115
Iteration 17 of 100: loss=41.5211372375 object_loss=39.7482833862 distance_loss=1.77285432816
Iteration 18 of 100: loss=40.8092803955 object_loss=39.0361213684 distance_loss=1.77315974236
Iteration 19 of 100: loss=40.3744468689 object_loss=38.6008911133 distance_loss=1.77355456352
Iteration 20 of 100: loss=41.6555404663 object_loss=39.8818283081 distance_loss=1.77371060848
Iteration 21 of 100: loss=40.6620483398 object_loss=38.8880310059 distance_loss=1.77401804924
Iteration 22 of 100: loss=41.2885017395 object_loss=39.5140228271 distance_loss=1.77447879314
Iteration 23 of 100: loss=41.6920166016 object_loss=39.9170608521 distance_loss=1.77495384216
Iteration 24 of 100: loss=42.6847305298 object_loss=40.9094467163 distance_loss=1.77528440952
Iteration 25 of 100: loss=43.796585083 object_loss=42.0211143494 distance_loss=1.77547097206
Iteration 26 of 100: loss=41.7102355957 object_loss=39.9344711304 distance_loss=1.77576625347
Iteration 27 of 100: loss=42.7003211975 object_loss=40.924369812 distance_loss=1.77595281601
Iteration 28 of 100: loss=45.5017776489 object_loss=43.725643158 distance_loss=1.77613353729
Iteration 29 of 100: loss=45.5858764648 object_loss=43.8095245361 distance_loss=1.7763518095
Iteration 30 of 100: loss=45.1165161133 object_loss=43.3398780823 distance_loss=1.77663981915
Iteration 31 of 100: loss=43.2346496582 object_loss=41.4576721191 distance_loss=1.77697622776
Iteration 32 of 100: loss=43.1289825439 object_loss=41.3523712158 distance_loss=1.77661275864
Iteration 33 of 100: loss=43.2203407288 object_loss=41.4434051514 distance_loss=1.77693545818
Iteration 34 of 100: loss=43.3943061829 object_loss=41.6171760559 distance_loss=1.77713179588
Iteration 35 of 100: loss=44.2712364197 object_loss=42.4940452576 distance_loss=1.77719020844
Iteration 36 of 100: loss=45.1611328125 object_loss=43.3841514587 distance_loss=1.77698135376
Iteration 37 of 100: loss=43.789894104 object_loss=42.0128135681 distance_loss=1.77707862854
Iteration 38 of 100: loss=43.8095817566 object_loss=42.0323867798 distance_loss=1.7771936655
Iteration 39 of 100: loss=43.6446037292 object_loss=41.8670310974 distance_loss=1.77757263184
Iteration 40 of 100: loss=44.8316116333 object_loss=43.0537528992 distance_loss=1.77785968781
Iteration 41 of 100: loss=44.3209381104 object_loss=42.5429611206 distance_loss=1.77797782421
Iteration 42 of 100: loss=46.2144775391 object_loss=44.4360618591 distance_loss=1.77841734886
Iteration 43 of 100: loss=45.5080909729 object_loss=43.7292022705 distance_loss=1.77888858318
Iteration 44 of 100: loss=46.2202186584 object_loss=44.4413452148 distance_loss=1.77887165546
Iteration 45 of 100: loss=44.6891288757 object_loss=42.9098930359 distance_loss=1.77923440933
Iteration 46 of 100: loss=44.8182907104 object_loss=43.0386886597 distance_loss=1.77960348129
Iteration 47 of 100: loss=44.9280891418 object_loss=43.1482315063 distance_loss=1.77985870838
Iteration 48 of 100: loss=44.6403541565 object_loss=42.8600349426 distance_loss=1.78031909466
Iteration 49 of 100: loss=47.7547073364 object_loss=45.9740715027 distance_loss=1.78063714504
Iteration 50 of 100: loss=46.4157409668 object_loss=44.6347694397 distance_loss=1.78097188473
Iteration 51 of 100: loss=44.9866867065 object_loss=43.2053909302 distance_loss=1.78129398823
Iteration 52 of 100: loss=44.1938400269 object_loss=42.4124412537 distance_loss=1.78139710426
Iteration 53 of 100: loss=43.6970100403 object_loss=41.915271759 distance_loss=1.78173720837
Iteration 54 of 100: loss=40.7869110107 object_loss=39.0046424866 distance_loss=1.7822675705
Iteration 55 of 100: loss=40.3042144775 object_loss=38.5215950012 distance_loss=1.78261864185
Iteration 56 of 100: loss=36.9478149414 object_loss=35.1652069092 distance_loss=1.78260684013
Iteration 57 of 100: loss=37.9983901978 object_loss=36.2154273987 distance_loss=1.78296279907
Iteration 58 of 100: loss=39.00025177 object_loss=37.2169952393 distance_loss=1.78325641155
Iteration 59 of 100: loss=38.1833724976 object_loss=36.399772644 distance_loss=1.78360128403
Iteration 60 of 100: loss=36.6471328735 object_loss=34.8631324768 distance_loss=1.7840013504
Iteration 61 of 100: loss=38.5672912598 object_loss=36.7830657959 distance_loss=1.78422653675
Iteration 62 of 100: loss=39.885307312 object_loss=38.1010131836 distance_loss=1.78429245949
Iteration 63 of 100: loss=40.3939933777 object_loss=38.6093673706 distance_loss=1.78462767601
Iteration 64 of 100: loss=35.7557983398 object_loss=33.9709472656 distance_loss=1.78484928608
Iteration 65 of 100: loss=35.1831932068 object_loss=33.3980712891 distance_loss=1.78512179852
Iteration 66 of 100: loss=35.8498573303 object_loss=34.0644760132 distance_loss=1.78538179398
Iteration 67 of 100: loss=37.8661689758 object_loss=36.0806465149 distance_loss=1.78552246094
Iteration 68 of 100: loss=37.8542671204 object_loss=36.0687446594 distance_loss=1.78552377224
Iteration 69 of 100: loss=39.1931343079 object_loss=37.4072418213 distance_loss=1.78589105606
Iteration 70 of 100: loss=39.5331420898 object_loss=37.746837616 distance_loss=1.78630292416
Iteration 71 of 100: loss=39.7791595459 object_loss=37.9925727844 distance_loss=1.78658699989
Iteration 72 of 100: loss=40.3430557251 object_loss=38.5565071106 distance_loss=1.78654682636
Iteration 73 of 100: loss=40.6905632019 object_loss=38.9035835266 distance_loss=1.78698050976
Iteration 74 of 100: loss=41.5216636658 object_loss=39.7345085144 distance_loss=1.7871543169
Iteration 75 of 100: loss=42.3049926758 object_loss=40.5176849365 distance_loss=1.78730821609
Iteration 76 of 100: loss=42.2760047913 object_loss=40.4887695312 distance_loss=1.78723347187
Iteration 77 of 100: loss=41.631061554 object_loss=39.8438873291 distance_loss=1.78717505932
Iteration 78 of 100: loss=42.4451293945 object_loss=40.6578178406 distance_loss=1.78731060028
Iteration 79 of 100: loss=42.421546936 object_loss=40.6342773438 distance_loss=1.78726887703
Iteration 80 of 100: loss=42.2497291565 object_loss=40.4626197815 distance_loss=1.78710913658
Iteration 81 of 100: loss=42.8264961243 object_loss=41.0394744873 distance_loss=1.78702235222
Iteration 82 of 100: loss=43.8790664673 object_loss=42.0918464661 distance_loss=1.78721833229
Iteration 83 of 100: loss=43.6226997375 object_loss=41.8354110718 distance_loss=1.78728842735
Iteration 84 of 100: loss=43.9333381653 object_loss=42.1458930969 distance_loss=1.78744637966
Iteration 85 of 100: loss=43.7809371948 object_loss=41.9934196472 distance_loss=1.7875161171
Iteration 86 of 100: loss=43.7799949646 object_loss=41.9924087524 distance_loss=1.78758692741
Iteration 87 of 100: loss=43.5479660034 object_loss=41.7603607178 distance_loss=1.78760564327
Iteration 88 of 100: loss=43.0191040039 object_loss=41.2316093445 distance_loss=1.78749513626
Iteration 89 of 100: loss=42.8339271545 object_loss=41.0462646484 distance_loss=1.78766334057
Iteration 90 of 100: loss=43.6515464783 object_loss=41.8639221191 distance_loss=1.78762483597
Iteration 91 of 100: loss=43.1330413818 object_loss=41.3453979492 distance_loss=1.78764259815
Iteration 92 of 100: loss=43.2108306885 object_loss=41.4235916138 distance_loss=1.78724086285
Iteration 93 of 100: loss=43.2093734741 object_loss=41.4219169617 distance_loss=1.7874546051
Iteration 94 of 100: loss=40.8067703247 object_loss=39.0192604065 distance_loss=1.78750920296
Iteration 95 of 100: loss=42.4107551575 object_loss=40.6232452393 distance_loss=1.78751003742
Iteration 96 of 100: loss=44.8784675598 object_loss=43.0910263062 distance_loss=1.78744244576
Iteration 97 of 100: loss=42.9969406128 object_loss=41.2098388672 distance_loss=1.7871016264
Iteration 98 of 100: loss=43.4838027954 object_loss=41.6971244812 distance_loss=1.78668010235
Iteration 99 of 100: loss=40.8714599609 object_loss=39.0850296021 distance_loss=1.78643023968
Iteration 0 of 100: loss=42.4356956482 object_loss=40.6496238708 distance_loss=1.78607201576
Iteration 1 of 100: loss=42.1085510254 object_loss=40.3231544495 distance_loss=1.78539836407
Iteration 2 of 100: loss=44.6886749268 object_loss=42.9038162231 distance_loss=1.78486013412
Iteration 3 of 100: loss=43.8149681091 object_loss=42.0304450989 distance_loss=1.78452277184
Iteration 4 of 100: loss=42.2305107117 object_loss=40.4465332031 distance_loss=1.7839769125
Iteration 5 of 100: loss=45.4176559448 object_loss=43.6341896057 distance_loss=1.78346586227
Iteration 6 of 100: loss=43.7584533691 object_loss=41.9751853943 distance_loss=1.78326880932
Iteration 7 of 100: loss=43.1750259399 object_loss=41.3920898438 distance_loss=1.78293669224
Iteration 8 of 100: loss=43.1462631226 object_loss=41.3636245728 distance_loss=1.78263914585
Iteration 9 of 100: loss=40.0553131104 object_loss=38.2724227905 distance_loss=1.78288865089
Iteration 10 of 100: loss=43.3996353149 object_loss=41.6163368225 distance_loss=1.7832968235
Iteration 11 of 100: loss=43.8679962158 object_loss=42.0842437744 distance_loss=1.78375077248
Iteration 12 of 100: loss=40.30418396 object_loss=38.5204696655 distance_loss=1.78371238708
Iteration 13 of 100: loss=42.1185493469 object_loss=40.3345718384 distance_loss=1.78397870064
Iteration 14 of 100: loss=38.8284111023 object_loss=37.0440444946 distance_loss=1.78436720371
Iteration 15 of 100: loss=40.9440460205 object_loss=39.1595878601 distance_loss=1.78445982933
Iteration 16 of 100: loss=38.7615280151 object_loss=36.9774169922 distance_loss=1.7841129303
Iteration 17 of 100: loss=37.8929138184 object_loss=36.1086425781 distance_loss=1.78427243233
Iteration 18 of 100: loss=37.1070823669 object_loss=35.3227005005 distance_loss=1.78438282013
Iteration 19 of 100: loss=37.297618866 object_loss=35.5133056641 distance_loss=1.78431284428
Iteration 20 of 100: loss=39.2043151855 object_loss=37.419960022 distance_loss=1.78435587883
Iteration 21 of 100: loss=37.9300765991 object_loss=36.1454238892 distance_loss=1.7846518755
Iteration 22 of 100: loss=38.8927497864 object_loss=37.108039856 distance_loss=1.78471159935
Iteration 23 of 100: loss=40.363155365 object_loss=38.5781211853 distance_loss=1.78503370285
Iteration 24 of 100: loss=39.8964576721 object_loss=38.1110610962 distance_loss=1.78539645672
Iteration 25 of 100: loss=41.3364944458 object_loss=39.5510749817 distance_loss=1.78541815281
Iteration 26 of 100: loss=40.7543640137 object_loss=38.9689331055 distance_loss=1.78543138504
Iteration 27 of 100: loss=40.2230682373 object_loss=38.4378204346 distance_loss=1.78524696827
Iteration 28 of 100: loss=39.2791099548 object_loss=37.4943084717 distance_loss=1.78480195999
Iteration 29 of 100: loss=39.2110366821 object_loss=37.426235199 distance_loss=1.78480255604
Iteration 30 of 100: loss=39.2451896667 object_loss=37.4606170654 distance_loss=1.78457140923
Iteration 31 of 100: loss=39.6694335938 object_loss=37.8851165771 distance_loss=1.7843170166
Iteration 32 of 100: loss=37.0841598511 object_loss=35.3000984192 distance_loss=1.78406226635
Iteration 33 of 100: loss=38.1742286682 object_loss=36.3904571533 distance_loss=1.78377306461
Iteration 34 of 100: loss=36.9041938782 object_loss=35.1208381653 distance_loss=1.78335511684
Iteration 35 of 100: loss=34.0440711975 object_loss=32.2609939575 distance_loss=1.78307807446
Iteration 36 of 100: loss=33.137298584 object_loss=31.3545818329 distance_loss=1.78271663189
Iteration 37 of 100: loss=32.8692932129 object_loss=31.0870723724 distance_loss=1.78221964836
Iteration 38 of 100: loss=31.8616580963 object_loss=30.0796546936 distance_loss=1.78200292587
Iteration 39 of 100: loss=34.4049682617 object_loss=32.6231613159 distance_loss=1.78180658817
Iteration 40 of 100: loss=29.9818344116 object_loss=28.2005405426 distance_loss=1.78129470348
Iteration 41 of 100: loss=29.0919494629 object_loss=27.3108978271 distance_loss=1.781052351
Iteration 42 of 100: loss=29.5594539642 object_loss=27.7786540985 distance_loss=1.78079986572
Iteration 43 of 100: loss=30.4053592682 object_loss=28.6247177124 distance_loss=1.78064072132
Iteration 44 of 100: loss=32.293094635 object_loss=30.5126304626 distance_loss=1.78046572208
Iteration 45 of 100: loss=30.5980567932 object_loss=28.8177909851 distance_loss=1.78026664257
Iteration 46 of 100: loss=31.29413414 object_loss=29.5140075684 distance_loss=1.7801258564
Iteration 47 of 100: loss=31.1206302643 object_loss=29.3404006958 distance_loss=1.78022968769
Iteration 48 of 100: loss=26.1243247986 object_loss=24.3443336487 distance_loss=1.77999198437
Iteration 49 of 100: loss=31.58618927 object_loss=29.8059272766 distance_loss=1.78026115894
Iteration 50 of 100: loss=32.7355270386 object_loss=30.9549217224 distance_loss=1.78060674667
Iteration 51 of 100: loss=34.1951408386 object_loss=32.4144821167 distance_loss=1.78065919876
Iteration 52 of 100: loss=34.3552131653 object_loss=32.575050354 distance_loss=1.78016459942
Iteration 53 of 100: loss=32.5802879333 object_loss=30.7999362946 distance_loss=1.78035247326
Iteration 54 of 100: loss=31.7344608307 object_loss=29.9538574219 distance_loss=1.78060281277
Iteration 55 of 100: loss=36.2324256897 object_loss=34.4516983032 distance_loss=1.7807277441
Iteration 56 of 100: loss=33.9102706909 object_loss=32.1295509338 distance_loss=1.78071880341
Iteration 57 of 100: loss=34.5985870361 object_loss=32.8178138733 distance_loss=1.78077197075
Iteration 58 of 100: loss=34.48046875 object_loss=32.699798584 distance_loss=1.78066849709
Iteration 59 of 100: loss=33.9505462646 object_loss=32.1697349548 distance_loss=1.78081142902
Iteration 60 of 100: loss=32.4118652344 object_loss=30.6309814453 distance_loss=1.78088414669
Iteration 61 of 100: loss=34.3393821716 object_loss=32.5584259033 distance_loss=1.78095686436
Iteration 62 of 100: loss=32.9985046387 object_loss=31.21733284 distance_loss=1.7811704874
Iteration 63 of 100: loss=29.9197692871 object_loss=28.1383209229 distance_loss=1.78144812584
Iteration 64 of 100: loss=30.6178836823 object_loss=28.8363361359 distance_loss=1.7815476656
Iteration 65 of 100: loss=34.9445838928 object_loss=33.1629257202 distance_loss=1.78165912628
Iteration 66 of 100: loss=34.9357261658 object_loss=33.1540718079 distance_loss=1.78165280819
Iteration 67 of 100: loss=34.5032119751 object_loss=32.7216873169 distance_loss=1.7815246582
Iteration 68 of 100: loss=34.960067749 object_loss=33.1786613464 distance_loss=1.78140544891
Iteration 69 of 100: loss=35.6649475098 object_loss=33.8836898804 distance_loss=1.7812589407
Iteration 70 of 100: loss=34.6240577698 object_loss=32.8428497314 distance_loss=1.78120625019
Iteration 71 of 100: loss=35.8711776733 object_loss=34.0900268555 distance_loss=1.78114950657
Iteration 72 of 100: loss=35.0151062012 object_loss=33.2343444824 distance_loss=1.78076136112
Iteration 73 of 100: loss=31.4256858826 object_loss=29.6448631287 distance_loss=1.78082334995
Iteration 74 of 100: loss=30.2915210724 object_loss=28.5108184814 distance_loss=1.78070294857
Iteration 75 of 100: loss=28.4701957703 object_loss=26.689868927 distance_loss=1.78032743931
Iteration 76 of 100: loss=31.1417331696 object_loss=29.3619003296 distance_loss=1.7798333168
Iteration 77 of 100: loss=30.1856498718 object_loss=28.4059963226 distance_loss=1.77965354919
Iteration 78 of 100: loss=24.095823288 object_loss=22.3165206909 distance_loss=1.77930212021
Iteration 79 of 100: loss=30.384311676 object_loss=28.605091095 distance_loss=1.77922141552
Iteration 80 of 100: loss=27.6590995789 object_loss=25.8800258636 distance_loss=1.77907383442
Iteration 81 of 100: loss=28.487745285 object_loss=26.7087574005 distance_loss=1.77898871899
Iteration 82 of 100: loss=28.7704906464 object_loss=26.9913158417 distance_loss=1.77917480469
Iteration 83 of 100: loss=26.8712921143 object_loss=25.0919094086 distance_loss=1.77938294411
Iteration 84 of 100: loss=31.0613880157 object_loss=29.2819671631 distance_loss=1.7794200182
Iteration 85 of 100: loss=24.1429214478 object_loss=22.3632793427 distance_loss=1.77964305878
Iteration 86 of 100: loss=30.2794189453 object_loss=28.4996681213 distance_loss=1.77975142002
Iteration 87 of 100: loss=24.7913246155 object_loss=23.0115966797 distance_loss=1.77972829342
Iteration 88 of 100: loss=32.2337608337 object_loss=30.4541759491 distance_loss=1.77958583832
Iteration 89 of 100: loss=32.8178939819 object_loss=31.0382919312 distance_loss=1.77960073948
Iteration 90 of 100: loss=33.6355857849 object_loss=31.8556652069 distance_loss=1.779920578
Iteration 91 of 100: loss=34.8726348877 object_loss=33.0927734375 distance_loss=1.77986168861
Iteration 92 of 100: loss=34.3876914978 object_loss=32.6081390381 distance_loss=1.77955174446
Iteration 93 of 100: loss=31.2288017273 object_loss=29.4488945007 distance_loss=1.77990758419
Iteration 94 of 100: loss=28.3461875916 object_loss=26.5659980774 distance_loss=1.78018856049
Iteration 95 of 100: loss=30.0460605621 object_loss=28.2658157349 distance_loss=1.7802451849
Iteration 96 of 100: loss=29.3939418793 object_loss=27.6138000488 distance_loss=1.7801412344
Iteration 97 of 100: loss=31.4633369446 object_loss=29.6830749512 distance_loss=1.78026115894
Iteration 98 of 100: loss=39.3144569397 object_loss=37.5339431763 distance_loss=1.78051233292
Iteration 99 of 100: loss=39.5523262024 object_loss=37.7713165283 distance_loss=1.78100895882
Iteration 0 of 100: loss=37.2111167908 object_loss=35.4299812317 distance_loss=1.78113543987
Iteration 1 of 100: loss=29.4695644379 object_loss=27.6880435944 distance_loss=1.78152096272
Iteration 2 of 100: loss=25.914642334 object_loss=24.1328887939 distance_loss=1.78175401688
Iteration 3 of 100: loss=22.6844120026 object_loss=20.9023647308 distance_loss=1.78204798698
Iteration 4 of 100: loss=22.8738212585 object_loss=21.0912818909 distance_loss=1.78254020214
Iteration 5 of 100: loss=25.9809551239 object_loss=24.1982517242 distance_loss=1.78270280361
Iteration 6 of 100: loss=30.3511219025 object_loss=28.5683097839 distance_loss=1.78281188011
Iteration 7 of 100: loss=29.3270263672 object_loss=27.5439052582 distance_loss=1.78312075138
Iteration 8 of 100: loss=26.4597549438 object_loss=24.6762485504 distance_loss=1.78350543976
Iteration 9 of 100: loss=26.9592075348 object_loss=25.1753787994 distance_loss=1.78382790089
Iteration 10 of 100: loss=27.3281574249 object_loss=25.5437164307 distance_loss=1.78444099426
Iteration 11 of 100: loss=30.3891296387 object_loss=28.6042938232 distance_loss=1.7848354578
Iteration 12 of 100: loss=29.4248352051 object_loss=27.6401386261 distance_loss=1.78469562531
Iteration 13 of 100: loss=23.8732872009 object_loss=22.0880489349 distance_loss=1.78523862362
Iteration 14 of 100: loss=26.5295372009 object_loss=24.7439975739 distance_loss=1.7855386734
Iteration 15 of 100: loss=27.1759433746 object_loss=25.3902053833 distance_loss=1.78573822975
Iteration 16 of 100: loss=29.4275798798 object_loss=27.6417560577 distance_loss=1.78582453728
Iteration 17 of 100: loss=25.955745697 object_loss=24.1697883606 distance_loss=1.78595650196
Iteration 18 of 100: loss=27.9677333832 object_loss=26.1818332672 distance_loss=1.78590011597
Iteration 19 of 100: loss=32.0288925171 object_loss=30.2427787781 distance_loss=1.78611207008
Iteration 20 of 100: loss=32.92760849 object_loss=31.1415615082 distance_loss=1.78604531288
Iteration 21 of 100: loss=31.605506897 object_loss=29.8197555542 distance_loss=1.78575158119
Iteration 22 of 100: loss=30.3554401398 object_loss=28.5694198608 distance_loss=1.78601980209
Iteration 23 of 100: loss=33.4932861328 object_loss=31.7071037292 distance_loss=1.78618299961
Iteration 24 of 100: loss=31.868270874 object_loss=30.0822181702 distance_loss=1.78605294228
Iteration 25 of 100: loss=27.4400863647 object_loss=25.6541576385 distance_loss=1.78592944145
Iteration 26 of 100: loss=24.9284973145 object_loss=23.142578125 distance_loss=1.78591883183
Iteration 27 of 100: loss=23.2570953369 object_loss=21.4711608887 distance_loss=1.7859338522
Iteration 28 of 100: loss=27.2512989044 object_loss=25.4651927948 distance_loss=1.78610599041
Iteration 29 of 100: loss=28.8976993561 object_loss=27.1113395691 distance_loss=1.78635966778
Iteration 30 of 100: loss=27.2325267792 object_loss=25.4462528229 distance_loss=1.78627479076
Iteration 31 of 100: loss=29.2908973694 object_loss=27.5045127869 distance_loss=1.78638541698
Iteration 32 of 100: loss=29.3894844055 object_loss=27.6033573151 distance_loss=1.7861263752
Iteration 33 of 100: loss=33.6079444885 object_loss=31.8214988708 distance_loss=1.78644549847
Iteration 34 of 100: loss=30.8459529877 object_loss=29.0592803955 distance_loss=1.7866717577
Iteration 35 of 100: loss=28.306722641 object_loss=26.5199775696 distance_loss=1.78674423695
Iteration 36 of 100: loss=28.2901916504 object_loss=26.5035114288 distance_loss=1.78667938709
Iteration 37 of 100: loss=32.093421936 object_loss=30.306427002 distance_loss=1.78699445724
Iteration 38 of 100: loss=33.6839103699 object_loss=31.8968315125 distance_loss=1.787078619
Iteration 39 of 100: loss=33.6486930847 object_loss=31.8614997864 distance_loss=1.78719377518
Iteration 40 of 100: loss=32.5357055664 object_loss=30.7484016418 distance_loss=1.7873044014
Iteration 41 of 100: loss=32.8835525513 object_loss=31.0961952209 distance_loss=1.78735864162
Iteration 42 of 100: loss=31.4458503723 object_loss=29.6587734222 distance_loss=1.78707671165
Iteration 43 of 100: loss=32.125415802 object_loss=30.3384513855 distance_loss=1.7869644165
Iteration 44 of 100: loss=32.3973503113 object_loss=30.6103954315 distance_loss=1.78695416451
Iteration 45 of 100: loss=33.0248794556 object_loss=31.2377490997 distance_loss=1.78712964058
Iteration 46 of 100: loss=29.2676963806 object_loss=27.4799842834 distance_loss=1.7877124548
Iteration 47 of 100: loss=34.2946510315 object_loss=32.5066986084 distance_loss=1.78795289993
Iteration 48 of 100: loss=34.9737167358 object_loss=33.1858711243 distance_loss=1.78784525394
Iteration 49 of 100: loss=34.8167533875 object_loss=33.0288505554 distance_loss=1.78790426254
Iteration 50 of 100: loss=33.4717941284 object_loss=31.683675766 distance_loss=1.78811740875
Iteration 51 of 100: loss=32.8987846375 object_loss=31.110490799 distance_loss=1.7882938385
Iteration 52 of 100: loss=35.2959136963 object_loss=33.50756073 distance_loss=1.78835117817
Iteration 53 of 100: loss=36.5400428772 object_loss=34.7510871887 distance_loss=1.78895497322
Iteration 54 of 100: loss=35.3573036194 object_loss=33.5681190491 distance_loss=1.78918623924
Iteration 55 of 100: loss=33.0812911987 object_loss=31.2918605804 distance_loss=1.78943061829
Iteration 56 of 100: loss=35.323261261 object_loss=33.5339775085 distance_loss=1.78928458691
Iteration 57 of 100: loss=35.8075561523 object_loss=34.0182304382 distance_loss=1.78932511806
Iteration 58 of 100: loss=34.6559677124 object_loss=32.8665618896 distance_loss=1.78940486908
Iteration 59 of 100: loss=33.9946479797 object_loss=32.2054672241 distance_loss=1.78917956352
Iteration 60 of 100: loss=38.3602790833 object_loss=36.5714302063 distance_loss=1.78884744644
Iteration 61 of 100: loss=36.9735069275 object_loss=35.1844291687 distance_loss=1.78907942772
Iteration 62 of 100: loss=37.7964630127 object_loss=36.0071029663 distance_loss=1.78935813904
Iteration 63 of 100: loss=35.6964263916 object_loss=33.906867981 distance_loss=1.78955936432
Iteration 64 of 100: loss=35.485660553 object_loss=33.6959838867 distance_loss=1.78967487812
Iteration 65 of 100: loss=38.3910827637 object_loss=36.6013145447 distance_loss=1.78976964951
Iteration 66 of 100: loss=35.2152366638 object_loss=33.4253768921 distance_loss=1.7898607254
Iteration 67 of 100: loss=34.102142334 object_loss=32.3121604919 distance_loss=1.7899813652
Iteration 68 of 100: loss=34.1267662048 object_loss=32.3368644714 distance_loss=1.78990352154
Iteration 69 of 100: loss=35.5773391724 object_loss=33.7874488831 distance_loss=1.78988909721
Iteration 70 of 100: loss=35.5902061462 object_loss=33.8004341125 distance_loss=1.78977036476
Iteration 71 of 100: loss=34.882610321 object_loss=33.0928077698 distance_loss=1.78980338573
Iteration 72 of 100: loss=37.8622512817 object_loss=36.0729064941 distance_loss=1.78934442997
Iteration 73 of 100: loss=38.2142868042 object_loss=36.425163269 distance_loss=1.78912234306
Iteration 74 of 100: loss=28.1657733917 object_loss=26.3767127991 distance_loss=1.78906047344
Iteration 75 of 100: loss=30.1242828369 object_loss=28.335187912 distance_loss=1.78909492493
Iteration 76 of 100: loss=22.1680431366 object_loss=20.3790931702 distance_loss=1.78895044327
Iteration 77 of 100: loss=29.4426689148 object_loss=27.6540088654 distance_loss=1.78865993023
Iteration 78 of 100: loss=31.0977973938 object_loss=29.3094425201 distance_loss=1.7883541584
Iteration 79 of 100: loss=31.7737751007 object_loss=29.9853839874 distance_loss=1.78839027882
Iteration 80 of 100: loss=22.3038787842 object_loss=20.51537323 distance_loss=1.78850471973
Iteration 81 of 100: loss=28.9281654358 object_loss=27.1399116516 distance_loss=1.78825438023
Iteration 82 of 100: loss=27.8768615723 object_loss=26.0886363983 distance_loss=1.78822553158
Iteration 83 of 100: loss=31.1375598907 object_loss=29.3490619659 distance_loss=1.78849875927
Iteration 84 of 100: loss=30.618932724 object_loss=28.8303318024 distance_loss=1.78860020638
Iteration 85 of 100: loss=27.5995006561 object_loss=25.8106060028 distance_loss=1.78889453411
Iteration 86 of 100: loss=31.9844532013 object_loss=30.1953334808 distance_loss=1.78911912441
Iteration 87 of 100: loss=30.1288318634 object_loss=28.3396511078 distance_loss=1.78917992115
Iteration 88 of 100: loss=31.5793533325 object_loss=29.7899780273 distance_loss=1.78937447071
Iteration 89 of 100: loss=28.1359043121 object_loss=26.3461532593 distance_loss=1.78975141048
Iteration 90 of 100: loss=31.3220005035 object_loss=29.5321884155 distance_loss=1.78981292248
Iteration 91 of 100: loss=34.0844039917 object_loss=32.2943611145 distance_loss=1.79004430771
Iteration 92 of 100: loss=26.5317401886 object_loss=24.7418289185 distance_loss=1.78991115093
Iteration 93 of 100: loss=29.6838378906 object_loss=27.8936252594 distance_loss=1.79021239281
Iteration 94 of 100: loss=31.7603168488 object_loss=29.9695644379 distance_loss=1.79075157642
Iteration 95 of 100: loss=30.1153297424 object_loss=28.324338913 distance_loss=1.7909913063
Iteration 96 of 100: loss=29.8352355957 object_loss=28.0445537567 distance_loss=1.79068148136
Iteration 97 of 100: loss=32.1706199646 object_loss=30.3797225952 distance_loss=1.7908976078
Iteration 98 of 100: loss=31.70844841 object_loss=29.9173088074 distance_loss=1.79113900661
Iteration 99 of 100: loss=30.9385719299 object_loss=29.1474227905 distance_loss=1.79115009308
Iteration 0 of 100: loss=33.4430046082 object_loss=31.6515274048 distance_loss=1.79147708416
Iteration 1 of 100: loss=32.9324378967 object_loss=31.14087677 distance_loss=1.79156291485
Iteration 2 of 100: loss=31.2622108459 object_loss=29.4705085754 distance_loss=1.79170203209
Iteration 3 of 100: loss=32.382610321 object_loss=30.5906677246 distance_loss=1.79194235802
Iteration 4 of 100: loss=36.3272399902 object_loss=34.5350418091 distance_loss=1.79219985008
Iteration 5 of 100: loss=32.3097229004 object_loss=30.5174160004 distance_loss=1.79230523109
Iteration 6 of 100: loss=33.8008079529 object_loss=32.0082588196 distance_loss=1.79254817963
Iteration 7 of 100: loss=32.3369483948 object_loss=30.5441894531 distance_loss=1.79275929928
Iteration 8 of 100: loss=32.2997169495 object_loss=30.507068634 distance_loss=1.79264760017
Iteration 9 of 100: loss=32.0754852295 object_loss=30.2824459076 distance_loss=1.7930406332
Iteration 10 of 100: loss=31.5420303345 object_loss=29.7487716675 distance_loss=1.79325842857
Iteration 11 of 100: loss=29.2704086304 object_loss=27.476984024 distance_loss=1.79342389107
Iteration 12 of 100: loss=29.0865287781 object_loss=27.2934532166 distance_loss=1.79307579994
Iteration 13 of 100: loss=32.4598426819 object_loss=30.6667366028 distance_loss=1.79310548306
Iteration 14 of 100: loss=32.6485176086 object_loss=30.8554611206 distance_loss=1.79305613041
Iteration 15 of 100: loss=30.6224460602 object_loss=28.8295536041 distance_loss=1.79289293289
Iteration 16 of 100: loss=35.6142616272 object_loss=33.8217124939 distance_loss=1.7925491333
Iteration 17 of 100: loss=31.2277698517 object_loss=29.4352817535 distance_loss=1.79248809814
Iteration 18 of 100: loss=32.7033462524 object_loss=30.9108333588 distance_loss=1.79251241684
Iteration 19 of 100: loss=31.2574901581 object_loss=29.4649505615 distance_loss=1.79253911972
Iteration 20 of 100: loss=33.938117981 object_loss=32.1459350586 distance_loss=1.7921833992
Iteration 21 of 100: loss=32.7063407898 object_loss=30.9142742157 distance_loss=1.79206633568
Iteration 22 of 100: loss=34.7022514343 object_loss=32.9102592468 distance_loss=1.79199206829
Iteration 23 of 100: loss=30.7172737122 object_loss=28.9252490997 distance_loss=1.79202532768
Iteration 24 of 100: loss=31.7612342834 object_loss=29.9693222046 distance_loss=1.79191231728
Iteration 25 of 100: loss=33.6364631653 object_loss=31.844625473 distance_loss=1.79183697701
Iteration 26 of 100: loss=33.7119140625 object_loss=31.9201812744 distance_loss=1.79173350334
Iteration 27 of 100: loss=31.7542724609 object_loss=29.9622688293 distance_loss=1.79200458527
Iteration 28 of 100: loss=29.483625412 object_loss=27.6914863586 distance_loss=1.79213869572
Iteration 29 of 100: loss=34.0864982605 object_loss=32.2939949036 distance_loss=1.79250478745
Iteration 30 of 100: loss=33.741897583 object_loss=31.9491195679 distance_loss=1.79277646542
Iteration 31 of 100: loss=32.4579544067 object_loss=30.6650428772 distance_loss=1.79290997982
Iteration 32 of 100: loss=32.1461105347 object_loss=30.3535728455 distance_loss=1.79253602028
Iteration 33 of 100: loss=31.0126876831 object_loss=29.2199668884 distance_loss=1.7927210331
Iteration 34 of 100: loss=28.9816799164 object_loss=27.1886100769 distance_loss=1.79307019711
Iteration 35 of 100: loss=27.4232902527 object_loss=25.6299552917 distance_loss=1.79333519936
Iteration 36 of 100: loss=27.8134231567 object_loss=26.0199832916 distance_loss=1.79343962669
Iteration 37 of 100: loss=29.0095119476 object_loss=27.2159404755 distance_loss=1.79357111454
Iteration 38 of 100: loss=30.3520126343 object_loss=28.5584411621 distance_loss=1.7935718298
Iteration 39 of 100: loss=26.446182251 object_loss=24.6524429321 distance_loss=1.79373919964
Iteration 40 of 100: loss=30.1593990326 object_loss=28.365901947 distance_loss=1.79349768162
Iteration 41 of 100: loss=24.9682025909 object_loss=23.1749019623 distance_loss=1.79330098629
Iteration 42 of 100: loss=23.2952766418 object_loss=21.5021057129 distance_loss=1.79317140579
Iteration 43 of 100: loss=23.470539093 object_loss=21.6772899628 distance_loss=1.7932498455
Iteration 44 of 100: loss=21.7185554504 object_loss=19.9254169464 distance_loss=1.79313838482
Iteration 45 of 100: loss=20.3413791656 object_loss=18.5480327606 distance_loss=1.79334688187
Iteration 46 of 100: loss=26.8453712463 object_loss=25.0518074036 distance_loss=1.79356408119
Iteration 47 of 100: loss=24.9920425415 object_loss=23.1983299255 distance_loss=1.79371356964
Iteration 48 of 100: loss=25.7919483185 object_loss=23.9977149963 distance_loss=1.79423296452
Iteration 49 of 100: loss=29.7437782288 object_loss=27.9490852356 distance_loss=1.79469299316
Iteration 50 of 100: loss=33.8383102417 object_loss=32.0435028076 distance_loss=1.79480564594
Iteration 51 of 100: loss=33.2717170715 object_loss=31.4766998291 distance_loss=1.79501879215
Iteration 52 of 100: loss=33.1706848145 object_loss=31.3758926392 distance_loss=1.79479026794
Iteration 53 of 100: loss=31.4475288391 object_loss=29.6528244019 distance_loss=1.79470431805
Iteration 54 of 100: loss=28.966424942 object_loss=27.1717967987 distance_loss=1.79462838173
Iteration 55 of 100: loss=24.3676776886 object_loss=22.5732822418 distance_loss=1.79439616203
Iteration 56 of 100: loss=27.1591072083 object_loss=25.3651542664 distance_loss=1.79395353794
Iteration 57 of 100: loss=28.2887096405 object_loss=26.495059967 distance_loss=1.793648839
Iteration 58 of 100: loss=27.1265716553 object_loss=25.3332195282 distance_loss=1.7933524847
Iteration 59 of 100: loss=29.182434082 object_loss=27.3893928528 distance_loss=1.79304111004
Iteration 60 of 100: loss=28.2857379913 object_loss=26.4930057526 distance_loss=1.79273283482
Iteration 61 of 100: loss=30.323551178 object_loss=28.5314502716 distance_loss=1.79210162163
Iteration 62 of 100: loss=28.9327354431 object_loss=27.1412010193 distance_loss=1.79153418541
Iteration 63 of 100: loss=30.5319690704 object_loss=28.7405929565 distance_loss=1.79137647152
Iteration 64 of 100: loss=31.8134937286 object_loss=30.0222320557 distance_loss=1.79126119614
Iteration 65 of 100: loss=28.7046432495 object_loss=26.9134216309 distance_loss=1.79122233391
Iteration 66 of 100: loss=27.5647449493 object_loss=25.7732696533 distance_loss=1.79147517681
Iteration 67 of 100: loss=24.7619895935 object_loss=22.9704360962 distance_loss=1.7915532589
Iteration 68 of 100: loss=26.5338687897 object_loss=24.7423400879 distance_loss=1.79152786732
Iteration 69 of 100: loss=27.5748729706 object_loss=25.7828655243 distance_loss=1.79200661182
Iteration 70 of 100: loss=30.1517562866 object_loss=28.3590660095 distance_loss=1.79269003868
Iteration 71 of 100: loss=30.741979599 object_loss=28.9489517212 distance_loss=1.79302823544
Iteration 72 of 100: loss=29.5039424896 object_loss=27.7108230591 distance_loss=1.79311907291
Iteration 73 of 100: loss=29.4713916779 object_loss=27.6775569916 distance_loss=1.7938349247
Iteration 74 of 100: loss=26.6141891479 object_loss=24.8198070526 distance_loss=1.79438209534
Iteration 75 of 100: loss=29.7069473267 object_loss=27.912279129 distance_loss=1.79466915131
Iteration 76 of 100: loss=31.0312786102 object_loss=29.2363739014 distance_loss=1.79490458965
Iteration 77 of 100: loss=27.0126457214 object_loss=25.2174453735 distance_loss=1.79519963264
Iteration 78 of 100: loss=30.3717517853 object_loss=28.5762557983 distance_loss=1.7954955101
Iteration 79 of 100: loss=29.4163951874 object_loss=27.6205711365 distance_loss=1.79582381248
Iteration 80 of 100: loss=31.0566234589 object_loss=29.2607879639 distance_loss=1.79583609104
Iteration 81 of 100: loss=28.4292602539 object_loss=26.6332550049 distance_loss=1.79600584507
Iteration 82 of 100: loss=23.8544921875 object_loss=22.0585422516 distance_loss=1.79594993591
Iteration 83 of 100: loss=21.2468204498 object_loss=19.4508972168 distance_loss=1.7959228754
Iteration 84 of 100: loss=19.5407447815 object_loss=17.7451686859 distance_loss=1.79557693005
Iteration 85 of 100: loss=28.310628891 object_loss=26.5155162811 distance_loss=1.79511272907
Iteration 86 of 100: loss=25.6033000946 object_loss=23.8084259033 distance_loss=1.79487335682
Iteration 87 of 100: loss=21.8825683594 object_loss=20.0877799988 distance_loss=1.79478776455
Iteration 88 of 100: loss=22.5688781738 object_loss=20.7741413116 distance_loss=1.79473638535
Iteration 89 of 100: loss=22.404920578 object_loss=20.6101226807 distance_loss=1.79479849339
Iteration 90 of 100: loss=21.1010665894 object_loss=19.3060626984 distance_loss=1.79500377178
Iteration 91 of 100: loss=23.3334655762 object_loss=21.5384540558 distance_loss=1.79501140118
Iteration 92 of 100: loss=23.0175476074 object_loss=21.2228927612 distance_loss=1.79465508461
Iteration 93 of 100: loss=21.66938591 object_loss=19.8742675781 distance_loss=1.79511868954
Iteration 94 of 100: loss=28.7821216583 object_loss=26.9865913391 distance_loss=1.79552996159
Iteration 95 of 100: loss=24.7122077942 object_loss=22.9164485931 distance_loss=1.79575932026
Iteration 96 of 100: loss=24.1490402222 object_loss=22.35338974 distance_loss=1.79565060139
Iteration 97 of 100: loss=21.5489463806 object_loss=19.7531147003 distance_loss=1.7958316803
Iteration 98 of 100: loss=20.0246620178 object_loss=18.2288131714 distance_loss=1.7958496809
Iteration 99 of 100: loss=21.4173469543 object_loss=19.6212596893 distance_loss=1.79608631134
Iteration 0 of 100: loss=32.3193435669 object_loss=30.5230350494 distance_loss=1.79630661011
Iteration 1 of 100: loss=32.0088653564 object_loss=30.2124557495 distance_loss=1.79640829563
Iteration 2 of 100: loss=35.3421096802 object_loss=33.5454330444 distance_loss=1.79667699337
Iteration 3 of 100: loss=32.7495613098 object_loss=30.9526996613 distance_loss=1.79686319828
Iteration 4 of 100: loss=29.884185791 object_loss=28.0872821808 distance_loss=1.79690361023
Iteration 5 of 100: loss=28.5289421082 object_loss=26.7318897247 distance_loss=1.79705286026
Iteration 6 of 100: loss=30.7205753326 object_loss=28.9233169556 distance_loss=1.79725790024
Iteration 7 of 100: loss=27.164440155 object_loss=25.3671569824 distance_loss=1.79728281498
Iteration 8 of 100: loss=32.0077095032 object_loss=30.2104988098 distance_loss=1.79721236229
Iteration 9 of 100: loss=32.140247345 object_loss=30.3431491852 distance_loss=1.79709708691
Iteration 10 of 100: loss=30.7997303009 object_loss=29.0031833649 distance_loss=1.79654657841
Iteration 11 of 100: loss=30.5225009918 object_loss=28.726354599 distance_loss=1.79614663124
Iteration 12 of 100: loss=24.940038681 object_loss=23.1445083618 distance_loss=1.79553055763
Iteration 13 of 100: loss=27.8020114899 object_loss=26.0067882538 distance_loss=1.79522287846
Iteration 14 of 100: loss=25.2850322723 object_loss=23.4900379181 distance_loss=1.79499351978
Iteration 15 of 100: loss=25.4035434723 object_loss=23.6089572906 distance_loss=1.79458642006
Iteration 16 of 100: loss=25.4252796173 object_loss=23.63123703 distance_loss=1.79404306412
Iteration 17 of 100: loss=26.0531635284 object_loss=24.259344101 distance_loss=1.7938195467
Iteration 18 of 100: loss=27.1515579224 object_loss=25.3578796387 distance_loss=1.79367852211
Iteration 19 of 100: loss=21.4880981445 object_loss=19.694644928 distance_loss=1.79345357418
Iteration 20 of 100: loss=23.0814590454 object_loss=21.2885551453 distance_loss=1.7929046154
Iteration 21 of 100: loss=19.1994361877 object_loss=17.40716362 distance_loss=1.79227185249
Iteration 22 of 100: loss=24.4444160461 object_loss=22.6529426575 distance_loss=1.79147350788
Iteration 23 of 100: loss=24.6486282349 object_loss=22.8576774597 distance_loss=1.79095113277
Iteration 24 of 100: loss=22.8587722778 object_loss=21.0688095093 distance_loss=1.78996241093
Iteration 25 of 100: loss=21.4001369476 object_loss=19.6107616425 distance_loss=1.78937494755
Iteration 26 of 100: loss=27.2522201538 object_loss=25.4633312225 distance_loss=1.78888893127
Iteration 27 of 100: loss=31.2916660309 object_loss=29.5030097961 distance_loss=1.78865671158
Iteration 28 of 100: loss=28.800283432 object_loss=27.0119934082 distance_loss=1.78828990459
Iteration 29 of 100: loss=24.4566612244 object_loss=22.6684150696 distance_loss=1.7882463932
Iteration 30 of 100: loss=17.6578655243 object_loss=15.8695983887 distance_loss=1.78826642036
Iteration 31 of 100: loss=20.0405750275 object_loss=18.2526454926 distance_loss=1.78792929649
Iteration 32 of 100: loss=18.2307949066 object_loss=16.4432735443 distance_loss=1.78752088547
Iteration 33 of 100: loss=11.4201211929 object_loss=9.63226795197 distance_loss=1.78785359859
Iteration 34 of 100: loss=18.0057468414 object_loss=16.2175350189 distance_loss=1.78821182251
Iteration 35 of 100: loss=15.9554920197 object_loss=14.1669149399 distance_loss=1.78857719898
Iteration 36 of 100: loss=16.7090015411 object_loss=14.920255661 distance_loss=1.78874540329
Iteration 37 of 100: loss=22.3618030548 object_loss=20.5725784302 distance_loss=1.78922379017
Iteration 38 of 100: loss=21.426902771 object_loss=19.6370830536 distance_loss=1.78981924057
Iteration 39 of 100: loss=20.3002967834 object_loss=18.5099754333 distance_loss=1.79032099247
Iteration 40 of 100: loss=24.2155342102 object_loss=22.4251041412 distance_loss=1.79043018818
Iteration 41 of 100: loss=24.172996521 object_loss=22.3823356628 distance_loss=1.79066073895
Iteration 42 of 100: loss=24.180316925 object_loss=22.3892192841 distance_loss=1.79109752178
Iteration 43 of 100: loss=26.8340740204 object_loss=25.0426864624 distance_loss=1.79138803482
Iteration 44 of 100: loss=18.1181564331 object_loss=16.3264942169 distance_loss=1.79166209698
Iteration 45 of 100: loss=17.0782222748 object_loss=15.2864665985 distance_loss=1.79175496101
Iteration 46 of 100: loss=19.2406959534 object_loss=17.4487190247 distance_loss=1.79197704792
Iteration 47 of 100: loss=20.3070297241 object_loss=18.5147705078 distance_loss=1.79225945473
Iteration 48 of 100: loss=18.2324142456 object_loss=16.4399719238 distance_loss=1.79244267941
Iteration 49 of 100: loss=22.2654457092 object_loss=20.4724292755 distance_loss=1.79301679134
Iteration 50 of 100: loss=22.390619278 object_loss=20.5968399048 distance_loss=1.7937797308
Iteration 51 of 100: loss=20.6230945587 object_loss=18.8285484314 distance_loss=1.79454672337
Iteration 52 of 100: loss=26.9303779602 object_loss=25.1358451843 distance_loss=1.79453229904
Iteration 53 of 100: loss=22.4394435883 object_loss=20.6441764832 distance_loss=1.79526638985
Iteration 54 of 100: loss=19.7157783508 object_loss=17.9199810028 distance_loss=1.79579722881
Iteration 55 of 100: loss=16.513469696 object_loss=14.7172889709 distance_loss=1.79618167877
Iteration 56 of 100: loss=20.5727481842 object_loss=18.7761631012 distance_loss=1.79658472538
Iteration 57 of 100: loss=19.7280769348 object_loss=17.9310188293 distance_loss=1.79705810547
Iteration 58 of 100: loss=20.4878177643 object_loss=18.6903820038 distance_loss=1.79743528366
Iteration 59 of 100: loss=23.6994876862 object_loss=21.9018211365 distance_loss=1.79766643047
Iteration 60 of 100: loss=23.1136131287 object_loss=21.3155422211 distance_loss=1.79807090759
Iteration 61 of 100: loss=22.9188728333 object_loss=21.1207008362 distance_loss=1.79817187786
Iteration 62 of 100: loss=26.0319538116 object_loss=24.2335205078 distance_loss=1.79843401909
Iteration 63 of 100: loss=16.0918006897 object_loss=14.2931585312 distance_loss=1.79864311218
Iteration 64 of 100: loss=17.5129241943 object_loss=15.7144775391 distance_loss=1.79844629765
Iteration 65 of 100: loss=16.7434482574 object_loss=14.9451618195 distance_loss=1.79828667641
Iteration 66 of 100: loss=20.7335720062 object_loss=18.9353713989 distance_loss=1.79820096493
Iteration 67 of 100: loss=18.6704711914 object_loss=16.8720588684 distance_loss=1.79841268063
Iteration 68 of 100: loss=18.8100776672 object_loss=17.0115375519 distance_loss=1.7985407114
Iteration 69 of 100: loss=20.2961883545 object_loss=18.4974594116 distance_loss=1.79872822762
Iteration 70 of 100: loss=22.6474475861 object_loss=20.8487243652 distance_loss=1.79872298241
Iteration 71 of 100: loss=18.6540794373 object_loss=16.8552932739 distance_loss=1.79878604412
Iteration 72 of 100: loss=17.7605018616 object_loss=15.9621162415 distance_loss=1.79838478565
Iteration 73 of 100: loss=22.8750114441 object_loss=21.0765743256 distance_loss=1.79843759537
Iteration 74 of 100: loss=16.144411087 object_loss=14.3458538055 distance_loss=1.79855799675
Iteration 75 of 100: loss=15.8694133759 object_loss=14.0710468292 distance_loss=1.79836702347
Iteration 76 of 100: loss=15.5989103317 object_loss=13.8008823395 distance_loss=1.79802787304
Iteration 77 of 100: loss=17.9698562622 object_loss=16.171957016 distance_loss=1.79789936543
Iteration 78 of 100: loss=20.6039772034 object_loss=18.8061656952 distance_loss=1.79781138897
Iteration 79 of 100: loss=16.9047908783 object_loss=15.106967926 distance_loss=1.79782342911
Iteration 80 of 100: loss=18.6422920227 object_loss=16.8445644379 distance_loss=1.79772663116
Iteration 81 of 100: loss=22.9430828094 object_loss=21.1455516815 distance_loss=1.79753196239
Iteration 82 of 100: loss=27.8036079407 object_loss=26.006357193 distance_loss=1.79725003242
Iteration 83 of 100: loss=25.2702541351 object_loss=23.4728679657 distance_loss=1.79738688469
Iteration 84 of 100: loss=21.4312400818 object_loss=19.6338272095 distance_loss=1.79741191864
Iteration 85 of 100: loss=21.562412262 object_loss=19.764881134 distance_loss=1.79753172398
Iteration 86 of 100: loss=21.1932678223 object_loss=19.3958644867 distance_loss=1.79740357399
Iteration 87 of 100: loss=28.5323944092 object_loss=26.7350311279 distance_loss=1.79736340046
Iteration 88 of 100: loss=27.8959655762 object_loss=26.0988941193 distance_loss=1.79707181454
Iteration 89 of 100: loss=27.1861610413 object_loss=25.389005661 distance_loss=1.79715561867
Iteration 90 of 100: loss=17.4349498749 object_loss=15.6376438141 distance_loss=1.79730618
Iteration 91 of 100: loss=19.4473705292 object_loss=17.6500396729 distance_loss=1.79733037949
Iteration 92 of 100: loss=19.6717376709 object_loss=17.8746547699 distance_loss=1.79708385468
Iteration 93 of 100: loss=22.1276855469 object_loss=20.3303184509 distance_loss=1.7973664999
Iteration 94 of 100: loss=25.184343338 object_loss=23.3869037628 distance_loss=1.79743885994
Iteration 95 of 100: loss=22.9112529755 object_loss=21.113779068 distance_loss=1.79747354984
Iteration 96 of 100: loss=22.2790546417 object_loss=20.4814758301 distance_loss=1.79757881165
Iteration 97 of 100: loss=23.8196792603 object_loss=22.0222396851 distance_loss=1.79743862152
Iteration 98 of 100: loss=21.7291374207 object_loss=19.9315490723 distance_loss=1.79758870602
Iteration 99 of 100: loss=28.2976856232 object_loss=26.5 distance_loss=1.79768610001
Iteration 0 of 100: loss=22.674331665 object_loss=20.87682724 distance_loss=1.7975050211
Iteration 1 of 100: loss=26.8291397095 object_loss=25.0318107605 distance_loss=1.79732882977
Iteration 2 of 100: loss=30.2023639679 object_loss=28.4048881531 distance_loss=1.79747605324
Iteration 3 of 100: loss=31.3274593353 object_loss=29.5299739838 distance_loss=1.7974845171
Iteration 4 of 100: loss=27.9092121124 object_loss=26.1119632721 distance_loss=1.79724872112
Iteration 5 of 100: loss=28.5458717346 object_loss=26.7487297058 distance_loss=1.79714131355
Iteration 6 of 100: loss=28.4449653625 object_loss=26.6479721069 distance_loss=1.79699289799
Iteration 7 of 100: loss=28.1331729889 object_loss=26.3360404968 distance_loss=1.79713320732
Iteration 8 of 100: loss=27.7502231598 object_loss=25.9534568787 distance_loss=1.7967659235
Iteration 9 of 100: loss=28.5895767212 object_loss=26.79296875 distance_loss=1.79660892487
Iteration 10 of 100: loss=26.671295166 object_loss=24.8746795654 distance_loss=1.79661560059
Iteration 11 of 100: loss=27.7876358032 object_loss=25.9911441803 distance_loss=1.79649174213
Iteration 12 of 100: loss=28.8195590973 object_loss=27.0234947205 distance_loss=1.79606413841
Iteration 13 of 100: loss=29.3895168304 object_loss=27.5929603577 distance_loss=1.79655575752
Iteration 14 of 100: loss=29.3924064636 object_loss=27.5955524445 distance_loss=1.79685378075
Iteration 15 of 100: loss=26.0899581909 object_loss=24.293094635 distance_loss=1.79686272144
Iteration 16 of 100: loss=30.0996398926 object_loss=28.3028182983 distance_loss=1.79682123661
Iteration 17 of 100: loss=28.4142627716 object_loss=26.61743927 distance_loss=1.79682421684
Iteration 18 of 100: loss=27.1735496521 object_loss=25.3769035339 distance_loss=1.7966452837
Iteration 19 of 100: loss=27.0060710907 object_loss=25.2096233368 distance_loss=1.79644775391
Iteration 20 of 100: loss=31.3287811279 object_loss=29.5325813293 distance_loss=1.79619956017
Iteration 21 of 100: loss=21.333732605 object_loss=19.538028717 distance_loss=1.79570293427
Iteration 22 of 100: loss=25.1559810638 object_loss=23.360332489 distance_loss=1.7956482172
Iteration 23 of 100: loss=29.6590003967 object_loss=27.8633041382 distance_loss=1.7956969738
Iteration 24 of 100: loss=29.9686012268 object_loss=28.1727523804 distance_loss=1.79584884644
Iteration 25 of 100: loss=30.0769958496 object_loss=28.2804508209 distance_loss=1.79654502869
Iteration 26 of 100: loss=23.296705246 object_loss=21.4998321533 distance_loss=1.79687273502
Iteration 27 of 100: loss=22.3589267731 object_loss=20.5619926453 distance_loss=1.79693472385
Iteration 28 of 100: loss=30.1476993561 object_loss=28.350692749 distance_loss=1.79700613022
Iteration 29 of 100: loss=28.2272148132 object_loss=26.4302387238 distance_loss=1.79697573185
Iteration 30 of 100: loss=30.3800754547 object_loss=28.583114624 distance_loss=1.79696118832
Iteration 31 of 100: loss=32.5335617065 object_loss=30.7365493774 distance_loss=1.79701077938
Iteration 32 of 100: loss=31.5876579285 object_loss=29.7908401489 distance_loss=1.7968184948
Iteration 33 of 100: loss=29.2511119843 object_loss=27.4542160034 distance_loss=1.796895504
Iteration 34 of 100: loss=27.4389839172 object_loss=25.6420402527 distance_loss=1.79694437981
Iteration 35 of 100: loss=28.7460823059 object_loss=26.9492397308 distance_loss=1.7968429327
Iteration 36 of 100: loss=24.8953781128 object_loss=23.0989723206 distance_loss=1.79640483856
Iteration 37 of 100: loss=22.81016922 object_loss=21.0137557983 distance_loss=1.79641270638
Iteration 38 of 100: loss=28.1278572083 object_loss=26.3316020966 distance_loss=1.79625511169
Iteration 39 of 100: loss=24.8309059143 object_loss=23.0347061157 distance_loss=1.79620075226
Iteration 40 of 100: loss=19.2228546143 object_loss=17.4265937805 distance_loss=1.79626119137
Iteration 41 of 100: loss=19.7567634583 object_loss=17.9603996277 distance_loss=1.7963643074
Iteration 42 of 100: loss=13.0842618942 object_loss=11.2879753113 distance_loss=1.79628682137
Iteration 43 of 100: loss=11.9473628998 object_loss=10.1510877609 distance_loss=1.79627513885
Iteration 44 of 100: loss=13.2221431732 object_loss=11.4260349274 distance_loss=1.79610800743
Iteration 45 of 100: loss=14.1749019623 object_loss=12.3786306381 distance_loss=1.79627096653
Iteration 46 of 100: loss=17.4547252655 object_loss=15.6581497192 distance_loss=1.79657626152
Iteration 47 of 100: loss=16.996263504 object_loss=15.1997098923 distance_loss=1.79655349255
Iteration 48 of 100: loss=17.8730487823 object_loss=16.0767784119 distance_loss=1.79626965523
Iteration 49 of 100: loss=15.7484416962 object_loss=13.9519519806 distance_loss=1.79648947716
Iteration 50 of 100: loss=17.3893547058 object_loss=15.5926704407 distance_loss=1.79668438435
Iteration 51 of 100: loss=17.0984573364 object_loss=15.3016815186 distance_loss=1.79677569866
Iteration 52 of 100: loss=18.5110397339 object_loss=16.7143592834 distance_loss=1.79668033123
Iteration 53 of 100: loss=18.3056716919 object_loss=16.5090789795 distance_loss=1.79659354687
Iteration 54 of 100: loss=18.8428707123 object_loss=17.0463504791 distance_loss=1.79652011395
Iteration 55 of 100: loss=21.2231292725 object_loss=19.4267597198 distance_loss=1.79636967182
Iteration 56 of 100: loss=23.6207714081 object_loss=21.8247585297 distance_loss=1.79601216316
Iteration 57 of 100: loss=22.2771568298 object_loss=20.4813995361 distance_loss=1.79575824738
Iteration 58 of 100: loss=18.0788669586 object_loss=16.2830638885 distance_loss=1.7958022356
Iteration 59 of 100: loss=17.2022533417 object_loss=15.406255722 distance_loss=1.79599821568
Iteration 60 of 100: loss=18.5030155182 object_loss=16.7073078156 distance_loss=1.79570710659
Iteration 61 of 100: loss=17.1405353546 object_loss=15.3449640274 distance_loss=1.79557132721
Iteration 62 of 100: loss=17.271484375 object_loss=15.4760313034 distance_loss=1.79545211792
Iteration 63 of 100: loss=16.1298007965 object_loss=14.3343267441 distance_loss=1.79547464848
Iteration 64 of 100: loss=18.861322403 object_loss=17.0658664703 distance_loss=1.79545676708
Iteration 65 of 100: loss=19.7191734314 object_loss=17.9238300323 distance_loss=1.79534363747
Iteration 66 of 100: loss=16.5422363281 object_loss=14.7471809387 distance_loss=1.7950552702
Iteration 67 of 100: loss=16.0546398163 object_loss=14.2597675323 distance_loss=1.79487144947
Iteration 68 of 100: loss=14.1738624573 object_loss=12.3793077469 distance_loss=1.79455506802
Iteration 69 of 100: loss=18.2259502411 object_loss=16.4315910339 distance_loss=1.7943598032
Iteration 70 of 100: loss=18.9504680634 object_loss=17.1563243866 distance_loss=1.79414451122
Iteration 71 of 100: loss=19.6049404144 object_loss=17.8111972809 distance_loss=1.79374277592
Iteration 72 of 100: loss=18.6758670807 object_loss=16.8829421997 distance_loss=1.79292523861
Iteration 73 of 100: loss=20.8183937073 object_loss=19.0257568359 distance_loss=1.79263699055
Iteration 74 of 100: loss=15.0549860001 object_loss=13.262550354 distance_loss=1.79243600368
Iteration 75 of 100: loss=15.2625312805 object_loss=13.4703140259 distance_loss=1.79221689701
Iteration 76 of 100: loss=15.1676187515 object_loss=13.3758926392 distance_loss=1.79172599316
Iteration 77 of 100: loss=14.5390577316 object_loss=12.7476091385 distance_loss=1.79144847393
Iteration 78 of 100: loss=13.2333936691 object_loss=11.442237854 distance_loss=1.79115557671
Iteration 79 of 100: loss=17.7719726562 object_loss=15.9808034897 distance_loss=1.79116845131
Iteration 80 of 100: loss=19.8830833435 object_loss=18.0921154022 distance_loss=1.79096877575
Iteration 81 of 100: loss=19.6169319153 object_loss=17.8262901306 distance_loss=1.79064261913
Iteration 82 of 100: loss=17.568983078 object_loss=15.7782230377 distance_loss=1.79076039791
Iteration 83 of 100: loss=14.42116642 object_loss=12.6302909851 distance_loss=1.79087567329
Iteration 84 of 100: loss=23.0629825592 object_loss=21.2723121643 distance_loss=1.79067015648
Iteration 85 of 100: loss=24.7339820862 object_loss=22.9433670044 distance_loss=1.79061543941
Iteration 86 of 100: loss=18.6100215912 object_loss=16.8192253113 distance_loss=1.79079627991
Iteration 87 of 100: loss=20.2761135101 object_loss=18.4855098724 distance_loss=1.7906037569
Iteration 88 of 100: loss=16.5168743134 object_loss=14.7263917923 distance_loss=1.79048252106
Iteration 89 of 100: loss=18.0825176239 object_loss=16.2919712067 distance_loss=1.79054701328
Iteration 90 of 100: loss=17.9275913239 object_loss=16.1370239258 distance_loss=1.79056727886
Iteration 91 of 100: loss=19.8844642639 object_loss=18.0938014984 distance_loss=1.79066264629
Iteration 92 of 100: loss=18.0685520172 object_loss=16.2781562805 distance_loss=1.79039645195
Iteration 93 of 100: loss=23.5123214722 object_loss=21.7216968536 distance_loss=1.79062509537
Iteration 94 of 100: loss=23.0660896301 object_loss=21.2754535675 distance_loss=1.79063546658
Iteration 95 of 100: loss=23.7075557709 object_loss=21.9169445038 distance_loss=1.79061055183
Iteration 96 of 100: loss=17.6186447144 object_loss=15.8283700943 distance_loss=1.79027414322
Iteration 97 of 100: loss=17.9919071198 object_loss=16.2013893127 distance_loss=1.79051804543
Iteration 98 of 100: loss=21.5841426849 object_loss=19.7936859131 distance_loss=1.7904561758
Iteration 99 of 100: loss=19.7015705109 object_loss=17.9112110138 distance_loss=1.79035890102
Iteration 0 of 100: loss=19.1063232422 object_loss=17.3158550262 distance_loss=1.79046738148
Iteration 1 of 100: loss=18.1400737762 object_loss=16.3494930267 distance_loss=1.7905806303
Iteration 2 of 100: loss=18.1399898529 object_loss=16.34948349 distance_loss=1.79050695896
Iteration 3 of 100: loss=18.1401023865 object_loss=16.3494472504 distance_loss=1.79065549374
Iteration 4 of 100: loss=20.1049003601 object_loss=18.3140506744 distance_loss=1.7908500433
Iteration 5 of 100: loss=17.3491401672 object_loss=15.5581235886 distance_loss=1.7910169363
Iteration 6 of 100: loss=15.5514450073 object_loss=13.7601680756 distance_loss=1.79127693176
Iteration 7 of 100: loss=15.4573488235 object_loss=13.6658449173 distance_loss=1.79150402546
Iteration 8 of 100: loss=16.5178222656 object_loss=14.7262830734 distance_loss=1.79153859615
Iteration 9 of 100: loss=16.5761947632 object_loss=14.7844686508 distance_loss=1.79172575474
Iteration 10 of 100: loss=16.4626865387 object_loss=14.6707000732 distance_loss=1.79198658466
Iteration 11 of 100: loss=16.5865306854 object_loss=14.7944536209 distance_loss=1.79207777977
Iteration 12 of 100: loss=15.9250745773 object_loss=14.1330070496 distance_loss=1.7920678854
Iteration 13 of 100: loss=16.2975025177 object_loss=14.5051555634 distance_loss=1.79234707355
Iteration 14 of 100: loss=16.6255683899 object_loss=14.8330364227 distance_loss=1.79253232479
Iteration 15 of 100: loss=17.7877902985 object_loss=15.9951229095 distance_loss=1.79266798496
Iteration 16 of 100: loss=15.5450754166 object_loss=13.7526378632 distance_loss=1.79243767262
Iteration 17 of 100: loss=15.1655673981 object_loss=13.3731594086 distance_loss=1.7924079895
Iteration 18 of 100: loss=15.165854454 object_loss=13.3732128143 distance_loss=1.79264199734
Iteration 19 of 100: loss=15.1660556793 object_loss=13.3732347488 distance_loss=1.79282045364
Iteration 20 of 100: loss=15.3075618744 object_loss=13.5150403976 distance_loss=1.79252183437
Iteration 21 of 100: loss=15.5740261078 object_loss=13.7813653946 distance_loss=1.79266047478
Iteration 22 of 100: loss=13.9794273376 object_loss=12.1864824295 distance_loss=1.7929444313
Iteration 23 of 100: loss=13.5482587814 object_loss=11.7549991608 distance_loss=1.79325926304
Iteration 24 of 100: loss=14.233259201 object_loss=12.4397640228 distance_loss=1.79349470139
Iteration 25 of 100: loss=13.1726045609 object_loss=11.3790168762 distance_loss=1.79358780384
Iteration 26 of 100: loss=16.27460289 object_loss=14.4809160233 distance_loss=1.79368638992
Iteration 27 of 100: loss=16.7214660645 object_loss=14.9276485443 distance_loss=1.79381680489
Iteration 28 of 100: loss=15.7767925262 object_loss=13.982966423 distance_loss=1.79382610321
Iteration 29 of 100: loss=11.0075378418 object_loss=9.21351146698 distance_loss=1.79402673244
Iteration 30 of 100: loss=11.5521640778 object_loss=9.75810146332 distance_loss=1.79406237602
Iteration 31 of 100: loss=12.7071170807 object_loss=10.9130439758 distance_loss=1.79407262802
Iteration 32 of 100: loss=13.4448719025 object_loss=11.6515493393 distance_loss=1.79332208633
Iteration 33 of 100: loss=15.5915365219 object_loss=13.7982778549 distance_loss=1.79325902462
Iteration 34 of 100: loss=14.4896554947 object_loss=12.6967010498 distance_loss=1.79295444489
Iteration 35 of 100: loss=14.3545284271 object_loss=12.5617380142 distance_loss=1.7927904129
Iteration 36 of 100: loss=14.5913066864 object_loss=12.7988014221 distance_loss=1.79250526428
Iteration 37 of 100: loss=12.6738567352 object_loss=10.881729126 distance_loss=1.79212760925
Iteration 38 of 100: loss=14.5114459991 object_loss=12.7196998596 distance_loss=1.7917457819
Iteration 39 of 100: loss=14.0508518219 object_loss=12.2593078613 distance_loss=1.79154384136
Iteration 40 of 100: loss=14.5436658859 object_loss=12.7520236969 distance_loss=1.79164230824
Iteration 41 of 100: loss=14.3170871735 object_loss=12.5257062912 distance_loss=1.7913813591
Iteration 42 of 100: loss=15.1421613693 object_loss=13.3509836197 distance_loss=1.79117739201
Iteration 43 of 100: loss=16.7053070068 object_loss=14.9142141342 distance_loss=1.7910926342
Iteration 44 of 100: loss=17.004781723 object_loss=15.2138738632 distance_loss=1.79090738297
Iteration 45 of 100: loss=17.5445556641 object_loss=15.7537002563 distance_loss=1.79085505009
Iteration 46 of 100: loss=15.7534275055 object_loss=13.962688446 distance_loss=1.79073917866
Iteration 47 of 100: loss=16.5416412354 object_loss=14.7510385513 distance_loss=1.79060304165
Iteration 48 of 100: loss=17.9316291809 object_loss=16.1412563324 distance_loss=1.79037380219
Iteration 49 of 100: loss=18.4960689545 object_loss=16.7053947449 distance_loss=1.79067409039
Iteration 50 of 100: loss=19.1254749298 object_loss=17.334646225 distance_loss=1.7908295393
Iteration 51 of 100: loss=21.0902423859 object_loss=19.2991828918 distance_loss=1.79105913639
Iteration 52 of 100: loss=19.3618583679 object_loss=17.570898056 distance_loss=1.79096102715
Iteration 53 of 100: loss=20.4990444183 object_loss=18.7076873779 distance_loss=1.79135787487
Iteration 54 of 100: loss=16.080783844 object_loss=14.2891902924 distance_loss=1.79159367085
Iteration 55 of 100: loss=17.5426940918 object_loss=15.7511520386 distance_loss=1.79154205322
Iteration 56 of 100: loss=15.3180923462 object_loss=13.5270338058 distance_loss=1.79105877876
Iteration 57 of 100: loss=14.7479343414 object_loss=12.9570598602 distance_loss=1.79087436199
Iteration 58 of 100: loss=16.7439250946 object_loss=14.9530162811 distance_loss=1.79090881348
Iteration 59 of 100: loss=20.3257846832 object_loss=18.5349502563 distance_loss=1.79083371162
Iteration 60 of 100: loss=18.3749713898 object_loss=16.5842132568 distance_loss=1.79075825214
Iteration 61 of 100: loss=19.3214263916 object_loss=17.5306358337 distance_loss=1.79079127312
Iteration 62 of 100: loss=19.4996452332 object_loss=17.7090187073 distance_loss=1.79062628746
Iteration 63 of 100: loss=18.9521541595 object_loss=17.1614837646 distance_loss=1.79067051411
Iteration 64 of 100: loss=19.6782531738 object_loss=17.8874530792 distance_loss=1.79079961777
Iteration 65 of 100: loss=20.4236984253 object_loss=18.6330623627 distance_loss=1.79063606262
Iteration 66 of 100: loss=18.6977100372 object_loss=16.9068374634 distance_loss=1.7908731699
Iteration 67 of 100: loss=18.7459526062 object_loss=16.9551258087 distance_loss=1.79082596302
Iteration 68 of 100: loss=19.662021637 object_loss=17.8715114594 distance_loss=1.79051029682
Iteration 69 of 100: loss=18.8438186646 object_loss=17.0529460907 distance_loss=1.79087221622
Iteration 70 of 100: loss=20.4943637848 object_loss=18.7034111023 distance_loss=1.79095351696
Iteration 71 of 100: loss=19.7795829773 object_loss=17.988697052 distance_loss=1.79088652134
Iteration 72 of 100: loss=20.2081279755 object_loss=18.4175109863 distance_loss=1.79061639309
Iteration 73 of 100: loss=24.9951305389 object_loss=23.204460144 distance_loss=1.79067051411
Iteration 74 of 100: loss=18.4043426514 object_loss=16.6135559082 distance_loss=1.79078578949
Iteration 75 of 100: loss=19.0177688599 object_loss=17.2267513275 distance_loss=1.7910182476
Iteration 76 of 100: loss=18.3628864288 object_loss=16.5719966888 distance_loss=1.79089045525
Iteration 77 of 100: loss=16.9779319763 object_loss=15.1870746613 distance_loss=1.79085707664
Iteration 78 of 100: loss=18.899307251 object_loss=17.1082763672 distance_loss=1.79103124142
Iteration 79 of 100: loss=17.471786499 object_loss=15.6806335449 distance_loss=1.79115378857
Iteration 80 of 100: loss=16.7343845367 object_loss=14.9434452057 distance_loss=1.79093945026
Iteration 81 of 100: loss=16.6433849335 object_loss=14.8522491455 distance_loss=1.79113507271
Iteration 82 of 100: loss=16.8522510529 object_loss=15.061085701 distance_loss=1.7911657095
Iteration 83 of 100: loss=18.1986045837 object_loss=16.4073944092 distance_loss=1.79120993614
Iteration 84 of 100: loss=18.5717754364 object_loss=16.7805366516 distance_loss=1.79123854637
Iteration 85 of 100: loss=14.118481636 object_loss=12.3274364471 distance_loss=1.79104530811
Iteration 86 of 100: loss=14.5282735825 object_loss=12.7372150421 distance_loss=1.79105865955
Iteration 87 of 100: loss=14.7711238861 object_loss=12.9800491333 distance_loss=1.79107499123
Iteration 88 of 100: loss=16.6032848358 object_loss=14.812502861 distance_loss=1.79078245163
Iteration 89 of 100: loss=15.5170278549 object_loss=13.7263402939 distance_loss=1.79068720341
Iteration 90 of 100: loss=15.4162273407 object_loss=13.6255140305 distance_loss=1.79071331024
Iteration 91 of 100: loss=14.9138059616 object_loss=13.1231822968 distance_loss=1.79062354565
Iteration 92 of 100: loss=14.7516031265 object_loss=12.9615068436 distance_loss=1.79009628296
Iteration 93 of 100: loss=15.3143291473 object_loss=13.5241680145 distance_loss=1.79016077518
Iteration 94 of 100: loss=15.1353302002 object_loss=13.3451795578 distance_loss=1.79015111923
Iteration 95 of 100: loss=16.1680908203 object_loss=14.3781318665 distance_loss=1.78995978832
Iteration 96 of 100: loss=14.8325443268 object_loss=13.0428791046 distance_loss=1.78966522217
Iteration 97 of 100: loss=14.9280653 object_loss=13.1385269165 distance_loss=1.78953874111
Iteration 98 of 100: loss=19.0169715881 object_loss=17.227350235 distance_loss=1.78962147236
Iteration 99 of 100: loss=17.7809429169 object_loss=15.9912204742 distance_loss=1.789722085
Iteration 0 of 100: loss=15.0723810196 object_loss=13.2823925018 distance_loss=1.78998887539
Iteration 1 of 100: loss=13.2383985519 object_loss=11.4482746124 distance_loss=1.7901238203
Iteration 2 of 100: loss=14.002571106 object_loss=12.2121448517 distance_loss=1.79042649269
Iteration 3 of 100: loss=13.4309892654 object_loss=11.6401185989 distance_loss=1.7908706665
Iteration 4 of 100: loss=13.4611148834 object_loss=11.6702051163 distance_loss=1.79090976715
Iteration 5 of 100: loss=13.9218769073 object_loss=12.1306838989 distance_loss=1.79119348526
Iteration 6 of 100: loss=13.737370491 object_loss=11.9462280273 distance_loss=1.79114258289
Iteration 7 of 100: loss=11.4773864746 object_loss=9.68605041504 distance_loss=1.79133594036
Iteration 8 of 100: loss=10.7318134308 object_loss=8.94015598297 distance_loss=1.79165792465
Iteration 9 of 100: loss=10.7067365646 object_loss=8.91477870941 distance_loss=1.79195761681
Iteration 10 of 100: loss=10.7859153748 object_loss=8.9938249588 distance_loss=1.79209041595
Iteration 11 of 100: loss=11.7419576645 object_loss=9.94955158234 distance_loss=1.79240596294
Iteration 12 of 100: loss=10.9238052368 object_loss=9.13094520569 distance_loss=1.79286038876
Iteration 13 of 100: loss=10.0995254517 object_loss=8.30603599548 distance_loss=1.79348897934
Iteration 14 of 100: loss=9.07001018524 object_loss=7.27589654922 distance_loss=1.79411375523
Iteration 15 of 100: loss=9.00105953217 object_loss=7.20651245117 distance_loss=1.79454684258
Iteration 16 of 100: loss=9.24451065063 object_loss=7.44970464706 distance_loss=1.79480600357
Iteration 17 of 100: loss=8.34706115723 object_loss=6.55152511597 distance_loss=1.79553580284
Iteration 18 of 100: loss=10.9159841537 object_loss=9.11990642548 distance_loss=1.79607796669
Iteration 19 of 100: loss=11.1078300476 object_loss=9.31110668182 distance_loss=1.79672312737
Iteration 20 of 100: loss=12.0914402008 object_loss=10.2941608429 distance_loss=1.79727900028
Iteration 21 of 100: loss=12.1031579971 object_loss=10.3054037094 distance_loss=1.7977540493
Iteration 22 of 100: loss=10.5326128006 object_loss=8.73427200317 distance_loss=1.79834079742
Iteration 23 of 100: loss=11.7791185379 object_loss=9.98017692566 distance_loss=1.79894125462
Iteration 24 of 100: loss=11.136469841 object_loss=9.33725261688 distance_loss=1.79921710491
Iteration 25 of 100: loss=12.0898666382 object_loss=10.2902326584 distance_loss=1.79963445663
Iteration 26 of 100: loss=10.9235887527 object_loss=9.12309265137 distance_loss=1.80049598217
Iteration 27 of 100: loss=12.7198619843 object_loss=10.9188146591 distance_loss=1.80104756355
Iteration 28 of 100: loss=10.1655569077 object_loss=8.36438465118 distance_loss=1.80117201805
Iteration 29 of 100: loss=12.4620113373 object_loss=10.6602697372 distance_loss=1.80174171925
Iteration 30 of 100: loss=11.5166282654 object_loss=9.71413898468 distance_loss=1.8024892807
Iteration 31 of 100: loss=13.4581727982 object_loss=11.6552696228 distance_loss=1.80290281773
Iteration 32 of 100: loss=13.5219135284 object_loss=11.7188329697 distance_loss=1.80308043957
Iteration 33 of 100: loss=13.9753713608 object_loss=12.171831131 distance_loss=1.80354034901
Iteration 34 of 100: loss=11.5128440857 object_loss=9.70913219452 distance_loss=1.80371189117
Iteration 35 of 100: loss=12.115237236 object_loss=10.3115653992 distance_loss=1.80367195606
Iteration 36 of 100: loss=12.153222084 object_loss=10.3497095108 distance_loss=1.80351245403
Iteration 37 of 100: loss=13.6837882996 object_loss=11.8802480698 distance_loss=1.80354034901
Iteration 38 of 100: loss=13.8725557327 object_loss=12.0691585541 distance_loss=1.80339753628
Iteration 39 of 100: loss=15.6311531067 object_loss=13.8277225494 distance_loss=1.80343019962
Iteration 40 of 100: loss=14.4750623703 object_loss=12.671795845 distance_loss=1.80326616764
Iteration 41 of 100: loss=15.5440702438 object_loss=13.7407560349 distance_loss=1.80331408978
Iteration 42 of 100: loss=15.1336202621 object_loss=13.3302373886 distance_loss=1.80338311195
Iteration 43 of 100: loss=12.5406665802 object_loss=10.7372694016 distance_loss=1.80339753628
Iteration 44 of 100: loss=13.7888269424 object_loss=11.9855833054 distance_loss=1.80324327946
Iteration 45 of 100: loss=13.3414478302 object_loss=11.5383968353 distance_loss=1.8030513525
Iteration 46 of 100: loss=13.3403358459 object_loss=11.5376825333 distance_loss=1.80265367031
Iteration 47 of 100: loss=13.5633563995 object_loss=11.7608909607 distance_loss=1.80246543884
Iteration 48 of 100: loss=13.1288976669 object_loss=11.3265333176 distance_loss=1.80236446857
Iteration 49 of 100: loss=13.4126987457 object_loss=11.6105957031 distance_loss=1.80210256577
Iteration 50 of 100: loss=10.3760509491 object_loss=8.57411384583 distance_loss=1.80193758011
Iteration 51 of 100: loss=11.6076831818 object_loss=9.80575656891 distance_loss=1.80192649364
Iteration 52 of 100: loss=12.7862262726 object_loss=10.9849300385 distance_loss=1.80129635334
Iteration 53 of 100: loss=12.3384923935 object_loss=10.5373411179 distance_loss=1.80115103722
Iteration 54 of 100: loss=9.72300052643 object_loss=7.92164611816 distance_loss=1.80135405064
Iteration 55 of 100: loss=13.0185022354 object_loss=11.2171449661 distance_loss=1.80135726929
Iteration 56 of 100: loss=12.4126710892 object_loss=10.6114358902 distance_loss=1.8012355566
Iteration 57 of 100: loss=12.1575155258 object_loss=10.3562755585 distance_loss=1.80123960972
Iteration 58 of 100: loss=13.8714179993 object_loss=12.0703659058 distance_loss=1.80105233192
Iteration 59 of 100: loss=14.93496418 object_loss=13.1338748932 distance_loss=1.80108952522
Iteration 60 of 100: loss=15.4701633453 object_loss=13.6689825058 distance_loss=1.8011803627
Iteration 61 of 100: loss=14.8894233704 object_loss=13.0882062912 distance_loss=1.80121719837
Iteration 62 of 100: loss=14.4337978363 object_loss=12.6323690414 distance_loss=1.80142879486
Iteration 63 of 100: loss=13.5202636719 object_loss=11.718621254 distance_loss=1.80164289474
Iteration 64 of 100: loss=14.3858375549 object_loss=12.5842571259 distance_loss=1.80158019066
Iteration 65 of 100: loss=16.0728931427 object_loss=14.2711553574 distance_loss=1.80173838139
Iteration 66 of 100: loss=16.0351104736 object_loss=14.2330389023 distance_loss=1.80207061768
Iteration 67 of 100: loss=15.3963689804 object_loss=13.5942926407 distance_loss=1.8020761013
Iteration 68 of 100: loss=13.2413349152 object_loss=11.4390983582 distance_loss=1.80223631859
Iteration 69 of 100: loss=13.9039554596 object_loss=12.1014862061 distance_loss=1.80246925354
Iteration 70 of 100: loss=14.4689283371 object_loss=12.6662788391 distance_loss=1.80264985561
Iteration 71 of 100: loss=14.4841918945 object_loss=12.6812953949 distance_loss=1.80289697647
Iteration 72 of 100: loss=17.4592418671 object_loss=15.6563863754 distance_loss=1.80285549164
Iteration 73 of 100: loss=17.2571811676 object_loss=15.4538726807 distance_loss=1.80330872536
Iteration 74 of 100: loss=16.7953414917 object_loss=14.9917144775 distance_loss=1.80362641811
Iteration 75 of 100: loss=19.1387786865 object_loss=17.3348236084 distance_loss=1.80395579338
Iteration 76 of 100: loss=22.6154003143 object_loss=20.8114013672 distance_loss=1.80399894714
Iteration 77 of 100: loss=16.8411636353 object_loss=15.0366897583 distance_loss=1.80447435379
Iteration 78 of 100: loss=19.6041259766 object_loss=17.7993392944 distance_loss=1.80478751659
Iteration 79 of 100: loss=20.2943534851 object_loss=18.4891319275 distance_loss=1.80522060394
Iteration 80 of 100: loss=18.7544612885 object_loss=16.9487762451 distance_loss=1.80568540096
Iteration 81 of 100: loss=17.5344028473 object_loss=15.7286548615 distance_loss=1.80574762821
Iteration 82 of 100: loss=17.3483638763 object_loss=15.5424098969 distance_loss=1.80595457554
Iteration 83 of 100: loss=18.1213569641 object_loss=16.3151607513 distance_loss=1.80619716644
Iteration 84 of 100: loss=17.7832565308 object_loss=15.976858139 distance_loss=1.80639743805
Iteration 85 of 100: loss=16.9905643463 object_loss=15.1840171814 distance_loss=1.80654644966
Iteration 86 of 100: loss=17.9651622772 object_loss=16.1579742432 distance_loss=1.80718886852
Iteration 87 of 100: loss=13.9284849167 object_loss=12.1207809448 distance_loss=1.80770385265
Iteration 88 of 100: loss=12.6504964828 object_loss=10.8425798416 distance_loss=1.80791687965
Iteration 89 of 100: loss=9.80904197693 object_loss=8.00051403046 distance_loss=1.80852770805
Iteration 90 of 100: loss=10.2222518921 object_loss=8.41330718994 distance_loss=1.80894482136
Iteration 91 of 100: loss=8.52473735809 object_loss=6.71537971497 distance_loss=1.80935776234
Iteration 92 of 100: loss=9.5509967804 object_loss=7.74155330658 distance_loss=1.80944371223
Iteration 93 of 100: loss=9.28363800049 object_loss=7.47353935242 distance_loss=1.81009829044
Iteration 94 of 100: loss=9.50043773651 object_loss=7.68971252441 distance_loss=1.8107252121
Iteration 95 of 100: loss=9.24740791321 object_loss=7.43620157242 distance_loss=1.81120669842
Iteration 96 of 100: loss=8.72852516174 object_loss=6.91719150543 distance_loss=1.81133341789
Iteration 97 of 100: loss=8.65186882019 object_loss=6.84016513824 distance_loss=1.81170356274
Iteration 98 of 100: loss=8.27782535553 object_loss=6.46553421021 distance_loss=1.81229138374
Iteration 99 of 100: loss=9.70747280121 object_loss=7.8950881958 distance_loss=1.8123844862
Iteration 0 of 100: loss=8.38725757599 object_loss=6.57510995865 distance_loss=1.81214785576
Iteration 1 of 100: loss=8.63023090363 object_loss=6.81808900833 distance_loss=1.81214177608
Iteration 2 of 100: loss=8.39493083954 object_loss=6.58269739151 distance_loss=1.81223356724
Iteration 3 of 100: loss=8.30502414703 object_loss=6.49259901047 distance_loss=1.81242549419
Iteration 4 of 100: loss=8.63762664795 object_loss=6.82532596588 distance_loss=1.81230032444
Iteration 5 of 100: loss=9.55101490021 object_loss=7.73898792267 distance_loss=1.81202697754
Iteration 6 of 100: loss=8.57976150513 object_loss=6.76783466339 distance_loss=1.81192660332
Iteration 7 of 100: loss=8.3098077774 object_loss=6.49800300598 distance_loss=1.81180477142
Iteration 8 of 100: loss=8.33916664124 object_loss=6.52751493454 distance_loss=1.81165158749
Iteration 9 of 100: loss=7.97838592529 object_loss=6.16685533524 distance_loss=1.81153035164
Iteration 10 of 100: loss=6.63110351562 object_loss=4.81944417953 distance_loss=1.81165957451
Iteration 11 of 100: loss=7.33070468903 object_loss=5.51910161972 distance_loss=1.81160318851
Iteration 12 of 100: loss=7.68288469315 object_loss=5.87186145782 distance_loss=1.81102311611
Iteration 13 of 100: loss=7.27521324158 object_loss=5.46412944794 distance_loss=1.81108379364
Iteration 14 of 100: loss=8.45057868958 object_loss=6.63956260681 distance_loss=1.81101608276
Iteration 15 of 100: loss=7.11979198456 object_loss=5.30918502808 distance_loss=1.81060683727
Iteration 16 of 100: loss=7.20397853851 object_loss=5.39395189285 distance_loss=1.81002652645
Iteration 17 of 100: loss=7.1066493988 object_loss=5.29713058472 distance_loss=1.80951881409
Iteration 18 of 100: loss=7.20738220215 object_loss=5.39843082428 distance_loss=1.80895149708
Iteration 19 of 100: loss=7.22834539413 object_loss=5.41972017288 distance_loss=1.80862510204
Iteration 20 of 100: loss=7.83161830902 object_loss=6.02324438095 distance_loss=1.80837404728
Iteration 21 of 100: loss=8.94273948669 object_loss=7.13485956192 distance_loss=1.80788040161
Iteration 22 of 100: loss=7.68175458908 object_loss=5.87406921387 distance_loss=1.807685256
Iteration 23 of 100: loss=10.9716005325 object_loss=9.16391563416 distance_loss=1.80768489838
Iteration 24 of 100: loss=12.4595785141 object_loss=10.6521263123 distance_loss=1.80745208263
Iteration 25 of 100: loss=9.68418693542 object_loss=7.87657308578 distance_loss=1.80761408806
Iteration 26 of 100: loss=10.1454706192 object_loss=8.33786010742 distance_loss=1.80761039257
Iteration 27 of 100: loss=9.08244132996 object_loss=7.27498435974 distance_loss=1.80745661259
Iteration 28 of 100: loss=8.86657238007 object_loss=7.05920791626 distance_loss=1.80736482143
Iteration 29 of 100: loss=7.33608961105 object_loss=5.52861642838 distance_loss=1.80747330189
Iteration 30 of 100: loss=8.6708240509 object_loss=6.86348152161 distance_loss=1.80734288692
Iteration 31 of 100: loss=8.78380775452 object_loss=6.97618913651 distance_loss=1.80761814117
Iteration 32 of 100: loss=8.63094997406 object_loss=6.82347488403 distance_loss=1.80747532845
Iteration 33 of 100: loss=10.1239366531 object_loss=8.31642913818 distance_loss=1.80750763416
Iteration 34 of 100: loss=9.18424701691 object_loss=7.37653017044 distance_loss=1.80771672726
Iteration 35 of 100: loss=8.38499450684 object_loss=6.57734298706 distance_loss=1.80765151978
Iteration 36 of 100: loss=8.99236869812 object_loss=7.18527030945 distance_loss=1.8070987463
Iteration 37 of 100: loss=10.0172843933 object_loss=8.21045207977 distance_loss=1.8068318367
Iteration 38 of 100: loss=9.60071849823 object_loss=7.79402685165 distance_loss=1.80669140816
Iteration 39 of 100: loss=7.72542667389 object_loss=5.91890192032 distance_loss=1.80652475357
Iteration 40 of 100: loss=9.71271038055 object_loss=7.90616083145 distance_loss=1.80654942989
Iteration 41 of 100: loss=8.04366397858 object_loss=6.23744297028 distance_loss=1.80622136593
Iteration 42 of 100: loss=12.6616811752 object_loss=10.8558197021 distance_loss=1.80586123466
Iteration 43 of 100: loss=9.54849815369 object_loss=7.74270915985 distance_loss=1.805788517
Iteration 44 of 100: loss=9.1020898819 object_loss=7.29653644562 distance_loss=1.80555355549
Iteration 45 of 100: loss=8.19941806793 object_loss=6.39404296875 distance_loss=1.80537509918
Iteration 46 of 100: loss=7.39757156372 object_loss=5.59240198135 distance_loss=1.80516958237
Iteration 47 of 100: loss=7.73734664917 object_loss=5.93236541748 distance_loss=1.80498147011
Iteration 48 of 100: loss=6.76625680923 object_loss=4.96173715591 distance_loss=1.80451953411
Iteration 49 of 100: loss=7.80298614502 object_loss=5.99857521057 distance_loss=1.80441105366
Iteration 50 of 100: loss=8.76738071442 object_loss=6.96319437027 distance_loss=1.80418610573
Iteration 51 of 100: loss=8.62742328644 object_loss=6.82354450226 distance_loss=1.80387914181
Iteration 52 of 100: loss=8.79749202728 object_loss=6.99410152435 distance_loss=1.80339026451
Iteration 53 of 100: loss=8.26819229126 object_loss=6.46465539932 distance_loss=1.80353653431
Iteration 54 of 100: loss=8.12136077881 object_loss=6.31794071198 distance_loss=1.80342018604
Iteration 55 of 100: loss=8.25957775116 object_loss=6.45635843277 distance_loss=1.80321919918
Iteration 56 of 100: loss=7.41673898697 object_loss=5.61391925812 distance_loss=1.80281972885
Iteration 57 of 100: loss=6.30738925934 object_loss=4.504966259 distance_loss=1.80242288113
Iteration 58 of 100: loss=8.82234859467 object_loss=7.02017498016 distance_loss=1.80217325687
Iteration 59 of 100: loss=8.87443733215 object_loss=7.07239341736 distance_loss=1.80204427242
Iteration 60 of 100: loss=9.68251132965 object_loss=7.88063240051 distance_loss=1.80187892914
Iteration 61 of 100: loss=9.37954711914 object_loss=7.57790470123 distance_loss=1.80164265633
Iteration 62 of 100: loss=9.1452589035 object_loss=7.34377765656 distance_loss=1.80148136616
Iteration 63 of 100: loss=9.78241634369 object_loss=7.98089075089 distance_loss=1.8015255928
Iteration 64 of 100: loss=9.80810546875 object_loss=8.00673866272 distance_loss=1.80136656761
Iteration 65 of 100: loss=10.3331413269 object_loss=8.53189849854 distance_loss=1.80124270916
Iteration 66 of 100: loss=8.81637382507 object_loss=7.01520299911 distance_loss=1.80117070675
Iteration 67 of 100: loss=10.7621965408 object_loss=8.96110248566 distance_loss=1.80109369755
Iteration 68 of 100: loss=8.92296981812 object_loss=7.12193441391 distance_loss=1.80103516579
Iteration 69 of 100: loss=7.84567832947 object_loss=6.04401445389 distance_loss=1.80166363716
Iteration 70 of 100: loss=9.53455257416 object_loss=7.73204183578 distance_loss=1.80251038074
Iteration 71 of 100: loss=10.1312789917 object_loss=8.32845115662 distance_loss=1.80282831192
Iteration 72 of 100: loss=11.1247692108 object_loss=9.32248497009 distance_loss=1.80228471756
Iteration 73 of 100: loss=9.30753326416 object_loss=7.50526332855 distance_loss=1.80227005482
Iteration 74 of 100: loss=13.2993392944 object_loss=11.4970779419 distance_loss=1.80226099491
Iteration 75 of 100: loss=11.2092399597 object_loss=9.40721035004 distance_loss=1.80202937126
Iteration 76 of 100: loss=11.8611164093 object_loss=10.059132576 distance_loss=1.80198335648
Iteration 77 of 100: loss=17.3576488495 object_loss=15.5554838181 distance_loss=1.80216491222
Iteration 78 of 100: loss=18.0877742767 object_loss=16.2856082916 distance_loss=1.80216562748
Iteration 79 of 100: loss=18.2749786377 object_loss=16.4722537994 distance_loss=1.80272400379
Iteration 80 of 100: loss=20.0682010651 object_loss=18.2650508881 distance_loss=1.803150177
Iteration 81 of 100: loss=13.5475597382 object_loss=11.7440452576 distance_loss=1.80351400375
Iteration 82 of 100: loss=13.0469141006 object_loss=11.2428913116 distance_loss=1.804022789
Iteration 83 of 100: loss=13.6147727966 object_loss=11.8100805283 distance_loss=1.80469226837
Iteration 84 of 100: loss=15.2244348526 object_loss=13.4196586609 distance_loss=1.80477583408
Iteration 85 of 100: loss=12.3876543045 object_loss=10.5827045441 distance_loss=1.80494976044
Iteration 86 of 100: loss=9.77509975433 object_loss=7.97010707855 distance_loss=1.80499267578
Iteration 87 of 100: loss=8.94061183929 object_loss=7.13553380966 distance_loss=1.80507791042
Iteration 88 of 100: loss=7.15044593811 object_loss=5.34517478943 distance_loss=1.8052713871
Iteration 89 of 100: loss=7.48816490173 object_loss=5.68291091919 distance_loss=1.80525386333
Iteration 90 of 100: loss=7.53431272507 object_loss=5.7290520668 distance_loss=1.80526077747
Iteration 91 of 100: loss=9.09725570679 object_loss=7.29186534882 distance_loss=1.80539035797
Iteration 92 of 100: loss=8.90821552277 object_loss=7.1028881073 distance_loss=1.80532753468
Iteration 93 of 100: loss=8.76952552795 object_loss=6.96412611008 distance_loss=1.80539894104
Iteration 94 of 100: loss=8.80440139771 object_loss=6.99882221222 distance_loss=1.80557894707
Iteration 95 of 100: loss=7.0725479126 object_loss=5.26690864563 distance_loss=1.80563926697
Iteration 96 of 100: loss=8.31178092957 object_loss=6.50642442703 distance_loss=1.80535626411
Iteration 97 of 100: loss=6.34074831009 object_loss=4.53549051285 distance_loss=1.80525779724
Iteration 98 of 100: loss=6.28918933868 object_loss=4.48372268677 distance_loss=1.80546653271
Iteration 99 of 100: loss=7.96927833557 object_loss=6.16361951828 distance_loss=1.80565869808
Iteration 0 of 100: loss=9.94354343414 object_loss=8.13787651062 distance_loss=1.80566728115
Iteration 1 of 100: loss=9.14512825012 object_loss=7.33930969238 distance_loss=1.80581855774
Iteration 2 of 100: loss=9.86870574951 object_loss=8.06293773651 distance_loss=1.80576848984
Iteration 3 of 100: loss=13.4873561859 object_loss=11.6813726425 distance_loss=1.80598390102
Iteration 4 of 100: loss=13.4781780243 object_loss=11.6721363068 distance_loss=1.80604147911
Iteration 5 of 100: loss=13.7875823975 object_loss=11.9816999435 distance_loss=1.8058822155
Iteration 6 of 100: loss=12.7780809402 object_loss=10.9723176956 distance_loss=1.80576324463
Iteration 7 of 100: loss=12.4709386826 object_loss=10.6653747559 distance_loss=1.80556404591
Iteration 8 of 100: loss=14.1703224182 object_loss=12.3652572632 distance_loss=1.80506503582
Iteration 9 of 100: loss=14.621717453 object_loss=12.816576004 distance_loss=1.80514168739
Iteration 10 of 100: loss=14.7872362137 object_loss=12.9819660187 distance_loss=1.80527019501
Iteration 11 of 100: loss=12.0926418304 object_loss=10.287566185 distance_loss=1.80507612228
Iteration 12 of 100: loss=9.60702991486 object_loss=7.80230951309 distance_loss=1.80472052097
Iteration 13 of 100: loss=7.87523078918 object_loss=6.07030630112 distance_loss=1.80492436886
Iteration 14 of 100: loss=8.28863620758 object_loss=6.48383378983 distance_loss=1.80480253696
Iteration 15 of 100: loss=12.3021430969 object_loss=10.4974317551 distance_loss=1.8047118187
Iteration 16 of 100: loss=11.5138263702 object_loss=9.70917320251 distance_loss=1.80465304852
Iteration 17 of 100: loss=9.54171276093 object_loss=7.73724460602 distance_loss=1.80446851254
Iteration 18 of 100: loss=14.1307039261 object_loss=12.3263626099 distance_loss=1.80434131622
Iteration 19 of 100: loss=8.43496704102 object_loss=6.63082122803 distance_loss=1.80414605141
Iteration 20 of 100: loss=7.21065235138 object_loss=5.40706682205 distance_loss=1.80358576775
Iteration 21 of 100: loss=8.965716362 object_loss=7.16229581833 distance_loss=1.80342018604
Iteration 22 of 100: loss=7.87563800812 object_loss=6.07246160507 distance_loss=1.80317652225
Iteration 23 of 100: loss=9.111784935 object_loss=7.30899763107 distance_loss=1.80278742313
Iteration 24 of 100: loss=11.5957050323 object_loss=9.79314517975 distance_loss=1.80256021023
Iteration 25 of 100: loss=10.4941225052 object_loss=8.69193649292 distance_loss=1.80218613148
Iteration 26 of 100: loss=9.87541007996 object_loss=8.07344818115 distance_loss=1.80196166039
Iteration 27 of 100: loss=9.77052974701 object_loss=7.96857261658 distance_loss=1.80195701122
Iteration 28 of 100: loss=11.4716434479 object_loss=9.66995048523 distance_loss=1.80169332027
Iteration 29 of 100: loss=9.76588821411 object_loss=7.9643535614 distance_loss=1.80153465271
Iteration 30 of 100: loss=6.13937330246 object_loss=4.33794355392 distance_loss=1.80142986774
Iteration 31 of 100: loss=6.70190048218 object_loss=4.90067672729 distance_loss=1.80122351646
Iteration 32 of 100: loss=7.65590763092 object_loss=5.85504245758 distance_loss=1.80086541176
Iteration 33 of 100: loss=10.0758371353 object_loss=8.27440357208 distance_loss=1.80143332481
Iteration 34 of 100: loss=12.6994724274 object_loss=10.8978805542 distance_loss=1.8015922308
Iteration 35 of 100: loss=13.5303897858 object_loss=11.7286653519 distance_loss=1.80172431469
Iteration 36 of 100: loss=12.3746833801 object_loss=10.5728912354 distance_loss=1.80179214478
Iteration 37 of 100: loss=11.1297206879 object_loss=9.32796382904 distance_loss=1.80175673962
Iteration 38 of 100: loss=10.4713544846 object_loss=8.66950416565 distance_loss=1.8018501997
Iteration 39 of 100: loss=9.62177467346 object_loss=7.81960868835 distance_loss=1.80216622353
Iteration 40 of 100: loss=9.95429706573 object_loss=8.15218925476 distance_loss=1.80210781097
Iteration 41 of 100: loss=8.37841033936 object_loss=6.5763425827 distance_loss=1.80206811428
Iteration 42 of 100: loss=6.87526082993 object_loss=5.07296085358 distance_loss=1.80230009556
Iteration 43 of 100: loss=8.3099565506 object_loss=6.50749731064 distance_loss=1.80245923996
Iteration 44 of 100: loss=7.7350320816 object_loss=5.93253898621 distance_loss=1.80249297619
Iteration 45 of 100: loss=6.69003200531 object_loss=4.8874707222 distance_loss=1.80256128311
Iteration 46 of 100: loss=6.55739307404 object_loss=4.75472927094 distance_loss=1.80266404152
Iteration 47 of 100: loss=5.94749546051 object_loss=4.14479255676 distance_loss=1.80270290375
Iteration 48 of 100: loss=6.0914349556 object_loss=4.28875255585 distance_loss=1.80268251896
Iteration 49 of 100: loss=6.48770189285 object_loss=4.68491411209 distance_loss=1.80278766155
Iteration 50 of 100: loss=6.59072637558 object_loss=4.7876830101 distance_loss=1.80304348469
Iteration 51 of 100: loss=6.25132894516 object_loss=4.44820213318 distance_loss=1.80312681198
Iteration 52 of 100: loss=6.27052021027 object_loss=4.46761989594 distance_loss=1.80290055275
Iteration 53 of 100: loss=8.2575302124 object_loss=6.45438098907 distance_loss=1.8031488657
Iteration 54 of 100: loss=7.98563861847 object_loss=6.1825428009 distance_loss=1.80309581757
Iteration 55 of 100: loss=8.84426593781 object_loss=7.0409784317 distance_loss=1.80328738689
Iteration 56 of 100: loss=9.75579166412 object_loss=7.95277118683 distance_loss=1.80302035809
Iteration 57 of 100: loss=9.52695274353 object_loss=7.72395515442 distance_loss=1.80299758911
Iteration 58 of 100: loss=9.22235488892 object_loss=7.41951227188 distance_loss=1.80284225941
Iteration 59 of 100: loss=9.46798706055 object_loss=7.66509723663 distance_loss=1.80288946629
Iteration 60 of 100: loss=9.92875003815 object_loss=8.12569904327 distance_loss=1.80305075645
Iteration 61 of 100: loss=7.55186271667 object_loss=5.74870634079 distance_loss=1.80315649509
Iteration 62 of 100: loss=8.43840312958 object_loss=6.63542938232 distance_loss=1.80297398567
Iteration 63 of 100: loss=9.44924545288 object_loss=7.64638137817 distance_loss=1.80286443233
Iteration 64 of 100: loss=8.13779163361 object_loss=6.33459043503 distance_loss=1.80320107937
Iteration 65 of 100: loss=11.213722229 object_loss=9.41031742096 distance_loss=1.80340445042
Iteration 66 of 100: loss=12.1591253281 object_loss=10.3556880951 distance_loss=1.80343723297
Iteration 67 of 100: loss=12.8101844788 object_loss=11.0066833496 distance_loss=1.80350112915
Iteration 68 of 100: loss=14.58061409 object_loss=12.7774562836 distance_loss=1.80315804482
Iteration 69 of 100: loss=14.1816682816 object_loss=12.3787908554 distance_loss=1.80287778378
Iteration 70 of 100: loss=12.7079467773 object_loss=10.9052371979 distance_loss=1.80270957947
Iteration 71 of 100: loss=12.4355192184 object_loss=10.6329936981 distance_loss=1.80252540112
Iteration 72 of 100: loss=12.2502069473 object_loss=10.4480352402 distance_loss=1.80217158794
Iteration 73 of 100: loss=9.77844905853 object_loss=7.97613954544 distance_loss=1.80230927467
Iteration 74 of 100: loss=11.9792137146 object_loss=10.1770935059 distance_loss=1.80211985111
Iteration 75 of 100: loss=12.6437263489 object_loss=10.8417596817 distance_loss=1.80196666718
Iteration 76 of 100: loss=10.7811374664 object_loss=8.97953510284 distance_loss=1.80160236359
Iteration 77 of 100: loss=13.1212825775 object_loss=11.3199548721 distance_loss=1.80132818222
Iteration 78 of 100: loss=15.6916408539 object_loss=13.8901615143 distance_loss=1.80147969723
Iteration 79 of 100: loss=15.7280435562 object_loss=13.9265155792 distance_loss=1.8015280962
Iteration 80 of 100: loss=15.9468536377 object_loss=14.1456727982 distance_loss=1.80118107796
Iteration 81 of 100: loss=14.8464546204 object_loss=13.0453615189 distance_loss=1.80109322071
Iteration 82 of 100: loss=17.1406555176 object_loss=15.339600563 distance_loss=1.80105566978
Iteration 83 of 100: loss=19.4308376312 object_loss=17.6299095154 distance_loss=1.8009275198
Iteration 84 of 100: loss=16.5008430481 object_loss=14.6998977661 distance_loss=1.80094492435
Iteration 85 of 100: loss=16.5252456665 object_loss=14.7239952087 distance_loss=1.80125045776
Iteration 86 of 100: loss=16.2010650635 object_loss=14.3995780945 distance_loss=1.80148792267
Iteration 87 of 100: loss=17.4532928467 object_loss=15.651599884 distance_loss=1.80169260502
Iteration 88 of 100: loss=20.1527194977 object_loss=18.3509082794 distance_loss=1.80181133747
Iteration 89 of 100: loss=20.8973407745 object_loss=19.0953273773 distance_loss=1.80201303959
Iteration 90 of 100: loss=21.6098136902 object_loss=19.8075828552 distance_loss=1.8022313118
Iteration 91 of 100: loss=22.017168045 object_loss=20.2147445679 distance_loss=1.80242288113
Iteration 92 of 100: loss=17.4282722473 object_loss=15.6262283325 distance_loss=1.80204343796
Iteration 93 of 100: loss=16.1368026733 object_loss=14.334435463 distance_loss=1.80236673355
Iteration 94 of 100: loss=17.3405284882 object_loss=15.5380105972 distance_loss=1.80251741409
Iteration 95 of 100: loss=15.4747257233 object_loss=13.6719207764 distance_loss=1.80280506611
Iteration 96 of 100: loss=12.9788732529 object_loss=11.1759500504 distance_loss=1.80292320251
Iteration 97 of 100: loss=13.1723442078 object_loss=11.36926651 distance_loss=1.80307769775
Iteration 98 of 100: loss=12.8068847656 object_loss=11.0038356781 distance_loss=1.80304908752
Iteration 99 of 100: loss=12.4563550949 object_loss=10.6531171799 distance_loss=1.80323791504
Iteration 0 of 100: loss=15.0311069489 object_loss=13.2276124954 distance_loss=1.80349397659
Iteration 1 of 100: loss=13.0906257629 object_loss=11.2871465683 distance_loss=1.80347955227
Iteration 2 of 100: loss=13.8415546417 object_loss=12.0379695892 distance_loss=1.8035851717
Iteration 3 of 100: loss=16.9202575684 object_loss=15.1166782379 distance_loss=1.80358016491
Iteration 4 of 100: loss=17.2226028442 object_loss=15.4190816879 distance_loss=1.80352210999
Iteration 5 of 100: loss=17.4077091217 object_loss=15.6041936874 distance_loss=1.8035145998
Iteration 6 of 100: loss=17.2925662994 object_loss=15.4889392853 distance_loss=1.80362725258
Iteration 7 of 100: loss=17.6807308197 object_loss=15.8775749207 distance_loss=1.80315613747
Iteration 8 of 100: loss=17.9964694977 object_loss=16.1937255859 distance_loss=1.80274343491
Iteration 9 of 100: loss=22.3521385193 object_loss=20.549621582 distance_loss=1.80251705647
Iteration 10 of 100: loss=25.5473613739 object_loss=23.7451591492 distance_loss=1.80220258236
Iteration 11 of 100: loss=17.1093578339 object_loss=15.3072776794 distance_loss=1.80208051205
Iteration 12 of 100: loss=15.7521953583 object_loss=13.950928688 distance_loss=1.80126667023
Iteration 13 of 100: loss=15.478474617 object_loss=13.6773004532 distance_loss=1.80117416382
Iteration 14 of 100: loss=14.2146921158 object_loss=12.4137954712 distance_loss=1.80089664459
Iteration 15 of 100: loss=16.6757392883 object_loss=14.8752937317 distance_loss=1.80044579506
Iteration 16 of 100: loss=15.9447097778 object_loss=14.1448860168 distance_loss=1.7998239994
Iteration 17 of 100: loss=14.6627006531 object_loss=12.8630714417 distance_loss=1.79962944984
Iteration 18 of 100: loss=20.6661090851 object_loss=18.8670902252 distance_loss=1.79901826382
Iteration 19 of 100: loss=13.9019870758 object_loss=12.1034097672 distance_loss=1.79857742786
Iteration 20 of 100: loss=16.7276477814 object_loss=14.9293060303 distance_loss=1.79834210873
Iteration 21 of 100: loss=19.0843544006 object_loss=17.2865333557 distance_loss=1.7978208065
Iteration 22 of 100: loss=16.9933490753 object_loss=15.1961050034 distance_loss=1.7972445488
Iteration 23 of 100: loss=14.4398946762 object_loss=12.6430368423 distance_loss=1.79685771465
Iteration 24 of 100: loss=17.2731132507 object_loss=15.4761161804 distance_loss=1.79699659348
Iteration 25 of 100: loss=22.6753978729 object_loss=20.8781833649 distance_loss=1.79721403122
Iteration 26 of 100: loss=21.1119861603 object_loss=19.3145370483 distance_loss=1.79744935036
Iteration 27 of 100: loss=20.7998771667 object_loss=19.0021839142 distance_loss=1.79769301414
Iteration 28 of 100: loss=25.0979423523 object_loss=23.3001613617 distance_loss=1.79778146744
Iteration 29 of 100: loss=24.3204402924 object_loss=22.5224552155 distance_loss=1.7979849577
Iteration 30 of 100: loss=21.0817432404 object_loss=19.2836036682 distance_loss=1.79813981056
Iteration 31 of 100: loss=25.4546909332 object_loss=23.6562671661 distance_loss=1.79842424393
Iteration 32 of 100: loss=21.383934021 object_loss=19.585395813 distance_loss=1.79853773117
Iteration 33 of 100: loss=21.703962326 object_loss=19.9051551819 distance_loss=1.79880774021
Iteration 34 of 100: loss=18.3767185211 object_loss=16.5773963928 distance_loss=1.79932296276
Iteration 35 of 100: loss=18.3025093079 object_loss=16.5026321411 distance_loss=1.79987776279
Iteration 36 of 100: loss=20.4115562439 object_loss=18.6114215851 distance_loss=1.80013465881
Iteration 37 of 100: loss=14.6757659912 object_loss=12.8753976822 distance_loss=1.80036818981
Iteration 38 of 100: loss=13.2187299728 object_loss=11.4178609848 distance_loss=1.80086934566
Iteration 39 of 100: loss=15.0973033905 object_loss=13.2958717346 distance_loss=1.80143129826
Iteration 40 of 100: loss=15.4614009857 object_loss=13.6597471237 distance_loss=1.80165362358
Iteration 41 of 100: loss=16.2992534637 object_loss=14.4975070953 distance_loss=1.80174672604
Iteration 42 of 100: loss=16.047208786 object_loss=14.2453641891 distance_loss=1.80184483528
Iteration 43 of 100: loss=19.0959205627 object_loss=17.2939796448 distance_loss=1.80194163322
Iteration 44 of 100: loss=23.3374328613 object_loss=21.5355510712 distance_loss=1.80188190937
Iteration 45 of 100: loss=23.1287689209 object_loss=21.3267383575 distance_loss=1.80203080177
Iteration 46 of 100: loss=23.5146350861 object_loss=21.7125587463 distance_loss=1.80207717419
Iteration 47 of 100: loss=22.2192287445 object_loss=20.4171047211 distance_loss=1.80212473869
Iteration 48 of 100: loss=22.9878959656 object_loss=21.1859092712 distance_loss=1.80198669434
Iteration 49 of 100: loss=26.4006519318 object_loss=24.5986118317 distance_loss=1.80203962326
Iteration 50 of 100: loss=18.1920776367 object_loss=16.3895778656 distance_loss=1.80249905586
Iteration 51 of 100: loss=18.650560379 object_loss=16.8478374481 distance_loss=1.80272233486
Iteration 52 of 100: loss=18.4064865112 object_loss=16.6040058136 distance_loss=1.80247998238
Iteration 53 of 100: loss=18.4159011841 object_loss=16.6130256653 distance_loss=1.80287647247
Iteration 54 of 100: loss=18.6465892792 object_loss=16.8433914185 distance_loss=1.80319857597
Iteration 55 of 100: loss=17.8723888397 object_loss=16.0689907074 distance_loss=1.80339848995
Iteration 56 of 100: loss=18.2381420135 object_loss=16.4346828461 distance_loss=1.80345833302
Iteration 57 of 100: loss=18.7696437836 object_loss=16.9660606384 distance_loss=1.80358338356
Iteration 58 of 100: loss=21.900308609 object_loss=20.0966053009 distance_loss=1.80370283127
Iteration 59 of 100: loss=20.8055381775 object_loss=19.0016593933 distance_loss=1.80387961864
Iteration 60 of 100: loss=18.6827888489 object_loss=16.8788719177 distance_loss=1.80391740799
Iteration 61 of 100: loss=20.5473995209 object_loss=18.7437877655 distance_loss=1.80361247063
Iteration 62 of 100: loss=19.6616020203 object_loss=17.8579750061 distance_loss=1.80362677574
Iteration 63 of 100: loss=17.4014797211 object_loss=15.5974502563 distance_loss=1.80402994156
Iteration 64 of 100: loss=20.3987922668 object_loss=18.5945224762 distance_loss=1.80426979065
Iteration 65 of 100: loss=20.8727855682 object_loss=19.0680961609 distance_loss=1.8046888113
Iteration 66 of 100: loss=14.1000204086 object_loss=12.2951087952 distance_loss=1.80491137505
Iteration 67 of 100: loss=15.6767520905 object_loss=13.8715581894 distance_loss=1.80519342422
Iteration 68 of 100: loss=12.0730447769 object_loss=10.2675495148 distance_loss=1.80549550056
Iteration 69 of 100: loss=10.9205589294 object_loss=9.11481761932 distance_loss=1.80574142933
Iteration 70 of 100: loss=9.89710521698 object_loss=8.09145736694 distance_loss=1.80564749241
Iteration 71 of 100: loss=10.6805076599 object_loss=8.87481880188 distance_loss=1.80568933487
Iteration 72 of 100: loss=12.8388032913 object_loss=11.0333557129 distance_loss=1.80544734001
Iteration 73 of 100: loss=12.5317049026 object_loss=10.7261142731 distance_loss=1.80559027195
Iteration 74 of 100: loss=11.0284767151 object_loss=9.22277736664 distance_loss=1.80569970608
Iteration 75 of 100: loss=10.4261598587 object_loss=8.62074279785 distance_loss=1.80541729927
Iteration 76 of 100: loss=13.2807064056 object_loss=11.4757709503 distance_loss=1.80493509769
Iteration 77 of 100: loss=12.9753475189 object_loss=11.1704654694 distance_loss=1.80488204956
Iteration 78 of 100: loss=12.9332256317 object_loss=11.1285181046 distance_loss=1.80470728874
Iteration 79 of 100: loss=11.2413053513 object_loss=9.43678951263 distance_loss=1.80451571941
Iteration 80 of 100: loss=10.6305961609 object_loss=8.8263425827 distance_loss=1.80425333977
Iteration 81 of 100: loss=12.3165893555 object_loss=10.5126333237 distance_loss=1.80395567417
Iteration 82 of 100: loss=12.9766702652 object_loss=11.1727647781 distance_loss=1.80390524864
Iteration 83 of 100: loss=12.1082420349 object_loss=10.3040037155 distance_loss=1.80423867702
Iteration 84 of 100: loss=12.0980300903 object_loss=10.2936458588 distance_loss=1.80438399315
Iteration 85 of 100: loss=12.1020460129 object_loss=10.2975482941 distance_loss=1.80449783802
Iteration 86 of 100: loss=14.5907430649 object_loss=12.7859954834 distance_loss=1.8047478199
Iteration 87 of 100: loss=14.1962604523 object_loss=12.3914270401 distance_loss=1.80483293533
Iteration 88 of 100: loss=16.8086032867 object_loss=15.0039205551 distance_loss=1.80468344688
Iteration 89 of 100: loss=21.4071979523 object_loss=19.6020812988 distance_loss=1.80511724949
Iteration 90 of 100: loss=12.9635391235 object_loss=11.1579093933 distance_loss=1.80562996864
Iteration 91 of 100: loss=10.0666036606 object_loss=8.2607717514 distance_loss=1.80583155155
Iteration 92 of 100: loss=11.3598403931 object_loss=9.55398368835 distance_loss=1.8058565855
Iteration 93 of 100: loss=11.7953100204 object_loss=9.9891576767 distance_loss=1.80615258217
Iteration 94 of 100: loss=11.5730743408 object_loss=9.76666355133 distance_loss=1.80641126633
Iteration 95 of 100: loss=15.1959085464 object_loss=13.3893013 distance_loss=1.80660688877
Iteration 96 of 100: loss=14.7254657745 object_loss=12.9189500809 distance_loss=1.80651593208
Iteration 97 of 100: loss=17.8586444855 object_loss=16.0520496368 distance_loss=1.80659496784
Iteration 98 of 100: loss=14.2329587936 object_loss=12.4261445999 distance_loss=1.80681443214
Iteration 99 of 100: loss=13.2918643951 object_loss=11.4847345352 distance_loss=1.80712962151
Iteration 0 of 100: loss=15.1810436249 object_loss=13.3738603592 distance_loss=1.80718278885
Iteration 1 of 100: loss=17.1136474609 object_loss=15.3061418533 distance_loss=1.80750465393
Iteration 2 of 100: loss=13.7728023529 object_loss=11.9651441574 distance_loss=1.80765855312
Iteration 3 of 100: loss=13.7731218338 object_loss=11.9651679993 distance_loss=1.80795359612
Iteration 4 of 100: loss=15.160443306 object_loss=13.3522911072 distance_loss=1.80815196037
Iteration 5 of 100: loss=13.9818162918 object_loss=12.1738147736 distance_loss=1.80800163746
Iteration 6 of 100: loss=14.405673027 object_loss=12.5975818634 distance_loss=1.80809104443
Iteration 7 of 100: loss=20.1385822296 object_loss=18.3304100037 distance_loss=1.80817186832
Iteration 8 of 100: loss=17.2226295471 object_loss=15.4145030975 distance_loss=1.80812728405
Iteration 9 of 100: loss=18.3871803284 object_loss=16.5789775848 distance_loss=1.80820190907
Iteration 10 of 100: loss=17.5188407898 object_loss=15.7103242874 distance_loss=1.80851697922
Iteration 11 of 100: loss=30.6813278198 object_loss=28.8722000122 distance_loss=1.80912697315
Iteration 12 of 100: loss=29.8312072754 object_loss=28.0222244263 distance_loss=1.80898189545
Iteration 13 of 100: loss=30.557144165 object_loss=28.7478580475 distance_loss=1.80928623676
Iteration 14 of 100: loss=32.9797592163 object_loss=31.1701431274 distance_loss=1.8096177578
Iteration 15 of 100: loss=33.5370178223 object_loss=31.7271938324 distance_loss=1.80982518196
Iteration 16 of 100: loss=33.3052597046 object_loss=31.4953899384 distance_loss=1.80986833572
Iteration 17 of 100: loss=33.2941627502 object_loss=31.4841976166 distance_loss=1.80996608734
Iteration 18 of 100: loss=34.0580101013 object_loss=32.2478866577 distance_loss=1.81012177467
Iteration 19 of 100: loss=33.0504455566 object_loss=31.2401733398 distance_loss=1.81027066708
Iteration 20 of 100: loss=32.8031005859 object_loss=30.9928531647 distance_loss=1.81024777889
Iteration 21 of 100: loss=35.1649894714 object_loss=33.3550224304 distance_loss=1.80996739864
Iteration 22 of 100: loss=34.1306800842 object_loss=32.3207550049 distance_loss=1.80992650986
Iteration 23 of 100: loss=32.0647964478 object_loss=30.2545509338 distance_loss=1.81024646759
Iteration 24 of 100: loss=12.8576822281 object_loss=11.0476894379 distance_loss=1.80999243259
Iteration 25 of 100: loss=15.9686059952 object_loss=14.1585378647 distance_loss=1.81006848812
Iteration 26 of 100: loss=16.7434635162 object_loss=14.933265686 distance_loss=1.81019866467
Iteration 27 of 100: loss=16.1675949097 object_loss=14.3574981689 distance_loss=1.81009674072
Iteration 28 of 100: loss=14.9065980911 object_loss=13.0965623856 distance_loss=1.81003570557
Iteration 29 of 100: loss=14.5194587708 object_loss=12.7092008591 distance_loss=1.81025791168
Iteration 30 of 100: loss=17.2780685425 object_loss=15.4678354263 distance_loss=1.81023395061
Iteration 31 of 100: loss=15.3576126099 object_loss=13.5472736359 distance_loss=1.81033885479
Iteration 32 of 100: loss=16.9096813202 object_loss=15.0994224548 distance_loss=1.81025838852
Iteration 33 of 100: loss=14.8440141678 object_loss=13.0336418152 distance_loss=1.81037271023
Iteration 34 of 100: loss=12.5244026184 object_loss=10.7137432098 distance_loss=1.81065917015
Iteration 35 of 100: loss=13.1715364456 object_loss=11.3607225418 distance_loss=1.8108137846
Iteration 36 of 100: loss=12.8713312149 object_loss=11.0607309341 distance_loss=1.81059992313
Iteration 37 of 100: loss=15.4727954865 object_loss=13.6619729996 distance_loss=1.81082248688
Iteration 38 of 100: loss=16.8435325623 object_loss=15.0327472687 distance_loss=1.81078445911
Iteration 39 of 100: loss=16.324962616 object_loss=14.5140857697 distance_loss=1.81087625027
Iteration 40 of 100: loss=16.1748962402 object_loss=14.3636989594 distance_loss=1.81119644642
Iteration 41 of 100: loss=14.9581947327 object_loss=13.1469554901 distance_loss=1.81123936176
Iteration 42 of 100: loss=14.7077169418 object_loss=12.8966827393 distance_loss=1.81103444099
Iteration 43 of 100: loss=16.213640213 object_loss=14.4025144577 distance_loss=1.81112635136
Iteration 44 of 100: loss=15.6377840042 object_loss=13.8265218735 distance_loss=1.81126201153
Iteration 45 of 100: loss=15.6370220184 object_loss=13.8256855011 distance_loss=1.81133615971
Iteration 46 of 100: loss=17.5540390015 object_loss=15.7422676086 distance_loss=1.81177139282
Iteration 47 of 100: loss=18.9232273102 object_loss=17.1111698151 distance_loss=1.81205809116
Iteration 48 of 100: loss=19.7576828003 object_loss=17.9457397461 distance_loss=1.81194388866
Iteration 49 of 100: loss=18.2349529266 object_loss=16.4228477478 distance_loss=1.81210446358
Iteration 50 of 100: loss=17.8634300232 object_loss=16.0510959625 distance_loss=1.81233370304
Iteration 51 of 100: loss=19.2829589844 object_loss=17.4702358246 distance_loss=1.81272292137
Iteration 52 of 100: loss=19.3711032867 object_loss=17.5582389832 distance_loss=1.81286489964
Iteration 53 of 100: loss=18.4189186096 object_loss=16.6056060791 distance_loss=1.81331312656
Iteration 54 of 100: loss=19.3015537262 object_loss=17.4880943298 distance_loss=1.81345915794
Iteration 55 of 100: loss=16.9085693359 object_loss=15.0947885513 distance_loss=1.81378149986
Iteration 56 of 100: loss=16.0900001526 object_loss=14.2763872147 distance_loss=1.81361234188
Iteration 57 of 100: loss=18.3819313049 object_loss=16.5682621002 distance_loss=1.81366956234
Iteration 58 of 100: loss=17.0545291901 object_loss=15.2406644821 distance_loss=1.81386482716
Iteration 59 of 100: loss=18.9227523804 object_loss=17.1090259552 distance_loss=1.81372642517
Iteration 60 of 100: loss=25.2656822205 object_loss=23.4523410797 distance_loss=1.81334197521
Iteration 61 of 100: loss=19.3642902374 object_loss=17.5510883331 distance_loss=1.81320250034
Iteration 62 of 100: loss=18.6155433655 object_loss=16.8022346497 distance_loss=1.81330966949
Iteration 63 of 100: loss=25.6461658478 object_loss=23.8325862885 distance_loss=1.81357896328
Iteration 64 of 100: loss=21.5760688782 object_loss=19.7625427246 distance_loss=1.81352674961
Iteration 65 of 100: loss=20.0837478638 object_loss=18.2703266144 distance_loss=1.81342124939
Iteration 66 of 100: loss=17.5407791138 object_loss=15.7276296616 distance_loss=1.81314980984
Iteration 67 of 100: loss=21.1825504303 object_loss=19.3694572449 distance_loss=1.81309270859
Iteration 68 of 100: loss=23.465171814 object_loss=21.6521644592 distance_loss=1.8130081892
Iteration 69 of 100: loss=23.6610984802 object_loss=21.8481349945 distance_loss=1.81296384335
Iteration 70 of 100: loss=26.2360363007 object_loss=24.422914505 distance_loss=1.81312143803
Iteration 71 of 100: loss=28.5239524841 object_loss=26.7108192444 distance_loss=1.81313252449
Iteration 72 of 100: loss=25.2159881592 object_loss=23.403213501 distance_loss=1.81277430058
Iteration 73 of 100: loss=26.9981803894 object_loss=25.185218811 distance_loss=1.81296086311
Iteration 74 of 100: loss=25.079750061 object_loss=23.2667732239 distance_loss=1.81297671795
Iteration 75 of 100: loss=24.966594696 object_loss=23.1536312103 distance_loss=1.81296265125
Iteration 76 of 100: loss=27.2739391327 object_loss=25.4610481262 distance_loss=1.81289076805
Iteration 77 of 100: loss=27.4692649841 object_loss=25.6564254761 distance_loss=1.81284034252
Iteration 78 of 100: loss=26.3582229614 object_loss=24.545375824 distance_loss=1.81284701824
Iteration 79 of 100: loss=27.796754837 object_loss=25.9836902618 distance_loss=1.81306385994
Iteration 80 of 100: loss=26.6910419464 object_loss=24.8781394958 distance_loss=1.8129016161
Iteration 81 of 100: loss=23.3251266479 object_loss=21.5124454498 distance_loss=1.81268048286
Iteration 82 of 100: loss=22.6818828583 object_loss=20.8691329956 distance_loss=1.8127502203
Iteration 83 of 100: loss=23.8851394653 object_loss=22.0724163055 distance_loss=1.81272256374
Iteration 84 of 100: loss=28.1214942932 object_loss=26.3089923859 distance_loss=1.8125026226
Iteration 85 of 100: loss=30.0659694672 object_loss=28.2535018921 distance_loss=1.81246769428
Iteration 86 of 100: loss=30.8306560516 object_loss=29.0184001923 distance_loss=1.81225633621
Iteration 87 of 100: loss=28.7869777679 object_loss=26.9748630524 distance_loss=1.81211447716
Iteration 88 of 100: loss=29.7183055878 object_loss=27.9063968658 distance_loss=1.81190848351
Iteration 89 of 100: loss=30.4164028168 object_loss=28.6042804718 distance_loss=1.81212151051
Iteration 90 of 100: loss=30.9593696594 object_loss=29.1470012665 distance_loss=1.8123691082
Iteration 91 of 100: loss=30.2664394379 object_loss=28.4537620544 distance_loss=1.81267797947
Iteration 92 of 100: loss=29.7999286652 object_loss=27.9874324799 distance_loss=1.81249630451
Iteration 93 of 100: loss=30.1672420502 object_loss=28.3544425964 distance_loss=1.81279993057
Iteration 94 of 100: loss=31.7883987427 object_loss=29.9753246307 distance_loss=1.81307435036
Iteration 95 of 100: loss=29.4071102142 object_loss=27.5937843323 distance_loss=1.8133263588
Iteration 96 of 100: loss=34.6092071533 object_loss=32.7958755493 distance_loss=1.81333136559
Iteration 97 of 100: loss=33.2674484253 object_loss=31.4540367126 distance_loss=1.81341075897
Iteration 98 of 100: loss=31.0011978149 object_loss=29.1875038147 distance_loss=1.8136947155
Iteration 99 of 100: loss=30.9998569489 object_loss=29.1859588623 distance_loss=1.8138988018
Iteration 0 of 100: loss=28.7268772125 object_loss=26.9127960205 distance_loss=1.81408178806
Iteration 1 of 100: loss=27.427148819 object_loss=25.6129055023 distance_loss=1.81424415112
Iteration 2 of 100: loss=29.4057102203 object_loss=27.5911331177 distance_loss=1.81457710266
Iteration 3 of 100: loss=30.2185897827 object_loss=28.4036216736 distance_loss=1.81496870518
Iteration 4 of 100: loss=27.6262378693 object_loss=25.8108024597 distance_loss=1.81543517113
Iteration 5 of 100: loss=27.9967250824 object_loss=26.180803299 distance_loss=1.81592190266
Iteration 6 of 100: loss=28.0683860779 object_loss=26.2521591187 distance_loss=1.81622767448
Iteration 7 of 100: loss=24.4853725433 object_loss=22.6689167023 distance_loss=1.81645560265
Iteration 8 of 100: loss=29.0977649689 object_loss=27.2814903259 distance_loss=1.81627464294
Iteration 9 of 100: loss=29.2551555634 object_loss=27.4386787415 distance_loss=1.81647658348
Iteration 10 of 100: loss=31.0223178864 object_loss=29.2057247162 distance_loss=1.81659340858
Iteration 11 of 100: loss=32.3261184692 object_loss=30.509513855 distance_loss=1.81660306454
Iteration 12 of 100: loss=32.0466537476 object_loss=30.2300815582 distance_loss=1.81657409668
Iteration 13 of 100: loss=33.456577301 object_loss=31.6396102905 distance_loss=1.81696724892
Iteration 14 of 100: loss=33.3160667419 object_loss=31.4992084503 distance_loss=1.8168566227
Iteration 15 of 100: loss=32.8146209717 object_loss=30.9977760315 distance_loss=1.81684434414
Iteration 16 of 100: loss=32.1904563904 object_loss=30.3736305237 distance_loss=1.81682431698
Iteration 17 of 100: loss=32.553352356 object_loss=30.736623764 distance_loss=1.81672728062
Iteration 18 of 100: loss=30.8131065369 object_loss=28.9962978363 distance_loss=1.81680822372
Iteration 19 of 100: loss=29.9816150665 object_loss=28.164648056 distance_loss=1.81696784496
Iteration 20 of 100: loss=33.2500190735 object_loss=31.4332637787 distance_loss=1.81675457954
Iteration 21 of 100: loss=31.2412147522 object_loss=29.4243087769 distance_loss=1.8169066906
Iteration 22 of 100: loss=31.4904117584 object_loss=29.6734809875 distance_loss=1.81693017483
Iteration 23 of 100: loss=31.0642871857 object_loss=29.2473163605 distance_loss=1.81697142124
Iteration 24 of 100: loss=30.5784645081 object_loss=28.7614173889 distance_loss=1.81704699993
Iteration 25 of 100: loss=31.6447811127 object_loss=29.8278255463 distance_loss=1.81695616245
Iteration 26 of 100: loss=31.4743537903 object_loss=29.6574707031 distance_loss=1.81688225269
Iteration 27 of 100: loss=32.6998748779 object_loss=30.8828868866 distance_loss=1.81698811054
Iteration 28 of 100: loss=31.6422195435 object_loss=29.8254013062 distance_loss=1.81681835651
Iteration 29 of 100: loss=33.2167663574 object_loss=31.3998241425 distance_loss=1.81694090366
Iteration 30 of 100: loss=33.5754623413 object_loss=31.7580604553 distance_loss=1.81740140915
Iteration 31 of 100: loss=33.7455368042 object_loss=31.9279823303 distance_loss=1.81755566597
Iteration 32 of 100: loss=36.0091056824 object_loss=34.1920089722 distance_loss=1.81709766388
Iteration 33 of 100: loss=36.5799407959 object_loss=34.7625350952 distance_loss=1.81740748882
Iteration 34 of 100: loss=37.186870575 object_loss=35.3688812256 distance_loss=1.8179898262
Iteration 35 of 100: loss=33.9732437134 object_loss=32.154800415 distance_loss=1.8184441328
Iteration 36 of 100: loss=39.6878585815 object_loss=37.8693084717 distance_loss=1.81854856014
Iteration 37 of 100: loss=40.4559173584 object_loss=38.6372947693 distance_loss=1.81862163544
Iteration 38 of 100: loss=38.9841842651 object_loss=37.165435791 distance_loss=1.81874847412
Iteration 39 of 100: loss=38.9561538696 object_loss=37.1370582581 distance_loss=1.81909453869
Iteration 40 of 100: loss=40.3979377747 object_loss=38.5787010193 distance_loss=1.8192384243
Iteration 41 of 100: loss=40.5296669006 object_loss=38.7105484009 distance_loss=1.81911957264
Iteration 42 of 100: loss=36.9129600525 object_loss=35.093963623 distance_loss=1.81899678707
Iteration 43 of 100: loss=38.414642334 object_loss=36.5954856873 distance_loss=1.81915664673
Iteration 44 of 100: loss=37.839263916 object_loss=36.0198669434 distance_loss=1.81939792633
Iteration 45 of 100: loss=37.4972724915 object_loss=35.6776046753 distance_loss=1.81966650486
Iteration 46 of 100: loss=37.5766792297 object_loss=35.7569046021 distance_loss=1.81977379322
Iteration 47 of 100: loss=37.4273300171 object_loss=35.6073799133 distance_loss=1.81995046139
Iteration 48 of 100: loss=37.7779045105 object_loss=35.9577941895 distance_loss=1.82011151314
Iteration 49 of 100: loss=40.0195541382 object_loss=38.1993179321 distance_loss=1.8202381134
Iteration 50 of 100: loss=38.2965164185 object_loss=36.476234436 distance_loss=1.8202804327
Iteration 51 of 100: loss=38.7373313904 object_loss=36.9169082642 distance_loss=1.82042324543
Iteration 52 of 100: loss=37.8713226318 object_loss=36.05103302 distance_loss=1.82028877735
Iteration 53 of 100: loss=37.5400733948 object_loss=35.719581604 distance_loss=1.82049286366
Iteration 54 of 100: loss=38.9691467285 object_loss=37.1484298706 distance_loss=1.82071793079
Iteration 55 of 100: loss=36.011100769 object_loss=34.1905937195 distance_loss=1.82050561905
Iteration 56 of 100: loss=37.4754524231 object_loss=35.6554069519 distance_loss=1.82004678249
Iteration 57 of 100: loss=40.0210418701 object_loss=38.2012710571 distance_loss=1.81977212429
Iteration 58 of 100: loss=41.2561607361 object_loss=39.4365272522 distance_loss=1.81963479519
Iteration 59 of 100: loss=40.6053466797 object_loss=38.7858924866 distance_loss=1.81945264339
Iteration 60 of 100: loss=40.4446334839 object_loss=38.6254196167 distance_loss=1.81921339035
Iteration 61 of 100: loss=42.7958717346 object_loss=40.976764679 distance_loss=1.81910741329
Iteration 62 of 100: loss=43.0270309448 object_loss=41.2080917358 distance_loss=1.81893789768
Iteration 63 of 100: loss=51.9586791992 object_loss=50.1398239136 distance_loss=1.81885623932
Iteration 64 of 100: loss=52.4462890625 object_loss=50.6277198792 distance_loss=1.8185710907
Iteration 65 of 100: loss=52.8769378662 object_loss=51.058467865 distance_loss=1.81846940517
Iteration 66 of 100: loss=51.7066612244 object_loss=49.8879814148 distance_loss=1.81867909431
Iteration 67 of 100: loss=51.4610176086 object_loss=49.6423187256 distance_loss=1.81869745255
Iteration 68 of 100: loss=49.3512420654 object_loss=47.5327987671 distance_loss=1.81844472885
Iteration 69 of 100: loss=49.9498634338 object_loss=48.1312026978 distance_loss=1.81866002083
Iteration 70 of 100: loss=50.1108322144 object_loss=48.2919311523 distance_loss=1.81889915466
Iteration 71 of 100: loss=49.3915367126 object_loss=47.5726623535 distance_loss=1.81887459755
Iteration 72 of 100: loss=49.4271354675 object_loss=47.6083755493 distance_loss=1.81876146793
Iteration 73 of 100: loss=49.890953064 object_loss=48.0718612671 distance_loss=1.81909203529
Iteration 74 of 100: loss=48.8606948853 object_loss=47.0414276123 distance_loss=1.81926596165
Iteration 75 of 100: loss=48.6625061035 object_loss=46.8432426453 distance_loss=1.81926238537
Iteration 76 of 100: loss=49.6655349731 object_loss=47.8463859558 distance_loss=1.81914830208
Iteration 77 of 100: loss=50.3676147461 object_loss=48.5486068726 distance_loss=1.81900644302
Iteration 78 of 100: loss=52.0771026611 object_loss=50.258190155 distance_loss=1.81891179085
Iteration 79 of 100: loss=50.4446182251 object_loss=48.6256599426 distance_loss=1.81895840168
Iteration 80 of 100: loss=51.2796936035 object_loss=49.4611663818 distance_loss=1.81852638721
Iteration 81 of 100: loss=51.4394111633 object_loss=49.6212005615 distance_loss=1.81821084023
Iteration 82 of 100: loss=48.5221977234 object_loss=46.7044219971 distance_loss=1.81777727604
Iteration 83 of 100: loss=48.4440841675 object_loss=46.6266021729 distance_loss=1.81748235226
Iteration 84 of 100: loss=46.372631073 object_loss=44.5554122925 distance_loss=1.8172172308
Iteration 85 of 100: loss=46.3995819092 object_loss=44.5827445984 distance_loss=1.81683707237
Iteration 86 of 100: loss=48.5435943604 object_loss=46.7270126343 distance_loss=1.81658041477
Iteration 87 of 100: loss=48.8304977417 object_loss=47.0141105652 distance_loss=1.81638550758
Iteration 88 of 100: loss=49.6986045837 object_loss=47.8824729919 distance_loss=1.81613171101
Iteration 89 of 100: loss=48.7017211914 object_loss=46.8856697083 distance_loss=1.81605279446
Iteration 90 of 100: loss=48.4988861084 object_loss=46.6827087402 distance_loss=1.81617760658
Iteration 91 of 100: loss=49.5430145264 object_loss=47.7266731262 distance_loss=1.81633996964
Iteration 92 of 100: loss=49.9120292664 object_loss=48.0961723328 distance_loss=1.81585812569
Iteration 93 of 100: loss=49.919883728 object_loss=48.1038589478 distance_loss=1.81602442265
Iteration 94 of 100: loss=50.5774803162 object_loss=48.761428833 distance_loss=1.8160520792
Iteration 95 of 100: loss=49.5420417786 object_loss=47.7261199951 distance_loss=1.81592321396
Iteration 96 of 100: loss=48.5059127808 object_loss=46.6905517578 distance_loss=1.81536221504
Iteration 97 of 100: loss=47.8771705627 object_loss=46.0620117188 distance_loss=1.81516027451
Iteration 98 of 100: loss=48.0678100586 object_loss=46.2530441284 distance_loss=1.81476581097
Iteration 99 of 100: loss=48.0861129761 object_loss=46.2714004517 distance_loss=1.81471443176
Iteration 0 of 100: loss=47.9643478394 object_loss=46.149772644 distance_loss=1.81457650661
Iteration 1 of 100: loss=49.7082748413 object_loss=47.893913269 distance_loss=1.81436026096
Iteration 2 of 100: loss=49.1957588196 object_loss=47.3813285828 distance_loss=1.81443035603
Iteration 3 of 100: loss=48.03881073 object_loss=46.2243766785 distance_loss=1.81443464756
Iteration 4 of 100: loss=48.7576713562 object_loss=46.9437828064 distance_loss=1.8138872385
Iteration 5 of 100: loss=49.3874816895 object_loss=47.5737495422 distance_loss=1.81373047829
Iteration 6 of 100: loss=47.5887718201 object_loss=45.7751731873 distance_loss=1.81359696388
Iteration 7 of 100: loss=50.4894676208 object_loss=48.676109314 distance_loss=1.81335771084
Iteration 8 of 100: loss=50.8577766418 object_loss=49.0445327759 distance_loss=1.8132455349
Iteration 9 of 100: loss=50.8222618103 object_loss=49.0091781616 distance_loss=1.81308472157
Iteration 10 of 100: loss=51.1750564575 object_loss=49.3621406555 distance_loss=1.81291699409
Iteration 11 of 100: loss=52.2819519043 object_loss=50.4691085815 distance_loss=1.81284499168
Iteration 12 of 100: loss=51.1776008606 object_loss=49.3650436401 distance_loss=1.8125590086
Iteration 13 of 100: loss=50.78383255 object_loss=48.9714813232 distance_loss=1.8123511076
Iteration 14 of 100: loss=51.1026039124 object_loss=49.290348053 distance_loss=1.81225681305
Iteration 15 of 100: loss=51.3110313416 object_loss=49.4989547729 distance_loss=1.81207501888
Iteration 16 of 100: loss=51.1683197021 object_loss=49.3567428589 distance_loss=1.81157755852
Iteration 17 of 100: loss=51.0936164856 object_loss=49.2820701599 distance_loss=1.8115478754
Iteration 18 of 100: loss=50.9815101624 object_loss=49.1701507568 distance_loss=1.81135797501
Iteration 19 of 100: loss=51.1108627319 object_loss=49.2994651794 distance_loss=1.81139838696
Iteration 20 of 100: loss=51.5952262878 object_loss=49.78383255 distance_loss=1.81139540672
Iteration 21 of 100: loss=51.5951080322 object_loss=49.78383255 distance_loss=1.81127369404
Iteration 22 of 100: loss=51.1731185913 object_loss=49.3621940613 distance_loss=1.81092298031
Iteration 23 of 100: loss=51.7115898132 object_loss=49.9007492065 distance_loss=1.81084084511
Iteration 24 of 100: loss=51.013343811 object_loss=49.2025375366 distance_loss=1.81080794334
Iteration 25 of 100: loss=51.105342865 object_loss=49.2946052551 distance_loss=1.81073689461
Iteration 26 of 100: loss=50.1180343628 object_loss=48.3073120117 distance_loss=1.81072199345
Iteration 27 of 100: loss=49.0421028137 object_loss=47.2315979004 distance_loss=1.81050491333
Iteration 28 of 100: loss=49.5503730774 object_loss=47.7402267456 distance_loss=1.81014466286
Iteration 29 of 100: loss=49.535282135 object_loss=47.7251319885 distance_loss=1.81015098095
Iteration 30 of 100: loss=49.5352630615 object_loss=47.7250175476 distance_loss=1.81024622917
Iteration 31 of 100: loss=49.37474823 object_loss=47.5645065308 distance_loss=1.81024026871
Iteration 32 of 100: loss=48.4647445679 object_loss=46.6548652649 distance_loss=1.80988001823
Iteration 33 of 100: loss=48.6663017273 object_loss=46.8562202454 distance_loss=1.81008005142
Iteration 34 of 100: loss=48.3473434448 object_loss=46.5372543335 distance_loss=1.81009078026
Iteration 35 of 100: loss=47.429069519 object_loss=45.6189575195 distance_loss=1.81011390686
Iteration 36 of 100: loss=48.7023391724 object_loss=46.8925819397 distance_loss=1.80975675583
Iteration 37 of 100: loss=49.246257782 object_loss=47.4367370605 distance_loss=1.80952072144
Iteration 38 of 100: loss=49.227355957 object_loss=47.4177017212 distance_loss=1.80965232849
Iteration 39 of 100: loss=49.879825592 object_loss=48.0700645447 distance_loss=1.80976212025
Iteration 40 of 100: loss=50.0277404785 object_loss=48.2180519104 distance_loss=1.80968868732
Iteration 41 of 100: loss=49.6200447083 object_loss=47.810333252 distance_loss=1.80971109867
Iteration 42 of 100: loss=49.7382965088 object_loss=47.9283180237 distance_loss=1.80997872353
Iteration 43 of 100: loss=49.1100654602 object_loss=47.2997932434 distance_loss=1.81027233601
Iteration 44 of 100: loss=48.9558181763 object_loss=47.1453895569 distance_loss=1.8104300499
Iteration 45 of 100: loss=47.9483909607 object_loss=46.1378746033 distance_loss=1.810516119
Iteration 46 of 100: loss=48.2692832947 object_loss=46.4587631226 distance_loss=1.81051945686
Iteration 47 of 100: loss=47.9785766602 object_loss=46.1680183411 distance_loss=1.81055903435
Iteration 48 of 100: loss=48.4711380005 object_loss=46.660736084 distance_loss=1.81040000916
Iteration 49 of 100: loss=48.3115310669 object_loss=46.5009231567 distance_loss=1.81060922146
Iteration 50 of 100: loss=46.9982223511 object_loss=45.1875228882 distance_loss=1.81069862843
Iteration 51 of 100: loss=46.9474868774 object_loss=45.1366386414 distance_loss=1.81085014343
Iteration 52 of 100: loss=46.7719573975 object_loss=44.9615211487 distance_loss=1.8104364872
Iteration 53 of 100: loss=47.0489196777 object_loss=45.2381286621 distance_loss=1.81078994274
Iteration 54 of 100: loss=47.6344833374 object_loss=45.8235778809 distance_loss=1.81090688705
Iteration 55 of 100: loss=47.6024360657 object_loss=45.7915496826 distance_loss=1.81088626385
Iteration 56 of 100: loss=47.6728782654 object_loss=45.8621406555 distance_loss=1.81073617935
Iteration 57 of 100: loss=47.7727394104 object_loss=45.9620361328 distance_loss=1.81070303917
Iteration 58 of 100: loss=49.1248054504 object_loss=47.3141708374 distance_loss=1.81063425541
Iteration 59 of 100: loss=49.0694351196 object_loss=47.2587127686 distance_loss=1.81072366238
Iteration 60 of 100: loss=49.1615219116 object_loss=47.3506965637 distance_loss=1.81082582474
Iteration 61 of 100: loss=48.9633102417 object_loss=47.1526947021 distance_loss=1.81061458588
Iteration 62 of 100: loss=48.4598426819 object_loss=46.6493721008 distance_loss=1.81047034264
Iteration 63 of 100: loss=48.112739563 object_loss=46.3021278381 distance_loss=1.81061172485
Iteration 64 of 100: loss=48.5420913696 object_loss=46.7313613892 distance_loss=1.81072854996
Iteration 65 of 100: loss=49.1771812439 object_loss=47.3662414551 distance_loss=1.81093859673
Iteration 66 of 100: loss=48.6767578125 object_loss=46.8654747009 distance_loss=1.81128370762
Iteration 67 of 100: loss=49.0517845154 object_loss=47.2402420044 distance_loss=1.81154084206
Iteration 68 of 100: loss=49.1798057556 object_loss=47.3679771423 distance_loss=1.81182992458
Iteration 69 of 100: loss=49.0715332031 object_loss=47.2594833374 distance_loss=1.81204891205
Iteration 70 of 100: loss=48.0882911682 object_loss=46.2761459351 distance_loss=1.81214535236
Iteration 71 of 100: loss=47.5733718872 object_loss=45.7609786987 distance_loss=1.81239151955
Iteration 72 of 100: loss=47.1506614685 object_loss=45.3383865356 distance_loss=1.81227493286
Iteration 73 of 100: loss=47.3862915039 object_loss=45.5737304688 distance_loss=1.81256270409
Iteration 74 of 100: loss=47.0906066895 object_loss=45.2777709961 distance_loss=1.81283569336
Iteration 75 of 100: loss=46.5822296143 object_loss=44.7692947388 distance_loss=1.81293332577
Iteration 76 of 100: loss=46.5582084656 object_loss=44.7457695007 distance_loss=1.8124371767
Iteration 77 of 100: loss=46.8942947388 object_loss=45.0818786621 distance_loss=1.81241619587
Iteration 78 of 100: loss=45.8481674194 object_loss=44.0356140137 distance_loss=1.81255328655
Iteration 79 of 100: loss=45.3982086182 object_loss=43.5856132507 distance_loss=1.81259584427
Iteration 80 of 100: loss=45.193939209 object_loss=43.3811683655 distance_loss=1.81276893616
Iteration 81 of 100: loss=47.5347061157 object_loss=45.7218170166 distance_loss=1.81288790703
Iteration 82 of 100: loss=47.5868530273 object_loss=45.7739639282 distance_loss=1.81288981438
Iteration 83 of 100: loss=46.7275543213 object_loss=44.9145698547 distance_loss=1.81298553944
Iteration 84 of 100: loss=47.9550857544 object_loss=46.1421203613 distance_loss=1.81296515465
Iteration 85 of 100: loss=48.6703300476 object_loss=46.8573036194 distance_loss=1.81302690506
Iteration 86 of 100: loss=47.9189414978 object_loss=46.1056632996 distance_loss=1.8132789135
Iteration 87 of 100: loss=48.7854118347 object_loss=46.9720001221 distance_loss=1.81341302395
Iteration 88 of 100: loss=48.0191955566 object_loss=46.2058639526 distance_loss=1.81333315372
Iteration 89 of 100: loss=48.4189605713 object_loss=46.6052017212 distance_loss=1.81375813484
Iteration 90 of 100: loss=49.4106369019 object_loss=47.5966072083 distance_loss=1.81402897835
Iteration 91 of 100: loss=48.0366973877 object_loss=46.2224273682 distance_loss=1.81426846981
Iteration 92 of 100: loss=48.4621391296 object_loss=46.6477890015 distance_loss=1.81434929371
Iteration 93 of 100: loss=48.575252533 object_loss=46.7607269287 distance_loss=1.81452679634
Iteration 94 of 100: loss=48.0960121155 object_loss=46.2813606262 distance_loss=1.81465315819
Iteration 95 of 100: loss=48.0424880981 object_loss=46.2276687622 distance_loss=1.81481814384
Iteration 96 of 100: loss=49.0462837219 object_loss=47.2316017151 distance_loss=1.81468069553
Iteration 97 of 100: loss=49.0391540527 object_loss=47.2244338989 distance_loss=1.81471860409
Iteration 98 of 100: loss=48.9667892456 object_loss=47.1520309448 distance_loss=1.81475639343
Iteration 99 of 100: loss=48.3217277527 object_loss=46.5070419312 distance_loss=1.81468617916
Iteration 0 of 100: loss=48.5878219604 object_loss=46.7733802795 distance_loss=1.81444036961
Iteration 1 of 100: loss=48.2061347961 object_loss=46.3918266296 distance_loss=1.81430840492
Iteration 2 of 100: loss=48.0241966248 object_loss=46.2099494934 distance_loss=1.81424725056
Iteration 3 of 100: loss=47.4257698059 object_loss=45.6115150452 distance_loss=1.81425499916
Iteration 4 of 100: loss=48.4388313293 object_loss=46.6247215271 distance_loss=1.81411135197
Iteration 5 of 100: loss=49.6878967285 object_loss=47.8739547729 distance_loss=1.81394004822
Iteration 6 of 100: loss=49.4146080017 object_loss=47.6006088257 distance_loss=1.81399798393
Iteration 7 of 100: loss=49.5936317444 object_loss=47.7794876099 distance_loss=1.81414294243
Iteration 8 of 100: loss=49.1256065369 object_loss=47.3116607666 distance_loss=1.81394469738
Iteration 9 of 100: loss=49.0369758606 object_loss=47.2228355408 distance_loss=1.81414020061
Iteration 10 of 100: loss=48.3722267151 object_loss=46.5578384399 distance_loss=1.81438958645
Iteration 11 of 100: loss=48.5632362366 object_loss=46.7488250732 distance_loss=1.81441235542
Iteration 12 of 100: loss=48.4712371826 object_loss=46.6572418213 distance_loss=1.81399476528
Iteration 13 of 100: loss=48.5821914673 object_loss=46.7680282593 distance_loss=1.81416165829
Iteration 14 of 100: loss=48.868938446 object_loss=47.0545501709 distance_loss=1.81438910961
Iteration 15 of 100: loss=48.3254203796 object_loss=46.5109176636 distance_loss=1.81450212002
Iteration 16 of 100: loss=48.3138313293 object_loss=46.4994812012 distance_loss=1.81435191631
Iteration 17 of 100: loss=48.7413902283 object_loss=46.9270172119 distance_loss=1.81437218189
Iteration 18 of 100: loss=48.9242210388 object_loss=47.109916687 distance_loss=1.81430482864
Iteration 19 of 100: loss=48.1166763306 object_loss=46.302230835 distance_loss=1.81444454193
Iteration 20 of 100: loss=48.8683052063 object_loss=47.0536994934 distance_loss=1.81460475922
Iteration 21 of 100: loss=48.3362083435 object_loss=46.521522522 distance_loss=1.81468605995
Iteration 22 of 100: loss=48.667350769 object_loss=46.8524169922 distance_loss=1.81493294239
Iteration 23 of 100: loss=49.1591873169 object_loss=47.3437309265 distance_loss=1.81545603275
Iteration 24 of 100: loss=48.5759391785 object_loss=46.7601051331 distance_loss=1.81583452225
Iteration 25 of 100: loss=48.3039283752 object_loss=46.4877128601 distance_loss=1.81621456146
Iteration 26 of 100: loss=50.1821861267 object_loss=48.3655967712 distance_loss=1.8165897131
Iteration 27 of 100: loss=49.6051216125 object_loss=47.7882957458 distance_loss=1.81682682037
Iteration 28 of 100: loss=49.3061752319 object_loss=47.4890441895 distance_loss=1.81713044643
Iteration 29 of 100: loss=49.4696006775 object_loss=47.6520729065 distance_loss=1.81752729416
Iteration 30 of 100: loss=50.5713844299 object_loss=48.7536811829 distance_loss=1.8177022934
Iteration 31 of 100: loss=49.8761024475 object_loss=48.0581092834 distance_loss=1.81799423695
Iteration 32 of 100: loss=49.1620903015 object_loss=47.3441238403 distance_loss=1.81796514988
Iteration 33 of 100: loss=49.414981842 object_loss=47.5966796875 distance_loss=1.8183028698
Iteration 34 of 100: loss=48.8933029175 object_loss=47.0751266479 distance_loss=1.818177104
Iteration 35 of 100: loss=47.2395057678 object_loss=45.4214286804 distance_loss=1.81807792187
Iteration 36 of 100: loss=47.726978302 object_loss=45.9092025757 distance_loss=1.81777489185
Iteration 37 of 100: loss=47.7752571106 object_loss=45.9574813843 distance_loss=1.81777739525
Iteration 38 of 100: loss=47.8731460571 object_loss=46.0555381775 distance_loss=1.81760680676
Iteration 39 of 100: loss=47.7454338074 object_loss=45.9279251099 distance_loss=1.817507267
Iteration 40 of 100: loss=48.6713447571 object_loss=46.8536758423 distance_loss=1.81766808033
Iteration 41 of 100: loss=50.3629760742 object_loss=48.5450706482 distance_loss=1.81790602207
Iteration 42 of 100: loss=47.6894493103 object_loss=45.8714942932 distance_loss=1.81795525551
Iteration 43 of 100: loss=47.1179428101 object_loss=45.2997627258 distance_loss=1.81817913055
Iteration 44 of 100: loss=45.9081420898 object_loss=44.0899085999 distance_loss=1.81823468208
Iteration 45 of 100: loss=45.9000396729 object_loss=44.0817489624 distance_loss=1.81829249859
Iteration 46 of 100: loss=46.1682395935 object_loss=44.3497009277 distance_loss=1.81853997707
Iteration 47 of 100: loss=46.1652450562 object_loss=44.3466033936 distance_loss=1.81864070892
Iteration 48 of 100: loss=46.4664535522 object_loss=44.6479377747 distance_loss=1.81851649284
Iteration 49 of 100: loss=46.4189300537 object_loss=44.6002807617 distance_loss=1.81864798069
Iteration 50 of 100: loss=46.321647644 object_loss=44.5025863647 distance_loss=1.81906056404
Iteration 51 of 100: loss=45.7776947021 object_loss=43.9584960938 distance_loss=1.81919968128
Iteration 52 of 100: loss=46.5927581787 object_loss=44.7734527588 distance_loss=1.81930649281
Iteration 53 of 100: loss=47.5625114441 object_loss=45.742805481 distance_loss=1.819704175
Iteration 54 of 100: loss=46.4712753296 object_loss=44.651260376 distance_loss=1.82001340389
Iteration 55 of 100: loss=46.5977516174 object_loss=44.7774124146 distance_loss=1.8203407526
Iteration 56 of 100: loss=47.4147109985 object_loss=45.5942802429 distance_loss=1.82043123245
Iteration 57 of 100: loss=46.0257339478 object_loss=44.2052726746 distance_loss=1.82046234608
Iteration 58 of 100: loss=46.0567436218 object_loss=44.2358779907 distance_loss=1.82086551189
Iteration 59 of 100: loss=46.170715332 object_loss=44.3493728638 distance_loss=1.82134175301
Iteration 60 of 100: loss=45.7837753296 object_loss=43.9625053406 distance_loss=1.82126927376
Iteration 61 of 100: loss=48.0160675049 object_loss=46.1944923401 distance_loss=1.82157349586
Iteration 62 of 100: loss=47.626373291 object_loss=45.8045578003 distance_loss=1.82181537151
Iteration 63 of 100: loss=48.8828773499 object_loss=47.0607147217 distance_loss=1.82216143608
Iteration 64 of 100: loss=48.4880447388 object_loss=46.6656112671 distance_loss=1.82243478298
Iteration 65 of 100: loss=48.1337852478 object_loss=46.3110198975 distance_loss=1.82276380062
Iteration 66 of 100: loss=47.4710121155 object_loss=45.648109436 distance_loss=1.82290136814
Iteration 67 of 100: loss=46.4983825684 object_loss=44.6752471924 distance_loss=1.82313728333
Iteration 68 of 100: loss=46.1889457703 object_loss=44.3655738831 distance_loss=1.82337093353
Iteration 69 of 100: loss=44.7753601074 object_loss=42.9517364502 distance_loss=1.82362294197
Iteration 70 of 100: loss=43.6520462036 object_loss=41.8279342651 distance_loss=1.82411193848
Iteration 71 of 100: loss=43.6555328369 object_loss=41.8311843872 distance_loss=1.82435023785
Iteration 72 of 100: loss=44.1738433838 object_loss=42.3499298096 distance_loss=1.82391297817
Iteration 73 of 100: loss=40.8643493652 object_loss=39.0400924683 distance_loss=1.82425534725
Iteration 74 of 100: loss=48.0257720947 object_loss=46.2014007568 distance_loss=1.82437324524
Iteration 75 of 100: loss=48.8132591248 object_loss=46.9884414673 distance_loss=1.82481908798
Iteration 76 of 100: loss=49.1043815613 object_loss=47.2792778015 distance_loss=1.82510352135
Iteration 77 of 100: loss=49.8301391602 object_loss=48.0047683716 distance_loss=1.82537257671
Iteration 78 of 100: loss=49.6809921265 object_loss=47.8553314209 distance_loss=1.82565915585
Iteration 79 of 100: loss=50.7683181763 object_loss=48.9421920776 distance_loss=1.82612669468
Iteration 80 of 100: loss=49.7300834656 object_loss=47.903717041 distance_loss=1.82636702061
Iteration 81 of 100: loss=50.4446525574 object_loss=48.6182098389 distance_loss=1.82644283772
Iteration 82 of 100: loss=50.4404449463 object_loss=48.6135139465 distance_loss=1.82693207264
Iteration 83 of 100: loss=49.573135376 object_loss=47.7459487915 distance_loss=1.82718729973
Iteration 84 of 100: loss=49.75233078 object_loss=47.9250831604 distance_loss=1.82724881172
Iteration 85 of 100: loss=49.3156814575 object_loss=47.4879989624 distance_loss=1.82768416405
Iteration 86 of 100: loss=49.5150299072 object_loss=47.6869850159 distance_loss=1.82804656029
Iteration 87 of 100: loss=49.12940979 object_loss=47.301158905 distance_loss=1.82825005054
Iteration 88 of 100: loss=47.7404212952 object_loss=45.9120292664 distance_loss=1.82839262486
Iteration 89 of 100: loss=45.6986541748 object_loss=43.8700408936 distance_loss=1.82861220837
Iteration 90 of 100: loss=46.2408981323 object_loss=44.4121170044 distance_loss=1.82878303528
Iteration 91 of 100: loss=46.305103302 object_loss=44.4759063721 distance_loss=1.82919764519
Iteration 92 of 100: loss=47.3722496033 object_loss=45.543056488 distance_loss=1.82919359207
Iteration 93 of 100: loss=45.841709137 object_loss=44.0121154785 distance_loss=1.82959508896
Iteration 94 of 100: loss=45.1166152954 object_loss=43.2869110107 distance_loss=1.82970321178
Iteration 95 of 100: loss=47.3027229309 object_loss=45.4729957581 distance_loss=1.82972800732
Iteration 96 of 100: loss=46.2135314941 object_loss=44.3839683533 distance_loss=1.82956302166
Iteration 97 of 100: loss=47.185962677 object_loss=45.3562278748 distance_loss=1.82973325253
Iteration 98 of 100: loss=44.0343055725 object_loss=42.2045326233 distance_loss=1.82977330685
Iteration 99 of 100: loss=43.3068466187 object_loss=41.4768409729 distance_loss=1.83000481129
Iteration 0 of 100: loss=42.938129425 object_loss=41.1079673767 distance_loss=1.83016061783
Iteration 1 of 100: loss=43.7223205566 object_loss=41.8922080994 distance_loss=1.83011054993
Iteration 2 of 100: loss=45.2276802063 object_loss=43.3977050781 distance_loss=1.82997632027
Iteration 3 of 100: loss=44.9264450073 object_loss=43.0963478088 distance_loss=1.83009672165
Iteration 4 of 100: loss=43.4453048706 object_loss=41.6149940491 distance_loss=1.83031237125
Iteration 5 of 100: loss=43.6452178955 object_loss=41.8149147034 distance_loss=1.83030438423
Iteration 6 of 100: loss=40.2078552246 object_loss=38.377620697 distance_loss=1.8302334547
Iteration 7 of 100: loss=39.8413772583 object_loss=38.0110778809 distance_loss=1.83030128479
Iteration 8 of 100: loss=43.4032287598 object_loss=41.5731239319 distance_loss=1.83010327816
Iteration 9 of 100: loss=43.2015419006 object_loss=41.3714408875 distance_loss=1.8301024437
Iteration 10 of 100: loss=43.7973365784 object_loss=41.9669685364 distance_loss=1.8303694725
Iteration 11 of 100: loss=44.2706260681 object_loss=42.4402313232 distance_loss=1.8303951025
Iteration 12 of 100: loss=44.3464241028 object_loss=42.5164031982 distance_loss=1.83002114296
Iteration 13 of 100: loss=45.47315979 object_loss=43.6430397034 distance_loss=1.83011972904
Iteration 14 of 100: loss=45.4732398987 object_loss=43.6430168152 distance_loss=1.83022391796
Iteration 15 of 100: loss=45.4304275513 object_loss=43.6000442505 distance_loss=1.83038306236
Iteration 16 of 100: loss=44.8994560242 object_loss=43.0692901611 distance_loss=1.83016622066
Iteration 17 of 100: loss=44.1102485657 object_loss=42.2800102234 distance_loss=1.83023989201
Iteration 18 of 100: loss=44.9625244141 object_loss=43.1322097778 distance_loss=1.83031582832
Iteration 19 of 100: loss=44.9584884644 object_loss=43.1280250549 distance_loss=1.83046293259
Iteration 20 of 100: loss=45.3692932129 object_loss=43.5390548706 distance_loss=1.83023846149
Iteration 21 of 100: loss=46.741985321 object_loss=44.9117507935 distance_loss=1.83023381233
Iteration 22 of 100: loss=47.1549301147 object_loss=45.3245773315 distance_loss=1.83035242558
Iteration 23 of 100: loss=44.9969863892 object_loss=43.166633606 distance_loss=1.83035373688
Iteration 24 of 100: loss=44.9754943848 object_loss=43.1450653076 distance_loss=1.83043015003
Iteration 25 of 100: loss=44.8256721497 object_loss=42.9951667786 distance_loss=1.83050370216
Iteration 26 of 100: loss=44.9283370972 object_loss=43.0978164673 distance_loss=1.83052027225
Iteration 27 of 100: loss=44.5331268311 object_loss=42.70262146 distance_loss=1.83050429821
Iteration 28 of 100: loss=44.3548812866 object_loss=42.5246162415 distance_loss=1.83026456833
Iteration 29 of 100: loss=42.0019836426 object_loss=40.1717262268 distance_loss=1.83025789261
Iteration 30 of 100: loss=42.6048698425 object_loss=40.7747268677 distance_loss=1.83014249802
Iteration 31 of 100: loss=44.4010429382 object_loss=42.5709228516 distance_loss=1.83011996746
Iteration 32 of 100: loss=42.948890686 object_loss=41.1189842224 distance_loss=1.82990729809
Iteration 33 of 100: loss=43.0863227844 object_loss=41.2560539246 distance_loss=1.83027029037
Iteration 34 of 100: loss=43.4640235901 object_loss=41.6335449219 distance_loss=1.83047795296
Iteration 35 of 100: loss=46.361541748 object_loss=44.531036377 distance_loss=1.83050489426
Iteration 36 of 100: loss=45.9905433655 object_loss=44.159942627 distance_loss=1.83060133457
Iteration 37 of 100: loss=40.2162818909 object_loss=38.3857536316 distance_loss=1.83052659035
Iteration 38 of 100: loss=40.474193573 object_loss=38.6436767578 distance_loss=1.83051645756
Iteration 39 of 100: loss=43.7655639648 object_loss=41.9348869324 distance_loss=1.83067595959
Iteration 40 of 100: loss=44.367351532 object_loss=42.5365829468 distance_loss=1.83076786995
Iteration 41 of 100: loss=44.3672561646 object_loss=42.5365600586 distance_loss=1.83069550991
Iteration 42 of 100: loss=43.4312400818 object_loss=41.6003227234 distance_loss=1.83091616631
Iteration 43 of 100: loss=42.8087882996 object_loss=40.9776000977 distance_loss=1.83118748665
Iteration 44 of 100: loss=40.8274650574 object_loss=38.9960098267 distance_loss=1.83145475388
Iteration 45 of 100: loss=40.2795448303 object_loss=38.4476203918 distance_loss=1.83192336559
Iteration 46 of 100: loss=42.4204368591 object_loss=40.5882530212 distance_loss=1.83218359947
Iteration 47 of 100: loss=43.4162559509 object_loss=41.5838699341 distance_loss=1.83238625526
Iteration 48 of 100: loss=44.8001403809 object_loss=42.9674186707 distance_loss=1.83272242546
Iteration 49 of 100: loss=44.1306915283 object_loss=42.2973632812 distance_loss=1.83332717419
Iteration 50 of 100: loss=43.9676094055 object_loss=42.1340141296 distance_loss=1.83359444141
Iteration 51 of 100: loss=39.9318199158 object_loss=38.0976867676 distance_loss=1.83413302898
Iteration 52 of 100: loss=44.3982696533 object_loss=42.5640792847 distance_loss=1.83419120312
Iteration 53 of 100: loss=39.9659881592 object_loss=38.1313095093 distance_loss=1.83467853069
Iteration 54 of 100: loss=44.2397193909 object_loss=42.4045791626 distance_loss=1.83513844013
Iteration 55 of 100: loss=44.1778373718 object_loss=42.3426170349 distance_loss=1.83521950245
Iteration 56 of 100: loss=43.7341270447 object_loss=41.8991928101 distance_loss=1.83493554592
Iteration 57 of 100: loss=44.5948143005 object_loss=42.7596435547 distance_loss=1.83516979218
Iteration 58 of 100: loss=43.765171051 object_loss=41.929977417 distance_loss=1.83519387245
Iteration 59 of 100: loss=44.7762107849 object_loss=42.9410171509 distance_loss=1.83519220352
Iteration 60 of 100: loss=45.0437736511 object_loss=43.2085762024 distance_loss=1.83519852161
Iteration 61 of 100: loss=44.5129051208 object_loss=42.6778717041 distance_loss=1.83503377438
Iteration 62 of 100: loss=40.8865013123 object_loss=39.0515327454 distance_loss=1.83496749401
Iteration 63 of 100: loss=40.8866271973 object_loss=39.0515861511 distance_loss=1.83504295349
Iteration 64 of 100: loss=43.4270172119 object_loss=41.5919685364 distance_loss=1.83504712582
Iteration 65 of 100: loss=43.4275856018 object_loss=41.5925559998 distance_loss=1.83502960205
Iteration 66 of 100: loss=43.6495819092 object_loss=41.8144683838 distance_loss=1.83511161804
Iteration 67 of 100: loss=44.0254020691 object_loss=42.1901168823 distance_loss=1.83528399467
Iteration 68 of 100: loss=42.5777053833 object_loss=40.742565155 distance_loss=1.83514213562
Iteration 69 of 100: loss=41.6770515442 object_loss=39.8418731689 distance_loss=1.83517861366
Iteration 70 of 100: loss=42.7783126831 object_loss=40.9431114197 distance_loss=1.83520114422
Iteration 71 of 100: loss=41.3203086853 object_loss=39.4850120544 distance_loss=1.83529567719
Iteration 72 of 100: loss=43.1370658875 object_loss=41.3018684387 distance_loss=1.83519887924
Iteration 73 of 100: loss=44.3883666992 object_loss=42.55311203 distance_loss=1.8352547884
Iteration 74 of 100: loss=40.4946060181 object_loss=38.6595726013 distance_loss=1.83503365517
Iteration 75 of 100: loss=45.5454101562 object_loss=43.710521698 distance_loss=1.83488821983
Iteration 76 of 100: loss=39.6542320251 object_loss=37.8194694519 distance_loss=1.83476424217
Iteration 77 of 100: loss=37.145236969 object_loss=35.3105430603 distance_loss=1.83469521999
Iteration 78 of 100: loss=39.8458938599 object_loss=38.0111427307 distance_loss=1.83475077152
Iteration 79 of 100: loss=40.9434204102 object_loss=39.1085929871 distance_loss=1.83482706547
Iteration 80 of 100: loss=39.259147644 object_loss=37.42445755 distance_loss=1.83468997478
Iteration 81 of 100: loss=38.1508522034 object_loss=36.3161811829 distance_loss=1.83466947079
Iteration 82 of 100: loss=39.7648010254 object_loss=37.9300537109 distance_loss=1.83474612236
Iteration 83 of 100: loss=39.5935096741 object_loss=37.7586975098 distance_loss=1.83481240273
Iteration 84 of 100: loss=38.7960624695 object_loss=36.9614105225 distance_loss=1.83465278149
Iteration 85 of 100: loss=38.9649238586 object_loss=37.1303215027 distance_loss=1.83460140228
Iteration 86 of 100: loss=43.3620529175 object_loss=41.5275802612 distance_loss=1.83447158337
Iteration 87 of 100: loss=43.4281349182 object_loss=41.5935745239 distance_loss=1.83456075191
Iteration 88 of 100: loss=43.4247741699 object_loss=41.5903663635 distance_loss=1.83440613747
Iteration 89 of 100: loss=43.118888855 object_loss=41.2845230103 distance_loss=1.83436596394
Iteration 90 of 100: loss=44.7915534973 object_loss=42.9568099976 distance_loss=1.83474254608
Iteration 91 of 100: loss=44.6429405212 object_loss=42.8079986572 distance_loss=1.83494281769
Iteration 92 of 100: loss=44.2724227905 object_loss=42.4379882812 distance_loss=1.83443617821
Iteration 93 of 100: loss=44.6490898132 object_loss=42.8144836426 distance_loss=1.83460640907
Iteration 94 of 100: loss=44.7799797058 object_loss=42.9450454712 distance_loss=1.83493244648
Iteration 95 of 100: loss=44.5560379028 object_loss=42.72108078 distance_loss=1.83495652676
Iteration 96 of 100: loss=44.5501213074 object_loss=42.7152519226 distance_loss=1.83486771584
Iteration 97 of 100: loss=45.0299377441 object_loss=43.1950912476 distance_loss=1.83484637737
Iteration 98 of 100: loss=46.0692253113 object_loss=44.2344169617 distance_loss=1.83480834961
Iteration 99 of 100: loss=46.0695762634 object_loss=44.234577179 distance_loss=1.83499991894
Iteration 0 of 100: loss=45.4673271179 object_loss=43.6323013306 distance_loss=1.83502423763
Iteration 1 of 100: loss=45.7690010071 object_loss=43.9340705872 distance_loss=1.83492910862
Iteration 2 of 100: loss=45.3174781799 object_loss=43.482749939 distance_loss=1.83472657204
Iteration 3 of 100: loss=45.8469734192 object_loss=44.0122871399 distance_loss=1.83468616009
Iteration 4 of 100: loss=45.9213104248 object_loss=44.0868644714 distance_loss=1.83444571495
Iteration 5 of 100: loss=46.3614044189 object_loss=44.5267677307 distance_loss=1.83463680744
Iteration 6 of 100: loss=42.2561798096 object_loss=40.421661377 distance_loss=1.83451867104
Iteration 7 of 100: loss=42.8765716553 object_loss=41.0422744751 distance_loss=1.83429765701
Iteration 8 of 100: loss=43.7897109985 object_loss=41.9555435181 distance_loss=1.83416557312
Iteration 9 of 100: loss=43.9352493286 object_loss=42.1010475159 distance_loss=1.83420169353
Iteration 10 of 100: loss=43.2865486145 object_loss=41.452331543 distance_loss=1.834217906
Iteration 11 of 100: loss=43.3010787964 object_loss=41.4667358398 distance_loss=1.83434176445
Iteration 12 of 100: loss=43.076084137 object_loss=41.2419509888 distance_loss=1.83413386345
Iteration 13 of 100: loss=43.0483131409 object_loss=41.2140388489 distance_loss=1.83427596092
Iteration 14 of 100: loss=43.5351638794 object_loss=41.7008399963 distance_loss=1.83432245255
Iteration 15 of 100: loss=43.5383491516 object_loss=41.7041320801 distance_loss=1.83421707153
Iteration 16 of 100: loss=44.1121940613 object_loss=42.2782440186 distance_loss=1.83394980431
Iteration 17 of 100: loss=43.3903923035 object_loss=41.5562210083 distance_loss=1.83417284489
Iteration 18 of 100: loss=43.8089179993 object_loss=41.974521637 distance_loss=1.83439695835
Iteration 19 of 100: loss=45.0453872681 object_loss=43.2107810974 distance_loss=1.83460772038
Iteration 20 of 100: loss=44.4837265015 object_loss=42.6489105225 distance_loss=1.83481490612
Iteration 21 of 100: loss=45.0819625854 object_loss=43.2470283508 distance_loss=1.83493387699
Iteration 22 of 100: loss=44.6448936462 object_loss=42.8098449707 distance_loss=1.83504843712
Iteration 23 of 100: loss=44.7421646118 object_loss=42.9070358276 distance_loss=1.83512878418
Iteration 24 of 100: loss=45.9818992615 object_loss=44.1468887329 distance_loss=1.83501040936
Iteration 25 of 100: loss=45.6995201111 object_loss=43.864730835 distance_loss=1.8347890377
Iteration 26 of 100: loss=48.1699981689 object_loss=46.335067749 distance_loss=1.83492946625
Iteration 27 of 100: loss=47.7230758667 object_loss=45.8881072998 distance_loss=1.83496999741
Iteration 28 of 100: loss=47.4709358215 object_loss=45.6360816956 distance_loss=1.83485591412
Iteration 29 of 100: loss=47.8504180908 object_loss=46.0151977539 distance_loss=1.83522188663
Iteration 30 of 100: loss=43.9388809204 object_loss=42.1033325195 distance_loss=1.83554756641
Iteration 31 of 100: loss=45.3651924133 object_loss=43.529460907 distance_loss=1.83573019505
Iteration 32 of 100: loss=45.8154716492 object_loss=43.9797897339 distance_loss=1.83568108082
Iteration 33 of 100: loss=46.6023712158 object_loss=44.7664413452 distance_loss=1.83592927456
Iteration 34 of 100: loss=46.6534767151 object_loss=44.8174285889 distance_loss=1.8360478878
Iteration 35 of 100: loss=44.47448349 object_loss=42.6383018494 distance_loss=1.8361800909
Iteration 36 of 100: loss=44.474319458 object_loss=42.6382637024 distance_loss=1.83605563641
Iteration 37 of 100: loss=43.277217865 object_loss=41.4411048889 distance_loss=1.83611392975
Iteration 38 of 100: loss=44.2759780884 object_loss=42.4397773743 distance_loss=1.8362005949
Iteration 39 of 100: loss=43.072933197 object_loss=41.236579895 distance_loss=1.83635342121
Iteration 40 of 100: loss=44.7917442322 object_loss=42.9555664062 distance_loss=1.83617842197
Iteration 41 of 100: loss=44.1954116821 object_loss=42.3592147827 distance_loss=1.83619713783
Iteration 42 of 100: loss=47.7512397766 object_loss=45.9151382446 distance_loss=1.83610057831
Iteration 43 of 100: loss=46.9983406067 object_loss=45.1620292664 distance_loss=1.83631229401
Iteration 44 of 100: loss=47.1790237427 object_loss=45.3424606323 distance_loss=1.83656191826
Iteration 45 of 100: loss=46.1808509827 object_loss=44.3444252014 distance_loss=1.83642542362
Iteration 46 of 100: loss=44.7907981873 object_loss=42.9543380737 distance_loss=1.83645904064
Iteration 47 of 100: loss=48.3876228333 object_loss=46.5513038635 distance_loss=1.83631896973
Iteration 48 of 100: loss=42.7227859497 object_loss=40.88671875 distance_loss=1.83606755733
Iteration 49 of 100: loss=43.4665985107 object_loss=41.6306991577 distance_loss=1.83590066433
Iteration 50 of 100: loss=43.5403251648 object_loss=41.7043991089 distance_loss=1.83592641354
Iteration 51 of 100: loss=42.5768661499 object_loss=40.7410964966 distance_loss=1.83576834202
Iteration 52 of 100: loss=42.3302955627 object_loss=40.4950561523 distance_loss=1.83523857594
Iteration 53 of 100: loss=40.9673271179 object_loss=39.1321182251 distance_loss=1.83521056175
Iteration 54 of 100: loss=38.6819458008 object_loss=36.846572876 distance_loss=1.83537423611
Iteration 55 of 100: loss=39.9790420532 object_loss=38.1435546875 distance_loss=1.83548748493
Iteration 56 of 100: loss=40.3307609558 object_loss=38.4955596924 distance_loss=1.83520245552
Iteration 57 of 100: loss=38.6634788513 object_loss=36.8282165527 distance_loss=1.83526110649
Iteration 58 of 100: loss=40.6291656494 object_loss=38.7939605713 distance_loss=1.83520448208
Iteration 59 of 100: loss=40.463104248 object_loss=38.6277503967 distance_loss=1.83535206318
Iteration 60 of 100: loss=41.6037025452 object_loss=39.7684135437 distance_loss=1.835288167
Iteration 61 of 100: loss=40.326675415 object_loss=38.4913215637 distance_loss=1.8353549242
Iteration 62 of 100: loss=40.7042503357 object_loss=38.8690032959 distance_loss=1.83524751663
Iteration 63 of 100: loss=41.5233459473 object_loss=39.6881904602 distance_loss=1.8351547718
Iteration 64 of 100: loss=40.199798584 object_loss=38.3650054932 distance_loss=1.83479428291
Iteration 65 of 100: loss=42.4746398926 object_loss=40.6401138306 distance_loss=1.83452534676
Iteration 66 of 100: loss=42.682762146 object_loss=40.848285675 distance_loss=1.83447825909
Iteration 67 of 100: loss=42.740070343 object_loss=40.9057312012 distance_loss=1.83433771133
Iteration 68 of 100: loss=40.9883079529 object_loss=39.1541671753 distance_loss=1.8341408968
Iteration 69 of 100: loss=40.7423553467 object_loss=38.9081611633 distance_loss=1.83419525623
Iteration 70 of 100: loss=44.082157135 object_loss=42.2481803894 distance_loss=1.83397698402
Iteration 71 of 100: loss=42.6212615967 object_loss=40.7873802185 distance_loss=1.83388006687
Iteration 72 of 100: loss=41.417640686 object_loss=39.5838737488 distance_loss=1.83376669884
Iteration 73 of 100: loss=40.4978370667 object_loss=38.6641731262 distance_loss=1.83366322517
Iteration 74 of 100: loss=41.3368644714 object_loss=39.5030899048 distance_loss=1.83377325535
Iteration 75 of 100: loss=44.5738143921 object_loss=42.7399215698 distance_loss=1.83389282227
Iteration 76 of 100: loss=44.1748085022 object_loss=42.34116745 distance_loss=1.83363986015
Iteration 77 of 100: loss=43.5350494385 object_loss=41.7015724182 distance_loss=1.83347868919
Iteration 78 of 100: loss=44.68699646 object_loss=42.8534545898 distance_loss=1.83354270458
Iteration 79 of 100: loss=40.4894943237 object_loss=38.6559867859 distance_loss=1.83350908756
Iteration 80 of 100: loss=41.5628395081 object_loss=39.7291984558 distance_loss=1.83364093304
Iteration 81 of 100: loss=39.1098632812 object_loss=37.2762031555 distance_loss=1.83366119862
Iteration 82 of 100: loss=41.9980049133 object_loss=40.1643371582 distance_loss=1.83366692066
Iteration 83 of 100: loss=41.5392074585 object_loss=39.7052268982 distance_loss=1.83398079872
Iteration 84 of 100: loss=42.5557289124 object_loss=40.721572876 distance_loss=1.83415651321
Iteration 85 of 100: loss=44.0442047119 object_loss=42.2098693848 distance_loss=1.83433592319
Iteration 86 of 100: loss=43.3261451721 object_loss=41.4916267395 distance_loss=1.83451759815
Iteration 87 of 100: loss=41.3241462708 object_loss=39.4895629883 distance_loss=1.83458340168
Iteration 88 of 100: loss=43.528137207 object_loss=41.6938743591 distance_loss=1.8342628479
Iteration 89 of 100: loss=44.5977401733 object_loss=42.7631759644 distance_loss=1.83456254005
Iteration 90 of 100: loss=45.0006408691 object_loss=43.1658935547 distance_loss=1.83474731445
Iteration 91 of 100: loss=45.0005302429 object_loss=43.1659431458 distance_loss=1.83458602428
Iteration 92 of 100: loss=45.0003051758 object_loss=43.1659126282 distance_loss=1.83439314365
Iteration 93 of 100: loss=44.7672615051 object_loss=42.9325027466 distance_loss=1.83475756645
Iteration 94 of 100: loss=44.2556648254 object_loss=42.4207725525 distance_loss=1.83489143848
Iteration 95 of 100: loss=45.2363548279 object_loss=43.4012718201 distance_loss=1.83508241177
Iteration 96 of 100: loss=45.1057472229 object_loss=43.2708892822 distance_loss=1.83485841751
Iteration 97 of 100: loss=43.1313247681 object_loss=41.2965621948 distance_loss=1.83476257324
Iteration 98 of 100: loss=44.5840644836 object_loss=42.7493133545 distance_loss=1.83475255966
Iteration 99 of 100: loss=34.7637290955 object_loss=32.9289665222 distance_loss=1.83476424217
Iteration 0 of 100: loss=41.1176071167 object_loss=39.2832870483 distance_loss=1.83432042599
Iteration 1 of 100: loss=40.1382904053 object_loss=38.3042411804 distance_loss=1.83404994011
Iteration 2 of 100: loss=41.0367851257 object_loss=39.202960968 distance_loss=1.83382582664
Iteration 3 of 100: loss=41.6316986084 object_loss=39.7980728149 distance_loss=1.83362591267
Iteration 4 of 100: loss=41.3587875366 object_loss=39.5252914429 distance_loss=1.83349573612
Iteration 5 of 100: loss=28.1761379242 object_loss=26.3428916931 distance_loss=1.83324575424
Iteration 6 of 100: loss=39.1092376709 object_loss=37.2761268616 distance_loss=1.83310925961
Iteration 7 of 100: loss=39.2866249084 object_loss=37.4534187317 distance_loss=1.83320653439
Iteration 8 of 100: loss=39.4200134277 object_loss=37.5867614746 distance_loss=1.83325052261
Iteration 9 of 100: loss=39.5596847534 object_loss=37.7264404297 distance_loss=1.83324408531
Iteration 10 of 100: loss=36.9477005005 object_loss=35.1143722534 distance_loss=1.83332943916
Iteration 11 of 100: loss=36.8676528931 object_loss=35.0343208313 distance_loss=1.83333182335
Iteration 12 of 100: loss=32.020526886 object_loss=30.1878032684 distance_loss=1.83272182941
Iteration 13 of 100: loss=33.9643211365 object_loss=32.1314849854 distance_loss=1.83283448219
Iteration 14 of 100: loss=34.0870513916 object_loss=32.2542533875 distance_loss=1.83279716969
Iteration 15 of 100: loss=34.7883491516 object_loss=32.9554862976 distance_loss=1.83286428452
Iteration 16 of 100: loss=38.8071861267 object_loss=36.9743919373 distance_loss=1.83279275894
Iteration 17 of 100: loss=41.2147293091 object_loss=39.3821563721 distance_loss=1.83257389069
Iteration 18 of 100: loss=39.8846282959 object_loss=38.0524978638 distance_loss=1.83213102818
Iteration 19 of 100: loss=41.207244873 object_loss=39.3753814697 distance_loss=1.83186149597
Iteration 20 of 100: loss=42.4639434814 object_loss=40.6323394775 distance_loss=1.83160531521
Iteration 21 of 100: loss=40.4377326965 object_loss=38.6065597534 distance_loss=1.83117175102
Iteration 22 of 100: loss=38.0846824646 object_loss=36.2536277771 distance_loss=1.83105325699
Iteration 23 of 100: loss=37.2626647949 object_loss=35.4316444397 distance_loss=1.83102059364
Iteration 24 of 100: loss=37.5088577271 object_loss=35.67811203 distance_loss=1.83074760437
Iteration 25 of 100: loss=38.1705589294 object_loss=36.3399620056 distance_loss=1.83059537411
Iteration 26 of 100: loss=38.821723938 object_loss=36.9913978577 distance_loss=1.8303245306
Iteration 27 of 100: loss=38.5872650146 object_loss=36.7570114136 distance_loss=1.83025228977
Iteration 28 of 100: loss=34.8453140259 object_loss=33.0152206421 distance_loss=1.83009302616
Iteration 29 of 100: loss=37.5490226746 object_loss=35.7192306519 distance_loss=1.82979214191
Iteration 30 of 100: loss=37.2358512878 object_loss=35.406211853 distance_loss=1.82964003086
Iteration 31 of 100: loss=36.982585907 object_loss=35.1529655457 distance_loss=1.82961952686
Iteration 32 of 100: loss=36.1709976196 object_loss=34.341835022 distance_loss=1.82916152477
Iteration 33 of 100: loss=36.6583747864 object_loss=34.8291664124 distance_loss=1.82920777798
Iteration 34 of 100: loss=34.2022705078 object_loss=32.3728904724 distance_loss=1.82937955856
Iteration 35 of 100: loss=32.9412574768 object_loss=31.1120128632 distance_loss=1.82924389839
Iteration 36 of 100: loss=34.8336486816 object_loss=33.0050468445 distance_loss=1.82860314846
Iteration 37 of 100: loss=18.1227741241 object_loss=16.2943592072 distance_loss=1.82841563225
Iteration 38 of 100: loss=18.7409286499 object_loss=16.9125938416 distance_loss=1.8283342123
Iteration 39 of 100: loss=18.3679866791 object_loss=16.5396881104 distance_loss=1.82829880714
Iteration 40 of 100: loss=18.3459072113 object_loss=16.5175514221 distance_loss=1.8283560276
Iteration 41 of 100: loss=17.8386726379 object_loss=16.0104122162 distance_loss=1.82825946808
Iteration 42 of 100: loss=17.7701625824 object_loss=15.9420499802 distance_loss=1.82811224461
Iteration 43 of 100: loss=14.7321653366 object_loss=12.9041137695 distance_loss=1.82805120945
Iteration 44 of 100: loss=16.6526298523 object_loss=14.824385643 distance_loss=1.82824444771
Iteration 45 of 100: loss=15.9323740005 object_loss=14.1037473679 distance_loss=1.82862627506
Iteration 46 of 100: loss=14.1912317276 object_loss=12.3621826172 distance_loss=1.82904911041
Iteration 47 of 100: loss=20.9517459869 object_loss=19.1222572327 distance_loss=1.82948899269
Iteration 48 of 100: loss=26.6722126007 object_loss=24.8424606323 distance_loss=1.82975161076
Iteration 49 of 100: loss=16.1053218842 object_loss=14.2748222351 distance_loss=1.83049952984
Iteration 50 of 100: loss=19.8735351562 object_loss=18.0425987244 distance_loss=1.83093631268
Iteration 51 of 100: loss=18.7200527191 object_loss=16.8889083862 distance_loss=1.83114361763
Iteration 52 of 100: loss=20.5552444458 object_loss=18.72407341 distance_loss=1.83117198944
Iteration 53 of 100: loss=21.4365539551 object_loss=19.6047496796 distance_loss=1.83180344105
Iteration 54 of 100: loss=24.0397262573 object_loss=22.2075557709 distance_loss=1.83217120171
Iteration 55 of 100: loss=24.8405036926 object_loss=23.0083007812 distance_loss=1.83220267296
Iteration 56 of 100: loss=43.826374054 object_loss=41.9941177368 distance_loss=1.83225762844
Iteration 57 of 100: loss=43.0023498535 object_loss=41.1700782776 distance_loss=1.83227014542
Iteration 58 of 100: loss=37.6599998474 object_loss=35.8275642395 distance_loss=1.83243501186
Iteration 59 of 100: loss=36.6930847168 object_loss=34.8606987 distance_loss=1.83238577843
Iteration 60 of 100: loss=33.3179321289 object_loss=31.4857883453 distance_loss=1.8321429491
Iteration 61 of 100: loss=43.5066833496 object_loss=41.6746025085 distance_loss=1.83207976818
Iteration 62 of 100: loss=41.3252983093 object_loss=39.4931526184 distance_loss=1.83214449883
Iteration 63 of 100: loss=36.4483642578 object_loss=34.6161422729 distance_loss=1.83222353458
Iteration 64 of 100: loss=34.6259841919 object_loss=32.7938270569 distance_loss=1.83215796947
Iteration 65 of 100: loss=25.5992393494 object_loss=23.7672557831 distance_loss=1.83198273182
Iteration 66 of 100: loss=28.197052002 object_loss=26.365032196 distance_loss=1.83202016354
Iteration 67 of 100: loss=27.4006690979 object_loss=25.5684127808 distance_loss=1.83225548267
Iteration 68 of 100: loss=27.6751174927 object_loss=25.8430767059 distance_loss=1.83203983307
Iteration 69 of 100: loss=30.8086719513 object_loss=28.9766788483 distance_loss=1.83199334145
Iteration 70 of 100: loss=29.0393676758 object_loss=27.2072353363 distance_loss=1.83213162422
Iteration 71 of 100: loss=31.5560741425 object_loss=29.7240562439 distance_loss=1.83201849461
Iteration 72 of 100: loss=27.6963214874 object_loss=25.8649559021 distance_loss=1.83136534691
Iteration 73 of 100: loss=30.8487854004 object_loss=29.0173568726 distance_loss=1.83142840862
Iteration 74 of 100: loss=31.4499530792 object_loss=29.618598938 distance_loss=1.83135485649
Iteration 75 of 100: loss=29.9970817566 object_loss=28.1658859253 distance_loss=1.83119511604
Iteration 76 of 100: loss=30.0985183716 object_loss=28.2675113678 distance_loss=1.8310072422
Iteration 77 of 100: loss=33.0304298401 object_loss=31.1996479034 distance_loss=1.83078277111
Iteration 78 of 100: loss=31.3564662933 object_loss=29.5256557465 distance_loss=1.83081126213
Iteration 79 of 100: loss=29.0210933685 object_loss=27.1901245117 distance_loss=1.83096814156
Iteration 80 of 100: loss=31.1115283966 object_loss=29.2805957794 distance_loss=1.83093261719
Iteration 81 of 100: loss=34.4575386047 object_loss=32.6266555786 distance_loss=1.83088290691
Iteration 82 of 100: loss=33.5051689148 object_loss=31.6742362976 distance_loss=1.83093392849
Iteration 83 of 100: loss=37.0058059692 object_loss=35.1746139526 distance_loss=1.83119249344
Iteration 84 of 100: loss=40.1569404602 object_loss=38.3257598877 distance_loss=1.83117949963
Iteration 85 of 100: loss=40.3260536194 object_loss=38.4947967529 distance_loss=1.83125758171
Iteration 86 of 100: loss=40.2597465515 object_loss=38.4284706116 distance_loss=1.83127653599
Iteration 87 of 100: loss=34.678943634 object_loss=32.8478317261 distance_loss=1.83111202717
Iteration 88 of 100: loss=34.8157920837 object_loss=32.9847221375 distance_loss=1.83107113838
Iteration 89 of 100: loss=32.4263305664 object_loss=30.5952186584 distance_loss=1.83111071587
Iteration 90 of 100: loss=31.5747528076 object_loss=29.7434310913 distance_loss=1.83132100105
Iteration 91 of 100: loss=33.8269348145 object_loss=31.9954853058 distance_loss=1.83144807816
Iteration 92 of 100: loss=33.586151123 object_loss=31.7549972534 distance_loss=1.83115279675
Iteration 93 of 100: loss=32.3480987549 object_loss=30.5168590546 distance_loss=1.8312394619
Iteration 94 of 100: loss=33.8556404114 object_loss=32.0243034363 distance_loss=1.83133864403
Iteration 95 of 100: loss=32.7579917908 object_loss=30.9266910553 distance_loss=1.83130121231
Iteration 96 of 100: loss=33.4028244019 object_loss=31.5719032288 distance_loss=1.83092224598
Iteration 97 of 100: loss=36.011505127 object_loss=34.1805648804 distance_loss=1.830940485
Iteration 98 of 100: loss=35.050994873 object_loss=33.2201805115 distance_loss=1.83081614971
Iteration 99 of 100: loss=42.918636322 object_loss=41.0879096985 distance_loss=1.83072650433
Iteration 0 of 100: loss=39.2151298523 object_loss=37.384475708 distance_loss=1.83065378666
Iteration 1 of 100: loss=43.9390068054 object_loss=42.1087265015 distance_loss=1.83028066158
Iteration 2 of 100: loss=43.8035964966 object_loss=41.9736404419 distance_loss=1.82995426655
Iteration 3 of 100: loss=46.490688324 object_loss=44.660823822 distance_loss=1.82986450195
Iteration 4 of 100: loss=47.680015564 object_loss=45.8503265381 distance_loss=1.82968723774
Iteration 5 of 100: loss=40.9796066284 object_loss=39.149559021 distance_loss=1.83004832268
Iteration 6 of 100: loss=46.6830711365 object_loss=44.8524971008 distance_loss=1.83057296276
Iteration 7 of 100: loss=45.0890464783 object_loss=43.258430481 distance_loss=1.83061504364
Iteration 8 of 100: loss=43.4754562378 object_loss=41.645160675 distance_loss=1.83029568195
Iteration 9 of 100: loss=43.187789917 object_loss=41.3574562073 distance_loss=1.83033239841
Iteration 10 of 100: loss=43.0160102844 object_loss=41.1854095459 distance_loss=1.8306003809
Iteration 11 of 100: loss=44.0413093567 object_loss=42.21068573 distance_loss=1.83062303066
Iteration 12 of 100: loss=44.4887123108 object_loss=42.6582870483 distance_loss=1.8304245472
Iteration 13 of 100: loss=38.8382797241 object_loss=37.0076522827 distance_loss=1.83062887192
Iteration 14 of 100: loss=36.0605926514 object_loss=34.2296905518 distance_loss=1.83090364933
Iteration 15 of 100: loss=43.8333015442 object_loss=42.002281189 distance_loss=1.83102095127
Iteration 16 of 100: loss=42.54296875 object_loss=40.7120323181 distance_loss=1.83093464375
Iteration 17 of 100: loss=47.8803215027 object_loss=46.0494499207 distance_loss=1.83087050915
Iteration 18 of 100: loss=46.8556442261 object_loss=45.0247116089 distance_loss=1.83093082905
Iteration 19 of 100: loss=46.2074050903 object_loss=44.3761520386 distance_loss=1.8312536478
Iteration 20 of 100: loss=49.913066864 object_loss=48.0817871094 distance_loss=1.83127892017
Iteration 21 of 100: loss=47.7466888428 object_loss=45.9152908325 distance_loss=1.83139944077
Iteration 22 of 100: loss=47.0389671326 object_loss=45.2073974609 distance_loss=1.83157026768
Iteration 23 of 100: loss=48.5346870422 object_loss=46.7027587891 distance_loss=1.83192777634
Iteration 24 of 100: loss=47.4973487854 object_loss=45.665222168 distance_loss=1.83212733269
Iteration 25 of 100: loss=45.70287323 object_loss=43.8705406189 distance_loss=1.83233273029
Iteration 26 of 100: loss=45.6807861328 object_loss=43.8484916687 distance_loss=1.8322943449
Iteration 27 of 100: loss=45.5745124817 object_loss=43.7420806885 distance_loss=1.83243274689
Iteration 28 of 100: loss=46.3016052246 object_loss=44.4690055847 distance_loss=1.8326010704
Iteration 29 of 100: loss=47.0115203857 object_loss=45.1786117554 distance_loss=1.8329076767
Iteration 30 of 100: loss=46.375087738 object_loss=44.5420646667 distance_loss=1.83302390575
Iteration 31 of 100: loss=45.8678627014 object_loss=44.0347671509 distance_loss=1.83309519291
Iteration 32 of 100: loss=45.0533409119 object_loss=43.2206687927 distance_loss=1.83267152309
Iteration 33 of 100: loss=45.3927764893 object_loss=43.5598869324 distance_loss=1.83289062977
Iteration 34 of 100: loss=45.4992485046 object_loss=43.6661872864 distance_loss=1.83306252956
Iteration 35 of 100: loss=46.0211296082 object_loss=44.1880607605 distance_loss=1.83306980133
Iteration 36 of 100: loss=46.3511924744 object_loss=44.5182876587 distance_loss=1.83290433884
Iteration 37 of 100: loss=47.2950782776 object_loss=45.4619560242 distance_loss=1.83312320709
Iteration 38 of 100: loss=47.3369789124 object_loss=45.503993988 distance_loss=1.83298408985
Iteration 39 of 100: loss=46.9879112244 object_loss=45.1547317505 distance_loss=1.83317899704
Iteration 40 of 100: loss=46.7361335754 object_loss=44.9028739929 distance_loss=1.83326053619
Iteration 41 of 100: loss=47.0784797668 object_loss=45.2453918457 distance_loss=1.83308970928
Iteration 42 of 100: loss=47.2200469971 object_loss=45.3867950439 distance_loss=1.83325135708
Iteration 43 of 100: loss=47.0927619934 object_loss=45.2593955994 distance_loss=1.83336734772
Iteration 44 of 100: loss=46.9620552063 object_loss=45.1288070679 distance_loss=1.8332490921
Iteration 45 of 100: loss=46.9578323364 object_loss=45.1246032715 distance_loss=1.83322954178
Iteration 46 of 100: loss=46.738571167 object_loss=44.9051742554 distance_loss=1.83339619637
Iteration 47 of 100: loss=46.6038627625 object_loss=44.7705917358 distance_loss=1.83327007294
Iteration 48 of 100: loss=46.6038742065 object_loss=44.7706031799 distance_loss=1.83327138424
Iteration 49 of 100: loss=46.7303924561 object_loss=44.8970718384 distance_loss=1.83332049847
Iteration 50 of 100: loss=47.0682258606 object_loss=45.234752655 distance_loss=1.83347296715
Iteration 51 of 100: loss=44.1220970154 object_loss=42.2882118225 distance_loss=1.83388519287
Iteration 52 of 100: loss=43.4759407043 object_loss=41.6421127319 distance_loss=1.83382678032
Iteration 53 of 100: loss=44.39585495 object_loss=42.5618171692 distance_loss=1.83403766155
Iteration 54 of 100: loss=43.9221954346 object_loss=42.0879898071 distance_loss=1.83420658112
Iteration 55 of 100: loss=44.6310157776 object_loss=42.7965507507 distance_loss=1.83446621895
Iteration 56 of 100: loss=44.8512954712 object_loss=43.0168228149 distance_loss=1.8344732523
Iteration 57 of 100: loss=44.3055534363 object_loss=42.4706878662 distance_loss=1.83486604691
Iteration 58 of 100: loss=43.9855308533 object_loss=42.150604248 distance_loss=1.83492815495
Iteration 59 of 100: loss=44.2274208069 object_loss=42.3922309875 distance_loss=1.83518815041
Iteration 60 of 100: loss=44.1433372498 object_loss=42.3078651428 distance_loss=1.83547353745
Iteration 61 of 100: loss=43.3309326172 object_loss=41.4955635071 distance_loss=1.83536756039
Iteration 62 of 100: loss=44.1549034119 object_loss=42.3195419312 distance_loss=1.8353600502
Iteration 63 of 100: loss=43.8898925781 object_loss=42.0545883179 distance_loss=1.83530366421
Iteration 64 of 100: loss=42.8550643921 object_loss=41.0199165344 distance_loss=1.83514642715
Iteration 65 of 100: loss=43.2079086304 object_loss=41.3728942871 distance_loss=1.83501589298
Iteration 66 of 100: loss=44.4627685547 object_loss=42.6278457642 distance_loss=1.83492469788
Iteration 67 of 100: loss=44.0418815613 object_loss=42.2073669434 distance_loss=1.83451366425
Iteration 68 of 100: loss=44.7882347107 object_loss=42.9542808533 distance_loss=1.83395528793
Iteration 69 of 100: loss=47.2467155457 object_loss=45.4130058289 distance_loss=1.83370947838
Iteration 70 of 100: loss=44.5397796631 object_loss=42.7062263489 distance_loss=1.83355247974
Iteration 71 of 100: loss=42.1732292175 object_loss=40.3398742676 distance_loss=1.8333542347
Iteration 72 of 100: loss=44.4865913391 object_loss=42.6537742615 distance_loss=1.83281886578
Iteration 73 of 100: loss=44.3718032837 object_loss=42.5391273499 distance_loss=1.8326741457
Iteration 74 of 100: loss=46.0897064209 object_loss=44.2570419312 distance_loss=1.83266437054
Iteration 75 of 100: loss=38.8171768188 object_loss=36.9845848083 distance_loss=1.83259356022
Iteration 76 of 100: loss=38.8039894104 object_loss=36.9718475342 distance_loss=1.83214104176
Iteration 77 of 100: loss=39.1803207397 object_loss=37.3482818604 distance_loss=1.83203852177
Iteration 78 of 100: loss=42.3234710693 object_loss=40.4913368225 distance_loss=1.83213412762
Iteration 79 of 100: loss=39.6663589478 object_loss=37.8342208862 distance_loss=1.83213663101
Iteration 80 of 100: loss=39.8885574341 object_loss=38.056930542 distance_loss=1.8316257
Iteration 81 of 100: loss=39.9079093933 object_loss=38.076385498 distance_loss=1.83152520657
Iteration 82 of 100: loss=40.3330345154 object_loss=38.5015678406 distance_loss=1.83146810532
Iteration 83 of 100: loss=40.671913147 object_loss=38.8406867981 distance_loss=1.83122813702
Iteration 84 of 100: loss=42.8153533936 object_loss=40.9841766357 distance_loss=1.83117711544
Iteration 85 of 100: loss=43.7545623779 object_loss=41.9234313965 distance_loss=1.83113217354
Iteration 86 of 100: loss=43.5823669434 object_loss=41.7513427734 distance_loss=1.83102238178
Iteration 87 of 100: loss=44.1487197876 object_loss=42.3178825378 distance_loss=1.83083665371
Iteration 88 of 100: loss=48.2320518494 object_loss=46.4015579224 distance_loss=1.8304952383
Iteration 89 of 100: loss=44.6644058228 object_loss=42.834022522 distance_loss=1.83038377762
Iteration 90 of 100: loss=47.370891571 object_loss=45.5403175354 distance_loss=1.83057534695
Iteration 91 of 100: loss=41.9925498962 object_loss=40.1617965698 distance_loss=1.83075356483
Iteration 92 of 100: loss=45.6061935425 object_loss=43.7758483887 distance_loss=1.83034360409
Iteration 93 of 100: loss=30.7406921387 object_loss=28.9099979401 distance_loss=1.83069348335
Iteration 94 of 100: loss=37.1807861328 object_loss=35.3500404358 distance_loss=1.83074533939
Iteration 95 of 100: loss=36.3216667175 object_loss=34.4907493591 distance_loss=1.83091723919
Iteration 96 of 100: loss=30.423166275 object_loss=28.5922775269 distance_loss=1.83088958263
Iteration 97 of 100: loss=32.8421401978 object_loss=31.0114955902 distance_loss=1.83064448833
Iteration 98 of 100: loss=33.882183075 object_loss=32.0516586304 distance_loss=1.83052611351
Iteration 99 of 100: loss=31.775188446 object_loss=29.9444389343 distance_loss=1.83075022697
Iteration 0 of 100: loss=33.3229484558 object_loss=31.4919242859 distance_loss=1.8310239315
Iteration 1 of 100: loss=30.7026233673 object_loss=28.871629715 distance_loss=1.83099341393
Iteration 2 of 100: loss=30.5865421295 object_loss=28.7554016113 distance_loss=1.83113992214
Iteration 3 of 100: loss=25.837059021 object_loss=24.0056495667 distance_loss=1.83140993118
Iteration 4 of 100: loss=25.2637233734 object_loss=23.4322128296 distance_loss=1.8315103054
Iteration 5 of 100: loss=26.5589942932 object_loss=24.7271289825 distance_loss=1.83186531067
Iteration 6 of 100: loss=24.5441703796 object_loss=22.7121391296 distance_loss=1.83203113079
Iteration 7 of 100: loss=24.3102054596 object_loss=22.478105545 distance_loss=1.83210062981
Iteration 8 of 100: loss=24.9560661316 object_loss=23.1240196228 distance_loss=1.83204591274
Iteration 9 of 100: loss=24.8083724976 object_loss=22.9760723114 distance_loss=1.83230030537
Iteration 10 of 100: loss=25.3978996277 object_loss=23.5654125214 distance_loss=1.8324867487
Iteration 11 of 100: loss=21.2420825958 object_loss=19.409368515 distance_loss=1.83271420002
Iteration 12 of 100: loss=38.0820617676 object_loss=36.2496337891 distance_loss=1.83242714405
Iteration 13 of 100: loss=36.073600769 object_loss=34.2407073975 distance_loss=1.83289456367
Iteration 14 of 100: loss=35.5106430054 object_loss=33.6773872375 distance_loss=1.8332555294
Iteration 15 of 100: loss=47.0199012756 object_loss=45.1865501404 distance_loss=1.83335065842
Iteration 16 of 100: loss=45.69871521 object_loss=43.8655509949 distance_loss=1.83316230774
Iteration 17 of 100: loss=45.0803756714 object_loss=43.2470283508 distance_loss=1.83334684372
Iteration 18 of 100: loss=44.9273681641 object_loss=43.0937232971 distance_loss=1.83364439011
Iteration 19 of 100: loss=43.500038147 object_loss=41.6662139893 distance_loss=1.83382344246
Iteration 20 of 100: loss=42.3620452881 object_loss=40.5280952454 distance_loss=1.83394920826
Iteration 21 of 100: loss=44.1866455078 object_loss=42.352645874 distance_loss=1.83400070667
Iteration 22 of 100: loss=42.4528770447 object_loss=40.6188926697 distance_loss=1.83398461342
Iteration 23 of 100: loss=44.7452888489 object_loss=42.9110488892 distance_loss=1.83423995972
Iteration 24 of 100: loss=44.64610672 object_loss=42.8115539551 distance_loss=1.83455240726
Iteration 25 of 100: loss=45.3622055054 object_loss=43.5275268555 distance_loss=1.83467781544
Iteration 26 of 100: loss=44.8321380615 object_loss=42.9972305298 distance_loss=1.83490562439
Iteration 27 of 100: loss=45.9861335754 object_loss=44.1511230469 distance_loss=1.83501160145
Iteration 28 of 100: loss=43.9255638123 object_loss=42.0908203125 distance_loss=1.83474481106
Iteration 29 of 100: loss=44.1846046448 object_loss=42.3496131897 distance_loss=1.83499157429
Iteration 30 of 100: loss=43.1753349304 object_loss=41.3400726318 distance_loss=1.83526396751
Iteration 31 of 100: loss=44.2314910889 object_loss=42.3963699341 distance_loss=1.83512187004
Iteration 32 of 100: loss=45.313129425 object_loss=43.4782066345 distance_loss=1.83492147923
Iteration 33 of 100: loss=45.0535545349 object_loss=43.2184829712 distance_loss=1.83507037163
Iteration 34 of 100: loss=44.3238983154 object_loss=42.4889984131 distance_loss=1.83490025997
Iteration 35 of 100: loss=44.6820259094 object_loss=42.8471183777 distance_loss=1.8349057436
Iteration 36 of 100: loss=45.4087409973 object_loss=43.5741500854 distance_loss=1.8345927
Iteration 37 of 100: loss=45.3214797974 object_loss=43.4870986938 distance_loss=1.83438169956
Iteration 38 of 100: loss=45.0545425415 object_loss=43.2201385498 distance_loss=1.83440482616
Iteration 39 of 100: loss=44.6242637634 object_loss=42.7897758484 distance_loss=1.83448898792
Iteration 40 of 100: loss=43.6906394958 object_loss=41.8564071655 distance_loss=1.83423089981
Iteration 41 of 100: loss=45.2468605042 object_loss=43.4125442505 distance_loss=1.8343154192
Iteration 42 of 100: loss=45.6203269958 object_loss=43.7860183716 distance_loss=1.83430683613
Iteration 43 of 100: loss=44.0558013916 object_loss=42.2214889526 distance_loss=1.83431375027
Iteration 44 of 100: loss=45.5019378662 object_loss=43.6675605774 distance_loss=1.83437812328
Iteration 45 of 100: loss=45.1083679199 object_loss=43.2739601135 distance_loss=1.83440744877
Iteration 46 of 100: loss=44.5690727234 object_loss=42.734588623 distance_loss=1.83448398113
Iteration 47 of 100: loss=44.4780235291 object_loss=42.643283844 distance_loss=1.83473956585
Iteration 48 of 100: loss=44.5721359253 object_loss=42.7375679016 distance_loss=1.83456838131
Iteration 49 of 100: loss=43.1383857727 object_loss=41.3037872314 distance_loss=1.83459961414
Iteration 50 of 100: loss=43.0258674622 object_loss=41.1909599304 distance_loss=1.83490824699
Iteration 51 of 100: loss=43.2673492432 object_loss=41.4323043823 distance_loss=1.83504295349
Iteration 52 of 100: loss=44.434425354 object_loss=42.5996856689 distance_loss=1.83473944664
Iteration 53 of 100: loss=44.0474014282 object_loss=42.2127151489 distance_loss=1.83468747139
Iteration 54 of 100: loss=43.6841926575 object_loss=41.8495750427 distance_loss=1.83461773396
Iteration 55 of 100: loss=44.403213501 object_loss=42.5688972473 distance_loss=1.83431553841
Iteration 56 of 100: loss=43.5660934448 object_loss=41.7321166992 distance_loss=1.83397626877
Iteration 57 of 100: loss=42.6443481445 object_loss=40.8105621338 distance_loss=1.83378636837
Iteration 58 of 100: loss=42.3550262451 object_loss=40.5212440491 distance_loss=1.83378374577
Iteration 59 of 100: loss=42.4794235229 object_loss=40.6456871033 distance_loss=1.83373463154
Iteration 60 of 100: loss=43.0242233276 object_loss=41.1906547546 distance_loss=1.83356845379
Iteration 61 of 100: loss=42.9380531311 object_loss=41.1047706604 distance_loss=1.83328330517
Iteration 62 of 100: loss=43.3264846802 object_loss=41.4932785034 distance_loss=1.83320629597
Iteration 63 of 100: loss=42.8045158386 object_loss=40.9711532593 distance_loss=1.83336091042
Iteration 64 of 100: loss=42.2720222473 object_loss=40.4390106201 distance_loss=1.83301222324
Iteration 65 of 100: loss=39.8272743225 object_loss=37.9943466187 distance_loss=1.8329269886
Iteration 66 of 100: loss=41.0218811035 object_loss=39.189239502 distance_loss=1.83264267445
Iteration 67 of 100: loss=41.7028846741 object_loss=39.870426178 distance_loss=1.83245873451
Iteration 68 of 100: loss=41.991104126 object_loss=40.1587753296 distance_loss=1.83232951164
Iteration 69 of 100: loss=41.3489074707 object_loss=39.5164337158 distance_loss=1.83247494698
Iteration 70 of 100: loss=41.42004776 object_loss=39.5876502991 distance_loss=1.83239769936
Iteration 71 of 100: loss=41.5709762573 object_loss=39.7385902405 distance_loss=1.83238446712
Iteration 72 of 100: loss=38.9225845337 object_loss=37.090461731 distance_loss=1.83212280273
Iteration 73 of 100: loss=38.9972801208 object_loss=37.1650466919 distance_loss=1.83223223686
Iteration 74 of 100: loss=38.6580696106 object_loss=36.8258743286 distance_loss=1.83219468594
Iteration 75 of 100: loss=38.6178588867 object_loss=36.7857894897 distance_loss=1.83207011223
Iteration 76 of 100: loss=39.4414672852 object_loss=37.6098136902 distance_loss=1.83165550232
Iteration 77 of 100: loss=39.559261322 object_loss=37.727722168 distance_loss=1.83153855801
Iteration 78 of 100: loss=37.0213279724 object_loss=35.1897163391 distance_loss=1.83160996437
Iteration 79 of 100: loss=35.7813186646 object_loss=33.9495391846 distance_loss=1.83177924156
Iteration 80 of 100: loss=36.1818313599 object_loss=34.3498458862 distance_loss=1.8319838047
Iteration 81 of 100: loss=32.5191116333 object_loss=30.6870441437 distance_loss=1.83206558228
Iteration 82 of 100: loss=34.0879669189 object_loss=32.255947113 distance_loss=1.83201849461
Iteration 83 of 100: loss=35.3310852051 object_loss=33.4988479614 distance_loss=1.83223581314
Iteration 84 of 100: loss=35.5799751282 object_loss=33.7478179932 distance_loss=1.83215630054
Iteration 85 of 100: loss=36.4554252625 object_loss=34.6233177185 distance_loss=1.83210873604
Iteration 86 of 100: loss=36.2792129517 object_loss=34.4468269348 distance_loss=1.83238494396
Iteration 87 of 100: loss=35.4727706909 object_loss=33.6402893066 distance_loss=1.83248269558
Iteration 88 of 100: loss=35.9527702332 object_loss=34.120552063 distance_loss=1.83221673965
Iteration 89 of 100: loss=36.0068511963 object_loss=34.1744918823 distance_loss=1.8323611021
Iteration 90 of 100: loss=35.3930854797 object_loss=33.56016922 distance_loss=1.83291602135
Iteration 91 of 100: loss=35.0854415894 object_loss=33.2524032593 distance_loss=1.83303666115
Iteration 92 of 100: loss=32.8734283447 object_loss=31.0406093597 distance_loss=1.83281981945
Iteration 93 of 100: loss=28.1058979034 object_loss=26.272851944 distance_loss=1.83304643631
Iteration 94 of 100: loss=30.9234580994 object_loss=29.0903511047 distance_loss=1.83310616016
Iteration 95 of 100: loss=29.8630867004 object_loss=28.0299186707 distance_loss=1.83316767216
Iteration 96 of 100: loss=32.0268249512 object_loss=30.1939277649 distance_loss=1.83289766312
Iteration 97 of 100: loss=32.0888442993 object_loss=30.2559108734 distance_loss=1.83293485641
Iteration 98 of 100: loss=35.0260314941 object_loss=33.1929664612 distance_loss=1.83306419849
Iteration 99 of 100: loss=34.5977783203 object_loss=32.764629364 distance_loss=1.83314824104
Iteration 0 of 100: loss=30.4434261322 object_loss=28.6102600098 distance_loss=1.83316659927
Iteration 1 of 100: loss=28.2732887268 object_loss=26.4396820068 distance_loss=1.83360648155
Iteration 2 of 100: loss=28.4924602509 object_loss=26.6584472656 distance_loss=1.83401298523
Iteration 3 of 100: loss=28.973072052 object_loss=27.1386241913 distance_loss=1.83444809914
Iteration 4 of 100: loss=32.4794120789 object_loss=30.6447658539 distance_loss=1.8346477747
Iteration 5 of 100: loss=35.1564559937 object_loss=33.3217468262 distance_loss=1.83470833302
Iteration 6 of 100: loss=35.407497406 object_loss=33.5728683472 distance_loss=1.83462893963
Iteration 7 of 100: loss=34.117805481 object_loss=32.2831459045 distance_loss=1.83465886116
Iteration 8 of 100: loss=34.8830223083 object_loss=33.0482292175 distance_loss=1.83479297161
Iteration 9 of 100: loss=32.1514282227 object_loss=30.3165283203 distance_loss=1.83490133286
Iteration 10 of 100: loss=29.9509296417 object_loss=28.115688324 distance_loss=1.83524119854
Iteration 11 of 100: loss=27.4493160248 object_loss=25.6140899658 distance_loss=1.8352253437
Iteration 12 of 100: loss=29.904127121 object_loss=28.0693798065 distance_loss=1.83474731445
Iteration 13 of 100: loss=30.1480865479 object_loss=28.3130130768 distance_loss=1.8350725174
Iteration 14 of 100: loss=16.9772071838 object_loss=15.1418266296 distance_loss=1.83538103104
Iteration 15 of 100: loss=16.5285739899 object_loss=14.6933164597 distance_loss=1.83525669575
Iteration 16 of 100: loss=19.7394943237 object_loss=17.904510498 distance_loss=1.83498287201
Iteration 17 of 100: loss=14.4930553436 object_loss=12.6582489014 distance_loss=1.83480656147
Iteration 18 of 100: loss=14.8395137787 object_loss=13.0046977997 distance_loss=1.834815979
Iteration 19 of 100: loss=13.6948366165 object_loss=11.859703064 distance_loss=1.83513355255
Iteration 20 of 100: loss=15.8310937881 object_loss=13.9959926605 distance_loss=1.83510136604
Iteration 21 of 100: loss=29.6901187897 object_loss=27.8549385071 distance_loss=1.83518075943
Iteration 22 of 100: loss=23.1571502686 object_loss=21.3218402863 distance_loss=1.83530926704
Iteration 23 of 100: loss=23.7017726898 object_loss=21.8662319183 distance_loss=1.83554148674
Iteration 24 of 100: loss=32.2097320557 object_loss=30.3742218018 distance_loss=1.835511446
Iteration 25 of 100: loss=32.6428489685 object_loss=30.8069324493 distance_loss=1.83591508865
Iteration 26 of 100: loss=31.6402130127 object_loss=29.8043136597 distance_loss=1.8358989954
Iteration 27 of 100: loss=33.4849281311 object_loss=31.6490440369 distance_loss=1.83588457108
Iteration 28 of 100: loss=33.2517280579 object_loss=31.415769577 distance_loss=1.83595848083
Iteration 29 of 100: loss=30.028087616 object_loss=28.192035675 distance_loss=1.83605253696
Iteration 30 of 100: loss=31.3033008575 object_loss=29.4671096802 distance_loss=1.83619070053
Iteration 31 of 100: loss=31.36079216 object_loss=29.5244750977 distance_loss=1.83631646633
Iteration 32 of 100: loss=31.9738311768 object_loss=30.1376457214 distance_loss=1.836186409
Iteration 33 of 100: loss=23.1679859161 object_loss=21.3313980103 distance_loss=1.83658754826
Iteration 34 of 100: loss=26.8306884766 object_loss=24.9938201904 distance_loss=1.83686876297
Iteration 35 of 100: loss=24.6597957611 object_loss=22.8226318359 distance_loss=1.83716332912
Iteration 36 of 100: loss=29.5310249329 object_loss=27.6936511993 distance_loss=1.83737373352
Iteration 37 of 100: loss=27.1118812561 object_loss=25.2741317749 distance_loss=1.83774900436
Iteration 38 of 100: loss=29.1702671051 object_loss=27.3322563171 distance_loss=1.83801043034
Iteration 39 of 100: loss=28.7848243713 object_loss=26.9462242126 distance_loss=1.83860015869
Iteration 40 of 100: loss=30.1599826813 object_loss=28.3208007812 distance_loss=1.83918273449
Iteration 41 of 100: loss=29.51121521 object_loss=27.671749115 distance_loss=1.83946657181
Iteration 42 of 100: loss=26.9976501465 object_loss=25.1578655243 distance_loss=1.83978497982
Iteration 43 of 100: loss=30.3292865753 object_loss=28.4891719818 distance_loss=1.84011530876
Iteration 44 of 100: loss=32.9085693359 object_loss=31.0682411194 distance_loss=1.8403275013
Iteration 45 of 100: loss=29.62109375 object_loss=27.7805519104 distance_loss=1.84054255486
Iteration 46 of 100: loss=28.206407547 object_loss=26.3655872345 distance_loss=1.84081995487
Iteration 47 of 100: loss=31.7546443939 object_loss=29.9132537842 distance_loss=1.84139049053
Iteration 48 of 100: loss=32.736415863 object_loss=30.8951034546 distance_loss=1.84131371975
Iteration 49 of 100: loss=34.9801445007 object_loss=33.1386375427 distance_loss=1.84150612354
Iteration 50 of 100: loss=32.9860992432 object_loss=31.1443710327 distance_loss=1.84172737598
Iteration 51 of 100: loss=23.2719020844 object_loss=21.4300117493 distance_loss=1.84188973904
Iteration 52 of 100: loss=27.7377433777 object_loss=25.8958797455 distance_loss=1.84186387062
Iteration 53 of 100: loss=28.4744472504 object_loss=26.6321105957 distance_loss=1.84233629704
Iteration 54 of 100: loss=34.5632476807 object_loss=32.7207565308 distance_loss=1.84248995781
Iteration 55 of 100: loss=34.8279342651 object_loss=32.9853858948 distance_loss=1.84255027771
Iteration 56 of 100: loss=37.8244819641 object_loss=35.9820709229 distance_loss=1.84241020679
Iteration 57 of 100: loss=35.9491081238 object_loss=34.1067352295 distance_loss=1.8423743248
Iteration 58 of 100: loss=37.4812202454 object_loss=35.6387023926 distance_loss=1.84251832962
Iteration 59 of 100: loss=33.3427963257 object_loss=31.5003623962 distance_loss=1.84243226051
Iteration 60 of 100: loss=38.8218078613 object_loss=36.9797477722 distance_loss=1.84205985069
Iteration 61 of 100: loss=35.4441452026 object_loss=33.602268219 distance_loss=1.84187674522
Iteration 62 of 100: loss=27.6439361572 object_loss=25.8021144867 distance_loss=1.84182238579
Iteration 63 of 100: loss=29.89494133 object_loss=28.053155899 distance_loss=1.84178626537
Iteration 64 of 100: loss=30.8814506531 object_loss=29.0397605896 distance_loss=1.84169065952
Iteration 65 of 100: loss=33.5615653992 object_loss=31.7200546265 distance_loss=1.84150910378
Iteration 66 of 100: loss=24.5224628448 object_loss=22.6806526184 distance_loss=1.84181046486
Iteration 67 of 100: loss=29.8204898834 object_loss=27.9784126282 distance_loss=1.84207677841
Iteration 68 of 100: loss=25.5515899658 object_loss=23.7094364166 distance_loss=1.84215295315
Iteration 69 of 100: loss=25.2742576599 object_loss=23.4321365356 distance_loss=1.84212207794
Iteration 70 of 100: loss=26.927822113 object_loss=25.0852546692 distance_loss=1.84256780148
Iteration 71 of 100: loss=28.949836731 object_loss=27.1067676544 distance_loss=1.84306871891
Iteration 72 of 100: loss=28.3998241425 object_loss=26.5570106506 distance_loss=1.84281289577
Iteration 73 of 100: loss=21.3392333984 object_loss=19.4959793091 distance_loss=1.8432546854
Iteration 74 of 100: loss=20.9313697815 object_loss=19.0877285004 distance_loss=1.84364199638
Iteration 75 of 100: loss=20.241317749 object_loss=18.3975753784 distance_loss=1.84374296665
Iteration 76 of 100: loss=19.9518108368 object_loss=18.107919693 distance_loss=1.8438911438
Iteration 77 of 100: loss=20.020608902 object_loss=18.1766834259 distance_loss=1.84392631054
Iteration 78 of 100: loss=20.8467178345 object_loss=19.0029716492 distance_loss=1.84374594688
Iteration 79 of 100: loss=17.3045063019 object_loss=15.4605903625 distance_loss=1.84391546249
Iteration 80 of 100: loss=19.8668117523 object_loss=18.022441864 distance_loss=1.84436941147
Iteration 81 of 100: loss=23.715549469 object_loss=21.8711738586 distance_loss=1.8443748951
Iteration 82 of 100: loss=25.5419120789 object_loss=23.6973361969 distance_loss=1.84457492828
Iteration 83 of 100: loss=19.4592018127 object_loss=17.6144485474 distance_loss=1.84475374222
Iteration 84 of 100: loss=16.6082000732 object_loss=14.7634887695 distance_loss=1.84471130371
Iteration 85 of 100: loss=18.3821983337 object_loss=16.5372543335 distance_loss=1.84494495392
Iteration 86 of 100: loss=19.2031745911 object_loss=17.3579959869 distance_loss=1.8451782465
Iteration 87 of 100: loss=18.2243824005 object_loss=16.3791942596 distance_loss=1.84518742561
Iteration 88 of 100: loss=17.9944057465 object_loss=16.1493606567 distance_loss=1.84504425526
Iteration 89 of 100: loss=20.6031780243 object_loss=18.7577972412 distance_loss=1.84538125992
Iteration 90 of 100: loss=21.6980895996 object_loss=19.852645874 distance_loss=1.84544360638
Iteration 91 of 100: loss=22.5737056732 object_loss=20.7280254364 distance_loss=1.84568107128
Iteration 92 of 100: loss=22.3914241791 object_loss=20.5458812714 distance_loss=1.84554314613
Iteration 93 of 100: loss=25.5770130157 object_loss=23.7312393188 distance_loss=1.84577333927
Iteration 94 of 100: loss=26.7435798645 object_loss=24.8974094391 distance_loss=1.84617078304
Iteration 95 of 100: loss=26.4174537659 object_loss=24.5713500977 distance_loss=1.84610271454
Iteration 96 of 100: loss=26.1201400757 object_loss=24.2744007111 distance_loss=1.84573876858
Iteration 97 of 100: loss=34.3328208923 object_loss=32.4869232178 distance_loss=1.84589862823
Iteration 98 of 100: loss=31.5650157928 object_loss=29.7190933228 distance_loss=1.84592330456
Iteration 99 of 100: loss=31.5891265869 object_loss=29.7430286407 distance_loss=1.84609818459
Iteration 0 of 100: loss=31.0540657043 object_loss=29.2077560425 distance_loss=1.84630870819
Iteration 1 of 100: loss=29.1462593079 object_loss=27.2998161316 distance_loss=1.8464435339
Iteration 2 of 100: loss=31.9733333588 object_loss=30.127040863 distance_loss=1.8462921381
Iteration 3 of 100: loss=26.234872818 object_loss=24.3881244659 distance_loss=1.84674918652
Iteration 4 of 100: loss=23.9195957184 object_loss=22.0725898743 distance_loss=1.84700572491
Iteration 5 of 100: loss=22.120426178 object_loss=20.273109436 distance_loss=1.84731638432
Iteration 6 of 100: loss=18.6981124878 object_loss=16.850774765 distance_loss=1.8473367691
Iteration 7 of 100: loss=21.0830459595 object_loss=19.2355365753 distance_loss=1.84750902653
Iteration 8 of 100: loss=28.5502338409 object_loss=26.7025775909 distance_loss=1.84765636921
Iteration 9 of 100: loss=28.145860672 object_loss=26.2976703644 distance_loss=1.84818983078
Iteration 10 of 100: loss=18.6266078949 object_loss=16.7780857086 distance_loss=1.84852206707
Iteration 11 of 100: loss=14.29890728 object_loss=12.4498786926 distance_loss=1.84902858734
Iteration 12 of 100: loss=15.9346961975 object_loss=14.0853490829 distance_loss=1.84934735298
Iteration 13 of 100: loss=12.3276500702 object_loss=10.4774217606 distance_loss=1.85022830963
Iteration 14 of 100: loss=22.5253410339 object_loss=20.6744022369 distance_loss=1.85093843937
Iteration 15 of 100: loss=22.3291625977 object_loss=20.4772701263 distance_loss=1.85189306736
Iteration 16 of 100: loss=16.7937335968 object_loss=14.9413042068 distance_loss=1.85242986679
Iteration 17 of 100: loss=21.9535503387 object_loss=20.1004104614 distance_loss=1.85313904285
Iteration 18 of 100: loss=27.5032520294 object_loss=25.64935112 distance_loss=1.85390174389
Iteration 19 of 100: loss=15.6264076233 object_loss=13.7717895508 distance_loss=1.85461759567
Iteration 20 of 100: loss=22.3120193481 object_loss=20.4570999146 distance_loss=1.85491895676
Iteration 21 of 100: loss=24.4665527344 object_loss=22.611207962 distance_loss=1.85534572601
Iteration 22 of 100: loss=24.8290920258 object_loss=22.9731674194 distance_loss=1.85592520237
Iteration 23 of 100: loss=25.1628894806 object_loss=23.3062534332 distance_loss=1.85663568974
Iteration 24 of 100: loss=20.1691837311 object_loss=18.312122345 distance_loss=1.85706138611
Iteration 25 of 100: loss=17.6292667389 object_loss=15.7718791962 distance_loss=1.85738742352
Iteration 26 of 100: loss=21.223400116 object_loss=19.3655967712 distance_loss=1.85780262947
Iteration 27 of 100: loss=21.336145401 object_loss=19.4779338837 distance_loss=1.85821151733
Iteration 28 of 100: loss=19.9564590454 object_loss=18.0977401733 distance_loss=1.85871875286
Iteration 29 of 100: loss=15.2703847885 object_loss=13.4109897614 distance_loss=1.85939514637
Iteration 30 of 100: loss=15.6869335175 object_loss=13.8265428543 distance_loss=1.86039102077
Iteration 31 of 100: loss=19.7481575012 object_loss=17.8868370056 distance_loss=1.86132025719
Iteration 32 of 100: loss=18.266872406 object_loss=16.4054813385 distance_loss=1.86139166355
Iteration 33 of 100: loss=16.6767978668 object_loss=14.8146448135 distance_loss=1.86215388775
Iteration 34 of 100: loss=20.9523544312 object_loss=19.0895080566 distance_loss=1.86284661293
Iteration 35 of 100: loss=17.895401001 object_loss=16.0321178436 distance_loss=1.8632838726
Iteration 36 of 100: loss=19.723690033 object_loss=17.8603096008 distance_loss=1.86338078976
Iteration 37 of 100: loss=17.1269454956 object_loss=15.2634439468 distance_loss=1.86350190639
Iteration 38 of 100: loss=17.565284729 object_loss=15.7018375397 distance_loss=1.86344766617
Iteration 39 of 100: loss=16.7384376526 object_loss=14.875038147 distance_loss=1.86339902878
Iteration 40 of 100: loss=19.3603477478 object_loss=17.4969234467 distance_loss=1.86342489719
Iteration 41 of 100: loss=19.2868041992 object_loss=17.4234447479 distance_loss=1.86335945129
Iteration 42 of 100: loss=16.620426178 object_loss=14.7569551468 distance_loss=1.86347103119
Iteration 43 of 100: loss=22.766960144 object_loss=20.9030685425 distance_loss=1.86389160156
Iteration 44 of 100: loss=21.8915290833 object_loss=20.0277366638 distance_loss=1.86379253864
Iteration 45 of 100: loss=21.0532588959 object_loss=19.1890258789 distance_loss=1.86423242092
Iteration 46 of 100: loss=21.502199173 object_loss=19.6377639771 distance_loss=1.86443459988
Iteration 47 of 100: loss=20.7599086761 object_loss=18.8953437805 distance_loss=1.86456549168
Iteration 48 of 100: loss=17.570394516 object_loss=15.7053289413 distance_loss=1.86506581306
Iteration 49 of 100: loss=20.2216644287 object_loss=18.3565483093 distance_loss=1.86511683464
Iteration 50 of 100: loss=21.8999652863 object_loss=20.034860611 distance_loss=1.86510384083
Iteration 51 of 100: loss=20.2758541107 object_loss=18.4105129242 distance_loss=1.8653408289
Iteration 52 of 100: loss=19.9048061371 object_loss=18.0394554138 distance_loss=1.86535048485
Iteration 53 of 100: loss=23.3209018707 object_loss=21.4553527832 distance_loss=1.86554920673
Iteration 54 of 100: loss=22.5998630524 object_loss=20.7340126038 distance_loss=1.86584961414
Iteration 55 of 100: loss=24.1549377441 object_loss=22.2888965607 distance_loss=1.86604094505
Iteration 56 of 100: loss=24.1459255219 object_loss=22.2799491882 distance_loss=1.86597657204
Iteration 57 of 100: loss=22.9861679077 object_loss=21.1199150085 distance_loss=1.86625230312
Iteration 58 of 100: loss=23.1109523773 object_loss=21.244556427 distance_loss=1.86639606953
Iteration 59 of 100: loss=21.0022983551 object_loss=19.1357593536 distance_loss=1.86653912067
Iteration 60 of 100: loss=22.5359725952 object_loss=20.6691932678 distance_loss=1.86677980423
Iteration 61 of 100: loss=24.4643096924 object_loss=22.5972537994 distance_loss=1.86705565453
Iteration 62 of 100: loss=22.4081172943 object_loss=20.5409126282 distance_loss=1.86720442772
Iteration 63 of 100: loss=24.0422859192 object_loss=22.1746578217 distance_loss=1.86762714386
Iteration 64 of 100: loss=20.5872974396 object_loss=18.7195186615 distance_loss=1.86777853966
Iteration 65 of 100: loss=20.7305278778 object_loss=18.8624839783 distance_loss=1.86804449558
Iteration 66 of 100: loss=21.213973999 object_loss=19.3456840515 distance_loss=1.86828911304
Iteration 67 of 100: loss=21.9203853607 object_loss=20.0520458221 distance_loss=1.86834025383
Iteration 68 of 100: loss=19.3089294434 object_loss=17.4406642914 distance_loss=1.86826574802
Iteration 69 of 100: loss=20.6529121399 object_loss=18.7842464447 distance_loss=1.8686658144
Iteration 70 of 100: loss=19.9907722473 object_loss=18.1216144562 distance_loss=1.86915874481
Iteration 71 of 100: loss=19.5181446075 object_loss=17.6487617493 distance_loss=1.86938285828
Iteration 72 of 100: loss=20.4636154175 object_loss=18.5942382812 distance_loss=1.86937713623
Iteration 73 of 100: loss=20.8316802979 object_loss=18.9620094299 distance_loss=1.86966991425
Iteration 74 of 100: loss=19.5835552216 object_loss=17.7138557434 distance_loss=1.86970031261
Iteration 75 of 100: loss=20.5956287384 object_loss=18.7258605957 distance_loss=1.86976873875
Iteration 76 of 100: loss=19.4344577789 object_loss=17.5648403168 distance_loss=1.86961698532
Iteration 77 of 100: loss=22.0422344208 object_loss=20.1727600098 distance_loss=1.86947453022
Iteration 78 of 100: loss=20.9641513824 object_loss=19.0946388245 distance_loss=1.86951220036
Iteration 79 of 100: loss=20.7608509064 object_loss=18.8911895752 distance_loss=1.86966204643
Iteration 80 of 100: loss=19.6484031677 object_loss=17.7788772583 distance_loss=1.86952626705
Iteration 81 of 100: loss=20.21833992 object_loss=18.3487472534 distance_loss=1.86959242821
Iteration 82 of 100: loss=18.9632816315 object_loss=17.0936775208 distance_loss=1.86960399151
Iteration 83 of 100: loss=21.4686546326 object_loss=19.5990200043 distance_loss=1.86963415146
Iteration 84 of 100: loss=21.6269950867 object_loss=19.7572860718 distance_loss=1.86970877647
Iteration 85 of 100: loss=20.7486591339 object_loss=18.8791160583 distance_loss=1.8695435524
Iteration 86 of 100: loss=20.1561431885 object_loss=18.2866477966 distance_loss=1.86949539185
Iteration 87 of 100: loss=21.4180183411 object_loss=19.54845047 distance_loss=1.86956703663
Iteration 88 of 100: loss=22.152633667 object_loss=20.2832317352 distance_loss=1.86940169334
Iteration 89 of 100: loss=24.5900993347 object_loss=22.7203102112 distance_loss=1.86978948116
Iteration 90 of 100: loss=23.6935424805 object_loss=21.8231925964 distance_loss=1.87035024166
Iteration 91 of 100: loss=24.2406768799 object_loss=22.3699131012 distance_loss=1.87076377869
Iteration 92 of 100: loss=22.5300102234 object_loss=20.6593914032 distance_loss=1.87061810493
Iteration 93 of 100: loss=23.0418128967 object_loss=21.1709403992 distance_loss=1.87087321281
Iteration 94 of 100: loss=20.3355998993 object_loss=18.464515686 distance_loss=1.87108337879
Iteration 95 of 100: loss=21.3597602844 object_loss=19.4885253906 distance_loss=1.87123525143
Iteration 96 of 100: loss=23.2820510864 object_loss=21.4107322693 distance_loss=1.87131977081
Iteration 97 of 100: loss=23.5084552765 object_loss=21.6369533539 distance_loss=1.87150239944
Iteration 98 of 100: loss=21.5248355865 object_loss=19.6531200409 distance_loss=1.87171626091
Iteration 99 of 100: loss=23.3073692322 object_loss=21.4352893829 distance_loss=1.87207996845
Iteration 0 of 100: loss=24.9888343811 object_loss=23.1167240143 distance_loss=1.87211000919
Iteration 1 of 100: loss=23.015625 object_loss=21.1432952881 distance_loss=1.87232923508
Iteration 2 of 100: loss=22.1497821808 object_loss=20.2772598267 distance_loss=1.87252295017
Iteration 3 of 100: loss=27.1233959198 object_loss=25.2503986359 distance_loss=1.87299787998
Iteration 4 of 100: loss=23.9848880768 object_loss=22.1115875244 distance_loss=1.87330043316
Iteration 5 of 100: loss=25.3228740692 object_loss=23.4496212006 distance_loss=1.87325370312
Iteration 6 of 100: loss=26.7145996094 object_loss=24.8412761688 distance_loss=1.87332367897
Iteration 7 of 100: loss=20.655298233 object_loss=18.781993866 distance_loss=1.87330377102
Iteration 8 of 100: loss=23.0607051849 object_loss=21.1874389648 distance_loss=1.87326645851
Iteration 9 of 100: loss=24.3436260223 object_loss=22.4703960419 distance_loss=1.87323057652
Iteration 10 of 100: loss=23.6563129425 object_loss=21.7829990387 distance_loss=1.8733137846
Iteration 11 of 100: loss=21.9934501648 object_loss=20.120092392 distance_loss=1.87335681915
Iteration 12 of 100: loss=23.1706504822 object_loss=21.2973747253 distance_loss=1.8732765913
Iteration 13 of 100: loss=22.9416542053 object_loss=21.0679512024 distance_loss=1.87370359898
Iteration 14 of 100: loss=21.536781311 object_loss=19.6630363464 distance_loss=1.87374401093
Iteration 15 of 100: loss=21.1440601349 object_loss=19.2704544067 distance_loss=1.87360596657
Iteration 16 of 100: loss=23.3532314301 object_loss=21.4805164337 distance_loss=1.87271440029
Iteration 17 of 100: loss=22.8403759003 object_loss=20.9679927826 distance_loss=1.87238359451
Iteration 18 of 100: loss=25.1583251953 object_loss=23.2862815857 distance_loss=1.87204325199
Iteration 19 of 100: loss=27.051322937 object_loss=25.179807663 distance_loss=1.87151491642
Iteration 20 of 100: loss=26.0790081024 object_loss=24.2079296112 distance_loss=1.87107813358
Iteration 21 of 100: loss=20.7256603241 object_loss=18.8549156189 distance_loss=1.87074553967
Iteration 22 of 100: loss=23.4418315887 object_loss=21.571521759 distance_loss=1.87030899525
Iteration 23 of 100: loss=23.9693107605 object_loss=22.0990753174 distance_loss=1.87023448944
Iteration 24 of 100: loss=14.8846712112 object_loss=13.0142993927 distance_loss=1.87037205696
Iteration 25 of 100: loss=18.1693439484 object_loss=16.2990760803 distance_loss=1.8702685833
Iteration 26 of 100: loss=19.6401824951 object_loss=17.7696914673 distance_loss=1.87049126625
Iteration 27 of 100: loss=17.5173625946 object_loss=15.6467485428 distance_loss=1.87061476707
Iteration 28 of 100: loss=25.4379634857 object_loss=23.5675010681 distance_loss=1.87046217918
Iteration 29 of 100: loss=27.0339946747 object_loss=25.1630020142 distance_loss=1.87099337578
Iteration 30 of 100: loss=29.6375827789 object_loss=27.7661743164 distance_loss=1.87140774727
Iteration 31 of 100: loss=31.2011356354 object_loss=29.3294963837 distance_loss=1.87164008617
Iteration 32 of 100: loss=29.6751022339 object_loss=27.8033905029 distance_loss=1.87171208858
Iteration 33 of 100: loss=29.5263786316 object_loss=27.6541461945 distance_loss=1.87223172188
Iteration 34 of 100: loss=26.6709346771 object_loss=24.7984027863 distance_loss=1.87253236771
Iteration 35 of 100: loss=29.2067165375 object_loss=27.3337554932 distance_loss=1.87296020985
Iteration 36 of 100: loss=29.5603752136 object_loss=27.6873989105 distance_loss=1.87297582626
Iteration 37 of 100: loss=25.9667930603 object_loss=24.0938644409 distance_loss=1.87292897701
Iteration 38 of 100: loss=27.6339263916 object_loss=25.7606182098 distance_loss=1.8733086586
Iteration 39 of 100: loss=32.9080085754 object_loss=31.0343875885 distance_loss=1.87361991405
Iteration 40 of 100: loss=24.7333641052 object_loss=22.8597698212 distance_loss=1.87359499931
Iteration 41 of 100: loss=28.9296112061 object_loss=27.0558509827 distance_loss=1.8737603426
Iteration 42 of 100: loss=29.3157539368 object_loss=27.4416561127 distance_loss=1.87409842014
Iteration 43 of 100: loss=29.6655368805 object_loss=27.79114151 distance_loss=1.87439489365
Iteration 44 of 100: loss=30.2439193726 object_loss=28.3693561554 distance_loss=1.87456285954
Iteration 45 of 100: loss=30.259393692 object_loss=28.3847255707 distance_loss=1.87466788292
Iteration 46 of 100: loss=31.9742259979 object_loss=30.0995597839 distance_loss=1.87466549873
Iteration 47 of 100: loss=32.2681541443 object_loss=30.3932628632 distance_loss=1.87488996983
Iteration 48 of 100: loss=29.2120018005 object_loss=27.3371162415 distance_loss=1.87488508224
Iteration 49 of 100: loss=33.5031547546 object_loss=31.6284103394 distance_loss=1.87474322319
Iteration 50 of 100: loss=32.7019538879 object_loss=30.8271503448 distance_loss=1.87480437756
Iteration 51 of 100: loss=31.9792327881 object_loss=30.1043930054 distance_loss=1.87483942509
Iteration 52 of 100: loss=32.2303619385 object_loss=30.3559379578 distance_loss=1.87442302704
Iteration 53 of 100: loss=31.6293392181 object_loss=29.7547073364 distance_loss=1.8746317625
Iteration 54 of 100: loss=31.2762966156 object_loss=29.4017238617 distance_loss=1.87457191944
Iteration 55 of 100: loss=31.0714416504 object_loss=29.1966209412 distance_loss=1.87482142448
Iteration 56 of 100: loss=31.3340320587 object_loss=29.4591159821 distance_loss=1.87491548061
Iteration 57 of 100: loss=32.8578796387 object_loss=30.9828777313 distance_loss=1.87500190735
Iteration 58 of 100: loss=32.043346405 object_loss=30.1683578491 distance_loss=1.87498986721
Iteration 59 of 100: loss=33.8690414429 object_loss=31.9937858582 distance_loss=1.87525713444
Iteration 60 of 100: loss=37.5387153625 object_loss=35.6630401611 distance_loss=1.87567579746
Iteration 61 of 100: loss=36.9917144775 object_loss=35.1157150269 distance_loss=1.8760008812
Iteration 62 of 100: loss=34.0887298584 object_loss=32.2121734619 distance_loss=1.87655723095
Iteration 63 of 100: loss=36.4374465942 object_loss=34.5604515076 distance_loss=1.87699341774
Iteration 64 of 100: loss=34.7091751099 object_loss=32.8319396973 distance_loss=1.8772341013
Iteration 65 of 100: loss=33.8155822754 object_loss=31.9381828308 distance_loss=1.87739956379
Iteration 66 of 100: loss=34.4824066162 object_loss=32.6048316956 distance_loss=1.87757587433
Iteration 67 of 100: loss=34.8678512573 object_loss=32.9901351929 distance_loss=1.8777153492
Iteration 68 of 100: loss=35.81483078 object_loss=33.9370880127 distance_loss=1.87774443626
Iteration 69 of 100: loss=35.4277191162 object_loss=33.549747467 distance_loss=1.87796998024
Iteration 70 of 100: loss=34.3371696472 object_loss=32.4590301514 distance_loss=1.87814116478
Iteration 71 of 100: loss=37.8912391663 object_loss=36.0128097534 distance_loss=1.8784301281
Iteration 72 of 100: loss=34.7340354919 object_loss=32.8559494019 distance_loss=1.87808763981
Iteration 73 of 100: loss=38.6712341309 object_loss=36.7929611206 distance_loss=1.87827324867
Iteration 74 of 100: loss=37.267250061 object_loss=35.3889007568 distance_loss=1.87834918499
Iteration 75 of 100: loss=36.3396453857 object_loss=34.4614219666 distance_loss=1.87822294235
Iteration 76 of 100: loss=37.2276878357 object_loss=35.3500366211 distance_loss=1.87765264511
Iteration 77 of 100: loss=35.7427787781 object_loss=33.8651351929 distance_loss=1.87764275074
Iteration 78 of 100: loss=31.1371803284 object_loss=29.2596588135 distance_loss=1.87752139568
Iteration 79 of 100: loss=31.1654224396 object_loss=29.2879085541 distance_loss=1.87751340866
Iteration 80 of 100: loss=35.5296516418 object_loss=33.6520195007 distance_loss=1.87763309479
Iteration 81 of 100: loss=37.7987098694 object_loss=35.9211997986 distance_loss=1.87751078606
Iteration 82 of 100: loss=34.4691009521 object_loss=32.5916595459 distance_loss=1.87744235992
Iteration 83 of 100: loss=26.0002765656 object_loss=24.1229362488 distance_loss=1.87734019756
Iteration 84 of 100: loss=29.8437461853 object_loss=27.9669151306 distance_loss=1.87683093548
Iteration 85 of 100: loss=32.4217720032 object_loss=30.545293808 distance_loss=1.87647914886
Iteration 86 of 100: loss=33.0959968567 object_loss=31.2199039459 distance_loss=1.87609159946
Iteration 87 of 100: loss=27.9139499664 object_loss=26.0380764008 distance_loss=1.87587440014
Iteration 88 of 100: loss=27.8699264526 object_loss=25.9942531586 distance_loss=1.87567281723
Iteration 89 of 100: loss=28.9207515717 object_loss=27.0451927185 distance_loss=1.87555932999
Iteration 90 of 100: loss=29.3583431244 object_loss=27.4829788208 distance_loss=1.87536370754
Iteration 91 of 100: loss=29.3504562378 object_loss=27.475112915 distance_loss=1.87534403801
Iteration 92 of 100: loss=34.6343955994 object_loss=32.7591590881 distance_loss=1.87523770332
Iteration 93 of 100: loss=31.6734313965 object_loss=29.7980155945 distance_loss=1.875415802
Iteration 94 of 100: loss=38.1459197998 object_loss=36.2703590393 distance_loss=1.87556099892
Iteration 95 of 100: loss=33.3440551758 object_loss=31.4684829712 distance_loss=1.87557113171
Iteration 96 of 100: loss=39.147895813 object_loss=37.2722320557 distance_loss=1.875664711
Iteration 97 of 100: loss=35.1473312378 object_loss=33.2715759277 distance_loss=1.87575721741
Iteration 98 of 100: loss=37.1222267151 object_loss=35.2459716797 distance_loss=1.87625420094
Iteration 99 of 100: loss=40.5399093628 object_loss=38.663105011 distance_loss=1.8768042326
Iteration 0 of 100: loss=34.1211738586 object_loss=32.2442893982 distance_loss=1.87688434124
Iteration 1 of 100: loss=38.3663864136 object_loss=36.489200592 distance_loss=1.87718772888
Iteration 2 of 100: loss=35.9554252625 object_loss=34.0778427124 distance_loss=1.87758421898
Iteration 3 of 100: loss=30.6731033325 object_loss=28.7951393127 distance_loss=1.87796485424
Iteration 4 of 100: loss=28.7881774902 object_loss=26.9099235535 distance_loss=1.8782544136
Iteration 5 of 100: loss=29.5713691711 object_loss=27.6927566528 distance_loss=1.87861192226
Iteration 6 of 100: loss=23.3380432129 object_loss=21.4592838287 distance_loss=1.87875962257
Iteration 7 of 100: loss=28.7597370148 object_loss=26.8807239532 distance_loss=1.87901329994
Iteration 8 of 100: loss=28.8957118988 object_loss=27.0166225433 distance_loss=1.87908959389
Iteration 9 of 100: loss=27.6179428101 object_loss=25.7385444641 distance_loss=1.87939846516
Iteration 10 of 100: loss=27.6078472137 object_loss=25.7279567719 distance_loss=1.87989103794
Iteration 11 of 100: loss=27.9272079468 object_loss=26.0470027924 distance_loss=1.88020527363
Iteration 12 of 100: loss=29.1011943817 object_loss=27.2215461731 distance_loss=1.87964880466
Iteration 13 of 100: loss=28.3999195099 object_loss=26.5201835632 distance_loss=1.87973618507
Iteration 14 of 100: loss=29.4933052063 object_loss=27.6134357452 distance_loss=1.8798687458
Iteration 15 of 100: loss=32.325881958 object_loss=30.4458084106 distance_loss=1.88007485867
Iteration 16 of 100: loss=30.6392097473 object_loss=28.7589797974 distance_loss=1.88022983074
Iteration 17 of 100: loss=28.5978736877 object_loss=26.7173957825 distance_loss=1.88047850132
Iteration 18 of 100: loss=29.2192344666 object_loss=27.3385715485 distance_loss=1.88066267967
Iteration 19 of 100: loss=30.0440807343 object_loss=28.1630325317 distance_loss=1.88104856014
Iteration 20 of 100: loss=31.5346336365 object_loss=29.6532726288 distance_loss=1.88136148453
Iteration 21 of 100: loss=30.1276130676 object_loss=28.2462272644 distance_loss=1.88138580322
Iteration 22 of 100: loss=26.6790752411 object_loss=24.7974376678 distance_loss=1.8816382885
Iteration 23 of 100: loss=27.2547340393 object_loss=25.372833252 distance_loss=1.88190114498
Iteration 24 of 100: loss=32.9966926575 object_loss=31.1147518158 distance_loss=1.88194215298
Iteration 25 of 100: loss=34.2986564636 object_loss=32.4163169861 distance_loss=1.88233983517
Iteration 26 of 100: loss=30.3359508514 object_loss=28.453338623 distance_loss=1.88261270523
Iteration 27 of 100: loss=32.8621520996 object_loss=30.9793357849 distance_loss=1.88281691074
Iteration 28 of 100: loss=36.0406761169 object_loss=34.1577110291 distance_loss=1.88296365738
Iteration 29 of 100: loss=40.1708374023 object_loss=38.2877578735 distance_loss=1.88308143616
Iteration 30 of 100: loss=37.5530548096 object_loss=35.6699485779 distance_loss=1.88310551643
Iteration 31 of 100: loss=22.0092334747 object_loss=20.1261081696 distance_loss=1.88312494755
Iteration 32 of 100: loss=24.0248680115 object_loss=22.1418609619 distance_loss=1.8830062151
Iteration 33 of 100: loss=20.7888717651 object_loss=18.9056282043 distance_loss=1.88324415684
Iteration 34 of 100: loss=20.2011318207 object_loss=18.3178691864 distance_loss=1.88326227665
Iteration 35 of 100: loss=19.3933963776 object_loss=17.5103664398 distance_loss=1.883030653
Iteration 36 of 100: loss=18.0385093689 object_loss=16.1559524536 distance_loss=1.88255774975
Iteration 37 of 100: loss=16.5349597931 object_loss=14.6524171829 distance_loss=1.88254344463
Iteration 38 of 100: loss=13.608584404 object_loss=11.7257995605 distance_loss=1.88278508186
Iteration 39 of 100: loss=14.7606315613 object_loss=12.8775596619 distance_loss=1.88307189941
Iteration 40 of 100: loss=10.1618175507 object_loss=8.27863121033 distance_loss=1.88318586349
Iteration 41 of 100: loss=11.0018911362 object_loss=9.11861228943 distance_loss=1.88327884674
Iteration 42 of 100: loss=11.1810674667 object_loss=9.29778957367 distance_loss=1.88327813148
Iteration 43 of 100: loss=10.7585554123 object_loss=8.87494087219 distance_loss=1.88361430168
Iteration 44 of 100: loss=11.2220363617 object_loss=9.3383769989 distance_loss=1.88365983963
Iteration 45 of 100: loss=13.1192235947 object_loss=11.2355184555 distance_loss=1.88370549679
Iteration 46 of 100: loss=14.3110532761 object_loss=12.4269046783 distance_loss=1.88414883614
Iteration 47 of 100: loss=14.4643545151 object_loss=12.5799427032 distance_loss=1.88441216946
Iteration 48 of 100: loss=13.5372314453 object_loss=11.6527023315 distance_loss=1.8845294714
Iteration 49 of 100: loss=13.1229190826 object_loss=11.2381734848 distance_loss=1.88474583626
Iteration 50 of 100: loss=11.6942768097 object_loss=9.80912494659 distance_loss=1.88515174389
Iteration 51 of 100: loss=12.4065227509 object_loss=10.5211906433 distance_loss=1.88533258438
Iteration 52 of 100: loss=12.6306352615 object_loss=10.7455310822 distance_loss=1.88510417938
Iteration 53 of 100: loss=12.2967643738 object_loss=10.4114437103 distance_loss=1.88532090187
Iteration 54 of 100: loss=23.7408294678 object_loss=21.8553142548 distance_loss=1.88551437855
Iteration 55 of 100: loss=29.8551292419 object_loss=27.9695091248 distance_loss=1.88561964035
Iteration 56 of 100: loss=34.4404754639 object_loss=32.5550842285 distance_loss=1.88539004326
Iteration 57 of 100: loss=34.3020210266 object_loss=32.4166374207 distance_loss=1.88538515568
Iteration 58 of 100: loss=30.4351234436 object_loss=28.5498657227 distance_loss=1.88525784016
Iteration 59 of 100: loss=30.5264511108 object_loss=28.6409664154 distance_loss=1.88548481464
Iteration 60 of 100: loss=29.8866138458 object_loss=28.0011444092 distance_loss=1.8854701519
Iteration 61 of 100: loss=30.5750007629 object_loss=28.6892051697 distance_loss=1.88579630852
Iteration 62 of 100: loss=30.2225627899 object_loss=28.3365821838 distance_loss=1.88598120213
Iteration 63 of 100: loss=30.2973537445 object_loss=28.4110832214 distance_loss=1.88627076149
Iteration 64 of 100: loss=28.8998279572 object_loss=27.0131855011 distance_loss=1.88664269447
Iteration 65 of 100: loss=28.2269706726 object_loss=26.3399887085 distance_loss=1.88698256016
Iteration 66 of 100: loss=28.872592926 object_loss=26.9855136871 distance_loss=1.88707947731
Iteration 67 of 100: loss=28.4748916626 object_loss=26.5877285004 distance_loss=1.88716256618
Iteration 68 of 100: loss=27.8641777039 object_loss=25.976890564 distance_loss=1.88728678226
Iteration 69 of 100: loss=32.0730438232 object_loss=30.1855831146 distance_loss=1.88746130466
Iteration 70 of 100: loss=32.9615097046 object_loss=31.0738964081 distance_loss=1.88761162758
Iteration 71 of 100: loss=34.0961494446 object_loss=32.2085380554 distance_loss=1.88761115074
Iteration 72 of 100: loss=24.6731395721 object_loss=22.7859039307 distance_loss=1.88723528385
Iteration 73 of 100: loss=24.786365509 object_loss=22.899055481 distance_loss=1.88731074333
Iteration 74 of 100: loss=26.5988941193 object_loss=24.7115535736 distance_loss=1.8873411417
Iteration 75 of 100: loss=25.2399711609 object_loss=23.3525600433 distance_loss=1.88741087914
Iteration 76 of 100: loss=25.8276481628 object_loss=23.940328598 distance_loss=1.88731908798
Iteration 77 of 100: loss=26.3000869751 object_loss=24.4127502441 distance_loss=1.88733577728
Iteration 78 of 100: loss=25.156375885 object_loss=23.268951416 distance_loss=1.88742351532
Iteration 79 of 100: loss=24.7269992828 object_loss=22.8393096924 distance_loss=1.88768994808
Iteration 80 of 100: loss=26.9596176147 object_loss=25.0717124939 distance_loss=1.88790416718
Iteration 81 of 100: loss=24.6436882019 object_loss=22.7557983398 distance_loss=1.88789010048
Iteration 82 of 100: loss=28.6360473633 object_loss=26.7477073669 distance_loss=1.8883408308
Iteration 83 of 100: loss=29.7413215637 object_loss=27.8524589539 distance_loss=1.88886356354
Iteration 84 of 100: loss=31.390581131 object_loss=29.5017089844 distance_loss=1.88887274265
Iteration 85 of 100: loss=31.8682861328 object_loss=29.9791755676 distance_loss=1.88911032677
Iteration 86 of 100: loss=30.8618679047 object_loss=28.9725074768 distance_loss=1.8893597126
Iteration 87 of 100: loss=31.6016979218 object_loss=29.7122364044 distance_loss=1.88946092129
Iteration 88 of 100: loss=30.4942092896 object_loss=28.6043796539 distance_loss=1.88982927799
Iteration 89 of 100: loss=31.4242477417 object_loss=29.5339336395 distance_loss=1.89031374454
Iteration 90 of 100: loss=31.1652145386 object_loss=29.2745952606 distance_loss=1.89062011242
Iteration 91 of 100: loss=27.8360843658 object_loss=25.9450912476 distance_loss=1.89099311829
Iteration 92 of 100: loss=28.7744083405 object_loss=26.8833694458 distance_loss=1.89103806019
Iteration 93 of 100: loss=30.2614574432 object_loss=28.3700790405 distance_loss=1.89137816429
Iteration 94 of 100: loss=30.302778244 object_loss=28.4108848572 distance_loss=1.89189291
Iteration 95 of 100: loss=29.855430603 object_loss=27.9632606506 distance_loss=1.89216959476
Iteration 96 of 100: loss=30.8006038666 object_loss=28.9088058472 distance_loss=1.89179873466
Iteration 97 of 100: loss=30.4723167419 object_loss=28.5803661346 distance_loss=1.89195072651
Iteration 98 of 100: loss=30.6791801453 object_loss=28.7872047424 distance_loss=1.89197552204
Iteration 99 of 100: loss=31.112783432 object_loss=29.2206115723 distance_loss=1.89217221737
Iteration 0 of 100: loss=27.4237632751 object_loss=25.5312957764 distance_loss=1.89246678352
Iteration 1 of 100: loss=23.8828163147 object_loss=21.9902954102 distance_loss=1.89252030849
Iteration 2 of 100: loss=29.0168991089 object_loss=27.1244029999 distance_loss=1.89249563217
Iteration 3 of 100: loss=28.3571968079 object_loss=26.4643688202 distance_loss=1.89282798767
Iteration 4 of 100: loss=27.641160965 object_loss=25.7480983734 distance_loss=1.89306330681
Iteration 5 of 100: loss=28.7171401978 object_loss=26.8240184784 distance_loss=1.89312112331
Iteration 6 of 100: loss=30.4394207001 object_loss=28.5459747314 distance_loss=1.89344668388
Iteration 7 of 100: loss=29.3592567444 object_loss=27.4655704498 distance_loss=1.89368665218
Iteration 8 of 100: loss=29.2827453613 object_loss=27.3893051147 distance_loss=1.89343976974
Iteration 9 of 100: loss=31.194021225 object_loss=29.3004322052 distance_loss=1.89358913898
Iteration 10 of 100: loss=30.5516014099 object_loss=28.6580276489 distance_loss=1.89357435703
Iteration 11 of 100: loss=30.2600860596 object_loss=28.3663673401 distance_loss=1.89371943474
Iteration 12 of 100: loss=30.5671787262 object_loss=28.6738586426 distance_loss=1.89331936836
Iteration 13 of 100: loss=35.7834434509 object_loss=33.8900794983 distance_loss=1.89336442947
Iteration 14 of 100: loss=38.6525230408 object_loss=36.7593307495 distance_loss=1.89319384098
Iteration 15 of 100: loss=40.6063613892 object_loss=38.7132530212 distance_loss=1.89310705662
Iteration 16 of 100: loss=36.9332084656 object_loss=35.0402870178 distance_loss=1.89291977882
Iteration 17 of 100: loss=36.4994316101 object_loss=34.6063804626 distance_loss=1.89305043221
Iteration 18 of 100: loss=35.3117141724 object_loss=33.4184150696 distance_loss=1.89329743385
Iteration 19 of 100: loss=34.2558784485 object_loss=32.3625679016 distance_loss=1.89330875874
Iteration 20 of 100: loss=32.8231620789 object_loss=30.9300746918 distance_loss=1.89308571815
Iteration 21 of 100: loss=29.2055130005 object_loss=27.3121490479 distance_loss=1.89336454868
Iteration 22 of 100: loss=28.6270370483 object_loss=26.733335495 distance_loss=1.89370179176
Iteration 23 of 100: loss=29.7607727051 object_loss=27.8667831421 distance_loss=1.89398884773
Iteration 24 of 100: loss=31.6122665405 object_loss=29.7182826996 distance_loss=1.89398312569
Iteration 25 of 100: loss=29.0277233124 object_loss=27.1338024139 distance_loss=1.89392006397
Iteration 26 of 100: loss=26.8446044922 object_loss=24.9505634308 distance_loss=1.89404070377
Iteration 27 of 100: loss=26.0810565948 object_loss=24.186876297 distance_loss=1.89418041706
Iteration 28 of 100: loss=29.124546051 object_loss=27.2304763794 distance_loss=1.89406991005
Iteration 29 of 100: loss=31.2709655762 object_loss=29.3766822815 distance_loss=1.89428257942
Iteration 30 of 100: loss=31.4598751068 object_loss=29.5653991699 distance_loss=1.89447510242
Iteration 31 of 100: loss=33.9478683472 object_loss=32.0532226562 distance_loss=1.89464533329
Iteration 32 of 100: loss=34.1744384766 object_loss=32.2800636292 distance_loss=1.89437580109
Iteration 33 of 100: loss=31.0707683563 object_loss=29.1762599945 distance_loss=1.89450919628
Iteration 34 of 100: loss=31.5715904236 object_loss=29.6769237518 distance_loss=1.89466702938
Iteration 35 of 100: loss=32.6410636902 object_loss=30.7462921143 distance_loss=1.89477276802
Iteration 36 of 100: loss=31.8958091736 object_loss=30.0010986328 distance_loss=1.89471101761
Iteration 37 of 100: loss=31.9821910858 object_loss=30.087474823 distance_loss=1.89471578598
Iteration 38 of 100: loss=32.3560523987 object_loss=30.4614257812 distance_loss=1.89462661743
Iteration 39 of 100: loss=33.9257659912 object_loss=32.030834198 distance_loss=1.89493095875
Iteration 40 of 100: loss=35.2531967163 object_loss=33.358039856 distance_loss=1.89515602589
Iteration 41 of 100: loss=39.2394599915 object_loss=37.3441543579 distance_loss=1.89530718327
Iteration 42 of 100: loss=33.5377578735 object_loss=31.642364502 distance_loss=1.89539182186
Iteration 43 of 100: loss=35.819568634 object_loss=33.9239120483 distance_loss=1.89565622807
Iteration 44 of 100: loss=38.3231010437 object_loss=36.4273452759 distance_loss=1.89575743675
Iteration 45 of 100: loss=35.8000106812 object_loss=33.9041099548 distance_loss=1.89590167999
Iteration 46 of 100: loss=36.6113204956 object_loss=34.7153930664 distance_loss=1.8959261179
Iteration 47 of 100: loss=35.6523361206 object_loss=33.7564964294 distance_loss=1.8958388567
Iteration 48 of 100: loss=33.4878082275 object_loss=31.5920295715 distance_loss=1.89577770233
Iteration 49 of 100: loss=34.2424354553 object_loss=32.3464355469 distance_loss=1.89599823952
Iteration 50 of 100: loss=33.7871704102 object_loss=31.8906764984 distance_loss=1.89649581909
Iteration 51 of 100: loss=30.7256298065 object_loss=28.8285236359 distance_loss=1.89710640907
Iteration 52 of 100: loss=29.3793525696 object_loss=27.4822006226 distance_loss=1.89715218544
Iteration 53 of 100: loss=28.8339519501 object_loss=26.9362468719 distance_loss=1.89770495892
Iteration 54 of 100: loss=31.4685840607 object_loss=29.570356369 distance_loss=1.89822721481
Iteration 55 of 100: loss=34.1337928772 object_loss=32.235244751 distance_loss=1.8985490799
Iteration 56 of 100: loss=33.702003479 object_loss=31.8034076691 distance_loss=1.8985966444
Iteration 57 of 100: loss=33.7283973694 object_loss=31.8296089172 distance_loss=1.89878821373
Iteration 58 of 100: loss=33.8461761475 object_loss=31.9471206665 distance_loss=1.89905452728
Iteration 59 of 100: loss=33.4495620728 object_loss=31.550327301 distance_loss=1.89923429489
Iteration 60 of 100: loss=33.3576011658 object_loss=31.4580364227 distance_loss=1.89956653118
Iteration 61 of 100: loss=33.6449012756 object_loss=31.7451820374 distance_loss=1.89972102642
Iteration 62 of 100: loss=33.6275367737 object_loss=31.7277183533 distance_loss=1.89981818199
Iteration 63 of 100: loss=33.6925430298 object_loss=31.7924938202 distance_loss=1.90005016327
Iteration 64 of 100: loss=30.7275733948 object_loss=28.8273868561 distance_loss=1.90018713474
Iteration 65 of 100: loss=33.5273323059 object_loss=31.627117157 distance_loss=1.90021514893
Iteration 66 of 100: loss=33.4344482422 object_loss=31.5341567993 distance_loss=1.90029239655
Iteration 67 of 100: loss=33.5256843567 object_loss=31.6252555847 distance_loss=1.90042722225
Iteration 68 of 100: loss=33.6805076599 object_loss=31.7803077698 distance_loss=1.90020000935
Iteration 69 of 100: loss=33.8024787903 object_loss=31.9021244049 distance_loss=1.90035605431
Iteration 70 of 100: loss=33.3327713013 object_loss=31.4323444366 distance_loss=1.90042555332
Iteration 71 of 100: loss=29.3025741577 object_loss=27.4021663666 distance_loss=1.90040755272
Iteration 72 of 100: loss=32.0041160583 object_loss=30.1038799286 distance_loss=1.90023589134
Iteration 73 of 100: loss=30.7583084106 object_loss=28.8578453064 distance_loss=1.90046370029
Iteration 74 of 100: loss=30.4269046783 object_loss=28.5264320374 distance_loss=1.90047204494
Iteration 75 of 100: loss=30.2750225067 object_loss=28.3744449615 distance_loss=1.90057706833
Iteration 76 of 100: loss=30.2749786377 object_loss=28.3744945526 distance_loss=1.90048396587
Iteration 77 of 100: loss=30.9001560211 object_loss=28.9997520447 distance_loss=1.90040409565
Iteration 78 of 100: loss=31.1174545288 object_loss=29.2168979645 distance_loss=1.9005573988
Iteration 79 of 100: loss=31.0533981323 object_loss=29.152715683 distance_loss=1.90068304539
Iteration 80 of 100: loss=33.2250328064 object_loss=31.3246421814 distance_loss=1.90039026737
Iteration 81 of 100: loss=33.4392776489 object_loss=31.5389156342 distance_loss=1.90036273003
Iteration 82 of 100: loss=33.229850769 object_loss=31.329492569 distance_loss=1.90035820007
Iteration 83 of 100: loss=33.2055358887 object_loss=31.3051223755 distance_loss=1.90041220188
Iteration 84 of 100: loss=33.2060890198 object_loss=31.3056507111 distance_loss=1.90043663979
Iteration 85 of 100: loss=32.6105728149 object_loss=30.7101306915 distance_loss=1.90044212341
Iteration 86 of 100: loss=32.6049575806 object_loss=30.7045040131 distance_loss=1.90045177937
Iteration 87 of 100: loss=33.3735351562 object_loss=31.4731750488 distance_loss=1.90036153793
Iteration 88 of 100: loss=30.8144187927 object_loss=28.9144439697 distance_loss=1.89997398853
Iteration 89 of 100: loss=30.9229049683 object_loss=29.0230808258 distance_loss=1.89982438087
Iteration 90 of 100: loss=30.8653507233 object_loss=28.9652500153 distance_loss=1.90010046959
Iteration 91 of 100: loss=30.8634567261 object_loss=28.963470459 distance_loss=1.89998710155
Iteration 92 of 100: loss=30.6498355865 object_loss=28.7504806519 distance_loss=1.89935493469
Iteration 93 of 100: loss=30.6499137878 object_loss=28.7505016327 distance_loss=1.89941227436
Iteration 94 of 100: loss=31.1637763977 object_loss=29.2642631531 distance_loss=1.89951276779
Iteration 95 of 100: loss=31.1637477875 object_loss=29.2642860413 distance_loss=1.89946210384
Iteration 96 of 100: loss=31.1634616852 object_loss=29.264251709 distance_loss=1.89920973778
Iteration 97 of 100: loss=31.8800582886 object_loss=29.9809074402 distance_loss=1.89915049076
Iteration 98 of 100: loss=31.8145675659 object_loss=29.9155254364 distance_loss=1.89904117584
Iteration 99 of 100: loss=32.0997619629 object_loss=30.2007083893 distance_loss=1.89905333519
Iteration 0 of 100: loss=26.5987033844 object_loss=24.6996555328 distance_loss=1.89904785156
Iteration 1 of 100: loss=27.4402236938 object_loss=25.5412006378 distance_loss=1.8990226984
Iteration 2 of 100: loss=27.440372467 object_loss=25.5412654877 distance_loss=1.89910721779
Iteration 3 of 100: loss=27.440454483 object_loss=25.541179657 distance_loss=1.89927566051
Iteration 4 of 100: loss=27.356048584 object_loss=25.4568271637 distance_loss=1.89922070503
Iteration 5 of 100: loss=27.2731075287 object_loss=25.3736991882 distance_loss=1.89940834045
Iteration 6 of 100: loss=27.7150382996 object_loss=25.8158740997 distance_loss=1.89916431904
Iteration 7 of 100: loss=25.9838809967 object_loss=24.0849227905 distance_loss=1.89895796776
Iteration 8 of 100: loss=26.107257843 object_loss=24.2083358765 distance_loss=1.89892220497
Iteration 9 of 100: loss=25.8797702789 object_loss=23.9808521271 distance_loss=1.89891803265
Iteration 10 of 100: loss=29.6767272949 object_loss=27.7780742645 distance_loss=1.89865350723
Iteration 11 of 100: loss=25.7743091583 object_loss=23.8756732941 distance_loss=1.89863562584
Iteration 12 of 100: loss=29.1698703766 object_loss=27.2714347839 distance_loss=1.89843547344
Iteration 13 of 100: loss=31.8893947601 object_loss=29.9908752441 distance_loss=1.89852023125
Iteration 14 of 100: loss=35.04637146 object_loss=33.1476516724 distance_loss=1.89872145653
Iteration 15 of 100: loss=35.0476570129 object_loss=33.1489105225 distance_loss=1.89874744415
Iteration 16 of 100: loss=34.3531761169 object_loss=32.4546775818 distance_loss=1.89850020409
Iteration 17 of 100: loss=33.5385513306 object_loss=31.6399593353 distance_loss=1.89859092236
Iteration 18 of 100: loss=31.905834198 object_loss=30.0073833466 distance_loss=1.89845180511
Iteration 19 of 100: loss=32.6719894409 object_loss=30.7736034393 distance_loss=1.89838588238
Iteration 20 of 100: loss=28.5520133972 object_loss=26.6537666321 distance_loss=1.89824688435
Iteration 21 of 100: loss=28.9270420074 object_loss=27.0289363861 distance_loss=1.8981064558
Iteration 22 of 100: loss=32.0273742676 object_loss=30.1293926239 distance_loss=1.89798307419
Iteration 23 of 100: loss=31.9240398407 object_loss=30.0259170532 distance_loss=1.89812231064
Iteration 24 of 100: loss=32.4584999084 object_loss=30.5604248047 distance_loss=1.89807403088
Iteration 25 of 100: loss=32.1722564697 object_loss=30.2741737366 distance_loss=1.89808297157
Iteration 26 of 100: loss=32.4220046997 object_loss=30.5238761902 distance_loss=1.89812898636
Iteration 27 of 100: loss=32.1099052429 object_loss=30.2120304108 distance_loss=1.89787316322
Iteration 28 of 100: loss=32.079460144 object_loss=30.1821250916 distance_loss=1.89733374119
Iteration 29 of 100: loss=32.4733200073 object_loss=30.5760288239 distance_loss=1.8972915411
Iteration 30 of 100: loss=31.9078731537 object_loss=30.0105514526 distance_loss=1.89732086658
Iteration 31 of 100: loss=31.5310916901 object_loss=29.633934021 distance_loss=1.89715850353
Iteration 32 of 100: loss=30.0674724579 object_loss=28.1707057953 distance_loss=1.8967666626
Iteration 33 of 100: loss=26.5739994049 object_loss=24.6771507263 distance_loss=1.89684808254
Iteration 34 of 100: loss=25.9000282288 object_loss=24.0031833649 distance_loss=1.89684510231
Iteration 35 of 100: loss=26.0918922424 object_loss=24.1951732635 distance_loss=1.8967192173
Iteration 36 of 100: loss=26.4440612793 object_loss=24.5477619171 distance_loss=1.89629852772
Iteration 37 of 100: loss=31.1138496399 object_loss=29.2179050446 distance_loss=1.89594423771
Iteration 38 of 100: loss=28.1118125916 object_loss=26.2163581848 distance_loss=1.89545369148
Iteration 39 of 100: loss=28.7173900604 object_loss=26.8220539093 distance_loss=1.89533603191
Iteration 40 of 100: loss=28.5962028503 object_loss=26.7013072968 distance_loss=1.89489459991
Iteration 41 of 100: loss=28.8288173676 object_loss=26.9341583252 distance_loss=1.89465939999
Iteration 42 of 100: loss=29.9444503784 object_loss=28.0499534607 distance_loss=1.89449751377
Iteration 43 of 100: loss=30.3298187256 object_loss=28.4354534149 distance_loss=1.8943656683
Iteration 44 of 100: loss=27.8967247009 object_loss=26.0025062561 distance_loss=1.8942193985
Iteration 45 of 100: loss=27.8187084198 object_loss=25.9249858856 distance_loss=1.89372313023
Iteration 46 of 100: loss=26.4908447266 object_loss=24.5973968506 distance_loss=1.89344727993
Iteration 47 of 100: loss=28.8371753693 object_loss=26.943983078 distance_loss=1.89319145679
Iteration 48 of 100: loss=28.3906860352 object_loss=26.4978103638 distance_loss=1.89287495613
Iteration 49 of 100: loss=29.4647865295 object_loss=27.5721130371 distance_loss=1.89267420769
Iteration 50 of 100: loss=28.7904930115 object_loss=26.8977584839 distance_loss=1.89273393154
Iteration 51 of 100: loss=26.8359928131 object_loss=24.9432106018 distance_loss=1.89278292656
Iteration 52 of 100: loss=31.7573680878 object_loss=29.8653640747 distance_loss=1.89200437069
Iteration 53 of 100: loss=27.4505195618 object_loss=25.5585403442 distance_loss=1.8919788599
Iteration 54 of 100: loss=25.850730896 object_loss=23.9588508606 distance_loss=1.89188051224
Iteration 55 of 100: loss=26.5881958008 object_loss=24.6964607239 distance_loss=1.89173531532
Iteration 56 of 100: loss=29.6959114075 object_loss=27.8042392731 distance_loss=1.89167153835
Iteration 57 of 100: loss=30.6243019104 object_loss=28.7325839996 distance_loss=1.89171802998
Iteration 58 of 100: loss=31.703792572 object_loss=29.8121986389 distance_loss=1.89159345627
Iteration 59 of 100: loss=30.8275737762 object_loss=28.9357833862 distance_loss=1.89178991318
Iteration 60 of 100: loss=29.9939575195 object_loss=28.1021156311 distance_loss=1.89184117317
Iteration 61 of 100: loss=31.3331394196 object_loss=29.4415550232 distance_loss=1.89158391953
Iteration 62 of 100: loss=26.9395027161 object_loss=25.047870636 distance_loss=1.89163172245
Iteration 63 of 100: loss=30.4219856262 object_loss=28.5303115845 distance_loss=1.89167487621
Iteration 64 of 100: loss=31.8666610718 object_loss=29.9751033783 distance_loss=1.89155745506
Iteration 65 of 100: loss=35.127986908 object_loss=33.2360992432 distance_loss=1.89188933372
Iteration 66 of 100: loss=33.9380569458 object_loss=32.0459594727 distance_loss=1.89209783077
Iteration 67 of 100: loss=34.4706954956 object_loss=32.5784912109 distance_loss=1.8922059536
Iteration 68 of 100: loss=33.7546081543 object_loss=31.8621864319 distance_loss=1.89242184162
Iteration 69 of 100: loss=34.2694358826 object_loss=32.3769187927 distance_loss=1.89251708984
Iteration 70 of 100: loss=34.8675575256 object_loss=32.9748458862 distance_loss=1.8927115202
Iteration 71 of 100: loss=31.4099121094 object_loss=29.5170860291 distance_loss=1.89282691479
Iteration 72 of 100: loss=32.1542549133 object_loss=30.2616386414 distance_loss=1.89261782169
Iteration 73 of 100: loss=38.250415802 object_loss=36.3574752808 distance_loss=1.89294052124
Iteration 74 of 100: loss=35.8298377991 object_loss=33.9367179871 distance_loss=1.89312076569
Iteration 75 of 100: loss=35.1215133667 object_loss=33.2283782959 distance_loss=1.89313471317
Iteration 76 of 100: loss=35.4448356628 object_loss=33.5519561768 distance_loss=1.89287829399
Iteration 77 of 100: loss=37.6138420105 object_loss=35.720916748 distance_loss=1.89292418957
Iteration 78 of 100: loss=37.0438957214 object_loss=35.1510009766 distance_loss=1.89289546013
Iteration 79 of 100: loss=37.00440979 object_loss=35.1112556458 distance_loss=1.89315247536
Iteration 80 of 100: loss=37.7248954773 object_loss=35.8315086365 distance_loss=1.89338505268
Iteration 81 of 100: loss=36.1056671143 object_loss=34.2121276855 distance_loss=1.8935393095
Iteration 82 of 100: loss=36.4873008728 object_loss=34.5937576294 distance_loss=1.89354431629
Iteration 83 of 100: loss=36.5166702271 object_loss=34.6230201721 distance_loss=1.89365112782
Iteration 84 of 100: loss=34.6019554138 object_loss=32.7080917358 distance_loss=1.89386367798
Iteration 85 of 100: loss=37.2052879333 object_loss=35.3107299805 distance_loss=1.89455759525
Iteration 86 of 100: loss=34.2642288208 object_loss=32.3692436218 distance_loss=1.89498519897
Iteration 87 of 100: loss=31.2951412201 object_loss=29.4000644684 distance_loss=1.89507591724
Iteration 88 of 100: loss=38.3486175537 object_loss=36.4534645081 distance_loss=1.89515244961
Iteration 89 of 100: loss=31.4598197937 object_loss=29.5643768311 distance_loss=1.8954423666
Iteration 90 of 100: loss=35.3951530457 object_loss=33.4991798401 distance_loss=1.89597165585
Iteration 91 of 100: loss=28.9720649719 object_loss=27.0758953094 distance_loss=1.89616954327
Iteration 92 of 100: loss=28.0473594666 object_loss=26.1513519287 distance_loss=1.89600682259
Iteration 93 of 100: loss=27.5117225647 object_loss=25.6154079437 distance_loss=1.89631474018
Iteration 94 of 100: loss=32.9885482788 object_loss=31.0922756195 distance_loss=1.89627408981
Iteration 95 of 100: loss=30.5247020721 object_loss=28.6282978058 distance_loss=1.89640390873
Iteration 96 of 100: loss=34.5620498657 object_loss=32.6657981873 distance_loss=1.89625155926
Iteration 97 of 100: loss=35.5723876953 object_loss=33.6760978699 distance_loss=1.89629173279
Iteration 98 of 100: loss=35.860496521 object_loss=33.9640884399 distance_loss=1.89640986919
Iteration 99 of 100: loss=36.2485580444 object_loss=34.3521537781 distance_loss=1.89640319347
Iteration 0 of 100: loss=35.3198127747 object_loss=33.4237289429 distance_loss=1.89608216286
Iteration 1 of 100: loss=36.5816078186 object_loss=34.685798645 distance_loss=1.89580881596
Iteration 2 of 100: loss=35.4113807678 object_loss=33.5153846741 distance_loss=1.89599633217
Iteration 3 of 100: loss=37.6647186279 object_loss=35.7686920166 distance_loss=1.89602577686
Iteration 4 of 100: loss=40.4796180725 object_loss=38.5835800171 distance_loss=1.89603936672
Iteration 5 of 100: loss=34.8667984009 object_loss=32.970790863 distance_loss=1.8960057497
Iteration 6 of 100: loss=36.961315155 object_loss=35.0651702881 distance_loss=1.89614486694
Iteration 7 of 100: loss=36.3126487732 object_loss=34.4161758423 distance_loss=1.89647173882
Iteration 8 of 100: loss=36.3045921326 object_loss=34.4081268311 distance_loss=1.89646410942
Iteration 9 of 100: loss=35.6226654053 object_loss=33.7260856628 distance_loss=1.89657914639
Iteration 10 of 100: loss=35.2860488892 object_loss=33.3893013 distance_loss=1.89674711227
Iteration 11 of 100: loss=36.2492408752 object_loss=34.3525047302 distance_loss=1.89673757553
Iteration 12 of 100: loss=33.2308883667 object_loss=31.3347263336 distance_loss=1.89616155624
Iteration 13 of 100: loss=36.995262146 object_loss=35.0988845825 distance_loss=1.89637935162
Iteration 14 of 100: loss=35.6577835083 object_loss=33.7614936829 distance_loss=1.89629173279
Iteration 15 of 100: loss=32.8279762268 object_loss=30.9319496155 distance_loss=1.89602661133
Iteration 16 of 100: loss=35.3375930786 object_loss=33.4418334961 distance_loss=1.89576077461
Iteration 17 of 100: loss=35.2825546265 object_loss=33.3871040344 distance_loss=1.89545035362
Iteration 18 of 100: loss=31.738697052 object_loss=29.8434829712 distance_loss=1.89521491528
Iteration 19 of 100: loss=31.4883289337 object_loss=29.5931167603 distance_loss=1.89521205425
Iteration 20 of 100: loss=33.3513565063 object_loss=31.4563274384 distance_loss=1.8950291872
Iteration 21 of 100: loss=33.2817306519 object_loss=31.3870239258 distance_loss=1.894708395
Iteration 22 of 100: loss=27.8719654083 object_loss=25.9773368835 distance_loss=1.89462816715
Iteration 23 of 100: loss=13.1588630676 object_loss=11.2640237808 distance_loss=1.89483940601
Iteration 24 of 100: loss=12.3336791992 object_loss=10.4388427734 distance_loss=1.89483606815
Iteration 25 of 100: loss=13.5537223816 object_loss=11.6588354111 distance_loss=1.89488732815
Iteration 26 of 100: loss=12.5619564056 object_loss=10.6668481827 distance_loss=1.89510858059
Iteration 27 of 100: loss=14.2095174789 object_loss=12.3143396378 distance_loss=1.89517760277
Iteration 28 of 100: loss=16.748041153 object_loss=14.852725029 distance_loss=1.89531683922
Iteration 29 of 100: loss=20.9157752991 object_loss=19.0203819275 distance_loss=1.89539265633
Iteration 30 of 100: loss=24.5567836761 object_loss=22.6613674164 distance_loss=1.89541566372
Iteration 31 of 100: loss=24.4716320038 object_loss=22.5761032104 distance_loss=1.89552927017
Iteration 32 of 100: loss=40.5264358521 object_loss=38.631275177 distance_loss=1.89515948296
Iteration 33 of 100: loss=36.3121643066 object_loss=34.4169540405 distance_loss=1.89521098137
Iteration 34 of 100: loss=36.265247345 object_loss=34.3698883057 distance_loss=1.89536070824
Iteration 35 of 100: loss=36.3164863586 object_loss=34.421207428 distance_loss=1.89528000355
Iteration 36 of 100: loss=37.7860984802 object_loss=35.8912849426 distance_loss=1.89481508732
Iteration 37 of 100: loss=40.8826637268 object_loss=38.987827301 distance_loss=1.89483559132
Iteration 38 of 100: loss=43.333694458 object_loss=41.4388771057 distance_loss=1.89481782913
Iteration 39 of 100: loss=41.759727478 object_loss=39.8649940491 distance_loss=1.89473164082
Iteration 40 of 100: loss=42.8183059692 object_loss=40.9234924316 distance_loss=1.89481365681
Iteration 41 of 100: loss=42.7781219482 object_loss=40.8832855225 distance_loss=1.89483642578
Iteration 42 of 100: loss=46.7465515137 object_loss=44.8518943787 distance_loss=1.89465773106
Iteration 43 of 100: loss=44.664768219 object_loss=42.7701950073 distance_loss=1.89457392693
Iteration 44 of 100: loss=38.6883506775 object_loss=36.7935333252 distance_loss=1.89481890202
Iteration 45 of 100: loss=44.2445373535 object_loss=42.3496322632 distance_loss=1.89490413666
Iteration 46 of 100: loss=44.1796798706 object_loss=42.2845726013 distance_loss=1.89510691166
Iteration 47 of 100: loss=41.5193595886 object_loss=39.6241722107 distance_loss=1.89518737793
Iteration 48 of 100: loss=45.1249465942 object_loss=43.2301254272 distance_loss=1.89482152462
Iteration 49 of 100: loss=43.8147773743 object_loss=41.9197235107 distance_loss=1.8950535059
Iteration 50 of 100: loss=40.060508728 object_loss=38.1656036377 distance_loss=1.89490437508
Iteration 51 of 100: loss=42.6313819885 object_loss=40.7364387512 distance_loss=1.89494419098
Iteration 52 of 100: loss=47.6190567017 object_loss=45.724155426 distance_loss=1.89489936829
Iteration 53 of 100: loss=47.426651001 object_loss=45.5317268372 distance_loss=1.89492535591
Iteration 54 of 100: loss=49.0845718384 object_loss=47.1896362305 distance_loss=1.89493739605
Iteration 55 of 100: loss=49.9318008423 object_loss=48.0368270874 distance_loss=1.89497375488
Iteration 56 of 100: loss=51.2037887573 object_loss=49.3090057373 distance_loss=1.89478254318
Iteration 57 of 100: loss=50.3599624634 object_loss=48.4654464722 distance_loss=1.8945171833
Iteration 58 of 100: loss=50.0235900879 object_loss=48.1289672852 distance_loss=1.89462399483
Iteration 59 of 100: loss=49.9727516174 object_loss=48.0780982971 distance_loss=1.8946543932
Iteration 60 of 100: loss=50.1366615295 object_loss=48.2421989441 distance_loss=1.89446306229
Iteration 61 of 100: loss=49.8787689209 object_loss=47.9843940735 distance_loss=1.89437317848
Iteration 62 of 100: loss=48.1666717529 object_loss=46.2723884583 distance_loss=1.89428424835
Iteration 63 of 100: loss=49.1768112183 object_loss=47.2823677063 distance_loss=1.89444494247
Iteration 64 of 100: loss=48.2136459351 object_loss=46.3191070557 distance_loss=1.89453947544
Iteration 65 of 100: loss=44.940738678 object_loss=43.0461006165 distance_loss=1.89463734627
Iteration 66 of 100: loss=49.913898468 object_loss=48.01902771 distance_loss=1.89487195015
Iteration 67 of 100: loss=50.4705238342 object_loss=48.5753250122 distance_loss=1.89519798756
Iteration 68 of 100: loss=48.8215408325 object_loss=46.9263343811 distance_loss=1.89520788193
Iteration 69 of 100: loss=51.072517395 object_loss=49.1769332886 distance_loss=1.89558517933
Iteration 70 of 100: loss=50.4928398132 object_loss=48.596912384 distance_loss=1.89592707157
Iteration 71 of 100: loss=51.1184883118 object_loss=49.2222442627 distance_loss=1.89624345303
Iteration 72 of 100: loss=52.0148696899 object_loss=50.1188201904 distance_loss=1.89604914188
Iteration 73 of 100: loss=51.0084037781 object_loss=49.1119384766 distance_loss=1.89646625519
Iteration 74 of 100: loss=48.4186820984 object_loss=46.5217704773 distance_loss=1.89690995216
Iteration 75 of 100: loss=49.1265602112 object_loss=47.2294044495 distance_loss=1.8971555233
Iteration 76 of 100: loss=49.8736114502 object_loss=47.9765281677 distance_loss=1.89708387852
Iteration 77 of 100: loss=50.4454956055 object_loss=48.5482749939 distance_loss=1.89722108841
Iteration 78 of 100: loss=51.0007972717 object_loss=49.1035308838 distance_loss=1.89726758003
Iteration 79 of 100: loss=52.0006904602 object_loss=50.1033210754 distance_loss=1.89736974239
Iteration 80 of 100: loss=50.3106536865 object_loss=48.413028717 distance_loss=1.89762485027
Iteration 81 of 100: loss=51.276260376 object_loss=49.378578186 distance_loss=1.89768397808
Iteration 82 of 100: loss=51.8054237366 object_loss=49.9078521729 distance_loss=1.8975713253
Iteration 83 of 100: loss=50.5082397461 object_loss=48.6106948853 distance_loss=1.89754593372
Iteration 84 of 100: loss=49.5630302429 object_loss=47.6658782959 distance_loss=1.89715099335
Iteration 85 of 100: loss=48.8502006531 object_loss=46.9533348083 distance_loss=1.89686512947
Iteration 86 of 100: loss=48.4773406982 object_loss=46.5806732178 distance_loss=1.8966691494
Iteration 87 of 100: loss=50.4443397522 object_loss=48.5478935242 distance_loss=1.89644658566
Iteration 88 of 100: loss=51.6210365295 object_loss=49.7246665955 distance_loss=1.89637005329
Iteration 89 of 100: loss=51.2260627747 object_loss=49.3297462463 distance_loss=1.89631748199
Iteration 90 of 100: loss=49.9751815796 object_loss=48.0789604187 distance_loss=1.89622294903
Iteration 91 of 100: loss=49.2368659973 object_loss=47.3405761719 distance_loss=1.89629077911
Iteration 92 of 100: loss=48.6054992676 object_loss=46.7093925476 distance_loss=1.89610755444
Iteration 93 of 100: loss=48.6056594849 object_loss=46.7093162537 distance_loss=1.89634430408
Iteration 94 of 100: loss=49.3846855164 object_loss=47.48828125 distance_loss=1.89640307426
Iteration 95 of 100: loss=51.4510955811 object_loss=49.5547103882 distance_loss=1.89638447762
Iteration 96 of 100: loss=51.4854507446 object_loss=49.5895042419 distance_loss=1.89594697952
Iteration 97 of 100: loss=51.6508712769 object_loss=49.754901886 distance_loss=1.89597010612
Iteration 98 of 100: loss=50.6559638977 object_loss=48.7599563599 distance_loss=1.89600670338
Iteration 99 of 100: loss=49.8876419067 object_loss=47.99168396 distance_loss=1.89595961571
Iteration 0 of 100: loss=49.6785430908 object_loss=47.7826080322 distance_loss=1.89593493938
Iteration 1 of 100: loss=49.5561714172 object_loss=47.6602058411 distance_loss=1.89596402645
Iteration 2 of 100: loss=49.561340332 object_loss=47.6654319763 distance_loss=1.89590656757
Iteration 3 of 100: loss=50.7422561646 object_loss=48.8462524414 distance_loss=1.89600551128
Iteration 4 of 100: loss=49.331653595 object_loss=47.43592453 distance_loss=1.89573001862
Iteration 5 of 100: loss=49.2901763916 object_loss=47.3947067261 distance_loss=1.89547073841
Iteration 6 of 100: loss=49.3032264709 object_loss=47.407787323 distance_loss=1.89544093609
Iteration 7 of 100: loss=49.691696167 object_loss=47.7964248657 distance_loss=1.89527142048
Iteration 8 of 100: loss=52.0741233826 object_loss=50.1793174744 distance_loss=1.89480721951
Iteration 9 of 100: loss=51.8201904297 object_loss=49.9254989624 distance_loss=1.89469075203
Iteration 10 of 100: loss=52.028842926 object_loss=50.1341323853 distance_loss=1.89471209049
Iteration 11 of 100: loss=52.3702011108 object_loss=50.4756317139 distance_loss=1.89457094669
Iteration 12 of 100: loss=52.5295791626 object_loss=50.6352806091 distance_loss=1.89429783821
Iteration 13 of 100: loss=52.6301307678 object_loss=50.735748291 distance_loss=1.89438271523
Iteration 14 of 100: loss=52.499710083 object_loss=50.6053199768 distance_loss=1.89439129829
Iteration 15 of 100: loss=49.8876495361 object_loss=47.9932594299 distance_loss=1.89439201355
Iteration 16 of 100: loss=49.5959701538 object_loss=47.7017631531 distance_loss=1.89420807362
Iteration 17 of 100: loss=47.9157142639 object_loss=46.0215606689 distance_loss=1.89415538311
Iteration 18 of 100: loss=47.9276771545 object_loss=46.0334396362 distance_loss=1.89423596859
Iteration 19 of 100: loss=48.6836357117 object_loss=46.7892799377 distance_loss=1.89435577393
Iteration 20 of 100: loss=46.9834671021 object_loss=45.0891265869 distance_loss=1.89434063435
Iteration 21 of 100: loss=46.8096809387 object_loss=44.9150848389 distance_loss=1.89459657669
Iteration 22 of 100: loss=45.9151535034 object_loss=44.0205764771 distance_loss=1.8945786953
Iteration 23 of 100: loss=49.1284484863 object_loss=47.2335281372 distance_loss=1.89492201805
Iteration 24 of 100: loss=45.6480445862 object_loss=43.7527999878 distance_loss=1.8952460289
Iteration 25 of 100: loss=46.4963874817 object_loss=44.600944519 distance_loss=1.89544415474
Iteration 26 of 100: loss=49.5899200439 object_loss=47.6944122314 distance_loss=1.89550936222
Iteration 27 of 100: loss=35.1380882263 object_loss=33.2424583435 distance_loss=1.89562952518
Iteration 28 of 100: loss=36.4592170715 object_loss=34.563495636 distance_loss=1.89572095871
Iteration 29 of 100: loss=40.21352005 object_loss=38.3176498413 distance_loss=1.89586853981
Iteration 30 of 100: loss=37.7005577087 object_loss=35.8043365479 distance_loss=1.89622199535
Iteration 31 of 100: loss=39.6765480042 object_loss=37.7800827026 distance_loss=1.8964650631
Iteration 32 of 100: loss=38.548789978 object_loss=36.6526031494 distance_loss=1.8961879015
Iteration 33 of 100: loss=40.3312301636 object_loss=38.4347839355 distance_loss=1.8964445591
Iteration 34 of 100: loss=41.7289505005 object_loss=39.8324356079 distance_loss=1.89651370049
Iteration 35 of 100: loss=42.6594810486 object_loss=40.7629203796 distance_loss=1.89655971527
Iteration 36 of 100: loss=41.3234710693 object_loss=39.4270095825 distance_loss=1.89646160603
Iteration 37 of 100: loss=39.8827896118 object_loss=37.9865112305 distance_loss=1.89627742767
Iteration 38 of 100: loss=40.9219512939 object_loss=39.0256919861 distance_loss=1.89625751972
Iteration 39 of 100: loss=37.7711257935 object_loss=35.8746109009 distance_loss=1.89651489258
Iteration 40 of 100: loss=37.929069519 object_loss=36.032585144 distance_loss=1.89648342133
Iteration 41 of 100: loss=38.2379837036 object_loss=36.341594696 distance_loss=1.8963906765
Iteration 42 of 100: loss=37.7673187256 object_loss=35.8709487915 distance_loss=1.89637184143
Iteration 43 of 100: loss=38.2418937683 object_loss=36.3455810547 distance_loss=1.89631104469
Iteration 44 of 100: loss=39.2395172119 object_loss=37.3435821533 distance_loss=1.89593338966
Iteration 45 of 100: loss=39.4226837158 object_loss=37.5269203186 distance_loss=1.89576220512
Iteration 46 of 100: loss=33.2519035339 object_loss=31.3562393188 distance_loss=1.89566397667
Iteration 47 of 100: loss=35.3592605591 object_loss=33.4638214111 distance_loss=1.89543831348
Iteration 48 of 100: loss=34.6541366577 object_loss=32.7589950562 distance_loss=1.89514124393
Iteration 49 of 100: loss=50.7317047119 object_loss=48.8365516663 distance_loss=1.8951536417
Iteration 50 of 100: loss=52.0338401794 object_loss=50.138835907 distance_loss=1.89500308037
Iteration 51 of 100: loss=49.8545455933 object_loss=47.9596405029 distance_loss=1.89490437508
Iteration 52 of 100: loss=50.8238258362 object_loss=48.9293403625 distance_loss=1.89448606968
Iteration 53 of 100: loss=51.2403831482 object_loss=49.3457870483 distance_loss=1.89459729195
Iteration 54 of 100: loss=47.164691925 object_loss=45.2701263428 distance_loss=1.89456737041
Iteration 55 of 100: loss=48.8725166321 object_loss=46.9779930115 distance_loss=1.89452421665
Iteration 56 of 100: loss=47.8642730713 object_loss=45.9700279236 distance_loss=1.89424443245
Iteration 57 of 100: loss=46.8012237549 object_loss=44.906867981 distance_loss=1.89435577393
Iteration 58 of 100: loss=47.6890258789 object_loss=45.7943534851 distance_loss=1.89467382431
Iteration 59 of 100: loss=53.3422012329 object_loss=51.4472198486 distance_loss=1.8949804306
Iteration 60 of 100: loss=49.1757278442 object_loss=47.2802619934 distance_loss=1.89546704292
Iteration 61 of 100: loss=51.2829399109 object_loss=49.3870429993 distance_loss=1.89589774609
Iteration 62 of 100: loss=50.828163147 object_loss=48.9319076538 distance_loss=1.89625537395
Iteration 63 of 100: loss=50.7802047729 object_loss=48.8834381104 distance_loss=1.89676821232
Iteration 64 of 100: loss=51.7141799927 object_loss=49.8168334961 distance_loss=1.89734721184
Iteration 65 of 100: loss=51.5717124939 object_loss=49.6740074158 distance_loss=1.89770519733
Iteration 66 of 100: loss=51.2248191833 object_loss=49.3266448975 distance_loss=1.8981757164
Iteration 67 of 100: loss=51.4843025208 object_loss=49.5858612061 distance_loss=1.89844048023
Iteration 68 of 100: loss=51.5981445312 object_loss=49.6996383667 distance_loss=1.89850616455
Iteration 69 of 100: loss=52.1130828857 object_loss=50.2141876221 distance_loss=1.89889597893
Iteration 70 of 100: loss=51.3946456909 object_loss=49.4953155518 distance_loss=1.8993319273
Iteration 71 of 100: loss=50.579875946 object_loss=48.680431366 distance_loss=1.89944374561
Iteration 72 of 100: loss=50.4291877747 object_loss=48.529838562 distance_loss=1.89935052395
Iteration 73 of 100: loss=49.6855278015 object_loss=47.7856140137 distance_loss=1.89991295338
Iteration 74 of 100: loss=50.2869796753 object_loss=48.3866691589 distance_loss=1.9003111124
Iteration 75 of 100: loss=47.9217071533 object_loss=46.02110672 distance_loss=1.900598526
Iteration 76 of 100: loss=45.3367805481 object_loss=43.4363975525 distance_loss=1.90038275719
Iteration 77 of 100: loss=46.8972969055 object_loss=44.9971427917 distance_loss=1.9001532793
Iteration 78 of 100: loss=48.0871276855 object_loss=46.1868782043 distance_loss=1.90024983883
Iteration 79 of 100: loss=49.7952575684 object_loss=47.8949127197 distance_loss=1.90034294128
Iteration 80 of 100: loss=50.243560791 object_loss=48.3433990479 distance_loss=1.90016031265
Iteration 81 of 100: loss=49.0156707764 object_loss=47.1154327393 distance_loss=1.90023767948
Iteration 82 of 100: loss=49.4232177734 object_loss=47.5228691101 distance_loss=1.90034854412
Iteration 83 of 100: loss=49.6423912048 object_loss=47.7419586182 distance_loss=1.90043210983
Iteration 84 of 100: loss=47.2124710083 object_loss=45.3119735718 distance_loss=1.90049600601
Iteration 85 of 100: loss=48.0437660217 object_loss=46.1433334351 distance_loss=1.90043139458
Iteration 86 of 100: loss=49.7909240723 object_loss=47.8905258179 distance_loss=1.90039992332
Iteration 87 of 100: loss=49.6961746216 object_loss=47.7956771851 distance_loss=1.90049684048
Iteration 88 of 100: loss=50.8604469299 object_loss=48.9600448608 distance_loss=1.9004021883
Iteration 89 of 100: loss=51.701965332 object_loss=49.8014831543 distance_loss=1.90048253536
Iteration 90 of 100: loss=51.6874885559 object_loss=49.7868766785 distance_loss=1.90061235428
Iteration 91 of 100: loss=51.5491943359 object_loss=49.648475647 distance_loss=1.90072035789
Iteration 92 of 100: loss=51.8831596375 object_loss=49.983001709 distance_loss=1.90015721321
Iteration 93 of 100: loss=50.6718444824 object_loss=48.7715911865 distance_loss=1.90025150776
Iteration 94 of 100: loss=51.1500053406 object_loss=49.2497673035 distance_loss=1.90023887157
Iteration 95 of 100: loss=50.8127670288 object_loss=48.9125823975 distance_loss=1.90018451214
Iteration 96 of 100: loss=50.5879631042 object_loss=48.6878662109 distance_loss=1.90009784698
Iteration 97 of 100: loss=51.0878715515 object_loss=49.1880683899 distance_loss=1.89980268478
Iteration 98 of 100: loss=51.2839698792 object_loss=49.3843688965 distance_loss=1.89960205555
Iteration 99 of 100: loss=50.8269729614 object_loss=48.9273872375 distance_loss=1.89958703518
Iteration 0 of 100: loss=50.0710105896 object_loss=48.171295166 distance_loss=1.8997143507
Iteration 1 of 100: loss=50.3300170898 object_loss=48.4303436279 distance_loss=1.89967417717
Iteration 2 of 100: loss=50.2235565186 object_loss=48.3237342834 distance_loss=1.89982330799
Iteration 3 of 100: loss=50.1899108887 object_loss=48.2897949219 distance_loss=1.90011787415
Iteration 4 of 100: loss=49.8764266968 object_loss=47.9764251709 distance_loss=1.90000009537
Iteration 5 of 100: loss=49.7127914429 object_loss=47.8126411438 distance_loss=1.900151968
Iteration 6 of 100: loss=51.0787124634 object_loss=49.1785545349 distance_loss=1.90015757084
Iteration 7 of 100: loss=51.0116195679 object_loss=49.1114425659 distance_loss=1.9001762867
Iteration 8 of 100: loss=50.2314949036 object_loss=48.3313217163 distance_loss=1.90017223358
Iteration 9 of 100: loss=52.7124900818 object_loss=50.8121986389 distance_loss=1.90029275417
Iteration 10 of 100: loss=50.8168640137 object_loss=48.916595459 distance_loss=1.90026676655
Iteration 11 of 100: loss=49.328289032 object_loss=47.428062439 distance_loss=1.90022552013
Iteration 12 of 100: loss=51.9502983093 object_loss=50.0504341125 distance_loss=1.89986538887
Iteration 13 of 100: loss=51.2289924622 object_loss=49.3289985657 distance_loss=1.89999437332
Iteration 14 of 100: loss=50.7893562317 object_loss=48.8892478943 distance_loss=1.90010905266
Iteration 15 of 100: loss=51.6366920471 object_loss=49.7368850708 distance_loss=1.89980852604
Iteration 16 of 100: loss=52.7668609619 object_loss=50.8676834106 distance_loss=1.89917707443
Iteration 17 of 100: loss=52.5077056885 object_loss=50.6088027954 distance_loss=1.89890229702
Iteration 18 of 100: loss=51.7799682617 object_loss=49.8813552856 distance_loss=1.89861297607
Iteration 19 of 100: loss=46.0801849365 object_loss=44.1817321777 distance_loss=1.89845442772
Iteration 20 of 100: loss=51.6155357361 object_loss=49.7172164917 distance_loss=1.89832043648
Iteration 21 of 100: loss=51.5266990662 object_loss=49.6287384033 distance_loss=1.89795947075
Iteration 22 of 100: loss=52.1895942688 object_loss=50.2917289734 distance_loss=1.89786601067
Iteration 23 of 100: loss=52.0936584473 object_loss=50.1958847046 distance_loss=1.89777231216
Iteration 24 of 100: loss=52.1645851135 object_loss=50.2669906616 distance_loss=1.89759325981
Iteration 25 of 100: loss=53.1207046509 object_loss=51.2232093811 distance_loss=1.89749693871
Iteration 26 of 100: loss=52.4790000916 object_loss=50.5815353394 distance_loss=1.89746534824
Iteration 27 of 100: loss=52.4053726196 object_loss=50.5078926086 distance_loss=1.89748036861
Iteration 28 of 100: loss=51.0286140442 object_loss=49.1313858032 distance_loss=1.89722752571
Iteration 29 of 100: loss=51.3339614868 object_loss=49.4366722107 distance_loss=1.89728999138
Iteration 30 of 100: loss=51.8166885376 object_loss=49.9193344116 distance_loss=1.89735341072
Iteration 31 of 100: loss=51.5402488708 object_loss=49.6427764893 distance_loss=1.89747154713
Iteration 32 of 100: loss=51.5890197754 object_loss=49.691734314 distance_loss=1.8972837925
Iteration 33 of 100: loss=52.8132247925 object_loss=50.915725708 distance_loss=1.89749777317
Iteration 34 of 100: loss=51.4577293396 object_loss=49.5601577759 distance_loss=1.8975713253
Iteration 35 of 100: loss=50.4639129639 object_loss=48.5663871765 distance_loss=1.89752399921
Iteration 36 of 100: loss=50.8701171875 object_loss=48.9728927612 distance_loss=1.89722454548
Iteration 37 of 100: loss=51.9357528687 object_loss=50.0385360718 distance_loss=1.89721608162
Iteration 38 of 100: loss=52.0979003906 object_loss=50.2008209229 distance_loss=1.89707827568
Iteration 39 of 100: loss=52.2264785767 object_loss=50.3294754028 distance_loss=1.89700162411
Iteration 40 of 100: loss=52.0053443909 object_loss=50.1086235046 distance_loss=1.89671993256
Iteration 41 of 100: loss=53.2948150635 object_loss=51.3981513977 distance_loss=1.89666521549
Iteration 42 of 100: loss=51.4323654175 object_loss=49.5356292725 distance_loss=1.89673650265
Iteration 43 of 100: loss=51.6695404053 object_loss=49.772819519 distance_loss=1.89671957493
Iteration 44 of 100: loss=52.320400238 object_loss=50.4237289429 distance_loss=1.89667069912
Iteration 45 of 100: loss=51.191242218 object_loss=49.2944755554 distance_loss=1.89676737785
Iteration 46 of 100: loss=49.5278015137 object_loss=47.6311836243 distance_loss=1.89661860466
Iteration 47 of 100: loss=49.5700302124 object_loss=47.6733551025 distance_loss=1.896676898
Iteration 48 of 100: loss=48.7705917358 object_loss=46.8741645813 distance_loss=1.89642858505
Iteration 49 of 100: loss=47.4438209534 object_loss=45.5474815369 distance_loss=1.89634048939
Iteration 50 of 100: loss=49.4803886414 object_loss=47.583820343 distance_loss=1.89656972885
Iteration 51 of 100: loss=49.4519348145 object_loss=47.5553474426 distance_loss=1.89658915997
Iteration 52 of 100: loss=48.9477081299 object_loss=47.0518379211 distance_loss=1.895870924
Iteration 53 of 100: loss=47.89427948 object_loss=45.9983825684 distance_loss=1.89589524269
Iteration 54 of 100: loss=51.0395584106 object_loss=49.1434898376 distance_loss=1.89606845379
Iteration 55 of 100: loss=51.4264678955 object_loss=49.530418396 distance_loss=1.89605045319
Iteration 56 of 100: loss=51.0611152649 object_loss=49.1651611328 distance_loss=1.89595425129
Iteration 57 of 100: loss=49.7414512634 object_loss=47.8455810547 distance_loss=1.89587152004
Iteration 58 of 100: loss=49.6543540955 object_loss=47.7585754395 distance_loss=1.89577925205
Iteration 59 of 100: loss=48.8484573364 object_loss=46.9526748657 distance_loss=1.89578211308
Iteration 60 of 100: loss=46.9645385742 object_loss=45.0690155029 distance_loss=1.89552140236
Iteration 61 of 100: loss=48.7228240967 object_loss=46.8275337219 distance_loss=1.89528846741
Iteration 62 of 100: loss=51.9837188721 object_loss=50.0885238647 distance_loss=1.895195961
Iteration 63 of 100: loss=50.9705619812 object_loss=49.0752182007 distance_loss=1.89534282684
Iteration 64 of 100: loss=50.5053520203 object_loss=48.6101760864 distance_loss=1.89517629147
Iteration 65 of 100: loss=51.1241569519 object_loss=49.2287635803 distance_loss=1.89539361
Iteration 66 of 100: loss=50.3119506836 object_loss=48.4166107178 distance_loss=1.89533889294
Iteration 67 of 100: loss=50.4420814514 object_loss=48.5470848083 distance_loss=1.89499795437
Iteration 68 of 100: loss=49.7596321106 object_loss=47.8649177551 distance_loss=1.89471375942
Iteration 69 of 100: loss=50.4667892456 object_loss=48.5723648071 distance_loss=1.89442503452
Iteration 70 of 100: loss=47.4130020142 object_loss=45.5189285278 distance_loss=1.89407479763
Iteration 71 of 100: loss=49.0547447205 object_loss=47.16065979 distance_loss=1.89408373833
Iteration 72 of 100: loss=49.2516593933 object_loss=47.3576469421 distance_loss=1.89401352406
Iteration 73 of 100: loss=52.1601219177 object_loss=50.2659683228 distance_loss=1.89415490627
Iteration 74 of 100: loss=47.1784858704 object_loss=45.2840309143 distance_loss=1.8944555521
Iteration 75 of 100: loss=47.643032074 object_loss=45.7484207153 distance_loss=1.89461016655
Iteration 76 of 100: loss=48.3152351379 object_loss=46.4205970764 distance_loss=1.89463877678
Iteration 77 of 100: loss=49.4075813293 object_loss=47.5127677917 distance_loss=1.8948148489
Iteration 78 of 100: loss=48.53465271 object_loss=46.6397705078 distance_loss=1.89488363266
Iteration 79 of 100: loss=49.6230735779 object_loss=47.7279472351 distance_loss=1.89512765408
Iteration 80 of 100: loss=50.7639503479 object_loss=48.8686828613 distance_loss=1.89526844025
Iteration 81 of 100: loss=50.8999786377 object_loss=49.0045661926 distance_loss=1.89541208744
Iteration 82 of 100: loss=50.9751319885 object_loss=49.0795059204 distance_loss=1.89562678337
Iteration 83 of 100: loss=50.9776992798 object_loss=49.0816688538 distance_loss=1.89603221416
Iteration 84 of 100: loss=51.1726570129 object_loss=49.2764968872 distance_loss=1.89615952969
Iteration 85 of 100: loss=51.9706420898 object_loss=50.0741462708 distance_loss=1.89649581909
Iteration 86 of 100: loss=51.8132362366 object_loss=49.9163284302 distance_loss=1.89690721035
Iteration 87 of 100: loss=51.9336128235 object_loss=50.0365638733 distance_loss=1.89704930782
Iteration 88 of 100: loss=51.246307373 object_loss=49.349319458 distance_loss=1.89698946476
Iteration 89 of 100: loss=53.2869186401 object_loss=51.3895149231 distance_loss=1.8974032402
Iteration 90 of 100: loss=53.2288284302 object_loss=51.3310089111 distance_loss=1.89782118797
Iteration 91 of 100: loss=52.9174346924 object_loss=51.0193214417 distance_loss=1.89811515808
Iteration 92 of 100: loss=51.8849601746 object_loss=49.9867973328 distance_loss=1.89816308022
Iteration 93 of 100: loss=53.0419960022 object_loss=51.1432533264 distance_loss=1.89874351025
Iteration 94 of 100: loss=52.3710823059 object_loss=50.4721221924 distance_loss=1.89895904064
Iteration 95 of 100: loss=51.3959197998 object_loss=49.4969062805 distance_loss=1.89901185036
Iteration 96 of 100: loss=54.3655738831 object_loss=52.4665756226 distance_loss=1.89899647236
Iteration 97 of 100: loss=53.9311065674 object_loss=52.0320014954 distance_loss=1.89910531044
Iteration 98 of 100: loss=52.8732566833 object_loss=50.9738693237 distance_loss=1.89938724041
Iteration 99 of 100: loss=52.5403900146 object_loss=50.6408348083 distance_loss=1.8995552063
Iteration 0 of 100: loss=52.4111595154 object_loss=50.5117797852 distance_loss=1.89937925339
Iteration 1 of 100: loss=52.4112129211 object_loss=50.5116844177 distance_loss=1.89952778816
Iteration 2 of 100: loss=52.0096588135 object_loss=50.1101226807 distance_loss=1.89953565598
Iteration 3 of 100: loss=51.0126152039 object_loss=49.1129150391 distance_loss=1.89970040321
Iteration 4 of 100: loss=50.833896637 object_loss=48.9340744019 distance_loss=1.89982247353
Iteration 5 of 100: loss=50.8985977173 object_loss=48.9988441467 distance_loss=1.89975309372
Iteration 6 of 100: loss=50.7673683167 object_loss=48.8676986694 distance_loss=1.89967131615
Iteration 7 of 100: loss=50.3091659546 object_loss=48.4095802307 distance_loss=1.89958453178
Iteration 8 of 100: loss=51.5533790588 object_loss=49.6538543701 distance_loss=1.89952349663
Iteration 9 of 100: loss=50.1436538696 object_loss=48.244228363 distance_loss=1.89942383766
Iteration 10 of 100: loss=50.2815170288 object_loss=48.3818702698 distance_loss=1.89964544773
Iteration 11 of 100: loss=50.4603309631 object_loss=48.5604171753 distance_loss=1.89991366863
Iteration 12 of 100: loss=50.5655479431 object_loss=48.6659126282 distance_loss=1.89963710308
Iteration 13 of 100: loss=50.7421302795 object_loss=48.8422775269 distance_loss=1.89985454082
Iteration 14 of 100: loss=50.4634628296 object_loss=48.5633773804 distance_loss=1.90008413792
Iteration 15 of 100: loss=49.7491340637 object_loss=47.8488006592 distance_loss=1.9003341198
Iteration 16 of 100: loss=49.4290046692 object_loss=47.5288391113 distance_loss=1.90016543865
Iteration 17 of 100: loss=49.3102226257 object_loss=47.4101333618 distance_loss=1.90008950233
Iteration 18 of 100: loss=49.982925415 object_loss=48.0830192566 distance_loss=1.89990794659
Iteration 19 of 100: loss=50.3223724365 object_loss=48.4224090576 distance_loss=1.89996314049
Iteration 20 of 100: loss=50.3707923889 object_loss=48.4709243774 distance_loss=1.89986753464
Iteration 21 of 100: loss=51.8887443542 object_loss=49.9890060425 distance_loss=1.89973890781
Iteration 22 of 100: loss=51.9945335388 object_loss=50.0948371887 distance_loss=1.89969801903
Iteration 23 of 100: loss=52.524017334 object_loss=50.6242256165 distance_loss=1.89979112148
Iteration 24 of 100: loss=52.5586891174 object_loss=50.6590690613 distance_loss=1.89962041378
Iteration 25 of 100: loss=52.6182632446 object_loss=50.7185897827 distance_loss=1.8996733427
Iteration 26 of 100: loss=52.738910675 object_loss=50.8390769958 distance_loss=1.89983439445
Iteration 27 of 100: loss=53.4533157349 object_loss=51.5535774231 distance_loss=1.89973676205
Iteration 28 of 100: loss=54.2281227112 object_loss=52.3286933899 distance_loss=1.89942932129
Iteration 29 of 100: loss=52.888004303 object_loss=50.9888801575 distance_loss=1.89912557602
Iteration 30 of 100: loss=53.9814872742 object_loss=52.0827217102 distance_loss=1.89876568317
Iteration 31 of 100: loss=54.763130188 object_loss=52.8644981384 distance_loss=1.89863061905
Iteration 32 of 100: loss=54.5588684082 object_loss=52.6605911255 distance_loss=1.89827692509
Iteration 33 of 100: loss=54.3548774719 object_loss=52.4567337036 distance_loss=1.89814293385
Iteration 34 of 100: loss=54.3752632141 object_loss=52.4772453308 distance_loss=1.89801752567
Iteration 35 of 100: loss=53.3240737915 object_loss=51.4258995056 distance_loss=1.89817559719
Iteration 36 of 100: loss=50.8626899719 object_loss=48.964679718 distance_loss=1.89800858498
Iteration 37 of 100: loss=54.8129806519 object_loss=52.9147872925 distance_loss=1.8981949091
Iteration 38 of 100: loss=54.9401817322 object_loss=53.0418167114 distance_loss=1.8983643055
Iteration 39 of 100: loss=55.2728004456 object_loss=53.3743247986 distance_loss=1.89847481251
Iteration 40 of 100: loss=54.5184631348 object_loss=52.6196670532 distance_loss=1.89879584312
Iteration 41 of 100: loss=55.3008842468 object_loss=53.4020118713 distance_loss=1.89887392521
Iteration 42 of 100: loss=55.3325195312 object_loss=53.4337234497 distance_loss=1.89879691601
Iteration 43 of 100: loss=54.6623840332 object_loss=52.7632102966 distance_loss=1.89917433262
Iteration 44 of 100: loss=52.9452629089 object_loss=51.0458450317 distance_loss=1.89941632748
Iteration 45 of 100: loss=52.0281410217 object_loss=50.1285705566 distance_loss=1.89957153797
Iteration 46 of 100: loss=51.6768913269 object_loss=49.7770843506 distance_loss=1.89980733395
Iteration 47 of 100: loss=50.4841117859 object_loss=48.5843200684 distance_loss=1.89979052544
Iteration 48 of 100: loss=51.1133728027 object_loss=49.213973999 distance_loss=1.89939916134
Iteration 49 of 100: loss=51.1056594849 object_loss=49.2058944702 distance_loss=1.89976608753
Iteration 50 of 100: loss=52.3815040588 object_loss=50.4815254211 distance_loss=1.89997935295
Iteration 51 of 100: loss=51.8709182739 object_loss=49.9709091187 distance_loss=1.90001094341
Iteration 52 of 100: loss=54.5058250427 object_loss=52.6058540344 distance_loss=1.8999723196
Iteration 53 of 100: loss=53.7013969421 object_loss=51.80103302 distance_loss=1.90036332607
Iteration 54 of 100: loss=54.1380119324 object_loss=52.2372779846 distance_loss=1.90073227882
Iteration 55 of 100: loss=55.2829208374 object_loss=53.3818359375 distance_loss=1.90108478069
Iteration 56 of 100: loss=52.6989212036 object_loss=50.7980270386 distance_loss=1.9008936882
Iteration 57 of 100: loss=53.843460083 object_loss=51.9424514771 distance_loss=1.90100669861
Iteration 58 of 100: loss=53.8781967163 object_loss=51.976890564 distance_loss=1.90130734444
Iteration 59 of 100: loss=55.1877250671 object_loss=53.2861442566 distance_loss=1.90157949924
Iteration 60 of 100: loss=54.7047080994 object_loss=52.8032073975 distance_loss=1.90150201321
Iteration 61 of 100: loss=54.8047142029 object_loss=52.9031524658 distance_loss=1.90156304836
Iteration 62 of 100: loss=52.8560638428 object_loss=50.9542655945 distance_loss=1.90179860592
Iteration 63 of 100: loss=53.2209091187 object_loss=51.3187980652 distance_loss=1.90211009979
Iteration 64 of 100: loss=52.6802215576 object_loss=50.7778244019 distance_loss=1.90239858627
Iteration 65 of 100: loss=52.9755897522 object_loss=51.0731773376 distance_loss=1.90241074562
Iteration 66 of 100: loss=52.5170211792 object_loss=50.6142921448 distance_loss=1.90272879601
Iteration 67 of 100: loss=52.8287315369 object_loss=50.9258575439 distance_loss=1.90287446976
Iteration 68 of 100: loss=53.3250045776 object_loss=51.4222259521 distance_loss=1.90277707577
Iteration 69 of 100: loss=53.5146102905 object_loss=51.6115379333 distance_loss=1.90307378769
Iteration 70 of 100: loss=53.5451622009 object_loss=51.6416664124 distance_loss=1.90349578857
Iteration 71 of 100: loss=53.3475570679 object_loss=51.4436569214 distance_loss=1.90390133858
Iteration 72 of 100: loss=53.2942657471 object_loss=51.390586853 distance_loss=1.90367901325
Iteration 73 of 100: loss=53.4841651917 object_loss=51.5800476074 distance_loss=1.90411806107
Iteration 74 of 100: loss=53.3735656738 object_loss=51.4693374634 distance_loss=1.90422785282
Iteration 75 of 100: loss=53.2978973389 object_loss=51.3935813904 distance_loss=1.90431714058
Iteration 76 of 100: loss=53.5636520386 object_loss=51.6592559814 distance_loss=1.90439414978
Iteration 77 of 100: loss=53.70860672 object_loss=51.8040771484 distance_loss=1.904530406
Iteration 78 of 100: loss=53.9738883972 object_loss=52.0693473816 distance_loss=1.90454232693
Iteration 79 of 100: loss=54.2431335449 object_loss=52.3386611938 distance_loss=1.90447402
Iteration 80 of 100: loss=53.5308990479 object_loss=51.626411438 distance_loss=1.90448856354
Iteration 81 of 100: loss=52.6861076355 object_loss=50.781627655 distance_loss=1.90448117256
Iteration 82 of 100: loss=53.1887283325 object_loss=51.2841644287 distance_loss=1.90456318855
Iteration 83 of 100: loss=53.5005531311 object_loss=51.5958633423 distance_loss=1.90469062328
Iteration 84 of 100: loss=53.8938026428 object_loss=51.9892501831 distance_loss=1.90455126762
Iteration 85 of 100: loss=53.9969787598 object_loss=52.0923843384 distance_loss=1.90459537506
Iteration 86 of 100: loss=52.6893157959 object_loss=50.7847709656 distance_loss=1.90454614162
Iteration 87 of 100: loss=53.1254577637 object_loss=51.2209243774 distance_loss=1.9045317173
Iteration 88 of 100: loss=53.2565612793 object_loss=51.3519821167 distance_loss=1.90458011627
Iteration 89 of 100: loss=52.7026939392 object_loss=50.7980117798 distance_loss=1.90468275547
Iteration 90 of 100: loss=53.437877655 object_loss=51.5332374573 distance_loss=1.90464019775
Iteration 91 of 100: loss=54.4939689636 object_loss=52.5891876221 distance_loss=1.90478277206
Iteration 92 of 100: loss=54.1303787231 object_loss=52.225818634 distance_loss=1.90455985069
Iteration 93 of 100: loss=54.224899292 object_loss=52.3202362061 distance_loss=1.90466332436
Iteration 94 of 100: loss=54.3814277649 object_loss=52.4766044617 distance_loss=1.90482413769
Iteration 95 of 100: loss=54.3813476562 object_loss=52.4765777588 distance_loss=1.90477156639
Iteration 96 of 100: loss=54.4111862183 object_loss=52.5067520142 distance_loss=1.90443468094
Iteration 97 of 100: loss=54.1304702759 object_loss=52.2260131836 distance_loss=1.90445566177
Iteration 98 of 100: loss=54.3544425964 object_loss=52.4496917725 distance_loss=1.90475225449
Iteration 99 of 100: loss=52.5792388916 object_loss=50.6742973328 distance_loss=1.90494096279
Iteration 0 of 100: loss=54.1101608276 object_loss=52.2051620483 distance_loss=1.90499949455
Iteration 1 of 100: loss=54.3645858765 object_loss=52.459487915 distance_loss=1.90509915352
Iteration 2 of 100: loss=54.0327796936 object_loss=52.1277275085 distance_loss=1.90505313873
Iteration 3 of 100: loss=53.7556343079 object_loss=51.850440979 distance_loss=1.90519320965
Iteration 4 of 100: loss=53.697681427 object_loss=51.792350769 distance_loss=1.90533161163
Iteration 5 of 100: loss=54.4147796631 object_loss=52.5093536377 distance_loss=1.90542459488
Iteration 6 of 100: loss=54.1238632202 object_loss=52.2182655334 distance_loss=1.90559911728
Iteration 7 of 100: loss=53.9914283752 object_loss=52.0856437683 distance_loss=1.90578532219
Iteration 8 of 100: loss=54.743473053 object_loss=52.8379020691 distance_loss=1.90556943417
Iteration 9 of 100: loss=54.7436103821 object_loss=52.8378677368 distance_loss=1.90574431419
Iteration 10 of 100: loss=54.4746932983 object_loss=52.5687561035 distance_loss=1.9059368372
Iteration 11 of 100: loss=54.6596221924 object_loss=52.7536659241 distance_loss=1.90595674515
Iteration 12 of 100: loss=54.8015823364 object_loss=52.8958091736 distance_loss=1.90577471256
Iteration 13 of 100: loss=54.1536941528 object_loss=52.2476654053 distance_loss=1.90602695942
Iteration 14 of 100: loss=54.1470527649 object_loss=52.2410964966 distance_loss=1.90595674515
Iteration 15 of 100: loss=53.6845092773 object_loss=51.7784996033 distance_loss=1.90600943565
Iteration 16 of 100: loss=54.504825592 object_loss=52.5988998413 distance_loss=1.90592670441
Iteration 17 of 100: loss=54.1521530151 object_loss=52.2464637756 distance_loss=1.90569090843
Iteration 18 of 100: loss=53.9321098328 object_loss=52.0262985229 distance_loss=1.90581083298
Iteration 19 of 100: loss=54.053565979 object_loss=52.1477050781 distance_loss=1.90586078167
Iteration 20 of 100: loss=54.1445236206 object_loss=52.238861084 distance_loss=1.90566217899
Iteration 21 of 100: loss=53.7018356323 object_loss=51.7961959839 distance_loss=1.90563988686
Iteration 22 of 100: loss=53.9859733582 object_loss=52.0800323486 distance_loss=1.90594148636
Iteration 23 of 100: loss=53.6120643616 object_loss=51.7058792114 distance_loss=1.90618383884
Iteration 24 of 100: loss=53.577129364 object_loss=51.6708183289 distance_loss=1.90631055832
Iteration 25 of 100: loss=53.4477348328 object_loss=51.541305542 distance_loss=1.90642929077
Iteration 26 of 100: loss=52.6233482361 object_loss=50.7168083191 distance_loss=1.9065413475
Iteration 27 of 100: loss=52.7034912109 object_loss=50.7966346741 distance_loss=1.90685665607
Iteration 28 of 100: loss=52.7861938477 object_loss=50.8794898987 distance_loss=1.90670478344
Iteration 29 of 100: loss=52.7012329102 object_loss=50.7943115234 distance_loss=1.90691971779
Iteration 30 of 100: loss=52.7023887634 object_loss=50.7951622009 distance_loss=1.90722513199
Iteration 31 of 100: loss=52.6863174438 object_loss=50.779083252 distance_loss=1.90723478794
Iteration 32 of 100: loss=52.685798645 object_loss=50.7790679932 distance_loss=1.90673053265
Iteration 33 of 100: loss=52.8517379761 object_loss=50.9446792603 distance_loss=1.90705931187
Iteration 34 of 100: loss=52.6866226196 object_loss=50.7793884277 distance_loss=1.90723347664
Iteration 35 of 100: loss=52.7607688904 object_loss=50.8535232544 distance_loss=1.90724420547
Iteration 36 of 100: loss=52.686252594 object_loss=50.7793083191 distance_loss=1.90694248676
Iteration 37 of 100: loss=53.2017669678 object_loss=51.294960022 distance_loss=1.90680634975
Iteration 38 of 100: loss=52.9733505249 object_loss=51.0667304993 distance_loss=1.90661895275
Iteration 39 of 100: loss=53.051815033 object_loss=51.1451568604 distance_loss=1.90665709972
Iteration 40 of 100: loss=52.5013427734 object_loss=50.5947418213 distance_loss=1.90660142899
Iteration 41 of 100: loss=52.0863990784 object_loss=50.1800041199 distance_loss=1.90639507771
Iteration 42 of 100: loss=52.1125488281 object_loss=50.2063598633 distance_loss=1.90619087219
Iteration 43 of 100: loss=51.5370140076 object_loss=49.630859375 distance_loss=1.90615546703
Iteration 44 of 100: loss=52.0448532104 object_loss=50.1387481689 distance_loss=1.90610420704
Iteration 45 of 100: loss=52.3593063354 object_loss=50.4531898499 distance_loss=1.90611624718
Iteration 46 of 100: loss=52.4364547729 object_loss=50.5304870605 distance_loss=1.90596592426
Iteration 47 of 100: loss=51.9540100098 object_loss=50.048324585 distance_loss=1.90568566322
Iteration 48 of 100: loss=50.3600158691 object_loss=48.4544830322 distance_loss=1.90553414822
Iteration 49 of 100: loss=50.0920677185 object_loss=48.1867485046 distance_loss=1.90531778336
Iteration 50 of 100: loss=49.9847412109 object_loss=48.0795288086 distance_loss=1.9052106142
Iteration 51 of 100: loss=51.4800796509 object_loss=49.5750045776 distance_loss=1.90507376194
Iteration 52 of 100: loss=52.5497970581 object_loss=50.6450653076 distance_loss=1.90473270416
Iteration 53 of 100: loss=52.365398407 object_loss=50.4605560303 distance_loss=1.90484070778
Iteration 54 of 100: loss=53.2363166809 object_loss=51.33152771 distance_loss=1.90478992462
Iteration 55 of 100: loss=52.9795379639 object_loss=51.0749435425 distance_loss=1.90459406376
Iteration 56 of 100: loss=52.6327705383 object_loss=50.7287445068 distance_loss=1.9040261507
Iteration 57 of 100: loss=52.9519271851 object_loss=51.0481529236 distance_loss=1.90377509594
Iteration 58 of 100: loss=52.8319396973 object_loss=50.9283676147 distance_loss=1.9035705328
Iteration 59 of 100: loss=53.1355247498 object_loss=51.2319908142 distance_loss=1.90353381634
Iteration 60 of 100: loss=53.3071670532 object_loss=51.403678894 distance_loss=1.90348947048
Iteration 61 of 100: loss=53.1353721619 object_loss=51.2318344116 distance_loss=1.90353786945
Iteration 62 of 100: loss=53.1868171692 object_loss=51.2835235596 distance_loss=1.90329504013
Iteration 63 of 100: loss=52.8832588196 object_loss=50.9799385071 distance_loss=1.90331852436
Iteration 64 of 100: loss=52.7646789551 object_loss=50.8614273071 distance_loss=1.9032523632
Iteration 65 of 100: loss=53.1143760681 object_loss=51.2111129761 distance_loss=1.9032613039
Iteration 66 of 100: loss=52.7776412964 object_loss=50.8741531372 distance_loss=1.90348911285
Iteration 67 of 100: loss=52.3769645691 object_loss=50.4733505249 distance_loss=1.90361380577
Iteration 68 of 100: loss=52.0676002502 object_loss=50.1641693115 distance_loss=1.90343177319
Iteration 69 of 100: loss=50.059753418 object_loss=48.1560134888 distance_loss=1.90374112129
Iteration 70 of 100: loss=52.2031974792 object_loss=50.2991867065 distance_loss=1.90400981903
Iteration 71 of 100: loss=52.6510543823 object_loss=50.7469520569 distance_loss=1.90410137177
Iteration 72 of 100: loss=52.4862594604 object_loss=50.5820960999 distance_loss=1.90416431427
Iteration 73 of 100: loss=51.9253768921 object_loss=50.0208778381 distance_loss=1.90450024605
Iteration 74 of 100: loss=52.278137207 object_loss=50.3733215332 distance_loss=1.90481543541
Iteration 75 of 100: loss=52.2247047424 object_loss=50.319644928 distance_loss=1.90506160259
Iteration 76 of 100: loss=53.0150909424 object_loss=51.110080719 distance_loss=1.90501058102
Iteration 77 of 100: loss=52.1587791443 object_loss=50.2538528442 distance_loss=1.90492725372
Iteration 78 of 100: loss=51.8571357727 object_loss=49.9520492554 distance_loss=1.90508818626
Iteration 79 of 100: loss=52.3687858582 object_loss=50.4634399414 distance_loss=1.90534460545
Iteration 80 of 100: loss=52.5604896545 object_loss=50.6551971436 distance_loss=1.90529227257
Iteration 81 of 100: loss=52.0638313293 object_loss=50.1584091187 distance_loss=1.90542376041
Iteration 82 of 100: loss=49.6111907959 object_loss=47.7055587769 distance_loss=1.90563154221
Iteration 83 of 100: loss=50.553237915 object_loss=48.6471290588 distance_loss=1.9061075449
Iteration 84 of 100: loss=53.1645050049 object_loss=51.2581939697 distance_loss=1.90631234646
Iteration 85 of 100: loss=52.3269309998 object_loss=50.4206161499 distance_loss=1.90631330013
Iteration 86 of 100: loss=51.930103302 object_loss=50.0237846375 distance_loss=1.90631771088
Iteration 87 of 100: loss=52.5574417114 object_loss=50.6507873535 distance_loss=1.90665280819
Iteration 88 of 100: loss=53.4272613525 object_loss=51.5203857422 distance_loss=1.90687572956
Iteration 89 of 100: loss=53.3882789612 object_loss=51.4811096191 distance_loss=1.9071700573
Iteration 90 of 100: loss=53.5601959229 object_loss=51.6527061462 distance_loss=1.90748882294
Iteration 91 of 100: loss=53.2622261047 object_loss=51.3545265198 distance_loss=1.9077000618
Iteration 92 of 100: loss=53.4219894409 object_loss=51.5146026611 distance_loss=1.90738582611
Iteration 93 of 100: loss=52.4281692505 object_loss=50.5203399658 distance_loss=1.9078296423
Iteration 94 of 100: loss=53.2883834839 object_loss=51.3796730042 distance_loss=1.90871036053
Iteration 95 of 100: loss=52.7758674622 object_loss=50.8663482666 distance_loss=1.90951836109
Iteration 96 of 100: loss=53.0635757446 object_loss=51.1535415649 distance_loss=1.91003453732
Iteration 97 of 100: loss=51.9309577942 object_loss=50.0202293396 distance_loss=1.91072940826
Iteration 98 of 100: loss=52.9093284607 object_loss=50.9981193542 distance_loss=1.91121065617
Iteration 99 of 100: loss=52.4382972717 object_loss=50.5264129639 distance_loss=1.91188371181
Iteration 0 of 100: loss=53.3921661377 object_loss=51.4796791077 distance_loss=1.91248643398
Iteration 1 of 100: loss=52.4300994873 object_loss=50.5171470642 distance_loss=1.91295289993
Iteration 2 of 100: loss=51.6736450195 object_loss=49.759929657 distance_loss=1.91371464729
Iteration 3 of 100: loss=53.0979804993 object_loss=51.183757782 distance_loss=1.91422331333
Iteration 4 of 100: loss=52.950252533 object_loss=51.0359077454 distance_loss=1.91434299946
Iteration 5 of 100: loss=53.2972068787 object_loss=51.38256073 distance_loss=1.91464447975
Iteration 6 of 100: loss=53.4857406616 object_loss=51.5706481934 distance_loss=1.91509342194
Iteration 7 of 100: loss=52.7882843018 object_loss=50.873046875 distance_loss=1.91523659229
Iteration 8 of 100: loss=52.9342079163 object_loss=51.0185928345 distance_loss=1.91561341286
Iteration 9 of 100: loss=53.2534179688 object_loss=51.3373718262 distance_loss=1.91604793072
Iteration 10 of 100: loss=52.85496521 object_loss=50.9387550354 distance_loss=1.91620898247
Iteration 11 of 100: loss=53.3219108582 object_loss=51.4055023193 distance_loss=1.91640734673
Iteration 12 of 100: loss=52.8862342834 object_loss=50.9700393677 distance_loss=1.91619646549
Iteration 13 of 100: loss=53.1037635803 object_loss=51.1871757507 distance_loss=1.91658949852
Iteration 14 of 100: loss=52.9377250671 object_loss=51.0210838318 distance_loss=1.91664063931
Iteration 15 of 100: loss=53.0968666077 object_loss=51.1803512573 distance_loss=1.91651630402
Iteration 16 of 100: loss=52.5243492126 object_loss=50.6081542969 distance_loss=1.91619515419
Iteration 17 of 100: loss=52.3319244385 object_loss=50.4155769348 distance_loss=1.9163492918
Iteration 18 of 100: loss=52.2247314453 object_loss=50.3086013794 distance_loss=1.91613066196
Iteration 19 of 100: loss=52.1195602417 object_loss=50.2034835815 distance_loss=1.91607761383
Iteration 20 of 100: loss=52.5347747803 object_loss=50.6186180115 distance_loss=1.9161580801
Iteration 21 of 100: loss=52.8229103088 object_loss=50.9069862366 distance_loss=1.9159257412
Iteration 22 of 100: loss=52.3740501404 object_loss=50.4582710266 distance_loss=1.9157782793
Iteration 23 of 100: loss=52.9057846069 object_loss=50.9900245667 distance_loss=1.91575884819
Iteration 24 of 100: loss=51.5264472961 object_loss=49.6107444763 distance_loss=1.91570293903
Iteration 25 of 100: loss=51.3804931641 object_loss=49.4647216797 distance_loss=1.91577243805
Iteration 26 of 100: loss=51.3804473877 object_loss=49.4646911621 distance_loss=1.91575527191
Iteration 27 of 100: loss=52.4636688232 object_loss=50.5479545593 distance_loss=1.91571545601
Iteration 28 of 100: loss=52.3413543701 object_loss=50.4258651733 distance_loss=1.91548907757
Iteration 29 of 100: loss=52.3487548828 object_loss=50.433303833 distance_loss=1.91545045376
Iteration 30 of 100: loss=51.539730072 object_loss=49.6242523193 distance_loss=1.91547870636
Iteration 31 of 100: loss=51.2396888733 object_loss=49.3244094849 distance_loss=1.91527760029
Iteration 32 of 100: loss=51.6550598145 object_loss=49.7401924133 distance_loss=1.91486799717
Iteration 33 of 100: loss=51.6045837402 object_loss=49.689781189 distance_loss=1.91480207443
Iteration 34 of 100: loss=51.8128585815 object_loss=49.8981170654 distance_loss=1.91473960876
Iteration 35 of 100: loss=51.9745864868 object_loss=50.0598907471 distance_loss=1.91469621658
Iteration 36 of 100: loss=51.3532447815 object_loss=49.4391021729 distance_loss=1.9141408205
Iteration 37 of 100: loss=51.4117584229 object_loss=49.4980659485 distance_loss=1.91369175911
Iteration 38 of 100: loss=52.0726623535 object_loss=50.1592102051 distance_loss=1.9134503603
Iteration 39 of 100: loss=51.8486022949 object_loss=49.9351501465 distance_loss=1.9134516716
Iteration 40 of 100: loss=51.9138526917 object_loss=50.0007667542 distance_loss=1.91308486462
Iteration 41 of 100: loss=52.8172111511 object_loss=50.9042701721 distance_loss=1.91294085979
Iteration 42 of 100: loss=53.3641967773 object_loss=51.4511451721 distance_loss=1.91305148602
Iteration 43 of 100: loss=53.3594207764 object_loss=51.4462738037 distance_loss=1.9131462574
Iteration 44 of 100: loss=53.4477882385 object_loss=51.5346450806 distance_loss=1.91314458847
Iteration 45 of 100: loss=53.6773262024 object_loss=51.7641716003 distance_loss=1.91315627098
Iteration 46 of 100: loss=53.7234077454 object_loss=51.8103179932 distance_loss=1.9130910635
Iteration 47 of 100: loss=52.7868156433 object_loss=50.8737869263 distance_loss=1.91302847862
Iteration 48 of 100: loss=52.4906387329 object_loss=50.5775909424 distance_loss=1.91304683685
Iteration 49 of 100: loss=52.7201652527 object_loss=50.806968689 distance_loss=1.9131976366
Iteration 50 of 100: loss=52.931804657 object_loss=51.0183868408 distance_loss=1.91341674328
Iteration 51 of 100: loss=53.0518913269 object_loss=51.1382408142 distance_loss=1.91364872456
Iteration 52 of 100: loss=53.664188385 object_loss=51.7510375977 distance_loss=1.91315031052
Iteration 53 of 100: loss=54.1921577454 object_loss=52.2787895203 distance_loss=1.91336894035
Iteration 54 of 100: loss=52.6094055176 object_loss=50.6958808899 distance_loss=1.91352307796
Iteration 55 of 100: loss=53.074886322 object_loss=51.1612815857 distance_loss=1.91360652447
Iteration 56 of 100: loss=53.0285224915 object_loss=51.1150588989 distance_loss=1.91346240044
Iteration 57 of 100: loss=53.0947341919 object_loss=51.1813430786 distance_loss=1.91338920593
Iteration 58 of 100: loss=53.4009857178 object_loss=51.4877243042 distance_loss=1.91326260567
Iteration 59 of 100: loss=52.1710853577 object_loss=50.2576751709 distance_loss=1.91341030598
Iteration 60 of 100: loss=52.8966178894 object_loss=50.9830322266 distance_loss=1.91358447075
Iteration 61 of 100: loss=52.9245300293 object_loss=51.0111503601 distance_loss=1.91337954998
Iteration 62 of 100: loss=51.2278671265 object_loss=49.3143081665 distance_loss=1.91355776787
Iteration 63 of 100: loss=51.2894973755 object_loss=49.3755493164 distance_loss=1.91394925117
Iteration 64 of 100: loss=52.2120552063 object_loss=50.2980155945 distance_loss=1.91404128075
Iteration 65 of 100: loss=51.8284492493 object_loss=49.9143714905 distance_loss=1.91407907009
Iteration 66 of 100: loss=52.8113899231 object_loss=50.8972854614 distance_loss=1.91410434246
Iteration 67 of 100: loss=51.4197540283 object_loss=49.505607605 distance_loss=1.91414582729
Iteration 68 of 100: loss=53.3127288818 object_loss=51.3984909058 distance_loss=1.91423630714
Iteration 69 of 100: loss=53.0828018188 object_loss=51.1682739258 distance_loss=1.91452801228
Iteration 70 of 100: loss=53.7954063416 object_loss=51.8809623718 distance_loss=1.91444301605
Iteration 71 of 100: loss=54.1280975342 object_loss=52.2133026123 distance_loss=1.91479563713
Iteration 72 of 100: loss=55.0552864075 object_loss=53.1406860352 distance_loss=1.91460132599
Iteration 73 of 100: loss=53.1313934326 object_loss=51.2164840698 distance_loss=1.91491055489
Iteration 74 of 100: loss=52.9951934814 object_loss=51.0799407959 distance_loss=1.91525173187
Iteration 75 of 100: loss=52.6992759705 object_loss=50.7839736938 distance_loss=1.91530334949
Iteration 76 of 100: loss=49.6653709412 object_loss=47.750164032 distance_loss=1.9152058363
Iteration 77 of 100: loss=50.6335144043 object_loss=48.717830658 distance_loss=1.91568315029
Iteration 78 of 100: loss=52.4107322693 object_loss=50.4946975708 distance_loss=1.91603291035
Iteration 79 of 100: loss=48.6717987061 object_loss=46.7555770874 distance_loss=1.91622018814
Iteration 80 of 100: loss=49.7409439087 object_loss=47.8243522644 distance_loss=1.91659295559
Iteration 81 of 100: loss=48.3107147217 object_loss=46.3938941956 distance_loss=1.91682004929
Iteration 82 of 100: loss=50.6662826538 object_loss=48.7494544983 distance_loss=1.91682744026
Iteration 83 of 100: loss=50.2501373291 object_loss=48.333114624 distance_loss=1.91702353954
Iteration 84 of 100: loss=49.5611457825 object_loss=47.6439437866 distance_loss=1.91720354557
Iteration 85 of 100: loss=49.7652206421 object_loss=47.8480224609 distance_loss=1.91719698906
Iteration 86 of 100: loss=49.3679199219 object_loss=47.4505081177 distance_loss=1.91741359234
Iteration 87 of 100: loss=48.9689331055 object_loss=47.0514373779 distance_loss=1.91749763489
Iteration 88 of 100: loss=48.8718948364 object_loss=46.9545516968 distance_loss=1.91734445095
Iteration 89 of 100: loss=50.649887085 object_loss=48.7321777344 distance_loss=1.91770887375
Iteration 90 of 100: loss=50.6097640991 object_loss=48.6918182373 distance_loss=1.91794729233
Iteration 91 of 100: loss=50.6564407349 object_loss=48.7382621765 distance_loss=1.9181779623
Iteration 92 of 100: loss=52.9023246765 object_loss=50.9841461182 distance_loss=1.91817927361
Iteration 93 of 100: loss=51.3783569336 object_loss=49.4599266052 distance_loss=1.91843080521
Iteration 94 of 100: loss=50.9706268311 object_loss=49.0521697998 distance_loss=1.9184551239
Iteration 95 of 100: loss=50.9840011597 object_loss=49.0654182434 distance_loss=1.91858482361
Iteration 96 of 100: loss=51.2347755432 object_loss=49.3163223267 distance_loss=1.91845500469
Iteration 97 of 100: loss=51.4308204651 object_loss=49.5122528076 distance_loss=1.91856908798
Iteration 98 of 100: loss=51.5046386719 object_loss=49.5859375 distance_loss=1.91870105267
Iteration 99 of 100: loss=51.5189781189 object_loss=49.6001548767 distance_loss=1.91882205009
Iteration 0 of 100: loss=49.6702919006 object_loss=47.7515411377 distance_loss=1.91875171661
Iteration 1 of 100: loss=48.7247924805 object_loss=46.8059577942 distance_loss=1.91883540154
Iteration 2 of 100: loss=48.5706596375 object_loss=46.6519851685 distance_loss=1.91867625713
Iteration 3 of 100: loss=49.4026832581 object_loss=47.48387146 distance_loss=1.9188117981
Iteration 4 of 100: loss=49.8687667847 object_loss=47.9495506287 distance_loss=1.91921472549
Iteration 5 of 100: loss=50.1240501404 object_loss=48.2044868469 distance_loss=1.91956341267
Iteration 6 of 100: loss=47.5255279541 object_loss=45.6055641174 distance_loss=1.91996431351
Iteration 7 of 100: loss=49.3383331299 object_loss=47.4179992676 distance_loss=1.92033553123
Iteration 8 of 100: loss=49.7747650146 object_loss=47.8541564941 distance_loss=1.92060661316
Iteration 9 of 100: loss=49.8255615234 object_loss=47.9044952393 distance_loss=1.92106437683
Iteration 10 of 100: loss=49.2362556458 object_loss=47.3145217896 distance_loss=1.92173326015
Iteration 11 of 100: loss=48.7354125977 object_loss=46.8132133484 distance_loss=1.92220032215
Iteration 12 of 100: loss=48.7553672791 object_loss=46.8332214355 distance_loss=1.92214763165
Iteration 13 of 100: loss=49.4333686829 object_loss=47.5108985901 distance_loss=1.92247140408
Iteration 14 of 100: loss=49.5844039917 object_loss=47.6615638733 distance_loss=1.92283928394
Iteration 15 of 100: loss=49.1341209412 object_loss=47.2110824585 distance_loss=1.92303955555
Iteration 16 of 100: loss=48.4765586853 object_loss=46.5534362793 distance_loss=1.92312252522
Iteration 17 of 100: loss=49.142829895 object_loss=47.2197761536 distance_loss=1.92305445671
Iteration 18 of 100: loss=48.7852897644 object_loss=46.8621063232 distance_loss=1.92318189144
Iteration 19 of 100: loss=50.2300605774 object_loss=48.3067359924 distance_loss=1.92332339287
Iteration 20 of 100: loss=49.6988639832 object_loss=47.7755737305 distance_loss=1.92329204082
Iteration 21 of 100: loss=49.4557647705 object_loss=47.532497406 distance_loss=1.9232660532
Iteration 22 of 100: loss=49.3409461975 object_loss=47.4175987244 distance_loss=1.92334926128
Iteration 23 of 100: loss=48.8074760437 object_loss=46.8837890625 distance_loss=1.92368876934
Iteration 24 of 100: loss=49.2709236145 object_loss=47.34740448 distance_loss=1.92351853848
Iteration 25 of 100: loss=49.2709960938 object_loss=47.3473854065 distance_loss=1.92361164093
Iteration 26 of 100: loss=49.4703445435 object_loss=47.5467262268 distance_loss=1.92361927032
Iteration 27 of 100: loss=49.5475120544 object_loss=47.6239128113 distance_loss=1.92359948158
Iteration 28 of 100: loss=49.1030769348 object_loss=47.1794624329 distance_loss=1.92361414433
Iteration 29 of 100: loss=48.9040260315 object_loss=46.9801330566 distance_loss=1.92389309406
Iteration 30 of 100: loss=49.337348938 object_loss=47.4133987427 distance_loss=1.92394959927
Iteration 31 of 100: loss=48.8133621216 object_loss=46.8893432617 distance_loss=1.92401790619
Iteration 32 of 100: loss=48.9385299683 object_loss=47.0146713257 distance_loss=1.92385756969
Iteration 33 of 100: loss=48.8185997009 object_loss=46.894443512 distance_loss=1.92415475845
Iteration 34 of 100: loss=48.8418540955 object_loss=46.9174842834 distance_loss=1.92436873913
Iteration 35 of 100: loss=49.0781593323 object_loss=47.1536865234 distance_loss=1.92447268963
Iteration 36 of 100: loss=46.7774505615 object_loss=44.8532791138 distance_loss=1.92417013645
Iteration 37 of 100: loss=46.8479919434 object_loss=44.9235992432 distance_loss=1.92439293861
Iteration 38 of 100: loss=47.278263092 object_loss=45.3536567688 distance_loss=1.9246070385
Iteration 39 of 100: loss=45.6790809631 object_loss=43.7541122437 distance_loss=1.92496752739
Iteration 40 of 100: loss=44.7950439453 object_loss=42.8698196411 distance_loss=1.92522251606
Iteration 41 of 100: loss=44.6567420959 object_loss=42.7314300537 distance_loss=1.92531228065
Iteration 42 of 100: loss=44.2657356262 object_loss=42.3403625488 distance_loss=1.92537462711
Iteration 43 of 100: loss=43.7243728638 object_loss=41.7986755371 distance_loss=1.92569637299
Iteration 44 of 100: loss=43.7632293701 object_loss=41.8373222351 distance_loss=1.92590665817
Iteration 45 of 100: loss=42.3221664429 object_loss=40.3960647583 distance_loss=1.92610263824
Iteration 46 of 100: loss=42.3064079285 object_loss=40.380027771 distance_loss=1.92638123035
Iteration 47 of 100: loss=42.7258758545 object_loss=40.7995033264 distance_loss=1.92637097836
Iteration 48 of 100: loss=45.6287536621 object_loss=43.7024993896 distance_loss=1.92625272274
Iteration 49 of 100: loss=45.7667694092 object_loss=43.8403282166 distance_loss=1.92644262314
Iteration 50 of 100: loss=45.7622756958 object_loss=43.8353767395 distance_loss=1.92689704895
Iteration 51 of 100: loss=45.1976089478 object_loss=43.2706375122 distance_loss=1.92697131634
Iteration 52 of 100: loss=45.6434936523 object_loss=43.716468811 distance_loss=1.92702412605
Iteration 53 of 100: loss=47.1542053223 object_loss=45.2265853882 distance_loss=1.92761802673
Iteration 54 of 100: loss=46.431224823 object_loss=44.5033874512 distance_loss=1.92783582211
Iteration 55 of 100: loss=46.1843032837 object_loss=44.2563056946 distance_loss=1.92799735069
Iteration 56 of 100: loss=45.9002113342 object_loss=43.9722480774 distance_loss=1.92796254158
Iteration 57 of 100: loss=45.8819656372 object_loss=43.953994751 distance_loss=1.92797207832
Iteration 58 of 100: loss=46.4016914368 object_loss=44.4736785889 distance_loss=1.92801463604
Iteration 59 of 100: loss=47.1210174561 object_loss=45.1928787231 distance_loss=1.92813825607
Iteration 60 of 100: loss=47.3810691833 object_loss=45.4530830383 distance_loss=1.92798757553
Iteration 61 of 100: loss=47.3513679504 object_loss=45.4233627319 distance_loss=1.92800700665
Iteration 62 of 100: loss=47.2096672058 object_loss=45.2815818787 distance_loss=1.92808580399
Iteration 63 of 100: loss=47.3495178223 object_loss=45.4212608337 distance_loss=1.92825865746
Iteration 64 of 100: loss=45.8859558105 object_loss=43.9575653076 distance_loss=1.92839074135
Iteration 65 of 100: loss=45.438583374 object_loss=43.5102462769 distance_loss=1.92833685875
Iteration 66 of 100: loss=44.9980773926 object_loss=43.0702018738 distance_loss=1.92787361145
Iteration 67 of 100: loss=44.8408432007 object_loss=42.9130401611 distance_loss=1.92780423164
Iteration 68 of 100: loss=45.5819244385 object_loss=43.654209137 distance_loss=1.92771565914
Iteration 69 of 100: loss=45.7104301453 object_loss=43.7830047607 distance_loss=1.92742621899
Iteration 70 of 100: loss=46.6227989197 object_loss=44.6956062317 distance_loss=1.9271928072
Iteration 71 of 100: loss=46.2626991272 object_loss=44.3357772827 distance_loss=1.92692029476
Iteration 72 of 100: loss=45.9309501648 object_loss=44.0047492981 distance_loss=1.92619991302
Iteration 73 of 100: loss=46.8506851196 object_loss=44.9246139526 distance_loss=1.92607283592
Iteration 74 of 100: loss=46.4412193298 object_loss=44.5152511597 distance_loss=1.92596793175
Iteration 75 of 100: loss=46.2381439209 object_loss=44.3122711182 distance_loss=1.92587268353
Iteration 76 of 100: loss=44.5199890137 object_loss=42.594493866 distance_loss=1.92549479008
Iteration 77 of 100: loss=45.528087616 object_loss=43.6027908325 distance_loss=1.9252961874
Iteration 78 of 100: loss=47.4893112183 object_loss=45.5640716553 distance_loss=1.92524051666
Iteration 79 of 100: loss=46.1487731934 object_loss=44.2232475281 distance_loss=1.92552614212
Iteration 80 of 100: loss=45.9194450378 object_loss=43.9939880371 distance_loss=1.92545878887
Iteration 81 of 100: loss=46.651927948 object_loss=44.7263679504 distance_loss=1.92556107044
Iteration 82 of 100: loss=46.1442985535 object_loss=44.2184371948 distance_loss=1.92586243153
Iteration 83 of 100: loss=47.0857276917 object_loss=45.1596565247 distance_loss=1.92607271671
Iteration 84 of 100: loss=44.3311767578 object_loss=42.4049224854 distance_loss=1.92625463009
Iteration 85 of 100: loss=43.5329627991 object_loss=41.6061782837 distance_loss=1.92678558826
Iteration 86 of 100: loss=45.0810546875 object_loss=43.1537895203 distance_loss=1.92726409435
Iteration 87 of 100: loss=44.4394035339 object_loss=42.5117988586 distance_loss=1.9276047945
Iteration 88 of 100: loss=46.4283103943 object_loss=44.50050354 distance_loss=1.92780852318
Iteration 89 of 100: loss=47.4743728638 object_loss=45.5461883545 distance_loss=1.92818617821
Iteration 90 of 100: loss=43.7681732178 object_loss=41.8395652771 distance_loss=1.92860710621
Iteration 91 of 100: loss=45.2063865662 object_loss=43.2773742676 distance_loss=1.92901086807
Iteration 92 of 100: loss=46.1430091858 object_loss=44.2139015198 distance_loss=1.92910933495
Iteration 93 of 100: loss=45.959487915 object_loss=44.0298919678 distance_loss=1.92959666252
Iteration 94 of 100: loss=45.7409706116 object_loss=43.8111801147 distance_loss=1.92979204655
Iteration 95 of 100: loss=45.4471740723 object_loss=43.5171661377 distance_loss=1.93000805378
Iteration 96 of 100: loss=45.9744796753 object_loss=44.0444602966 distance_loss=1.93001830578
Iteration 97 of 100: loss=46.1080436707 object_loss=44.1778945923 distance_loss=1.93015038967
Iteration 98 of 100: loss=45.6059417725 object_loss=43.67578125 distance_loss=1.93016064167
Iteration 99 of 100: loss=46.5189704895 object_loss=44.5884399414 distance_loss=1.93053150177
Iteration 0 of 100: loss=45.6003723145 object_loss=43.6694717407 distance_loss=1.9308989048
Iteration 1 of 100: loss=46.2830238342 object_loss=44.3518867493 distance_loss=1.93113720417
Iteration 2 of 100: loss=44.4128456116 object_loss=42.4814529419 distance_loss=1.93139302731
Iteration 3 of 100: loss=46.5006370544 object_loss=44.5690193176 distance_loss=1.9316188097
Iteration 4 of 100: loss=46.6567230225 object_loss=44.7248306274 distance_loss=1.93189287186
Iteration 5 of 100: loss=45.7834625244 object_loss=43.8515090942 distance_loss=1.93195199966
Iteration 6 of 100: loss=40.9911193848 object_loss=39.0587120056 distance_loss=1.93240702152
Iteration 7 of 100: loss=44.8573951721 object_loss=42.9245796204 distance_loss=1.93281722069
Iteration 8 of 100: loss=34.6441726685 object_loss=32.7114105225 distance_loss=1.93276226521
Iteration 9 of 100: loss=32.6396179199 object_loss=30.706281662 distance_loss=1.93333768845
Iteration 10 of 100: loss=32.3904571533 object_loss=30.4565849304 distance_loss=1.93387174606
Iteration 11 of 100: loss=33.4882392883 object_loss=31.5540008545 distance_loss=1.93423819542
Iteration 12 of 100: loss=32.0643005371 object_loss=30.1300621033 distance_loss=1.93424010277
Iteration 13 of 100: loss=33.4716758728 object_loss=31.5368289948 distance_loss=1.93484687805
Iteration 14 of 100: loss=33.2939949036 object_loss=31.3588409424 distance_loss=1.93515431881
Iteration 15 of 100: loss=32.5661697388 object_loss=30.6307525635 distance_loss=1.93541836739
Iteration 16 of 100: loss=32.3987922668 object_loss=30.4634456635 distance_loss=1.93534719944
Iteration 17 of 100: loss=45.7768211365 object_loss=43.8413543701 distance_loss=1.9354660511
Iteration 18 of 100: loss=46.9692764282 object_loss=45.0333213806 distance_loss=1.93595480919
Iteration 19 of 100: loss=46.9400558472 object_loss=45.0037689209 distance_loss=1.93628835678
Iteration 20 of 100: loss=47.2992210388 object_loss=45.3631095886 distance_loss=1.93611240387
Iteration 21 of 100: loss=46.2089424133 object_loss=44.2727279663 distance_loss=1.93621361256
Iteration 22 of 100: loss=46.0106239319 object_loss=44.0743598938 distance_loss=1.93626224995
Iteration 23 of 100: loss=47.225479126 object_loss=45.2891960144 distance_loss=1.93628370762
Iteration 24 of 100: loss=46.3600654602 object_loss=44.4236450195 distance_loss=1.93642091751
Iteration 25 of 100: loss=47.1553840637 object_loss=45.218914032 distance_loss=1.93646991253
Iteration 26 of 100: loss=46.5458183289 object_loss=44.6092338562 distance_loss=1.9365862608
Iteration 27 of 100: loss=46.8137207031 object_loss=44.8769302368 distance_loss=1.93679082394
Iteration 28 of 100: loss=46.7549285889 object_loss=44.8181190491 distance_loss=1.93680870533
Iteration 29 of 100: loss=46.2243385315 object_loss=44.2875175476 distance_loss=1.9368211031
Iteration 30 of 100: loss=46.8029937744 object_loss=44.8659133911 distance_loss=1.93708145618
Iteration 31 of 100: loss=46.3883171082 object_loss=44.4509963989 distance_loss=1.9373190403
Iteration 32 of 100: loss=46.5277900696 object_loss=44.5907669067 distance_loss=1.93702483177
Iteration 33 of 100: loss=45.4305992126 object_loss=43.4931488037 distance_loss=1.93744957447
Iteration 34 of 100: loss=45.1544532776 object_loss=43.2168807983 distance_loss=1.93757367134
Iteration 35 of 100: loss=44.2036209106 object_loss=42.2659301758 distance_loss=1.93769180775
Iteration 36 of 100: loss=42.8339080811 object_loss=40.8961982727 distance_loss=1.93771052361
Iteration 37 of 100: loss=44.1694908142 object_loss=42.2318344116 distance_loss=1.9376578331
Iteration 38 of 100: loss=44.1179885864 object_loss=42.1804962158 distance_loss=1.93749344349
Iteration 39 of 100: loss=43.7267456055 object_loss=41.7891044617 distance_loss=1.93764042854
Iteration 40 of 100: loss=44.5702514648 object_loss=42.6325416565 distance_loss=1.93771088123
Iteration 41 of 100: loss=44.7606925964 object_loss=42.8230476379 distance_loss=1.93764340878
Iteration 42 of 100: loss=44.5797462463 object_loss=42.6419448853 distance_loss=1.93780195713
Iteration 43 of 100: loss=45.0119171143 object_loss=43.0739479065 distance_loss=1.93797004223
Iteration 44 of 100: loss=45.0795822144 object_loss=43.1415176392 distance_loss=1.93806433678
Iteration 45 of 100: loss=45.0675697327 object_loss=43.1292800903 distance_loss=1.93829059601
Iteration 46 of 100: loss=44.4211273193 object_loss=42.482673645 distance_loss=1.93845510483
Iteration 47 of 100: loss=44.769153595 object_loss=42.8305168152 distance_loss=1.9386370182
Iteration 48 of 100: loss=44.9889450073 object_loss=43.0502738953 distance_loss=1.93867242336
Iteration 49 of 100: loss=44.6147041321 object_loss=42.6758766174 distance_loss=1.93882858753
Iteration 50 of 100: loss=44.6678733826 object_loss=42.7290153503 distance_loss=1.93885695934
Iteration 51 of 100: loss=42.7905464172 object_loss=40.8514671326 distance_loss=1.93907880783
Iteration 52 of 100: loss=42.8261299133 object_loss=40.8872184753 distance_loss=1.93891298771
Iteration 53 of 100: loss=43.9449234009 object_loss=42.0058937073 distance_loss=1.93902885914
Iteration 54 of 100: loss=41.3087730408 object_loss=39.3695411682 distance_loss=1.93923044205
Iteration 55 of 100: loss=41.023525238 object_loss=39.0843353271 distance_loss=1.93919110298
Iteration 56 of 100: loss=40.9019393921 object_loss=38.9632110596 distance_loss=1.93873012066
Iteration 57 of 100: loss=40.2658042908 object_loss=38.3272247314 distance_loss=1.93858134747
Iteration 58 of 100: loss=40.9335098267 object_loss=38.9948692322 distance_loss=1.93864238262
Iteration 59 of 100: loss=41.6887054443 object_loss=39.7500762939 distance_loss=1.93863070011
Iteration 60 of 100: loss=45.7014732361 object_loss=43.7630615234 distance_loss=1.93841207027
Iteration 61 of 100: loss=43.0706100464 object_loss=41.1325378418 distance_loss=1.93807280064
Iteration 62 of 100: loss=43.6144638062 object_loss=41.6766624451 distance_loss=1.93779993057
Iteration 63 of 100: loss=42.3507499695 object_loss=40.4130172729 distance_loss=1.93773317337
Iteration 64 of 100: loss=42.8376045227 object_loss=40.9001312256 distance_loss=1.93747186661
Iteration 65 of 100: loss=42.0041885376 object_loss=40.0667762756 distance_loss=1.93741309643
Iteration 66 of 100: loss=42.0002670288 object_loss=40.0629882812 distance_loss=1.93727946281
Iteration 67 of 100: loss=42.0691642761 object_loss=40.1318435669 distance_loss=1.93732142448
Iteration 68 of 100: loss=42.1618309021 object_loss=40.2247848511 distance_loss=1.93704724312
Iteration 69 of 100: loss=42.3432197571 object_loss=40.405960083 distance_loss=1.93726027012
Iteration 70 of 100: loss=41.9120483398 object_loss=39.9747581482 distance_loss=1.93728899956
Iteration 71 of 100: loss=41.4455566406 object_loss=39.508518219 distance_loss=1.93703663349
Iteration 72 of 100: loss=41.185344696 object_loss=39.2488136292 distance_loss=1.93653190136
Iteration 73 of 100: loss=41.0964012146 object_loss=39.1597442627 distance_loss=1.936658144
Iteration 74 of 100: loss=41.1928100586 object_loss=39.2562446594 distance_loss=1.93656373024
Iteration 75 of 100: loss=42.1547660828 object_loss=40.2183113098 distance_loss=1.93645441532
Iteration 76 of 100: loss=39.856967926 object_loss=37.9205284119 distance_loss=1.93644022942
Iteration 77 of 100: loss=38.5668067932 object_loss=36.6301345825 distance_loss=1.93667387962
Iteration 78 of 100: loss=38.9733276367 object_loss=37.0366973877 distance_loss=1.93662846088
Iteration 79 of 100: loss=42.3280982971 object_loss=40.391494751 distance_loss=1.93660235405
Iteration 80 of 100: loss=41.0409240723 object_loss=39.1045417786 distance_loss=1.93638217449
Iteration 81 of 100: loss=39.8542518616 object_loss=37.9180412292 distance_loss=1.93620932102
Iteration 82 of 100: loss=41.138961792 object_loss=39.2028503418 distance_loss=1.93611097336
Iteration 83 of 100: loss=40.7873840332 object_loss=38.8516197205 distance_loss=1.93576538563
Iteration 84 of 100: loss=41.7031517029 object_loss=39.767791748 distance_loss=1.93535959721
Iteration 85 of 100: loss=39.6587371826 object_loss=37.7236862183 distance_loss=1.93505012989
Iteration 86 of 100: loss=41.0084648132 object_loss=39.073802948 distance_loss=1.93466031551
Iteration 87 of 100: loss=41.8049163818 object_loss=39.8706054688 distance_loss=1.93430995941
Iteration 88 of 100: loss=41.0058097839 object_loss=39.0720291138 distance_loss=1.93377959728
Iteration 89 of 100: loss=40.538646698 object_loss=38.6051025391 distance_loss=1.93354415894
Iteration 90 of 100: loss=39.1096382141 object_loss=37.1760101318 distance_loss=1.93362820148
Iteration 91 of 100: loss=41.8603057861 object_loss=39.9263839722 distance_loss=1.93392014503
Iteration 92 of 100: loss=41.5429763794 object_loss=39.6098022461 distance_loss=1.93317377567
Iteration 93 of 100: loss=41.7924003601 object_loss=39.8592300415 distance_loss=1.93316984177
Iteration 94 of 100: loss=41.4369010925 object_loss=39.5031051636 distance_loss=1.93379461765
Iteration 95 of 100: loss=43.5888824463 object_loss=41.6546630859 distance_loss=1.93422007561
Iteration 96 of 100: loss=42.9217262268 object_loss=40.9872322083 distance_loss=1.9344946146
Iteration 97 of 100: loss=42.8450279236 object_loss=40.9101104736 distance_loss=1.9349167347
Iteration 98 of 100: loss=43.073387146 object_loss=41.1382904053 distance_loss=1.93509507179
Iteration 99 of 100: loss=43.2305831909 object_loss=41.2951278687 distance_loss=1.93545472622
Iteration 0 of 100: loss=24.9967269897 object_loss=23.0607242584 distance_loss=1.93600308895
Iteration 1 of 100: loss=23.5974521637 object_loss=21.6611995697 distance_loss=1.93625307083
Iteration 2 of 100: loss=30.4538345337 object_loss=28.5175895691 distance_loss=1.93624567986
Iteration 3 of 100: loss=30.4733352661 object_loss=28.5369644165 distance_loss=1.93637037277
Iteration 4 of 100: loss=32.1075820923 object_loss=30.1714935303 distance_loss=1.93609046936
Iteration 5 of 100: loss=32.8399810791 object_loss=30.9036960602 distance_loss=1.93628406525
Iteration 6 of 100: loss=26.7924499512 object_loss=24.85597229 distance_loss=1.93647813797
Iteration 7 of 100: loss=27.6498756409 object_loss=25.7132167816 distance_loss=1.93665921688
Iteration 8 of 100: loss=22.0945644379 object_loss=20.1575984955 distance_loss=1.93696510792
Iteration 9 of 100: loss=25.3675613403 object_loss=23.4302062988 distance_loss=1.9373550415
Iteration 10 of 100: loss=25.4881706238 object_loss=23.5505905151 distance_loss=1.93758022785
Iteration 11 of 100: loss=24.4071292877 object_loss=22.4692077637 distance_loss=1.93792080879
Iteration 12 of 100: loss=41.2173652649 object_loss=39.2795257568 distance_loss=1.93784105778
Iteration 13 of 100: loss=39.3268623352 object_loss=37.3888473511 distance_loss=1.93801522255
Iteration 14 of 100: loss=26.767660141 object_loss=24.8293914795 distance_loss=1.93826854229
Iteration 15 of 100: loss=44.0230522156 object_loss=42.0850372314 distance_loss=1.93801522255
Iteration 16 of 100: loss=43.2600631714 object_loss=41.3226394653 distance_loss=1.93742418289
Iteration 17 of 100: loss=38.0438766479 object_loss=36.1065216064 distance_loss=1.93735694885
Iteration 18 of 100: loss=38.9630241394 object_loss=37.025680542 distance_loss=1.93734335899
Iteration 19 of 100: loss=38.0894927979 object_loss=36.1521110535 distance_loss=1.93738222122
Iteration 20 of 100: loss=37.1177635193 object_loss=35.1800842285 distance_loss=1.93767952919
Iteration 21 of 100: loss=39.5422859192 object_loss=37.6042366028 distance_loss=1.93805027008
Iteration 22 of 100: loss=39.4072914124 object_loss=37.4691009521 distance_loss=1.93818891048
Iteration 23 of 100: loss=40.8224067688 object_loss=38.8836631775 distance_loss=1.93874311447
Iteration 24 of 100: loss=39.3196907043 object_loss=37.3807258606 distance_loss=1.93896532059
Iteration 25 of 100: loss=38.0178833008 object_loss=36.0785522461 distance_loss=1.93932962418
Iteration 26 of 100: loss=41.7641296387 object_loss=39.824420929 distance_loss=1.93970799446
Iteration 27 of 100: loss=42.7066268921 object_loss=40.7668609619 distance_loss=1.9397649765
Iteration 28 of 100: loss=41.7827529907 object_loss=39.8428916931 distance_loss=1.93986320496
Iteration 29 of 100: loss=42.3651924133 object_loss=40.4247894287 distance_loss=1.94040393829
Iteration 30 of 100: loss=43.8870277405 object_loss=41.9461288452 distance_loss=1.94089770317
Iteration 31 of 100: loss=43.5328559875 object_loss=41.5915298462 distance_loss=1.9413254261
Iteration 32 of 100: loss=43.5081253052 object_loss=41.5668106079 distance_loss=1.94131577015
Iteration 33 of 100: loss=47.1130218506 object_loss=45.1712837219 distance_loss=1.9417372942
Iteration 34 of 100: loss=47.0488357544 object_loss=45.1067619324 distance_loss=1.94207465649
Iteration 35 of 100: loss=44.538734436 object_loss=42.5962142944 distance_loss=1.94251990318
Iteration 36 of 100: loss=44.4273414612 object_loss=42.4847221375 distance_loss=1.94261753559
Iteration 37 of 100: loss=46.8935699463 object_loss=44.9508056641 distance_loss=1.94276309013
Iteration 38 of 100: loss=46.3929710388 object_loss=44.4498176575 distance_loss=1.94315505028
Iteration 39 of 100: loss=46.4558181763 object_loss=44.5123291016 distance_loss=1.94348978996
Iteration 40 of 100: loss=45.1436653137 object_loss=43.2002563477 distance_loss=1.94340908527
Iteration 41 of 100: loss=42.5933074951 object_loss=40.6499290466 distance_loss=1.94337832928
Iteration 42 of 100: loss=44.5218238831 object_loss=42.5782470703 distance_loss=1.94357824326
Iteration 43 of 100: loss=45.2828674316 object_loss=43.3390350342 distance_loss=1.94383120537
Iteration 44 of 100: loss=31.8957977295 object_loss=29.9518508911 distance_loss=1.94394671917
Iteration 45 of 100: loss=31.291059494 object_loss=29.3470363617 distance_loss=1.94402348995
Iteration 46 of 100: loss=32.888999939 object_loss=30.9447250366 distance_loss=1.94427394867
Iteration 47 of 100: loss=33.8503570557 object_loss=31.9057292938 distance_loss=1.94462621212
Iteration 48 of 100: loss=34.0513038635 object_loss=32.1066474915 distance_loss=1.94465529919
Iteration 49 of 100: loss=38.4638214111 object_loss=36.5187835693 distance_loss=1.94503808022
Iteration 50 of 100: loss=34.3426055908 object_loss=32.3970451355 distance_loss=1.94556009769
Iteration 51 of 100: loss=31.4525527954 object_loss=29.506690979 distance_loss=1.94586241245
Iteration 52 of 100: loss=27.5827484131 object_loss=25.6369609833 distance_loss=1.9457873106
Iteration 53 of 100: loss=30.8224315643 object_loss=28.8762588501 distance_loss=1.94617271423
Iteration 54 of 100: loss=31.010799408 object_loss=29.0645046234 distance_loss=1.94629466534
Iteration 55 of 100: loss=26.6654052734 object_loss=24.7190628052 distance_loss=1.94634211063
Iteration 56 of 100: loss=30.0539684296 object_loss=28.1077651978 distance_loss=1.94620287418
Iteration 57 of 100: loss=32.0921058655 object_loss=30.145904541 distance_loss=1.94620025158
Iteration 58 of 100: loss=38.1073188782 object_loss=36.1611061096 distance_loss=1.94621109962
Iteration 59 of 100: loss=36.7120285034 object_loss=34.7657318115 distance_loss=1.9462980032
Iteration 60 of 100: loss=37.0322189331 object_loss=35.0860214233 distance_loss=1.9461991787
Iteration 61 of 100: loss=38.0689964294 object_loss=36.1227989197 distance_loss=1.94619905949
Iteration 62 of 100: loss=35.5279388428 object_loss=33.5816230774 distance_loss=1.9463146925
Iteration 63 of 100: loss=37.0509567261 object_loss=35.1044464111 distance_loss=1.94650888443
Iteration 64 of 100: loss=35.4656829834 object_loss=33.519317627 distance_loss=1.9463660717
Iteration 65 of 100: loss=31.2705154419 object_loss=29.3241691589 distance_loss=1.94634628296
Iteration 66 of 100: loss=27.2855148315 object_loss=25.3390750885 distance_loss=1.94643950462
Iteration 67 of 100: loss=27.4176273346 object_loss=25.4711036682 distance_loss=1.94652295113
Iteration 68 of 100: loss=28.1499462128 object_loss=26.2034759521 distance_loss=1.94646990299
Iteration 69 of 100: loss=25.6226196289 object_loss=23.6761398315 distance_loss=1.94647967815
Iteration 70 of 100: loss=27.5734806061 object_loss=25.6268291473 distance_loss=1.94665145874
Iteration 71 of 100: loss=21.2955989838 object_loss=19.3486633301 distance_loss=1.94693601131
Iteration 72 of 100: loss=25.9741535187 object_loss=24.02709198 distance_loss=1.94706225395
Iteration 73 of 100: loss=25.5348434448 object_loss=23.587644577 distance_loss=1.94719862938
Iteration 74 of 100: loss=25.0757465363 object_loss=23.1283912659 distance_loss=1.94735598564
Iteration 75 of 100: loss=26.5915584564 object_loss=24.6439476013 distance_loss=1.94761097431
Iteration 76 of 100: loss=24.4451694489 object_loss=22.4978084564 distance_loss=1.94736135006
Iteration 77 of 100: loss=21.7920303345 object_loss=19.8444519043 distance_loss=1.9475774765
Iteration 78 of 100: loss=21.946931839 object_loss=19.9994277954 distance_loss=1.94750416279
Iteration 79 of 100: loss=23.3908653259 object_loss=21.4434719086 distance_loss=1.94739437103
Iteration 80 of 100: loss=26.7844638824 object_loss=24.8370552063 distance_loss=1.94740951061
Iteration 81 of 100: loss=28.221950531 object_loss=26.274728775 distance_loss=1.94722151756
Iteration 82 of 100: loss=42.9016609192 object_loss=40.9547157288 distance_loss=1.94694519043
Iteration 83 of 100: loss=40.3080749512 object_loss=38.3609886169 distance_loss=1.9470872879
Iteration 84 of 100: loss=41.6392173767 object_loss=39.6916847229 distance_loss=1.94753360748
Iteration 85 of 100: loss=43.856880188 object_loss=41.9090385437 distance_loss=1.9478405714
Iteration 86 of 100: loss=41.696269989 object_loss=39.7479400635 distance_loss=1.94832837582
Iteration 87 of 100: loss=28.2651195526 object_loss=26.3164577484 distance_loss=1.94866228104
Iteration 88 of 100: loss=46.295463562 object_loss=44.3468666077 distance_loss=1.94859552383
Iteration 89 of 100: loss=41.2493057251 object_loss=39.3004570007 distance_loss=1.94884860516
Iteration 90 of 100: loss=40.4806098938 object_loss=38.5314102173 distance_loss=1.94919931889
Iteration 91 of 100: loss=39.9668045044 object_loss=38.0172729492 distance_loss=1.94953322411
Iteration 92 of 100: loss=39.763923645 object_loss=37.81432724 distance_loss=1.94959628582
Iteration 93 of 100: loss=39.2653274536 object_loss=37.3152923584 distance_loss=1.95003426075
Iteration 94 of 100: loss=34.3442687988 object_loss=32.3937149048 distance_loss=1.95055222511
Iteration 95 of 100: loss=37.7308349609 object_loss=35.779838562 distance_loss=1.95099592209
Iteration 96 of 100: loss=38.0232772827 object_loss=36.0722465515 distance_loss=1.95102918148
Iteration 97 of 100: loss=45.2053985596 object_loss=43.2542076111 distance_loss=1.95119214058
Iteration 98 of 100: loss=44.5746917725 object_loss=42.6228294373 distance_loss=1.951862216
Iteration 99 of 100: loss=44.077167511 object_loss=42.1248435974 distance_loss=1.9523255825
Iteration 0 of 100: loss=47.0082588196 object_loss=45.0558128357 distance_loss=1.95244503021
Iteration 1 of 100: loss=33.0837745667 object_loss=31.1309738159 distance_loss=1.95280218124
Iteration 2 of 100: loss=34.742816925 object_loss=32.7894172668 distance_loss=1.95339930058
Iteration 3 of 100: loss=29.8804283142 object_loss=27.9263134003 distance_loss=1.95411550999
Iteration 4 of 100: loss=31.633108139 object_loss=29.6786155701 distance_loss=1.95449209213
Iteration 5 of 100: loss=33.6133728027 object_loss=31.6584815979 distance_loss=1.95489037037
Iteration 6 of 100: loss=33.176486969 object_loss=31.2211837769 distance_loss=1.95530235767
Iteration 7 of 100: loss=30.5618095398 object_loss=28.6061000824 distance_loss=1.95570886135
Iteration 8 of 100: loss=28.2666149139 object_loss=26.3106422424 distance_loss=1.95597338676
Iteration 9 of 100: loss=29.0934181213 object_loss=27.1367740631 distance_loss=1.95664489269
Iteration 10 of 100: loss=28.967124939 object_loss=27.0099372864 distance_loss=1.95718836784
Iteration 11 of 100: loss=32.2028694153 object_loss=30.2453918457 distance_loss=1.95747637749
Iteration 12 of 100: loss=30.2777481079 object_loss=28.3203144073 distance_loss=1.95743298531
Iteration 13 of 100: loss=28.8056144714 object_loss=26.8475418091 distance_loss=1.95807313919
Iteration 14 of 100: loss=28.3561840057 object_loss=26.3977947235 distance_loss=1.95838916302
Iteration 15 of 100: loss=25.5747814178 object_loss=23.6161670685 distance_loss=1.95861494541
Iteration 16 of 100: loss=23.1181278229 object_loss=21.1594161987 distance_loss=1.95871090889
Iteration 17 of 100: loss=25.0359420776 object_loss=23.077129364 distance_loss=1.95881342888
Iteration 18 of 100: loss=23.5145606995 object_loss=21.5558547974 distance_loss=1.95870649815
Iteration 19 of 100: loss=28.3679027557 object_loss=26.4092540741 distance_loss=1.95864808559
Iteration 20 of 100: loss=26.8531303406 object_loss=24.8943862915 distance_loss=1.95874416828
Iteration 21 of 100: loss=27.8209495544 object_loss=25.8624515533 distance_loss=1.95849704742
Iteration 22 of 100: loss=25.1555919647 object_loss=23.1969680786 distance_loss=1.95862364769
Iteration 23 of 100: loss=29.4661922455 object_loss=27.5073509216 distance_loss=1.95884144306
Iteration 24 of 100: loss=25.9261131287 object_loss=23.9672489166 distance_loss=1.95886349678
Iteration 25 of 100: loss=24.7770805359 object_loss=22.8181743622 distance_loss=1.95890653133
Iteration 26 of 100: loss=26.9278888702 object_loss=24.9688472748 distance_loss=1.95904076099
Iteration 27 of 100: loss=27.2158546448 object_loss=25.2570667267 distance_loss=1.95878827572
Iteration 28 of 100: loss=31.7958221436 object_loss=29.8371925354 distance_loss=1.9586288929
Iteration 29 of 100: loss=26.6209316254 object_loss=24.6622409821 distance_loss=1.95869040489
Iteration 30 of 100: loss=30.7199840546 object_loss=28.7615737915 distance_loss=1.95841062069
Iteration 31 of 100: loss=27.6535377502 object_loss=25.6949157715 distance_loss=1.95862162113
Iteration 32 of 100: loss=43.7864189148 object_loss=41.8282089233 distance_loss=1.95820868015
Iteration 33 of 100: loss=39.6039505005 object_loss=37.6456413269 distance_loss=1.95830976963
Iteration 34 of 100: loss=41.4209632874 object_loss=39.4625816345 distance_loss=1.95838022232
Iteration 35 of 100: loss=44.7668609619 object_loss=42.8086509705 distance_loss=1.95820963383
Iteration 36 of 100: loss=45.0508270264 object_loss=43.0930786133 distance_loss=1.95774674416
Iteration 37 of 100: loss=45.9070129395 object_loss=43.949382782 distance_loss=1.95762825012
Iteration 38 of 100: loss=45.2922325134 object_loss=43.3346252441 distance_loss=1.95760607719
Iteration 39 of 100: loss=46.2281341553 object_loss=44.2706298828 distance_loss=1.95750582218
Iteration 40 of 100: loss=45.4173278809 object_loss=43.4599304199 distance_loss=1.95739877224
Iteration 41 of 100: loss=44.5824890137 object_loss=42.6251564026 distance_loss=1.95733320713
Iteration 42 of 100: loss=44.3015060425 object_loss=42.3442611694 distance_loss=1.95724380016
Iteration 43 of 100: loss=44.824432373 object_loss=42.8671073914 distance_loss=1.95732522011
Iteration 44 of 100: loss=45.4051628113 object_loss=43.4476852417 distance_loss=1.95747637749
Iteration 45 of 100: loss=44.5895805359 object_loss=42.6320457458 distance_loss=1.95753514767
Iteration 46 of 100: loss=43.0546722412 object_loss=41.0973625183 distance_loss=1.95730936527
Iteration 47 of 100: loss=43.8770637512 object_loss=41.9195861816 distance_loss=1.95747578144
Iteration 48 of 100: loss=43.5321464539 object_loss=41.5746955872 distance_loss=1.95745265484
Iteration 49 of 100: loss=43.2063369751 object_loss=41.2485847473 distance_loss=1.9577524662
Iteration 50 of 100: loss=39.8204994202 object_loss=37.8625068665 distance_loss=1.9579937458
Iteration 51 of 100: loss=41.7192001343 object_loss=39.7610855103 distance_loss=1.95811522007
Iteration 52 of 100: loss=41.5578727722 object_loss=39.5997467041 distance_loss=1.95812559128
Iteration 53 of 100: loss=43.812286377 object_loss=41.85389328 distance_loss=1.95839440823
Iteration 54 of 100: loss=41.0210533142 object_loss=39.0622253418 distance_loss=1.95882642269
Iteration 55 of 100: loss=40.6471824646 object_loss=38.6880569458 distance_loss=1.95912468433
Iteration 56 of 100: loss=38.6777305603 object_loss=36.7184524536 distance_loss=1.95927989483
Iteration 57 of 100: loss=36.8390579224 object_loss=34.8796463013 distance_loss=1.95941054821
Iteration 58 of 100: loss=37.125579834 object_loss=35.1660461426 distance_loss=1.95953381062
Iteration 59 of 100: loss=42.5318145752 object_loss=40.5717010498 distance_loss=1.96011519432
Iteration 60 of 100: loss=40.0675201416 object_loss=38.1072425842 distance_loss=1.96027731895
Iteration 61 of 100: loss=39.6224708557 object_loss=37.6616744995 distance_loss=1.96079695225
Iteration 62 of 100: loss=41.5424346924 object_loss=39.5812301636 distance_loss=1.96120512486
Iteration 63 of 100: loss=43.1665115356 object_loss=41.2048988342 distance_loss=1.96161091328
Iteration 64 of 100: loss=42.9250984192 object_loss=40.9631347656 distance_loss=1.96196508408
Iteration 65 of 100: loss=42.9539909363 object_loss=40.991645813 distance_loss=1.9623465538
Iteration 66 of 100: loss=42.5473861694 object_loss=40.5849456787 distance_loss=1.96244168282
Iteration 67 of 100: loss=42.0832290649 object_loss=40.120475769 distance_loss=1.96275353432
Iteration 68 of 100: loss=43.1084022522 object_loss=41.145614624 distance_loss=1.96278691292
Iteration 69 of 100: loss=43.7145957947 object_loss=41.7517089844 distance_loss=1.96288669109
Iteration 70 of 100: loss=43.6139411926 object_loss=41.6505584717 distance_loss=1.96338319778
Iteration 71 of 100: loss=43.562335968 object_loss=41.5987472534 distance_loss=1.96358954906
Iteration 72 of 100: loss=39.871421814 object_loss=37.9082756042 distance_loss=1.96314525604
Iteration 73 of 100: loss=38.6484107971 object_loss=36.6849365234 distance_loss=1.96347534657
Iteration 74 of 100: loss=40.6106834412 object_loss=38.6471405029 distance_loss=1.96354174614
Iteration 75 of 100: loss=40.2398223877 object_loss=38.2762756348 distance_loss=1.9635463953
Iteration 76 of 100: loss=42.2919387817 object_loss=40.3284263611 distance_loss=1.96351420879
Iteration 77 of 100: loss=41.649471283 object_loss=39.6861038208 distance_loss=1.96336650848
Iteration 78 of 100: loss=42.0807914734 object_loss=40.1174087524 distance_loss=1.96338152885
Iteration 79 of 100: loss=42.460899353 object_loss=40.49741745 distance_loss=1.96348202229
Iteration 80 of 100: loss=42.0963172913 object_loss=40.1328964233 distance_loss=1.96342134476
Iteration 81 of 100: loss=42.0852432251 object_loss=40.1219978333 distance_loss=1.9632447958
Iteration 82 of 100: loss=41.9226379395 object_loss=39.9592437744 distance_loss=1.96339571476
Iteration 83 of 100: loss=40.995475769 object_loss=39.0320701599 distance_loss=1.96340692043
Iteration 84 of 100: loss=43.4307174683 object_loss=41.4675331116 distance_loss=1.96318554878
Iteration 85 of 100: loss=43.0752410889 object_loss=41.1119728088 distance_loss=1.96326899529
Iteration 86 of 100: loss=41.326625824 object_loss=39.3634300232 distance_loss=1.96319758892
Iteration 87 of 100: loss=41.8639831543 object_loss=39.9007759094 distance_loss=1.96320557594
Iteration 88 of 100: loss=41.8822135925 object_loss=39.9190368652 distance_loss=1.96317780018
Iteration 89 of 100: loss=24.8115615845 object_loss=22.8482189178 distance_loss=1.96334314346
Iteration 90 of 100: loss=24.0232181549 object_loss=22.059753418 distance_loss=1.96346533298
Iteration 91 of 100: loss=24.8315658569 object_loss=22.8679733276 distance_loss=1.96359181404
Iteration 92 of 100: loss=25.6795883179 object_loss=23.7161903381 distance_loss=1.9633975029
Iteration 93 of 100: loss=24.831363678 object_loss=22.8679237366 distance_loss=1.96344089508
Iteration 94 of 100: loss=25.4005184174 object_loss=23.4371776581 distance_loss=1.96334111691
Iteration 95 of 100: loss=25.1595497131 object_loss=23.196472168 distance_loss=1.96307814121
Iteration 96 of 100: loss=24.3404178619 object_loss=22.3777370453 distance_loss=1.96268033981
Iteration 97 of 100: loss=24.428396225 object_loss=22.4657421112 distance_loss=1.96265459061
Iteration 98 of 100: loss=24.9437999725 object_loss=22.9813289642 distance_loss=1.96247136593
Iteration 99 of 100: loss=25.5046367645 object_loss=23.5422077179 distance_loss=1.96242928505
Iteration 0 of 100: loss=28.5723571777 object_loss=26.6100120544 distance_loss=1.96234416962
Iteration 1 of 100: loss=27.9013214111 object_loss=25.9391269684 distance_loss=1.9621950388
Iteration 2 of 100: loss=27.8999671936 object_loss=25.9380474091 distance_loss=1.96191978455
Iteration 3 of 100: loss=27.58735466 object_loss=25.6254138947 distance_loss=1.96194005013
Iteration 4 of 100: loss=27.8990135193 object_loss=25.9370212555 distance_loss=1.96199226379
Iteration 5 of 100: loss=28.4589996338 object_loss=26.4969520569 distance_loss=1.96204686165
Iteration 6 of 100: loss=30.0124359131 object_loss=28.0504703522 distance_loss=1.96196484566
Iteration 7 of 100: loss=29.3080806732 object_loss=27.3462867737 distance_loss=1.96179354191
Iteration 8 of 100: loss=29.3759288788 object_loss=27.4145526886 distance_loss=1.96137630939
Iteration 9 of 100: loss=29.3170032501 object_loss=27.3556022644 distance_loss=1.96140086651
Iteration 10 of 100: loss=29.1399879456 object_loss=27.1782646179 distance_loss=1.96172428131
Iteration 11 of 100: loss=28.4176101685 object_loss=26.4558448792 distance_loss=1.96176576614
Iteration 12 of 100: loss=28.1476249695 object_loss=26.1860256195 distance_loss=1.96159958839
Iteration 13 of 100: loss=28.3256587982 object_loss=26.3636417389 distance_loss=1.96201646328
Iteration 14 of 100: loss=29.6339473724 object_loss=27.6716537476 distance_loss=1.96229398251
Iteration 15 of 100: loss=27.0072345734 object_loss=25.0447731018 distance_loss=1.96246063709
Iteration 16 of 100: loss=31.9802780151 object_loss=30.0178833008 distance_loss=1.96239542961
Iteration 17 of 100: loss=30.9547367096 object_loss=28.9922943115 distance_loss=1.96244299412
Iteration 18 of 100: loss=28.906578064 object_loss=26.944070816 distance_loss=1.96250760555
Iteration 19 of 100: loss=32.1985740662 object_loss=30.235748291 distance_loss=1.96282541752
Iteration 20 of 100: loss=32.0278053284 object_loss=30.0651245117 distance_loss=1.96268093586
Iteration 21 of 100: loss=30.6664104462 object_loss=28.7035865784 distance_loss=1.96282410622
Iteration 22 of 100: loss=31.9374446869 object_loss=29.9745121002 distance_loss=1.9629317522
Iteration 23 of 100: loss=30.2473545074 object_loss=28.2841434479 distance_loss=1.96321046352
Iteration 24 of 100: loss=46.3230819702 object_loss=44.3595657349 distance_loss=1.963514328
Iteration 25 of 100: loss=46.1292114258 object_loss=44.1654243469 distance_loss=1.96378803253
Iteration 26 of 100: loss=45.8198852539 object_loss=43.8559875488 distance_loss=1.96389579773
Iteration 27 of 100: loss=45.7695732117 object_loss=43.8055725098 distance_loss=1.96400082111
Iteration 28 of 100: loss=43.387298584 object_loss=41.423324585 distance_loss=1.96397328377
Iteration 29 of 100: loss=43.0462532043 object_loss=41.0821800232 distance_loss=1.96407139301
Iteration 30 of 100: loss=43.8326530457 object_loss=41.8683433533 distance_loss=1.96431028843
Iteration 31 of 100: loss=44.8804244995 object_loss=42.9160194397 distance_loss=1.96440351009
Iteration 32 of 100: loss=44.3395195007 object_loss=42.3755722046 distance_loss=1.96394610405
Iteration 33 of 100: loss=44.600933075 object_loss=42.6369857788 distance_loss=1.96394622326
Iteration 34 of 100: loss=43.7466201782 object_loss=41.7826423645 distance_loss=1.96397781372
Iteration 35 of 100: loss=41.9743537903 object_loss=40.0104370117 distance_loss=1.96391785145
Iteration 36 of 100: loss=45.2052116394 object_loss=43.2415809631 distance_loss=1.96362912655
Iteration 37 of 100: loss=44.3105926514 object_loss=42.3468437195 distance_loss=1.96374773979
Iteration 38 of 100: loss=44.7868652344 object_loss=42.8229827881 distance_loss=1.96388375759
Iteration 39 of 100: loss=44.9547119141 object_loss=42.9904022217 distance_loss=1.9643086195
Iteration 40 of 100: loss=45.331073761 object_loss=43.3666419983 distance_loss=1.96443212032
Iteration 41 of 100: loss=44.4827270508 object_loss=42.5182762146 distance_loss=1.96445214748
Iteration 42 of 100: loss=45.2769012451 object_loss=43.3121337891 distance_loss=1.96476662159
Iteration 43 of 100: loss=41.397315979 object_loss=39.4320983887 distance_loss=1.96521759033
Iteration 44 of 100: loss=44.5151481628 object_loss=42.5499191284 distance_loss=1.96522819996
Iteration 45 of 100: loss=44.6386833191 object_loss=42.6732025146 distance_loss=1.9654790163
Iteration 46 of 100: loss=43.4524497986 object_loss=41.4867286682 distance_loss=1.96571946144
Iteration 47 of 100: loss=43.005897522 object_loss=41.0401763916 distance_loss=1.9657227993
Iteration 48 of 100: loss=45.7841033936 object_loss=43.8184509277 distance_loss=1.96565139294
Iteration 49 of 100: loss=46.8342094421 object_loss=44.8685150146 distance_loss=1.96569359303
Iteration 50 of 100: loss=44.908531189 object_loss=42.9429779053 distance_loss=1.96555185318
Iteration 51 of 100: loss=44.3146400452 object_loss=42.3491096497 distance_loss=1.96553206444
Iteration 52 of 100: loss=44.8052520752 object_loss=42.8399200439 distance_loss=1.9653339386
Iteration 53 of 100: loss=42.6654167175 object_loss=40.6997833252 distance_loss=1.96563434601
Iteration 54 of 100: loss=41.4966087341 object_loss=39.531124115 distance_loss=1.96548318863
Iteration 55 of 100: loss=43.985004425 object_loss=42.0198669434 distance_loss=1.9651376009
Iteration 56 of 100: loss=44.4593048096 object_loss=42.4947929382 distance_loss=1.96451163292
Iteration 57 of 100: loss=44.3498573303 object_loss=42.3853225708 distance_loss=1.96453559399
Iteration 58 of 100: loss=44.5302238464 object_loss=42.5660362244 distance_loss=1.96418631077
Iteration 59 of 100: loss=44.9993896484 object_loss=43.0353965759 distance_loss=1.96399140358
Iteration 60 of 100: loss=43.2082176208 object_loss=41.2443008423 distance_loss=1.96391749382
Iteration 61 of 100: loss=41.5043029785 object_loss=39.5406532288 distance_loss=1.96364820004
Iteration 62 of 100: loss=42.3568229675 object_loss=40.3937187195 distance_loss=1.96310400963
Iteration 63 of 100: loss=42.4641952515 object_loss=40.5010108948 distance_loss=1.96318626404
Iteration 64 of 100: loss=43.855632782 object_loss=41.8923683167 distance_loss=1.96326267719
Iteration 65 of 100: loss=43.2970962524 object_loss=41.3339271545 distance_loss=1.96316826344
Iteration 66 of 100: loss=27.6809844971 object_loss=25.7176933289 distance_loss=1.96329021454
Iteration 67 of 100: loss=24.9817638397 object_loss=23.0185222626 distance_loss=1.9632409811
Iteration 68 of 100: loss=26.5015144348 object_loss=24.538438797 distance_loss=1.96307575703
Iteration 69 of 100: loss=27.167470932 object_loss=25.2042560577 distance_loss=1.96321427822
Iteration 70 of 100: loss=24.4370365143 object_loss=22.4739017487 distance_loss=1.96313524246
Iteration 71 of 100: loss=25.7865753174 object_loss=23.8235740662 distance_loss=1.96300065517
Iteration 72 of 100: loss=25.7386131287 object_loss=23.7761516571 distance_loss=1.96246135235
Iteration 73 of 100: loss=27.9328479767 object_loss=25.9703578949 distance_loss=1.96249055862
Iteration 74 of 100: loss=26.2519512177 object_loss=24.2898216248 distance_loss=1.96212887764
Iteration 75 of 100: loss=27.8238925934 object_loss=25.8620166779 distance_loss=1.96187615395
Iteration 76 of 100: loss=28.6424980164 object_loss=26.681224823 distance_loss=1.96127414703
Iteration 77 of 100: loss=28.170129776 object_loss=26.2090892792 distance_loss=1.96104061604
Iteration 78 of 100: loss=28.7043056488 object_loss=26.7434043884 distance_loss=1.96090137959
Iteration 79 of 100: loss=25.1403903961 object_loss=23.1794815063 distance_loss=1.96090900898
Iteration 80 of 100: loss=27.8863277435 object_loss=25.9252815247 distance_loss=1.96104538441
Iteration 81 of 100: loss=28.1272907257 object_loss=26.166015625 distance_loss=1.9612749815
Iteration 82 of 100: loss=27.1137638092 object_loss=25.1522045135 distance_loss=1.9615585804
Iteration 83 of 100: loss=27.5930461884 object_loss=25.631193161 distance_loss=1.96185386181
Iteration 84 of 100: loss=26.9764194489 object_loss=25.0142250061 distance_loss=1.9621950388
Iteration 85 of 100: loss=25.5658111572 object_loss=23.6032619476 distance_loss=1.96254897118
Iteration 86 of 100: loss=26.5870323181 object_loss=24.624332428 distance_loss=1.96270000935
Iteration 87 of 100: loss=26.7744178772 object_loss=24.8113384247 distance_loss=1.96307945251
Iteration 88 of 100: loss=21.7222480774 object_loss=19.7589607239 distance_loss=1.96328806877
Iteration 89 of 100: loss=24.0805854797 object_loss=22.1171016693 distance_loss=1.9634847641
Iteration 90 of 100: loss=23.5173931122 object_loss=21.553483963 distance_loss=1.9639095068
Iteration 91 of 100: loss=19.2398471832 object_loss=17.2755832672 distance_loss=1.96426308155
Iteration 92 of 100: loss=18.7956581116 object_loss=16.8316440582 distance_loss=1.96401464939
Iteration 93 of 100: loss=22.0299015045 object_loss=20.0656642914 distance_loss=1.96423792839
Iteration 94 of 100: loss=17.4452381134 object_loss=15.4807910919 distance_loss=1.96444666386
Iteration 95 of 100: loss=14.0090665817 object_loss=12.0444831848 distance_loss=1.96458363533
Iteration 96 of 100: loss=14.7813987732 object_loss=12.81690979 distance_loss=1.96448850632
Iteration 97 of 100: loss=14.4860363007 object_loss=12.5215177536 distance_loss=1.96451854706
Iteration 98 of 100: loss=12.0092096329 object_loss=10.0444669724 distance_loss=1.9647424221
Iteration 99 of 100: loss=16.3071651459 object_loss=14.341884613 distance_loss=1.96528053284
Iteration 0 of 100: loss=18.1852703094 object_loss=16.2197418213 distance_loss=1.96552932262
Iteration 1 of 100: loss=19.8711128235 object_loss=17.9055595398 distance_loss=1.96555387974
Iteration 2 of 100: loss=17.149269104 object_loss=15.1836490631 distance_loss=1.9656201601
Iteration 3 of 100: loss=16.6542053223 object_loss=14.6883831024 distance_loss=1.96582186222
Iteration 4 of 100: loss=14.5471534729 object_loss=12.581237793 distance_loss=1.96591556072
Iteration 5 of 100: loss=13.0054388046 object_loss=11.0392169952 distance_loss=1.96622204781
Iteration 6 of 100: loss=15.3590307236 object_loss=13.3926143646 distance_loss=1.96641647816
Iteration 7 of 100: loss=19.4275398254 object_loss=17.4610404968 distance_loss=1.96649980545
Iteration 8 of 100: loss=18.5414791107 object_loss=16.5750579834 distance_loss=1.96642172337
Iteration 9 of 100: loss=15.7157745361 object_loss=13.7492256165 distance_loss=1.9665491581
Iteration 10 of 100: loss=15.3655080795 object_loss=13.3989315033 distance_loss=1.96657621861
Iteration 11 of 100: loss=12.8290729523 object_loss=10.8624067307 distance_loss=1.96666634083
Iteration 12 of 100: loss=13.932217598 object_loss=11.9660196304 distance_loss=1.96619808674
Iteration 13 of 100: loss=16.5941829681 object_loss=14.6279067993 distance_loss=1.96627628803
Iteration 14 of 100: loss=18.9589099884 object_loss=16.9925251007 distance_loss=1.96638464928
Iteration 15 of 100: loss=17.0676383972 object_loss=15.1014308929 distance_loss=1.96620750427
Iteration 16 of 100: loss=16.7733802795 object_loss=14.8077030182 distance_loss=1.96567642689
Iteration 17 of 100: loss=17.347196579 object_loss=15.381816864 distance_loss=1.96537935734
Iteration 18 of 100: loss=20.5822315216 object_loss=18.6169624329 distance_loss=1.96526956558
Iteration 19 of 100: loss=17.4254760742 object_loss=15.4604282379 distance_loss=1.96504843235
Iteration 20 of 100: loss=18.4718151093 object_loss=16.5066108704 distance_loss=1.96520423889
Iteration 21 of 100: loss=19.6704177856 object_loss=17.7052268982 distance_loss=1.96519112587
Iteration 22 of 100: loss=17.2618675232 object_loss=15.2968711853 distance_loss=1.96499657631
Iteration 23 of 100: loss=17.4492092133 object_loss=15.4841985703 distance_loss=1.9650105238
Iteration 24 of 100: loss=13.4254751205 object_loss=11.460272789 distance_loss=1.96520245075
Iteration 25 of 100: loss=14.4245824814 object_loss=12.4590406418 distance_loss=1.96554160118
Iteration 26 of 100: loss=14.9701156616 object_loss=13.0041589737 distance_loss=1.96595644951
Iteration 27 of 100: loss=13.1608295441 object_loss=11.1941204071 distance_loss=1.96670937538
Iteration 28 of 100: loss=17.8686561584 object_loss=15.9017028809 distance_loss=1.96695232391
Iteration 29 of 100: loss=17.6405906677 object_loss=15.6728181839 distance_loss=1.96777307987
Iteration 30 of 100: loss=16.9026546478 object_loss=14.9347133636 distance_loss=1.96794188023
Iteration 31 of 100: loss=16.456489563 object_loss=14.488524437 distance_loss=1.96796524525
Iteration 32 of 100: loss=16.8817558289 object_loss=14.9137516022 distance_loss=1.96800482273
Iteration 33 of 100: loss=16.837474823 object_loss=14.8688840866 distance_loss=1.96859025955
Iteration 34 of 100: loss=18.8459568024 object_loss=16.8771858215 distance_loss=1.96877098083
Iteration 35 of 100: loss=16.5618743896 object_loss=14.5930976868 distance_loss=1.96877658367
Iteration 36 of 100: loss=15.5674877167 object_loss=13.5988168716 distance_loss=1.96867132187
Iteration 37 of 100: loss=14.5134143829 object_loss=12.5447731018 distance_loss=1.96864116192
Iteration 38 of 100: loss=15.4021186829 object_loss=13.4332551956 distance_loss=1.96886360645
Iteration 39 of 100: loss=17.601770401 object_loss=15.6327562332 distance_loss=1.96901357174
Iteration 40 of 100: loss=17.6645507812 object_loss=15.6955919266 distance_loss=1.96895802021
Iteration 41 of 100: loss=15.3025760651 object_loss=13.3334779739 distance_loss=1.9690977335
Iteration 42 of 100: loss=18.4069805145 object_loss=16.4377861023 distance_loss=1.96919393539
Iteration 43 of 100: loss=18.2279434204 object_loss=16.2584724426 distance_loss=1.96947181225
Iteration 44 of 100: loss=19.4873542786 object_loss=17.5177345276 distance_loss=1.96961903572
Iteration 45 of 100: loss=18.1335964203 object_loss=16.1641292572 distance_loss=1.96946752071
Iteration 46 of 100: loss=20.4753608704 object_loss=18.5058097839 distance_loss=1.96955132484
Iteration 47 of 100: loss=17.789981842 object_loss=15.820022583 distance_loss=1.96995913982
Iteration 48 of 100: loss=40.7223091125 object_loss=38.7522468567 distance_loss=1.97006225586
Iteration 49 of 100: loss=39.9507637024 object_loss=37.9803886414 distance_loss=1.97037625313
Iteration 50 of 100: loss=41.1661758423 object_loss=39.1954078674 distance_loss=1.97076714039
Iteration 51 of 100: loss=40.6726531982 object_loss=38.701587677 distance_loss=1.97106480598
Iteration 52 of 100: loss=39.5288925171 object_loss=37.5582008362 distance_loss=1.97069251537
Iteration 53 of 100: loss=37.7082710266 object_loss=35.7374038696 distance_loss=1.97086858749
Iteration 54 of 100: loss=37.2308235168 object_loss=35.2596893311 distance_loss=1.97113537788
Iteration 55 of 100: loss=35.3938789368 object_loss=33.4225082397 distance_loss=1.97136926651
Iteration 56 of 100: loss=37.9126853943 object_loss=35.9413909912 distance_loss=1.97129452229
Iteration 57 of 100: loss=37.1545333862 object_loss=35.1831932068 distance_loss=1.97134172916
Iteration 58 of 100: loss=38.6674118042 object_loss=36.6959457397 distance_loss=1.97146701813
Iteration 59 of 100: loss=34.069770813 object_loss=32.0982971191 distance_loss=1.97147274017
Iteration 60 of 100: loss=37.8511581421 object_loss=35.8796348572 distance_loss=1.97152411938
Iteration 61 of 100: loss=38.4003601074 object_loss=36.4288444519 distance_loss=1.97151625156
Iteration 62 of 100: loss=37.6353530884 object_loss=35.6639900208 distance_loss=1.97136187553
Iteration 63 of 100: loss=38.5996246338 object_loss=36.628162384 distance_loss=1.97146332264
Iteration 64 of 100: loss=39.9628791809 object_loss=37.991607666 distance_loss=1.97127175331
Iteration 65 of 100: loss=39.4603691101 object_loss=37.4890098572 distance_loss=1.97135984898
Iteration 66 of 100: loss=39.4101524353 object_loss=37.4387817383 distance_loss=1.97137224674
Iteration 67 of 100: loss=38.8319015503 object_loss=36.8604888916 distance_loss=1.97141432762
Iteration 68 of 100: loss=39.8613586426 object_loss=37.8899459839 distance_loss=1.97141265869
Iteration 69 of 100: loss=38.9772224426 object_loss=37.0057144165 distance_loss=1.97150969505
Iteration 70 of 100: loss=39.7536354065 object_loss=37.7822494507 distance_loss=1.97138512135
Iteration 71 of 100: loss=39.8240203857 object_loss=37.8527259827 distance_loss=1.97129309177
Iteration 72 of 100: loss=42.1079597473 object_loss=40.1368331909 distance_loss=1.97112524509
Iteration 73 of 100: loss=40.322353363 object_loss=38.3510780334 distance_loss=1.9712754488
Iteration 74 of 100: loss=38.2206726074 object_loss=36.2494544983 distance_loss=1.97121703625
Iteration 75 of 100: loss=39.3670883179 object_loss=37.3961181641 distance_loss=1.97097039223
Iteration 76 of 100: loss=41.7556419373 object_loss=39.7851295471 distance_loss=1.97051250935
Iteration 77 of 100: loss=41.5621528625 object_loss=39.5918464661 distance_loss=1.97030758858
Iteration 78 of 100: loss=43.2068595886 object_loss=41.2365531921 distance_loss=1.97030520439
Iteration 79 of 100: loss=37.9449729919 object_loss=35.9747695923 distance_loss=1.97020471096
Iteration 80 of 100: loss=40.8718414307 object_loss=38.9015655518 distance_loss=1.97027504444
Iteration 81 of 100: loss=39.9266014099 object_loss=37.9561233521 distance_loss=1.97047913074
Iteration 82 of 100: loss=40.5125045776 object_loss=38.542049408 distance_loss=1.97045409679
Iteration 83 of 100: loss=38.5788726807 object_loss=36.6080970764 distance_loss=1.97077584267
Iteration 84 of 100: loss=41.685634613 object_loss=39.714805603 distance_loss=1.97082841396
Iteration 85 of 100: loss=35.5602226257 object_loss=33.5892028809 distance_loss=1.97101807594
Iteration 86 of 100: loss=36.8971176147 object_loss=34.9258880615 distance_loss=1.97122919559
Iteration 87 of 100: loss=36.0449371338 object_loss=34.0734901428 distance_loss=1.97144520283
Iteration 88 of 100: loss=34.8466491699 object_loss=32.8753166199 distance_loss=1.97133219242
Iteration 89 of 100: loss=40.5630493164 object_loss=38.5913162231 distance_loss=1.97173213959
Iteration 90 of 100: loss=42.0383758545 object_loss=40.066242218 distance_loss=1.97213387489
Iteration 91 of 100: loss=41.8409423828 object_loss=39.8687057495 distance_loss=1.9722366333
Iteration 92 of 100: loss=44.1997184753 object_loss=42.2275657654 distance_loss=1.97215151787
Iteration 93 of 100: loss=42.7042236328 object_loss=40.7317428589 distance_loss=1.97247993946
Iteration 94 of 100: loss=40.2387771606 object_loss=38.266204834 distance_loss=1.97257351875
Iteration 95 of 100: loss=36.5257873535 object_loss=34.5531272888 distance_loss=1.97266185284
Iteration 96 of 100: loss=40.5764846802 object_loss=38.6041107178 distance_loss=1.97237420082
Iteration 97 of 100: loss=40.0224227905 object_loss=38.050163269 distance_loss=1.97225832939
Iteration 98 of 100: loss=37.8079299927 object_loss=35.8356895447 distance_loss=1.97223854065
Iteration 99 of 100: loss=27.7792072296 object_loss=25.8067321777 distance_loss=1.97247493267
Iteration 0 of 100: loss=33.1269683838 object_loss=31.1544914246 distance_loss=1.97247862816
Iteration 1 of 100: loss=33.0841407776 object_loss=31.1115722656 distance_loss=1.97256910801
Iteration 2 of 100: loss=14.2566776276 object_loss=12.2840175629 distance_loss=1.97266030312
Iteration 3 of 100: loss=14.5364303589 object_loss=12.5636081696 distance_loss=1.9728218317
Iteration 4 of 100: loss=13.5887737274 object_loss=11.6156921387 distance_loss=1.97308206558
Iteration 5 of 100: loss=14.1771697998 object_loss=12.2040891647 distance_loss=1.97308051586
Iteration 6 of 100: loss=14.3844881058 object_loss=12.4113912582 distance_loss=1.97309672832
Iteration 7 of 100: loss=15.6936283112 object_loss=13.7202787399 distance_loss=1.97335004807
Iteration 8 of 100: loss=16.0040397644 object_loss=14.0305271149 distance_loss=1.97351288795
Iteration 9 of 100: loss=16.2213878632 object_loss=14.2477245331 distance_loss=1.97366344929
Iteration 10 of 100: loss=16.2877120972 object_loss=14.3137083054 distance_loss=1.97400283813
Iteration 11 of 100: loss=16.1228542328 object_loss=14.1486091614 distance_loss=1.97424519062
Iteration 12 of 100: loss=15.246430397 object_loss=13.272726059 distance_loss=1.97370421886
Iteration 13 of 100: loss=13.81046772 object_loss=11.8369035721 distance_loss=1.97356426716
Iteration 14 of 100: loss=14.9989032745 object_loss=13.0252943039 distance_loss=1.9736084938
Iteration 15 of 100: loss=18.5883140564 object_loss=16.6146621704 distance_loss=1.97365272045
Iteration 16 of 100: loss=16.5467433929 object_loss=14.5730409622 distance_loss=1.97370266914
Iteration 17 of 100: loss=14.1816987991 object_loss=12.2078199387 distance_loss=1.97387850285
Iteration 18 of 100: loss=12.9104175568 object_loss=10.9365520477 distance_loss=1.97386538982
Iteration 19 of 100: loss=12.6793117523 object_loss=10.7051267624 distance_loss=1.97418546677
Iteration 20 of 100: loss=13.0413007736 object_loss=11.0670061111 distance_loss=1.97429442406
Iteration 21 of 100: loss=12.9205417633 object_loss=10.946190834 distance_loss=1.97435069084
Iteration 22 of 100: loss=13.9438343048 object_loss=11.9691390991 distance_loss=1.97469472885
Iteration 23 of 100: loss=16.2574329376 object_loss=14.2825336456 distance_loss=1.97489988804
Iteration 24 of 100: loss=15.5173749924 object_loss=13.5425348282 distance_loss=1.97483980656
Iteration 25 of 100: loss=13.7789134979 object_loss=11.8039951324 distance_loss=1.97491836548
Iteration 26 of 100: loss=13.927728653 object_loss=11.9528341293 distance_loss=1.97489416599
Iteration 27 of 100: loss=13.8265275955 object_loss=11.8516120911 distance_loss=1.97491538525
Iteration 28 of 100: loss=15.15163517 object_loss=13.1765871048 distance_loss=1.9750483036
Iteration 29 of 100: loss=13.9587812424 object_loss=11.9834766388 distance_loss=1.97530448437
Iteration 30 of 100: loss=15.0499200821 object_loss=13.0743818283 distance_loss=1.97553825378
Iteration 31 of 100: loss=14.8823738098 object_loss=12.906537056 distance_loss=1.97583651543
Iteration 32 of 100: loss=38.2779045105 object_loss=36.3021812439 distance_loss=1.97572469711
Iteration 33 of 100: loss=37.0332298279 object_loss=35.0572471619 distance_loss=1.97598302364
Iteration 34 of 100: loss=39.1399612427 object_loss=37.1636390686 distance_loss=1.97632277012
Iteration 35 of 100: loss=37.5450973511 object_loss=35.5687713623 distance_loss=1.97632551193
Iteration 36 of 100: loss=37.6621398926 object_loss=35.6859664917 distance_loss=1.97617459297
Iteration 37 of 100: loss=34.720867157 object_loss=32.7445602417 distance_loss=1.97630643845
Iteration 38 of 100: loss=35.2676734924 object_loss=33.2912979126 distance_loss=1.97637665272
Iteration 39 of 100: loss=30.5887145996 object_loss=28.6120815277 distance_loss=1.97663271427
Iteration 40 of 100: loss=30.4874858856 object_loss=28.5106639862 distance_loss=1.97682261467
Iteration 41 of 100: loss=28.8895797729 object_loss=26.9126682281 distance_loss=1.97691190243
Iteration 42 of 100: loss=34.8192863464 object_loss=32.8425254822 distance_loss=1.97676217556
Iteration 43 of 100: loss=33.9163475037 object_loss=31.9395542145 distance_loss=1.97679376602
Iteration 44 of 100: loss=37.6245346069 object_loss=35.6477622986 distance_loss=1.97677397728
Iteration 45 of 100: loss=38.0151062012 object_loss=36.0382614136 distance_loss=1.97684526443
Iteration 46 of 100: loss=38.3814697266 object_loss=36.4046020508 distance_loss=1.97686886787
Iteration 47 of 100: loss=39.5391540527 object_loss=37.5625457764 distance_loss=1.97660768032
Iteration 48 of 100: loss=38.231136322 object_loss=36.2549552917 distance_loss=1.97618091106
Iteration 49 of 100: loss=39.632686615 object_loss=37.6563796997 distance_loss=1.97630560398
Iteration 50 of 100: loss=35.6863098145 object_loss=33.7097511292 distance_loss=1.97655940056
Iteration 51 of 100: loss=18.8124809265 object_loss=16.8358573914 distance_loss=1.97662448883
Iteration 52 of 100: loss=19.7237644196 object_loss=17.7473602295 distance_loss=1.97640359402
Iteration 53 of 100: loss=16.5847835541 object_loss=14.6080350876 distance_loss=1.97674870491
Iteration 54 of 100: loss=16.9586544037 object_loss=14.9817876816 distance_loss=1.97686684132
Iteration 55 of 100: loss=21.5302295685 object_loss=19.553194046 distance_loss=1.9770359993
Iteration 56 of 100: loss=20.0815105438 object_loss=18.1046504974 distance_loss=1.97685980797
Iteration 57 of 100: loss=17.2443904877 object_loss=15.2678318024 distance_loss=1.97655904293
Iteration 58 of 100: loss=17.2537479401 object_loss=15.2771978378 distance_loss=1.97655057907
Iteration 59 of 100: loss=18.7392158508 object_loss=16.7627372742 distance_loss=1.97647881508
Iteration 60 of 100: loss=15.6709070206 object_loss=13.6947689056 distance_loss=1.97613787651
Iteration 61 of 100: loss=19.0381183624 object_loss=17.0620250702 distance_loss=1.97609245777
Iteration 62 of 100: loss=16.7816581726 object_loss=14.8053627014 distance_loss=1.97629642487
Iteration 63 of 100: loss=19.5691261292 object_loss=17.5929431915 distance_loss=1.97618365288
Iteration 64 of 100: loss=15.9073705673 object_loss=13.9313077927 distance_loss=1.97606313229
Iteration 65 of 100: loss=15.3623752594 object_loss=13.3861122131 distance_loss=1.97626340389
Iteration 66 of 100: loss=16.5497951508 object_loss=14.573390007 distance_loss=1.97640502453
Iteration 67 of 100: loss=16.3153781891 object_loss=14.3384866714 distance_loss=1.97689151764
Iteration 68 of 100: loss=17.682258606 object_loss=15.7051105499 distance_loss=1.97714781761
Iteration 69 of 100: loss=20.4464817047 object_loss=18.4689865112 distance_loss=1.97749590874
Iteration 70 of 100: loss=16.0914554596 object_loss=14.1134643555 distance_loss=1.97799026966
Iteration 71 of 100: loss=15.2281618118 object_loss=13.2495441437 distance_loss=1.97861802578
Iteration 72 of 100: loss=15.0137691498 object_loss=13.0352287292 distance_loss=1.97854077816
Iteration 73 of 100: loss=16.3865203857 object_loss=14.4071531296 distance_loss=1.97936797142
Iteration 74 of 100: loss=15.0505743027 object_loss=13.0708017349 distance_loss=1.97977244854
Iteration 75 of 100: loss=16.4153671265 object_loss=14.4352912903 distance_loss=1.98007547855
Iteration 76 of 100: loss=17.5494747162 object_loss=15.568983078 distance_loss=1.98049104214
Iteration 77 of 100: loss=17.9399585724 object_loss=15.9592065811 distance_loss=1.98075199127
Iteration 78 of 100: loss=18.5081634521 object_loss=16.527256012 distance_loss=1.9809076786
Iteration 79 of 100: loss=15.9007825851 object_loss=13.9194984436 distance_loss=1.98128437996
Iteration 80 of 100: loss=15.0409049988 object_loss=13.0593261719 distance_loss=1.98157906532
Iteration 81 of 100: loss=16.6696624756 object_loss=14.6879405975 distance_loss=1.98172092438
Iteration 82 of 100: loss=16.9761009216 object_loss=14.9941310883 distance_loss=1.98196923733
Iteration 83 of 100: loss=16.067117691 object_loss=14.0847482681 distance_loss=1.98236978054
Iteration 84 of 100: loss=15.5128526688 object_loss=13.5302934647 distance_loss=1.98255932331
Iteration 85 of 100: loss=35.358757019 object_loss=33.3760528564 distance_loss=1.98270452023
Iteration 86 of 100: loss=38.1563835144 object_loss=36.1736297607 distance_loss=1.98275220394
Iteration 87 of 100: loss=38.2504348755 object_loss=36.2677154541 distance_loss=1.98271989822
Iteration 88 of 100: loss=38.7400856018 object_loss=36.7573165894 distance_loss=1.98276758194
Iteration 89 of 100: loss=38.8034095764 object_loss=36.8204040527 distance_loss=1.98300600052
Iteration 90 of 100: loss=39.3705482483 object_loss=37.3869400024 distance_loss=1.98360657692
Iteration 91 of 100: loss=37.1660728455 object_loss=35.1818885803 distance_loss=1.98418366909
Iteration 92 of 100: loss=39.9715995789 object_loss=37.9874801636 distance_loss=1.98411822319
Iteration 93 of 100: loss=38.388923645 object_loss=36.404335022 distance_loss=1.98458814621
Iteration 94 of 100: loss=37.908493042 object_loss=35.9233779907 distance_loss=1.98511385918
Iteration 95 of 100: loss=38.4994888306 object_loss=36.5141639709 distance_loss=1.98532617092
Iteration 96 of 100: loss=39.0359802246 object_loss=37.0509262085 distance_loss=1.98505377769
Iteration 97 of 100: loss=39.4460258484 object_loss=37.4606552124 distance_loss=1.98537218571
Iteration 98 of 100: loss=39.2775878906 object_loss=37.2919006348 distance_loss=1.98568642139
Iteration 99 of 100: loss=39.0473098755 object_loss=37.0613327026 distance_loss=1.98597574234
Iteration 0 of 100: loss=16.0894699097 object_loss=14.1031646729 distance_loss=1.9863049984
Iteration 1 of 100: loss=15.5219869614 object_loss=13.5354366302 distance_loss=1.98655033112
Iteration 2 of 100: loss=15.2493438721 object_loss=13.2625875473 distance_loss=1.98675656319
Iteration 3 of 100: loss=16.138666153 object_loss=14.1515769958 distance_loss=1.98708868027
Iteration 4 of 100: loss=15.814239502 object_loss=13.8269014359 distance_loss=1.98733794689
Iteration 5 of 100: loss=37.184135437 object_loss=35.1965141296 distance_loss=1.98762071133
Iteration 6 of 100: loss=36.5934028625 object_loss=34.6056861877 distance_loss=1.98771584034
Iteration 7 of 100: loss=36.542339325 object_loss=34.5545654297 distance_loss=1.98777222633
Iteration 8 of 100: loss=37.1452713013 object_loss=35.1577339172 distance_loss=1.98753619194
Iteration 9 of 100: loss=34.6906051636 object_loss=32.7028083801 distance_loss=1.98779594898
Iteration 10 of 100: loss=34.6021347046 object_loss=32.6142578125 distance_loss=1.9878770113
Iteration 11 of 100: loss=34.6144371033 object_loss=32.6264343262 distance_loss=1.98800182343
Iteration 12 of 100: loss=34.6902351379 object_loss=32.7023582458 distance_loss=1.98787546158
Iteration 13 of 100: loss=36.8491744995 object_loss=34.8613395691 distance_loss=1.9878360033
Iteration 14 of 100: loss=36.1948699951 object_loss=34.2070655823 distance_loss=1.98780477047
Iteration 15 of 100: loss=36.4516296387 object_loss=34.4639968872 distance_loss=1.98763370514
Iteration 16 of 100: loss=37.7794456482 object_loss=35.7918815613 distance_loss=1.98756229877
Iteration 17 of 100: loss=37.8574333191 object_loss=35.8698425293 distance_loss=1.98759043217
Iteration 18 of 100: loss=35.8631286621 object_loss=33.8752822876 distance_loss=1.98784828186
Iteration 19 of 100: loss=34.2952384949 object_loss=32.3071746826 distance_loss=1.98806428909
Iteration 20 of 100: loss=34.7832145691 object_loss=32.7951469421 distance_loss=1.988068223
Iteration 21 of 100: loss=36.2568855286 object_loss=34.268825531 distance_loss=1.98806059361
Iteration 22 of 100: loss=37.3959732056 object_loss=35.4076309204 distance_loss=1.98834192753
Iteration 23 of 100: loss=35.889629364 object_loss=33.9009246826 distance_loss=1.98870503902
Iteration 24 of 100: loss=35.0766792297 object_loss=33.0878753662 distance_loss=1.9888048172
Iteration 25 of 100: loss=35.3856430054 object_loss=33.3965835571 distance_loss=1.9890588522
Iteration 26 of 100: loss=34.4752693176 object_loss=32.486114502 distance_loss=1.98915326595
Iteration 27 of 100: loss=36.1114273071 object_loss=34.1221466064 distance_loss=1.98928058147
Iteration 28 of 100: loss=35.8882637024 object_loss=33.8990516663 distance_loss=1.98921346664
Iteration 29 of 100: loss=35.2315597534 object_loss=33.2420272827 distance_loss=1.98953354359
Iteration 30 of 100: loss=35.8666267395 object_loss=33.8769035339 distance_loss=1.98972260952
Iteration 31 of 100: loss=36.1921386719 object_loss=34.2023887634 distance_loss=1.98975169659
Iteration 32 of 100: loss=33.2723579407 object_loss=31.2830352783 distance_loss=1.98932182789
Iteration 33 of 100: loss=35.0233039856 object_loss=33.0338287354 distance_loss=1.98947417736
Iteration 34 of 100: loss=36.4595680237 object_loss=34.469833374 distance_loss=1.98973429203
Iteration 35 of 100: loss=36.4596138 object_loss=34.4698829651 distance_loss=1.98973214626
Iteration 36 of 100: loss=36.052116394 object_loss=34.0626335144 distance_loss=1.98948466778
Iteration 37 of 100: loss=14.9642848969 object_loss=12.9748067856 distance_loss=1.98947763443
Iteration 38 of 100: loss=15.6477413177 object_loss=13.6584472656 distance_loss=1.98929440975
Iteration 39 of 100: loss=15.2982168198 object_loss=13.308842659 distance_loss=1.98937451839
Iteration 40 of 100: loss=15.0903577805 object_loss=13.1010637283 distance_loss=1.98929393291
Iteration 41 of 100: loss=12.9075870514 object_loss=10.9186592102 distance_loss=1.98892831802
Iteration 42 of 100: loss=11.6420383453 object_loss=9.65329170227 distance_loss=1.9887471199
Iteration 43 of 100: loss=11.5268802643 object_loss=9.5381193161 distance_loss=1.98876106739
Iteration 44 of 100: loss=11.6053600311 object_loss=9.61683940887 distance_loss=1.98852026463
Iteration 45 of 100: loss=11.5873947144 object_loss=9.59891986847 distance_loss=1.98847460747
Iteration 46 of 100: loss=12.8249330521 object_loss=10.836605072 distance_loss=1.98832821846
Iteration 47 of 100: loss=16.4040737152 object_loss=14.4159526825 distance_loss=1.98812043667
Iteration 48 of 100: loss=15.4438247681 object_loss=13.455748558 distance_loss=1.98807644844
Iteration 49 of 100: loss=14.9679279327 object_loss=12.9797916412 distance_loss=1.9881362915
Iteration 50 of 100: loss=16.4876232147 object_loss=14.499876976 distance_loss=1.98774647713
Iteration 51 of 100: loss=15.9551057816 object_loss=13.9676418304 distance_loss=1.98746418953
Iteration 52 of 100: loss=18.7744979858 object_loss=16.7875328064 distance_loss=1.98696553707
Iteration 53 of 100: loss=18.9846286774 object_loss=16.9979228973 distance_loss=1.98670554161
Iteration 54 of 100: loss=19.0408916473 object_loss=17.0544719696 distance_loss=1.98641896248
Iteration 55 of 100: loss=17.6412296295 object_loss=15.655380249 distance_loss=1.98584926128
Iteration 56 of 100: loss=18.8169612885 object_loss=16.8318328857 distance_loss=1.98512804508
Iteration 57 of 100: loss=18.2895183563 object_loss=16.3045024872 distance_loss=1.98501503468
Iteration 58 of 100: loss=20.8312206268 object_loss=18.8465499878 distance_loss=1.98467028141
Iteration 59 of 100: loss=19.1495914459 object_loss=17.16522789 distance_loss=1.98436439037
Iteration 60 of 100: loss=39.2800369263 object_loss=37.2959098816 distance_loss=1.98412764072
Iteration 61 of 100: loss=39.4428939819 object_loss=37.4589233398 distance_loss=1.9839720726
Iteration 62 of 100: loss=38.9072875977 object_loss=36.9235076904 distance_loss=1.98377871513
Iteration 63 of 100: loss=36.8394317627 object_loss=34.8555450439 distance_loss=1.98388636112
Iteration 64 of 100: loss=43.3843650818 object_loss=41.4006118774 distance_loss=1.9837526083
Iteration 65 of 100: loss=42.9647483826 object_loss=40.9811401367 distance_loss=1.98360979557
Iteration 66 of 100: loss=38.1094398499 object_loss=36.1257591248 distance_loss=1.98368239403
Iteration 67 of 100: loss=38.1320762634 object_loss=36.1485290527 distance_loss=1.98354768753
Iteration 68 of 100: loss=36.7993011475 object_loss=34.8162765503 distance_loss=1.98302638531
Iteration 69 of 100: loss=39.2253227234 object_loss=37.2423858643 distance_loss=1.98293542862
Iteration 70 of 100: loss=44.2378959656 object_loss=42.2548789978 distance_loss=1.98301589489
Iteration 71 of 100: loss=33.8949165344 object_loss=31.9120140076 distance_loss=1.98290073872
Iteration 72 of 100: loss=41.1707801819 object_loss=39.1881980896 distance_loss=1.98258328438
Iteration 73 of 100: loss=35.4245681763 object_loss=33.4420700073 distance_loss=1.98249936104
Iteration 74 of 100: loss=36.9302444458 object_loss=34.9477424622 distance_loss=1.98250162601
Iteration 75 of 100: loss=35.0338821411 object_loss=33.0514640808 distance_loss=1.98241841793
Iteration 76 of 100: loss=31.5074100494 object_loss=29.5253162384 distance_loss=1.98209440708
Iteration 77 of 100: loss=31.5586585999 object_loss=29.5767669678 distance_loss=1.98189079762
Iteration 78 of 100: loss=30.2420635223 object_loss=28.2601089478 distance_loss=1.98195540905
Iteration 79 of 100: loss=35.2806816101 object_loss=33.2987098694 distance_loss=1.98197090626
Iteration 80 of 100: loss=36.7075996399 object_loss=34.7258377075 distance_loss=1.98176169395
Iteration 81 of 100: loss=37.7296943665 object_loss=35.7477722168 distance_loss=1.98192214966
Iteration 82 of 100: loss=36.7672843933 object_loss=34.7853775024 distance_loss=1.98190796375
Iteration 83 of 100: loss=36.1936187744 object_loss=34.2115440369 distance_loss=1.9820753336
Iteration 84 of 100: loss=14.5424098969 object_loss=12.5602073669 distance_loss=1.98220288754
Iteration 85 of 100: loss=14.0924749374 object_loss=12.1102552414 distance_loss=1.98221969604
Iteration 86 of 100: loss=13.5747079849 object_loss=11.5925350189 distance_loss=1.98217260838
Iteration 87 of 100: loss=13.945482254 object_loss=11.9633283615 distance_loss=1.98215413094
Iteration 88 of 100: loss=15.1471061707 object_loss=13.1650867462 distance_loss=1.98201942444
Iteration 89 of 100: loss=13.7922830582 object_loss=11.8102312088 distance_loss=1.98205196857
Iteration 90 of 100: loss=20.6686782837 object_loss=18.6864509583 distance_loss=1.98222792149
Iteration 91 of 100: loss=14.5021038055 object_loss=12.5199165344 distance_loss=1.98218739033
Iteration 92 of 100: loss=14.4722003937 object_loss=12.4905910492 distance_loss=1.98160910606
Iteration 93 of 100: loss=15.8189430237 object_loss=13.8371362686 distance_loss=1.9818072319
Iteration 94 of 100: loss=14.8211145401 object_loss=12.8394889832 distance_loss=1.98162591457
Iteration 95 of 100: loss=15.7816982269 object_loss=13.7998981476 distance_loss=1.98179996014
Iteration 96 of 100: loss=16.4273986816 object_loss=14.4454631805 distance_loss=1.98193466663
Iteration 97 of 100: loss=17.019695282 object_loss=15.0374336243 distance_loss=1.98226130009
Iteration 98 of 100: loss=16.4293289185 object_loss=14.446721077 distance_loss=1.98260748386
Iteration 99 of 100: loss=16.7182579041 object_loss=14.7351827621 distance_loss=1.98307561874
Iteration 0 of 100: loss=15.5220956802 object_loss=13.5386276245 distance_loss=1.98346841335
Iteration 1 of 100: loss=17.2362251282 object_loss=15.2525424957 distance_loss=1.98368322849
Iteration 2 of 100: loss=16.082862854 object_loss=14.098780632 distance_loss=1.98408186436
Iteration 3 of 100: loss=15.9545574188 object_loss=13.9702167511 distance_loss=1.98434090614
Iteration 4 of 100: loss=15.4495010376 object_loss=13.4653120041 distance_loss=1.98418867588
Iteration 5 of 100: loss=16.8009128571 object_loss=14.8167734146 distance_loss=1.98414027691
Iteration 6 of 100: loss=17.763589859 object_loss=15.7793607712 distance_loss=1.98422825336
Iteration 7 of 100: loss=16.8442211151 object_loss=14.8598747253 distance_loss=1.98434710503
Iteration 8 of 100: loss=16.4502658844 object_loss=14.4660348892 distance_loss=1.98423039913
Iteration 9 of 100: loss=18.045343399 object_loss=16.0611438751 distance_loss=1.98420035839
Iteration 10 of 100: loss=18.6759147644 object_loss=16.6917419434 distance_loss=1.98417198658
Iteration 11 of 100: loss=35.6558303833 object_loss=33.6716117859 distance_loss=1.98422038555
Iteration 12 of 100: loss=31.6957798004 object_loss=29.7117919922 distance_loss=1.98398840427
Iteration 13 of 100: loss=27.5559005737 object_loss=25.5715007782 distance_loss=1.9843994379
Iteration 14 of 100: loss=30.6903018951 object_loss=28.7057590485 distance_loss=1.98454201221
Iteration 15 of 100: loss=36.3556861877 object_loss=34.3710021973 distance_loss=1.98468530178
Iteration 16 of 100: loss=34.0489997864 object_loss=32.0644569397 distance_loss=1.98454141617
Iteration 17 of 100: loss=34.3036384583 object_loss=32.3189430237 distance_loss=1.98469531536
Iteration 18 of 100: loss=33.5884094238 object_loss=31.6035423279 distance_loss=1.98486816883
Iteration 19 of 100: loss=35.2168426514 object_loss=33.2317962646 distance_loss=1.98504674435
Iteration 20 of 100: loss=32.5731239319 object_loss=30.5879478455 distance_loss=1.98517429829
Iteration 21 of 100: loss=34.5967140198 object_loss=32.6115074158 distance_loss=1.98520636559
Iteration 22 of 100: loss=37.2297134399 object_loss=35.2446746826 distance_loss=1.98503875732
Iteration 23 of 100: loss=33.2620887756 object_loss=31.2769947052 distance_loss=1.98509299755
Iteration 24 of 100: loss=32.8625564575 object_loss=30.877368927 distance_loss=1.98518848419
Iteration 25 of 100: loss=33.6356048584 object_loss=31.6504745483 distance_loss=1.98513221741
Iteration 26 of 100: loss=32.2126350403 object_loss=30.2275924683 distance_loss=1.98504281044
Iteration 27 of 100: loss=32.0125389099 object_loss=30.02759552 distance_loss=1.98494160175
Iteration 28 of 100: loss=30.9043674469 object_loss=28.9197177887 distance_loss=1.98464882374
Iteration 29 of 100: loss=29.2376976013 object_loss=27.2531261444 distance_loss=1.98457145691
Iteration 30 of 100: loss=24.3668899536 object_loss=22.3822555542 distance_loss=1.98463523388
Iteration 31 of 100: loss=29.594909668 object_loss=27.6104259491 distance_loss=1.98448288441
Iteration 32 of 100: loss=30.9682388306 object_loss=28.9840011597 distance_loss=1.98423743248
Iteration 33 of 100: loss=31.2063941956 object_loss=29.2216072083 distance_loss=1.98478674889
Iteration 34 of 100: loss=32.4512023926 object_loss=30.4661750793 distance_loss=1.98502707481
Iteration 35 of 100: loss=31.427520752 object_loss=29.442024231 distance_loss=1.98549568653
Iteration 36 of 100: loss=32.3876686096 object_loss=30.4023323059 distance_loss=1.98533797264
Iteration 37 of 100: loss=31.3159236908 object_loss=29.3303642273 distance_loss=1.98555886745
Iteration 38 of 100: loss=16.2822189331 object_loss=14.2963352203 distance_loss=1.9858828783
Iteration 39 of 100: loss=16.9787521362 object_loss=14.9927387238 distance_loss=1.98601293564
Iteration 40 of 100: loss=15.8857660294 object_loss=13.9001531601 distance_loss=1.98561310768
Iteration 41 of 100: loss=15.5755729675 object_loss=13.5899143219 distance_loss=1.98565900326
Iteration 42 of 100: loss=15.9020357132 object_loss=13.9163484573 distance_loss=1.98568737507
Iteration 43 of 100: loss=14.9441375732 object_loss=12.9585638046 distance_loss=1.98557341099
Iteration 44 of 100: loss=17.8518505096 object_loss=15.866312027 distance_loss=1.98553776741
Iteration 45 of 100: loss=17.5017375946 object_loss=15.5162439346 distance_loss=1.98549365997
Iteration 46 of 100: loss=15.8751506805 object_loss=13.8896198273 distance_loss=1.98553037643
Iteration 47 of 100: loss=15.3481397629 object_loss=13.36277771 distance_loss=1.9853618145
Iteration 48 of 100: loss=15.0964612961 object_loss=13.1115341187 distance_loss=1.98492729664
Iteration 49 of 100: loss=16.6680965424 object_loss=14.6833229065 distance_loss=1.98477447033
Iteration 50 of 100: loss=16.3430843353 object_loss=14.3583507538 distance_loss=1.98473405838
Iteration 51 of 100: loss=16.3138389587 object_loss=14.329120636 distance_loss=1.98471808434
Iteration 52 of 100: loss=17.7199287415 object_loss=15.7356987 distance_loss=1.98423039913
Iteration 53 of 100: loss=18.0651245117 object_loss=16.0809707642 distance_loss=1.9841530323
Iteration 54 of 100: loss=17.8550491333 object_loss=15.8710546494 distance_loss=1.98399376869
Iteration 55 of 100: loss=16.0785121918 object_loss=14.0945196152 distance_loss=1.98399209976
Iteration 56 of 100: loss=16.1514892578 object_loss=14.1675567627 distance_loss=1.98393237591
Iteration 57 of 100: loss=14.0234498978 object_loss=12.0394935608 distance_loss=1.98395609856
Iteration 58 of 100: loss=17.1218318939 object_loss=15.1378040314 distance_loss=1.98402714729
Iteration 59 of 100: loss=17.5439548492 object_loss=15.5597600937 distance_loss=1.9841940403
Iteration 60 of 100: loss=17.9852352142 object_loss=16.0008659363 distance_loss=1.98436939716
Iteration 61 of 100: loss=14.9914255142 object_loss=13.0068807602 distance_loss=1.98454475403
Iteration 62 of 100: loss=15.6636104584 object_loss=13.67877388 distance_loss=1.98483681679
Iteration 63 of 100: loss=17.1204109192 object_loss=15.1351852417 distance_loss=1.98522603512
Iteration 64 of 100: loss=19.261838913 object_loss=17.2764034271 distance_loss=1.98543548584
Iteration 65 of 100: loss=19.0686206818 object_loss=17.0828151703 distance_loss=1.98580539227
Iteration 66 of 100: loss=16.6227703094 object_loss=14.6366577148 distance_loss=1.98611342907
Iteration 67 of 100: loss=17.7980136871 object_loss=15.811621666 distance_loss=1.98639178276
Iteration 68 of 100: loss=20.1765098572 object_loss=18.1898708344 distance_loss=1.98663926125
Iteration 69 of 100: loss=18.659526825 object_loss=16.6723365784 distance_loss=1.98718976974
Iteration 70 of 100: loss=18.5716705322 object_loss=16.5840644836 distance_loss=1.98760604858
Iteration 71 of 100: loss=16.2712650299 object_loss=14.2833633423 distance_loss=1.98790097237
Iteration 72 of 100: loss=16.413980484 object_loss=14.4260988235 distance_loss=1.9878821373
Iteration 73 of 100: loss=11.037653923 object_loss=9.04944515228 distance_loss=1.98820912838
Iteration 74 of 100: loss=11.9879179001 object_loss=9.99936294556 distance_loss=1.98855519295
Iteration 75 of 100: loss=13.3779649734 object_loss=11.3892860413 distance_loss=1.98867881298
Iteration 76 of 100: loss=12.4990329742 object_loss=10.5107212067 distance_loss=1.98831152916
Iteration 77 of 100: loss=13.9643774033 object_loss=11.9760560989 distance_loss=1.98832094669
Iteration 78 of 100: loss=11.8142375946 object_loss=9.82587051392 distance_loss=1.98836731911
Iteration 79 of 100: loss=12.4475393295 object_loss=10.4589385986 distance_loss=1.98860061169
Iteration 80 of 100: loss=13.1959438324 object_loss=11.2069063187 distance_loss=1.98903775215
Iteration 81 of 100: loss=12.2705755234 object_loss=10.2814788818 distance_loss=1.98909687996
Iteration 82 of 100: loss=10.9785289764 object_loss=8.98945617676 distance_loss=1.98907279968
Iteration 83 of 100: loss=10.4580011368 object_loss=8.46871471405 distance_loss=1.98928642273
Iteration 84 of 100: loss=10.6087255478 object_loss=8.61908245087 distance_loss=1.98964333534
Iteration 85 of 100: loss=11.6101551056 object_loss=9.62041568756 distance_loss=1.9897390604
Iteration 86 of 100: loss=13.7549314499 object_loss=11.7650156021 distance_loss=1.98991584778
Iteration 87 of 100: loss=12.8361196518 object_loss=10.8460865021 distance_loss=1.9900329113
Iteration 88 of 100: loss=10.9247627258 object_loss=8.93493461609 distance_loss=1.98982775211
Iteration 89 of 100: loss=10.2334957123 object_loss=8.24349021912 distance_loss=1.99000597
Iteration 90 of 100: loss=10.5122470856 object_loss=8.52185630798 distance_loss=1.99039113522
Iteration 91 of 100: loss=12.3924694061 object_loss=10.401807785 distance_loss=1.99066150188
Iteration 92 of 100: loss=15.459564209 object_loss=13.4690065384 distance_loss=1.99055755138
Iteration 93 of 100: loss=14.7484283447 object_loss=12.7575206757 distance_loss=1.99090731144
Iteration 94 of 100: loss=15.3069887161 object_loss=13.3160657883 distance_loss=1.99092304707
Iteration 95 of 100: loss=13.9443817139 object_loss=11.9533548355 distance_loss=1.99102663994
Iteration 96 of 100: loss=11.8210859299 object_loss=9.8301486969 distance_loss=1.99093687534
Iteration 97 of 100: loss=10.7068786621 object_loss=8.71608924866 distance_loss=1.99078905582
Iteration 98 of 100: loss=11.2005500793 object_loss=9.2095785141 distance_loss=1.99097156525
Iteration 99 of 100: loss=13.2782411575 object_loss=11.2869300842 distance_loss=1.99131071568
Iteration 0 of 100: loss=12.0526895523 object_loss=10.0612697601 distance_loss=1.9914201498
Iteration 1 of 100: loss=24.5354385376 object_loss=22.5437545776 distance_loss=1.99168407917
Iteration 2 of 100: loss=22.8187866211 object_loss=20.8269138336 distance_loss=1.99187207222
Iteration 3 of 100: loss=24.3838119507 object_loss=22.3916320801 distance_loss=1.99218010902
Iteration 4 of 100: loss=24.4249458313 object_loss=22.4327125549 distance_loss=1.992233634
Iteration 5 of 100: loss=30.4957313538 object_loss=28.5034370422 distance_loss=1.9922940731
Iteration 6 of 100: loss=30.1938724518 object_loss=28.2015972137 distance_loss=1.99227559566
Iteration 7 of 100: loss=31.3915424347 object_loss=29.3992328644 distance_loss=1.99230909348
Iteration 8 of 100: loss=28.029466629 object_loss=26.0374851227 distance_loss=1.9919822216
Iteration 9 of 100: loss=26.6519813538 object_loss=24.6601543427 distance_loss=1.99182713032
Iteration 10 of 100: loss=29.1146602631 object_loss=27.1226615906 distance_loss=1.9919989109
Iteration 11 of 100: loss=29.751499176 object_loss=27.7597141266 distance_loss=1.99178409576
Iteration 12 of 100: loss=29.1486415863 object_loss=27.1576004028 distance_loss=1.99104166031
Iteration 13 of 100: loss=29.6329193115 object_loss=27.6418609619 distance_loss=1.99105834961
Iteration 14 of 100: loss=29.662935257 object_loss=27.6716575623 distance_loss=1.99127733707
Iteration 15 of 100: loss=29.2796058655 object_loss=27.2884483337 distance_loss=1.99115812778
Iteration 16 of 100: loss=29.1029281616 object_loss=27.1119270325 distance_loss=1.99100089073
Iteration 17 of 100: loss=29.618555069 object_loss=27.6275062561 distance_loss=1.9910492897
Iteration 18 of 100: loss=30.1517829895 object_loss=28.160692215 distance_loss=1.99109137058
Iteration 19 of 100: loss=28.8917770386 object_loss=26.9004936218 distance_loss=1.99128329754
Iteration 20 of 100: loss=27.7380390167 object_loss=25.7467861176 distance_loss=1.99125289917
Iteration 21 of 100: loss=24.3621063232 object_loss=22.3709220886 distance_loss=1.99118387699
Iteration 22 of 100: loss=25.989906311 object_loss=23.9986839294 distance_loss=1.99122166634
Iteration 23 of 100: loss=28.1589927673 object_loss=26.1676654816 distance_loss=1.99132633209
Iteration 24 of 100: loss=30.2445831299 object_loss=28.2533378601 distance_loss=1.99124526978
Iteration 25 of 100: loss=27.9112606049 object_loss=25.919752121 distance_loss=1.99150788784
Iteration 26 of 100: loss=28.9192218781 object_loss=26.9275779724 distance_loss=1.99164402485
Iteration 27 of 100: loss=30.7193527222 object_loss=28.7278633118 distance_loss=1.99149000645
Iteration 28 of 100: loss=15.4089975357 object_loss=13.4174957275 distance_loss=1.99150168896
Iteration 29 of 100: loss=16.0224132538 object_loss=14.0308361053 distance_loss=1.99157643318
Iteration 30 of 100: loss=17.2637290955 object_loss=15.2721843719 distance_loss=1.9915446043
Iteration 31 of 100: loss=23.2395858765 object_loss=21.2479877472 distance_loss=1.99159872532
Iteration 32 of 100: loss=11.8058357239 object_loss=9.81442928314 distance_loss=1.99140608311
Iteration 33 of 100: loss=12.1241102219 object_loss=10.1325044632 distance_loss=1.99160563946
Iteration 34 of 100: loss=11.2433080673 object_loss=9.25171947479 distance_loss=1.99158835411
Iteration 35 of 100: loss=13.8903045654 object_loss=11.8989267349 distance_loss=1.9913777113
Iteration 36 of 100: loss=17.6520690918 object_loss=15.6609830856 distance_loss=1.99108588696
Iteration 37 of 100: loss=16.03358078 object_loss=14.0425405502 distance_loss=1.99103987217
Iteration 38 of 100: loss=15.828792572 object_loss=13.8378343582 distance_loss=1.99095857143
Iteration 39 of 100: loss=16.723405838 object_loss=14.7323493958 distance_loss=1.99105596542
Iteration 40 of 100: loss=17.9070892334 object_loss=15.9159927368 distance_loss=1.99109554291
Iteration 41 of 100: loss=17.2663040161 object_loss=15.2753248215 distance_loss=1.99097895622
Iteration 42 of 100: loss=18.4820194244 object_loss=16.4909706116 distance_loss=1.99104845524
Iteration 43 of 100: loss=17.9567203522 object_loss=15.9652462006 distance_loss=1.99147355556
Iteration 44 of 100: loss=18.8548564911 object_loss=16.8632602692 distance_loss=1.99159681797
Iteration 45 of 100: loss=17.413061142 object_loss=15.4212932587 distance_loss=1.99176859856
Iteration 46 of 100: loss=21.6935501099 object_loss=19.7012310028 distance_loss=1.99231863022
Iteration 47 of 100: loss=24.9876976013 object_loss=22.9949512482 distance_loss=1.99274682999
Iteration 48 of 100: loss=22.7391853333 object_loss=20.7462387085 distance_loss=1.99294650555
Iteration 49 of 100: loss=22.7481441498 object_loss=20.7546920776 distance_loss=1.99345183372
Iteration 50 of 100: loss=26.8476486206 object_loss=24.8537464142 distance_loss=1.99390220642
Iteration 51 of 100: loss=28.8414993286 object_loss=26.8472652435 distance_loss=1.99423503876
Iteration 52 of 100: loss=26.0309123993 object_loss=24.0366039276 distance_loss=1.99430775642
Iteration 53 of 100: loss=25.3435153961 object_loss=23.3488883972 distance_loss=1.99462664127
Iteration 54 of 100: loss=21.9463233948 object_loss=19.9515342712 distance_loss=1.99478816986
Iteration 55 of 100: loss=26.9016304016 object_loss=24.9068984985 distance_loss=1.99473130703
Iteration 56 of 100: loss=23.3615627289 object_loss=21.3669815063 distance_loss=1.99458098412
Iteration 57 of 100: loss=20.9055633545 object_loss=18.9110050201 distance_loss=1.99455845356
Iteration 58 of 100: loss=17.8228244781 object_loss=15.8281650543 distance_loss=1.99465918541
Iteration 59 of 100: loss=21.2489242554 object_loss=19.2540721893 distance_loss=1.99485206604
Iteration 60 of 100: loss=20.4528312683 object_loss=18.4581699371 distance_loss=1.99466204643
Iteration 61 of 100: loss=18.3386077881 object_loss=16.3440189362 distance_loss=1.99458944798
Iteration 62 of 100: loss=17.4690628052 object_loss=15.4745292664 distance_loss=1.99453270435
Iteration 63 of 100: loss=17.5691719055 object_loss=15.5745134354 distance_loss=1.99465799332
Iteration 64 of 100: loss=17.3769817352 object_loss=15.38235569 distance_loss=1.99462544918
Iteration 65 of 100: loss=20.794670105 object_loss=18.8003368378 distance_loss=1.99433350563
Iteration 66 of 100: loss=20.3007545471 object_loss=18.3065509796 distance_loss=1.99420309067
Iteration 67 of 100: loss=20.2985401154 object_loss=18.3043479919 distance_loss=1.99419248104
Iteration 68 of 100: loss=20.2579135895 object_loss=18.2638034821 distance_loss=1.99411082268
Iteration 69 of 100: loss=18.4404659271 object_loss=16.4464588165 distance_loss=1.99400639534
Iteration 70 of 100: loss=20.975484848 object_loss=18.9811077118 distance_loss=1.99437785149
Iteration 71 of 100: loss=20.1507453918 object_loss=18.1560459137 distance_loss=1.99469912052
Iteration 72 of 100: loss=17.3924884796 object_loss=15.3980550766 distance_loss=1.99443423748
Iteration 73 of 100: loss=17.2272186279 object_loss=15.2324771881 distance_loss=1.99474167824
Iteration 74 of 100: loss=16.6401176453 object_loss=14.6450214386 distance_loss=1.99509572983
Iteration 75 of 100: loss=14.180850029 object_loss=12.1855392456 distance_loss=1.99531114101
Iteration 76 of 100: loss=16.3525657654 object_loss=14.3572301865 distance_loss=1.99533605576
Iteration 77 of 100: loss=16.2532463074 object_loss=14.2577228546 distance_loss=1.9955239296
Iteration 78 of 100: loss=15.4051580429 object_loss=13.4097967148 distance_loss=1.99536108971
Iteration 79 of 100: loss=15.368519783 object_loss=13.3729944229 distance_loss=1.9955252409
Iteration 80 of 100: loss=26.6342506409 object_loss=24.6387844086 distance_loss=1.99546682835
Iteration 81 of 100: loss=27.960193634 object_loss=25.9647064209 distance_loss=1.9954880476
Iteration 82 of 100: loss=27.4502124786 object_loss=25.454744339 distance_loss=1.9954675436
Iteration 83 of 100: loss=30.574382782 object_loss=28.5789031982 distance_loss=1.99548006058
Iteration 84 of 100: loss=31.0204410553 object_loss=29.0253257751 distance_loss=1.99511444569
Iteration 85 of 100: loss=30.0490531921 object_loss=28.0539512634 distance_loss=1.99510109425
Iteration 86 of 100: loss=32.8970718384 object_loss=30.901884079 distance_loss=1.99518966675
Iteration 87 of 100: loss=35.2462806702 object_loss=33.2509841919 distance_loss=1.99529671669
Iteration 88 of 100: loss=33.7288589478 object_loss=31.7331581116 distance_loss=1.99570167065
Iteration 89 of 100: loss=33.0174293518 object_loss=31.0211982727 distance_loss=1.99623119831
Iteration 90 of 100: loss=34.0819473267 object_loss=32.0855445862 distance_loss=1.99640202522
Iteration 91 of 100: loss=33.7924461365 object_loss=31.7956943512 distance_loss=1.99675285816
Iteration 92 of 100: loss=33.1217384338 object_loss=31.124956131 distance_loss=1.99678218365
Iteration 93 of 100: loss=20.2033233643 object_loss=18.2062835693 distance_loss=1.99703991413
Iteration 94 of 100: loss=21.112247467 object_loss=19.1148853302 distance_loss=1.99736225605
Iteration 95 of 100: loss=20.9345149994 object_loss=18.937046051 distance_loss=1.99746835232
Iteration 96 of 100: loss=18.4055099487 object_loss=16.4082679749 distance_loss=1.99724161625
Iteration 97 of 100: loss=19.9922409058 object_loss=17.9949684143 distance_loss=1.99727332592
Iteration 98 of 100: loss=21.4791755676 object_loss=19.4819068909 distance_loss=1.99726879597
Iteration 99 of 100: loss=33.9565849304 object_loss=31.9596672058 distance_loss=1.99691700935
Iteration 0 of 100: loss=36.5581283569 object_loss=34.5613632202 distance_loss=1.99676382542
Iteration 1 of 100: loss=40.1153297424 object_loss=38.118850708 distance_loss=1.9964774847
Iteration 2 of 100: loss=39.9741363525 object_loss=37.9781303406 distance_loss=1.99600458145
Iteration 3 of 100: loss=38.1372108459 object_loss=36.1413993835 distance_loss=1.99581182003
Iteration 4 of 100: loss=43.1543617249 object_loss=41.15883255 distance_loss=1.99553096294
Iteration 5 of 100: loss=41.180721283 object_loss=39.1853218079 distance_loss=1.99540019035
Iteration 6 of 100: loss=43.1496887207 object_loss=41.1546936035 distance_loss=1.99499666691
Iteration 7 of 100: loss=41.3114852905 object_loss=39.3167076111 distance_loss=1.99477815628
Iteration 8 of 100: loss=42.4678497314 object_loss=40.4733734131 distance_loss=1.99447631836
Iteration 9 of 100: loss=41.2832336426 object_loss=39.2886238098 distance_loss=1.99460852146
Iteration 10 of 100: loss=36.9851570129 object_loss=34.9909667969 distance_loss=1.99419093132
Iteration 11 of 100: loss=36.0361099243 object_loss=34.0423583984 distance_loss=1.99374961853
Iteration 12 of 100: loss=33.5060501099 object_loss=31.5127906799 distance_loss=1.99325895309
Iteration 13 of 100: loss=32.3486213684 object_loss=30.355266571 distance_loss=1.99335539341
Iteration 14 of 100: loss=31.9609203339 object_loss=29.9676170349 distance_loss=1.99330413342
Iteration 15 of 100: loss=38.1924629211 object_loss=36.1992301941 distance_loss=1.99323189259
Iteration 16 of 100: loss=41.4851150513 object_loss=39.4923095703 distance_loss=1.99280381203
Iteration 17 of 100: loss=41.6125793457 object_loss=39.619934082 distance_loss=1.99264419079
Iteration 18 of 100: loss=42.6257476807 object_loss=40.6329956055 distance_loss=1.99275350571
Iteration 19 of 100: loss=38.4168624878 object_loss=36.4239807129 distance_loss=1.9928830862
Iteration 20 of 100: loss=38.0703086853 object_loss=36.0774841309 distance_loss=1.99282371998
Iteration 21 of 100: loss=37.0278930664 object_loss=35.0351333618 distance_loss=1.99275946617
Iteration 22 of 100: loss=35.5608520508 object_loss=33.5679664612 distance_loss=1.99288678169
Iteration 23 of 100: loss=22.1566390991 object_loss=20.1634883881 distance_loss=1.99315059185
Iteration 24 of 100: loss=25.3323669434 object_loss=23.3389854431 distance_loss=1.99338161945
Iteration 25 of 100: loss=26.0000419617 object_loss=24.0066795349 distance_loss=1.99336254597
Iteration 26 of 100: loss=25.7958850861 object_loss=23.8024177551 distance_loss=1.99346804619
Iteration 27 of 100: loss=20.5027713776 object_loss=18.5091648102 distance_loss=1.99360692501
Iteration 28 of 100: loss=19.6008644104 object_loss=17.6072883606 distance_loss=1.99357521534
Iteration 29 of 100: loss=19.9564476013 object_loss=17.9627838135 distance_loss=1.99366283417
Iteration 30 of 100: loss=18.1200313568 object_loss=16.1261100769 distance_loss=1.99392199516
Iteration 31 of 100: loss=17.1527252197 object_loss=15.1584367752 distance_loss=1.99428892136
Iteration 32 of 100: loss=13.4688663483 object_loss=11.47498703 distance_loss=1.99387955666
Iteration 33 of 100: loss=15.1978330612 object_loss=13.2036514282 distance_loss=1.99418199062
Iteration 34 of 100: loss=16.1467533112 object_loss=14.1524448395 distance_loss=1.99430775642
Iteration 35 of 100: loss=16.146894455 object_loss=14.1524362564 distance_loss=1.9944576025
Iteration 36 of 100: loss=25.9780197144 object_loss=23.9835033417 distance_loss=1.99451696873
Iteration 37 of 100: loss=25.8889465332 object_loss=23.8943862915 distance_loss=1.99456036091
Iteration 38 of 100: loss=25.8986625671 object_loss=23.904209137 distance_loss=1.99445390701
Iteration 39 of 100: loss=30.516330719 object_loss=28.5217895508 distance_loss=1.99454092979
Iteration 40 of 100: loss=31.8453044891 object_loss=29.8507232666 distance_loss=1.99458181858
Iteration 41 of 100: loss=33.4616966248 object_loss=31.4674911499 distance_loss=1.99420428276
Iteration 42 of 100: loss=35.1211051941 object_loss=33.1274375916 distance_loss=1.99366891384
Iteration 43 of 100: loss=34.7400856018 object_loss=32.7469215393 distance_loss=1.99316263199
Iteration 44 of 100: loss=35.3029441833 object_loss=33.3105621338 distance_loss=1.99238371849
Iteration 45 of 100: loss=31.3383808136 object_loss=29.3463764191 distance_loss=1.99200451374
Iteration 46 of 100: loss=32.4729499817 object_loss=30.4814357758 distance_loss=1.99151396751
Iteration 47 of 100: loss=31.334815979 object_loss=29.3437747955 distance_loss=1.99104070663
Iteration 48 of 100: loss=32.4731407166 object_loss=30.4825668335 distance_loss=1.99057269096
Iteration 49 of 100: loss=34.0987472534 object_loss=32.1086120605 distance_loss=1.99013388157
Iteration 50 of 100: loss=35.1231803894 object_loss=33.133354187 distance_loss=1.98982644081
Iteration 51 of 100: loss=31.2129421234 object_loss=29.2233638763 distance_loss=1.98957812786
Iteration 52 of 100: loss=35.4781188965 object_loss=33.4892158508 distance_loss=1.98890244961
Iteration 53 of 100: loss=27.4086093903 object_loss=25.4199790955 distance_loss=1.98863017559
Iteration 54 of 100: loss=27.049079895 object_loss=25.0604248047 distance_loss=1.98865461349
Iteration 55 of 100: loss=28.1676483154 object_loss=26.1791992188 distance_loss=1.98844921589
Iteration 56 of 100: loss=13.7591533661 object_loss=11.7712078094 distance_loss=1.98794603348
Iteration 57 of 100: loss=13.2501392365 object_loss=11.2622795105 distance_loss=1.98785960674
Iteration 58 of 100: loss=14.337931633 object_loss=12.3500051498 distance_loss=1.98792672157
Iteration 59 of 100: loss=16.5393123627 object_loss=14.5512523651 distance_loss=1.98806059361
Iteration 60 of 100: loss=13.82766819 object_loss=11.8395433426 distance_loss=1.98812460899
Iteration 61 of 100: loss=15.4922590256 object_loss=13.5040550232 distance_loss=1.98820436001
Iteration 62 of 100: loss=15.0512142181 object_loss=13.062869072 distance_loss=1.98834526539
Iteration 63 of 100: loss=21.2303943634 object_loss=19.241815567 distance_loss=1.98857855797
Iteration 64 of 100: loss=15.0537824631 object_loss=13.0649795532 distance_loss=1.98880267143
Iteration 65 of 100: loss=15.2344512939 object_loss=13.2453947067 distance_loss=1.98905682564
Iteration 66 of 100: loss=14.4164381027 object_loss=12.4273138046 distance_loss=1.98912394047
Iteration 67 of 100: loss=15.4621868134 object_loss=13.4730958939 distance_loss=1.98909056187
Iteration 68 of 100: loss=12.6309938431 object_loss=10.6421232224 distance_loss=1.9888702631
Iteration 69 of 100: loss=12.1162872314 object_loss=10.1271438599 distance_loss=1.98914337158
Iteration 70 of 100: loss=11.374414444 object_loss=9.38505935669 distance_loss=1.98935520649
Iteration 71 of 100: loss=12.7193365097 object_loss=10.7299919128 distance_loss=1.98934483528
Iteration 72 of 100: loss=10.7006092072 object_loss=8.71155071259 distance_loss=1.98905849457
Iteration 73 of 100: loss=11.0866575241 object_loss=9.09756851196 distance_loss=1.98908925056
Iteration 74 of 100: loss=10.0467090607 object_loss=8.05777072906 distance_loss=1.98893797398
Iteration 75 of 100: loss=10.1236982346 object_loss=8.13481140137 distance_loss=1.9888869524
Iteration 76 of 100: loss=11.6091709137 object_loss=9.62045764923 distance_loss=1.98871302605
Iteration 77 of 100: loss=11.6264352798 object_loss=9.63780117035 distance_loss=1.98863422871
Iteration 78 of 100: loss=10.8377351761 object_loss=8.84897232056 distance_loss=1.98876273632
Iteration 79 of 100: loss=9.40359687805 object_loss=7.41462564468 distance_loss=1.98897171021
Iteration 80 of 100: loss=10.9148902893 object_loss=8.92602348328 distance_loss=1.98886728287
Iteration 81 of 100: loss=7.49910974503 object_loss=5.51024866104 distance_loss=1.98886096478
Iteration 82 of 100: loss=8.09972858429 object_loss=6.1107544899 distance_loss=1.98897433281
Iteration 83 of 100: loss=14.7826347351 object_loss=12.793466568 distance_loss=1.98916864395
Iteration 84 of 100: loss=15.321185112 object_loss=13.331829071 distance_loss=1.98935616016
Iteration 85 of 100: loss=17.4743461609 object_loss=15.4849882126 distance_loss=1.98935782909
Iteration 86 of 100: loss=20.6330757141 object_loss=18.643787384 distance_loss=1.98928773403
Iteration 87 of 100: loss=20.6202297211 object_loss=18.6307430267 distance_loss=1.98948597908
Iteration 88 of 100: loss=19.5024223328 object_loss=17.5131511688 distance_loss=1.98927044868
Iteration 89 of 100: loss=20.92619133 object_loss=18.9368190765 distance_loss=1.98937225342
Iteration 90 of 100: loss=24.9227218628 object_loss=22.933057785 distance_loss=1.98966491222
Iteration 91 of 100: loss=22.9740200043 object_loss=20.9842300415 distance_loss=1.9897891283
Iteration 92 of 100: loss=24.5769557953 object_loss=22.587556839 distance_loss=1.98939955235
Iteration 93 of 100: loss=27.3061389923 object_loss=25.316204071 distance_loss=1.98993420601
Iteration 94 of 100: loss=28.3252468109 object_loss=26.3349609375 distance_loss=1.99028587341
Iteration 95 of 100: loss=29.2246303558 object_loss=27.2341880798 distance_loss=1.99044287205
Iteration 96 of 100: loss=28.5089874268 object_loss=26.5184612274 distance_loss=1.99052548409
Iteration 97 of 100: loss=27.8382053375 object_loss=25.8474788666 distance_loss=1.99072623253
Iteration 98 of 100: loss=18.6747779846 object_loss=16.6837596893 distance_loss=1.99101924896
Iteration 99 of 100: loss=18.9143486023 object_loss=16.9229755402 distance_loss=1.9913725853
Iteration 0 of 100: loss=17.2284126282 object_loss=15.2369089127 distance_loss=1.99150419235
Iteration 1 of 100: loss=12.7564849854 object_loss=10.7650547028 distance_loss=1.99143016338
Iteration 2 of 100: loss=12.8914203644 object_loss=10.9001913071 distance_loss=1.9912289381
Iteration 3 of 100: loss=14.111951828 object_loss=12.1207580566 distance_loss=1.99119389057
Iteration 4 of 100: loss=15.3866071701 object_loss=13.3957071304 distance_loss=1.99089980125
Iteration 5 of 100: loss=12.1698560715 object_loss=10.1793804169 distance_loss=1.99047589302
Iteration 6 of 100: loss=10.9297866821 object_loss=8.93960094452 distance_loss=1.99018526077
Iteration 7 of 100: loss=11.9256706238 object_loss=9.93555355072 distance_loss=1.99011743069
Iteration 8 of 100: loss=14.0942935944 object_loss=12.1041889191 distance_loss=1.99010515213
Iteration 9 of 100: loss=12.4004278183 object_loss=10.4103050232 distance_loss=1.99012315273
Iteration 10 of 100: loss=13.3628873825 object_loss=11.3726882935 distance_loss=1.99019920826
Iteration 11 of 100: loss=13.293132782 object_loss=11.3028020859 distance_loss=1.99033093452
Iteration 12 of 100: loss=13.0497703552 object_loss=11.059595108 distance_loss=1.99017500877
Iteration 13 of 100: loss=12.4024057388 object_loss=10.4121952057 distance_loss=1.99021041393
Iteration 14 of 100: loss=10.5433282852 object_loss=8.55279350281 distance_loss=1.9905346632
Iteration 15 of 100: loss=17.292432785 object_loss=15.3016281128 distance_loss=1.99080550671
Iteration 16 of 100: loss=13.0459976196 object_loss=11.0553770065 distance_loss=1.9906206131
Iteration 17 of 100: loss=12.6943149567 object_loss=10.7035942078 distance_loss=1.9907207489
Iteration 18 of 100: loss=10.8184871674 object_loss=8.82756233215 distance_loss=1.99092447758
Iteration 19 of 100: loss=13.1780929565 object_loss=11.1867904663 distance_loss=1.9913020134
Iteration 20 of 100: loss=13.7419662476 object_loss=11.7506504059 distance_loss=1.99131560326
Iteration 21 of 100: loss=26.8991584778 object_loss=24.907661438 distance_loss=1.99149656296
Iteration 22 of 100: loss=26.9395160675 object_loss=24.9480762482 distance_loss=1.99143993855
Iteration 23 of 100: loss=28.5204086304 object_loss=26.5287437439 distance_loss=1.99166440964
Iteration 24 of 100: loss=27.4105625153 object_loss=25.4187927246 distance_loss=1.9917691946
Iteration 25 of 100: loss=26.2055835724 object_loss=24.2137470245 distance_loss=1.99183642864
Iteration 26 of 100: loss=24.6628551483 object_loss=22.6707553864 distance_loss=1.9920989275
Iteration 27 of 100: loss=23.9827327728 object_loss=21.9905910492 distance_loss=1.99214100838
Iteration 28 of 100: loss=23.985660553 object_loss=21.9938678741 distance_loss=1.99179232121
Iteration 29 of 100: loss=19.8462543488 object_loss=17.8544998169 distance_loss=1.99175477028
Iteration 30 of 100: loss=22.3129024506 object_loss=20.3211612701 distance_loss=1.99174201488
Iteration 31 of 100: loss=20.9531097412 object_loss=18.9615936279 distance_loss=1.99151623249
Iteration 32 of 100: loss=17.1099891663 object_loss=15.1190729141 distance_loss=1.99091720581
Iteration 33 of 100: loss=22.0676498413 object_loss=20.076833725 distance_loss=1.99081552029
Iteration 34 of 100: loss=17.6618709564 object_loss=15.671421051 distance_loss=1.9904499054
Iteration 35 of 100: loss=17.5717926025 object_loss=15.5815944672 distance_loss=1.99019825459
Iteration 36 of 100: loss=24.2132472992 object_loss=22.2233905792 distance_loss=1.98985743523
Iteration 37 of 100: loss=18.8267669678 object_loss=16.8373641968 distance_loss=1.98940336704
Iteration 38 of 100: loss=28.1286373138 object_loss=26.1394062042 distance_loss=1.98923134804
Iteration 39 of 100: loss=24.2802753448 object_loss=22.2912330627 distance_loss=1.98904311657
Iteration 40 of 100: loss=26.0179386139 object_loss=24.029302597 distance_loss=1.98863565922
Iteration 41 of 100: loss=31.814666748 object_loss=29.8260383606 distance_loss=1.98862826824
Iteration 42 of 100: loss=30.8404808044 object_loss=28.8519058228 distance_loss=1.98857450485
Iteration 43 of 100: loss=32.7651939392 object_loss=30.7764854431 distance_loss=1.98870992661
Iteration 44 of 100: loss=31.1058807373 object_loss=29.1171283722 distance_loss=1.98875176907
Iteration 45 of 100: loss=18.6917419434 object_loss=16.702960968 distance_loss=1.98878085613
Iteration 46 of 100: loss=16.7755565643 object_loss=14.7869539261 distance_loss=1.98860239983
Iteration 47 of 100: loss=14.1646461487 object_loss=12.1761074066 distance_loss=1.98853838444
Iteration 48 of 100: loss=21.9043388367 object_loss=19.9162769318 distance_loss=1.98806262016
Iteration 49 of 100: loss=27.3175983429 object_loss=25.3299942017 distance_loss=1.98760402203
Iteration 50 of 100: loss=30.1125469208 object_loss=28.1252269745 distance_loss=1.98731935024
Iteration 51 of 100: loss=31.207857132 object_loss=29.2209777832 distance_loss=1.98688006401
Iteration 52 of 100: loss=27.9411964417 object_loss=25.9551849365 distance_loss=1.98601067066
Iteration 53 of 100: loss=25.3599033356 object_loss=23.3740615845 distance_loss=1.98584246635
Iteration 54 of 100: loss=25.5784549713 object_loss=23.5930156708 distance_loss=1.98543930054
Iteration 55 of 100: loss=30.6562690735 object_loss=28.6714038849 distance_loss=1.98486483097
Iteration 56 of 100: loss=31.0700092316 object_loss=29.0858726501 distance_loss=1.984136343
Iteration 57 of 100: loss=31.2124557495 object_loss=29.2289447784 distance_loss=1.98351120949
Iteration 58 of 100: loss=34.2497406006 object_loss=32.2670631409 distance_loss=1.98267793655
Iteration 59 of 100: loss=27.2897777557 object_loss=25.3074302673 distance_loss=1.98234701157
Iteration 60 of 100: loss=25.5045471191 object_loss=23.5226783752 distance_loss=1.98186910152
Iteration 61 of 100: loss=30.4406337738 object_loss=28.4592609406 distance_loss=1.98137295246
Iteration 62 of 100: loss=26.3988265991 object_loss=24.4175796509 distance_loss=1.98124670982
Iteration 63 of 100: loss=30.6985683441 object_loss=28.7172832489 distance_loss=1.98128533363
Iteration 64 of 100: loss=11.6584434509 object_loss=9.6772851944 distance_loss=1.98115825653
Iteration 65 of 100: loss=12.1490383148 object_loss=10.1679201126 distance_loss=1.98111796379
Iteration 66 of 100: loss=12.447426796 object_loss=10.4662017822 distance_loss=1.98122465611
Iteration 67 of 100: loss=12.8007144928 object_loss=10.8194265366 distance_loss=1.98128771782
Iteration 68 of 100: loss=11.8274755478 object_loss=9.84624099731 distance_loss=1.98123443127
Iteration 69 of 100: loss=8.98613548279 object_loss=7.00497770309 distance_loss=1.98115825653
Iteration 70 of 100: loss=11.6614980698 object_loss=9.68014812469 distance_loss=1.98135006428
Iteration 71 of 100: loss=13.4231376648 object_loss=11.4416818619 distance_loss=1.9814555645
Iteration 72 of 100: loss=13.802271843 object_loss=11.8212032318 distance_loss=1.98106873035
Iteration 73 of 100: loss=14.9922208786 object_loss=13.0109930038 distance_loss=1.98122763634
Iteration 74 of 100: loss=13.6387805939 object_loss=11.6576156616 distance_loss=1.98116457462
Iteration 75 of 100: loss=13.9741296768 object_loss=11.9930677414 distance_loss=1.98106229305
Iteration 76 of 100: loss=14.9049243927 object_loss=12.9243154526 distance_loss=1.98060846329
Iteration 77 of 100: loss=16.4411792755 object_loss=14.4605426788 distance_loss=1.98063659668
Iteration 78 of 100: loss=32.3703918457 object_loss=30.3899459839 distance_loss=1.98044586182
Iteration 79 of 100: loss=35.3006439209 object_loss=33.3202171326 distance_loss=1.98042857647
Iteration 80 of 100: loss=35.6748123169 object_loss=33.6942062378 distance_loss=1.98060750961
Iteration 81 of 100: loss=32.7618408203 object_loss=30.7811813354 distance_loss=1.98066139221
Iteration 82 of 100: loss=31.0760555267 object_loss=29.0952854156 distance_loss=1.98077070713
Iteration 83 of 100: loss=30.6664390564 object_loss=28.6854801178 distance_loss=1.98095834255
Iteration 84 of 100: loss=30.9132461548 object_loss=28.9323062897 distance_loss=1.98093998432
Iteration 85 of 100: loss=31.6635284424 object_loss=29.6825408936 distance_loss=1.98098671436
Iteration 86 of 100: loss=33.4085731506 object_loss=31.4275741577 distance_loss=1.98100030422
Iteration 87 of 100: loss=33.6865081787 object_loss=31.7055282593 distance_loss=1.98098170757
Iteration 88 of 100: loss=35.0003547668 object_loss=33.0195198059 distance_loss=1.98083662987
Iteration 89 of 100: loss=35.3563079834 object_loss=33.3752632141 distance_loss=1.98104655743
Iteration 90 of 100: loss=33.99949646 object_loss=32.0185508728 distance_loss=1.98094642162
Iteration 91 of 100: loss=35.7365150452 object_loss=33.7556724548 distance_loss=1.98084282875
Iteration 92 of 100: loss=36.6646575928 object_loss=34.6841430664 distance_loss=1.98051321507
Iteration 93 of 100: loss=37.5099906921 object_loss=35.5293045044 distance_loss=1.98068761826
Iteration 94 of 100: loss=34.0752105713 object_loss=32.0942726135 distance_loss=1.98093891144
Iteration 95 of 100: loss=34.2012062073 object_loss=32.2200508118 distance_loss=1.98115408421
Iteration 96 of 100: loss=34.3324584961 object_loss=32.3511734009 distance_loss=1.98128533363
Iteration 97 of 100: loss=34.7704429626 object_loss=32.7888298035 distance_loss=1.98161172867
Iteration 98 of 100: loss=33.8826370239 object_loss=31.900144577 distance_loss=1.98249089718
Iteration 99 of 100: loss=31.4005870819 object_loss=29.4171447754 distance_loss=1.98344242573
Iteration 0 of 100: loss=34.4386520386 object_loss=32.4549560547 distance_loss=1.9836974144
Iteration 1 of 100: loss=35.3201751709 object_loss=33.3360176086 distance_loss=1.98415720463
Iteration 2 of 100: loss=33.9503898621 object_loss=31.9653205872 distance_loss=1.98506975174
Iteration 3 of 100: loss=31.981086731 object_loss=29.995098114 distance_loss=1.98598909378
Iteration 4 of 100: loss=29.1407546997 object_loss=27.1538486481 distance_loss=1.98690533638
Iteration 5 of 100: loss=30.7697525024 object_loss=28.7820186615 distance_loss=1.98773419857
Iteration 6 of 100: loss=30.0127506256 object_loss=28.0243034363 distance_loss=1.98844671249
Iteration 7 of 100: loss=31.5032501221 object_loss=29.514257431 distance_loss=1.9889934063
Iteration 8 of 100: loss=32.0570335388 object_loss=30.0675144196 distance_loss=1.98951935768
Iteration 9 of 100: loss=36.897769928 object_loss=34.907661438 distance_loss=1.99010848999
Iteration 10 of 100: loss=37.483127594 object_loss=35.4923400879 distance_loss=1.99078917503
Iteration 11 of 100: loss=35.3551216125 object_loss=33.363658905 distance_loss=1.99146282673
Iteration 12 of 100: loss=12.5681657791 object_loss=10.5764064789 distance_loss=1.9917589426
Iteration 13 of 100: loss=19.4413108826 object_loss=17.4485683441 distance_loss=1.99274277687
Iteration 14 of 100: loss=16.6111087799 object_loss=14.6177883148 distance_loss=1.99332129955
Iteration 15 of 100: loss=18.0481338501 object_loss=16.0544567108 distance_loss=1.99367797375
Iteration 16 of 100: loss=18.2570114136 object_loss=16.2630729675 distance_loss=1.99393868446
Iteration 17 of 100: loss=15.1781826019 object_loss=13.1839694977 distance_loss=1.99421262741
Iteration 18 of 100: loss=15.4138355255 object_loss=13.4194030762 distance_loss=1.99443256855
Iteration 19 of 100: loss=15.0503740311 object_loss=13.0555419922 distance_loss=1.99483191967
Iteration 20 of 100: loss=15.7524013519 object_loss=13.7573451996 distance_loss=1.99505639076
Iteration 21 of 100: loss=13.2665376663 object_loss=11.2714223862 distance_loss=1.99511539936
Iteration 22 of 100: loss=10.2454071045 object_loss=8.2498664856 distance_loss=1.99554085732
Iteration 23 of 100: loss=8.10475826263 object_loss=6.10881900787 distance_loss=1.99593937397
Iteration 24 of 100: loss=11.6670589447 object_loss=9.67113780975 distance_loss=1.99592077732
Iteration 25 of 100: loss=10.528386116 object_loss=8.5323677063 distance_loss=1.99601852894
Iteration 26 of 100: loss=10.4899129868 object_loss=8.49377536774 distance_loss=1.99613761902
Iteration 27 of 100: loss=9.38274669647 object_loss=7.38662576675 distance_loss=1.99612092972
Iteration 28 of 100: loss=9.58553600311 object_loss=7.58958053589 distance_loss=1.99595546722
Iteration 29 of 100: loss=7.31736516953 object_loss=5.32142066956 distance_loss=1.99594449997
Iteration 30 of 100: loss=10.148859024 object_loss=8.1533498764 distance_loss=1.99550962448
Iteration 31 of 100: loss=8.72437286377 object_loss=6.72893285751 distance_loss=1.99544048309
Iteration 32 of 100: loss=7.94105529785 object_loss=5.94626903534 distance_loss=1.99478650093
Iteration 33 of 100: loss=9.2403717041 object_loss=7.24560260773 distance_loss=1.99476861954
Iteration 34 of 100: loss=8.96122837067 object_loss=6.9664721489 distance_loss=1.99475610256
Iteration 35 of 100: loss=8.79305171967 object_loss=6.79862117767 distance_loss=1.99443089962
Iteration 36 of 100: loss=8.65710544586 object_loss=6.66326332092 distance_loss=1.99384188652
Iteration 37 of 100: loss=9.6747341156 object_loss=7.68105125427 distance_loss=1.99368309975
Iteration 38 of 100: loss=10.2450666428 object_loss=8.2514667511 distance_loss=1.99360001087
Iteration 39 of 100: loss=9.64005661011 object_loss=7.64648485184 distance_loss=1.9935721159
Iteration 40 of 100: loss=9.60779190063 object_loss=7.61417198181 distance_loss=1.99361944199
Iteration 41 of 100: loss=7.94628572464 object_loss=5.95273971558 distance_loss=1.99354612827
Iteration 42 of 100: loss=10.4562168121 object_loss=8.46295070648 distance_loss=1.99326658249
Iteration 43 of 100: loss=9.70606040955 object_loss=7.71277141571 distance_loss=1.99328899384
Iteration 44 of 100: loss=10.3346805573 object_loss=8.34142780304 distance_loss=1.99325311184
Iteration 45 of 100: loss=13.1649675369 object_loss=11.1717605591 distance_loss=1.99320685863
Iteration 46 of 100: loss=12.8075809479 object_loss=10.8142080307 distance_loss=1.99337291718
Iteration 47 of 100: loss=11.1048946381 object_loss=9.11148834229 distance_loss=1.9934066534
Iteration 48 of 100: loss=10.5693798065 object_loss=8.57621860504 distance_loss=1.99316084385
Iteration 49 of 100: loss=10.5716333389 object_loss=8.57841205597 distance_loss=1.99322092533
Iteration 50 of 100: loss=11.319024086 object_loss=9.32570362091 distance_loss=1.99332046509
Iteration 51 of 100: loss=12.7148799896 object_loss=10.7215480804 distance_loss=1.99333155155
Iteration 52 of 100: loss=12.8595495224 object_loss=10.8663291931 distance_loss=1.99322068691
Iteration 53 of 100: loss=12.8741521835 object_loss=10.8805465698 distance_loss=1.99360573292
Iteration 54 of 100: loss=14.7154788971 object_loss=12.7216253281 distance_loss=1.99385356903
Iteration 55 of 100: loss=17.1573257446 object_loss=15.163230896 distance_loss=1.99409401417
Iteration 56 of 100: loss=24.1715145111 object_loss=22.1775226593 distance_loss=1.99399185181
Iteration 57 of 100: loss=17.2849998474 object_loss=15.2908964157 distance_loss=1.99410319328
Iteration 58 of 100: loss=16.895690918 object_loss=14.9016113281 distance_loss=1.99408018589
Iteration 59 of 100: loss=15.9781064987 object_loss=13.9840116501 distance_loss=1.99409496784
Iteration 60 of 100: loss=30.7923240662 object_loss=28.7986068726 distance_loss=1.99371707439
Iteration 61 of 100: loss=27.4592247009 object_loss=25.4656162262 distance_loss=1.99360787868
Iteration 62 of 100: loss=29.2138252258 object_loss=27.2203330994 distance_loss=1.99349141121
Iteration 63 of 100: loss=30.6490840912 object_loss=28.6557006836 distance_loss=1.99338424206
Iteration 64 of 100: loss=31.592590332 object_loss=29.5996379852 distance_loss=1.99295222759
Iteration 65 of 100: loss=32.8431358337 object_loss=30.8506469727 distance_loss=1.99248945713
Iteration 66 of 100: loss=32.7475395203 object_loss=30.7554092407 distance_loss=1.9921309948
Iteration 67 of 100: loss=30.2157611847 object_loss=28.2236557007 distance_loss=1.99210584164
Iteration 68 of 100: loss=31.9823856354 object_loss=29.9904899597 distance_loss=1.99189639091
Iteration 69 of 100: loss=32.9744338989 object_loss=30.9821929932 distance_loss=1.99224019051
Iteration 70 of 100: loss=38.2989425659 object_loss=36.3063659668 distance_loss=1.99257791042
Iteration 71 of 100: loss=38.8048591614 object_loss=36.8119506836 distance_loss=1.9929100275
Iteration 72 of 100: loss=21.6058139801 object_loss=19.6132450104 distance_loss=1.99256956577
Iteration 73 of 100: loss=15.167596817 object_loss=13.1747999191 distance_loss=1.99279737473
Iteration 74 of 100: loss=17.9540576935 object_loss=15.9607229233 distance_loss=1.99333417416
Iteration 75 of 100: loss=14.9972963333 object_loss=13.0036678314 distance_loss=1.99362826347
Iteration 76 of 100: loss=14.4252595901 object_loss=12.4316473007 distance_loss=1.99361217022
Iteration 77 of 100: loss=13.061674118 object_loss=11.0679349899 distance_loss=1.99373936653
Iteration 78 of 100: loss=10.1904039383 object_loss=8.19597816467 distance_loss=1.99442589283
Iteration 79 of 100: loss=19.3352336884 object_loss=17.3401145935 distance_loss=1.99511897564
Iteration 80 of 100: loss=20.0007972717 object_loss=18.0051288605 distance_loss=1.99566853046
Iteration 81 of 100: loss=18.3424091339 object_loss=16.3464565277 distance_loss=1.99595320225
Iteration 82 of 100: loss=16.7940483093 object_loss=14.7976741791 distance_loss=1.99637508392
Iteration 83 of 100: loss=15.3593616486 object_loss=13.3623924255 distance_loss=1.99696946144
Iteration 84 of 100: loss=15.5888633728 object_loss=13.5916557312 distance_loss=1.99720811844
Iteration 85 of 100: loss=16.223531723 object_loss=14.2259082794 distance_loss=1.99762427807
Iteration 86 of 100: loss=12.6973800659 object_loss=10.6994085312 distance_loss=1.99797189236
Iteration 87 of 100: loss=13.3019342422 object_loss=11.3037252426 distance_loss=1.99820864201
Iteration 88 of 100: loss=14.6653490067 object_loss=12.666806221 distance_loss=1.99854290485
Iteration 89 of 100: loss=12.3166093826 object_loss=10.3176441193 distance_loss=1.99896490574
Iteration 90 of 100: loss=11.6678209305 object_loss=9.6690788269 distance_loss=1.99874186516
Iteration 91 of 100: loss=12.6231660843 object_loss=10.6243162155 distance_loss=1.99885010719
Iteration 92 of 100: loss=12.1954832077 object_loss=10.1965179443 distance_loss=1.99896490574
Iteration 93 of 100: loss=10.94186306 object_loss=8.9425907135 distance_loss=1.9992723465
Iteration 94 of 100: loss=12.0659599304 object_loss=10.0663604736 distance_loss=1.999599576
Iteration 95 of 100: loss=11.725944519 object_loss=9.72614860535 distance_loss=1.99979615211
Iteration 96 of 100: loss=11.0117321014 object_loss=9.01205062866 distance_loss=1.99968183041
Iteration 97 of 100: loss=9.64965057373 object_loss=7.64976930618 distance_loss=1.99988114834
Iteration 98 of 100: loss=9.59072589874 object_loss=7.59078073502 distance_loss=1.99994552135
Iteration 99 of 100: loss=11.7239971161 object_loss=9.72415161133 distance_loss=1.99984574318
Iteration 0 of 100: loss=11.9583101273 object_loss=9.95875263214 distance_loss=1.99955773354
Iteration 1 of 100: loss=11.2284393311 object_loss=9.22912502289 distance_loss=1.99931406975
Iteration 2 of 100: loss=11.7401599884 object_loss=9.74102115631 distance_loss=1.99913835526
Iteration 3 of 100: loss=12.7786445618 object_loss=10.7794561386 distance_loss=1.99918818474
Iteration 4 of 100: loss=11.933298111 object_loss=9.93432617188 distance_loss=1.99897158146
Iteration 5 of 100: loss=13.7212533951 object_loss=11.7224960327 distance_loss=1.99875736237
Iteration 6 of 100: loss=11.9511070251 object_loss=9.95218276978 distance_loss=1.998924613
Iteration 7 of 100: loss=12.5679788589 object_loss=10.56914711 distance_loss=1.99883174896
Iteration 8 of 100: loss=13.7994766235 object_loss=11.8009710312 distance_loss=1.99850559235
Iteration 9 of 100: loss=13.0375976562 object_loss=11.0389137268 distance_loss=1.99868381023
Iteration 10 of 100: loss=14.0651760101 object_loss=12.0662984848 distance_loss=1.99887752533
Iteration 11 of 100: loss=13.6545314789 object_loss=11.6556301117 distance_loss=1.99890172482
Iteration 12 of 100: loss=10.9223194122 object_loss=8.92378330231 distance_loss=1.99853610992
Iteration 13 of 100: loss=9.96743583679 object_loss=7.96909141541 distance_loss=1.99834406376
Iteration 14 of 100: loss=9.53268909454 object_loss=7.53454256058 distance_loss=1.99814689159
Iteration 15 of 100: loss=9.67436981201 object_loss=7.67635583878 distance_loss=1.99801445007
Iteration 16 of 100: loss=11.2941713333 object_loss=9.29652500153 distance_loss=1.99764633179
Iteration 17 of 100: loss=11.2288923264 object_loss=9.23124313354 distance_loss=1.99764919281
Iteration 18 of 100: loss=10.9063587189 object_loss=8.90872478485 distance_loss=1.99763417244
Iteration 19 of 100: loss=10.743973732 object_loss=8.74632453918 distance_loss=1.99764931202
Iteration 20 of 100: loss=10.5923395157 object_loss=8.59494590759 distance_loss=1.99739360809
Iteration 21 of 100: loss=10.5944719315 object_loss=8.59683227539 distance_loss=1.99763965607
Iteration 22 of 100: loss=11.0977067947 object_loss=9.09985160828 distance_loss=1.99785494804
Iteration 23 of 100: loss=9.83379650116 object_loss=7.83567428589 distance_loss=1.99812209606
Iteration 24 of 100: loss=10.0274600983 object_loss=8.02915763855 distance_loss=1.99830210209
Iteration 25 of 100: loss=10.486987114 object_loss=8.48862075806 distance_loss=1.9983663559
Iteration 26 of 100: loss=10.2946529388 object_loss=8.29611778259 distance_loss=1.99853479862
Iteration 27 of 100: loss=10.7069253922 object_loss=8.70812606812 distance_loss=1.99879956245
Iteration 28 of 100: loss=21.9909934998 object_loss=19.9920024872 distance_loss=1.99899148941
Iteration 29 of 100: loss=21.4302101135 object_loss=19.4309577942 distance_loss=1.99925136566
Iteration 30 of 100: loss=21.223449707 object_loss=19.22356987 distance_loss=1.99988055229
Iteration 31 of 100: loss=22.1569156647 object_loss=20.1563739777 distance_loss=2.00054097176
Iteration 32 of 100: loss=21.1760101318 object_loss=19.1753292084 distance_loss=2.00068068504
Iteration 33 of 100: loss=22.8930454254 object_loss=20.8921279907 distance_loss=2.00091743469
Iteration 34 of 100: loss=25.1929626465 object_loss=23.1916675568 distance_loss=2.00129532814
Iteration 35 of 100: loss=25.2966022491 object_loss=23.2948074341 distance_loss=2.00179409981
Iteration 36 of 100: loss=15.2090120316 object_loss=13.2067174911 distance_loss=2.00229477882
Iteration 37 of 100: loss=13.3850879669 object_loss=11.382144928 distance_loss=2.00294303894
Iteration 38 of 100: loss=25.7265739441 object_loss=23.7229747772 distance_loss=2.0035982132
Iteration 39 of 100: loss=31.861869812 object_loss=29.8572845459 distance_loss=2.00458550453
Iteration 40 of 100: loss=27.2128200531 object_loss=25.2075500488 distance_loss=2.00527024269
Iteration 41 of 100: loss=24.3798694611 object_loss=22.3739490509 distance_loss=2.0059196949
Iteration 42 of 100: loss=23.8215045929 object_loss=21.8148994446 distance_loss=2.00660514832
Iteration 43 of 100: loss=23.884765625 object_loss=21.8774375916 distance_loss=2.00732851028
Iteration 44 of 100: loss=29.2047634125 object_loss=27.1970901489 distance_loss=2.00767350197
Iteration 45 of 100: loss=26.7228908539 object_loss=24.7146549225 distance_loss=2.00823640823
Iteration 46 of 100: loss=28.05818367 object_loss=26.0494613647 distance_loss=2.00872182846
Iteration 47 of 100: loss=20.3440532684 object_loss=18.3349971771 distance_loss=2.00905680656
Iteration 48 of 100: loss=20.3945350647 object_loss=18.3850879669 distance_loss=2.00944685936
Iteration 49 of 100: loss=11.657043457 object_loss=9.64704990387 distance_loss=2.00999379158
Iteration 50 of 100: loss=15.9152069092 object_loss=13.9047374725 distance_loss=2.01046919823
Iteration 51 of 100: loss=13.9622898102 object_loss=11.9514703751 distance_loss=2.01081895828
Iteration 52 of 100: loss=12.5828771591 object_loss=10.5721035004 distance_loss=2.01077389717
Iteration 53 of 100: loss=13.2073068619 object_loss=11.1961870193 distance_loss=2.01111984253
Iteration 54 of 100: loss=12.7397861481 object_loss=10.7284536362 distance_loss=2.0113325119
Iteration 55 of 100: loss=12.1643733978 object_loss=10.152759552 distance_loss=2.01161432266
Iteration 56 of 100: loss=12.3959121704 object_loss=10.3843069077 distance_loss=2.01160526276
Iteration 57 of 100: loss=12.8512115479 object_loss=10.8394193649 distance_loss=2.0117919445
Iteration 58 of 100: loss=13.7245121002 object_loss=11.7127017975 distance_loss=2.0118098259
Iteration 59 of 100: loss=14.9614849091 object_loss=12.9495925903 distance_loss=2.01189231873
Iteration 60 of 100: loss=14.9776363373 object_loss=12.9655971527 distance_loss=2.01203918457
Iteration 61 of 100: loss=12.3573207855 object_loss=10.3454217911 distance_loss=2.01189947128
Iteration 62 of 100: loss=12.8039226532 object_loss=10.7921981812 distance_loss=2.01172494888
Iteration 63 of 100: loss=13.0268592834 object_loss=11.0150461197 distance_loss=2.01181316376
Iteration 64 of 100: loss=12.7712268829 object_loss=10.7593698502 distance_loss=2.01185727119
Iteration 65 of 100: loss=11.8004045486 object_loss=9.78842735291 distance_loss=2.01197743416
Iteration 66 of 100: loss=12.4769525528 object_loss=10.4648599625 distance_loss=2.01209259033
Iteration 67 of 100: loss=11.7670564651 object_loss=9.75495815277 distance_loss=2.0120985508
Iteration 68 of 100: loss=12.7253017426 object_loss=10.7137727737 distance_loss=2.01152944565
Iteration 69 of 100: loss=13.4783267975 object_loss=11.4668292999 distance_loss=2.01149749756
Iteration 70 of 100: loss=12.1865520477 object_loss=10.1751747131 distance_loss=2.01137685776
Iteration 71 of 100: loss=11.2750959396 object_loss=9.26404190063 distance_loss=2.011054039
Iteration 72 of 100: loss=11.6550235748 object_loss=9.64435386658 distance_loss=2.01066994667
Iteration 73 of 100: loss=11.2766885757 object_loss=9.26586055756 distance_loss=2.01082801819
Iteration 74 of 100: loss=11.989528656 object_loss=9.97888660431 distance_loss=2.01064229012
Iteration 75 of 100: loss=11.3871526718 object_loss=9.37660694122 distance_loss=2.01054549217
Iteration 76 of 100: loss=14.4976558685 object_loss=12.4875068665 distance_loss=2.01014876366
Iteration 77 of 100: loss=13.6469545364 object_loss=11.6371593475 distance_loss=2.0097951889
Iteration 78 of 100: loss=15.1098613739 object_loss=13.0998468399 distance_loss=2.010014534
Iteration 79 of 100: loss=12.6433258057 object_loss=10.633190155 distance_loss=2.01013612747
Iteration 80 of 100: loss=12.4721660614 object_loss=10.4622812271 distance_loss=2.00988435745
Iteration 81 of 100: loss=10.6597204208 object_loss=8.64974784851 distance_loss=2.00997257233
Iteration 82 of 100: loss=10.4829330444 object_loss=8.47256946564 distance_loss=2.01036405563
Iteration 83 of 100: loss=9.45770740509 object_loss=7.44716215134 distance_loss=2.01054549217
Iteration 84 of 100: loss=10.5656728745 object_loss=8.5549659729 distance_loss=2.01070690155
Iteration 85 of 100: loss=10.4001016617 object_loss=8.38949680328 distance_loss=2.01060509682
Iteration 86 of 100: loss=11.5352401733 object_loss=9.52456569672 distance_loss=2.01067447662
Iteration 87 of 100: loss=12.3573255539 object_loss=10.3465013504 distance_loss=2.01082444191
Iteration 88 of 100: loss=11.5230503082 object_loss=9.51233673096 distance_loss=2.01071381569
Iteration 89 of 100: loss=10.1329956055 object_loss=8.12252902985 distance_loss=2.0104663372
Iteration 90 of 100: loss=12.0666160583 object_loss=10.055975914 distance_loss=2.01064014435
Iteration 91 of 100: loss=12.4092302322 object_loss=10.3985204697 distance_loss=2.01070976257
Iteration 92 of 100: loss=12.548034668 object_loss=10.5378427505 distance_loss=2.01019239426
Iteration 93 of 100: loss=12.9256801605 object_loss=10.9153223038 distance_loss=2.01035737991
Iteration 94 of 100: loss=12.6477508545 object_loss=10.6371002197 distance_loss=2.01065063477
Iteration 95 of 100: loss=14.7339763641 object_loss=12.723151207 distance_loss=2.01082515717
Iteration 96 of 100: loss=13.7983016968 object_loss=11.7875299454 distance_loss=2.01077127457
Iteration 97 of 100: loss=15.5575771332 object_loss=13.5468215942 distance_loss=2.01075577736
Iteration 98 of 100: loss=14.1611680984 object_loss=12.1505308151 distance_loss=2.01063704491
Iteration 99 of 100: loss=17.1801261902 object_loss=15.1694869995 distance_loss=2.01064014435
Iteration 0 of 100: loss=10.9489126205 object_loss=8.93841552734 distance_loss=2.01049685478
Iteration 1 of 100: loss=10.511548996 object_loss=8.50118350983 distance_loss=2.01036572456
Iteration 2 of 100: loss=10.5667409897 object_loss=8.55617809296 distance_loss=2.01056265831
Iteration 3 of 100: loss=11.163684845 object_loss=9.15295791626 distance_loss=2.01072692871
Iteration 4 of 100: loss=20.3657035828 object_loss=18.354845047 distance_loss=2.01085758209
Iteration 5 of 100: loss=15.9333152771 object_loss=13.9223232269 distance_loss=2.01099252701
Iteration 6 of 100: loss=17.8583164215 object_loss=15.8473453522 distance_loss=2.01097083092
Iteration 7 of 100: loss=15.9811515808 object_loss=13.9702339172 distance_loss=2.01091814041
Iteration 8 of 100: loss=17.2846260071 object_loss=15.2738418579 distance_loss=2.0107831955
Iteration 9 of 100: loss=16.7654247284 object_loss=14.7542676926 distance_loss=2.01115703583
Iteration 10 of 100: loss=15.7507247925 object_loss=13.7393598557 distance_loss=2.01136493683
Iteration 11 of 100: loss=13.615354538 object_loss=11.6035423279 distance_loss=2.01181197166
Iteration 12 of 100: loss=11.5516452789 object_loss=9.53970050812 distance_loss=2.01194500923
Iteration 13 of 100: loss=13.8292627335 object_loss=11.8168506622 distance_loss=2.01241183281
Iteration 14 of 100: loss=13.7550525665 object_loss=11.7422370911 distance_loss=2.01281499863
Iteration 15 of 100: loss=13.8941059113 object_loss=11.8812627792 distance_loss=2.01284265518
Iteration 16 of 100: loss=11.1635303497 object_loss=9.15083408356 distance_loss=2.01269650459
Iteration 17 of 100: loss=13.6136837006 object_loss=11.600897789 distance_loss=2.01278591156
Iteration 18 of 100: loss=14.4408540726 object_loss=12.4276924133 distance_loss=2.01316142082
Iteration 19 of 100: loss=7.16764640808 object_loss=5.15418863297 distance_loss=2.0134575367
Iteration 20 of 100: loss=5.70633029938 object_loss=3.69263458252 distance_loss=2.01369571686
Iteration 21 of 100: loss=6.03328895569 object_loss=4.01965808868 distance_loss=2.013630867
Iteration 22 of 100: loss=6.56662464142 object_loss=4.55304574966 distance_loss=2.01357865334
Iteration 23 of 100: loss=6.41821575165 object_loss=4.40451002121 distance_loss=2.01370549202
Iteration 24 of 100: loss=7.14434337616 object_loss=5.13067579269 distance_loss=2.01366734505
Iteration 25 of 100: loss=6.69733428955 object_loss=4.68357944489 distance_loss=2.01375484467
Iteration 26 of 100: loss=6.32176351547 object_loss=4.30798959732 distance_loss=2.01377391815
Iteration 27 of 100: loss=6.1446685791 object_loss=4.13084125519 distance_loss=2.01382732391
Iteration 28 of 100: loss=6.18086957932 object_loss=4.16729450226 distance_loss=2.01357507706
Iteration 29 of 100: loss=6.13952827454 object_loss=4.12574243546 distance_loss=2.01378560066
Iteration 30 of 100: loss=8.93538475037 object_loss=6.92148113251 distance_loss=2.01390314102
Iteration 31 of 100: loss=8.62271404266 object_loss=6.60873222351 distance_loss=2.01398205757
Iteration 32 of 100: loss=8.18692970276 object_loss=6.17314767838 distance_loss=2.01378202438
Iteration 33 of 100: loss=8.19166183472 object_loss=6.1777305603 distance_loss=2.01393151283
Iteration 34 of 100: loss=9.36758613586 object_loss=7.35367774963 distance_loss=2.01390886307
Iteration 35 of 100: loss=8.4068775177 object_loss=6.39312076569 distance_loss=2.0137565136
Iteration 36 of 100: loss=9.7206659317 object_loss=7.70716810226 distance_loss=2.01349806786
Iteration 37 of 100: loss=9.09813213348 object_loss=7.0849032402 distance_loss=2.01322865486
Iteration 38 of 100: loss=9.60531044006 object_loss=7.59216833115 distance_loss=2.01314258575
Iteration 39 of 100: loss=10.0568847656 object_loss=8.04371070862 distance_loss=2.01317429543
Iteration 40 of 100: loss=9.22518730164 object_loss=7.21222543716 distance_loss=2.01296234131
Iteration 41 of 100: loss=9.00103759766 object_loss=6.98831748962 distance_loss=2.01272034645
Iteration 42 of 100: loss=9.62030410767 object_loss=7.6076593399 distance_loss=2.01264476776
Iteration 43 of 100: loss=9.09959030151 object_loss=7.08695030212 distance_loss=2.01263952255
Iteration 44 of 100: loss=7.83114767075 object_loss=5.81851911545 distance_loss=2.0126285553
Iteration 45 of 100: loss=9.4511013031 object_loss=7.43861198425 distance_loss=2.01248908043
Iteration 46 of 100: loss=8.97441101074 object_loss=6.96194839478 distance_loss=2.01246237755
Iteration 47 of 100: loss=8.88171386719 object_loss=6.86911249161 distance_loss=2.01260113716
Iteration 48 of 100: loss=8.58031749725 object_loss=6.56792926788 distance_loss=2.01238846779
Iteration 49 of 100: loss=8.58027172089 object_loss=6.56792640686 distance_loss=2.01234531403
Iteration 50 of 100: loss=8.56857681274 object_loss=6.55599784851 distance_loss=2.0125784874
Iteration 51 of 100: loss=8.38133525848 object_loss=6.36869192123 distance_loss=2.01264333725
Iteration 52 of 100: loss=8.56076812744 object_loss=6.54858875275 distance_loss=2.01217961311
Iteration 53 of 100: loss=9.3138999939 object_loss=7.30143880844 distance_loss=2.01246094704
Iteration 54 of 100: loss=8.36059570312 object_loss=6.34766101837 distance_loss=2.01293444633
Iteration 55 of 100: loss=8.28074932098 object_loss=6.26772928238 distance_loss=2.0130200386
Iteration 56 of 100: loss=17.4768638611 object_loss=15.46372509 distance_loss=2.01313948631
Iteration 57 of 100: loss=17.953584671 object_loss=15.9402732849 distance_loss=2.01331067085
Iteration 58 of 100: loss=17.5780696869 object_loss=15.5646591187 distance_loss=2.01340985298
Iteration 59 of 100: loss=18.5663795471 object_loss=16.5526313782 distance_loss=2.01374816895
Iteration 60 of 100: loss=18.3325443268 object_loss=16.3185482025 distance_loss=2.01399612427
Iteration 61 of 100: loss=19.5241584778 object_loss=17.5099906921 distance_loss=2.01416873932
Iteration 62 of 100: loss=19.5561275482 object_loss=17.5416316986 distance_loss=2.01449608803
Iteration 63 of 100: loss=20.342124939 object_loss=18.3272361755 distance_loss=2.0148897171
Iteration 64 of 100: loss=20.4354572296 object_loss=18.4206295013 distance_loss=2.01482701302
Iteration 65 of 100: loss=19.6542987823 object_loss=17.6390914917 distance_loss=2.01520705223
Iteration 66 of 100: loss=19.277803421 object_loss=17.262512207 distance_loss=2.01529073715
Iteration 67 of 100: loss=19.065694809 object_loss=17.0503730774 distance_loss=2.01532196999
Iteration 68 of 100: loss=19.025188446 object_loss=17.0095844269 distance_loss=2.01560354233
Iteration 69 of 100: loss=19.0254764557 object_loss=17.0098686218 distance_loss=2.01560783386
Iteration 70 of 100: loss=23.9482040405 object_loss=21.9323387146 distance_loss=2.01586484909
Iteration 71 of 100: loss=26.9152317047 object_loss=24.8988189697 distance_loss=2.0164129734
Iteration 72 of 100: loss=28.6948986053 object_loss=26.6784801483 distance_loss=2.01641917229
Iteration 73 of 100: loss=23.2934341431 object_loss=21.2769737244 distance_loss=2.01645994186
Iteration 74 of 100: loss=21.3552818298 object_loss=19.3387527466 distance_loss=2.01652979851
Iteration 75 of 100: loss=20.6053524017 object_loss=18.5889339447 distance_loss=2.01641917229
Iteration 76 of 100: loss=20.7245445251 object_loss=18.708612442 distance_loss=2.0159330368
Iteration 77 of 100: loss=26.2773284912 object_loss=24.2615394592 distance_loss=2.01578855515
Iteration 78 of 100: loss=20.6817016602 object_loss=18.6660118103 distance_loss=2.01569032669
Iteration 79 of 100: loss=22.2222156525 object_loss=20.2065048218 distance_loss=2.01571035385
Iteration 80 of 100: loss=18.3428840637 object_loss=16.3272533417 distance_loss=2.01563048363
Iteration 81 of 100: loss=17.8703212738 object_loss=15.8547849655 distance_loss=2.01553606987
Iteration 82 of 100: loss=17.7527999878 object_loss=15.7373380661 distance_loss=2.01546096802
Iteration 83 of 100: loss=21.3294582367 object_loss=19.313747406 distance_loss=2.01571011543
Iteration 84 of 100: loss=21.9227313995 object_loss=19.9071311951 distance_loss=2.01559948921
Iteration 85 of 100: loss=21.1706981659 object_loss=19.1549377441 distance_loss=2.01576066017
Iteration 86 of 100: loss=22.8567199707 object_loss=20.8406963348 distance_loss=2.01602292061
Iteration 87 of 100: loss=24.3452911377 object_loss=22.3292160034 distance_loss=2.01607584953
Iteration 88 of 100: loss=23.3545684814 object_loss=21.3384666443 distance_loss=2.0161011219
Iteration 89 of 100: loss=22.0993385315 object_loss=20.082901001 distance_loss=2.01643824577
Iteration 90 of 100: loss=19.4050788879 object_loss=17.388469696 distance_loss=2.01660871506
Iteration 91 of 100: loss=24.8010463715 object_loss=22.7845344543 distance_loss=2.01651215553
Iteration 92 of 100: loss=9.09873771667 object_loss=7.0825381279 distance_loss=2.01620006561
Iteration 93 of 100: loss=10.0539312363 object_loss=8.03758049011 distance_loss=2.01635074615
Iteration 94 of 100: loss=8.97338199615 object_loss=6.9571390152 distance_loss=2.01624298096
Iteration 95 of 100: loss=9.30336093903 object_loss=7.28709363937 distance_loss=2.01626706123
Iteration 96 of 100: loss=6.7166185379 object_loss=4.70043182373 distance_loss=2.01618695259
Iteration 97 of 100: loss=7.96411132812 object_loss=5.94793367386 distance_loss=2.01617789268
Iteration 98 of 100: loss=8.5565700531 object_loss=6.54013824463 distance_loss=2.01643204689
Iteration 99 of 100: loss=8.19978141785 object_loss=6.18293809891 distance_loss=2.01684355736
Iteration 0 of 100: loss=9.14831638336 object_loss=7.13131093979 distance_loss=2.01700544357
Iteration 1 of 100: loss=9.72633457184 object_loss=7.70912265778 distance_loss=2.01721215248
Iteration 2 of 100: loss=11.9495315552 object_loss=9.932097435 distance_loss=2.01743459702
Iteration 3 of 100: loss=10.4528608322 object_loss=8.43516254425 distance_loss=2.01769828796
Iteration 4 of 100: loss=9.15609836578 object_loss=7.13815927505 distance_loss=2.01793885231
Iteration 5 of 100: loss=10.8629636765 object_loss=8.84486865997 distance_loss=2.01809501648
Iteration 6 of 100: loss=10.7473640442 object_loss=8.72905921936 distance_loss=2.01830458641
Iteration 7 of 100: loss=10.5834388733 object_loss=8.56479454041 distance_loss=2.01864433289
Iteration 8 of 100: loss=9.147315979 object_loss=7.12851572037 distance_loss=2.01880002022
Iteration 9 of 100: loss=9.46879005432 object_loss=7.44970989227 distance_loss=2.01908063889
Iteration 10 of 100: loss=8.66627407074 object_loss=6.64697551727 distance_loss=2.01929831505
Iteration 11 of 100: loss=8.84219264984 object_loss=6.82265996933 distance_loss=2.01953291893
Iteration 12 of 100: loss=22.6476421356 object_loss=20.6285762787 distance_loss=2.01906585693
Iteration 13 of 100: loss=23.6171283722 object_loss=21.5980567932 distance_loss=2.01907205582
Iteration 14 of 100: loss=20.3307781219 object_loss=18.3117179871 distance_loss=2.01906037331
Iteration 15 of 100: loss=23.1229228973 object_loss=21.1039581299 distance_loss=2.0189640522
Iteration 16 of 100: loss=21.787109375 object_loss=19.7684192657 distance_loss=2.018689394
Iteration 17 of 100: loss=22.2182369232 object_loss=20.1994895935 distance_loss=2.01874780655
Iteration 18 of 100: loss=21.0310382843 object_loss=19.0122909546 distance_loss=2.01874732971
Iteration 19 of 100: loss=20.4361686707 object_loss=18.4172306061 distance_loss=2.01893782616
Iteration 20 of 100: loss=19.8609371185 object_loss=17.8421039581 distance_loss=2.01883268356
Iteration 21 of 100: loss=20.6804885864 object_loss=18.6617355347 distance_loss=2.01875305176
Iteration 22 of 100: loss=19.8349113464 object_loss=17.8159980774 distance_loss=2.01891303062
Iteration 23 of 100: loss=19.5895862579 object_loss=17.5704574585 distance_loss=2.01912856102
Iteration 24 of 100: loss=19.0438728333 object_loss=17.0248222351 distance_loss=2.01904964447
Iteration 25 of 100: loss=19.944726944 object_loss=17.9255180359 distance_loss=2.01920819283
Iteration 26 of 100: loss=19.1471099854 object_loss=17.1276283264 distance_loss=2.01948189735
Iteration 27 of 100: loss=17.5827960968 object_loss=15.5634098053 distance_loss=2.01938676834
Iteration 28 of 100: loss=17.5827407837 object_loss=15.5634059906 distance_loss=2.01933455467
Iteration 29 of 100: loss=17.7151756287 object_loss=15.6957416534 distance_loss=2.01943445206
Iteration 30 of 100: loss=18.8157138824 object_loss=16.7961177826 distance_loss=2.01959633827
Iteration 31 of 100: loss=17.9539756775 object_loss=15.934129715 distance_loss=2.01984667778
Iteration 32 of 100: loss=7.58536911011 object_loss=5.56550884247 distance_loss=2.01986002922
Iteration 33 of 100: loss=8.11567306519 object_loss=6.09556102753 distance_loss=2.02011227608
Iteration 34 of 100: loss=8.57979488373 object_loss=6.55937004089 distance_loss=2.02042508125
Iteration 35 of 100: loss=8.55019760132 object_loss=6.5295791626 distance_loss=2.02061867714
Iteration 36 of 100: loss=9.0657749176 object_loss=7.04544115067 distance_loss=2.02033424377
Iteration 37 of 100: loss=9.50811100006 object_loss=7.48756122589 distance_loss=2.02055001259
Iteration 38 of 100: loss=8.78203392029 object_loss=6.7615146637 distance_loss=2.02051877975
Iteration 39 of 100: loss=8.61360359192 object_loss=6.59312152863 distance_loss=2.02048158646
Iteration 40 of 100: loss=9.43990516663 object_loss=7.41932535172 distance_loss=2.02057957649
Iteration 41 of 100: loss=9.46190261841 object_loss=7.44121360779 distance_loss=2.02068901062
Iteration 42 of 100: loss=10.099187851 object_loss=8.07877159119 distance_loss=2.02041602135
Iteration 43 of 100: loss=10.0204677582 object_loss=8.00016498566 distance_loss=2.02030324936
Iteration 44 of 100: loss=10.0205144882 object_loss=8.00014781952 distance_loss=2.02036643028
Iteration 45 of 100: loss=9.35427474976 object_loss=7.33397054672 distance_loss=2.0203037262
Iteration 46 of 100: loss=9.08860683441 object_loss=7.06815338135 distance_loss=2.02045321465
Iteration 47 of 100: loss=9.38582897186 object_loss=7.36544418335 distance_loss=2.02038478851
Iteration 48 of 100: loss=9.81732177734 object_loss=7.79708242416 distance_loss=2.02023983002
Iteration 49 of 100: loss=25.1920890808 object_loss=23.1715259552 distance_loss=2.02056217194
Iteration 50 of 100: loss=25.6394824982 object_loss=23.6187324524 distance_loss=2.02075052261
Iteration 51 of 100: loss=24.1357688904 object_loss=22.1148281097 distance_loss=2.02094173431
Iteration 52 of 100: loss=23.3519515991 object_loss=21.3310337067 distance_loss=2.02091813087
Iteration 53 of 100: loss=22.0570449829 object_loss=20.035861969 distance_loss=2.02118396759
Iteration 54 of 100: loss=22.3328170776 object_loss=20.3114147186 distance_loss=2.02140307426
Iteration 55 of 100: loss=21.2718219757 object_loss=19.2499542236 distance_loss=2.02186822891
Iteration 56 of 100: loss=21.6969165802 object_loss=19.6750907898 distance_loss=2.02182555199
Iteration 57 of 100: loss=21.2236480713 object_loss=19.2018203735 distance_loss=2.02182817459
Iteration 58 of 100: loss=21.6851444244 object_loss=19.66314888 distance_loss=2.02199530602
Iteration 59 of 100: loss=21.2785415649 object_loss=19.2566738129 distance_loss=2.02186751366
Iteration 60 of 100: loss=21.9709434509 object_loss=19.9491348267 distance_loss=2.0218091011
Iteration 61 of 100: loss=20.2625904083 object_loss=18.2408618927 distance_loss=2.02172851562
Iteration 62 of 100: loss=9.72385978699 object_loss=7.70212030411 distance_loss=2.0217397213
Iteration 63 of 100: loss=20.3005485535 object_loss=18.2786121368 distance_loss=2.02193665504
Iteration 64 of 100: loss=17.7705688477 object_loss=15.7485351562 distance_loss=2.02203321457
Iteration 65 of 100: loss=17.5496406555 object_loss=15.5275001526 distance_loss=2.02214074135
Iteration 66 of 100: loss=8.30357646942 object_loss=6.28123855591 distance_loss=2.02233767509
Iteration 67 of 100: loss=8.88260269165 object_loss=6.85990142822 distance_loss=2.02270174026
Iteration 68 of 100: loss=9.60138225555 object_loss=7.57846546173 distance_loss=2.0229165554
Iteration 69 of 100: loss=9.22148799896 object_loss=7.19825220108 distance_loss=2.02323555946
Iteration 70 of 100: loss=8.9508895874 object_loss=6.92750835419 distance_loss=2.02338147163
Iteration 71 of 100: loss=8.20754432678 object_loss=6.18380737305 distance_loss=2.02373695374
Iteration 72 of 100: loss=7.89796924591 object_loss=5.87408304214 distance_loss=2.02388620377
Iteration 73 of 100: loss=8.03108787537 object_loss=6.00641345978 distance_loss=2.02467393875
Iteration 74 of 100: loss=10.1326646805 object_loss=8.10737037659 distance_loss=2.02529406548
Iteration 75 of 100: loss=9.83233070374 object_loss=7.80651140213 distance_loss=2.02581954002
Iteration 76 of 100: loss=9.83007717133 object_loss=7.804002285 distance_loss=2.02607512474
Iteration 77 of 100: loss=9.33139133453 object_loss=7.30502557755 distance_loss=2.02636551857
Iteration 78 of 100: loss=8.37582015991 object_loss=6.34931182861 distance_loss=2.02650856972
Iteration 79 of 100: loss=8.31926250458 object_loss=6.29246473312 distance_loss=2.02679800987
Iteration 80 of 100: loss=7.88984441757 object_loss=5.86270189285 distance_loss=2.02714252472
Iteration 81 of 100: loss=8.07103157043 object_loss=6.04389619827 distance_loss=2.02713489532
Iteration 82 of 100: loss=8.39854621887 object_loss=6.3711681366 distance_loss=2.02737832069
Iteration 83 of 100: loss=9.86648845673 object_loss=7.83885622025 distance_loss=2.02763199806
Iteration 84 of 100: loss=10.9778871536 object_loss=8.95031929016 distance_loss=2.02756762505
Iteration 85 of 100: loss=25.7381896973 object_loss=23.7105712891 distance_loss=2.02761793137
Iteration 86 of 100: loss=22.8863639832 object_loss=20.8585929871 distance_loss=2.02777194977
Iteration 87 of 100: loss=11.217382431 object_loss=9.18965339661 distance_loss=2.02772927284
Iteration 88 of 100: loss=11.8035802841 object_loss=9.77589607239 distance_loss=2.02768421173
Iteration 89 of 100: loss=10.4136686325 object_loss=8.38581085205 distance_loss=2.02785778046
Iteration 90 of 100: loss=10.1587333679 object_loss=8.13082122803 distance_loss=2.02791213989
Iteration 91 of 100: loss=12.3896541595 object_loss=10.3615398407 distance_loss=2.02811408043
Iteration 92 of 100: loss=10.8965244293 object_loss=8.86870098114 distance_loss=2.02782392502
Iteration 93 of 100: loss=11.9792957306 object_loss=9.95126628876 distance_loss=2.02802991867
Iteration 94 of 100: loss=12.0973300934 object_loss=10.0690135956 distance_loss=2.0283164978
Iteration 95 of 100: loss=11.1754388809 object_loss=9.14702796936 distance_loss=2.02841067314
Iteration 96 of 100: loss=10.4347915649 object_loss=8.40662956238 distance_loss=2.02816200256
Iteration 97 of 100: loss=10.8883361816 object_loss=8.85995674133 distance_loss=2.02837967873
Iteration 98 of 100: loss=11.9342308044 object_loss=9.90563011169 distance_loss=2.02860069275
Iteration 99 of 100: loss=11.7005109787 object_loss=9.67175674438 distance_loss=2.02875423431
Iteration 0 of 100: loss=11.8503913879 object_loss=9.82139587402 distance_loss=2.02899551392
Iteration 1 of 100: loss=11.5824365616 object_loss=9.55329799652 distance_loss=2.02913856506
Iteration 2 of 100: loss=12.1143074036 object_loss=10.0850038528 distance_loss=2.0293033123
Iteration 3 of 100: loss=12.5570716858 object_loss=10.5275192261 distance_loss=2.02955293655
Iteration 4 of 100: loss=11.2297887802 object_loss=9.20012760162 distance_loss=2.02966094017
Iteration 5 of 100: loss=12.7998256683 object_loss=10.7700271606 distance_loss=2.02979850769
Iteration 6 of 100: loss=13.2788152695 object_loss=11.2488708496 distance_loss=2.02994465828
Iteration 7 of 100: loss=13.3916921616 object_loss=11.3615751266 distance_loss=2.03011727333
Iteration 8 of 100: loss=13.2748394012 object_loss=11.2448072433 distance_loss=2.03003239632
Iteration 9 of 100: loss=18.0248126984 object_loss=15.9945545197 distance_loss=2.03025889397
Iteration 10 of 100: loss=13.2110128403 object_loss=11.1805849075 distance_loss=2.03042769432
Iteration 11 of 100: loss=13.1010427475 object_loss=11.070681572 distance_loss=2.03036141396
Iteration 12 of 100: loss=13.0663852692 object_loss=11.0360956192 distance_loss=2.03028964996
Iteration 13 of 100: loss=13.0176362991 object_loss=10.9871816635 distance_loss=2.03045463562
Iteration 14 of 100: loss=12.4988956451 object_loss=10.4682712555 distance_loss=2.03062438965
Iteration 15 of 100: loss=12.6257724762 object_loss=10.5950918198 distance_loss=2.0306801796
Iteration 16 of 100: loss=15.6861896515 object_loss=13.6556520462 distance_loss=2.03053736687
Iteration 17 of 100: loss=14.6698513031 object_loss=12.6393899918 distance_loss=2.03046154976
Iteration 18 of 100: loss=15.3196735382 object_loss=13.289056778 distance_loss=2.03061723709
Iteration 19 of 100: loss=16.8000183105 object_loss=14.769241333 distance_loss=2.03077793121
Iteration 20 of 100: loss=13.8025903702 object_loss=11.7719860077 distance_loss=2.03060436249
Iteration 21 of 100: loss=13.7506752014 object_loss=11.719704628 distance_loss=2.03097033501
Iteration 22 of 100: loss=14.2379646301 object_loss=12.2067127228 distance_loss=2.03125190735
Iteration 23 of 100: loss=14.0644083023 object_loss=12.0328960419 distance_loss=2.03151249886
Iteration 24 of 100: loss=13.9714269638 object_loss=11.9397525787 distance_loss=2.03167414665
Iteration 25 of 100: loss=13.9554424286 object_loss=11.9236288071 distance_loss=2.03181314468
Iteration 26 of 100: loss=14.9892568588 object_loss=12.9573497772 distance_loss=2.03190732002
Iteration 27 of 100: loss=14.4086933136 object_loss=12.3766117096 distance_loss=2.03208136559
Iteration 28 of 100: loss=14.4149990082 object_loss=12.3829488754 distance_loss=2.03205037117
Iteration 29 of 100: loss=14.997631073 object_loss=12.9653615952 distance_loss=2.03226971626
Iteration 30 of 100: loss=12.3386201859 object_loss=10.3059949875 distance_loss=2.03262495995
Iteration 31 of 100: loss=12.3387699127 object_loss=10.3059949875 distance_loss=2.03277492523
Iteration 32 of 100: loss=12.8341083527 object_loss=10.8018417358 distance_loss=2.03226661682
Iteration 33 of 100: loss=11.7337379456 object_loss=9.70131111145 distance_loss=2.03242731094
Iteration 34 of 100: loss=11.5424003601 object_loss=9.50987815857 distance_loss=2.0325217247
Iteration 35 of 100: loss=11.5425157547 object_loss=9.50987625122 distance_loss=2.0326397419
Iteration 36 of 100: loss=12.1641588211 object_loss=10.1314601898 distance_loss=2.03269863129
Iteration 37 of 100: loss=12.0203399658 object_loss=9.98778057098 distance_loss=2.03255987167
Iteration 38 of 100: loss=12.0202322006 object_loss=9.98775005341 distance_loss=2.0324819088
Iteration 39 of 100: loss=12.1604690552 object_loss=10.1278619766 distance_loss=2.03260707855
Iteration 40 of 100: loss=12.2011013031 object_loss=10.1684303284 distance_loss=2.03267121315
Iteration 41 of 100: loss=13.6249599457 object_loss=11.5923442841 distance_loss=2.03261566162
Iteration 42 of 100: loss=10.7345275879 object_loss=8.70172309875 distance_loss=2.03280448914
Iteration 43 of 100: loss=10.4261331558 object_loss=8.39298248291 distance_loss=2.03315043449
Iteration 44 of 100: loss=10.7016544342 object_loss=8.66841125488 distance_loss=2.03324317932
Iteration 45 of 100: loss=10.7165641785 object_loss=8.68322753906 distance_loss=2.0333366394
Iteration 46 of 100: loss=12.9006357193 object_loss=10.8672237396 distance_loss=2.03341221809
Iteration 47 of 100: loss=12.4657173157 object_loss=10.4320192337 distance_loss=2.03369855881
Iteration 48 of 100: loss=12.2885723114 object_loss=10.2545804977 distance_loss=2.03399157524
Iteration 49 of 100: loss=12.7182579041 object_loss=10.6839780807 distance_loss=2.03427958488
Iteration 50 of 100: loss=12.276881218 object_loss=10.2424564362 distance_loss=2.03442502022
Iteration 51 of 100: loss=12.860666275 object_loss=10.8259935379 distance_loss=2.0346724987
Iteration 52 of 100: loss=12.7302894592 object_loss=10.6957206726 distance_loss=2.0345685482
Iteration 53 of 100: loss=13.5486621857 object_loss=11.5136613846 distance_loss=2.03500127792
Iteration 54 of 100: loss=13.636838913 object_loss=11.6016178131 distance_loss=2.03522133827
Iteration 55 of 100: loss=13.2515878677 object_loss=11.2163162231 distance_loss=2.03527140617
Iteration 56 of 100: loss=13.3020105362 object_loss=11.2671394348 distance_loss=2.03487110138
Iteration 57 of 100: loss=11.5653362274 object_loss=9.53049087524 distance_loss=2.03484511375
Iteration 58 of 100: loss=10.3730382919 object_loss=8.33837032318 distance_loss=2.03466796875
Iteration 59 of 100: loss=10.3132734299 object_loss=8.2787771225 distance_loss=2.03449630737
Iteration 60 of 100: loss=11.3429756165 object_loss=9.30881977081 distance_loss=2.03415632248
Iteration 61 of 100: loss=8.86341190338 object_loss=6.82945775986 distance_loss=2.03395438194
Iteration 62 of 100: loss=6.53995323181 object_loss=4.50649261475 distance_loss=2.03346037865
Iteration 63 of 100: loss=7.21874189377 object_loss=5.18544912338 distance_loss=2.03329277039
Iteration 64 of 100: loss=7.56649208069 object_loss=5.53340673447 distance_loss=2.03308534622
Iteration 65 of 100: loss=7.59595155716 object_loss=5.56318616867 distance_loss=2.03276538849
Iteration 66 of 100: loss=8.06555175781 object_loss=6.03297805786 distance_loss=2.03257417679
Iteration 67 of 100: loss=8.35729789734 object_loss=6.32499980927 distance_loss=2.03229808807
Iteration 68 of 100: loss=11.0685596466 object_loss=9.03667736053 distance_loss=2.03188180923
Iteration 69 of 100: loss=11.3432769775 object_loss=9.31144046783 distance_loss=2.03183698654
Iteration 70 of 100: loss=11.5776929855 object_loss=9.54583454132 distance_loss=2.03185844421
Iteration 71 of 100: loss=10.9106798172 object_loss=8.87919807434 distance_loss=2.03148198128
Iteration 72 of 100: loss=10.8509521484 object_loss=8.82004928589 distance_loss=2.03090238571
Iteration 73 of 100: loss=10.3511686325 object_loss=8.32035732269 distance_loss=2.0308110714
Iteration 74 of 100: loss=9.74132156372 object_loss=7.71084928513 distance_loss=2.03047204018
Iteration 75 of 100: loss=9.02141571045 object_loss=6.99133110046 distance_loss=2.0300848484
Iteration 76 of 100: loss=8.11458778381 object_loss=6.08509159088 distance_loss=2.02949643135
Iteration 77 of 100: loss=7.89296913147 object_loss=5.86378145218 distance_loss=2.02918791771
Iteration 78 of 100: loss=8.37685394287 object_loss=6.34804868698 distance_loss=2.02880549431
Iteration 79 of 100: loss=8.38632392883 object_loss=6.35783243179 distance_loss=2.02849125862
Iteration 80 of 100: loss=7.8439245224 object_loss=5.81596565247 distance_loss=2.02795886993
Iteration 81 of 100: loss=7.77125740051 object_loss=5.74351167679 distance_loss=2.02774596214
Iteration 82 of 100: loss=6.914103508 object_loss=4.88642120361 distance_loss=2.02768230438
Iteration 83 of 100: loss=7.26476240158 object_loss=5.23698806763 distance_loss=2.02777433395
Iteration 84 of 100: loss=8.4805431366 object_loss=6.45261383057 distance_loss=2.02792930603
Iteration 85 of 100: loss=9.58821392059 object_loss=7.55997800827 distance_loss=2.02823591232
Iteration 86 of 100: loss=7.68313407898 object_loss=5.65468263626 distance_loss=2.02845168114
Iteration 87 of 100: loss=6.79949522018 object_loss=4.77099561691 distance_loss=2.02849960327
Iteration 88 of 100: loss=6.27712392807 object_loss=4.24870109558 distance_loss=2.02842283249
Iteration 89 of 100: loss=5.61756277084 object_loss=3.58938360214 distance_loss=2.0281791687
Iteration 90 of 100: loss=6.38968658447 object_loss=4.36146116257 distance_loss=2.02822542191
Iteration 91 of 100: loss=7.17564964294 object_loss=5.14737415314 distance_loss=2.02827572823
Iteration 92 of 100: loss=7.80508232117 object_loss=5.77717638016 distance_loss=2.02790570259
Iteration 93 of 100: loss=7.26904153824 object_loss=5.24111938477 distance_loss=2.02792215347
Iteration 94 of 100: loss=7.34373664856 object_loss=5.3158826828 distance_loss=2.02785372734
Iteration 95 of 100: loss=6.81906604767 object_loss=4.79121828079 distance_loss=2.02784752846
Iteration 96 of 100: loss=8.00614643097 object_loss=5.97830486298 distance_loss=2.02784156799
Iteration 97 of 100: loss=7.05965805054 object_loss=5.03184604645 distance_loss=2.02781176567
Iteration 98 of 100: loss=6.60032463074 object_loss=4.57250118256 distance_loss=2.02782320976
Iteration 99 of 100: loss=5.99841594696 object_loss=3.97027516365 distance_loss=2.02814078331
Iteration 0 of 100: loss=6.42561817169 object_loss=4.39748430252 distance_loss=2.02813363075
Iteration 1 of 100: loss=6.32507228851 object_loss=4.29704523087 distance_loss=2.02802729607
Iteration 2 of 100: loss=7.70700359344 object_loss=5.67865467072 distance_loss=2.02834868431
Iteration 3 of 100: loss=6.0327205658 object_loss=4.00426197052 distance_loss=2.02845835686
Iteration 4 of 100: loss=5.4938826561 object_loss=3.46576023102 distance_loss=2.02812242508
Iteration 5 of 100: loss=5.91314554214 object_loss=3.88497591019 distance_loss=2.02816963196
Iteration 6 of 100: loss=5.6635389328 object_loss=3.63540363312 distance_loss=2.02813529968
Iteration 7 of 100: loss=5.56173801422 object_loss=3.53352022171 distance_loss=2.02821755409
Iteration 8 of 100: loss=5.84934282303 object_loss=3.8209373951 distance_loss=2.02840542793
Iteration 9 of 100: loss=5.77222537994 object_loss=3.74357509613 distance_loss=2.02865028381
Iteration 10 of 100: loss=6.51942825317 object_loss=4.49069881439 distance_loss=2.02872920036
Iteration 11 of 100: loss=6.10659122467 object_loss=4.07763767242 distance_loss=2.02895379066
Iteration 12 of 100: loss=6.43469047546 object_loss=4.40587091446 distance_loss=2.02881979942
Iteration 13 of 100: loss=6.5780787468 object_loss=4.54905939102 distance_loss=2.02901935577
Iteration 14 of 100: loss=5.97138643265 object_loss=3.94214057922 distance_loss=2.02924585342
Iteration 15 of 100: loss=5.18060112 object_loss=3.15128922462 distance_loss=2.02931189537
Iteration 16 of 100: loss=5.7830696106 object_loss=3.75394392014 distance_loss=2.02912569046
Iteration 17 of 100: loss=5.86742925644 object_loss=3.83803987503 distance_loss=2.02938938141
Iteration 18 of 100: loss=5.84629249573 object_loss=3.8170106411 distance_loss=2.02928161621
Iteration 19 of 100: loss=5.57436323166 object_loss=3.54499769211 distance_loss=2.02936553955
Iteration 20 of 100: loss=6.14520072937 object_loss=4.11561155319 distance_loss=2.0295894146
Iteration 21 of 100: loss=5.63828849792 object_loss=3.60879969597 distance_loss=2.02948904037
Iteration 22 of 100: loss=5.55240726471 object_loss=3.52294111252 distance_loss=2.02946591377
Iteration 23 of 100: loss=5.66778564453 object_loss=3.6382329464 distance_loss=2.02955245972
Iteration 24 of 100: loss=5.72528076172 object_loss=3.69563603401 distance_loss=2.02964448929
Iteration 25 of 100: loss=5.72545623779 object_loss=3.69580149651 distance_loss=2.02965450287
Iteration 26 of 100: loss=5.72567462921 object_loss=3.69582056999 distance_loss=2.0298538208
Iteration 27 of 100: loss=5.77777290344 object_loss=3.74789190292 distance_loss=2.02988100052
Iteration 28 of 100: loss=5.73717308044 object_loss=3.70749735832 distance_loss=2.02967572212
Iteration 29 of 100: loss=4.92714309692 object_loss=2.89736485481 distance_loss=2.02977800369
Iteration 30 of 100: loss=6.13520526886 object_loss=4.10516357422 distance_loss=2.03004169464
Iteration 31 of 100: loss=5.96197462082 object_loss=3.9317252636 distance_loss=2.03024935722
Iteration 32 of 100: loss=6.21677494049 object_loss=4.18672466278 distance_loss=2.03005051613
Iteration 33 of 100: loss=6.08867359161 object_loss=4.05816459656 distance_loss=2.03050875664
Iteration 34 of 100: loss=5.99150848389 object_loss=3.96084856987 distance_loss=2.03066015244
Iteration 35 of 100: loss=6.44707584381 object_loss=4.41625213623 distance_loss=2.030823946
Iteration 36 of 100: loss=6.26679134369 object_loss=4.23612880707 distance_loss=2.03066253662
Iteration 37 of 100: loss=7.14690303802 object_loss=5.11594867706 distance_loss=2.03095459938
Iteration 38 of 100: loss=6.08921909332 object_loss=4.05785560608 distance_loss=2.03136324883
Iteration 39 of 100: loss=6.21340513229 object_loss=4.18170833588 distance_loss=2.03169679642
Iteration 40 of 100: loss=6.37216281891 object_loss=4.34047031403 distance_loss=2.0316927433
Iteration 41 of 100: loss=6.46278142929 object_loss=4.43095636368 distance_loss=2.03182506561
Iteration 42 of 100: loss=7.0081076622 object_loss=4.97580289841 distance_loss=2.03230476379
Iteration 43 of 100: loss=6.57650089264 object_loss=4.54386520386 distance_loss=2.03263568878
Iteration 44 of 100: loss=6.7084813118 object_loss=4.67562294006 distance_loss=2.03285837173
Iteration 45 of 100: loss=6.84390640259 object_loss=4.81083679199 distance_loss=2.0330696106
Iteration 46 of 100: loss=6.91294193268 object_loss=4.87978172302 distance_loss=2.03315997124
Iteration 47 of 100: loss=7.11515665054 object_loss=5.08193016052 distance_loss=2.03322649002
Iteration 48 of 100: loss=7.67374324799 object_loss=5.64054107666 distance_loss=2.03320217133
Iteration 49 of 100: loss=8.19514465332 object_loss=6.16185808182 distance_loss=2.03328704834
Iteration 50 of 100: loss=7.74934196472 object_loss=5.71594715118 distance_loss=2.03339505196
Iteration 51 of 100: loss=6.93464374542 object_loss=4.90115594864 distance_loss=2.03348779678
Iteration 52 of 100: loss=6.97195243835 object_loss=4.93897628784 distance_loss=2.03297615051
Iteration 53 of 100: loss=5.64871788025 object_loss=3.61553931236 distance_loss=2.03317856789
Iteration 54 of 100: loss=6.7505903244 object_loss=4.71724128723 distance_loss=2.03334879875
Iteration 55 of 100: loss=6.75058364868 object_loss=4.71725177765 distance_loss=2.03333163261
Iteration 56 of 100: loss=8.30958557129 object_loss=6.27627134323 distance_loss=2.03331422806
Iteration 57 of 100: loss=7.00010299683 object_loss=4.96691846848 distance_loss=2.03318428993
Iteration 58 of 100: loss=7.49837589264 object_loss=5.46547222137 distance_loss=2.03290343285
Iteration 59 of 100: loss=8.51385307312 object_loss=6.48079109192 distance_loss=2.0330619812
Iteration 60 of 100: loss=7.5058927536 object_loss=5.47274065018 distance_loss=2.03315234184
Iteration 61 of 100: loss=7.24939203262 object_loss=5.21634721756 distance_loss=2.03304481506
Iteration 62 of 100: loss=7.24317646027 object_loss=5.21024942398 distance_loss=2.0329272747
Iteration 63 of 100: loss=7.92718791962 object_loss=5.8941950798 distance_loss=2.03299283981
Iteration 64 of 100: loss=7.95560455322 object_loss=5.92267847061 distance_loss=2.03292608261
Iteration 65 of 100: loss=9.16570281982 object_loss=7.13263177872 distance_loss=2.03307056427
Iteration 66 of 100: loss=9.37038803101 object_loss=7.33731889725 distance_loss=2.03306889534
Iteration 67 of 100: loss=7.87240505219 object_loss=5.8394408226 distance_loss=2.03296422958
Iteration 68 of 100: loss=8.57382106781 object_loss=6.54082679749 distance_loss=2.03299427032
Iteration 69 of 100: loss=8.22254180908 object_loss=6.18951749802 distance_loss=2.0330247879
Iteration 70 of 100: loss=10.3459606171 object_loss=8.3130273819 distance_loss=2.03293299675
Iteration 71 of 100: loss=10.9409255981 object_loss=8.90791130066 distance_loss=2.03301405907
Iteration 72 of 100: loss=10.9612407684 object_loss=8.92847442627 distance_loss=2.03276658058
Iteration 73 of 100: loss=11.0300588608 object_loss=8.99709892273 distance_loss=2.03295969963
Iteration 74 of 100: loss=11.2440137863 object_loss=9.21094322205 distance_loss=2.03307056427
Iteration 75 of 100: loss=6.25507926941 object_loss=4.22206258774 distance_loss=2.03301644325
Iteration 76 of 100: loss=7.56527900696 object_loss=5.53309011459 distance_loss=2.03218889236
Iteration 77 of 100: loss=5.17250823975 object_loss=3.14100837708 distance_loss=2.03149962425
Iteration 78 of 100: loss=4.7681388855 object_loss=2.73693084717 distance_loss=2.03120827675
Iteration 79 of 100: loss=5.10423278809 object_loss=3.07355523109 distance_loss=2.03067779541
Iteration 80 of 100: loss=4.28858947754 object_loss=2.25818824768 distance_loss=2.03040146828
Iteration 81 of 100: loss=4.41777086258 object_loss=2.38763165474 distance_loss=2.03013920784
Iteration 82 of 100: loss=5.94992446899 object_loss=3.91975307465 distance_loss=2.03017139435
Iteration 83 of 100: loss=5.57613372803 object_loss=3.54578542709 distance_loss=2.03034853935
Iteration 84 of 100: loss=8.49591636658 object_loss=6.46556663513 distance_loss=2.03035020828
Iteration 85 of 100: loss=6.61028766632 object_loss=4.58009529114 distance_loss=2.03019237518
Iteration 86 of 100: loss=5.83795833588 object_loss=3.80779671669 distance_loss=2.0301618576
Iteration 87 of 100: loss=6.79800796509 object_loss=4.76775979996 distance_loss=2.03024792671
Iteration 88 of 100: loss=5.31773805618 object_loss=3.28782820702 distance_loss=2.02990984917
Iteration 89 of 100: loss=5.58912467957 object_loss=3.55898141861 distance_loss=2.03014349937
Iteration 90 of 100: loss=5.79380655289 object_loss=3.76353001595 distance_loss=2.03027653694
Iteration 91 of 100: loss=5.22194433212 object_loss=3.19163823128 distance_loss=2.03030610085
Iteration 92 of 100: loss=6.06438493729 object_loss=4.03434514999 distance_loss=2.03003978729
Iteration 93 of 100: loss=4.27727365494 object_loss=2.24712634087 distance_loss=2.03014731407
Iteration 94 of 100: loss=4.99480438232 object_loss=2.96476984024 distance_loss=2.03003430367
Iteration 95 of 100: loss=5.42384624481 object_loss=3.39393901825 distance_loss=2.02990722656
Iteration 96 of 100: loss=5.63500499725 object_loss=3.60540604591 distance_loss=2.02959895134
Iteration 97 of 100: loss=5.63489198685 object_loss=3.6054148674 distance_loss=2.02947711945
Iteration 98 of 100: loss=6.57766056061 object_loss=4.54800891876 distance_loss=2.02965164185
Iteration 99 of 100: loss=6.06248664856 object_loss=4.03277826309 distance_loss=2.02970862389
Iteration 0 of 100: loss=8.28938388824 object_loss=6.25997304916 distance_loss=2.02941083908
Iteration 1 of 100: loss=8.75436782837 object_loss=6.72492313385 distance_loss=2.02944469452
Iteration 2 of 100: loss=10.0340566635 object_loss=8.00469207764 distance_loss=2.0293648243
Iteration 3 of 100: loss=9.15480041504 object_loss=7.12539339066 distance_loss=2.02940654755
Iteration 4 of 100: loss=11.3669586182 object_loss=9.33766269684 distance_loss=2.02929592133
Iteration 5 of 100: loss=5.92179107666 object_loss=3.89263391495 distance_loss=2.02915740013
Iteration 6 of 100: loss=5.91720867157 object_loss=3.8881957531 distance_loss=2.02901268005
Iteration 7 of 100: loss=7.2996544838 object_loss=5.2707862854 distance_loss=2.02886819839
Iteration 8 of 100: loss=7.26598262787 object_loss=5.23747014999 distance_loss=2.02851223946
Iteration 9 of 100: loss=7.05864906311 object_loss=5.03037500381 distance_loss=2.02827429771
Iteration 10 of 100: loss=7.10778570175 object_loss=5.0793299675 distance_loss=2.02845573425
Iteration 11 of 100: loss=6.74938011169 object_loss=4.72091960907 distance_loss=2.02846074104
Iteration 12 of 100: loss=6.03153038025 object_loss=4.00360965729 distance_loss=2.02792072296
Iteration 13 of 100: loss=6.20633077621 object_loss=4.17814397812 distance_loss=2.0281867981
Iteration 14 of 100: loss=6.78225135803 object_loss=4.75398159027 distance_loss=2.02826952934
Iteration 15 of 100: loss=6.58636665344 object_loss=4.55815219879 distance_loss=2.02821421623
Iteration 16 of 100: loss=6.8085064888 object_loss=4.78047275543 distance_loss=2.02803373337
Iteration 17 of 100: loss=7.06511688232 object_loss=5.03690195084 distance_loss=2.02821516991
Iteration 18 of 100: loss=9.32033824921 object_loss=7.29204368591 distance_loss=2.02829480171
Iteration 19 of 100: loss=7.00955295563 object_loss=4.98109769821 distance_loss=2.02845549583
Iteration 20 of 100: loss=7.52016639709 object_loss=5.49152755737 distance_loss=2.0286386013
Iteration 21 of 100: loss=7.62800121307 object_loss=5.59926176071 distance_loss=2.02873969078
Iteration 22 of 100: loss=7.69622039795 object_loss=5.66741085052 distance_loss=2.02880978584
Iteration 23 of 100: loss=7.38031959534 object_loss=5.35128974915 distance_loss=2.02902984619
Iteration 24 of 100: loss=7.06536626816 object_loss=5.03633546829 distance_loss=2.02903079987
Iteration 25 of 100: loss=7.9429192543 object_loss=5.91357898712 distance_loss=2.02934026718
Iteration 26 of 100: loss=5.71965122223 object_loss=3.69011282921 distance_loss=2.02953839302
Iteration 27 of 100: loss=5.81049251556 object_loss=3.78094768524 distance_loss=2.02954506874
Iteration 28 of 100: loss=7.29248142242 object_loss=5.26282501221 distance_loss=2.0296561718
Iteration 29 of 100: loss=5.46531581879 object_loss=3.4354019165 distance_loss=2.0299141407
Iteration 30 of 100: loss=5.92117214203 object_loss=3.89103317261 distance_loss=2.03013920784
Iteration 31 of 100: loss=6.65849304199 object_loss=4.62798213959 distance_loss=2.0305109024
Iteration 32 of 100: loss=5.6309633255 object_loss=3.60020875931 distance_loss=2.03075456619
Iteration 33 of 100: loss=6.71668434143 object_loss=4.68565511703 distance_loss=2.03102898598
Iteration 34 of 100: loss=6.82033824921 object_loss=4.78899049759 distance_loss=2.03134799004
Iteration 35 of 100: loss=6.8706278801 object_loss=4.83916425705 distance_loss=2.03146362305
Iteration 36 of 100: loss=7.02009868622 object_loss=4.98876047134 distance_loss=2.03133845329
Iteration 37 of 100: loss=5.9323925972 object_loss=3.90086388588 distance_loss=2.03152871132
Iteration 38 of 100: loss=6.81942176819 object_loss=4.78769826889 distance_loss=2.03172326088
Iteration 39 of 100: loss=7.07220983505 object_loss=5.04030513763 distance_loss=2.03190469742
Iteration 40 of 100: loss=6.83450555801 object_loss=4.80238246918 distance_loss=2.03212308884
Iteration 41 of 100: loss=6.83100223541 object_loss=4.79883575439 distance_loss=2.03216671944
Iteration 42 of 100: loss=5.53618335724 object_loss=3.50411105156 distance_loss=2.0320725441
Iteration 43 of 100: loss=5.53652620316 object_loss=3.50410318375 distance_loss=2.03242301941
Iteration 44 of 100: loss=4.99546146393 object_loss=2.96297383308 distance_loss=2.03248739243
Iteration 45 of 100: loss=4.5931019783 object_loss=2.56030416489 distance_loss=2.03279781342
Iteration 46 of 100: loss=4.60893630981 object_loss=2.57574510574 distance_loss=2.03319120407
Iteration 47 of 100: loss=5.15143680573 object_loss=3.11804151535 distance_loss=2.03339552879
Iteration 48 of 100: loss=5.12021160126 object_loss=3.08705163002 distance_loss=2.03315973282
Iteration 49 of 100: loss=5.23886585236 object_loss=3.20534586906 distance_loss=2.03352022171
Iteration 50 of 100: loss=5.24313735962 object_loss=3.20931220055 distance_loss=2.03382515907
Iteration 51 of 100: loss=4.89057636261 object_loss=2.85675120354 distance_loss=2.03382515907
Iteration 52 of 100: loss=4.82187175751 object_loss=2.78805994987 distance_loss=2.03381156921
Iteration 53 of 100: loss=6.39605522156 object_loss=4.36191940308 distance_loss=2.03413581848
Iteration 54 of 100: loss=6.32796955109 object_loss=4.29359531403 distance_loss=2.03437447548
Iteration 55 of 100: loss=6.773686409 object_loss=4.7391295433 distance_loss=2.03455710411
Iteration 56 of 100: loss=5.82767105103 object_loss=3.7932844162 distance_loss=2.03438687325
Iteration 57 of 100: loss=5.90185642242 object_loss=3.86747646332 distance_loss=2.03438019753
Iteration 58 of 100: loss=5.90202903748 object_loss=3.86746311188 distance_loss=2.03456616402
Iteration 59 of 100: loss=5.65406274796 object_loss=3.61927771568 distance_loss=2.03478503227
Iteration 60 of 100: loss=5.89662075043 object_loss=3.86189723015 distance_loss=2.03472352028
Iteration 61 of 100: loss=6.85168266296 object_loss=4.81685400009 distance_loss=2.03482866287
Iteration 62 of 100: loss=6.47139024734 object_loss=4.43654346466 distance_loss=2.03484678268
Iteration 63 of 100: loss=6.41284561157 object_loss=4.37779092789 distance_loss=2.03505444527
Iteration 64 of 100: loss=6.41288661957 object_loss=4.37775373459 distance_loss=2.03513288498
Iteration 65 of 100: loss=6.41266822815 object_loss=4.37777471542 distance_loss=2.03489327431
Iteration 66 of 100: loss=7.40742206573 object_loss=5.37247419357 distance_loss=2.03494787216
Iteration 67 of 100: loss=6.98917913437 object_loss=4.95413208008 distance_loss=2.03504705429
Iteration 68 of 100: loss=7.20899486542 object_loss=5.17405128479 distance_loss=2.03494358063
Iteration 69 of 100: loss=5.87632656097 object_loss=3.84129905701 distance_loss=2.03502726555
Iteration 70 of 100: loss=6.0095205307 object_loss=3.97444844246 distance_loss=2.03507184982
Iteration 71 of 100: loss=6.23948478699 object_loss=4.20459938049 distance_loss=2.03488516808
Iteration 72 of 100: loss=6.31884860992 object_loss=4.28463554382 distance_loss=2.0342130661
Iteration 73 of 100: loss=6.59323072433 object_loss=4.55916976929 distance_loss=2.03406095505
Iteration 74 of 100: loss=5.73494720459 object_loss=3.70108318329 distance_loss=2.03386425972
Iteration 75 of 100: loss=5.35037517548 object_loss=3.31674075127 distance_loss=2.03363466263
Iteration 76 of 100: loss=5.33911085129 object_loss=3.30591154099 distance_loss=2.0331993103
Iteration 77 of 100: loss=5.3550491333 object_loss=3.32220196724 distance_loss=2.03284692764
Iteration 78 of 100: loss=5.33358478546 object_loss=3.30107116699 distance_loss=2.03251385689
Iteration 79 of 100: loss=5.25939750671 object_loss=3.22711086273 distance_loss=2.03228664398
Iteration 80 of 100: loss=5.40993309021 object_loss=3.37806582451 distance_loss=2.0318672657
Iteration 81 of 100: loss=4.99746179581 object_loss=2.96591615677 distance_loss=2.03154563904
Iteration 82 of 100: loss=5.46501731873 object_loss=3.43356537819 distance_loss=2.03145194054
Iteration 83 of 100: loss=5.62756156921 object_loss=3.59628081322 distance_loss=2.03128099442
Iteration 84 of 100: loss=5.86262893677 object_loss=3.83168935776 distance_loss=2.03093981743
Iteration 85 of 100: loss=5.86265563965 object_loss=3.83186364174 distance_loss=2.03079223633
Iteration 86 of 100: loss=5.86322593689 object_loss=3.83252716064 distance_loss=2.03069877625
Iteration 87 of 100: loss=5.57789230347 object_loss=3.54740619659 distance_loss=2.03048586845
Iteration 88 of 100: loss=6.46092891693 object_loss=4.43065261841 distance_loss=2.0302760601
Iteration 89 of 100: loss=6.2099905014 object_loss=4.17977619171 distance_loss=2.03021407127
Iteration 90 of 100: loss=7.02171897888 object_loss=4.99165678024 distance_loss=2.03006219864
Iteration 91 of 100: loss=7.00322628021 object_loss=4.97340774536 distance_loss=2.02981853485
Iteration 92 of 100: loss=6.71961402893 object_loss=4.69024324417 distance_loss=2.02937102318
Iteration 93 of 100: loss=6.26939678192 object_loss=4.24009180069 distance_loss=2.02930521965
Iteration 94 of 100: loss=5.25117206573 object_loss=3.22196960449 distance_loss=2.02920246124
Iteration 95 of 100: loss=5.35153388977 object_loss=3.32246208191 distance_loss=2.02907204628
Iteration 96 of 100: loss=5.43712329865 object_loss=3.40848922729 distance_loss=2.02863407135
Iteration 97 of 100: loss=5.12813472748 object_loss=3.09967136383 distance_loss=2.02846312523
Iteration 98 of 100: loss=5.1538066864 object_loss=3.1254658699 distance_loss=2.0283408165
Iteration 99 of 100: loss=6.25175285339 object_loss=4.22331237793 distance_loss=2.02844071388
Iteration 0 of 100: loss=9.27368164062 object_loss=7.24523448944 distance_loss=2.02844691277
Iteration 1 of 100: loss=8.60594940186 object_loss=6.57757568359 distance_loss=2.0283741951
Iteration 2 of 100: loss=11.1652898788 object_loss=9.13724899292 distance_loss=2.02804064751
Iteration 3 of 100: loss=11.3224105835 object_loss=9.29442501068 distance_loss=2.02798604965
Iteration 4 of 100: loss=10.3162460327 object_loss=8.28828048706 distance_loss=2.02796554565
Iteration 5 of 100: loss=9.97717380524 object_loss=7.94925785065 distance_loss=2.02791571617
Iteration 6 of 100: loss=8.99040317535 object_loss=6.96253538132 distance_loss=2.02786803246
Iteration 7 of 100: loss=9.35033512115 object_loss=7.32250547409 distance_loss=2.02782988548
Iteration 8 of 100: loss=7.68988609314 object_loss=5.66231298447 distance_loss=2.02757334709
Iteration 9 of 100: loss=7.92901134491 object_loss=5.9014081955 distance_loss=2.02760338783
Iteration 10 of 100: loss=7.90776968002 object_loss=5.88007450104 distance_loss=2.02769517899
Iteration 11 of 100: loss=7.84573745728 object_loss=5.81817722321 distance_loss=2.02755999565
Iteration 12 of 100: loss=6.89485692978 object_loss=4.86762475967 distance_loss=2.0272321701
Iteration 13 of 100: loss=7.34202194214 object_loss=5.31456041336 distance_loss=2.0274617672
Iteration 14 of 100: loss=7.28963756561 object_loss=5.26225805283 distance_loss=2.02737927437
Iteration 15 of 100: loss=6.52257966995 object_loss=4.49523210526 distance_loss=2.0273475647
Iteration 16 of 100: loss=6.97038125992 object_loss=4.9433722496 distance_loss=2.02700901031
Iteration 17 of 100: loss=6.80409145355 object_loss=4.77727842331 distance_loss=2.02681326866
Iteration 18 of 100: loss=6.68454837799 object_loss=4.65750026703 distance_loss=2.02704787254
Iteration 19 of 100: loss=6.57722425461 object_loss=4.55001544952 distance_loss=2.02720880508
Iteration 20 of 100: loss=9.34213638306 object_loss=7.31508398056 distance_loss=2.02705192566
Iteration 21 of 100: loss=6.74773406982 object_loss=4.72072601318 distance_loss=2.02700781822
Iteration 22 of 100: loss=7.47287082672 object_loss=5.44567346573 distance_loss=2.02719759941
Iteration 23 of 100: loss=7.68445491791 object_loss=5.65724372864 distance_loss=2.02721118927
Iteration 24 of 100: loss=6.57514381409 object_loss=4.54789590836 distance_loss=2.02724790573
Iteration 25 of 100: loss=6.63489294052 object_loss=4.60755205154 distance_loss=2.02734088898
Iteration 26 of 100: loss=4.60681390762 object_loss=2.57930040359 distance_loss=2.02751350403
Iteration 27 of 100: loss=4.25065898895 object_loss=2.22288370132 distance_loss=2.02777552605
Iteration 28 of 100: loss=4.43572998047 object_loss=2.40800833702 distance_loss=2.02772164345
Iteration 29 of 100: loss=4.36904239655 object_loss=2.34117174149 distance_loss=2.02787041664
Iteration 30 of 100: loss=4.28117656708 object_loss=2.25303483009 distance_loss=2.0281419754
Iteration 31 of 100: loss=4.37018203735 object_loss=2.3418200016 distance_loss=2.02836203575
Iteration 32 of 100: loss=4.2917766571 object_loss=2.26376628876 distance_loss=2.02801012993
Iteration 33 of 100: loss=4.30661439896 object_loss=2.2779853344 distance_loss=2.02862906456
Iteration 34 of 100: loss=4.33250761032 object_loss=2.3035633564 distance_loss=2.02894425392
Iteration 35 of 100: loss=4.06370067596 object_loss=2.03456330299 distance_loss=2.02913761139
Iteration 36 of 100: loss=4.37602615356 object_loss=2.34673476219 distance_loss=2.02929162979
Iteration 37 of 100: loss=5.38920879364 object_loss=3.359811306 distance_loss=2.02939748764
Iteration 38 of 100: loss=4.0804848671 object_loss=2.050989151 distance_loss=2.02949571609
Iteration 39 of 100: loss=4.85898351669 object_loss=2.8292350769 distance_loss=2.02974843979
Iteration 40 of 100: loss=3.93947267532 object_loss=1.90968286991 distance_loss=2.0297896862
Iteration 41 of 100: loss=3.97716999054 object_loss=1.94745671749 distance_loss=2.02971315384
Iteration 42 of 100: loss=4.6587638855 object_loss=2.62896418571 distance_loss=2.0297999382
Iteration 43 of 100: loss=4.18963813782 object_loss=2.15971517563 distance_loss=2.02992320061
Iteration 44 of 100: loss=4.08917999268 object_loss=2.05933403969 distance_loss=2.02984619141
Iteration 45 of 100: loss=4.38034248352 object_loss=2.35053753853 distance_loss=2.02980470657
Iteration 46 of 100: loss=4.14565372467 object_loss=2.11592912674 distance_loss=2.02972435951
Iteration 47 of 100: loss=3.89829063416 object_loss=1.8686299324 distance_loss=2.02966070175
Iteration 48 of 100: loss=3.65093326569 object_loss=1.62136149406 distance_loss=2.02957177162
Iteration 49 of 100: loss=3.71980452538 object_loss=1.69026470184 distance_loss=2.02953982353
Iteration 50 of 100: loss=3.72204327583 object_loss=1.69256591797 distance_loss=2.02947735786
Iteration 51 of 100: loss=3.71382641792 object_loss=1.68432426453 distance_loss=2.0295021534
Iteration 52 of 100: loss=4.23241901398 object_loss=2.20335292816 distance_loss=2.02906608582
Iteration 53 of 100: loss=4.45812034607 object_loss=2.42907547951 distance_loss=2.02904510498
Iteration 54 of 100: loss=5.71984481812 object_loss=3.69086527824 distance_loss=2.02897977829
Iteration 55 of 100: loss=4.55249881744 object_loss=2.5237891674 distance_loss=2.02870941162
Iteration 56 of 100: loss=4.55534553528 object_loss=2.52701425552 distance_loss=2.02833151817
Iteration 57 of 100: loss=3.24865627289 object_loss=1.22018241882 distance_loss=2.02847385406
Iteration 58 of 100: loss=3.41002368927 object_loss=1.38148987293 distance_loss=2.02853393555
Iteration 59 of 100: loss=3.5316927433 object_loss=1.50299072266 distance_loss=2.02870202065
Iteration 60 of 100: loss=3.72675490379 object_loss=1.69789719582 distance_loss=2.02885770798
Iteration 61 of 100: loss=4.54424381256 object_loss=2.51543426514 distance_loss=2.02880978584
Iteration 62 of 100: loss=7.19251298904 object_loss=5.16374492645 distance_loss=2.02876806259
Iteration 63 of 100: loss=4.98688220978 object_loss=2.95797920227 distance_loss=2.02890324593
Iteration 64 of 100: loss=5.26917362213 object_loss=3.24012231827 distance_loss=2.02905154228
Iteration 65 of 100: loss=4.54687595367 object_loss=2.51768112183 distance_loss=2.02919459343
Iteration 66 of 100: loss=4.04872894287 object_loss=2.01943683624 distance_loss=2.02929186821
Iteration 67 of 100: loss=3.9942305088 object_loss=1.96489191055 distance_loss=2.02933859825
Iteration 68 of 100: loss=3.76394891739 object_loss=1.73484861851 distance_loss=2.02910017967
Iteration 69 of 100: loss=3.64229488373 object_loss=1.61295008659 distance_loss=2.02934479713
Iteration 70 of 100: loss=3.14972019196 object_loss=1.12032616138 distance_loss=2.02939414978
Iteration 71 of 100: loss=3.49659132957 object_loss=1.46704244614 distance_loss=2.02954888344
Iteration 72 of 100: loss=3.47122049332 object_loss=1.44166326523 distance_loss=2.02955722809
Iteration 73 of 100: loss=3.51800227165 object_loss=1.4882349968 distance_loss=2.02976727486
Iteration 74 of 100: loss=3.94605493546 object_loss=1.91620230675 distance_loss=2.02985262871
Iteration 75 of 100: loss=3.78291845322 object_loss=1.75310015678 distance_loss=2.02981829643
Iteration 76 of 100: loss=3.73321795464 object_loss=1.70344400406 distance_loss=2.02977395058
Iteration 77 of 100: loss=3.76750612259 object_loss=1.73797285557 distance_loss=2.02953314781
Iteration 78 of 100: loss=4.07764720917 object_loss=2.0481877327 distance_loss=2.02945923805
Iteration 79 of 100: loss=3.98490476608 object_loss=1.95547831059 distance_loss=2.02942633629
Iteration 80 of 100: loss=4.18460464478 object_loss=2.15543818474 distance_loss=2.02916622162
Iteration 81 of 100: loss=4.56019878387 object_loss=2.53108882904 distance_loss=2.02910995483
Iteration 82 of 100: loss=3.65745639801 object_loss=1.62799584866 distance_loss=2.02946043015
Iteration 83 of 100: loss=4.84677219391 object_loss=2.81698989868 distance_loss=2.02978229523
Iteration 84 of 100: loss=4.02926540375 object_loss=1.99949717522 distance_loss=2.02976799011
Iteration 85 of 100: loss=4.16279172897 object_loss=2.13293933868 distance_loss=2.02985239029
Iteration 86 of 100: loss=4.02507209778 object_loss=1.99518060684 distance_loss=2.02989149094
Iteration 87 of 100: loss=4.31495380402 object_loss=2.28488183022 distance_loss=2.03007221222
Iteration 88 of 100: loss=4.31495761871 object_loss=2.28487944603 distance_loss=2.03007817268
Iteration 89 of 100: loss=4.43402290344 object_loss=2.40376830101 distance_loss=2.03025460243
Iteration 90 of 100: loss=4.23526859283 object_loss=2.20472502708 distance_loss=2.03054332733
Iteration 91 of 100: loss=4.24081230164 object_loss=2.21002721786 distance_loss=2.03078484535
Iteration 92 of 100: loss=4.24455356598 object_loss=2.21415305138 distance_loss=2.03040027618
Iteration 93 of 100: loss=4.05961751938 object_loss=2.02894067764 distance_loss=2.03067684174
Iteration 94 of 100: loss=3.88011312485 object_loss=1.84908497334 distance_loss=2.03102827072
Iteration 95 of 100: loss=4.03804159164 object_loss=2.00687503815 distance_loss=2.0311665535
Iteration 96 of 100: loss=3.81049489975 object_loss=1.7794560194 distance_loss=2.03103876114
Iteration 97 of 100: loss=3.81045722961 object_loss=1.7794290781 distance_loss=2.0310280323
Iteration 98 of 100: loss=3.79396486282 object_loss=1.76306080818 distance_loss=2.03090405464
Iteration 99 of 100: loss=3.560983181 object_loss=1.52995347977 distance_loss=2.03102970123
Iteration 0 of 100: loss=3.68864345551 object_loss=1.65745127201 distance_loss=2.03119206429
Iteration 1 of 100: loss=3.6711063385 object_loss=1.64011251926 distance_loss=2.03099370003
Iteration 2 of 100: loss=3.81994915009 object_loss=1.78886497021 distance_loss=2.03108429909
Iteration 3 of 100: loss=3.80139398575 object_loss=1.77014267445 distance_loss=2.03125119209
Iteration 4 of 100: loss=3.80118894577 object_loss=1.77014219761 distance_loss=2.03104662895
Iteration 5 of 100: loss=3.84490442276 object_loss=1.81378209591 distance_loss=2.03112220764
Iteration 6 of 100: loss=3.84548902512 object_loss=1.81429326534 distance_loss=2.03119564056
Iteration 7 of 100: loss=3.77044534683 object_loss=1.73935639858 distance_loss=2.03108906746
Iteration 8 of 100: loss=3.95437526703 object_loss=1.92332923412 distance_loss=2.0310459137
Iteration 9 of 100: loss=4.29164409637 object_loss=2.2606651783 distance_loss=2.03097891808
Iteration 10 of 100: loss=3.80324244499 object_loss=1.77235102654 distance_loss=2.03089141846
Iteration 11 of 100: loss=4.13074493408 object_loss=2.09980773926 distance_loss=2.03093743324
Iteration 12 of 100: loss=3.46854400635 object_loss=1.43818962574 distance_loss=2.0303542614
Iteration 13 of 100: loss=3.17676973343 object_loss=1.14654016495 distance_loss=2.03022956848
Iteration 14 of 100: loss=3.3418803215 object_loss=1.31180524826 distance_loss=2.03007507324
Iteration 15 of 100: loss=3.35258388519 object_loss=1.32278347015 distance_loss=2.02980041504
Iteration 16 of 100: loss=3.45413470268 object_loss=1.42478847504 distance_loss=2.02934622765
Iteration 17 of 100: loss=3.45364737511 object_loss=1.42429542542 distance_loss=2.02935194969
Iteration 18 of 100: loss=3.41240596771 object_loss=1.38308644295 distance_loss=2.02931952477
Iteration 19 of 100: loss=3.53859782219 object_loss=1.50921297073 distance_loss=2.02938485146
Iteration 20 of 100: loss=3.44794130325 object_loss=1.41833007336 distance_loss=2.02961111069
Iteration 21 of 100: loss=3.59906053543 object_loss=1.56927728653 distance_loss=2.0297832489
Iteration 22 of 100: loss=3.65789604187 object_loss=1.62797188759 distance_loss=2.02992415428
Iteration 23 of 100: loss=3.12524986267 object_loss=1.0950473547 distance_loss=2.03020262718
Iteration 24 of 100: loss=3.13651323318 object_loss=1.10632884502 distance_loss=2.03018450737
Iteration 25 of 100: loss=3.1766974926 object_loss=1.1463162899 distance_loss=2.0303812027
Iteration 26 of 100: loss=2.73735046387 object_loss=0.70683324337 distance_loss=2.03051710129
Iteration 27 of 100: loss=3.14964985847 object_loss=1.11919951439 distance_loss=2.03045034409
Iteration 28 of 100: loss=3.00233721733 object_loss=0.971941173077 distance_loss=2.03039598465
Iteration 29 of 100: loss=2.99932384491 object_loss=0.968775629997 distance_loss=2.03054833412
Iteration 30 of 100: loss=3.00264620781 object_loss=0.971960842609 distance_loss=2.0306854248
Iteration 31 of 100: loss=3.00406551361 object_loss=0.973383247852 distance_loss=2.03068232536
Iteration 32 of 100: loss=2.94547128677 object_loss=0.914967954159 distance_loss=2.03050327301
Iteration 33 of 100: loss=2.99565720558 object_loss=0.96506279707 distance_loss=2.03059434891
Iteration 34 of 100: loss=2.98570275307 object_loss=0.954958438873 distance_loss=2.03074431419
Iteration 35 of 100: loss=2.98570871353 object_loss=0.954959154129 distance_loss=2.0307495594
Iteration 36 of 100: loss=3.44383382797 object_loss=1.41331803799 distance_loss=2.03051567078
Iteration 37 of 100: loss=3.16623067856 object_loss=1.1357448101 distance_loss=2.03048586845
Iteration 38 of 100: loss=3.57205200195 object_loss=1.54153692722 distance_loss=2.03051495552
Iteration 39 of 100: loss=3.5729432106 object_loss=1.54222214222 distance_loss=2.03072118759
Iteration 40 of 100: loss=3.48370027542 object_loss=1.45323014259 distance_loss=2.03047013283
Iteration 41 of 100: loss=3.53134632111 object_loss=1.50089585781 distance_loss=2.03045034409
Iteration 42 of 100: loss=3.19204282761 object_loss=1.16168248653 distance_loss=2.03036022186
Iteration 43 of 100: loss=3.22938585281 object_loss=1.19894337654 distance_loss=2.03044247627
Iteration 44 of 100: loss=3.23931026459 object_loss=1.20874023438 distance_loss=2.03057003021
Iteration 45 of 100: loss=3.23934936523 object_loss=1.20873689651 distance_loss=2.03061246872
Iteration 46 of 100: loss=3.23918008804 object_loss=1.20875442028 distance_loss=2.03042578697
Iteration 47 of 100: loss=3.23904752731 object_loss=1.20865511894 distance_loss=2.03039240837
Iteration 48 of 100: loss=3.3623073101 object_loss=1.3319439888 distance_loss=2.0303633213
Iteration 49 of 100: loss=4.20361042023 object_loss=2.17328667641 distance_loss=2.03032398224
Iteration 50 of 100: loss=4.203520298 object_loss=2.17294216156 distance_loss=2.03057813644
Iteration 51 of 100: loss=4.20366430283 object_loss=2.17291593552 distance_loss=2.03074836731
Iteration 52 of 100: loss=4.20310497284 object_loss=2.17282104492 distance_loss=2.0302836895
Iteration 53 of 100: loss=4.1395072937 object_loss=2.10909628868 distance_loss=2.0304107666
Iteration 54 of 100: loss=4.13949298859 object_loss=2.10901927948 distance_loss=2.03047394753
Iteration 55 of 100: loss=4.13936042786 object_loss=2.10899376869 distance_loss=2.03036689758
Iteration 56 of 100: loss=4.13919353485 object_loss=2.10897159576 distance_loss=2.03022217751
Iteration 57 of 100: loss=4.13908576965 object_loss=2.10895895958 distance_loss=2.03012657166
Iteration 58 of 100: loss=4.13904714584 object_loss=2.10896635056 distance_loss=2.03008079529
Iteration 59 of 100: loss=4.13928604126 object_loss=2.1089682579 distance_loss=2.03031778336
Iteration 60 of 100: loss=4.13920974731 object_loss=2.10895633698 distance_loss=2.03025364876
Iteration 61 of 100: loss=4.1389670372 object_loss=2.10895872116 distance_loss=2.03000831604
Iteration 62 of 100: loss=4.13914203644 object_loss=2.10895442963 distance_loss=2.03018736839
Iteration 63 of 100: loss=4.37960958481 object_loss=2.34921765327 distance_loss=2.03039193153
Iteration 64 of 100: loss=4.37936162949 object_loss=2.34912371635 distance_loss=2.03023791313
Iteration 65 of 100: loss=4.36571025848 object_loss=2.33553147316 distance_loss=2.03017902374
Iteration 66 of 100: loss=4.13376808167 object_loss=2.10370206833 distance_loss=2.03006601334
Iteration 67 of 100: loss=4.40861797333 object_loss=2.37882518768 distance_loss=2.02979302406
Iteration 68 of 100: loss=4.46432495117 object_loss=2.434705019 distance_loss=2.02962017059
Iteration 69 of 100: loss=4.06675815582 object_loss=2.03688192368 distance_loss=2.02987647057
Iteration 70 of 100: loss=3.84853839874 object_loss=1.81872308254 distance_loss=2.02981543541
Iteration 71 of 100: loss=4.2429265976 object_loss=2.21308350563 distance_loss=2.02984309196
Iteration 72 of 100: loss=4.07857894897 object_loss=2.0491771698 distance_loss=2.02940154076
Iteration 73 of 100: loss=3.56393051147 object_loss=1.53445851803 distance_loss=2.02947211266
Iteration 74 of 100: loss=3.34777379036 object_loss=1.31832075119 distance_loss=2.02945303917
Iteration 75 of 100: loss=3.59880113602 object_loss=1.56953823566 distance_loss=2.02926301956
Iteration 76 of 100: loss=3.78826379776 object_loss=1.75915658474 distance_loss=2.02910733223
Iteration 77 of 100: loss=3.92239069939 object_loss=1.89298820496 distance_loss=2.02940249443
Iteration 78 of 100: loss=3.93994760513 object_loss=1.91040837765 distance_loss=2.02953934669
Iteration 79 of 100: loss=3.76861333847 object_loss=1.73899555206 distance_loss=2.02961778641
Iteration 80 of 100: loss=3.87502241135 object_loss=1.84528553486 distance_loss=2.02973675728
Iteration 81 of 100: loss=3.98749637604 object_loss=1.95773124695 distance_loss=2.02976512909
Iteration 82 of 100: loss=4.38723468781 object_loss=2.35764193535 distance_loss=2.02959299088
Iteration 83 of 100: loss=3.92625570297 object_loss=1.89648556709 distance_loss=2.02977013588
Iteration 84 of 100: loss=4.00143051147 object_loss=1.97145545483 distance_loss=2.02997493744
Iteration 85 of 100: loss=4.08677196503 object_loss=2.05677890778 distance_loss=2.02999305725
Iteration 86 of 100: loss=4.13965606689 object_loss=2.1094353199 distance_loss=2.03022074699
Iteration 87 of 100: loss=4.07769393921 object_loss=2.04747104645 distance_loss=2.03022289276
Iteration 88 of 100: loss=4.34489107132 object_loss=2.31493234634 distance_loss=2.02995872498
Iteration 89 of 100: loss=4.1590180397 object_loss=2.1289396286 distance_loss=2.0300784111
Iteration 90 of 100: loss=4.51943588257 object_loss=2.48920655251 distance_loss=2.03022933006
Iteration 91 of 100: loss=4.42511463165 object_loss=2.39494204521 distance_loss=2.03017234802
Iteration 92 of 100: loss=4.01613235474 object_loss=1.98624050617 distance_loss=2.02989196777
Iteration 93 of 100: loss=3.86992073059 object_loss=1.83994185925 distance_loss=2.02997899055
Iteration 94 of 100: loss=3.72583341599 object_loss=1.69595372677 distance_loss=2.02987957001
Iteration 95 of 100: loss=4.00532627106 object_loss=1.97532045841 distance_loss=2.03000593185
Iteration 96 of 100: loss=4.00508213043 object_loss=1.97532832623 distance_loss=2.029753685
Iteration 97 of 100: loss=4.24836158752 object_loss=2.21869421005 distance_loss=2.02966761589
Iteration 98 of 100: loss=4.03786563873 object_loss=2.00811004639 distance_loss=2.02975559235
Iteration 99 of 100: loss=4.08499526978 object_loss=2.05528616905 distance_loss=2.02970933914
Iteration 0 of 100: loss=4.08156681061 object_loss=2.05223202705 distance_loss=2.02933478355
Iteration 1 of 100: loss=4.08140182495 object_loss=2.05202293396 distance_loss=2.02937912941
Iteration 2 of 100: loss=4.08154582977 object_loss=2.05214381218 distance_loss=2.02940225601
Iteration 3 of 100: loss=4.08149003983 object_loss=2.05206418037 distance_loss=2.02942585945
Iteration 4 of 100: loss=4.14990663528 object_loss=2.12046766281 distance_loss=2.02943897247
Iteration 5 of 100: loss=4.14978027344 object_loss=2.12047028542 distance_loss=2.0293097496
Iteration 6 of 100: loss=4.14981842041 object_loss=2.12045383453 distance_loss=2.0293648243
Iteration 7 of 100: loss=4.5882434845 object_loss=2.55883693695 distance_loss=2.02940630913
Iteration 8 of 100: loss=4.58807182312 object_loss=2.5588312149 distance_loss=2.0292403698
Iteration 9 of 100: loss=4.58816432953 object_loss=2.55882287025 distance_loss=2.02934145927
Iteration 10 of 100: loss=4.58824777603 object_loss=2.55880737305 distance_loss=2.02944040298
Iteration 11 of 100: loss=4.80725383759 object_loss=2.77765631676 distance_loss=2.02959752083
Iteration 12 of 100: loss=4.79046010971 object_loss=2.76117277145 distance_loss=2.02928733826
Iteration 13 of 100: loss=5.1626033783 object_loss=3.13325285912 distance_loss=2.0293507576
Iteration 14 of 100: loss=4.90598726273 object_loss=2.87674093246 distance_loss=2.02924633026
Iteration 15 of 100: loss=4.62279987335 object_loss=2.5936255455 distance_loss=2.02917408943
Iteration 16 of 100: loss=4.43298578262 object_loss=2.40393829346 distance_loss=2.02904748917
Iteration 17 of 100: loss=4.49088859558 object_loss=2.46204066277 distance_loss=2.02884817123
Iteration 18 of 100: loss=4.5995464325 object_loss=2.57076931 distance_loss=2.02877688408
Iteration 19 of 100: loss=4.3397397995 object_loss=2.31108379364 distance_loss=2.02865576744
Iteration 20 of 100: loss=4.32253503799 object_loss=2.29389595985 distance_loss=2.02863907814
Iteration 21 of 100: loss=4.22139358521 object_loss=2.19303274155 distance_loss=2.02836060524
Iteration 22 of 100: loss=4.20003318787 object_loss=2.17175269127 distance_loss=2.0282804966
Iteration 23 of 100: loss=3.81259346008 object_loss=1.78391325474 distance_loss=2.02868032455
Iteration 24 of 100: loss=4.35785007477 object_loss=2.32910490036 distance_loss=2.02874517441
Iteration 25 of 100: loss=4.40485715866 object_loss=2.3759829998 distance_loss=2.02887415886
Iteration 26 of 100: loss=4.23425865173 object_loss=2.20533108711 distance_loss=2.0289273262
Iteration 27 of 100: loss=4.35223484039 object_loss=2.32321023941 distance_loss=2.0290248394
Iteration 28 of 100: loss=4.30606889725 object_loss=2.27709960938 distance_loss=2.02896928787
Iteration 29 of 100: loss=4.27761697769 object_loss=2.24834132195 distance_loss=2.02927565575
Iteration 30 of 100: loss=5.61694812775 object_loss=3.58742904663 distance_loss=2.0295188427
Iteration 31 of 100: loss=4.94841861725 object_loss=2.91862607002 distance_loss=2.02979278564
Iteration 32 of 100: loss=4.99919223785 object_loss=2.96943068504 distance_loss=2.02976179123
Iteration 33 of 100: loss=4.1168756485 object_loss=2.08665847778 distance_loss=2.0302169323
Iteration 34 of 100: loss=4.02793550491 object_loss=1.99737763405 distance_loss=2.03055787086
Iteration 35 of 100: loss=4.03351974487 object_loss=2.00279855728 distance_loss=2.03072118759
Iteration 36 of 100: loss=3.91480875015 object_loss=1.88446128368 distance_loss=2.03034734726
Iteration 37 of 100: loss=4.03051996231 object_loss=2.00010442734 distance_loss=2.03041553497
Iteration 38 of 100: loss=4.07486629486 object_loss=2.04428291321 distance_loss=2.03058338165
Iteration 39 of 100: loss=3.95202302933 object_loss=1.92135202885 distance_loss=2.03067088127
Iteration 40 of 100: loss=4.37607145309 object_loss=2.3452937603 distance_loss=2.03077769279
Iteration 41 of 100: loss=4.782787323 object_loss=2.75185132027 distance_loss=2.03093600273
Iteration 42 of 100: loss=4.39322805405 object_loss=2.36212563515 distance_loss=2.0311024189
Iteration 43 of 100: loss=4.56337451935 object_loss=2.53228926659 distance_loss=2.03108501434
Iteration 44 of 100: loss=4.36166477203 object_loss=2.33056879044 distance_loss=2.0310959816
Iteration 45 of 100: loss=4.17959690094 object_loss=2.14852571487 distance_loss=2.03107142448
Iteration 46 of 100: loss=4.05148839951 object_loss=2.02035951614 distance_loss=2.03112888336
Iteration 47 of 100: loss=4.01251554489 object_loss=1.98132252693 distance_loss=2.03119301796
Iteration 48 of 100: loss=3.93626093864 object_loss=1.90531301498 distance_loss=2.03094792366
Iteration 49 of 100: loss=3.83891582489 object_loss=1.80777597427 distance_loss=2.03113985062
Iteration 50 of 100: loss=3.82596731186 object_loss=1.79468286037 distance_loss=2.03128433228
Iteration 51 of 100: loss=3.97685098648 object_loss=1.94555532932 distance_loss=2.03129553795
Iteration 52 of 100: loss=4.09416770935 object_loss=2.06301736832 distance_loss=2.03115057945
Iteration 53 of 100: loss=4.0635061264 object_loss=2.03205394745 distance_loss=2.03145241737
Iteration 54 of 100: loss=4.1847038269 object_loss=2.1532831192 distance_loss=2.03142046928
Iteration 55 of 100: loss=3.87923336029 object_loss=1.84783947468 distance_loss=2.0313937664
Iteration 56 of 100: loss=4.01091241837 object_loss=1.97973227501 distance_loss=2.03118014336
Iteration 57 of 100: loss=3.98643946648 object_loss=1.95528960228 distance_loss=2.0311498642
Iteration 58 of 100: loss=3.33202791214 object_loss=1.30076372623 distance_loss=2.03126430511
Iteration 59 of 100: loss=3.30393576622 object_loss=1.27272391319 distance_loss=2.03121185303
Iteration 60 of 100: loss=3.30368518829 object_loss=1.27272701263 distance_loss=2.03095817566
Iteration 61 of 100: loss=3.6682882309 object_loss=1.63731849194 distance_loss=2.03096985817
Iteration 62 of 100: loss=4.63279628754 object_loss=2.601998806 distance_loss=2.03079748154
Iteration 63 of 100: loss=4.8781709671 object_loss=2.84750080109 distance_loss=2.03067040443
Iteration 64 of 100: loss=4.79639339447 object_loss=2.76611328125 distance_loss=2.03028011322
Iteration 65 of 100: loss=3.88343977928 object_loss=1.8535027504 distance_loss=2.02993702888
Iteration 66 of 100: loss=4.12572622299 object_loss=2.09620475769 distance_loss=2.0295214653
Iteration 67 of 100: loss=4.03226184845 object_loss=2.00287914276 distance_loss=2.02938294411
Iteration 68 of 100: loss=4.12748718262 object_loss=2.0986866951 distance_loss=2.02880072594
Iteration 69 of 100: loss=4.26712656021 object_loss=2.23883104324 distance_loss=2.02829551697
Iteration 70 of 100: loss=4.212246418 object_loss=2.18407964706 distance_loss=2.02816677094
Iteration 71 of 100: loss=4.2754406929 object_loss=2.2475373745 distance_loss=2.02790331841
Iteration 72 of 100: loss=4.36386442184 object_loss=2.33659386635 distance_loss=2.0272705555
Iteration 73 of 100: loss=4.48019790649 object_loss=2.45310544968 distance_loss=2.02709269524
Iteration 74 of 100: loss=4.63878250122 object_loss=2.61178541183 distance_loss=2.02699685097
Iteration 75 of 100: loss=4.71033668518 object_loss=2.68350100517 distance_loss=2.02683544159
Iteration 76 of 100: loss=4.58277416229 object_loss=2.55615019798 distance_loss=2.02662396431
Iteration 77 of 100: loss=4.71587991714 object_loss=2.68965554237 distance_loss=2.02622437477
Iteration 78 of 100: loss=4.99668979645 object_loss=2.97081780434 distance_loss=2.02587175369
Iteration 79 of 100: loss=4.35494995117 object_loss=2.32896852493 distance_loss=2.02598118782
Iteration 80 of 100: loss=4.6728143692 object_loss=2.64699244499 distance_loss=2.02582216263
Iteration 81 of 100: loss=5.41663837433 object_loss=3.39103603363 distance_loss=2.02560257912
Iteration 82 of 100: loss=5.32986974716 object_loss=3.30443811417 distance_loss=2.025431633
Iteration 83 of 100: loss=5.95391368866 object_loss=3.92851567268 distance_loss=2.02539777756
Iteration 84 of 100: loss=5.57997608185 object_loss=3.55498552322 distance_loss=2.02499032021
Iteration 85 of 100: loss=5.60553216934 object_loss=3.58056378365 distance_loss=2.0249683857
Iteration 86 of 100: loss=5.09363365173 object_loss=3.06897735596 distance_loss=2.02465629578
Iteration 87 of 100: loss=4.68555736542 object_loss=2.66125512123 distance_loss=2.02430224419
Iteration 88 of 100: loss=4.82374382019 object_loss=2.79964065552 distance_loss=2.02410292625
Iteration 89 of 100: loss=4.83753919601 object_loss=2.81352901459 distance_loss=2.02401018143
Iteration 90 of 100: loss=4.81106281281 object_loss=2.78706073761 distance_loss=2.02400183678
Iteration 91 of 100: loss=5.00858783722 object_loss=2.98454093933 distance_loss=2.02404713631
Iteration 92 of 100: loss=5.03295230865 object_loss=3.00904297829 distance_loss=2.02390933037
Iteration 93 of 100: loss=5.17401695251 object_loss=3.14997696877 distance_loss=2.02403998375
Iteration 94 of 100: loss=5.38643693924 object_loss=3.36218953133 distance_loss=2.02424740791
Iteration 95 of 100: loss=5.08040618896 object_loss=3.05608797073 distance_loss=2.02431797981
Iteration 96 of 100: loss=4.8753824234 object_loss=2.85115122795 distance_loss=2.02423119545
Iteration 97 of 100: loss=5.00583076477 object_loss=2.98147749901 distance_loss=2.02435350418
Iteration 98 of 100: loss=5.08132743835 object_loss=3.05689787865 distance_loss=2.02442932129
Iteration 99 of 100: loss=5.17977809906 object_loss=3.155210495 distance_loss=2.02456736565
Iteration 0 of 100: loss=6.06580734253 object_loss=4.0411362648 distance_loss=2.02467107773
Iteration 1 of 100: loss=5.63021850586 object_loss=3.60552167892 distance_loss=2.02469706535
Iteration 2 of 100: loss=5.6541891098 object_loss=3.6295273304 distance_loss=2.02466154099
Iteration 3 of 100: loss=5.75390720367 object_loss=3.72919750214 distance_loss=2.02470946312
Iteration 4 of 100: loss=5.75385761261 object_loss=3.72921085358 distance_loss=2.02464699745
Iteration 5 of 100: loss=5.76972198486 object_loss=3.74510359764 distance_loss=2.02461838722
Iteration 6 of 100: loss=5.72439002991 object_loss=3.69958662987 distance_loss=2.02480316162
Iteration 7 of 100: loss=5.54822254181 object_loss=3.52339267731 distance_loss=2.02482962608
Iteration 8 of 100: loss=5.5801115036 object_loss=3.55571508408 distance_loss=2.02439618111
Iteration 9 of 100: loss=5.85429096222 object_loss=3.82986330986 distance_loss=2.02442789078
Iteration 10 of 100: loss=6.10648155212 object_loss=4.08190536499 distance_loss=2.02457618713
Iteration 11 of 100: loss=5.74630832672 object_loss=3.7218413353 distance_loss=2.02446699142
Iteration 12 of 100: loss=5.81679058075 object_loss=3.79261684418 distance_loss=2.02417373657
Iteration 13 of 100: loss=5.81706237793 object_loss=3.79261612892 distance_loss=2.02444601059
Iteration 14 of 100: loss=6.09719467163 object_loss=4.072681427 distance_loss=2.02451348305
Iteration 15 of 100: loss=6.07090997696 object_loss=4.04644346237 distance_loss=2.02446651459
Iteration 16 of 100: loss=6.30252885818 object_loss=4.27827692032 distance_loss=2.02425193787
Iteration 17 of 100: loss=6.18651008606 object_loss=4.16244983673 distance_loss=2.02406024933
Iteration 18 of 100: loss=6.7215013504 object_loss=4.69732522964 distance_loss=2.02417588234
Iteration 19 of 100: loss=6.53143024445 object_loss=4.50703334808 distance_loss=2.02439665794
Iteration 20 of 100: loss=6.18797159195 object_loss=4.16371488571 distance_loss=2.02425670624
Iteration 21 of 100: loss=11.1483249664 object_loss=9.12388038635 distance_loss=2.02444458008
Iteration 22 of 100: loss=11.148352623 object_loss=9.12386798859 distance_loss=2.02448439598
Iteration 23 of 100: loss=11.1484584808 object_loss=9.12384319305 distance_loss=2.02461481094
Iteration 24 of 100: loss=9.75260829926 object_loss=7.72776556015 distance_loss=2.02484250069
Iteration 25 of 100: loss=10.7598304749 object_loss=8.73506355286 distance_loss=2.02476716042
Iteration 26 of 100: loss=11.0156173706 object_loss=8.99088382721 distance_loss=2.02473306656
Iteration 27 of 100: loss=11.1773996353 object_loss=9.15263748169 distance_loss=2.02476191521
Iteration 28 of 100: loss=10.8079566956 object_loss=8.78327274323 distance_loss=2.02468395233
Iteration 29 of 100: loss=10.9549636841 object_loss=8.9302444458 distance_loss=2.0247194767
Iteration 30 of 100: loss=11.030872345 object_loss=9.0060968399 distance_loss=2.02477550507
Iteration 31 of 100: loss=10.6144561768 object_loss=8.58975219727 distance_loss=2.02470445633
Iteration 32 of 100: loss=10.6832027435 object_loss=8.6591091156 distance_loss=2.02409386635
Iteration 33 of 100: loss=10.212346077 object_loss=8.18821525574 distance_loss=2.02413058281
Iteration 34 of 100: loss=9.88343715668 object_loss=7.85922288895 distance_loss=2.02421450615
Iteration 35 of 100: loss=9.58150196075 object_loss=7.55731630325 distance_loss=2.0241856575
Iteration 36 of 100: loss=7.27608966827 object_loss=5.25218057632 distance_loss=2.02390933037
Iteration 37 of 100: loss=10.2935037613 object_loss=8.26927566528 distance_loss=2.02422833443
Iteration 38 of 100: loss=10.224158287 object_loss=8.19983768463 distance_loss=2.02432084084
Iteration 39 of 100: loss=14.8920259476 object_loss=12.8672647476 distance_loss=2.02476119995
Iteration 40 of 100: loss=8.59139251709 object_loss=6.56645441055 distance_loss=2.02493810654
Iteration 41 of 100: loss=8.12951469421 object_loss=6.10453939438 distance_loss=2.02497577667
Iteration 42 of 100: loss=8.66716384888 object_loss=6.64198732376 distance_loss=2.02517604828
Iteration 43 of 100: loss=9.47135162354 object_loss=7.4459438324 distance_loss=2.0254073143
Iteration 44 of 100: loss=11.2612867355 object_loss=9.23593521118 distance_loss=2.02535128593
Iteration 45 of 100: loss=10.4548664093 object_loss=8.42934703827 distance_loss=2.02551913261
Iteration 46 of 100: loss=10.0508165359 object_loss=8.02544403076 distance_loss=2.02537226677
Iteration 47 of 100: loss=8.99901580811 object_loss=6.97390937805 distance_loss=2.02510595322
Iteration 48 of 100: loss=9.06358528137 object_loss=7.03858470917 distance_loss=2.02500033379
Iteration 49 of 100: loss=9.9686794281 object_loss=7.94380617142 distance_loss=2.02487325668
Iteration 50 of 100: loss=11.8769130707 object_loss=9.85228347778 distance_loss=2.02462983131
Iteration 51 of 100: loss=11.2408733368 object_loss=9.21632003784 distance_loss=2.02455377579
Iteration 52 of 100: loss=10.8823318481 object_loss=8.85793972015 distance_loss=2.02439188957
Iteration 53 of 100: loss=10.0962104797 object_loss=8.07170391083 distance_loss=2.02450609207
Iteration 54 of 100: loss=10.0493650436 object_loss=8.02472877502 distance_loss=2.02463626862
Iteration 55 of 100: loss=8.85476303101 object_loss=6.83016586304 distance_loss=2.02459692955
Iteration 56 of 100: loss=9.9079246521 object_loss=7.88366556168 distance_loss=2.02425885201
Iteration 57 of 100: loss=7.05289649963 object_loss=5.02865743637 distance_loss=2.02423882484
Iteration 58 of 100: loss=5.9734992981 object_loss=3.94920063019 distance_loss=2.02429842949
Iteration 59 of 100: loss=6.07884883881 object_loss=4.054459095 distance_loss=2.02438950539
Iteration 60 of 100: loss=9.40302276611 object_loss=7.37848711014 distance_loss=2.02453517914
Iteration 61 of 100: loss=7.98525428772 object_loss=5.96076774597 distance_loss=2.02448630333
Iteration 62 of 100: loss=9.20137214661 object_loss=7.176861763 distance_loss=2.02451014519
Iteration 63 of 100: loss=10.7354736328 object_loss=8.71078777313 distance_loss=2.02468633652
Iteration 64 of 100: loss=10.7019405365 object_loss=8.67737007141 distance_loss=2.02456998825
Iteration 65 of 100: loss=10.8769655228 object_loss=8.85242176056 distance_loss=2.02454352379
Iteration 66 of 100: loss=11.5391426086 object_loss=9.5145740509 distance_loss=2.02456903458
Iteration 67 of 100: loss=11.4566574097 object_loss=9.43190479279 distance_loss=2.02475214005
Iteration 68 of 100: loss=10.4848842621 object_loss=8.46035575867 distance_loss=2.02452802658
Iteration 69 of 100: loss=11.4604434967 object_loss=9.4357919693 distance_loss=2.02465200424
Iteration 70 of 100: loss=10.5501317978 object_loss=8.52557277679 distance_loss=2.02455878258
Iteration 71 of 100: loss=9.27050971985 object_loss=7.24607849121 distance_loss=2.02443146706
Iteration 72 of 100: loss=9.73589992523 object_loss=7.71178483963 distance_loss=2.02411532402
Iteration 73 of 100: loss=9.43671607971 object_loss=7.41264200211 distance_loss=2.02407383919
Iteration 74 of 100: loss=9.9197101593 object_loss=7.89547920227 distance_loss=2.02423071861
Iteration 75 of 100: loss=10.0680809021 object_loss=8.04371738434 distance_loss=2.02436351776
Iteration 76 of 100: loss=11.8979759216 object_loss=9.87397003174 distance_loss=2.02400612831
Iteration 77 of 100: loss=9.45570087433 object_loss=7.43178462982 distance_loss=2.02391648293
Iteration 78 of 100: loss=10.5152435303 object_loss=8.49133491516 distance_loss=2.02390909195
Iteration 79 of 100: loss=14.3475017548 object_loss=12.3236494064 distance_loss=2.02385210991
Iteration 80 of 100: loss=10.0249214172 object_loss=8.00135421753 distance_loss=2.02356672287
Iteration 81 of 100: loss=7.73581933975 object_loss=5.71244907379 distance_loss=2.02337026596
Iteration 82 of 100: loss=7.96295166016 object_loss=5.93966674805 distance_loss=2.02328515053
Iteration 83 of 100: loss=7.44853019714 object_loss=5.42548751831 distance_loss=2.02304267883
Iteration 84 of 100: loss=7.5429649353 object_loss=5.52016735077 distance_loss=2.02279758453
Iteration 85 of 100: loss=9.0933008194 object_loss=7.07074451447 distance_loss=2.02255630493
Iteration 86 of 100: loss=9.06148147583 object_loss=7.03871297836 distance_loss=2.02276873589
Iteration 87 of 100: loss=8.47738265991 object_loss=6.45455646515 distance_loss=2.02282595634
Iteration 88 of 100: loss=7.61117076874 object_loss=5.58831882477 distance_loss=2.02285218239
Iteration 89 of 100: loss=7.43104839325 object_loss=5.40805625916 distance_loss=2.02299189568
Iteration 90 of 100: loss=8.64060974121 object_loss=6.6174325943 distance_loss=2.02317714691
Iteration 91 of 100: loss=7.70435333252 object_loss=5.68099164963 distance_loss=2.02336168289
Iteration 92 of 100: loss=11.6319360733 object_loss=9.60901832581 distance_loss=2.0229177475
Iteration 93 of 100: loss=10.771065712 object_loss=8.74786090851 distance_loss=2.02320456505
Iteration 94 of 100: loss=10.8796691895 object_loss=8.85640621185 distance_loss=2.02326273918
Iteration 95 of 100: loss=10.4149646759 object_loss=8.39176750183 distance_loss=2.02319669724
Iteration 96 of 100: loss=9.71190452576 object_loss=7.68881130219 distance_loss=2.02309274673
Iteration 97 of 100: loss=9.85945987701 object_loss=7.83620548248 distance_loss=2.02325415611
Iteration 98 of 100: loss=9.29980659485 object_loss=7.27666854858 distance_loss=2.02313828468
Iteration 99 of 100: loss=9.95065307617 object_loss=7.92745351791 distance_loss=2.02319908142
Iteration 0 of 100: loss=9.73391532898 object_loss=7.71027517319 distance_loss=2.02364039421
Iteration 1 of 100: loss=10.3586149216 object_loss=8.33481693268 distance_loss=2.02379775047
Iteration 2 of 100: loss=9.78628730774 object_loss=7.762196064 distance_loss=2.02409172058
Iteration 3 of 100: loss=8.97414016724 object_loss=6.94964838028 distance_loss=2.02449131012
Iteration 4 of 100: loss=8.46796226501 object_loss=6.44343757629 distance_loss=2.02452468872
Iteration 5 of 100: loss=8.51174545288 object_loss=6.48705053329 distance_loss=2.02469491959
Iteration 6 of 100: loss=8.43357276917 object_loss=6.4088139534 distance_loss=2.0247592926
Iteration 7 of 100: loss=8.7513885498 object_loss=6.72655677795 distance_loss=2.02483224869
Iteration 8 of 100: loss=9.01070213318 object_loss=6.98572063446 distance_loss=2.02498197556
Iteration 9 of 100: loss=8.82233428955 object_loss=6.79718446732 distance_loss=2.0251493454
Iteration 10 of 100: loss=8.96620082855 object_loss=6.94095611572 distance_loss=2.02524495125
Iteration 11 of 100: loss=9.31825447083 object_loss=7.29269552231 distance_loss=2.02555918694
Iteration 12 of 100: loss=10.131310463 object_loss=8.10595607758 distance_loss=2.02535462379
Iteration 13 of 100: loss=9.9843044281 object_loss=7.95908403397 distance_loss=2.0252199173
Iteration 14 of 100: loss=9.05496788025 object_loss=7.0295753479 distance_loss=2.02539277077
Iteration 15 of 100: loss=8.66721057892 object_loss=6.64190816879 distance_loss=2.02530241013
Iteration 16 of 100: loss=8.86966896057 object_loss=6.84482526779 distance_loss=2.02484369278
Iteration 17 of 100: loss=9.00630187988 object_loss=6.981569767 distance_loss=2.02473187447
Iteration 18 of 100: loss=9.49103736877 object_loss=7.46622657776 distance_loss=2.02481102943
Iteration 19 of 100: loss=9.37333106995 object_loss=7.34849452972 distance_loss=2.02483606339
Iteration 20 of 100: loss=8.45846939087 object_loss=6.43368768692 distance_loss=2.02478218079
Iteration 21 of 100: loss=10.1937332153 object_loss=8.16882419586 distance_loss=2.02490854263
Iteration 22 of 100: loss=9.65878677368 object_loss=7.63386392593 distance_loss=2.02492332458
Iteration 23 of 100: loss=10.2514333725 object_loss=8.22608184814 distance_loss=2.02535152435
Iteration 24 of 100: loss=8.55020046234 object_loss=6.52462625504 distance_loss=2.02557420731
Iteration 25 of 100: loss=10.3366212845 object_loss=8.31074237823 distance_loss=2.02587890625
Iteration 26 of 100: loss=9.9406337738 object_loss=7.91444730759 distance_loss=2.02618646622
Iteration 27 of 100: loss=10.7678718567 object_loss=8.74153518677 distance_loss=2.02633666992
Iteration 28 of 100: loss=9.95913696289 object_loss=7.93285179138 distance_loss=2.02628564835
Iteration 29 of 100: loss=10.079957962 object_loss=8.05331993103 distance_loss=2.02663826942
Iteration 30 of 100: loss=10.0120000839 object_loss=7.98514080048 distance_loss=2.02685928345
Iteration 31 of 100: loss=9.9358921051 object_loss=7.90888500214 distance_loss=2.02700686455
Iteration 32 of 100: loss=9.750041008 object_loss=7.72307157516 distance_loss=2.02696919441
Iteration 33 of 100: loss=10.4938907623 object_loss=8.46656131744 distance_loss=2.02732920647
Iteration 34 of 100: loss=10.4957399368 object_loss=8.46841430664 distance_loss=2.02732563019
Iteration 35 of 100: loss=10.5277118683 object_loss=8.50032138824 distance_loss=2.02739071846
Iteration 36 of 100: loss=10.5276479721 object_loss=8.50027942657 distance_loss=2.02736878395
Iteration 37 of 100: loss=10.8365802765 object_loss=8.80934333801 distance_loss=2.02723646164
Iteration 38 of 100: loss=10.6655254364 object_loss=8.63817501068 distance_loss=2.02735066414
Iteration 39 of 100: loss=11.7112264633 object_loss=9.6838684082 distance_loss=2.02735829353
Iteration 40 of 100: loss=9.97205066681 object_loss=7.94489955902 distance_loss=2.02715110779
Iteration 41 of 100: loss=9.98322296143 object_loss=7.95618200302 distance_loss=2.02704071999
Iteration 42 of 100: loss=9.98329639435 object_loss=7.95619916916 distance_loss=2.02709746361
Iteration 43 of 100: loss=9.9822883606 object_loss=7.955119133 distance_loss=2.02716946602
Iteration 44 of 100: loss=9.97730636597 object_loss=7.95022344589 distance_loss=2.02708244324
Iteration 45 of 100: loss=10.7286052704 object_loss=8.70173549652 distance_loss=2.02686929703
Iteration 46 of 100: loss=10.7037315369 object_loss=8.67703533173 distance_loss=2.02669620514
Iteration 47 of 100: loss=10.4491863251 object_loss=8.4224653244 distance_loss=2.02672147751
Iteration 48 of 100: loss=9.85169792175 object_loss=7.82538604736 distance_loss=2.02631235123
Iteration 49 of 100: loss=10.0429677963 object_loss=8.01670837402 distance_loss=2.02625966072
Iteration 50 of 100: loss=10.2966165543 object_loss=8.2702255249 distance_loss=2.02639102936
Iteration 51 of 100: loss=10.2965507507 object_loss=8.27023506165 distance_loss=2.02631545067
Iteration 52 of 100: loss=9.48072052002 object_loss=7.45505714417 distance_loss=2.02566361427
Iteration 53 of 100: loss=11.3355464935 object_loss=9.30975532532 distance_loss=2.02579164505
Iteration 54 of 100: loss=11.3905515671 object_loss=9.3646736145 distance_loss=2.02587771416
Iteration 55 of 100: loss=12.0949192047 object_loss=10.0690879822 distance_loss=2.0258307457
Iteration 56 of 100: loss=12.1507568359 object_loss=10.1249446869 distance_loss=2.02581167221
Iteration 57 of 100: loss=11.370923996 object_loss=9.34500026703 distance_loss=2.02592420578
Iteration 58 of 100: loss=12.1147251129 object_loss=10.0886726379 distance_loss=2.02605223656
Iteration 59 of 100: loss=11.7544288635 object_loss=9.72827243805 distance_loss=2.02615594864
Iteration 60 of 100: loss=11.8294467926 object_loss=9.80328083038 distance_loss=2.02616643906
Iteration 61 of 100: loss=11.5126791 object_loss=9.48658180237 distance_loss=2.02609753609
Iteration 62 of 100: loss=11.6635122299 object_loss=9.63736343384 distance_loss=2.02614855766
Iteration 63 of 100: loss=11.7837924957 object_loss=9.75763034821 distance_loss=2.02616214752
Iteration 64 of 100: loss=11.3440828323 object_loss=9.31804847717 distance_loss=2.02603411674
Iteration 65 of 100: loss=9.99636554718 object_loss=7.97046279907 distance_loss=2.02590274811
Iteration 66 of 100: loss=10.2586126328 object_loss=8.23285007477 distance_loss=2.02576231956
Iteration 67 of 100: loss=9.78851699829 object_loss=7.7627491951 distance_loss=2.02576780319
Iteration 68 of 100: loss=12.5720777512 object_loss=10.5462341309 distance_loss=2.02584385872
Iteration 69 of 100: loss=11.6708850861 object_loss=9.64495563507 distance_loss=2.02592945099
Iteration 70 of 100: loss=9.14793872833 object_loss=7.12192869186 distance_loss=2.02601027489
Iteration 71 of 100: loss=8.57374286652 object_loss=6.54757642746 distance_loss=2.02616620064
Iteration 72 of 100: loss=8.55105018616 object_loss=6.52489566803 distance_loss=2.02615404129
Iteration 73 of 100: loss=7.81385040283 object_loss=5.78778076172 distance_loss=2.02606940269
Iteration 74 of 100: loss=9.81322097778 object_loss=7.78734493256 distance_loss=2.02587652206
Iteration 75 of 100: loss=9.73797607422 object_loss=7.71209621429 distance_loss=2.02587985992
Iteration 76 of 100: loss=9.72729110718 object_loss=7.70182037354 distance_loss=2.02547073364
Iteration 77 of 100: loss=11.2069759369 object_loss=9.18149089813 distance_loss=2.02548527718
Iteration 78 of 100: loss=10.4331321716 object_loss=8.40776157379 distance_loss=2.02537059784
Iteration 79 of 100: loss=9.97073745728 object_loss=7.94547510147 distance_loss=2.02526283264
Iteration 80 of 100: loss=9.96249198914 object_loss=7.93721485138 distance_loss=2.02527666092
Iteration 81 of 100: loss=8.92031764984 object_loss=6.89489603043 distance_loss=2.02542185783
Iteration 82 of 100: loss=9.19749259949 object_loss=7.17231988907 distance_loss=2.02517294884
Iteration 83 of 100: loss=9.37724494934 object_loss=7.35201311111 distance_loss=2.02523231506
Iteration 84 of 100: loss=9.03654289246 object_loss=7.01133680344 distance_loss=2.0252058506
Iteration 85 of 100: loss=10.5681142807 object_loss=8.54302787781 distance_loss=2.02508616447
Iteration 86 of 100: loss=12.5384111404 object_loss=10.513250351 distance_loss=2.02516102791
Iteration 87 of 100: loss=11.6747550964 object_loss=9.64967918396 distance_loss=2.02507591248
Iteration 88 of 100: loss=11.5312328339 object_loss=9.50659942627 distance_loss=2.02463388443
Iteration 89 of 100: loss=12.7110137939 object_loss=10.6862335205 distance_loss=2.0247797966
Iteration 90 of 100: loss=13.4593238831 object_loss=11.434422493 distance_loss=2.02490186691
Iteration 91 of 100: loss=13.459318161 object_loss=11.4344615936 distance_loss=2.02485632896
Iteration 92 of 100: loss=13.2166996002 object_loss=11.1920938492 distance_loss=2.0246052742
Iteration 93 of 100: loss=14.4762744904 object_loss=12.4517469406 distance_loss=2.02452754974
Iteration 94 of 100: loss=14.0570039749 object_loss=12.032494545 distance_loss=2.02450966835
Iteration 95 of 100: loss=14.0568904877 object_loss=12.0324192047 distance_loss=2.02447128296
Iteration 96 of 100: loss=14.478761673 object_loss=12.4544963837 distance_loss=2.02426481247
Iteration 97 of 100: loss=15.5877170563 object_loss=13.5638408661 distance_loss=2.0238764286
Iteration 98 of 100: loss=14.5444574356 object_loss=12.5206356049 distance_loss=2.02382159233
Iteration 99 of 100: loss=14.5432901382 object_loss=12.5194263458 distance_loss=2.023863554
Iteration 0 of 100: loss=13.1000566483 object_loss=11.0765523911 distance_loss=2.02350449562
Iteration 1 of 100: loss=11.313325882 object_loss=9.28961181641 distance_loss=2.02371406555
Iteration 2 of 100: loss=12.0361843109 object_loss=10.0123109818 distance_loss=2.02387309074
Iteration 3 of 100: loss=12.3792057037 object_loss=10.3548746109 distance_loss=2.02433109283
Iteration 4 of 100: loss=13.6725435257 object_loss=11.6477136612 distance_loss=2.02483010292
Iteration 5 of 100: loss=12.2665691376 object_loss=10.2414560318 distance_loss=2.02511310577
Iteration 6 of 100: loss=13.3047065735 object_loss=11.279296875 distance_loss=2.02540922165
Iteration 7 of 100: loss=11.8621921539 object_loss=9.8364944458 distance_loss=2.02569723129
Iteration 8 of 100: loss=12.7091245651 object_loss=10.6833839417 distance_loss=2.02574062347
Iteration 9 of 100: loss=14.491104126 object_loss=12.4651823044 distance_loss=2.02592229843
Iteration 10 of 100: loss=10.2965812683 object_loss=8.27041435242 distance_loss=2.02616667747
Iteration 11 of 100: loss=9.77567005157 object_loss=7.74931049347 distance_loss=2.02635931969
Iteration 12 of 100: loss=9.49902629852 object_loss=7.47311687469 distance_loss=2.02590918541
Iteration 13 of 100: loss=10.4601716995 object_loss=8.4341840744 distance_loss=2.02598786354
Iteration 14 of 100: loss=12.2941350937 object_loss=10.2680597305 distance_loss=2.02607536316
Iteration 15 of 100: loss=13.2232751846 object_loss=11.1972122192 distance_loss=2.02606272697
Iteration 16 of 100: loss=13.0790367126 object_loss=11.0531549454 distance_loss=2.02588224411
Iteration 17 of 100: loss=10.7618999481 object_loss=8.73604869843 distance_loss=2.02585148811
Iteration 18 of 100: loss=11.0467243195 object_loss=9.02088356018 distance_loss=2.02584123611
Iteration 19 of 100: loss=11.8663101196 object_loss=9.84027194977 distance_loss=2.02603769302
Iteration 20 of 100: loss=11.6376924515 object_loss=9.6117477417 distance_loss=2.02594447136
Iteration 21 of 100: loss=12.8336200714 object_loss=10.8077068329 distance_loss=2.02591323853
Iteration 22 of 100: loss=13.2162647247 object_loss=11.1901941299 distance_loss=2.02607011795
Iteration 23 of 100: loss=13.9181585312 object_loss=11.8921070099 distance_loss=2.02605128288
Iteration 24 of 100: loss=17.0782527924 object_loss=15.0523319244 distance_loss=2.02592110634
Iteration 25 of 100: loss=17.0883636475 object_loss=15.0624227524 distance_loss=2.02594137192
Iteration 26 of 100: loss=16.1225833893 object_loss=14.0965719223 distance_loss=2.02601122856
Iteration 27 of 100: loss=16.0480213165 object_loss=14.0220584869 distance_loss=2.02596306801
Iteration 28 of 100: loss=16.5965557098 object_loss=14.5704193115 distance_loss=2.02613711357
Iteration 29 of 100: loss=16.8857765198 object_loss=14.8594322205 distance_loss=2.02634477615
Iteration 30 of 100: loss=17.8667201996 object_loss=15.8402366638 distance_loss=2.02648353577
Iteration 31 of 100: loss=17.562335968 object_loss=15.5356311798 distance_loss=2.02670431137
Iteration 32 of 100: loss=17.7970848083 object_loss=15.7705936432 distance_loss=2.02649021149
Iteration 33 of 100: loss=17.037651062 object_loss=15.0108480453 distance_loss=2.02680325508
Iteration 34 of 100: loss=14.4485645294 object_loss=12.4217243195 distance_loss=2.02683997154
Iteration 35 of 100: loss=13.1749248505 object_loss=11.1480855942 distance_loss=2.02683901787
Iteration 36 of 100: loss=13.6957101822 object_loss=11.6691675186 distance_loss=2.02654266357
Iteration 37 of 100: loss=13.7026252747 object_loss=11.6759033203 distance_loss=2.02672171593
Iteration 38 of 100: loss=14.1694164276 object_loss=12.1427431107 distance_loss=2.02667379379
Iteration 39 of 100: loss=14.8875761032 object_loss=12.8609313965 distance_loss=2.02664470673
Iteration 40 of 100: loss=15.2608737946 object_loss=13.2339544296 distance_loss=2.02691912651
Iteration 41 of 100: loss=14.251209259 object_loss=12.2242221832 distance_loss=2.02698755264
Iteration 42 of 100: loss=13.8457221985 object_loss=11.8188152313 distance_loss=2.02690649033
Iteration 43 of 100: loss=12.7661705017 object_loss=10.7393474579 distance_loss=2.02682256699
Iteration 44 of 100: loss=13.4977283478 object_loss=11.470957756 distance_loss=2.02677035332
Iteration 45 of 100: loss=14.2218389511 object_loss=12.1950922012 distance_loss=2.02674651146
Iteration 46 of 100: loss=12.17141819 object_loss=10.144733429 distance_loss=2.02668476105
Iteration 47 of 100: loss=11.3804149628 object_loss=9.35372543335 distance_loss=2.02669000626
Iteration 48 of 100: loss=12.016040802 object_loss=9.98972511292 distance_loss=2.02631545067
Iteration 49 of 100: loss=15.7346782684 object_loss=13.708770752 distance_loss=2.02590751648
Iteration 50 of 100: loss=14.2608776093 object_loss=12.2351779938 distance_loss=2.0256998539
Iteration 51 of 100: loss=15.1663265228 object_loss=13.140955925 distance_loss=2.02537083626
Iteration 52 of 100: loss=16.1375694275 object_loss=14.1127309799 distance_loss=2.02483916283
Iteration 53 of 100: loss=15.6627616882 object_loss=13.6379699707 distance_loss=2.02479124069
Iteration 54 of 100: loss=13.0242042542 object_loss=10.9995880127 distance_loss=2.02461600304
Iteration 55 of 100: loss=12.6242303848 object_loss=10.5995502472 distance_loss=2.02468013763
Iteration 56 of 100: loss=14.7758722305 object_loss=12.7513809204 distance_loss=2.02449131012
Iteration 57 of 100: loss=13.1365337372 object_loss=11.1123218536 distance_loss=2.02421188354
Iteration 58 of 100: loss=12.8480939865 object_loss=10.823964119 distance_loss=2.02413010597
Iteration 59 of 100: loss=15.8925971985 object_loss=13.8685092926 distance_loss=2.02408790588
Iteration 60 of 100: loss=15.9717168808 object_loss=13.9482059479 distance_loss=2.02351117134
Iteration 61 of 100: loss=15.7270298004 object_loss=13.7038011551 distance_loss=2.02322816849
Iteration 62 of 100: loss=14.0195274353 object_loss=11.9963817596 distance_loss=2.02314543724
Iteration 63 of 100: loss=15.4712114334 object_loss=13.4482021332 distance_loss=2.02300930023
Iteration 64 of 100: loss=17.2680358887 object_loss=15.2451572418 distance_loss=2.02287864685
Iteration 65 of 100: loss=15.9275989532 object_loss=13.9048042297 distance_loss=2.02279496193
Iteration 66 of 100: loss=16.1773281097 object_loss=14.1548185349 distance_loss=2.02250885963
Iteration 67 of 100: loss=15.6074867249 object_loss=13.5851078033 distance_loss=2.02237844467
Iteration 68 of 100: loss=14.4804058075 object_loss=12.4580974579 distance_loss=2.02230858803
Iteration 69 of 100: loss=13.3067245483 object_loss=11.2843971252 distance_loss=2.02232694626
Iteration 70 of 100: loss=15.173160553 object_loss=13.1505336761 distance_loss=2.02262735367
Iteration 71 of 100: loss=14.3133506775 object_loss=12.2905044556 distance_loss=2.02284669876
Iteration 72 of 100: loss=14.3101730347 object_loss=12.2878665924 distance_loss=2.02230668068
Iteration 73 of 100: loss=15.0548715591 object_loss=13.032409668 distance_loss=2.02246212959
Iteration 74 of 100: loss=14.8943910599 object_loss=12.8719558716 distance_loss=2.02243542671
Iteration 75 of 100: loss=14.5589847565 object_loss=12.5365762711 distance_loss=2.02240824699
Iteration 76 of 100: loss=15.2686100006 object_loss=13.2462654114 distance_loss=2.02234482765
Iteration 77 of 100: loss=14.6916847229 object_loss=12.6696128845 distance_loss=2.0220720768
Iteration 78 of 100: loss=15.1378746033 object_loss=13.1162719727 distance_loss=2.0216023922
Iteration 79 of 100: loss=14.0507946014 object_loss=12.0293807983 distance_loss=2.02141356468
Iteration 80 of 100: loss=14.2961368561 object_loss=12.2749528885 distance_loss=2.02118396759
Iteration 81 of 100: loss=15.56498909 object_loss=13.5443353653 distance_loss=2.02065372467
Iteration 82 of 100: loss=19.5587882996 object_loss=17.5381507874 distance_loss=2.02063679695
Iteration 83 of 100: loss=17.4671363831 object_loss=15.4465637207 distance_loss=2.02057170868
Iteration 84 of 100: loss=15.6888227463 object_loss=13.6686658859 distance_loss=2.02015709877
Iteration 85 of 100: loss=15.028924942 object_loss=13.008890152 distance_loss=2.02003455162
Iteration 86 of 100: loss=15.2721776962 object_loss=13.2523212433 distance_loss=2.01985621452
Iteration 87 of 100: loss=16.4737071991 object_loss=14.4540481567 distance_loss=2.01965928078
Iteration 88 of 100: loss=16.4235935211 object_loss=14.4043302536 distance_loss=2.0192630291
Iteration 89 of 100: loss=15.6969985962 object_loss=13.6778659821 distance_loss=2.01913237572
Iteration 90 of 100: loss=16.6932983398 object_loss=14.6743202209 distance_loss=2.01897859573
Iteration 91 of 100: loss=18.6288051605 object_loss=16.6097888947 distance_loss=2.01901555061
Iteration 92 of 100: loss=18.8650245667 object_loss=16.8465747833 distance_loss=2.01845002174
Iteration 93 of 100: loss=17.055393219 object_loss=15.0369815826 distance_loss=2.01841068268
Iteration 94 of 100: loss=16.8401870728 object_loss=14.8215665817 distance_loss=2.0186214447
Iteration 95 of 100: loss=16.0335426331 object_loss=14.0151252747 distance_loss=2.01841831207
Iteration 96 of 100: loss=16.2436313629 object_loss=14.2255678177 distance_loss=2.01806330681
Iteration 97 of 100: loss=17.045671463 object_loss=15.0276021957 distance_loss=2.01806902885
Iteration 98 of 100: loss=16.5090103149 object_loss=14.4909191132 distance_loss=2.01809048653
Iteration 99 of 100: loss=15.3883152008 object_loss=13.3702173233 distance_loss=2.01809763908
Iteration 0 of 100: loss=16.3603992462 object_loss=14.3425607681 distance_loss=2.01783800125
Iteration 1 of 100: loss=16.4072875977 object_loss=14.3895101547 distance_loss=2.01777768135
Iteration 2 of 100: loss=17.4024219513 object_loss=15.3848581314 distance_loss=2.01756358147
Iteration 3 of 100: loss=16.9366874695 object_loss=14.9191932678 distance_loss=2.01749515533
Iteration 4 of 100: loss=16.3948326111 object_loss=14.3773517609 distance_loss=2.01748132706
Iteration 5 of 100: loss=17.4928207397 object_loss=15.4753484726 distance_loss=2.0174715519
Iteration 6 of 100: loss=16.6182403564 object_loss=14.6008033752 distance_loss=2.0174369812
Iteration 7 of 100: loss=14.3534440994 object_loss=12.3364305496 distance_loss=2.0170135498
Iteration 8 of 100: loss=17.6404361725 object_loss=15.6242160797 distance_loss=2.01622056961
Iteration 9 of 100: loss=13.3806419373 object_loss=11.3647689819 distance_loss=2.01587295532
Iteration 10 of 100: loss=10.5641202927 object_loss=8.54849720001 distance_loss=2.01562285423
Iteration 11 of 100: loss=12.1113758087 object_loss=10.0959568024 distance_loss=2.01541924477
Iteration 12 of 100: loss=13.7271080017 object_loss=11.7120761871 distance_loss=2.01503157616
Iteration 13 of 100: loss=13.7469863892 object_loss=11.731962204 distance_loss=2.01502370834
Iteration 14 of 100: loss=12.3562841415 object_loss=10.341375351 distance_loss=2.01490855217
Iteration 15 of 100: loss=11.3826160431 object_loss=9.36783027649 distance_loss=2.01478528976
Iteration 16 of 100: loss=11.8068704605 object_loss=9.79237937927 distance_loss=2.01449131966
Iteration 17 of 100: loss=11.5907678604 object_loss=9.57634162903 distance_loss=2.01442599297
Iteration 18 of 100: loss=11.7069120407 object_loss=9.69251251221 distance_loss=2.01439976692
Iteration 19 of 100: loss=13.7820129395 object_loss=11.767531395 distance_loss=2.01448178291
Iteration 20 of 100: loss=12.9602117538 object_loss=10.9458875656 distance_loss=2.01432418823
Iteration 21 of 100: loss=14.4239845276 object_loss=12.4096136093 distance_loss=2.01437044144
Iteration 22 of 100: loss=13.1717481613 object_loss=11.1573867798 distance_loss=2.01436161995
Iteration 23 of 100: loss=11.1946163177 object_loss=9.18009757996 distance_loss=2.01451897621
Iteration 24 of 100: loss=11.0391874313 object_loss=9.02473163605 distance_loss=2.01445555687
Iteration 25 of 100: loss=14.2074384689 object_loss=12.1931838989 distance_loss=2.01425480843
Iteration 26 of 100: loss=12.7586069107 object_loss=10.7442321777 distance_loss=2.01437449455
Iteration 27 of 100: loss=12.3515644073 object_loss=10.3369655609 distance_loss=2.01459860802
Iteration 28 of 100: loss=12.3575973511 object_loss=10.3431081772 distance_loss=2.01448941231
Iteration 29 of 100: loss=13.0716075897 object_loss=11.0571222305 distance_loss=2.01448512077
Iteration 30 of 100: loss=12.2590017319 object_loss=10.2443742752 distance_loss=2.01462721825
Iteration 31 of 100: loss=10.8573513031 object_loss=8.84262561798 distance_loss=2.01472520828
Iteration 32 of 100: loss=11.0013093948 object_loss=8.98692131042 distance_loss=2.01438832283
Iteration 33 of 100: loss=11.9731798172 object_loss=9.95875072479 distance_loss=2.01442933083
Iteration 34 of 100: loss=11.9717626572 object_loss=9.95722103119 distance_loss=2.01454162598
Iteration 35 of 100: loss=12.2143783569 object_loss=10.1999130249 distance_loss=2.01446557045
Iteration 36 of 100: loss=11.1438159943 object_loss=9.12962913513 distance_loss=2.01418685913
Iteration 37 of 100: loss=11.7570943832 object_loss=9.74310016632 distance_loss=2.0139939785
Iteration 38 of 100: loss=12.1667881012 object_loss=10.1527547836 distance_loss=2.01403355598
Iteration 39 of 100: loss=11.3537406921 object_loss=9.33967590332 distance_loss=2.01406502724
Iteration 40 of 100: loss=10.5763053894 object_loss=8.56238079071 distance_loss=2.01392436028
Iteration 41 of 100: loss=11.0636672974 object_loss=9.04990196228 distance_loss=2.01376581192
Iteration 42 of 100: loss=11.0636634827 object_loss=9.04985713959 distance_loss=2.01380634308
Iteration 43 of 100: loss=10.6851320267 object_loss=8.67107772827 distance_loss=2.01405405998
Iteration 44 of 100: loss=11.3322849274 object_loss=9.31846904755 distance_loss=2.01381611824
Iteration 45 of 100: loss=11.2351102829 object_loss=9.22116374969 distance_loss=2.0139465332
Iteration 46 of 100: loss=11.6454296112 object_loss=9.6314868927 distance_loss=2.01394248009
Iteration 47 of 100: loss=13.0873260498 object_loss=11.0734300613 distance_loss=2.01389598846
Iteration 48 of 100: loss=11.4284248352 object_loss=9.4145860672 distance_loss=2.01383852959
Iteration 49 of 100: loss=12.2690086365 object_loss=10.2550725937 distance_loss=2.01393556595
Iteration 50 of 100: loss=10.9235134125 object_loss=8.90982627869 distance_loss=2.01368737221
Iteration 51 of 100: loss=9.79357910156 object_loss=7.77995157242 distance_loss=2.01362776756
Iteration 52 of 100: loss=10.0374536514 object_loss=8.0240688324 distance_loss=2.01338505745
Iteration 53 of 100: loss=9.25103569031 object_loss=7.23774194717 distance_loss=2.01329398155
Iteration 54 of 100: loss=8.91726207733 object_loss=6.90396499634 distance_loss=2.01329684258
Iteration 55 of 100: loss=8.74339485168 object_loss=6.73042297363 distance_loss=2.01297187805
Iteration 56 of 100: loss=7.57316684723 object_loss=5.56049251556 distance_loss=2.01267409325
Iteration 57 of 100: loss=8.24543380737 object_loss=6.2327837944 distance_loss=2.01265025139
Iteration 58 of 100: loss=9.0874786377 object_loss=7.07495307922 distance_loss=2.01252579689
Iteration 59 of 100: loss=9.26746749878 object_loss=7.25511550903 distance_loss=2.01235175133
Iteration 60 of 100: loss=10.4888343811 object_loss=8.47649669647 distance_loss=2.01233792305
Iteration 61 of 100: loss=9.2182970047 object_loss=7.20619010925 distance_loss=2.01210689545
Iteration 62 of 100: loss=10.5761184692 object_loss=8.5642375946 distance_loss=2.01188111305
Iteration 63 of 100: loss=12.7090740204 object_loss=10.6969041824 distance_loss=2.01216983795
Iteration 64 of 100: loss=14.5842466354 object_loss=12.5718536377 distance_loss=2.01239299774
Iteration 65 of 100: loss=14.2695446014 object_loss=12.2568321228 distance_loss=2.0127120018
Iteration 66 of 100: loss=16.8379325867 object_loss=14.8247423172 distance_loss=2.01319074631
Iteration 67 of 100: loss=15.6003408432 object_loss=13.5869827271 distance_loss=2.01335811615
Iteration 68 of 100: loss=17.0845928192 object_loss=15.0714635849 distance_loss=2.01312875748
Iteration 69 of 100: loss=15.6338157654 object_loss=13.6204891205 distance_loss=2.01332640648
Iteration 70 of 100: loss=15.652299881 object_loss=13.6386413574 distance_loss=2.01365852356
Iteration 71 of 100: loss=14.6167125702 object_loss=12.6028957367 distance_loss=2.01381707191
Iteration 72 of 100: loss=16.760225296 object_loss=14.7464857101 distance_loss=2.01373958588
Iteration 73 of 100: loss=17.2960338593 object_loss=15.2821788788 distance_loss=2.01385545731
Iteration 74 of 100: loss=15.9762239456 object_loss=13.9624700546 distance_loss=2.01375389099
Iteration 75 of 100: loss=19.2505588531 object_loss=17.2370128632 distance_loss=2.01354527473
Iteration 76 of 100: loss=19.9159297943 object_loss=17.9027137756 distance_loss=2.01321649551
Iteration 77 of 100: loss=21.2436389923 object_loss=19.2306556702 distance_loss=2.0129840374
Iteration 78 of 100: loss=18.631155014 object_loss=16.6183204651 distance_loss=2.01283407211
Iteration 79 of 100: loss=18.2915287018 object_loss=16.2789592743 distance_loss=2.01256871223
Iteration 80 of 100: loss=16.3921661377 object_loss=14.3799858093 distance_loss=2.01218056679
Iteration 81 of 100: loss=16.2994823456 object_loss=14.2874851227 distance_loss=2.01199746132
Iteration 82 of 100: loss=17.1476593018 object_loss=15.1360740662 distance_loss=2.01158452034
Iteration 83 of 100: loss=18.2917137146 object_loss=16.2804870605 distance_loss=2.01122713089
Iteration 84 of 100: loss=18.935136795 object_loss=16.9243564606 distance_loss=2.01078104973
Iteration 85 of 100: loss=21.8166236877 object_loss=19.8061847687 distance_loss=2.01043963432
Iteration 86 of 100: loss=20.0562286377 object_loss=18.0459671021 distance_loss=2.01026105881
Iteration 87 of 100: loss=19.9158363342 object_loss=17.9056949615 distance_loss=2.01014208794
Iteration 88 of 100: loss=18.4547405243 object_loss=16.4442901611 distance_loss=2.01045107841
Iteration 89 of 100: loss=17.7253990173 object_loss=15.714474678 distance_loss=2.01092457771
Iteration 90 of 100: loss=17.2879600525 object_loss=15.2764358521 distance_loss=2.01152515411
Iteration 91 of 100: loss=16.9766788483 object_loss=14.9647407532 distance_loss=2.01193761826
Iteration 92 of 100: loss=18.9403457642 object_loss=16.9283866882 distance_loss=2.01195907593
Iteration 93 of 100: loss=15.4484214783 object_loss=13.4358291626 distance_loss=2.01259255409
Iteration 94 of 100: loss=14.1948232651 object_loss=12.1815423965 distance_loss=2.01328063011
Iteration 95 of 100: loss=19.2425251007 object_loss=17.2286758423 distance_loss=2.01384949684
Iteration 96 of 100: loss=13.5636920929 object_loss=11.5495882034 distance_loss=2.01410365105
Iteration 97 of 100: loss=14.5306854248 object_loss=12.5161237717 distance_loss=2.0145611763
Iteration 98 of 100: loss=13.9417772293 object_loss=11.9271020889 distance_loss=2.0146753788
Iteration 99 of 100: loss=13.6647415161 object_loss=11.6494121552 distance_loss=2.0153298378
Iteration 0 of 100: loss=8.67048931122 object_loss=6.65458106995 distance_loss=2.01590800285
Iteration 1 of 100: loss=9.79330921173 object_loss=7.77681541443 distance_loss=2.0164937973
Iteration 2 of 100: loss=7.48064279556 object_loss=5.46330070496 distance_loss=2.01734209061
Iteration 3 of 100: loss=6.54049777985 object_loss=4.52224159241 distance_loss=2.01825618744
Iteration 4 of 100: loss=9.13547325134 object_loss=7.11672258377 distance_loss=2.01875042915
Iteration 5 of 100: loss=8.36962890625 object_loss=6.35017156601 distance_loss=2.01945734024
Iteration 6 of 100: loss=9.14743518829 object_loss=7.12739086151 distance_loss=2.02004432678
Iteration 7 of 100: loss=8.63922023773 object_loss=6.61903476715 distance_loss=2.02018547058
Iteration 8 of 100: loss=10.5657634735 object_loss=8.54547119141 distance_loss=2.02029252052
Iteration 9 of 100: loss=8.52663707733 object_loss=6.5060338974 distance_loss=2.02060294151
Iteration 10 of 100: loss=5.7635383606 object_loss=3.74269723892 distance_loss=2.02084112167
Iteration 11 of 100: loss=4.79639101028 object_loss=2.77530789375 distance_loss=2.02108311653
Iteration 12 of 100: loss=6.01317214966 object_loss=3.99225473404 distance_loss=2.02091741562
Iteration 13 of 100: loss=6.09497261047 object_loss=4.07389116287 distance_loss=2.02108120918
Iteration 14 of 100: loss=6.07770347595 object_loss=4.05644607544 distance_loss=2.02125763893
Iteration 15 of 100: loss=6.95112609863 object_loss=4.92978715897 distance_loss=2.02133870125
Iteration 16 of 100: loss=8.44699478149 object_loss=6.42598342896 distance_loss=2.02101182938
Iteration 17 of 100: loss=8.79142570496 object_loss=6.77032995224 distance_loss=2.0210955143
Iteration 18 of 100: loss=8.62969493866 object_loss=6.60858631134 distance_loss=2.0211083889
Iteration 19 of 100: loss=8.70702362061 object_loss=6.68588638306 distance_loss=2.02113747597
Iteration 20 of 100: loss=11.3974924088 object_loss=9.37618923187 distance_loss=2.0213034153
Iteration 21 of 100: loss=9.49110221863 object_loss=7.46988964081 distance_loss=2.02121305466
Iteration 22 of 100: loss=11.0069761276 object_loss=8.98576450348 distance_loss=2.02121186256
Iteration 23 of 100: loss=11.3707504272 object_loss=9.34940052032 distance_loss=2.02135014534
Iteration 24 of 100: loss=11.048532486 object_loss=9.02729034424 distance_loss=2.02124190331
Iteration 25 of 100: loss=13.6511325836 object_loss=11.6301145554 distance_loss=2.02101826668
Iteration 26 of 100: loss=11.7299375534 object_loss=9.70883464813 distance_loss=2.02110290527
Iteration 27 of 100: loss=11.3280172348 object_loss=9.30694103241 distance_loss=2.02107644081
Iteration 28 of 100: loss=11.0712461472 object_loss=9.05055522919 distance_loss=2.02069091797
Iteration 29 of 100: loss=10.8930063248 object_loss=8.87220096588 distance_loss=2.02080535889
Iteration 30 of 100: loss=10.7131547928 object_loss=8.69239330292 distance_loss=2.02076148987
Iteration 31 of 100: loss=10.1833305359 object_loss=8.16291999817 distance_loss=2.02041006088
Iteration 32 of 100: loss=9.38696098328 object_loss=7.36707830429 distance_loss=2.0198829174
Iteration 33 of 100: loss=7.29554319382 object_loss=5.27573442459 distance_loss=2.01980876923
Iteration 34 of 100: loss=7.86280202866 object_loss=5.84339237213 distance_loss=2.01940965652
Iteration 35 of 100: loss=7.08679199219 object_loss=5.06767606735 distance_loss=2.01911592484
Iteration 36 of 100: loss=7.1697511673 object_loss=5.15121078491 distance_loss=2.01854014397
Iteration 37 of 100: loss=7.03328990936 object_loss=5.01508331299 distance_loss=2.01820659637
Iteration 38 of 100: loss=6.34442281723 object_loss=4.32624340057 distance_loss=2.01817941666
Iteration 39 of 100: loss=7.15349006653 object_loss=5.13543081284 distance_loss=2.01805949211
Iteration 40 of 100: loss=6.1448059082 object_loss=4.12720918655 distance_loss=2.01759696007
Iteration 41 of 100: loss=5.60372829437 object_loss=3.58622741699 distance_loss=2.01750063896
Iteration 42 of 100: loss=6.5917301178 object_loss=4.57436037064 distance_loss=2.01736974716
Iteration 43 of 100: loss=6.7145690918 object_loss=4.69703435898 distance_loss=2.0175344944
Iteration 44 of 100: loss=8.49391365051 object_loss=6.47623825073 distance_loss=2.01767492294
Iteration 45 of 100: loss=9.75442218781 object_loss=7.73668813705 distance_loss=2.01773428917
Iteration 46 of 100: loss=8.24683189392 object_loss=6.22893953323 distance_loss=2.01789212227
Iteration 47 of 100: loss=6.8309841156 object_loss=4.81289339066 distance_loss=2.01809096336
Iteration 48 of 100: loss=6.8389415741 object_loss=4.82070207596 distance_loss=2.01823973656
Iteration 49 of 100: loss=7.01835632324 object_loss=4.9999370575 distance_loss=2.01841902733
Iteration 50 of 100: loss=7.79711723328 object_loss=5.77841901779 distance_loss=2.01869821548
Iteration 51 of 100: loss=7.70514202118 object_loss=5.68623924255 distance_loss=2.01890301704
Iteration 52 of 100: loss=7.21717071533 object_loss=5.19844579697 distance_loss=2.01872491837
Iteration 53 of 100: loss=7.43261432648 object_loss=5.41356611252 distance_loss=2.01904821396
Iteration 54 of 100: loss=7.24848270416 object_loss=5.22918510437 distance_loss=2.01929759979
Iteration 55 of 100: loss=8.99209785461 object_loss=6.972448349 distance_loss=2.01964902878
Iteration 56 of 100: loss=8.08222866058 object_loss=6.06245613098 distance_loss=2.01977229118
Iteration 57 of 100: loss=7.0843038559 object_loss=5.06450223923 distance_loss=2.01980185509
Iteration 58 of 100: loss=7.90681886673 object_loss=5.8868598938 distance_loss=2.01995897293
Iteration 59 of 100: loss=7.8731803894 object_loss=5.85292434692 distance_loss=2.0202562809
Iteration 60 of 100: loss=8.04301452637 object_loss=6.02270317078 distance_loss=2.02031111717
Iteration 61 of 100: loss=7.22273921967 object_loss=5.20236253738 distance_loss=2.02037668228
Iteration 62 of 100: loss=7.5180683136 object_loss=5.49759197235 distance_loss=2.02047657967
Iteration 63 of 100: loss=6.99324798584 object_loss=4.97278499603 distance_loss=2.02046275139
Iteration 64 of 100: loss=8.13245582581 object_loss=6.11225795746 distance_loss=2.02019786835
Iteration 65 of 100: loss=7.69514369965 object_loss=5.67511749268 distance_loss=2.02002596855
Iteration 66 of 100: loss=7.13698005676 object_loss=5.11695766449 distance_loss=2.02002215385
Iteration 67 of 100: loss=6.87426662445 object_loss=4.85432720184 distance_loss=2.01993918419
Iteration 68 of 100: loss=6.1773724556 object_loss=4.15759563446 distance_loss=2.01977682114
Iteration 69 of 100: loss=6.10997390747 object_loss=4.09013843536 distance_loss=2.01983547211
Iteration 70 of 100: loss=6.35277318954 object_loss=4.33307313919 distance_loss=2.01970005035
Iteration 71 of 100: loss=5.8820772171 object_loss=3.86234712601 distance_loss=2.01973032951
Iteration 72 of 100: loss=7.482609272 object_loss=5.46328210831 distance_loss=2.0193271637
Iteration 73 of 100: loss=7.56762981415 object_loss=5.54831218719 distance_loss=2.01931762695
Iteration 74 of 100: loss=7.11203813553 object_loss=5.09260320663 distance_loss=2.01943492889
Iteration 75 of 100: loss=6.39654636383 object_loss=4.37717008591 distance_loss=2.01937603951
Iteration 76 of 100: loss=6.59239149094 object_loss=4.57341098785 distance_loss=2.01898050308
Iteration 77 of 100: loss=6.567486763 object_loss=4.54861116409 distance_loss=2.01887583733
Iteration 78 of 100: loss=6.32533931732 object_loss=4.30634021759 distance_loss=2.01899909973
Iteration 79 of 100: loss=5.78128623962 object_loss=3.7622256279 distance_loss=2.01906061172
Iteration 80 of 100: loss=6.31328392029 object_loss=4.29421901703 distance_loss=2.01906514168
Iteration 81 of 100: loss=6.16450405121 object_loss=4.14543962479 distance_loss=2.019064188
Iteration 82 of 100: loss=6.15706443787 object_loss=4.13802671432 distance_loss=2.01903796196
Iteration 83 of 100: loss=6.31064510345 object_loss=4.29142427444 distance_loss=2.01922082901
Iteration 84 of 100: loss=6.43303203583 object_loss=4.4137802124 distance_loss=2.01925182343
Iteration 85 of 100: loss=6.53944396973 object_loss=4.51996088028 distance_loss=2.01948285103
Iteration 86 of 100: loss=7.48493480682 object_loss=5.46541166306 distance_loss=2.01952338219
Iteration 87 of 100: loss=7.37602138519 object_loss=5.35647583008 distance_loss=2.01954555511
Iteration 88 of 100: loss=7.37577819824 object_loss=5.35648345947 distance_loss=2.01929497719
Iteration 89 of 100: loss=7.27541923523 object_loss=5.25588607788 distance_loss=2.01953339577
Iteration 90 of 100: loss=6.37818002701 object_loss=4.35864830017 distance_loss=2.01953172684
Iteration 91 of 100: loss=6.25054216385 object_loss=4.23127174377 distance_loss=2.01927042007
Iteration 92 of 100: loss=6.68653869629 object_loss=4.66762018204 distance_loss=2.01891875267
Iteration 93 of 100: loss=6.6478729248 object_loss=4.62866067886 distance_loss=2.01921200752
Iteration 94 of 100: loss=6.47625827789 object_loss=4.45677280426 distance_loss=2.01948523521
Iteration 95 of 100: loss=5.61598682404 object_loss=3.5963537693 distance_loss=2.01963305473
Iteration 96 of 100: loss=5.90375328064 object_loss=3.8841817379 distance_loss=2.01957130432
Iteration 97 of 100: loss=6.76239681244 object_loss=4.74282264709 distance_loss=2.01957416534
Iteration 98 of 100: loss=6.45070648193 object_loss=4.43105649948 distance_loss=2.01965022087
Iteration 99 of 100: loss=6.19805812836 object_loss=4.17827320099 distance_loss=2.01978492737
Iteration 0 of 100: loss=5.03891849518 object_loss=3.01921510696 distance_loss=2.01970362663
Iteration 1 of 100: loss=5.11621713638 object_loss=3.09655451775 distance_loss=2.01966261864
Iteration 2 of 100: loss=5.15442609787 object_loss=3.13465952873 distance_loss=2.01976656914
Iteration 3 of 100: loss=5.44292926788 object_loss=3.42311620712 distance_loss=2.01981329918
Iteration 4 of 100: loss=5.44303607941 object_loss=3.42312502861 distance_loss=2.0199110508
Iteration 5 of 100: loss=4.84668922424 object_loss=2.82680487633 distance_loss=2.01988434792
Iteration 6 of 100: loss=4.50095272064 object_loss=2.48105502129 distance_loss=2.01989769936
Iteration 7 of 100: loss=4.50111818314 object_loss=2.48098659515 distance_loss=2.02013158798
Iteration 8 of 100: loss=4.51368618011 object_loss=2.49363923073 distance_loss=2.02004671097
Iteration 9 of 100: loss=4.51368331909 object_loss=2.4936106205 distance_loss=2.02007293701
Iteration 10 of 100: loss=5.4197101593 object_loss=3.39933609962 distance_loss=2.0203742981
Iteration 11 of 100: loss=5.35585308075 object_loss=3.33516263962 distance_loss=2.02069067955
Iteration 12 of 100: loss=5.25141382217 object_loss=3.23126864433 distance_loss=2.02014517784
Iteration 13 of 100: loss=5.33390331268 object_loss=3.31350398064 distance_loss=2.02039933205
Iteration 14 of 100: loss=4.70909023285 object_loss=2.68846035004 distance_loss=2.02062988281
Iteration 15 of 100: loss=4.70150661469 object_loss=2.68090891838 distance_loss=2.02059745789
Iteration 16 of 100: loss=4.64729690552 object_loss=2.62677192688 distance_loss=2.02052474022
Iteration 17 of 100: loss=4.7536277771 object_loss=2.73300004005 distance_loss=2.02062749863
Iteration 18 of 100: loss=4.74383544922 object_loss=2.72343039513 distance_loss=2.02040505409
Iteration 19 of 100: loss=4.85789489746 object_loss=2.83743715286 distance_loss=2.0204577446
Iteration 20 of 100: loss=4.9790520668 object_loss=2.95860338211 distance_loss=2.02044868469
Iteration 21 of 100: loss=4.89746379852 object_loss=2.87716436386 distance_loss=2.02029943466
Iteration 22 of 100: loss=4.8974981308 object_loss=2.87714648247 distance_loss=2.02035188675
Iteration 23 of 100: loss=4.95369529724 object_loss=2.93318009377 distance_loss=2.02051496506
Iteration 24 of 100: loss=5.10351657867 object_loss=3.08309650421 distance_loss=2.02042007446
Iteration 25 of 100: loss=5.08645057678 object_loss=3.06588959694 distance_loss=2.02056121826
Iteration 26 of 100: loss=4.70844936371 object_loss=2.68817186356 distance_loss=2.02027773857
Iteration 27 of 100: loss=5.71739530563 object_loss=3.69728255272 distance_loss=2.02011275291
Iteration 28 of 100: loss=5.76868104935 object_loss=3.74851131439 distance_loss=2.02016973495
Iteration 29 of 100: loss=5.67858791351 object_loss=3.65873456001 distance_loss=2.01985311508
Iteration 30 of 100: loss=5.77249765396 object_loss=3.75288462639 distance_loss=2.01961302757
Iteration 31 of 100: loss=5.6652765274 object_loss=3.64568519592 distance_loss=2.01959109306
Iteration 32 of 100: loss=5.68926239014 object_loss=3.66995763779 distance_loss=2.01930475235
Iteration 33 of 100: loss=5.6402220726 object_loss=3.6209218502 distance_loss=2.0193002224
Iteration 34 of 100: loss=6.04797363281 object_loss=4.02862215042 distance_loss=2.01935172081
Iteration 35 of 100: loss=7.10342693329 object_loss=5.0841884613 distance_loss=2.01923823357
Iteration 36 of 100: loss=6.73816919327 object_loss=4.7193608284 distance_loss=2.01880836487
Iteration 37 of 100: loss=7.93953275681 object_loss=5.92090988159 distance_loss=2.01862287521
Iteration 38 of 100: loss=7.9533495903 object_loss=5.93493843079 distance_loss=2.01841115952
Iteration 39 of 100: loss=6.06832313538 object_loss=4.04988431931 distance_loss=2.01843857765
Iteration 40 of 100: loss=8.06597709656 object_loss=6.04773426056 distance_loss=2.01824259758
Iteration 41 of 100: loss=5.85969543457 object_loss=3.8414773941 distance_loss=2.01821780205
Iteration 42 of 100: loss=6.27498245239 object_loss=4.25675964355 distance_loss=2.01822257042
Iteration 43 of 100: loss=6.20009374619 object_loss=4.18172883987 distance_loss=2.01836490631
Iteration 44 of 100: loss=5.23203659058 object_loss=3.21382021904 distance_loss=2.01821660995
Iteration 45 of 100: loss=5.01617431641 object_loss=2.99798774719 distance_loss=2.01818680763
Iteration 46 of 100: loss=5.02988624573 object_loss=3.01150345802 distance_loss=2.0183827877
Iteration 47 of 100: loss=4.26572465897 object_loss=2.24728655815 distance_loss=2.01843810081
Iteration 48 of 100: loss=4.22225189209 object_loss=2.20396113396 distance_loss=2.01829051971
Iteration 49 of 100: loss=4.23533010483 object_loss=2.21700453758 distance_loss=2.01832556725
Iteration 50 of 100: loss=5.18061256409 object_loss=3.16212391853 distance_loss=2.01848864555
Iteration 51 of 100: loss=4.59171295166 object_loss=2.57325363159 distance_loss=2.01845955849
Iteration 52 of 100: loss=4.94069480896 object_loss=2.92270374298 distance_loss=2.0179913044
Iteration 53 of 100: loss=5.01741027832 object_loss=2.99938225746 distance_loss=2.01802825928
Iteration 54 of 100: loss=4.82678508759 object_loss=2.80887436867 distance_loss=2.0179104805
Iteration 55 of 100: loss=5.11200237274 object_loss=3.09423661232 distance_loss=2.017765522
Iteration 56 of 100: loss=4.98406505585 object_loss=2.96633481979 distance_loss=2.01772999763
Iteration 57 of 100: loss=5.30662918091 object_loss=3.2887275219 distance_loss=2.01790142059
Iteration 58 of 100: loss=5.45721578598 object_loss=3.43896913528 distance_loss=2.0182466507
Iteration 59 of 100: loss=4.76709079742 object_loss=2.74838876724 distance_loss=2.0187022686
Iteration 60 of 100: loss=4.66741514206 object_loss=2.64861798286 distance_loss=2.01879715919
Iteration 61 of 100: loss=4.47514915466 object_loss=2.45600247383 distance_loss=2.01914668083
Iteration 62 of 100: loss=4.33103370667 object_loss=2.31140470505 distance_loss=2.01962900162
Iteration 63 of 100: loss=4.94588184357 object_loss=2.92590022087 distance_loss=2.01998138428
Iteration 64 of 100: loss=5.81890869141 object_loss=3.79854488373 distance_loss=2.02036380768
Iteration 65 of 100: loss=5.38285207748 object_loss=3.36221289635 distance_loss=2.02063918114
Iteration 66 of 100: loss=6.84155750275 object_loss=4.82075929642 distance_loss=2.02079844475
Iteration 67 of 100: loss=6.58842945099 object_loss=4.5674071312 distance_loss=2.02102208138
Iteration 68 of 100: loss=6.00053119659 object_loss=3.97942948341 distance_loss=2.02110147476
Iteration 69 of 100: loss=4.70673847198 object_loss=2.68547415733 distance_loss=2.02126407623
Iteration 70 of 100: loss=4.54217290878 object_loss=2.52057790756 distance_loss=2.02159500122
Iteration 71 of 100: loss=4.22930383682 object_loss=2.20755720139 distance_loss=2.02174663544
Iteration 72 of 100: loss=4.68677043915 object_loss=2.66542863846 distance_loss=2.02134156227
Iteration 73 of 100: loss=5.04117202759 object_loss=3.01939368248 distance_loss=2.02177858353
Iteration 74 of 100: loss=5.72701740265 object_loss=3.7051615715 distance_loss=2.02185606956
Iteration 75 of 100: loss=6.16929292679 object_loss=4.14752388 distance_loss=2.02176904678
Iteration 76 of 100: loss=6.57386875153 object_loss=4.55245685577 distance_loss=2.02141213417
Iteration 77 of 100: loss=4.53649997711 object_loss=2.51528334618 distance_loss=2.02121686935
Iteration 78 of 100: loss=5.97782516479 object_loss=3.95676970482 distance_loss=2.02105569839
Iteration 79 of 100: loss=6.7784204483 object_loss=4.75732707977 distance_loss=2.02109336853
Iteration 80 of 100: loss=6.35989999771 object_loss=4.33884716034 distance_loss=2.02105283737
Iteration 81 of 100: loss=6.33465480804 object_loss=4.3137588501 distance_loss=2.02089595795
Iteration 82 of 100: loss=6.24212837219 object_loss=4.22131633759 distance_loss=2.02081179619
Iteration 83 of 100: loss=5.78345870972 object_loss=3.76251459122 distance_loss=2.02094388008
Iteration 84 of 100: loss=6.25678348541 object_loss=4.23599481583 distance_loss=2.020788908
Iteration 85 of 100: loss=6.7019329071 object_loss=4.68119955063 distance_loss=2.02073335648
Iteration 86 of 100: loss=5.32484340668 object_loss=3.30407762527 distance_loss=2.0207657814
Iteration 87 of 100: loss=5.57699680328 object_loss=3.55625343323 distance_loss=2.02074337006
Iteration 88 of 100: loss=7.36683559418 object_loss=5.34606838226 distance_loss=2.0207669735
Iteration 89 of 100: loss=7.07691192627 object_loss=5.05618524551 distance_loss=2.02072668076
Iteration 90 of 100: loss=6.95510292053 object_loss=4.93430280685 distance_loss=2.02079987526
Iteration 91 of 100: loss=5.64335441589 object_loss=3.62247037888 distance_loss=2.0208837986
Iteration 92 of 100: loss=6.63067913055 object_loss=4.61001300812 distance_loss=2.02066636086
Iteration 93 of 100: loss=6.04027414322 object_loss=4.01946640015 distance_loss=2.02080774307
Iteration 94 of 100: loss=6.48416137695 object_loss=4.46324205399 distance_loss=2.02091932297
Iteration 95 of 100: loss=6.23040866852 object_loss=4.20932483673 distance_loss=2.02108383179
Iteration 96 of 100: loss=6.91190242767 object_loss=4.89106941223 distance_loss=2.02083325386
Iteration 97 of 100: loss=7.29649591446 object_loss=5.27550125122 distance_loss=2.02099466324
Iteration 98 of 100: loss=7.92540884018 object_loss=5.9043674469 distance_loss=2.02104139328
Iteration 99 of 100: loss=7.53513336182 object_loss=5.51371383667 distance_loss=2.02141928673
Iteration 0 of 100: loss=7.19984912872 object_loss=5.1780796051 distance_loss=2.02176976204
Iteration 1 of 100: loss=7.77721834183 object_loss=5.75521659851 distance_loss=2.02200174332
Iteration 2 of 100: loss=7.57965135574 object_loss=5.55756855011 distance_loss=2.02208280563
Iteration 3 of 100: loss=7.6786980629 object_loss=5.65639829636 distance_loss=2.02229976654
Iteration 4 of 100: loss=7.16613864899 object_loss=5.14341020584 distance_loss=2.02272820473
Iteration 5 of 100: loss=7.90770530701 object_loss=5.8847990036 distance_loss=2.02290606499
Iteration 6 of 100: loss=7.66244506836 object_loss=5.63933372498 distance_loss=2.02311110497
Iteration 7 of 100: loss=7.49129867554 object_loss=5.46809864044 distance_loss=2.0232000351
Iteration 8 of 100: loss=7.3957824707 object_loss=5.37286710739 distance_loss=2.02291512489
Iteration 9 of 100: loss=6.99773788452 object_loss=4.97461032867 distance_loss=2.02312779427
Iteration 10 of 100: loss=7.1874332428 object_loss=5.16419553757 distance_loss=2.02323746681
Iteration 11 of 100: loss=7.37123775482 object_loss=5.34800624847 distance_loss=2.02323150635
Iteration 12 of 100: loss=7.36597251892 object_loss=5.34287643433 distance_loss=2.02309608459
Iteration 13 of 100: loss=7.56557941437 object_loss=5.5421204567 distance_loss=2.02345871925
Iteration 14 of 100: loss=7.82938766479 object_loss=5.80578994751 distance_loss=2.02359771729
Iteration 15 of 100: loss=7.81690216064 object_loss=5.79320955276 distance_loss=2.02369236946
Iteration 16 of 100: loss=9.50281524658 object_loss=7.47954463959 distance_loss=2.02327108383
Iteration 17 of 100: loss=7.99428462982 object_loss=5.97114419937 distance_loss=2.02314066887
Iteration 18 of 100: loss=7.83828496933 object_loss=5.81493091583 distance_loss=2.0233540535
Iteration 19 of 100: loss=7.80024623871 object_loss=5.77695608139 distance_loss=2.02329015732
Iteration 20 of 100: loss=7.85769844055 object_loss=5.83482933044 distance_loss=2.02286911011
Iteration 21 of 100: loss=7.77335739136 object_loss=5.75070810318 distance_loss=2.0226495266
Iteration 22 of 100: loss=7.75964069366 object_loss=5.73688220978 distance_loss=2.02275848389
Iteration 23 of 100: loss=7.70863103867 object_loss=5.68577861786 distance_loss=2.02285242081
Iteration 24 of 100: loss=8.06939601898 object_loss=6.04666042328 distance_loss=2.0227355957
Iteration 25 of 100: loss=7.88720846176 object_loss=5.86454105377 distance_loss=2.02266740799
Iteration 26 of 100: loss=7.3473649025 object_loss=5.32479715347 distance_loss=2.02256774902
Iteration 27 of 100: loss=7.00998210907 object_loss=4.9874753952 distance_loss=2.02250647545
Iteration 28 of 100: loss=6.78299236298 object_loss=4.76052808762 distance_loss=2.02246427536
Iteration 29 of 100: loss=7.11372423172 object_loss=5.09098863602 distance_loss=2.0227355957
Iteration 30 of 100: loss=7.24534702301 object_loss=5.22243309021 distance_loss=2.02291369438
Iteration 31 of 100: loss=7.05745887756 object_loss=5.0341386795 distance_loss=2.02332043648
Iteration 32 of 100: loss=7.0732626915 object_loss=5.05004024506 distance_loss=2.02322244644
Iteration 33 of 100: loss=6.47530269623 object_loss=4.45172834396 distance_loss=2.02357435226
Iteration 34 of 100: loss=6.6042137146 object_loss=4.58029413223 distance_loss=2.02391958237
Iteration 35 of 100: loss=6.71745014191 object_loss=4.6933298111 distance_loss=2.02412056923
Iteration 36 of 100: loss=6.56714296341 object_loss=4.54277658463 distance_loss=2.02436637878
Iteration 37 of 100: loss=7.66961765289 object_loss=5.64486169815 distance_loss=2.02475595474
Iteration 38 of 100: loss=6.59783601761 object_loss=4.57292699814 distance_loss=2.02490901947
Iteration 39 of 100: loss=6.14377593994 object_loss=4.11863183975 distance_loss=2.02514433861
Iteration 40 of 100: loss=6.14986085892 object_loss=4.12431573868 distance_loss=2.02554512024
Iteration 41 of 100: loss=6.6973323822 object_loss=4.67176055908 distance_loss=2.02557206154
Iteration 42 of 100: loss=6.22998762131 object_loss=4.20419692993 distance_loss=2.02579069138
Iteration 43 of 100: loss=6.82231712341 object_loss=4.79620981216 distance_loss=2.02610754967
Iteration 44 of 100: loss=6.79412937164 object_loss=4.76787424088 distance_loss=2.02625536919
Iteration 45 of 100: loss=7.26795101166 object_loss=5.24136209488 distance_loss=2.02658867836
Iteration 46 of 100: loss=7.52775478363 object_loss=5.50068044662 distance_loss=2.02707409859
Iteration 47 of 100: loss=5.87215042114 object_loss=3.84471321106 distance_loss=2.0274374485
Iteration 48 of 100: loss=7.56281757355 object_loss=5.53509950638 distance_loss=2.02771830559
Iteration 49 of 100: loss=5.72363758087 object_loss=3.69548916817 distance_loss=2.02814865112
Iteration 50 of 100: loss=6.01415252686 object_loss=3.98569941521 distance_loss=2.02845335007
Iteration 51 of 100: loss=5.91935873032 object_loss=3.89026975632 distance_loss=2.029088974
Iteration 52 of 100: loss=6.47795915604 object_loss=4.4488735199 distance_loss=2.02908563614
Iteration 53 of 100: loss=5.97642612457 object_loss=3.94691491127 distance_loss=2.02951097488
Iteration 54 of 100: loss=7.68090724945 object_loss=5.65130233765 distance_loss=2.02960515022
Iteration 55 of 100: loss=8.50946998596 object_loss=6.48008918762 distance_loss=2.0293803215
Iteration 56 of 100: loss=7.47438812256 object_loss=5.44553756714 distance_loss=2.02885055542
Iteration 57 of 100: loss=7.42556190491 object_loss=5.39671945572 distance_loss=2.02884221077
Iteration 58 of 100: loss=7.3668756485 object_loss=5.33812952042 distance_loss=2.02874588966
Iteration 59 of 100: loss=6.61825084686 object_loss=4.58969545364 distance_loss=2.0285551548
Iteration 60 of 100: loss=6.43878173828 object_loss=4.41016578674 distance_loss=2.02861571312
Iteration 61 of 100: loss=6.45456218719 object_loss=4.42598199844 distance_loss=2.02858042717
Iteration 62 of 100: loss=6.59824752808 object_loss=4.5698184967 distance_loss=2.02842926979
Iteration 63 of 100: loss=6.59607982635 object_loss=4.56764793396 distance_loss=2.02843165398
Iteration 64 of 100: loss=6.17224311829 object_loss=4.14384365082 distance_loss=2.02839922905
Iteration 65 of 100: loss=5.94763946533 object_loss=3.9193482399 distance_loss=2.02829122543
Iteration 66 of 100: loss=6.02153110504 object_loss=3.99321579933 distance_loss=2.02831554413
Iteration 67 of 100: loss=5.94347524643 object_loss=3.91515159607 distance_loss=2.02832365036
Iteration 68 of 100: loss=6.06181144714 object_loss=4.03366041183 distance_loss=2.02815103531
Iteration 69 of 100: loss=5.08832025528 object_loss=3.0600130558 distance_loss=2.02830719948
Iteration 70 of 100: loss=5.21362638474 object_loss=3.18527841568 distance_loss=2.02834796906
Iteration 71 of 100: loss=5.19334077835 object_loss=3.1650390625 distance_loss=2.02830171585
Iteration 72 of 100: loss=4.54454135895 object_loss=2.51645874977 distance_loss=2.02808260918
Iteration 73 of 100: loss=5.40859031677 object_loss=3.38039588928 distance_loss=2.02819442749
Iteration 74 of 100: loss=5.70950746536 object_loss=3.681204319 distance_loss=2.02830314636
Iteration 75 of 100: loss=7.05980873108 object_loss=5.03130292892 distance_loss=2.02850556374
Iteration 76 of 100: loss=7.38047409058 object_loss=5.35231971741 distance_loss=2.02815413475
Iteration 77 of 100: loss=7.25321388245 object_loss=5.22499465942 distance_loss=2.02821946144
Iteration 78 of 100: loss=7.7068157196 object_loss=5.67824888229 distance_loss=2.02856659889
Iteration 79 of 100: loss=7.4140920639 object_loss=5.38523244858 distance_loss=2.02885985374
Iteration 80 of 100: loss=7.39245653152 object_loss=5.36368846893 distance_loss=2.02876806259
Iteration 81 of 100: loss=8.6316947937 object_loss=6.60278272629 distance_loss=2.02891254425
Iteration 82 of 100: loss=8.38684272766 object_loss=6.35791444778 distance_loss=2.02892827988
Iteration 83 of 100: loss=8.48179912567 object_loss=6.45282936096 distance_loss=2.02896976471
Iteration 84 of 100: loss=6.93943691254 object_loss=4.91052150726 distance_loss=2.02891564369
Iteration 85 of 100: loss=6.70074558258 object_loss=4.67188167572 distance_loss=2.02886390686
Iteration 86 of 100: loss=7.65313720703 object_loss=5.6242685318 distance_loss=2.02886891365
Iteration 87 of 100: loss=7.45452022552 object_loss=5.42561626434 distance_loss=2.02890396118
Iteration 88 of 100: loss=7.71848297119 object_loss=5.68987178802 distance_loss=2.02861118317
Iteration 89 of 100: loss=10.4011173248 object_loss=8.37250995636 distance_loss=2.02860736847
Iteration 90 of 100: loss=10.8504238129 object_loss=8.82154750824 distance_loss=2.02887630463
Iteration 91 of 100: loss=10.7063083649 object_loss=8.67744159698 distance_loss=2.02886652946
Iteration 92 of 100: loss=11.3052272797 object_loss=9.27693271637 distance_loss=2.02829504013
Iteration 93 of 100: loss=11.1589899063 object_loss=9.13044929504 distance_loss=2.02854061127
Iteration 94 of 100: loss=10.1232023239 object_loss=8.09447288513 distance_loss=2.02872920036
Iteration 95 of 100: loss=10.3506984711 object_loss=8.32189464569 distance_loss=2.0288040638
Iteration 96 of 100: loss=11.5018596649 object_loss=9.47313499451 distance_loss=2.02872467041
Iteration 97 of 100: loss=9.77624320984 object_loss=7.74771404266 distance_loss=2.02852940559
Iteration 98 of 100: loss=9.77182006836 object_loss=7.74311685562 distance_loss=2.02870297432
Iteration 99 of 100: loss=9.77189922333 object_loss=7.74301719666 distance_loss=2.02888226509
Iteration 0 of 100: loss=9.64268016815 object_loss=7.6137046814 distance_loss=2.02897548676
Iteration 1 of 100: loss=8.9900970459 object_loss=6.96107959747 distance_loss=2.02901744843
Iteration 2 of 100: loss=9.55722427368 object_loss=7.52820968628 distance_loss=2.02901482582
Iteration 3 of 100: loss=9.73241519928 object_loss=7.70332145691 distance_loss=2.02909398079
Iteration 4 of 100: loss=8.95872879028 object_loss=6.92981338501 distance_loss=2.02891516685
Iteration 5 of 100: loss=8.98310375214 object_loss=6.95422744751 distance_loss=2.02887654305
Iteration 6 of 100: loss=9.73101806641 object_loss=7.70220756531 distance_loss=2.02881026268
Iteration 7 of 100: loss=12.9907989502 object_loss=10.9619617462 distance_loss=2.02883720398
Iteration 8 of 100: loss=9.35869216919 object_loss=7.32983207703 distance_loss=2.02885961533
Iteration 9 of 100: loss=10.2341690063 object_loss=8.20511627197 distance_loss=2.02905249596
Iteration 10 of 100: loss=10.8743066788 object_loss=8.84530925751 distance_loss=2.02899742126
Iteration 11 of 100: loss=10.0950641632 object_loss=8.06620979309 distance_loss=2.02885484695
Iteration 12 of 100: loss=13.0916423798 object_loss=11.0631036758 distance_loss=2.02853894234
Iteration 13 of 100: loss=10.4629020691 object_loss=8.4342880249 distance_loss=2.02861356735
Iteration 14 of 100: loss=8.97166633606 object_loss=6.94315576553 distance_loss=2.02851009369
Iteration 15 of 100: loss=9.96593761444 object_loss=7.93754434586 distance_loss=2.02839326859
Iteration 16 of 100: loss=11.4496202469 object_loss=9.4216375351 distance_loss=2.02798247337
Iteration 17 of 100: loss=11.0802640915 object_loss=9.05234241486 distance_loss=2.02792143822
Iteration 18 of 100: loss=10.3827991486 object_loss=8.35491466522 distance_loss=2.02788496017
Iteration 19 of 100: loss=10.3317022324 object_loss=8.30385971069 distance_loss=2.02784252167
Iteration 20 of 100: loss=10.8368835449 object_loss=8.80913257599 distance_loss=2.0277504921
Iteration 21 of 100: loss=8.60973644257 object_loss=6.58209276199 distance_loss=2.02764368057
Iteration 22 of 100: loss=9.06195259094 object_loss=7.03453445435 distance_loss=2.02741765976
Iteration 23 of 100: loss=9.76996612549 object_loss=7.74247217178 distance_loss=2.02749443054
Iteration 24 of 100: loss=9.95569229126 object_loss=7.92817163467 distance_loss=2.02752065659
Iteration 25 of 100: loss=9.18214416504 object_loss=7.15474891663 distance_loss=2.02739524841
Iteration 26 of 100: loss=10.1051445007 object_loss=8.07757949829 distance_loss=2.0275645256
Iteration 27 of 100: loss=9.60243034363 object_loss=7.57495260239 distance_loss=2.02747797966
Iteration 28 of 100: loss=10.1770133972 object_loss=8.14995098114 distance_loss=2.0270626545
Iteration 29 of 100: loss=10.1698703766 object_loss=8.14293766022 distance_loss=2.02693295479
Iteration 30 of 100: loss=10.4421958923 object_loss=8.41509532928 distance_loss=2.02710080147
Iteration 31 of 100: loss=10.2689847946 object_loss=8.24210166931 distance_loss=2.02688312531
Iteration 32 of 100: loss=9.6340265274 object_loss=7.60746955872 distance_loss=2.02655720711
Iteration 33 of 100: loss=8.91325378418 object_loss=6.88655996323 distance_loss=2.02669334412
Iteration 34 of 100: loss=9.31688404083 object_loss=7.29038476944 distance_loss=2.02649903297
Iteration 35 of 100: loss=11.3608121872 object_loss=9.33434581757 distance_loss=2.02646636963
Iteration 36 of 100: loss=7.02363491058 object_loss=4.99742126465 distance_loss=2.02621364594
Iteration 37 of 100: loss=7.68154716492 object_loss=5.65541648865 distance_loss=2.02613043785
Iteration 38 of 100: loss=11.149394989 object_loss=9.12307357788 distance_loss=2.02632117271
Iteration 39 of 100: loss=9.86579990387 object_loss=7.83911657333 distance_loss=2.02668356895
Iteration 40 of 100: loss=6.40797424316 object_loss=4.38128089905 distance_loss=2.02669358253
Iteration 41 of 100: loss=7.32841014862 object_loss=5.30134105682 distance_loss=2.0270690918
Iteration 42 of 100: loss=6.31917476654 object_loss=4.29189538956 distance_loss=2.0272796154
Iteration 43 of 100: loss=6.33233165741 object_loss=4.30475902557 distance_loss=2.02757263184
Iteration 44 of 100: loss=6.83695602417 object_loss=4.80915403366 distance_loss=2.02780175209
Iteration 45 of 100: loss=6.17517518997 object_loss=4.14729547501 distance_loss=2.02787971497
Iteration 46 of 100: loss=10.1313056946 object_loss=8.10337543488 distance_loss=2.02792978287
Iteration 47 of 100: loss=5.68384742737 object_loss=3.65538477898 distance_loss=2.02846240997
Iteration 48 of 100: loss=6.85988235474 object_loss=4.83110713959 distance_loss=2.02877545357
Iteration 49 of 100: loss=7.27435016632 object_loss=5.24512720108 distance_loss=2.02922320366
Iteration 50 of 100: loss=6.37462902069 object_loss=4.34497308731 distance_loss=2.02965569496
Iteration 51 of 100: loss=6.82685136795 object_loss=4.79688262939 distance_loss=2.02996873856
Iteration 52 of 100: loss=5.93750476837 object_loss=3.90770769119 distance_loss=2.02979683876
Iteration 53 of 100: loss=5.92953300476 object_loss=3.89941310883 distance_loss=2.03011989594
Iteration 54 of 100: loss=5.86752080917 object_loss=3.83712291718 distance_loss=2.030397892
Iteration 55 of 100: loss=5.88306427002 object_loss=3.85250043869 distance_loss=2.03056383133
Iteration 56 of 100: loss=7.87842273712 object_loss=5.84780883789 distance_loss=2.03061389923
Iteration 57 of 100: loss=6.99318981171 object_loss=4.96247816086 distance_loss=2.03071165085
Iteration 58 of 100: loss=6.76231956482 object_loss=4.73141336441 distance_loss=2.03090620041
Iteration 59 of 100: loss=6.91657686234 object_loss=4.88529634476 distance_loss=2.03128051758
Iteration 60 of 100: loss=6.85975885391 object_loss=4.82825183868 distance_loss=2.03150701523
Iteration 61 of 100: loss=7.84901618958 object_loss=5.81741094589 distance_loss=2.0316054821
Iteration 62 of 100: loss=6.24421882629 object_loss=4.21231031418 distance_loss=2.03190875053
Iteration 63 of 100: loss=6.34639358521 object_loss=4.31433725357 distance_loss=2.03205657005
Iteration 64 of 100: loss=6.01097774506 object_loss=3.979180336 distance_loss=2.03179764748
Iteration 65 of 100: loss=5.84327316284 object_loss=3.81145000458 distance_loss=2.03182315826
Iteration 66 of 100: loss=5.07498216629 object_loss=3.04316210747 distance_loss=2.03182005882
Iteration 67 of 100: loss=4.50610208511 object_loss=2.47443556786 distance_loss=2.03166651726
Iteration 68 of 100: loss=4.7586388588 object_loss=2.72704005241 distance_loss=2.03159880638
Iteration 69 of 100: loss=5.32998085022 object_loss=3.29809355736 distance_loss=2.03188729286
Iteration 70 of 100: loss=5.03842163086 object_loss=3.00644397736 distance_loss=2.03197741508
Iteration 71 of 100: loss=5.4477686882 object_loss=3.41569280624 distance_loss=2.03207588196
Iteration 72 of 100: loss=5.74872207642 object_loss=3.71679019928 distance_loss=2.03193187714
Iteration 73 of 100: loss=6.23788833618 object_loss=4.20571708679 distance_loss=2.03217148781
Iteration 74 of 100: loss=7.23754119873 object_loss=5.20515298843 distance_loss=2.0323882103
Iteration 75 of 100: loss=7.25737380981 object_loss=5.22496414185 distance_loss=2.03240942955
Iteration 76 of 100: loss=8.21613311768 object_loss=6.1839928627 distance_loss=2.03213977814
Iteration 77 of 100: loss=7.83419418335 object_loss=5.80197000504 distance_loss=2.03222441673
Iteration 78 of 100: loss=5.82989597321 object_loss=3.79775643349 distance_loss=2.03213953972
Iteration 79 of 100: loss=6.95704984665 object_loss=4.92487049103 distance_loss=2.03217935562
Iteration 80 of 100: loss=7.17015743256 object_loss=5.137799263 distance_loss=2.03235793114
Iteration 81 of 100: loss=7.1509552002 object_loss=5.11860799789 distance_loss=2.0323472023
Iteration 82 of 100: loss=6.50375461578 object_loss=4.47150754929 distance_loss=2.03224682808
Iteration 83 of 100: loss=6.50385665894 object_loss=4.47152709961 distance_loss=2.03232979774
Iteration 84 of 100: loss=6.5038766861 object_loss=4.47150325775 distance_loss=2.03237366676
Iteration 85 of 100: loss=6.50375843048 object_loss=4.47152042389 distance_loss=2.03223776817
Iteration 86 of 100: loss=6.49621391296 object_loss=4.46390295029 distance_loss=2.0323112011
Iteration 87 of 100: loss=6.34498405457 object_loss=4.31269788742 distance_loss=2.03228592873
Iteration 88 of 100: loss=6.78613471985 object_loss=4.75399065018 distance_loss=2.03214383125
Iteration 89 of 100: loss=6.78621912003 object_loss=4.75398302078 distance_loss=2.03223609924
Iteration 90 of 100: loss=6.86871147156 object_loss=4.83639240265 distance_loss=2.03231906891
Iteration 91 of 100: loss=6.79927778244 object_loss=4.76689243317 distance_loss=2.03238534927
Iteration 92 of 100: loss=6.63401985168 object_loss=4.60202264786 distance_loss=2.03199744225
Iteration 93 of 100: loss=5.99005031586 object_loss=3.95797181129 distance_loss=2.03207826614
Iteration 94 of 100: loss=6.2401599884 object_loss=4.2078795433 distance_loss=2.0322804451
Iteration 95 of 100: loss=6.59426879883 object_loss=4.56180667877 distance_loss=2.03246235847
Iteration 96 of 100: loss=6.46802616119 object_loss=4.43571949005 distance_loss=2.03230643272
Iteration 97 of 100: loss=5.81949281693 object_loss=3.78704500198 distance_loss=2.03244781494
Iteration 98 of 100: loss=6.0339012146 object_loss=4.00129938126 distance_loss=2.03260207176
Iteration 99 of 100: loss=6.1880273819 object_loss=4.15535831451 distance_loss=2.03266906738
Iteration 0 of 100: loss=6.55742168427 object_loss=4.52478408813 distance_loss=2.03263759613
Iteration 1 of 100: loss=6.59431219101 object_loss=4.56152534485 distance_loss=2.03278684616
Iteration 2 of 100: loss=6.48951816559 object_loss=4.45639467239 distance_loss=2.03312373161
Iteration 3 of 100: loss=6.48377895355 object_loss=4.4504070282 distance_loss=2.03337216377
Iteration 4 of 100: loss=6.72715759277 object_loss=4.69365787506 distance_loss=2.03349971771
Iteration 5 of 100: loss=7.69632148743 object_loss=5.66273784637 distance_loss=2.03358364105
Iteration 6 of 100: loss=7.66825294495 object_loss=5.63467693329 distance_loss=2.03357625008
Iteration 7 of 100: loss=7.76851987839 object_loss=5.73484802246 distance_loss=2.03367185593
Iteration 8 of 100: loss=6.39876031876 object_loss=4.36504793167 distance_loss=2.03371238708
Iteration 9 of 100: loss=6.36321735382 object_loss=4.32963609695 distance_loss=2.03358125687
Iteration 10 of 100: loss=6.60841846466 object_loss=4.57475614548 distance_loss=2.03366231918
Iteration 11 of 100: loss=6.60854434967 object_loss=4.57474136353 distance_loss=2.03380274773
Iteration 12 of 100: loss=6.31945466995 object_loss=4.28610992432 distance_loss=2.03334474564
Iteration 13 of 100: loss=6.29667043686 object_loss=4.26316595078 distance_loss=2.03350448608
Iteration 14 of 100: loss=6.41337919235 object_loss=4.37973451614 distance_loss=2.03364467621
Iteration 15 of 100: loss=6.47454071045 object_loss=4.44094228745 distance_loss=2.03359866142
Iteration 16 of 100: loss=6.92381191254 object_loss=4.89030694962 distance_loss=2.03350520134
Iteration 17 of 100: loss=6.96840286255 object_loss=4.93504095078 distance_loss=2.03336167336
Iteration 18 of 100: loss=6.08061122894 object_loss=4.04753351212 distance_loss=2.03307747841
Iteration 19 of 100: loss=7.06545734406 object_loss=5.0323882103 distance_loss=2.03306889534
Iteration 20 of 100: loss=6.83967399597 object_loss=4.80687379837 distance_loss=2.03279995918
Iteration 21 of 100: loss=6.76252985001 object_loss=4.73004102707 distance_loss=2.03248882294
Iteration 22 of 100: loss=6.78011035919 object_loss=4.74761819839 distance_loss=2.03249239922
Iteration 23 of 100: loss=6.63908433914 object_loss=4.60650205612 distance_loss=2.03258228302
Iteration 24 of 100: loss=6.70766305923 object_loss=4.67536306381 distance_loss=2.03229999542
Iteration 25 of 100: loss=6.63695240021 object_loss=4.60452842712 distance_loss=2.03242397308
Iteration 26 of 100: loss=6.58369731903 object_loss=4.5512843132 distance_loss=2.03241300583
Iteration 27 of 100: loss=6.65118408203 object_loss=4.61889314651 distance_loss=2.03229117393
Iteration 28 of 100: loss=6.63107585907 object_loss=4.59880065918 distance_loss=2.03227496147
Iteration 29 of 100: loss=5.93063640594 object_loss=3.89817023277 distance_loss=2.03246593475
Iteration 30 of 100: loss=6.5627784729 object_loss=4.53021907806 distance_loss=2.03255963326
Iteration 31 of 100: loss=5.78437805176 object_loss=3.75162053108 distance_loss=2.03275752068
Iteration 32 of 100: loss=5.59437274933 object_loss=3.56166148186 distance_loss=2.03271102905
Iteration 33 of 100: loss=4.74441766739 object_loss=2.71130895615 distance_loss=2.03310871124
Iteration 34 of 100: loss=4.61292028427 object_loss=2.579413414 distance_loss=2.03350687027
Iteration 35 of 100: loss=5.77322721481 object_loss=3.73956751823 distance_loss=2.03365969658
Iteration 36 of 100: loss=5.79878044128 object_loss=3.76514840126 distance_loss=2.03363204002
Iteration 37 of 100: loss=5.81976699829 object_loss=3.78588056564 distance_loss=2.03388619423
Iteration 38 of 100: loss=6.16006612778 object_loss=4.1259226799 distance_loss=2.03414344788
Iteration 39 of 100: loss=5.09784603119 object_loss=3.06354761124 distance_loss=2.03429818153
Iteration 40 of 100: loss=5.18169021606 object_loss=3.14706158638 distance_loss=2.03462862968
Iteration 41 of 100: loss=4.74625349045 object_loss=2.71156144142 distance_loss=2.03469204903
Iteration 42 of 100: loss=4.93697500229 object_loss=2.9019677639 distance_loss=2.03500723839
Iteration 43 of 100: loss=5.21136331558 object_loss=3.17632555962 distance_loss=2.03503775597
Iteration 44 of 100: loss=4.5263710022 object_loss=2.49117207527 distance_loss=2.03519916534
Iteration 45 of 100: loss=4.84209156036 object_loss=2.80660128593 distance_loss=2.03549003601
Iteration 46 of 100: loss=5.27281904221 object_loss=3.23705816269 distance_loss=2.03576087952
Iteration 47 of 100: loss=4.99344873428 object_loss=2.95744395256 distance_loss=2.03600478172
Iteration 48 of 100: loss=5.20227813721 object_loss=3.16645932198 distance_loss=2.03581905365
Iteration 49 of 100: loss=6.3320350647 object_loss=4.2958316803 distance_loss=2.0362033844
Iteration 50 of 100: loss=6.00497245789 object_loss=3.96854734421 distance_loss=2.0364253521
Iteration 51 of 100: loss=5.59255933762 object_loss=3.55596637726 distance_loss=2.03659296036
Iteration 52 of 100: loss=6.69903755188 object_loss=4.66255426407 distance_loss=2.03648352623
Iteration 53 of 100: loss=6.45131778717 object_loss=4.41467046738 distance_loss=2.03664708138
Iteration 54 of 100: loss=6.47412109375 object_loss=4.43749094009 distance_loss=2.03663039207
Iteration 55 of 100: loss=6.46040630341 object_loss=4.42383003235 distance_loss=2.03657603264
Iteration 56 of 100: loss=6.69487428665 object_loss=4.65834903717 distance_loss=2.03652524948
Iteration 57 of 100: loss=5.86206626892 object_loss=3.8256175518 distance_loss=2.03644871712
Iteration 58 of 100: loss=6.41337013245 object_loss=4.37688493729 distance_loss=2.03648495674
Iteration 59 of 100: loss=5.46203756332 object_loss=3.42534637451 distance_loss=2.03669118881
Iteration 60 of 100: loss=3.94550085068 object_loss=1.90905189514 distance_loss=2.03644895554
Iteration 61 of 100: loss=4.84638738632 object_loss=2.8100233078 distance_loss=2.03636407852
Iteration 62 of 100: loss=6.27861690521 object_loss=4.2424082756 distance_loss=2.03620839119
Iteration 63 of 100: loss=6.45832967758 object_loss=4.42206764221 distance_loss=2.03626203537
Iteration 64 of 100: loss=9.20022583008 object_loss=7.16400718689 distance_loss=2.03621840477
Iteration 65 of 100: loss=5.90775489807 object_loss=3.87163090706 distance_loss=2.03612399101
Iteration 66 of 100: loss=6.71981430054 object_loss=4.68389606476 distance_loss=2.0359184742
Iteration 67 of 100: loss=6.6617975235 object_loss=4.62603187561 distance_loss=2.03576588631
Iteration 68 of 100: loss=5.74655342102 object_loss=3.71105623245 distance_loss=2.03549742699
Iteration 69 of 100: loss=7.44965696335 object_loss=5.41427707672 distance_loss=2.03537988663
Iteration 70 of 100: loss=6.44245147705 object_loss=4.40689897537 distance_loss=2.03555226326
Iteration 71 of 100: loss=5.61491537094 object_loss=3.57957005501 distance_loss=2.03534531593
Iteration 72 of 100: loss=7.70757293701 object_loss=5.67305374146 distance_loss=2.03451895714
Iteration 73 of 100: loss=6.63453197479 object_loss=4.60030078888 distance_loss=2.03423094749
Iteration 74 of 100: loss=8.11180019379 object_loss=6.07761335373 distance_loss=2.03418684006
Iteration 75 of 100: loss=6.25200843811 object_loss=4.21790742874 distance_loss=2.03410100937
Iteration 76 of 100: loss=6.98899078369 object_loss=4.95520401001 distance_loss=2.03378653526
Iteration 77 of 100: loss=5.62319946289 object_loss=3.58957266808 distance_loss=2.03362703323
Iteration 78 of 100: loss=5.8314037323 object_loss=3.79800605774 distance_loss=2.03339767456
Iteration 79 of 100: loss=7.00830841064 object_loss=4.9747428894 distance_loss=2.03356552124
Iteration 80 of 100: loss=6.45479011536 object_loss=4.42118597031 distance_loss=2.03360414505
Iteration 81 of 100: loss=8.3952331543 object_loss=6.36164808273 distance_loss=2.03358483315
Iteration 82 of 100: loss=6.90539979935 object_loss=4.87175559998 distance_loss=2.03364419937
Iteration 83 of 100: loss=6.88499069214 object_loss=4.85114955902 distance_loss=2.03384113312
Iteration 84 of 100: loss=7.38273572922 object_loss=5.34890031815 distance_loss=2.03383541107
Iteration 85 of 100: loss=7.09297418594 object_loss=5.05893230438 distance_loss=2.03404188156
Iteration 86 of 100: loss=7.0842218399 object_loss=5.05012178421 distance_loss=2.03409981728
Iteration 87 of 100: loss=7.08261919022 object_loss=5.04861354828 distance_loss=2.03400564194
Iteration 88 of 100: loss=7.40911579132 object_loss=5.37506818771 distance_loss=2.03404784203
Iteration 89 of 100: loss=6.85282993317 object_loss=4.81863689423 distance_loss=2.03419280052
Iteration 90 of 100: loss=6.9495100975 object_loss=4.91533327103 distance_loss=2.03417682648
Iteration 91 of 100: loss=10.8405742645 object_loss=8.80628395081 distance_loss=2.0342900753
Iteration 92 of 100: loss=9.24275302887 object_loss=7.20861291885 distance_loss=2.03414011002
Iteration 93 of 100: loss=10.3437137604 object_loss=8.30934524536 distance_loss=2.03436851501
Iteration 94 of 100: loss=10.0402832031 object_loss=8.00559997559 distance_loss=2.03468346596
Iteration 95 of 100: loss=10.1272573471 object_loss=8.09257221222 distance_loss=2.03468513489
Iteration 96 of 100: loss=10.7460308075 object_loss=8.71151828766 distance_loss=2.03451251984
Iteration 97 of 100: loss=11.0963659286 object_loss=9.06169128418 distance_loss=2.03467440605
Iteration 98 of 100: loss=10.7206172943 object_loss=8.68561172485 distance_loss=2.03500556946
Iteration 99 of 100: loss=10.3708257675 object_loss=8.33564186096 distance_loss=2.03518414497
Iteration 0 of 100: loss=10.9802618027 object_loss=8.94488716125 distance_loss=2.03537487984
Iteration 1 of 100: loss=10.0977344513 object_loss=8.0622587204 distance_loss=2.03547596931
Iteration 2 of 100: loss=10.0619382858 object_loss=8.02644252777 distance_loss=2.03549599648
Iteration 3 of 100: loss=10.3379840851 object_loss=8.30196666718 distance_loss=2.03601717949
Iteration 4 of 100: loss=9.80350112915 object_loss=7.76736307144 distance_loss=2.03613805771
Iteration 5 of 100: loss=9.53210639954 object_loss=7.49561834335 distance_loss=2.03648853302
Iteration 6 of 100: loss=9.36030197144 object_loss=7.32332181931 distance_loss=2.03698015213
Iteration 7 of 100: loss=8.57851982117 object_loss=6.54123687744 distance_loss=2.03728342056
Iteration 8 of 100: loss=8.16842460632 object_loss=6.13101148605 distance_loss=2.03741359711
Iteration 9 of 100: loss=7.94634437561 object_loss=5.90814208984 distance_loss=2.03820204735
Iteration 10 of 100: loss=10.1001930237 object_loss=8.06114006042 distance_loss=2.03905344009
Iteration 11 of 100: loss=9.31949615479 object_loss=7.27996349335 distance_loss=2.03953289986
Iteration 12 of 100: loss=8.86114215851 object_loss=6.82128429413 distance_loss=2.0398581028
Iteration 13 of 100: loss=6.90155267715 object_loss=4.86069965363 distance_loss=2.04085302353
Iteration 14 of 100: loss=5.89042234421 object_loss=3.84881448746 distance_loss=2.04160785675
Iteration 15 of 100: loss=5.39391708374 object_loss=3.35171890259 distance_loss=2.04219794273
Iteration 16 of 100: loss=5.84750366211 object_loss=3.80506014824 distance_loss=2.04244327545
Iteration 17 of 100: loss=7.03199005127 object_loss=4.98909425735 distance_loss=2.04289603233
Iteration 18 of 100: loss=6.65019035339 object_loss=4.60676670074 distance_loss=2.04342365265
Iteration 19 of 100: loss=5.34150314331 object_loss=3.29762792587 distance_loss=2.04387521744
Iteration 20 of 100: loss=4.46060848236 object_loss=2.41646718979 distance_loss=2.04414105415
Iteration 21 of 100: loss=4.62287664413 object_loss=2.57835865021 distance_loss=2.04451799393
Iteration 22 of 100: loss=6.80949258804 object_loss=4.76466989517 distance_loss=2.04482269287
Iteration 23 of 100: loss=4.71688461304 object_loss=2.671885252 distance_loss=2.04499959946
Iteration 24 of 100: loss=4.0907626152 object_loss=2.04554438591 distance_loss=2.04521822929
Iteration 25 of 100: loss=4.12425088882 object_loss=2.07897639275 distance_loss=2.04527449608
Iteration 26 of 100: loss=3.94556689262 object_loss=1.90012335777 distance_loss=2.04544353485
Iteration 27 of 100: loss=4.20450878143 object_loss=2.1590294838 distance_loss=2.04547953606
Iteration 28 of 100: loss=4.32069396973 object_loss=2.27528548241 distance_loss=2.04540872574
Iteration 29 of 100: loss=3.58172416687 object_loss=1.53633069992 distance_loss=2.04539346695
Iteration 30 of 100: loss=3.7479467392 object_loss=1.70233881474 distance_loss=2.04560804367
Iteration 31 of 100: loss=3.74114656448 object_loss=1.69532716274 distance_loss=2.04581952095
Iteration 32 of 100: loss=3.63926744461 object_loss=1.59370684624 distance_loss=2.04556059837
Iteration 33 of 100: loss=3.19559144974 object_loss=1.14962160587 distance_loss=2.04596972466
Iteration 34 of 100: loss=3.50172972679 object_loss=1.4555914402 distance_loss=2.04613828659
Iteration 35 of 100: loss=3.39600419998 object_loss=1.3496118784 distance_loss=2.04639220238
Iteration 36 of 100: loss=3.23914289474 object_loss=1.1927138567 distance_loss=2.04642891884
Iteration 37 of 100: loss=3.29460859299 object_loss=1.24797022343 distance_loss=2.04663848877
Iteration 38 of 100: loss=3.16182208061 object_loss=1.11518955231 distance_loss=2.04663252831
Iteration 39 of 100: loss=3.15314769745 object_loss=1.10623061657 distance_loss=2.04691696167
Iteration 40 of 100: loss=3.1759147644 object_loss=1.12890434265 distance_loss=2.04701042175
Iteration 41 of 100: loss=3.18904066086 object_loss=1.14210999012 distance_loss=2.04693055153
Iteration 42 of 100: loss=3.20559215546 object_loss=1.15836620331 distance_loss=2.04722595215
Iteration 43 of 100: loss=3.27673172951 object_loss=1.22925782204 distance_loss=2.04747390747
Iteration 44 of 100: loss=3.82216358185 object_loss=1.77482616901 distance_loss=2.04733729362
Iteration 45 of 100: loss=4.06233167648 object_loss=2.01496219635 distance_loss=2.04736948013
Iteration 46 of 100: loss=3.74493956566 object_loss=1.69749927521 distance_loss=2.04744029045
Iteration 47 of 100: loss=3.71979236603 object_loss=1.67228758335 distance_loss=2.04750490189
Iteration 48 of 100: loss=3.68968153 object_loss=1.64226329327 distance_loss=2.04741835594
Iteration 49 of 100: loss=3.42379498482 object_loss=1.37639379501 distance_loss=2.0474011898
Iteration 50 of 100: loss=3.66374015808 object_loss=1.6163238287 distance_loss=2.04741621017
Iteration 51 of 100: loss=3.83829379082 object_loss=1.79073572159 distance_loss=2.04755806923
Iteration 52 of 100: loss=3.88306856155 object_loss=1.83566081524 distance_loss=2.04740762711
Iteration 53 of 100: loss=3.88593959808 object_loss=1.83847510815 distance_loss=2.04746460915
Iteration 54 of 100: loss=3.88623714447 object_loss=1.83857548237 distance_loss=2.04766154289
Iteration 55 of 100: loss=4.59196043015 object_loss=2.54426574707 distance_loss=2.04769468307
Iteration 56 of 100: loss=5.02937507629 object_loss=2.9820728302 distance_loss=2.04730224609
Iteration 57 of 100: loss=4.93506813049 object_loss=2.8875079155 distance_loss=2.047560215
Iteration 58 of 100: loss=4.13503217697 object_loss=2.08726835251 distance_loss=2.04776382446
Iteration 59 of 100: loss=4.21930980682 object_loss=2.1713309288 distance_loss=2.04797911644
Iteration 60 of 100: loss=3.94313383102 object_loss=1.89499473572 distance_loss=2.04813909531
Iteration 61 of 100: loss=4.24166870117 object_loss=2.19358730316 distance_loss=2.04808115959
Iteration 62 of 100: loss=4.15495634079 object_loss=2.10715532303 distance_loss=2.04780101776
Iteration 63 of 100: loss=4.7368221283 object_loss=2.689057827 distance_loss=2.04776406288
Iteration 64 of 100: loss=5.13761425018 object_loss=3.08985447884 distance_loss=2.04775953293
Iteration 65 of 100: loss=5.07654285431 object_loss=3.02873206139 distance_loss=2.04781103134
Iteration 66 of 100: loss=5.11182117462 object_loss=3.06396746635 distance_loss=2.04785370827
Iteration 67 of 100: loss=5.17901515961 object_loss=3.13121032715 distance_loss=2.04780483246
Iteration 68 of 100: loss=5.17870855331 object_loss=3.13126158714 distance_loss=2.04744696617
Iteration 69 of 100: loss=5.00423049927 object_loss=2.9567193985 distance_loss=2.04751133919
Iteration 70 of 100: loss=4.94322967529 object_loss=2.89556217194 distance_loss=2.04766726494
Iteration 71 of 100: loss=5.02976036072 object_loss=2.98220133781 distance_loss=2.04755878448
Iteration 72 of 100: loss=4.95043373108 object_loss=2.90312790871 distance_loss=2.04730558395
Iteration 73 of 100: loss=4.89551115036 object_loss=2.84791970253 distance_loss=2.04759144783
Iteration 74 of 100: loss=5.12284612656 object_loss=3.07518458366 distance_loss=2.04766154289
Iteration 75 of 100: loss=5.2708029747 object_loss=3.22301483154 distance_loss=2.04778814316
Iteration 76 of 100: loss=5.16261816025 object_loss=3.11497735977 distance_loss=2.04764080048
Iteration 77 of 100: loss=5.13007545471 object_loss=3.08262205124 distance_loss=2.04745340347
Iteration 78 of 100: loss=5.15619945526 object_loss=3.108492136 distance_loss=2.04770731926
Iteration 79 of 100: loss=4.88643598557 object_loss=2.83867692947 distance_loss=2.04775905609
Iteration 80 of 100: loss=4.66582202911 object_loss=2.61837887764 distance_loss=2.04744291306
Iteration 81 of 100: loss=4.87884712219 object_loss=2.83151936531 distance_loss=2.04732751846
Iteration 82 of 100: loss=5.48673534393 object_loss=3.4393632412 distance_loss=2.04737210274
Iteration 83 of 100: loss=4.10082817078 object_loss=2.05348849297 distance_loss=2.04733991623
Iteration 84 of 100: loss=4.56041193008 object_loss=2.51303553581 distance_loss=2.04737639427
Iteration 85 of 100: loss=5.73439693451 object_loss=3.68737220764 distance_loss=2.04702472687
Iteration 86 of 100: loss=5.6287984848 object_loss=3.58193325996 distance_loss=2.04686498642
Iteration 87 of 100: loss=4.76413536072 object_loss=2.71707987785 distance_loss=2.04705548286
Iteration 88 of 100: loss=5.95812988281 object_loss=3.91125583649 distance_loss=2.04687380791
Iteration 89 of 100: loss=5.7264919281 object_loss=3.67948174477 distance_loss=2.04701018333
Iteration 90 of 100: loss=5.28488063812 object_loss=3.23778247833 distance_loss=2.04709792137
Iteration 91 of 100: loss=4.35109901428 object_loss=2.30390119553 distance_loss=2.04719758034
Iteration 92 of 100: loss=4.96845579147 object_loss=2.92177295685 distance_loss=2.04668283463
Iteration 93 of 100: loss=5.82801246643 object_loss=3.78108668327 distance_loss=2.04692602158
Iteration 94 of 100: loss=5.58787202835 object_loss=3.54102873802 distance_loss=2.04684329033
Iteration 95 of 100: loss=5.42563247681 object_loss=3.37885403633 distance_loss=2.04677867889
Iteration 96 of 100: loss=5.29075479507 object_loss=3.24405646324 distance_loss=2.04669833183
Iteration 97 of 100: loss=5.02746295929 object_loss=2.98088955879 distance_loss=2.04657316208
Iteration 98 of 100: loss=4.76447629929 object_loss=2.71793651581 distance_loss=2.04653978348
Iteration 99 of 100: loss=3.99937582016 object_loss=1.95261418819 distance_loss=2.04676175117
Iteration 0 of 100: loss=5.93967342377 object_loss=3.89285254478 distance_loss=2.04682087898
Iteration 1 of 100: loss=4.11640930176 object_loss=2.06966757774 distance_loss=2.04674172401
Iteration 2 of 100: loss=4.08013868332 object_loss=2.03341650963 distance_loss=2.04672217369
Iteration 3 of 100: loss=4.15861415863 object_loss=2.11174035072 distance_loss=2.04687356949
Iteration 4 of 100: loss=4.08489656448 object_loss=2.03799128532 distance_loss=2.04690527916
Iteration 5 of 100: loss=3.88376760483 object_loss=1.83687710762 distance_loss=2.04689049721
Iteration 6 of 100: loss=3.72128248215 object_loss=1.67435777187 distance_loss=2.04692482948
Iteration 7 of 100: loss=3.82348918915 object_loss=1.77673852444 distance_loss=2.0467505455
Iteration 8 of 100: loss=3.80888414383 object_loss=1.76215302944 distance_loss=2.04673099518
Iteration 9 of 100: loss=3.72542047501 object_loss=1.678647995 distance_loss=2.04677248001
Iteration 10 of 100: loss=4.22850847244 object_loss=2.18155837059 distance_loss=2.04695010185
Iteration 11 of 100: loss=4.10529232025 object_loss=2.05816841125 distance_loss=2.04712367058
Iteration 12 of 100: loss=3.95410966873 object_loss=1.9071906805 distance_loss=2.04691886902
Iteration 13 of 100: loss=4.25190925598 object_loss=2.20469784737 distance_loss=2.04721164703
Iteration 14 of 100: loss=3.35613870621 object_loss=1.30875945091 distance_loss=2.04737925529
Iteration 15 of 100: loss=3.73012018204 object_loss=1.6827185154 distance_loss=2.04740166664
Iteration 16 of 100: loss=3.71089315414 object_loss=1.66391181946 distance_loss=2.04698133469
Iteration 17 of 100: loss=3.89890098572 object_loss=1.85194516182 distance_loss=2.0469558239
Iteration 18 of 100: loss=3.96593046188 object_loss=1.91879224777 distance_loss=2.04713821411
Iteration 19 of 100: loss=3.88127088547 object_loss=1.83398151398 distance_loss=2.04728937149
Iteration 20 of 100: loss=3.89795541763 object_loss=1.85052359104 distance_loss=2.0474319458
Iteration 21 of 100: loss=4.56319093704 object_loss=2.51558184624 distance_loss=2.04760909081
Iteration 22 of 100: loss=4.72154474258 object_loss=2.67394781113 distance_loss=2.04759693146
Iteration 23 of 100: loss=5.13719081879 object_loss=3.08951997757 distance_loss=2.0476706028
Iteration 24 of 100: loss=5.17095136642 object_loss=3.12316703796 distance_loss=2.04778432846
Iteration 25 of 100: loss=5.02408313751 object_loss=2.97615504265 distance_loss=2.04792785645
Iteration 26 of 100: loss=5.17838382721 object_loss=3.13030171394 distance_loss=2.04808211327
Iteration 27 of 100: loss=4.46302986145 object_loss=2.41479706764 distance_loss=2.04823255539
Iteration 28 of 100: loss=4.37215900421 object_loss=2.32411551476 distance_loss=2.04804348946
Iteration 29 of 100: loss=4.53914546967 object_loss=2.49088740349 distance_loss=2.0482583046
Iteration 30 of 100: loss=4.47204828262 object_loss=2.42369961739 distance_loss=2.04834866524
Iteration 31 of 100: loss=4.30241775513 object_loss=2.25408172607 distance_loss=2.04833626747
Iteration 32 of 100: loss=5.2249879837 object_loss=3.17680025101 distance_loss=2.04818797112
Iteration 33 of 100: loss=5.43117284775 object_loss=3.38296246529 distance_loss=2.04821038246
Iteration 34 of 100: loss=4.33082294464 object_loss=2.28264021873 distance_loss=2.04818296432
Iteration 35 of 100: loss=3.99955582619 object_loss=1.95141172409 distance_loss=2.0481441021
Iteration 36 of 100: loss=3.86200022697 object_loss=1.81399488449 distance_loss=2.04800534248
Iteration 37 of 100: loss=3.86180758476 object_loss=1.81399226189 distance_loss=2.04781532288
Iteration 38 of 100: loss=3.98030948639 object_loss=1.93233728409 distance_loss=2.0479722023
Iteration 39 of 100: loss=4.04101324081 object_loss=1.99291038513 distance_loss=2.04810285568
Iteration 40 of 100: loss=4.54321575165 object_loss=2.49529385567 distance_loss=2.04792165756
Iteration 41 of 100: loss=4.52921867371 object_loss=2.48125839233 distance_loss=2.04796004295
Iteration 42 of 100: loss=4.29138326645 object_loss=2.24334192276 distance_loss=2.04804134369
Iteration 43 of 100: loss=4.04410839081 object_loss=1.99601244926 distance_loss=2.04809617996
Iteration 44 of 100: loss=4.12711334229 object_loss=2.07910633087 distance_loss=2.04800677299
Iteration 45 of 100: loss=4.25044107437 object_loss=2.20234394073 distance_loss=2.04809713364
Iteration 46 of 100: loss=3.91361951828 object_loss=1.86550092697 distance_loss=2.04811859131
Iteration 47 of 100: loss=4.18649148941 object_loss=2.13821053505 distance_loss=2.04828095436
Iteration 48 of 100: loss=3.91635894775 object_loss=1.86828923225 distance_loss=2.0480697155
Iteration 49 of 100: loss=4.27743148804 object_loss=2.22931432724 distance_loss=2.04811739922
Iteration 50 of 100: loss=4.20548057556 object_loss=2.15714550018 distance_loss=2.04833507538
Iteration 51 of 100: loss=4.41514635086 object_loss=2.3668615818 distance_loss=2.04828476906
Iteration 52 of 100: loss=4.20710945129 object_loss=2.15934562683 distance_loss=2.04776382446
Iteration 53 of 100: loss=3.93423986435 object_loss=1.88628876209 distance_loss=2.04795098305
Iteration 54 of 100: loss=4.38407325745 object_loss=2.33615493774 distance_loss=2.0479183197
Iteration 55 of 100: loss=4.52766036987 object_loss=2.47991633415 distance_loss=2.04774427414
Iteration 56 of 100: loss=4.86385059357 object_loss=2.81641411781 distance_loss=2.04743623734
Iteration 57 of 100: loss=5.08961677551 object_loss=3.04241132736 distance_loss=2.04720520973
Iteration 58 of 100: loss=5.22442436218 object_loss=3.17765259743 distance_loss=2.04677152634
Iteration 59 of 100: loss=6.62009620667 object_loss=4.57348823547 distance_loss=2.04660797119
Iteration 60 of 100: loss=6.11233520508 object_loss=4.06573534012 distance_loss=2.04659962654
Iteration 61 of 100: loss=5.6934170723 object_loss=3.647138834 distance_loss=2.0462782383
Iteration 62 of 100: loss=5.82136487961 object_loss=3.77518606186 distance_loss=2.04617881775
Iteration 63 of 100: loss=5.66278457642 object_loss=3.61658430099 distance_loss=2.046200037
Iteration 64 of 100: loss=5.95517349243 object_loss=3.90907406807 distance_loss=2.04609918594
Iteration 65 of 100: loss=5.26744270325 object_loss=3.22128510475 distance_loss=2.04615783691
Iteration 66 of 100: loss=5.89896011353 object_loss=3.85302591324 distance_loss=2.04593420029
Iteration 67 of 100: loss=5.19654417038 object_loss=3.15068507195 distance_loss=2.04585909843
Iteration 68 of 100: loss=5.30845737457 object_loss=3.26251363754 distance_loss=2.04594397545
Iteration 69 of 100: loss=5.32533168793 object_loss=3.27933859825 distance_loss=2.04599308968
Iteration 70 of 100: loss=5.50931739807 object_loss=3.46345019341 distance_loss=2.04586696625
Iteration 71 of 100: loss=5.53614234924 object_loss=3.4899995327 distance_loss=2.04614305496
Iteration 72 of 100: loss=6.29724645615 object_loss=4.25126695633 distance_loss=2.04597949982
Iteration 73 of 100: loss=6.38074588776 object_loss=4.33454990387 distance_loss=2.04619622231
Iteration 74 of 100: loss=6.66142845154 object_loss=4.61498260498 distance_loss=2.04644560814
Iteration 75 of 100: loss=5.6109752655 object_loss=3.56453347206 distance_loss=2.04644179344
Iteration 76 of 100: loss=5.9442615509 object_loss=3.89803504944 distance_loss=2.04622650146
Iteration 77 of 100: loss=4.89585494995 object_loss=2.84943151474 distance_loss=2.04642367363
Iteration 78 of 100: loss=4.8744354248 object_loss=2.82800793648 distance_loss=2.04642724991
Iteration 79 of 100: loss=5.58146858215 object_loss=3.53496742249 distance_loss=2.04650092125
Iteration 80 of 100: loss=5.58745765686 object_loss=3.5408346653 distance_loss=2.04662275314
Iteration 81 of 100: loss=5.09287261963 object_loss=3.04629135132 distance_loss=2.04658102989
Iteration 82 of 100: loss=5.60164642334 object_loss=3.55482363701 distance_loss=2.04682302475
Iteration 83 of 100: loss=5.54834938049 object_loss=3.50108027458 distance_loss=2.04726886749
Iteration 84 of 100: loss=6.84051704407 object_loss=4.79300165176 distance_loss=2.0475153923
Iteration 85 of 100: loss=7.23421382904 object_loss=5.18629646301 distance_loss=2.04791760445
Iteration 86 of 100: loss=5.48567485809 object_loss=3.43724918365 distance_loss=2.04842543602
Iteration 87 of 100: loss=5.9687871933 object_loss=3.92009472847 distance_loss=2.04869270325
Iteration 88 of 100: loss=5.50660943985 object_loss=3.45798707008 distance_loss=2.04862236977
Iteration 89 of 100: loss=5.89599466324 object_loss=3.84689569473 distance_loss=2.04909896851
Iteration 90 of 100: loss=6.2226858139 object_loss=4.17302656174 distance_loss=2.04965949059
Iteration 91 of 100: loss=6.28003787994 object_loss=4.23005008698 distance_loss=2.04998779297
Iteration 92 of 100: loss=6.18605041504 object_loss=4.13588142395 distance_loss=2.05016899109
Iteration 93 of 100: loss=5.57632350922 object_loss=3.52567887306 distance_loss=2.05064463615
Iteration 94 of 100: loss=5.21872806549 object_loss=3.16753745079 distance_loss=2.0511906147
Iteration 95 of 100: loss=5.43380069733 object_loss=3.38242793083 distance_loss=2.05137252808
Iteration 96 of 100: loss=5.91837310791 object_loss=3.86718654633 distance_loss=2.0511868
Iteration 97 of 100: loss=5.91103935242 object_loss=3.85993719101 distance_loss=2.05110216141
Iteration 98 of 100: loss=5.84463787079 object_loss=3.79335975647 distance_loss=2.05127835274
Iteration 99 of 100: loss=5.16022777557 object_loss=3.10865354538 distance_loss=2.05157423019
Iteration 0 of 100: loss=5.21904468536 object_loss=3.16769218445 distance_loss=2.05135250092
Iteration 1 of 100: loss=5.35518455505 object_loss=3.30365467072 distance_loss=2.05152964592
Iteration 2 of 100: loss=5.59690093994 object_loss=3.54521417618 distance_loss=2.05168676376
Iteration 3 of 100: loss=6.29750204086 object_loss=4.24583530426 distance_loss=2.0516667366
Iteration 4 of 100: loss=6.39511871338 object_loss=4.34350633621 distance_loss=2.05161261559
Iteration 5 of 100: loss=6.27576828003 object_loss=4.22420072556 distance_loss=2.05156755447
Iteration 6 of 100: loss=6.73650074005 object_loss=4.68493652344 distance_loss=2.0515639782
Iteration 7 of 100: loss=7.44829940796 object_loss=5.39669132233 distance_loss=2.05160832405
Iteration 8 of 100: loss=7.0385761261 object_loss=4.98679018021 distance_loss=2.05178570747
Iteration 9 of 100: loss=7.38591051102 object_loss=5.33394384384 distance_loss=2.05196666718
Iteration 10 of 100: loss=5.7003865242 object_loss=3.64812421799 distance_loss=2.05226230621
Iteration 11 of 100: loss=8.56779670715 object_loss=6.51558160782 distance_loss=2.05221486092
Iteration 12 of 100: loss=7.58255577087 object_loss=5.53056383133 distance_loss=2.05199170113
Iteration 13 of 100: loss=7.30216026306 object_loss=5.2496881485 distance_loss=2.05247211456
Iteration 14 of 100: loss=6.97123146057 object_loss=4.91840744019 distance_loss=2.05282402039
Iteration 15 of 100: loss=7.75568294525 object_loss=5.70249795914 distance_loss=2.0531847477
Iteration 16 of 100: loss=7.04907989502 object_loss=4.99565839767 distance_loss=2.05342173576
Iteration 17 of 100: loss=6.1029586792 object_loss=4.04925251007 distance_loss=2.05370593071
Iteration 18 of 100: loss=6.99594783783 object_loss=4.94203138351 distance_loss=2.05391669273
Iteration 19 of 100: loss=7.23933792114 object_loss=5.18479776382 distance_loss=2.0545399189
Iteration 20 of 100: loss=7.26798629761 object_loss=5.21318721771 distance_loss=2.05479884148
Iteration 21 of 100: loss=8.43427467346 object_loss=6.37922811508 distance_loss=2.05504631996
Iteration 22 of 100: loss=8.8994884491 object_loss=6.84396076202 distance_loss=2.05552792549
Iteration 23 of 100: loss=11.7514009476 object_loss=9.6953754425 distance_loss=2.05602550507
Iteration 24 of 100: loss=9.50797080994 object_loss=7.45174312592 distance_loss=2.0562274456
Iteration 25 of 100: loss=8.84082221985 object_loss=6.78429460526 distance_loss=2.05652809143
Iteration 26 of 100: loss=8.3470697403 object_loss=6.29012489319 distance_loss=2.05694484711
Iteration 27 of 100: loss=8.71711063385 object_loss=6.65996980667 distance_loss=2.05714058876
Iteration 28 of 100: loss=7.91497087479 object_loss=5.85763883591 distance_loss=2.05733203888
Iteration 29 of 100: loss=7.5414891243 object_loss=5.48389196396 distance_loss=2.05759716034
Iteration 30 of 100: loss=9.2142791748 object_loss=7.15679216385 distance_loss=2.05748701096
Iteration 31 of 100: loss=10.7264604568 object_loss=8.66892242432 distance_loss=2.05753827095
Iteration 32 of 100: loss=8.6842546463 object_loss=6.62701177597 distance_loss=2.05724263191
Iteration 33 of 100: loss=8.66687202454 object_loss=6.60935783386 distance_loss=2.05751466751
Iteration 34 of 100: loss=6.33832359314 object_loss=4.28085613251 distance_loss=2.05746769905
Iteration 35 of 100: loss=6.55856704712 object_loss=4.50137233734 distance_loss=2.05719447136
Iteration 36 of 100: loss=5.10201263428 object_loss=3.04532194138 distance_loss=2.0566906929
Iteration 37 of 100: loss=6.56174612045 object_loss=4.50520944595 distance_loss=2.0565366745
Iteration 38 of 100: loss=7.67441558838 object_loss=5.61835956573 distance_loss=2.05605602264
Iteration 39 of 100: loss=8.01119804382 object_loss=5.95546388626 distance_loss=2.05573368073
Iteration 40 of 100: loss=10.8422527313 object_loss=8.78670692444 distance_loss=2.05554580688
Iteration 41 of 100: loss=11.4124860764 object_loss=9.357213974 distance_loss=2.05527210236
Iteration 42 of 100: loss=8.40021896362 object_loss=6.34551811218 distance_loss=2.0547003746
Iteration 43 of 100: loss=9.35144519806 object_loss=7.29706668854 distance_loss=2.0543782711
Iteration 44 of 100: loss=7.6345281601 object_loss=5.58034896851 distance_loss=2.05417919159
Iteration 45 of 100: loss=7.32224178314 object_loss=5.26840925217 distance_loss=2.05383229256
Iteration 46 of 100: loss=8.49302387238 object_loss=6.43941783905 distance_loss=2.05360603333
Iteration 47 of 100: loss=8.71608161926 object_loss=6.6629114151 distance_loss=2.05317020416
Iteration 48 of 100: loss=8.87351226807 object_loss=6.82094812393 distance_loss=2.05256390572
Iteration 49 of 100: loss=12.1795921326 object_loss=10.1272516251 distance_loss=2.05234026909
Iteration 50 of 100: loss=9.30751132965 object_loss=7.25532102585 distance_loss=2.0521903038
Iteration 51 of 100: loss=9.03880786896 object_loss=6.98707962036 distance_loss=2.0517282486
Iteration 52 of 100: loss=8.24879550934 object_loss=6.19765663147 distance_loss=2.05113863945
Iteration 53 of 100: loss=8.13771629333 object_loss=6.08675050735 distance_loss=2.05096530914
Iteration 54 of 100: loss=7.05096817017 object_loss=4.99988460541 distance_loss=2.05108332634
Iteration 55 of 100: loss=9.64815998077 object_loss=7.59682703018 distance_loss=2.05133295059
Iteration 56 of 100: loss=9.34510803223 object_loss=7.29405355453 distance_loss=2.05105495453
Iteration 57 of 100: loss=8.74761009216 object_loss=6.69649362564 distance_loss=2.05111694336
Iteration 58 of 100: loss=8.06607818604 object_loss=6.01477527618 distance_loss=2.05130290985
Iteration 59 of 100: loss=7.43462181091 object_loss=5.38337421417 distance_loss=2.05124735832
Iteration 60 of 100: loss=7.68437767029 object_loss=5.63350009918 distance_loss=2.05087757111
Iteration 61 of 100: loss=10.2311458588 object_loss=8.18035030365 distance_loss=2.0507953167
Iteration 62 of 100: loss=14.0216932297 object_loss=11.9707136154 distance_loss=2.05097937584
Iteration 63 of 100: loss=12.9457931519 object_loss=10.8945713043 distance_loss=2.05122208595
Iteration 64 of 100: loss=9.00833797455 object_loss=6.95695018768 distance_loss=2.05138754845
Iteration 65 of 100: loss=10.865278244 object_loss=8.81376647949 distance_loss=2.05151152611
Iteration 66 of 100: loss=10.1090202332 object_loss=8.05742645264 distance_loss=2.05159378052
Iteration 67 of 100: loss=9.77585601807 object_loss=7.72424793243 distance_loss=2.05160832405
Iteration 68 of 100: loss=11.9765176773 object_loss=9.9250421524 distance_loss=2.05147528648
Iteration 69 of 100: loss=9.02021598816 object_loss=6.96856832504 distance_loss=2.05164766312
Iteration 70 of 100: loss=8.10288143158 object_loss=6.05100250244 distance_loss=2.05187892914
Iteration 71 of 100: loss=7.64946746826 object_loss=5.59731054306 distance_loss=2.0521569252
Iteration 72 of 100: loss=8.03632926941 object_loss=5.98443746567 distance_loss=2.0518913269
Iteration 73 of 100: loss=7.72920417786 object_loss=5.67713260651 distance_loss=2.05207157135
Iteration 74 of 100: loss=7.82388114929 object_loss=5.77167034149 distance_loss=2.05221056938
Iteration 75 of 100: loss=7.39734554291 object_loss=5.34508419037 distance_loss=2.05226111412
Iteration 76 of 100: loss=7.34517765045 object_loss=5.29296302795 distance_loss=2.05221438408
Iteration 77 of 100: loss=7.34519815445 object_loss=5.29297590256 distance_loss=2.05222225189
Iteration 78 of 100: loss=7.44679260254 object_loss=5.39456415176 distance_loss=2.05222821236
Iteration 79 of 100: loss=7.92745351791 object_loss=5.87515354156 distance_loss=2.05229997635
Iteration 80 of 100: loss=9.96050071716 object_loss=7.9081120491 distance_loss=2.05238819122
Iteration 81 of 100: loss=7.79418468475 object_loss=5.74209737778 distance_loss=2.05208706856
Iteration 82 of 100: loss=9.41261959076 object_loss=7.36029005051 distance_loss=2.05232954025
Iteration 83 of 100: loss=10.8581476212 object_loss=8.80549621582 distance_loss=2.05265116692
Iteration 84 of 100: loss=7.94663906097 object_loss=5.89411354065 distance_loss=2.05252575874
Iteration 85 of 100: loss=8.16430568695 object_loss=6.11152172089 distance_loss=2.05278396606
Iteration 86 of 100: loss=6.41958904266 object_loss=4.36671924591 distance_loss=2.05286955833
Iteration 87 of 100: loss=6.04143714905 object_loss=3.98854398727 distance_loss=2.05289340019
Iteration 88 of 100: loss=6.60208702087 object_loss=4.5492773056 distance_loss=2.05280995369
Iteration 89 of 100: loss=6.62764978409 object_loss=4.57459783554 distance_loss=2.05305194855
Iteration 90 of 100: loss=6.27000617981 object_loss=4.2172498703 distance_loss=2.05275654793
Iteration 91 of 100: loss=7.07612514496 object_loss=5.02350473404 distance_loss=2.05262041092
Iteration 92 of 100: loss=5.8677277565 object_loss=3.81548166275 distance_loss=2.05224609375
Iteration 93 of 100: loss=5.62179088593 object_loss=3.56959271431 distance_loss=2.05219841003
Iteration 94 of 100: loss=5.50673151016 object_loss=3.45441746712 distance_loss=2.05231404305
Iteration 95 of 100: loss=5.12284469604 object_loss=3.07068586349 distance_loss=2.05215859413
Iteration 96 of 100: loss=5.12200117111 object_loss=3.0703690052 distance_loss=2.05163216591
Iteration 97 of 100: loss=5.38959693909 object_loss=3.33790063858 distance_loss=2.05169630051
Iteration 98 of 100: loss=5.01089572906 object_loss=2.95926475525 distance_loss=2.05163121223
Iteration 99 of 100: loss=4.66090583801 object_loss=2.60955762863 distance_loss=2.05134797096
Iteration 0 of 100: loss=5.01474380493 object_loss=2.96359014511 distance_loss=2.0511534214
Iteration 1 of 100: loss=5.9886469841 object_loss=3.93785238266 distance_loss=2.05079460144
Iteration 2 of 100: loss=5.44082117081 object_loss=3.39028954506 distance_loss=2.05053162575
Iteration 3 of 100: loss=5.57973194122 object_loss=3.52917385101 distance_loss=2.05055809021
Iteration 4 of 100: loss=5.55647468567 object_loss=3.50600767136 distance_loss=2.05046725273
Iteration 5 of 100: loss=5.35377407074 object_loss=3.30374884605 distance_loss=2.0500254631
Iteration 6 of 100: loss=4.6632232666 object_loss=2.61327648163 distance_loss=2.04994678497
Iteration 7 of 100: loss=4.35264492035 object_loss=2.30280399323 distance_loss=2.04984092712
Iteration 8 of 100: loss=5.63103914261 object_loss=3.58159565926 distance_loss=2.04944348335
Iteration 9 of 100: loss=5.6669178009 object_loss=3.6174929142 distance_loss=2.0494248867
Iteration 10 of 100: loss=7.64808225632 object_loss=5.59861946106 distance_loss=2.04946279526
Iteration 11 of 100: loss=6.90936374664 object_loss=4.85988330841 distance_loss=2.04948019981
Iteration 12 of 100: loss=6.65207481384 object_loss=4.6028418541 distance_loss=2.04923319817
Iteration 13 of 100: loss=5.85881710052 object_loss=3.80956983566 distance_loss=2.04924750328
Iteration 14 of 100: loss=6.14997386932 object_loss=4.10094070435 distance_loss=2.0490334034
Iteration 15 of 100: loss=6.34849739075 object_loss=4.29957532883 distance_loss=2.0489218235
Iteration 16 of 100: loss=6.77656602859 object_loss=4.72793149948 distance_loss=2.04863452911
Iteration 17 of 100: loss=6.16518878937 object_loss=4.11675310135 distance_loss=2.04843592644
Iteration 18 of 100: loss=8.11960887909 object_loss=6.07115364075 distance_loss=2.04845499992
Iteration 19 of 100: loss=8.45371246338 object_loss=6.4053812027 distance_loss=2.04833102226
Iteration 20 of 100: loss=9.5679359436 object_loss=7.51988792419 distance_loss=2.04804801941
Iteration 21 of 100: loss=9.39976501465 object_loss=7.35168075562 distance_loss=2.0480837822
Iteration 22 of 100: loss=8.03817653656 object_loss=5.9900393486 distance_loss=2.04813718796
Iteration 23 of 100: loss=8.00812244415 object_loss=5.96000528336 distance_loss=2.0481171608
Iteration 24 of 100: loss=4.42973279953 object_loss=2.38169741631 distance_loss=2.04803538322
Iteration 25 of 100: loss=6.01047801971 object_loss=3.96245741844 distance_loss=2.04802060127
Iteration 26 of 100: loss=5.4988079071 object_loss=3.45088267326 distance_loss=2.04792547226
Iteration 27 of 100: loss=5.9515581131 object_loss=3.90354394913 distance_loss=2.04801440239
Iteration 28 of 100: loss=5.42562294006 object_loss=3.37779378891 distance_loss=2.04782938957
Iteration 29 of 100: loss=5.26124334335 object_loss=3.21336174011 distance_loss=2.04788160324
Iteration 30 of 100: loss=4.80050086975 object_loss=2.75212836266 distance_loss=2.04837226868
Iteration 31 of 100: loss=4.91206359863 object_loss=2.86357450485 distance_loss=2.04848885536
Iteration 32 of 100: loss=5.61936473846 object_loss=3.57136869431 distance_loss=2.04799604416
Iteration 33 of 100: loss=6.15552616119 object_loss=4.1072883606 distance_loss=2.04823756218
Iteration 34 of 100: loss=4.87656164169 object_loss=2.82789993286 distance_loss=2.04866170883
Iteration 35 of 100: loss=4.24989128113 object_loss=2.20108294487 distance_loss=2.04880833626
Iteration 36 of 100: loss=4.46486568451 object_loss=2.41600704193 distance_loss=2.04885864258
Iteration 37 of 100: loss=4.73208141327 object_loss=2.68343544006 distance_loss=2.04864573479
Iteration 38 of 100: loss=4.81280136108 object_loss=2.7644970417 distance_loss=2.04830408096
Iteration 39 of 100: loss=4.03811454773 object_loss=1.989782691 distance_loss=2.04833173752
Iteration 40 of 100: loss=4.4007062912 object_loss=2.35255289078 distance_loss=2.04815363884
Iteration 41 of 100: loss=5.59738254547 object_loss=3.54943323135 distance_loss=2.04794955254
Iteration 42 of 100: loss=4.92603206635 object_loss=2.87819695473 distance_loss=2.0478348732
Iteration 43 of 100: loss=4.27587604523 object_loss=2.22798109055 distance_loss=2.0478951931
Iteration 44 of 100: loss=6.31883716583 object_loss=4.27103185654 distance_loss=2.04780507088
Iteration 45 of 100: loss=6.83353996277 object_loss=4.78552007675 distance_loss=2.04801988602
Iteration 46 of 100: loss=6.1658039093 object_loss=4.11812973022 distance_loss=2.04767394066
Iteration 47 of 100: loss=7.05434989929 object_loss=5.00704622269 distance_loss=2.04730391502
Iteration 48 of 100: loss=6.6842212677 object_loss=4.63714694977 distance_loss=2.04707455635
Iteration 49 of 100: loss=6.37535905838 object_loss=4.32851791382 distance_loss=2.04684114456
Iteration 50 of 100: loss=6.22171640396 object_loss=4.17496585846 distance_loss=2.0467505455
Iteration 51 of 100: loss=5.83959007263 object_loss=3.79281210899 distance_loss=2.04677820206
Iteration 52 of 100: loss=5.58822822571 object_loss=3.54160380363 distance_loss=2.04662466049
Iteration 53 of 100: loss=6.11059379578 object_loss=4.06371641159 distance_loss=2.04687714577
Iteration 54 of 100: loss=4.82564878464 object_loss=2.77867150307 distance_loss=2.04697728157
Iteration 55 of 100: loss=5.76601076126 object_loss=3.71893930435 distance_loss=2.04707145691
Iteration 56 of 100: loss=6.08580589294 object_loss=4.03887701035 distance_loss=2.0469288826
Iteration 57 of 100: loss=5.42234945297 object_loss=3.37555837631 distance_loss=2.04679107666
Iteration 58 of 100: loss=5.96148586273 object_loss=3.91461372375 distance_loss=2.04687213898
Iteration 59 of 100: loss=6.56950998306 object_loss=4.52250623703 distance_loss=2.04700374603
Iteration 60 of 100: loss=7.08213996887 object_loss=5.03497266769 distance_loss=2.0471675396
Iteration 61 of 100: loss=7.73012781143 object_loss=5.68301582336 distance_loss=2.04711198807
Iteration 62 of 100: loss=8.34863090515 object_loss=6.30149459839 distance_loss=2.04713582993
Iteration 63 of 100: loss=7.25460624695 object_loss=5.20714378357 distance_loss=2.04746222496
Iteration 64 of 100: loss=5.59130954742 object_loss=3.54362940788 distance_loss=2.04767990112
Iteration 65 of 100: loss=5.57770442963 object_loss=3.52973556519 distance_loss=2.04796886444
Iteration 66 of 100: loss=6.25735473633 object_loss=4.20908737183 distance_loss=2.04826712608
Iteration 67 of 100: loss=5.38392162323 object_loss=3.33514332771 distance_loss=2.04877829552
Iteration 68 of 100: loss=5.91875696182 object_loss=3.87000823021 distance_loss=2.04874873161
Iteration 69 of 100: loss=6.20825147629 object_loss=4.15915203094 distance_loss=2.04909944534
Iteration 70 of 100: loss=5.28764820099 object_loss=3.23797440529 distance_loss=2.04967403412
Iteration 71 of 100: loss=4.63301372528 object_loss=2.58300256729 distance_loss=2.05001139641
Iteration 72 of 100: loss=5.33444166183 object_loss=3.28426647186 distance_loss=2.05017518997
Iteration 73 of 100: loss=5.41554355621 object_loss=3.36481976509 distance_loss=2.05072402954
Iteration 74 of 100: loss=5.39622354507 object_loss=3.34530115128 distance_loss=2.0509223938
Iteration 75 of 100: loss=4.53494644165 object_loss=2.48380684853 distance_loss=2.05113983154
Iteration 76 of 100: loss=3.97146081924 object_loss=1.92022132874 distance_loss=2.05123949051
Iteration 77 of 100: loss=4.91451358795 object_loss=2.86302471161 distance_loss=2.05148863792
Iteration 78 of 100: loss=4.06993532181 object_loss=2.01809191704 distance_loss=2.05184340477
Iteration 79 of 100: loss=4.04169416428 object_loss=1.98949480057 distance_loss=2.05219936371
Iteration 80 of 100: loss=4.24019861221 object_loss=2.18815016747 distance_loss=2.05204844475
Iteration 81 of 100: loss=3.99275875092 object_loss=1.94055318832 distance_loss=2.05220556259
Iteration 82 of 100: loss=4.07310676575 object_loss=2.02075862885 distance_loss=2.05234837532
Iteration 83 of 100: loss=4.36125993729 object_loss=2.30875587463 distance_loss=2.05250406265
Iteration 84 of 100: loss=5.13229751587 object_loss=3.07938194275 distance_loss=2.05291581154
Iteration 85 of 100: loss=5.09830474854 object_loss=3.04539060593 distance_loss=2.05291414261
Iteration 86 of 100: loss=5.19933509827 object_loss=3.14650058746 distance_loss=2.05283427238
Iteration 87 of 100: loss=4.77842378616 object_loss=2.72549700737 distance_loss=2.05292677879
Iteration 88 of 100: loss=4.2108092308 object_loss=2.15792441368 distance_loss=2.05288481712
Iteration 89 of 100: loss=4.76303100586 object_loss=2.71018409729 distance_loss=2.05284667015
Iteration 90 of 100: loss=4.59739971161 object_loss=2.54415225983 distance_loss=2.0532476902
Iteration 91 of 100: loss=4.38986635208 object_loss=2.33640909195 distance_loss=2.05345726013
Iteration 92 of 100: loss=4.23923778534 object_loss=2.18611526489 distance_loss=2.05312275887
Iteration 93 of 100: loss=4.40508747101 object_loss=2.3516907692 distance_loss=2.05339670181
Iteration 94 of 100: loss=4.3598651886 object_loss=2.30624890327 distance_loss=2.05361604691
Iteration 95 of 100: loss=4.06457805634 object_loss=2.01113820076 distance_loss=2.05344009399
Iteration 96 of 100: loss=4.11085510254 object_loss=2.05780267715 distance_loss=2.05305242538
Iteration 97 of 100: loss=3.82831096649 object_loss=1.77550876141 distance_loss=2.0528023243
Iteration 98 of 100: loss=3.49723291397 object_loss=1.44466543198 distance_loss=2.05256748199
Iteration 99 of 100: loss=3.85347652435 object_loss=1.80079376698 distance_loss=2.05268287659
Iteration 0 of 100: loss=4.50233840942 object_loss=2.44989228249 distance_loss=2.05244636536
Iteration 1 of 100: loss=4.07217407227 object_loss=2.01983785629 distance_loss=2.05233621597
Iteration 2 of 100: loss=4.18058013916 object_loss=2.12819266319 distance_loss=2.05238747597
Iteration 3 of 100: loss=4.4601392746 object_loss=2.40803265572 distance_loss=2.0521068573
Iteration 4 of 100: loss=4.42140197754 object_loss=2.3698182106 distance_loss=2.05158376694
Iteration 5 of 100: loss=4.57594490051 object_loss=2.52477431297 distance_loss=2.05117034912
Iteration 6 of 100: loss=4.5731549263 object_loss=2.52216815948 distance_loss=2.05098676682
Iteration 7 of 100: loss=4.93053150177 object_loss=2.88001346588 distance_loss=2.05051827431
Iteration 8 of 100: loss=4.8705739975 object_loss=2.82039141655 distance_loss=2.05018281937
Iteration 9 of 100: loss=4.62532901764 object_loss=2.57520222664 distance_loss=2.050126791
Iteration 10 of 100: loss=5.43090343475 object_loss=3.38104128838 distance_loss=2.04986190796
Iteration 11 of 100: loss=4.70605182648 object_loss=2.65656352043 distance_loss=2.04948830605
Iteration 12 of 100: loss=5.73653745651 object_loss=3.6876642704 distance_loss=2.04887318611
Iteration 13 of 100: loss=5.27215480804 object_loss=3.22346067429 distance_loss=2.04869413376
Iteration 14 of 100: loss=5.06717395782 object_loss=3.01855611801 distance_loss=2.04861783981
Iteration 15 of 100: loss=4.44560623169 object_loss=2.39720654488 distance_loss=2.04839992523
Iteration 16 of 100: loss=3.81133794785 object_loss=1.76335823536 distance_loss=2.04797959328
Iteration 17 of 100: loss=4.24359035492 object_loss=2.19554615021 distance_loss=2.04804444313
Iteration 18 of 100: loss=4.50510978699 object_loss=2.45702242851 distance_loss=2.04808735847
Iteration 19 of 100: loss=4.53274869919 object_loss=2.48463916779 distance_loss=2.0481095314
Iteration 20 of 100: loss=4.24082279205 object_loss=2.19263553619 distance_loss=2.04818725586
Iteration 21 of 100: loss=4.72699356079 object_loss=2.67881774902 distance_loss=2.04817557335
Iteration 22 of 100: loss=4.96032905579 object_loss=2.91227841377 distance_loss=2.04805040359
Iteration 23 of 100: loss=4.56836891174 object_loss=2.5202589035 distance_loss=2.04811000824
Iteration 24 of 100: loss=4.83507633209 object_loss=2.78699231148 distance_loss=2.0480837822
Iteration 25 of 100: loss=5.00128555298 object_loss=2.95316696167 distance_loss=2.04811859131
Iteration 26 of 100: loss=4.09901332855 object_loss=2.05100440979 distance_loss=2.04800868034
Iteration 27 of 100: loss=4.68384361267 object_loss=2.63604450226 distance_loss=2.04779887199
Iteration 28 of 100: loss=4.42355728149 object_loss=2.37621974945 distance_loss=2.04733777046
Iteration 29 of 100: loss=4.37441253662 object_loss=2.32703328133 distance_loss=2.04737925529
Iteration 30 of 100: loss=4.04369354248 object_loss=1.99640607834 distance_loss=2.04728770256
Iteration 31 of 100: loss=4.20189285278 object_loss=2.15475010872 distance_loss=2.04714250565
Iteration 32 of 100: loss=4.81925582886 object_loss=2.7724199295 distance_loss=2.04683589935
Iteration 33 of 100: loss=4.1986207962 object_loss=2.15171647072 distance_loss=2.04690432549
Iteration 34 of 100: loss=4.40492534637 object_loss=2.35817909241 distance_loss=2.04674649239
Iteration 35 of 100: loss=3.93952393532 object_loss=1.89284229279 distance_loss=2.04668164253
Iteration 36 of 100: loss=4.50889396667 object_loss=2.46244668961 distance_loss=2.04644727707
Iteration 37 of 100: loss=4.56007957458 object_loss=2.51385617256 distance_loss=2.0462231636
Iteration 38 of 100: loss=4.63465309143 object_loss=2.58833217621 distance_loss=2.04632091522
Iteration 39 of 100: loss=4.47382450104 object_loss=2.42716765404 distance_loss=2.04665708542
Iteration 40 of 100: loss=3.76465988159 object_loss=1.71810901165 distance_loss=2.04655075073
Iteration 41 of 100: loss=5.05795526505 object_loss=3.01146960258 distance_loss=2.04648566246
Iteration 42 of 100: loss=4.63715171814 object_loss=2.5906291008 distance_loss=2.04652237892
Iteration 43 of 100: loss=4.51561975479 object_loss=2.46889591217 distance_loss=2.04672384262
Iteration 44 of 100: loss=4.6646900177 object_loss=2.61784815788 distance_loss=2.04684185982
Iteration 45 of 100: loss=5.39762115479 object_loss=3.35080194473 distance_loss=2.04681897163
Iteration 46 of 100: loss=5.76580572128 object_loss=3.71876335144 distance_loss=2.04704236984
Iteration 47 of 100: loss=5.59772968292 object_loss=3.5505566597 distance_loss=2.04717302322
Iteration 48 of 100: loss=4.90191745758 object_loss=2.85473203659 distance_loss=2.04718565941
Iteration 49 of 100: loss=5.75714588165 object_loss=3.7098941803 distance_loss=2.04725170135
Iteration 50 of 100: loss=5.82863426208 object_loss=3.78121376038 distance_loss=2.04742050171
Iteration 51 of 100: loss=5.18135261536 object_loss=3.13374114037 distance_loss=2.04761147499
Iteration 52 of 100: loss=4.68711853027 object_loss=2.64008998871 distance_loss=2.04702854156
Iteration 53 of 100: loss=5.2964925766 object_loss=3.24922370911 distance_loss=2.04726886749
Iteration 54 of 100: loss=5.78013038635 object_loss=3.73271822929 distance_loss=2.04741191864
Iteration 55 of 100: loss=5.93533992767 object_loss=3.88780283928 distance_loss=2.04753684998
Iteration 56 of 100: loss=5.1577539444 object_loss=3.110268116 distance_loss=2.04748606682
Iteration 57 of 100: loss=5.26348495483 object_loss=3.21595311165 distance_loss=2.0475320816
Iteration 58 of 100: loss=5.63100337982 object_loss=3.58349537849 distance_loss=2.04750776291
Iteration 59 of 100: loss=5.86974620819 object_loss=3.82206273079 distance_loss=2.04768371582
Iteration 60 of 100: loss=5.70204639435 object_loss=3.65400743484 distance_loss=2.04803872108
Iteration 61 of 100: loss=6.99006843567 object_loss=4.94200468063 distance_loss=2.04806375504
Iteration 62 of 100: loss=5.78383731842 object_loss=3.73568820953 distance_loss=2.04814910889
Iteration 63 of 100: loss=6.31655788422 object_loss=4.26824426651 distance_loss=2.04831361771
Iteration 64 of 100: loss=6.40566825867 object_loss=4.35778951645 distance_loss=2.04787874222
Iteration 65 of 100: loss=5.55214691162 object_loss=3.50419592857 distance_loss=2.04795098305
Iteration 66 of 100: loss=5.01653671265 object_loss=2.96847438812 distance_loss=2.04806232452
Iteration 67 of 100: loss=5.52908992767 object_loss=3.48088645935 distance_loss=2.04820370674
Iteration 68 of 100: loss=5.26429653168 object_loss=3.21586942673 distance_loss=2.04842710495
Iteration 69 of 100: loss=6.58285617828 object_loss=4.53426599503 distance_loss=2.04859042168
Iteration 70 of 100: loss=5.44569396973 object_loss=3.39689731598 distance_loss=2.04879665375
Iteration 71 of 100: loss=7.2600569725 object_loss=5.21062374115 distance_loss=2.04943323135
Iteration 72 of 100: loss=5.04066753387 object_loss=2.99106669426 distance_loss=2.0496006012
Iteration 73 of 100: loss=5.46297502518 object_loss=3.41288614273 distance_loss=2.05008888245
Iteration 74 of 100: loss=6.26305007935 object_loss=4.21238231659 distance_loss=2.05066752434
Iteration 75 of 100: loss=5.61530256271 object_loss=3.5645570755 distance_loss=2.05074548721
Iteration 76 of 100: loss=6.13355827332 object_loss=4.08316802979 distance_loss=2.05039024353
Iteration 77 of 100: loss=4.70894241333 object_loss=2.65840601921 distance_loss=2.0505361557
Iteration 78 of 100: loss=4.72981071472 object_loss=2.67916464806 distance_loss=2.05064606667
Iteration 79 of 100: loss=4.91077232361 object_loss=2.85989141464 distance_loss=2.05088067055
Iteration 80 of 100: loss=4.80351352692 object_loss=2.7523431778 distance_loss=2.0511701107
Iteration 81 of 100: loss=4.41265583038 object_loss=2.36130595207 distance_loss=2.05135011673
Iteration 82 of 100: loss=4.99049377441 object_loss=2.93905711174 distance_loss=2.05143666267
Iteration 83 of 100: loss=5.36245727539 object_loss=3.3107252121 distance_loss=2.05173230171
Iteration 84 of 100: loss=4.8793759346 object_loss=2.82757043839 distance_loss=2.05180549622
Iteration 85 of 100: loss=4.83609342575 object_loss=2.78400325775 distance_loss=2.052090168
Iteration 86 of 100: loss=5.06220722198 object_loss=3.01008534431 distance_loss=2.05212211609
Iteration 87 of 100: loss=6.14621591568 object_loss=4.09414339066 distance_loss=2.05207252502
Iteration 88 of 100: loss=4.89540672302 object_loss=2.84336590767 distance_loss=2.05204081535
Iteration 89 of 100: loss=3.66900491714 object_loss=1.61656677723 distance_loss=2.05243825912
Iteration 90 of 100: loss=6.64979457855 object_loss=4.59720945358 distance_loss=2.05258488655
Iteration 91 of 100: loss=6.5457868576 object_loss=4.49315309525 distance_loss=2.05263376236
Iteration 92 of 100: loss=5.97562789917 object_loss=3.92328929901 distance_loss=2.05233883858
Iteration 93 of 100: loss=5.10087966919 object_loss=3.04818940163 distance_loss=2.05269002914
Iteration 94 of 100: loss=4.01347923279 object_loss=1.9606218338 distance_loss=2.05285739899
Iteration 95 of 100: loss=4.03320884705 object_loss=1.98025810719 distance_loss=2.05295062065
Iteration 96 of 100: loss=7.01850986481 object_loss=4.96561479568 distance_loss=2.0528948307
Iteration 97 of 100: loss=9.43861103058 object_loss=7.38581037521 distance_loss=2.05280089378
Iteration 98 of 100: loss=7.7264919281 object_loss=5.67359733582 distance_loss=2.05289459229
Iteration 99 of 100: loss=8.22607898712 object_loss=6.17327356339 distance_loss=2.05280566216
Iteration 0 of 100: loss=11.7549057007 object_loss=9.70235729218 distance_loss=2.05254817009
Iteration 1 of 100: loss=8.54996204376 object_loss=6.49767303467 distance_loss=2.05228877068
Iteration 2 of 100: loss=8.21035575867 object_loss=6.15806150436 distance_loss=2.05229473114
Iteration 3 of 100: loss=9.65482521057 object_loss=7.60224628448 distance_loss=2.05257868767
Iteration 4 of 100: loss=5.27215957642 object_loss=3.21948432922 distance_loss=2.05267548561
Iteration 5 of 100: loss=5.8256072998 object_loss=3.77276563644 distance_loss=2.05284142494
Iteration 6 of 100: loss=7.58456325531 object_loss=5.53154993057 distance_loss=2.05301308632
Iteration 7 of 100: loss=8.37648677826 object_loss=6.32317256927 distance_loss=2.0533144474
Iteration 8 of 100: loss=6.00697040558 object_loss=3.95373129845 distance_loss=2.05323934555
Iteration 9 of 100: loss=4.22703027725 object_loss=2.17341947556 distance_loss=2.0536108017
Iteration 10 of 100: loss=5.86346387863 object_loss=3.80960345268 distance_loss=2.05386042595
Iteration 11 of 100: loss=6.62484169006 object_loss=4.57080554962 distance_loss=2.05403637886
Iteration 12 of 100: loss=6.66885471344 object_loss=4.61514854431 distance_loss=2.05370640755
Iteration 13 of 100: loss=6.03149652481 object_loss=3.97757482529 distance_loss=2.05392169952
Iteration 14 of 100: loss=7.61054897308 object_loss=5.55622005463 distance_loss=2.05432868004
Iteration 15 of 100: loss=6.85562992096 object_loss=4.8011302948 distance_loss=2.05449938774
Iteration 16 of 100: loss=6.4564743042 object_loss=4.40190458298 distance_loss=2.05456972122
Iteration 17 of 100: loss=5.3052148819 object_loss=3.25053596497 distance_loss=2.05467915535
Iteration 18 of 100: loss=6.10741615295 object_loss=4.05268621445 distance_loss=2.05473017693
Iteration 19 of 100: loss=7.11281776428 object_loss=5.05792331696 distance_loss=2.05489420891
Iteration 20 of 100: loss=6.30049800873 object_loss=4.24548387527 distance_loss=2.05501389503
Iteration 21 of 100: loss=6.0602555275 object_loss=4.00527667999 distance_loss=2.0549788475
Iteration 22 of 100: loss=6.25641679764 object_loss=4.20141363144 distance_loss=2.0550031662
Iteration 23 of 100: loss=5.49014997482 object_loss=3.43501758575 distance_loss=2.05513238907
Iteration 24 of 100: loss=6.03796386719 object_loss=3.98305296898 distance_loss=2.05491113663
Iteration 25 of 100: loss=6.53437137604 object_loss=4.47955799103 distance_loss=2.05481338501
Iteration 26 of 100: loss=6.3284444809 object_loss=4.2736530304 distance_loss=2.05479121208
Iteration 27 of 100: loss=6.60528755188 object_loss=4.55066204071 distance_loss=2.05462527275
Iteration 28 of 100: loss=6.29655790329 object_loss=4.24184656143 distance_loss=2.05471134186
Iteration 29 of 100: loss=6.29869556427 object_loss=4.24380350113 distance_loss=2.05489182472
Iteration 30 of 100: loss=6.91062164307 object_loss=4.85571432114 distance_loss=2.05490708351
Iteration 31 of 100: loss=6.71264839172 object_loss=4.65758371353 distance_loss=2.05506443977
Iteration 32 of 100: loss=5.61134243011 object_loss=3.55645656586 distance_loss=2.05488562584
Iteration 33 of 100: loss=5.38325738907 object_loss=3.32840871811 distance_loss=2.05484867096
Iteration 34 of 100: loss=5.99627399445 object_loss=3.94124746323 distance_loss=2.05502676964
Iteration 35 of 100: loss=6.05004024506 object_loss=3.9948554039 distance_loss=2.05518460274
Iteration 36 of 100: loss=6.12503051758 object_loss=4.07027435303 distance_loss=2.05475616455
Iteration 37 of 100: loss=6.1572265625 object_loss=4.10235023499 distance_loss=2.0548760891
Iteration 38 of 100: loss=5.09326267242 object_loss=3.03846645355 distance_loss=2.05479645729
Iteration 39 of 100: loss=4.71244621277 object_loss=2.65780234337 distance_loss=2.05464410782
Iteration 40 of 100: loss=4.80221748352 object_loss=2.74756073952 distance_loss=2.054656744
Iteration 41 of 100: loss=4.88358592987 object_loss=2.82884502411 distance_loss=2.05474066734
Iteration 42 of 100: loss=4.62702226639 object_loss=2.57248497009 distance_loss=2.0545372963
Iteration 43 of 100: loss=5.05983829498 object_loss=3.00519871712 distance_loss=2.05463981628
Iteration 44 of 100: loss=4.76388645172 object_loss=2.70927596092 distance_loss=2.05461072922
Iteration 45 of 100: loss=4.86389923096 object_loss=2.80934119225 distance_loss=2.05455803871
Iteration 46 of 100: loss=4.71337413788 object_loss=2.65859079361 distance_loss=2.05478310585
Iteration 47 of 100: loss=5.18134498596 object_loss=3.12670564651 distance_loss=2.05463910103
Iteration 48 of 100: loss=4.89766597748 object_loss=2.84350681305 distance_loss=2.05415916443
Iteration 49 of 100: loss=4.80381965637 object_loss=2.74956941605 distance_loss=2.05425047874
Iteration 50 of 100: loss=5.28292179108 object_loss=3.22867059708 distance_loss=2.05425143242
Iteration 51 of 100: loss=5.80306911469 object_loss=3.74892091751 distance_loss=2.05414819717
Iteration 52 of 100: loss=5.56331253052 object_loss=3.50927305222 distance_loss=2.05403971672
Iteration 53 of 100: loss=5.657995224 object_loss=3.6038146019 distance_loss=2.05418038368
Iteration 54 of 100: loss=5.21723651886 object_loss=3.16301035881 distance_loss=2.05422616005
Iteration 55 of 100: loss=5.10027074814 object_loss=3.04614520073 distance_loss=2.05412554741
Iteration 56 of 100: loss=5.05492258072 object_loss=3.0010869503 distance_loss=2.05383563042
Iteration 57 of 100: loss=5.34541082382 object_loss=3.29195451736 distance_loss=2.05345630646
Iteration 58 of 100: loss=6.08095121384 object_loss=4.02761125565 distance_loss=2.05333995819
Iteration 59 of 100: loss=6.55719566345 object_loss=4.5040435791 distance_loss=2.05315184593
Iteration 60 of 100: loss=5.66853523254 object_loss=3.61564660072 distance_loss=2.05288863182
Iteration 61 of 100: loss=6.30422496796 object_loss=4.25117015839 distance_loss=2.05305480957
Iteration 62 of 100: loss=6.60953330994 object_loss=4.55640125275 distance_loss=2.05313181877
Iteration 63 of 100: loss=6.80998754501 object_loss=4.7565612793 distance_loss=2.05342626572
Iteration 64 of 100: loss=6.34690666199 object_loss=4.29336547852 distance_loss=2.05354094505
Iteration 65 of 100: loss=7.7712430954 object_loss=5.71778583527 distance_loss=2.05345749855
Iteration 66 of 100: loss=7.24266052246 object_loss=5.18915224075 distance_loss=2.05350804329
Iteration 67 of 100: loss=7.26107931137 object_loss=5.20724534988 distance_loss=2.05383396149
Iteration 68 of 100: loss=7.37931632996 object_loss=5.32531881332 distance_loss=2.05399727821
Iteration 69 of 100: loss=7.53845262527 object_loss=5.4843044281 distance_loss=2.05414819717
Iteration 70 of 100: loss=7.44934272766 object_loss=5.39482069016 distance_loss=2.05452203751
Iteration 71 of 100: loss=7.32736682892 object_loss=5.2724943161 distance_loss=2.0548722744
Iteration 72 of 100: loss=7.39119148254 object_loss=5.33643054962 distance_loss=2.0547606945
Iteration 73 of 100: loss=8.21064662933 object_loss=6.15554857254 distance_loss=2.05509781837
Iteration 74 of 100: loss=8.10011768341 object_loss=6.04469060898 distance_loss=2.05542731285
Iteration 75 of 100: loss=7.70542097092 object_loss=5.64960813522 distance_loss=2.05581283569
Iteration 76 of 100: loss=6.85859012604 object_loss=4.80266904831 distance_loss=2.05592107773
Iteration 77 of 100: loss=7.03325366974 object_loss=4.97716808319 distance_loss=2.05608582497
Iteration 78 of 100: loss=6.16195964813 object_loss=4.10559797287 distance_loss=2.05636167526
Iteration 79 of 100: loss=5.81260967255 object_loss=3.75575041771 distance_loss=2.05685925484
Iteration 80 of 100: loss=6.21188402176 object_loss=4.15471315384 distance_loss=2.05717086792
Iteration 81 of 100: loss=6.79402923584 object_loss=4.73682165146 distance_loss=2.05720734596
Iteration 82 of 100: loss=6.14356422424 object_loss=4.08586883545 distance_loss=2.05769515038
Iteration 83 of 100: loss=6.13355350494 object_loss=4.07527351379 distance_loss=2.05827975273
Iteration 84 of 100: loss=6.84379005432 object_loss=4.78530883789 distance_loss=2.05848145485
Iteration 85 of 100: loss=5.80753612518 object_loss=3.74878454208 distance_loss=2.0587515831
Iteration 86 of 100: loss=6.37631511688 object_loss=4.31721067429 distance_loss=2.0591044426
Iteration 87 of 100: loss=6.93273115158 object_loss=4.87362384796 distance_loss=2.05910730362
Iteration 88 of 100: loss=7.07010173798 object_loss=5.01114797592 distance_loss=2.05895376205
Iteration 89 of 100: loss=7.53288555145 object_loss=5.47405958176 distance_loss=2.05882620811
Iteration 90 of 100: loss=7.58325958252 object_loss=5.5245552063 distance_loss=2.0587041378
Iteration 91 of 100: loss=7.90031719208 object_loss=5.84165859222 distance_loss=2.05865836143
Iteration 92 of 100: loss=8.64825534821 object_loss=6.5899848938 distance_loss=2.05827069283
Iteration 93 of 100: loss=8.8919467926 object_loss=6.83339691162 distance_loss=2.05854940414
Iteration 94 of 100: loss=8.32767009735 object_loss=6.26905870438 distance_loss=2.05861139297
Iteration 95 of 100: loss=7.9119052887 object_loss=5.85327625275 distance_loss=2.05862903595
Iteration 96 of 100: loss=8.57771110535 object_loss=6.51937389374 distance_loss=2.05833673477
Iteration 97 of 100: loss=8.16000938416 object_loss=6.10125541687 distance_loss=2.0587542057
Iteration 98 of 100: loss=7.96393108368 object_loss=5.90501260757 distance_loss=2.0589184761
Iteration 99 of 100: loss=7.52092456818 object_loss=5.46167707443 distance_loss=2.05924773216
Iteration 0 of 100: loss=5.35674381256 object_loss=3.29714417458 distance_loss=2.0595998764
Iteration 1 of 100: loss=5.25650882721 object_loss=3.19674396515 distance_loss=2.05976486206
Iteration 2 of 100: loss=4.70635318756 object_loss=2.64645218849 distance_loss=2.05990076065
Iteration 3 of 100: loss=3.81635069847 object_loss=1.75650286674 distance_loss=2.05984783173
Iteration 4 of 100: loss=3.72479963303 object_loss=1.66507458687 distance_loss=2.05972504616
Iteration 5 of 100: loss=3.76879167557 object_loss=1.70891606808 distance_loss=2.0598757267
Iteration 6 of 100: loss=4.6317243576 object_loss=2.57160902023 distance_loss=2.06011533737
Iteration 7 of 100: loss=5.37331771851 object_loss=3.31302595139 distance_loss=2.0602915287
Iteration 8 of 100: loss=4.98458862305 object_loss=2.92432141304 distance_loss=2.06026744843
Iteration 9 of 100: loss=4.88782215118 object_loss=2.82734966278 distance_loss=2.0604724884
Iteration 10 of 100: loss=4.76689815521 object_loss=2.70598554611 distance_loss=2.06091284752
Iteration 11 of 100: loss=5.12024307251 object_loss=3.05909109116 distance_loss=2.06115221977
Iteration 12 of 100: loss=4.58937454224 object_loss=2.52830314636 distance_loss=2.06107139587
Iteration 13 of 100: loss=4.79827690125 object_loss=2.73687767982 distance_loss=2.06139945984
Iteration 14 of 100: loss=3.95291352272 object_loss=1.89129471779 distance_loss=2.06161880493
Iteration 15 of 100: loss=3.6980741024 object_loss=1.63626480103 distance_loss=2.06180930138
Iteration 16 of 100: loss=3.7965593338 object_loss=1.73486876488 distance_loss=2.06169056892
Iteration 17 of 100: loss=3.9476890564 object_loss=1.88601660728 distance_loss=2.06167244911
Iteration 18 of 100: loss=3.55665898323 object_loss=1.49484825134 distance_loss=2.06181073189
Iteration 19 of 100: loss=5.18683242798 object_loss=3.12484240532 distance_loss=2.06199002266
Iteration 20 of 100: loss=4.73064184189 object_loss=2.66901516914 distance_loss=2.06162667274
Iteration 21 of 100: loss=4.39861106873 object_loss=2.33704137802 distance_loss=2.0615696907
Iteration 22 of 100: loss=4.62317752838 object_loss=2.56152701378 distance_loss=2.0616505146
Iteration 23 of 100: loss=4.53600120544 object_loss=2.47439479828 distance_loss=2.06160640717
Iteration 24 of 100: loss=4.53422355652 object_loss=2.47258973122 distance_loss=2.0616338253
Iteration 25 of 100: loss=4.42188167572 object_loss=2.36015176773 distance_loss=2.06172966957
Iteration 26 of 100: loss=4.96785640717 object_loss=2.90621852875 distance_loss=2.06163811684
Iteration 27 of 100: loss=5.1364607811 object_loss=3.07485461235 distance_loss=2.06160616875
Iteration 28 of 100: loss=6.07788085938 object_loss=4.01654148102 distance_loss=2.06133937836
Iteration 29 of 100: loss=6.49453163147 object_loss=4.43326759338 distance_loss=2.06126379967
Iteration 30 of 100: loss=4.84222793579 object_loss=2.78060913086 distance_loss=2.06161904335
Iteration 31 of 100: loss=4.61563873291 object_loss=2.5537879467 distance_loss=2.06185102463
Iteration 32 of 100: loss=4.42717885971 object_loss=2.36569094658 distance_loss=2.06148791313
Iteration 33 of 100: loss=4.90132427216 object_loss=2.8393740654 distance_loss=2.06195044518
Iteration 34 of 100: loss=5.03302669525 object_loss=2.97096562386 distance_loss=2.06206083298
Iteration 35 of 100: loss=4.94749546051 object_loss=2.88549995422 distance_loss=2.06199550629
Iteration 36 of 100: loss=4.34420204163 object_loss=2.28223633766 distance_loss=2.06196570396
Iteration 37 of 100: loss=4.04651403427 object_loss=1.9847843647 distance_loss=2.06172966957
Iteration 38 of 100: loss=3.94277048111 object_loss=1.88082098961 distance_loss=2.0619494915
Iteration 39 of 100: loss=3.80287718773 object_loss=1.74048256874 distance_loss=2.06239461899
Iteration 40 of 100: loss=4.07985448837 object_loss=2.01706361771 distance_loss=2.06279087067
Iteration 41 of 100: loss=4.21248149872 object_loss=2.14951896667 distance_loss=2.06296277046
Iteration 42 of 100: loss=4.50619411469 object_loss=2.44283986092 distance_loss=2.06335425377
Iteration 43 of 100: loss=4.41608333588 object_loss=2.35222673416 distance_loss=2.06385660172
Iteration 44 of 100: loss=5.05231618881 object_loss=2.98814153671 distance_loss=2.0641746521
Iteration 45 of 100: loss=5.66145801544 object_loss=3.5969581604 distance_loss=2.06450009346
Iteration 46 of 100: loss=5.18845462799 object_loss=3.12383389473 distance_loss=2.06462049484
Iteration 47 of 100: loss=4.91454648972 object_loss=2.84982442856 distance_loss=2.06472206116
Iteration 48 of 100: loss=4.4849023819 object_loss=2.42013120651 distance_loss=2.0647714138
Iteration 49 of 100: loss=4.65115356445 object_loss=2.58605122566 distance_loss=2.06510257721
Iteration 50 of 100: loss=4.792740345 object_loss=2.72729086876 distance_loss=2.06544947624
Iteration 51 of 100: loss=4.87606477737 object_loss=2.81025409698 distance_loss=2.06581068039
Iteration 52 of 100: loss=4.80730628967 object_loss=2.74174833298 distance_loss=2.06555771828
Iteration 53 of 100: loss=4.57400083542 object_loss=2.50831842422 distance_loss=2.06568241119
Iteration 54 of 100: loss=4.6642537117 object_loss=2.59853601456 distance_loss=2.06571769714
Iteration 55 of 100: loss=4.49115848541 object_loss=2.42566227913 distance_loss=2.06549596786
Iteration 56 of 100: loss=3.88086843491 object_loss=1.8158005476 distance_loss=2.06506800652
Iteration 57 of 100: loss=4.41764497757 object_loss=2.35275745392 distance_loss=2.06488752365
Iteration 58 of 100: loss=4.85307502747 object_loss=2.78818273544 distance_loss=2.06489229202
Iteration 59 of 100: loss=5.08575820923 object_loss=3.02067089081 distance_loss=2.06508708
Iteration 60 of 100: loss=5.35620880127 object_loss=3.29093623161 distance_loss=2.06527280807
Iteration 61 of 100: loss=4.92645120621 object_loss=2.8608725071 distance_loss=2.06557869911
Iteration 62 of 100: loss=4.9988656044 object_loss=2.93300390244 distance_loss=2.06586170197
Iteration 63 of 100: loss=5.3275718689 object_loss=3.26124691963 distance_loss=2.06632471085
Iteration 64 of 100: loss=5.15563297272 object_loss=3.08895850182 distance_loss=2.06667423248
Iteration 65 of 100: loss=5.33738040924 object_loss=3.27042913437 distance_loss=2.06695127487
Iteration 66 of 100: loss=4.67981433868 object_loss=2.61257052422 distance_loss=2.06724381447
Iteration 67 of 100: loss=4.96671009064 object_loss=2.89908242226 distance_loss=2.06762742996
Iteration 68 of 100: loss=5.32696247101 object_loss=3.25928640366 distance_loss=2.06767582893
Iteration 69 of 100: loss=4.94410181046 object_loss=2.87606739998 distance_loss=2.06803441048
Iteration 70 of 100: loss=5.12799215317 object_loss=3.059425354 distance_loss=2.06856679916
Iteration 71 of 100: loss=5.48106479645 object_loss=3.4123506546 distance_loss=2.06871414185
Iteration 72 of 100: loss=5.31725883484 object_loss=3.24856853485 distance_loss=2.06869029999
Iteration 73 of 100: loss=5.17388629913 object_loss=3.10479617119 distance_loss=2.06908988953
Iteration 74 of 100: loss=5.28477668762 object_loss=3.21554756165 distance_loss=2.06922888756
Iteration 75 of 100: loss=5.09151268005 object_loss=3.02209663391 distance_loss=2.06941628456
Iteration 76 of 100: loss=5.11155033112 object_loss=3.0420935154 distance_loss=2.0694565773
Iteration 77 of 100: loss=5.04845285416 object_loss=2.97890996933 distance_loss=2.06954288483
Iteration 78 of 100: loss=4.86861419678 object_loss=2.79886579514 distance_loss=2.06974864006
Iteration 79 of 100: loss=4.83659362793 object_loss=2.76673102379 distance_loss=2.06986284256
Iteration 80 of 100: loss=4.51705408096 object_loss=2.44759130478 distance_loss=2.06946277618
Iteration 81 of 100: loss=5.90412425995 object_loss=3.83452987671 distance_loss=2.06959414482
Iteration 82 of 100: loss=4.63970899582 object_loss=2.56993246078 distance_loss=2.06977653503
Iteration 83 of 100: loss=6.1942281723 object_loss=4.12435770035 distance_loss=2.06987047195
Iteration 84 of 100: loss=5.36307144165 object_loss=3.29311871529 distance_loss=2.06995296478
Iteration 85 of 100: loss=5.92171573639 object_loss=3.85162830353 distance_loss=2.07008719444
Iteration 86 of 100: loss=5.8636674881 object_loss=3.79353618622 distance_loss=2.0701315403
Iteration 87 of 100: loss=5.76175689697 object_loss=3.69152140617 distance_loss=2.07023525238
Iteration 88 of 100: loss=5.23311328888 object_loss=3.16297101974 distance_loss=2.07014203072
Iteration 89 of 100: loss=5.42719650269 object_loss=3.35693335533 distance_loss=2.07026314735
Iteration 90 of 100: loss=6.97498226166 object_loss=4.9044919014 distance_loss=2.07049036026
Iteration 91 of 100: loss=6.66090774536 object_loss=4.59046649933 distance_loss=2.07044148445
Iteration 92 of 100: loss=6.32147979736 object_loss=4.25154733658 distance_loss=2.0699326992
Iteration 93 of 100: loss=6.41487312317 object_loss=4.34485006332 distance_loss=2.07002282143
Iteration 94 of 100: loss=7.27888679504 object_loss=5.20875501633 distance_loss=2.07013177872
Iteration 95 of 100: loss=7.81296634674 object_loss=5.74292373657 distance_loss=2.07004284859
Iteration 96 of 100: loss=7.91243314743 object_loss=5.84267807007 distance_loss=2.06975507736
Iteration 97 of 100: loss=7.39027690887 object_loss=5.32080459595 distance_loss=2.06947255135
Iteration 98 of 100: loss=7.00325393677 object_loss=4.93403291702 distance_loss=2.06922101974
Iteration 99 of 100: loss=7.67723846436 object_loss=5.60820198059 distance_loss=2.06903624535
Iteration 0 of 100: loss=10.7677879333 object_loss=8.69886016846 distance_loss=2.06892800331
Iteration 1 of 100: loss=8.00348091125 object_loss=5.93477201462 distance_loss=2.06870913506
Iteration 2 of 100: loss=7.91387653351 object_loss=5.84512853622 distance_loss=2.0687482357
Iteration 3 of 100: loss=8.46151065826 object_loss=6.39249324799 distance_loss=2.06901741028
Iteration 4 of 100: loss=10.069606781 object_loss=8.00066661835 distance_loss=2.06893992424
Iteration 5 of 100: loss=8.06544113159 object_loss=5.99631023407 distance_loss=2.06913042068
Iteration 6 of 100: loss=8.98972320557 object_loss=6.92081832886 distance_loss=2.06890439987
Iteration 7 of 100: loss=6.66714572906 object_loss=4.59839725494 distance_loss=2.0687482357
Iteration 8 of 100: loss=7.50129652023 object_loss=5.4325094223 distance_loss=2.06878709793
Iteration 9 of 100: loss=7.50700521469 object_loss=5.43838453293 distance_loss=2.06862068176
Iteration 10 of 100: loss=9.06168937683 object_loss=6.99365758896 distance_loss=2.06803178787
Iteration 11 of 100: loss=9.45326137543 object_loss=7.38551855087 distance_loss=2.06774258614
Iteration 12 of 100: loss=8.76575088501 object_loss=6.69850063324 distance_loss=2.06725025177
Iteration 13 of 100: loss=8.36935043335 object_loss=6.30228424072 distance_loss=2.06706595421
Iteration 14 of 100: loss=8.81316375732 object_loss=6.74617004395 distance_loss=2.0669939518
Iteration 15 of 100: loss=7.74193763733 object_loss=5.67531824112 distance_loss=2.06661939621
Iteration 16 of 100: loss=8.57850074768 object_loss=6.51248645782 distance_loss=2.06601428986
Iteration 17 of 100: loss=9.52880573273 object_loss=7.46290969849 distance_loss=2.06589603424
Iteration 18 of 100: loss=7.91163730621 object_loss=5.84599113464 distance_loss=2.06564593315
Iteration 19 of 100: loss=6.89858007431 object_loss=4.83294630051 distance_loss=2.0656337738
Iteration 20 of 100: loss=7.06963920593 object_loss=5.00408172607 distance_loss=2.06555724144
Iteration 21 of 100: loss=5.166908741 object_loss=3.10164427757 distance_loss=2.06526446342
Iteration 22 of 100: loss=7.13751888275 object_loss=5.07242536545 distance_loss=2.0650935173
Iteration 23 of 100: loss=7.53058576584 object_loss=5.46545648575 distance_loss=2.06512928009
Iteration 24 of 100: loss=6.56557941437 object_loss=4.50063943863 distance_loss=2.06493973732
Iteration 25 of 100: loss=6.38766527176 object_loss=4.32292556763 distance_loss=2.06473970413
Iteration 26 of 100: loss=6.23628807068 object_loss=4.17139482498 distance_loss=2.06489300728
Iteration 27 of 100: loss=6.52704429626 object_loss=4.4624838829 distance_loss=2.06456017494
Iteration 28 of 100: loss=8.06098556519 object_loss=5.99706029892 distance_loss=2.06392502785
Iteration 29 of 100: loss=6.68103408813 object_loss=4.61729574203 distance_loss=2.06373858452
Iteration 30 of 100: loss=5.59825658798 object_loss=3.53456807137 distance_loss=2.06368851662
Iteration 31 of 100: loss=4.47369480133 object_loss=2.41015481949 distance_loss=2.06354022026
Iteration 32 of 100: loss=4.14908266068 object_loss=2.08619880676 distance_loss=2.06288385391
Iteration 33 of 100: loss=4.08685207367 object_loss=2.02427053452 distance_loss=2.06258153915
Iteration 34 of 100: loss=4.32611751556 object_loss=2.26385855675 distance_loss=2.0622587204
Iteration 35 of 100: loss=4.43564605713 object_loss=2.37391209602 distance_loss=2.06173372269
Iteration 36 of 100: loss=4.52025270462 object_loss=2.45905637741 distance_loss=2.06119632721
Iteration 37 of 100: loss=3.80396199226 object_loss=1.743090868 distance_loss=2.06087112427
Iteration 38 of 100: loss=3.73560667038 object_loss=1.67499423027 distance_loss=2.06061244011
Iteration 39 of 100: loss=4.38993358612 object_loss=2.32938480377 distance_loss=2.06054902077
Iteration 40 of 100: loss=4.11589050293 object_loss=2.05588150024 distance_loss=2.0600092411
Iteration 41 of 100: loss=4.01211452484 object_loss=1.95239210129 distance_loss=2.05972242355
Iteration 42 of 100: loss=3.93543839455 object_loss=1.87602734566 distance_loss=2.05941104889
Iteration 43 of 100: loss=4.03603076935 object_loss=1.97672486305 distance_loss=2.0593059063
Iteration 44 of 100: loss=3.93224835396 object_loss=1.87287974358 distance_loss=2.05936861038
Iteration 45 of 100: loss=4.32727241516 object_loss=2.26799869537 distance_loss=2.05927395821
Iteration 46 of 100: loss=4.30025100708 object_loss=2.240929842 distance_loss=2.05932116508
Iteration 47 of 100: loss=4.1874961853 object_loss=2.12813067436 distance_loss=2.05936574936
Iteration 48 of 100: loss=4.37134552002 object_loss=2.31188797951 distance_loss=2.05945754051
Iteration 49 of 100: loss=4.57475948334 object_loss=2.51529788971 distance_loss=2.05946135521
Iteration 50 of 100: loss=4.49851322174 object_loss=2.43883347511 distance_loss=2.05967998505
Iteration 51 of 100: loss=4.39057636261 object_loss=2.33055639267 distance_loss=2.06002020836
Iteration 52 of 100: loss=4.27322530746 object_loss=2.21343636513 distance_loss=2.05978894234
Iteration 53 of 100: loss=4.3336019516 object_loss=2.27361631393 distance_loss=2.05998539925
Iteration 54 of 100: loss=4.36275005341 object_loss=2.30264854431 distance_loss=2.06010150909
Iteration 55 of 100: loss=4.437520504 object_loss=2.37759613991 distance_loss=2.05992436409
Iteration 56 of 100: loss=4.21120643616 object_loss=2.15153121948 distance_loss=2.05967521667
Iteration 57 of 100: loss=4.53003406525 object_loss=2.47034358978 distance_loss=2.05969047546
Iteration 58 of 100: loss=4.73216342926 object_loss=2.67244315147 distance_loss=2.05972003937
Iteration 59 of 100: loss=4.94356393814 object_loss=2.88366389275 distance_loss=2.05990004539
Iteration 60 of 100: loss=4.22591114044 object_loss=2.16620850563 distance_loss=2.05970263481
Iteration 61 of 100: loss=5.04923725128 object_loss=2.98970198631 distance_loss=2.05953550339
Iteration 62 of 100: loss=4.62366199493 object_loss=2.56415081024 distance_loss=2.05951094627
Iteration 63 of 100: loss=4.13388538361 object_loss=2.0742790699 distance_loss=2.05960631371
Iteration 64 of 100: loss=4.07332420349 object_loss=2.01409006119 distance_loss=2.05923390388
Iteration 65 of 100: loss=4.24666547775 object_loss=2.18743109703 distance_loss=2.05923438072
Iteration 66 of 100: loss=3.9542195797 object_loss=1.89509081841 distance_loss=2.05912876129
Iteration 67 of 100: loss=3.76127815247 object_loss=1.70247220993 distance_loss=2.05880594254
Iteration 68 of 100: loss=4.09505796432 object_loss=2.03633642197 distance_loss=2.05872154236
Iteration 69 of 100: loss=4.02442741394 object_loss=1.96572518349 distance_loss=2.05870223045
Iteration 70 of 100: loss=3.94433879852 object_loss=1.88580620289 distance_loss=2.05853247643
Iteration 71 of 100: loss=4.19431781769 object_loss=2.13574624062 distance_loss=2.05857181549
Iteration 72 of 100: loss=4.06737804413 object_loss=2.00919771194 distance_loss=2.05818009377
Iteration 73 of 100: loss=3.93895220757 object_loss=1.88081336021 distance_loss=2.05813884735
Iteration 74 of 100: loss=4.03242254257 object_loss=1.97442948818 distance_loss=2.0579931736
Iteration 75 of 100: loss=4.08592796326 object_loss=2.02811598778 distance_loss=2.05781197548
Iteration 76 of 100: loss=4.19907474518 object_loss=2.14164829254 distance_loss=2.05742669106
Iteration 77 of 100: loss=4.41621398926 object_loss=2.3588347435 distance_loss=2.05737924576
Iteration 78 of 100: loss=4.37698554993 object_loss=2.3197157383 distance_loss=2.05727005005
Iteration 79 of 100: loss=4.2355017662 object_loss=2.17850422859 distance_loss=2.05699753761
Iteration 80 of 100: loss=4.55998516083 object_loss=2.50300502777 distance_loss=2.05698013306
Iteration 81 of 100: loss=4.19751739502 object_loss=2.14079666138 distance_loss=2.05672049522
Iteration 82 of 100: loss=4.20973396301 object_loss=2.15330195427 distance_loss=2.05643224716
Iteration 83 of 100: loss=3.82462501526 object_loss=1.76834738255 distance_loss=2.0562775135
Iteration 84 of 100: loss=4.13263130188 object_loss=2.07649874687 distance_loss=2.05613231659
Iteration 85 of 100: loss=4.1366353035 object_loss=2.08066630363 distance_loss=2.05596899986
Iteration 86 of 100: loss=4.34141635895 object_loss=2.28538894653 distance_loss=2.056027174
Iteration 87 of 100: loss=4.28481578827 object_loss=2.22872376442 distance_loss=2.05609178543
Iteration 88 of 100: loss=4.08990907669 object_loss=2.03415822983 distance_loss=2.05575084686
Iteration 89 of 100: loss=4.08152532578 object_loss=2.02577137947 distance_loss=2.0557539463
Iteration 90 of 100: loss=4.16671895981 object_loss=2.1108751297 distance_loss=2.05584383011
Iteration 91 of 100: loss=3.4249792099 object_loss=1.36925411224 distance_loss=2.05572509766
Iteration 92 of 100: loss=3.90499949455 object_loss=1.84934830666 distance_loss=2.0556511879
Iteration 93 of 100: loss=3.9931204319 object_loss=1.93710827827 distance_loss=2.05601215363
Iteration 94 of 100: loss=3.93109273911 object_loss=1.87528192997 distance_loss=2.05581092834
Iteration 95 of 100: loss=3.41932678223 object_loss=1.36336481571 distance_loss=2.05596208572
Iteration 96 of 100: loss=3.84534502029 object_loss=1.78962647915 distance_loss=2.05571842194
Iteration 97 of 100: loss=4.21400165558 object_loss=2.15834331512 distance_loss=2.05565834045
Iteration 98 of 100: loss=3.86355829239 object_loss=1.80759954453 distance_loss=2.05595874786
Iteration 99 of 100: loss=4.01202201843 object_loss=1.95596003532 distance_loss=2.05606174469
Iteration 0 of 100: loss=3.59362506866 object_loss=1.53774309158 distance_loss=2.05588197708
Iteration 1 of 100: loss=3.56654715538 object_loss=1.51068663597 distance_loss=2.05586051941
Iteration 2 of 100: loss=3.5251698494 object_loss=1.46931958199 distance_loss=2.05585026741
Iteration 3 of 100: loss=3.51438140869 object_loss=1.45852172375 distance_loss=2.05585956573
Iteration 4 of 100: loss=3.64186024666 object_loss=1.58606982231 distance_loss=2.05579042435
Iteration 5 of 100: loss=3.74283790588 object_loss=1.68727743626 distance_loss=2.05556058884
Iteration 6 of 100: loss=3.46192264557 object_loss=1.40635418892 distance_loss=2.05556845665
Iteration 7 of 100: loss=3.73798847198 object_loss=1.68245387077 distance_loss=2.05553460121
Iteration 8 of 100: loss=3.64009714127 object_loss=1.58474123478 distance_loss=2.05535578728
Iteration 9 of 100: loss=3.69488477707 object_loss=1.63944852352 distance_loss=2.05543637276
Iteration 10 of 100: loss=3.86606049538 object_loss=1.81019210815 distance_loss=2.05586838722
Iteration 11 of 100: loss=4.35012531281 object_loss=2.29397726059 distance_loss=2.0561478138
Iteration 12 of 100: loss=4.61203050613 object_loss=2.55616497993 distance_loss=2.0558655262
Iteration 13 of 100: loss=4.18069553375 object_loss=2.12452435493 distance_loss=2.0561709404
Iteration 14 of 100: loss=4.17058086395 object_loss=2.11425161362 distance_loss=2.05632901192
Iteration 15 of 100: loss=3.60628795624 object_loss=1.54980564117 distance_loss=2.05648231506
Iteration 16 of 100: loss=3.53873109818 object_loss=1.48267400265 distance_loss=2.05605721474
Iteration 17 of 100: loss=3.51325559616 object_loss=1.45736420155 distance_loss=2.05589151382
Iteration 18 of 100: loss=3.56203913689 object_loss=1.50647091866 distance_loss=2.05556821823
Iteration 19 of 100: loss=3.67195415497 object_loss=1.61653280258 distance_loss=2.05542135239
Iteration 20 of 100: loss=3.44437980652 object_loss=1.38935244083 distance_loss=2.05502724648
Iteration 21 of 100: loss=4.27988052368 object_loss=2.22532200813 distance_loss=2.05455827713
Iteration 22 of 100: loss=4.71150350571 object_loss=2.65728330612 distance_loss=2.05422019958
Iteration 23 of 100: loss=3.42541861534 object_loss=1.3715069294 distance_loss=2.05391168594
Iteration 24 of 100: loss=3.43655014038 object_loss=1.38290607929 distance_loss=2.0536441803
Iteration 25 of 100: loss=3.54089450836 object_loss=1.48741054535 distance_loss=2.05348396301
Iteration 26 of 100: loss=3.64109992981 object_loss=1.5877225399 distance_loss=2.05337738991
Iteration 27 of 100: loss=3.86569261551 object_loss=1.81256759167 distance_loss=2.05312514305
Iteration 28 of 100: loss=4.50961732864 object_loss=2.45696997643 distance_loss=2.05264735222
Iteration 29 of 100: loss=3.98627519608 object_loss=1.93370115757 distance_loss=2.05257415771
Iteration 30 of 100: loss=3.79787421227 object_loss=1.74560284615 distance_loss=2.05227136612
Iteration 31 of 100: loss=3.56338119507 object_loss=1.51104414463 distance_loss=2.05233716965
Iteration 32 of 100: loss=3.57105827332 object_loss=1.51874577999 distance_loss=2.05231237411
Iteration 33 of 100: loss=3.82048082352 object_loss=1.7679541111 distance_loss=2.05252671242
Iteration 34 of 100: loss=3.87050199509 object_loss=1.81781077385 distance_loss=2.05269122124
Iteration 35 of 100: loss=4.08103561401 object_loss=2.02838301659 distance_loss=2.05265235901
Iteration 36 of 100: loss=4.88555431366 object_loss=2.83299875259 distance_loss=2.05255532265
Iteration 37 of 100: loss=3.76650524139 object_loss=1.71384036541 distance_loss=2.05266475677
Iteration 38 of 100: loss=4.24713420868 object_loss=2.1941473484 distance_loss=2.05298686028
Iteration 39 of 100: loss=4.4345703125 object_loss=2.38132619858 distance_loss=2.0532438755
Iteration 40 of 100: loss=4.43392944336 object_loss=2.38042283058 distance_loss=2.05350637436
Iteration 41 of 100: loss=4.33315944672 object_loss=2.27952241898 distance_loss=2.05363678932
Iteration 42 of 100: loss=4.14250564575 object_loss=2.08877420425 distance_loss=2.05373120308
Iteration 43 of 100: loss=4.15726661682 object_loss=2.10318827629 distance_loss=2.05407857895
Iteration 44 of 100: loss=4.12013673782 object_loss=2.06594061852 distance_loss=2.05419611931
Iteration 45 of 100: loss=4.20392608643 object_loss=2.14963722229 distance_loss=2.05428862572
Iteration 46 of 100: loss=4.16656827927 object_loss=2.1121635437 distance_loss=2.05440473557
Iteration 47 of 100: loss=3.96355676651 object_loss=1.90902674198 distance_loss=2.05453014374
Iteration 48 of 100: loss=3.88594341278 object_loss=1.83154022694 distance_loss=2.05440306664
Iteration 49 of 100: loss=3.91428613663 object_loss=1.8594340086 distance_loss=2.05485224724
Iteration 50 of 100: loss=3.82290267944 object_loss=1.76798677444 distance_loss=2.054915905
Iteration 51 of 100: loss=3.7306227684 object_loss=1.67566144466 distance_loss=2.05496120453
Iteration 52 of 100: loss=3.48728489876 object_loss=1.43226385117 distance_loss=2.05502104759
Iteration 53 of 100: loss=3.89138054848 object_loss=1.83607029915 distance_loss=2.05531024933
Iteration 54 of 100: loss=3.90525341034 object_loss=1.84972190857 distance_loss=2.05553150177
Iteration 55 of 100: loss=3.90153598785 object_loss=1.84579885006 distance_loss=2.05573701859
Iteration 56 of 100: loss=4.08382225037 object_loss=2.02825093269 distance_loss=2.05557131767
Iteration 57 of 100: loss=3.93759584427 object_loss=1.88202059269 distance_loss=2.05557513237
Iteration 58 of 100: loss=3.60706996918 object_loss=1.55124723911 distance_loss=2.05582284927
Iteration 59 of 100: loss=3.76013422012 object_loss=1.70412361622 distance_loss=2.05601072311
Iteration 60 of 100: loss=3.86536216736 object_loss=1.80941462517 distance_loss=2.05594754219
Iteration 61 of 100: loss=3.81625175476 object_loss=1.76023852825 distance_loss=2.0560131073
Iteration 62 of 100: loss=3.74563646317 object_loss=1.68955588341 distance_loss=2.05608057976
Iteration 63 of 100: loss=3.80677223206 object_loss=1.75058972836 distance_loss=2.05618238449
Iteration 64 of 100: loss=3.87096714973 object_loss=1.81460022926 distance_loss=2.05636692047
Iteration 65 of 100: loss=4.03919315338 object_loss=1.9828414917 distance_loss=2.05635166168
Iteration 66 of 100: loss=4.11790513992 object_loss=2.06138968468 distance_loss=2.05651545525
Iteration 67 of 100: loss=4.13090324402 object_loss=2.07411766052 distance_loss=2.05678534508
Iteration 68 of 100: loss=4.12555599213 object_loss=2.06883025169 distance_loss=2.05672574043
Iteration 69 of 100: loss=4.06174659729 object_loss=2.00495648384 distance_loss=2.05679035187
Iteration 70 of 100: loss=3.94741821289 object_loss=1.89036095142 distance_loss=2.05705738068
Iteration 71 of 100: loss=3.88522958755 object_loss=1.82800245285 distance_loss=2.0572271347
Iteration 72 of 100: loss=3.86128616333 object_loss=1.80457532406 distance_loss=2.05671095848
Iteration 73 of 100: loss=4.13199567795 object_loss=2.07499408722 distance_loss=2.05700159073
Iteration 74 of 100: loss=3.9267539978 object_loss=1.86959993839 distance_loss=2.05715417862
Iteration 75 of 100: loss=4.0326294899 object_loss=1.97555565834 distance_loss=2.05707383156
Iteration 76 of 100: loss=4.0551366806 object_loss=1.99831199646 distance_loss=2.05682468414
Iteration 77 of 100: loss=4.14988231659 object_loss=2.09318113327 distance_loss=2.0567009449
Iteration 78 of 100: loss=4.10861492157 object_loss=2.05199885368 distance_loss=2.05661606789
Iteration 79 of 100: loss=4.04175853729 object_loss=1.98516047001 distance_loss=2.05659794807
Iteration 80 of 100: loss=4.09070682526 object_loss=2.03422546387 distance_loss=2.05648136139
Iteration 81 of 100: loss=4.09296512604 object_loss=2.03664398193 distance_loss=2.05632090569
Iteration 82 of 100: loss=4.03197002411 object_loss=1.97549915314 distance_loss=2.05647110939
Iteration 83 of 100: loss=4.16878223419 object_loss=2.11209845543 distance_loss=2.05668401718
Iteration 84 of 100: loss=4.16393280029 object_loss=2.10749793053 distance_loss=2.05643486977
Iteration 85 of 100: loss=4.172082901 object_loss=2.11570930481 distance_loss=2.05637383461
Iteration 86 of 100: loss=3.82687664032 object_loss=1.77066528797 distance_loss=2.05621147156
Iteration 87 of 100: loss=3.92446422577 object_loss=1.8682359457 distance_loss=2.05622839928
Iteration 88 of 100: loss=4.39185380936 object_loss=2.33546757698 distance_loss=2.05638623238
Iteration 89 of 100: loss=4.23525905609 object_loss=2.17879915237 distance_loss=2.05646014214
Iteration 90 of 100: loss=4.1563873291 object_loss=2.09989881516 distance_loss=2.05648827553
Iteration 91 of 100: loss=4.40205001831 object_loss=2.34559202194 distance_loss=2.05645799637
Iteration 92 of 100: loss=4.48930168152 object_loss=2.43308734894 distance_loss=2.05621409416
Iteration 93 of 100: loss=4.25942611694 object_loss=2.20304703712 distance_loss=2.05637907982
Iteration 94 of 100: loss=3.99832391739 object_loss=1.94170176983 distance_loss=2.05662202835
Iteration 95 of 100: loss=3.96409726143 object_loss=1.90737652779 distance_loss=2.05672073364
Iteration 96 of 100: loss=3.94455575943 object_loss=1.88800489902 distance_loss=2.0565507412
Iteration 97 of 100: loss=3.89949083328 object_loss=1.84285318851 distance_loss=2.05663752556
Iteration 98 of 100: loss=3.92896962166 object_loss=1.87231850624 distance_loss=2.05665111542
Iteration 99 of 100: loss=4.0185213089 object_loss=1.96177196503 distance_loss=2.05674910545
Iteration 0 of 100: loss=4.22331666946 object_loss=2.16651916504 distance_loss=2.05679750443
Iteration 1 of 100: loss=4.27814483643 object_loss=2.22123193741 distance_loss=2.0569126606
Iteration 2 of 100: loss=4.44581127167 object_loss=2.38902950287 distance_loss=2.05678200722
Iteration 3 of 100: loss=4.71287822723 object_loss=2.65597653389 distance_loss=2.05690193176
Iteration 4 of 100: loss=4.71282196045 object_loss=2.65594673157 distance_loss=2.05687499046
Iteration 5 of 100: loss=4.70948791504 object_loss=2.65244293213 distance_loss=2.05704498291
Iteration 6 of 100: loss=4.50163650513 object_loss=2.44464421272 distance_loss=2.05699205399
Iteration 7 of 100: loss=4.44935035706 object_loss=2.39260196686 distance_loss=2.0567483902
Iteration 8 of 100: loss=4.66884994507 object_loss=2.61259794235 distance_loss=2.0562517643
Iteration 9 of 100: loss=4.815990448 object_loss=2.75992178917 distance_loss=2.05606889725
Iteration 10 of 100: loss=4.64790201187 object_loss=2.5918867588 distance_loss=2.05601525307
Iteration 11 of 100: loss=4.61778879166 object_loss=2.56192064285 distance_loss=2.0558681488
Iteration 12 of 100: loss=4.68326044083 object_loss=2.62771034241 distance_loss=2.05555009842
Iteration 13 of 100: loss=4.45408821106 object_loss=2.39835095406 distance_loss=2.05573749542
Iteration 14 of 100: loss=4.69920110703 object_loss=2.64356327057 distance_loss=2.05563783646
Iteration 15 of 100: loss=4.65494632721 object_loss=2.59935665131 distance_loss=2.05558943748
Iteration 16 of 100: loss=4.77738857269 object_loss=2.72192335129 distance_loss=2.05546498299
Iteration 17 of 100: loss=5.30141925812 object_loss=3.24628090858 distance_loss=2.05513858795
Iteration 18 of 100: loss=5.46620798111 object_loss=3.41106963158 distance_loss=2.05513834953
Iteration 19 of 100: loss=6.00133419037 object_loss=3.94611144066 distance_loss=2.05522274971
Iteration 20 of 100: loss=6.15191888809 object_loss=4.09691858292 distance_loss=2.05500030518
Iteration 21 of 100: loss=6.32028913498 object_loss=4.26532077789 distance_loss=2.05496835709
Iteration 22 of 100: loss=8.24061393738 object_loss=6.18551969528 distance_loss=2.05509376526
Iteration 23 of 100: loss=5.53765392303 object_loss=3.48248147964 distance_loss=2.05517268181
Iteration 24 of 100: loss=5.55248260498 object_loss=3.49747037888 distance_loss=2.0550122261
Iteration 25 of 100: loss=6.11476135254 object_loss=4.0600194931 distance_loss=2.05474185944
Iteration 26 of 100: loss=8.24500846863 object_loss=6.19052696228 distance_loss=2.05448126793
Iteration 27 of 100: loss=7.5608291626 object_loss=5.50635004044 distance_loss=2.05447936058
Iteration 28 of 100: loss=8.26728820801 object_loss=6.21288442612 distance_loss=2.05440330505
Iteration 29 of 100: loss=9.39480304718 object_loss=7.34033584595 distance_loss=2.05446720123
Iteration 30 of 100: loss=8.03391361237 object_loss=5.97945213318 distance_loss=2.05446147919
Iteration 31 of 100: loss=7.19138145447 object_loss=5.13669538498 distance_loss=2.05468630791
Iteration 32 of 100: loss=9.2704706192 object_loss=7.21618366241 distance_loss=2.05428695679
Iteration 33 of 100: loss=8.76622581482 object_loss=6.71162414551 distance_loss=2.05460190773
Iteration 34 of 100: loss=8.4637594223 object_loss=6.40876531601 distance_loss=2.05499386787
Iteration 35 of 100: loss=9.08562660217 object_loss=7.03041601181 distance_loss=2.05521035194
Iteration 36 of 100: loss=8.15724086761 object_loss=6.10202312469 distance_loss=2.0552175045
Iteration 37 of 100: loss=8.45751190186 object_loss=6.40220451355 distance_loss=2.05530714989
Iteration 38 of 100: loss=6.51082181931 object_loss=4.4554848671 distance_loss=2.05533695221
Iteration 39 of 100: loss=7.03400182724 object_loss=4.97846794128 distance_loss=2.05553388596
Iteration 40 of 100: loss=7.17377471924 object_loss=5.11830997467 distance_loss=2.05546450615
Iteration 41 of 100: loss=7.04877758026 object_loss=4.99345827103 distance_loss=2.05531930923
Iteration 42 of 100: loss=7.89688205719 object_loss=5.8414273262 distance_loss=2.05545473099
Iteration 43 of 100: loss=7.41201305389 object_loss=5.35669946671 distance_loss=2.05531382561
Iteration 44 of 100: loss=9.14643096924 object_loss=7.0914106369 distance_loss=2.0550198555
Iteration 45 of 100: loss=7.03815126419 object_loss=4.98323726654 distance_loss=2.05491399765
Iteration 46 of 100: loss=7.07783412933 object_loss=5.02307128906 distance_loss=2.05476284027
Iteration 47 of 100: loss=6.94517326355 object_loss=4.89068126678 distance_loss=2.05449199677
Iteration 48 of 100: loss=6.52913808823 object_loss=4.47481012344 distance_loss=2.05432796478
Iteration 49 of 100: loss=6.71940803528 object_loss=4.66503763199 distance_loss=2.05437040329
Iteration 50 of 100: loss=5.9120016098 object_loss=3.85735011101 distance_loss=2.05465173721
Iteration 51 of 100: loss=6.80964946747 object_loss=4.7549571991 distance_loss=2.05469250679
Iteration 52 of 100: loss=6.59060955048 object_loss=4.53632831573 distance_loss=2.05428147316
Iteration 53 of 100: loss=8.34287929535 object_loss=6.2885427475 distance_loss=2.05433654785
Iteration 54 of 100: loss=8.27222633362 object_loss=6.21789503098 distance_loss=2.05433082581
Iteration 55 of 100: loss=8.74132442474 object_loss=6.6872844696 distance_loss=2.05404019356
Iteration 56 of 100: loss=7.01648426056 object_loss=4.96303272247 distance_loss=2.05345153809
Iteration 57 of 100: loss=7.54602050781 object_loss=5.49259090424 distance_loss=2.053429842
Iteration 58 of 100: loss=7.78058338165 object_loss=5.72752809525 distance_loss=2.05305504799
Iteration 59 of 100: loss=7.28167247772 object_loss=5.22890996933 distance_loss=2.05276274681
Iteration 60 of 100: loss=8.49296092987 object_loss=6.44033908844 distance_loss=2.05262207985
Iteration 61 of 100: loss=8.62013339996 object_loss=6.56746196747 distance_loss=2.05267119408
Iteration 62 of 100: loss=6.58911466599 object_loss=4.53623962402 distance_loss=2.05287504196
Iteration 63 of 100: loss=7.98049354553 object_loss=5.92732048035 distance_loss=2.05317282677
Iteration 64 of 100: loss=8.3120174408 object_loss=6.25857162476 distance_loss=2.05344605446
Iteration 65 of 100: loss=8.18075370789 object_loss=6.12705516815 distance_loss=2.05369830132
Iteration 66 of 100: loss=6.89756584167 object_loss=4.84352064133 distance_loss=2.05404520035
Iteration 67 of 100: loss=7.38826942444 object_loss=5.33398008347 distance_loss=2.05428934097
Iteration 68 of 100: loss=7.56108570099 object_loss=5.50681972504 distance_loss=2.05426597595
Iteration 69 of 100: loss=5.62597322464 object_loss=3.57153916359 distance_loss=2.05443406105
Iteration 70 of 100: loss=8.04651641846 object_loss=5.9920539856 distance_loss=2.05446219444
Iteration 71 of 100: loss=7.3713092804 object_loss=5.31691217422 distance_loss=2.05439734459
Iteration 72 of 100: loss=7.45147132874 object_loss=5.39742422104 distance_loss=2.05404734612
Iteration 73 of 100: loss=12.0223560333 object_loss=9.96837806702 distance_loss=2.05397772789
Iteration 74 of 100: loss=7.72304821014 object_loss=5.66914749146 distance_loss=2.05390048027
Iteration 75 of 100: loss=8.69839477539 object_loss=6.64450740814 distance_loss=2.05388784409
Iteration 76 of 100: loss=10.3514041901 object_loss=8.29789543152 distance_loss=2.05350899696
Iteration 77 of 100: loss=11.9876871109 object_loss=9.93443870544 distance_loss=2.05324816704
Iteration 78 of 100: loss=11.1000242233 object_loss=9.0465965271 distance_loss=2.05342745781
Iteration 79 of 100: loss=10.1580314636 object_loss=8.10458660126 distance_loss=2.05344510078
Iteration 80 of 100: loss=10.8805589676 object_loss=8.82738113403 distance_loss=2.05317759514
Iteration 81 of 100: loss=10.7500114441 object_loss=8.69698810577 distance_loss=2.05302333832
Iteration 82 of 100: loss=11.8834123611 object_loss=9.83020496368 distance_loss=2.05320739746
Iteration 83 of 100: loss=29.2266769409 object_loss=27.1734352112 distance_loss=2.05324101448
Iteration 84 of 100: loss=10.0917987823 object_loss=8.03876686096 distance_loss=2.05303239822
Iteration 85 of 100: loss=7.82639694214 object_loss=5.7735877037 distance_loss=2.05280947685
Iteration 86 of 100: loss=7.99943351746 object_loss=5.94687843323 distance_loss=2.05255484581
Iteration 87 of 100: loss=8.65327548981 object_loss=6.6009144783 distance_loss=2.05236077309
Iteration 88 of 100: loss=8.89955329895 object_loss=6.84753227234 distance_loss=2.05202054977
Iteration 89 of 100: loss=9.62287139893 object_loss=7.57088088989 distance_loss=2.05199074745
Iteration 90 of 100: loss=9.4111623764 object_loss=7.35934114456 distance_loss=2.05182147026
Iteration 91 of 100: loss=10.6910991669 object_loss=8.63934707642 distance_loss=2.05175232887
Iteration 92 of 100: loss=10.964509964 object_loss=8.91321754456 distance_loss=2.05129289627
Iteration 93 of 100: loss=11.5435600281 object_loss=9.49205875397 distance_loss=2.05150103569
Iteration 94 of 100: loss=13.3567771912 object_loss=11.3053503036 distance_loss=2.05142641068
Iteration 95 of 100: loss=9.04658508301 object_loss=6.99510526657 distance_loss=2.05148029327
Iteration 96 of 100: loss=8.71977424622 object_loss=6.66828584671 distance_loss=2.05148863792
Iteration 97 of 100: loss=8.01710414886 object_loss=5.96564245224 distance_loss=2.05146145821
Iteration 98 of 100: loss=7.30444335938 object_loss=5.25308847427 distance_loss=2.05135464668
Iteration 99 of 100: loss=8.65734672546 object_loss=6.60577440262 distance_loss=2.05157208443
Iteration 0 of 100: loss=8.36227893829 object_loss=6.31052064896 distance_loss=2.05175828934
Iteration 1 of 100: loss=8.36361312866 object_loss=6.31194210052 distance_loss=2.05167102814
Iteration 2 of 100: loss=8.14839744568 object_loss=6.09655237198 distance_loss=2.0518450737
Iteration 3 of 100: loss=9.72292709351 object_loss=7.67072725296 distance_loss=2.05220007896
Iteration 4 of 100: loss=8.7560005188 object_loss=6.7038230896 distance_loss=2.05217719078
Iteration 5 of 100: loss=8.70052719116 object_loss=6.64818906784 distance_loss=2.05233836174
Iteration 6 of 100: loss=8.89446544647 object_loss=6.8419303894 distance_loss=2.05253529549
Iteration 7 of 100: loss=10.4461240768 object_loss=8.39361000061 distance_loss=2.05251431465
Iteration 8 of 100: loss=10.7215166092 object_loss=8.66890907288 distance_loss=2.05260777473
Iteration 9 of 100: loss=11.1969900131 object_loss=9.14417648315 distance_loss=2.05281329155
Iteration 10 of 100: loss=10.739107132 object_loss=8.68623638153 distance_loss=2.05287027359
Iteration 11 of 100: loss=11.1840000153 object_loss=9.13081264496 distance_loss=2.05318713188
Iteration 12 of 100: loss=11.52663517 object_loss=9.47363376617 distance_loss=2.05300164223
Iteration 13 of 100: loss=11.1583328247 object_loss=9.10498046875 distance_loss=2.05335259438
Iteration 14 of 100: loss=10.0150241852 object_loss=7.96130466461 distance_loss=2.05371928215
Iteration 15 of 100: loss=10.2893896103 object_loss=8.23553276062 distance_loss=2.05385661125
Iteration 16 of 100: loss=9.68510246277 object_loss=7.63151693344 distance_loss=2.05358529091
Iteration 17 of 100: loss=10.8277854919 object_loss=8.77388000488 distance_loss=2.05390501022
Iteration 18 of 100: loss=9.30338096619 object_loss=7.24929618835 distance_loss=2.05408477783
Iteration 19 of 100: loss=11.1270561218 object_loss=9.07294368744 distance_loss=2.05411195755
Iteration 20 of 100: loss=10.3309412003 object_loss=8.27663707733 distance_loss=2.05430436134
Iteration 21 of 100: loss=9.87418556213 object_loss=7.81987190247 distance_loss=2.05431342125
Iteration 22 of 100: loss=9.87334156036 object_loss=7.81894207001 distance_loss=2.05439972878
Iteration 23 of 100: loss=6.57886886597 object_loss=4.52430105209 distance_loss=2.05456757545
Iteration 24 of 100: loss=7.73971366882 object_loss=5.68512868881 distance_loss=2.05458498001
Iteration 25 of 100: loss=5.3848361969 object_loss=3.33006072044 distance_loss=2.05477523804
Iteration 26 of 100: loss=5.13607311249 object_loss=3.0813472271 distance_loss=2.05472612381
Iteration 27 of 100: loss=5.70726490021 object_loss=3.6526517868 distance_loss=2.05461335182
Iteration 28 of 100: loss=6.00286960602 object_loss=3.94858622551 distance_loss=2.05428314209
Iteration 29 of 100: loss=6.21039152145 object_loss=4.15608596802 distance_loss=2.05430555344
Iteration 30 of 100: loss=5.53597688675 object_loss=3.48190236092 distance_loss=2.05407452583
Iteration 31 of 100: loss=6.10186243057 object_loss=4.04808616638 distance_loss=2.05377626419
Iteration 32 of 100: loss=7.69977283478 object_loss=5.64640045166 distance_loss=2.05337238312
Iteration 33 of 100: loss=7.23428726196 object_loss=5.18099880219 distance_loss=2.05328845978
Iteration 34 of 100: loss=8.79033374786 object_loss=6.73715877533 distance_loss=2.05317497253
Iteration 35 of 100: loss=7.55078983307 object_loss=5.49775409698 distance_loss=2.05303549767
Iteration 36 of 100: loss=6.8793888092 object_loss=4.82668018341 distance_loss=2.05270886421
Iteration 37 of 100: loss=6.84026956558 object_loss=4.78775787354 distance_loss=2.05251169205
Iteration 38 of 100: loss=6.5860710144 object_loss=4.53348970413 distance_loss=2.05258107185
Iteration 39 of 100: loss=6.66288995743 object_loss=4.61020612717 distance_loss=2.05268383026
Iteration 40 of 100: loss=7.41508102417 object_loss=5.36270141602 distance_loss=2.05237984657
Iteration 41 of 100: loss=7.41459178925 object_loss=5.36237621307 distance_loss=2.05221557617
Iteration 42 of 100: loss=6.95923614502 object_loss=4.90718603134 distance_loss=2.05204987526
Iteration 43 of 100: loss=7.27615976334 object_loss=5.22410488129 distance_loss=2.05205488205
Iteration 44 of 100: loss=7.8853969574 object_loss=5.83338928223 distance_loss=2.05200743675
Iteration 45 of 100: loss=7.34975147247 object_loss=5.2979850769 distance_loss=2.05176663399
Iteration 46 of 100: loss=8.52290439606 object_loss=6.4714512825 distance_loss=2.05145311356
Iteration 47 of 100: loss=7.50272846222 object_loss=5.45133781433 distance_loss=2.05139088631
Iteration 48 of 100: loss=7.66721868515 object_loss=5.61602973938 distance_loss=2.05118894577
Iteration 49 of 100: loss=7.31627607346 object_loss=5.26507949829 distance_loss=2.05119657516
Iteration 50 of 100: loss=7.95753765106 object_loss=5.90595149994 distance_loss=2.05158615112
Iteration 51 of 100: loss=7.29184532166 object_loss=5.23995828629 distance_loss=2.05188727379
Iteration 52 of 100: loss=7.37357521057 object_loss=5.32207107544 distance_loss=2.05150389671
Iteration 53 of 100: loss=5.79442119598 object_loss=3.74261975288 distance_loss=2.0518014431
Iteration 54 of 100: loss=5.27719783783 object_loss=3.2251393795 distance_loss=2.05205869675
Iteration 55 of 100: loss=4.73442745209 object_loss=2.68223071098 distance_loss=2.0521967411
Iteration 56 of 100: loss=5.17695236206 object_loss=3.12458992004 distance_loss=2.0523622036
Iteration 57 of 100: loss=5.06022071838 object_loss=3.00768995285 distance_loss=2.05253100395
Iteration 58 of 100: loss=4.82622814178 object_loss=2.77366065979 distance_loss=2.05256724358
Iteration 59 of 100: loss=4.8479013443 object_loss=2.7950026989 distance_loss=2.05289888382
Iteration 60 of 100: loss=4.30864143372 object_loss=2.25554060936 distance_loss=2.05310082436
Iteration 61 of 100: loss=4.51494264603 object_loss=2.46189618111 distance_loss=2.05304646492
Iteration 62 of 100: loss=5.49706268311 object_loss=3.44384837151 distance_loss=2.0532143116
Iteration 63 of 100: loss=4.91317749023 object_loss=2.85956335068 distance_loss=2.05361437798
Iteration 64 of 100: loss=5.03581619263 object_loss=2.9820766449 distance_loss=2.05373978615
Iteration 65 of 100: loss=5.16802692413 object_loss=3.11407661438 distance_loss=2.05395007133
Iteration 66 of 100: loss=6.17118549347 object_loss=4.11697721481 distance_loss=2.05420804024
Iteration 67 of 100: loss=4.86470603943 object_loss=2.81035232544 distance_loss=2.05435395241
Iteration 68 of 100: loss=4.99850130081 object_loss=2.94404625893 distance_loss=2.05445504189
Iteration 69 of 100: loss=5.36355018616 object_loss=3.30875062943 distance_loss=2.05479979515
Iteration 70 of 100: loss=5.40038967133 object_loss=3.34561538696 distance_loss=2.05477404594
Iteration 71 of 100: loss=5.52966833115 object_loss=3.47481060028 distance_loss=2.05485773087
Iteration 72 of 100: loss=5.73493289948 object_loss=3.68013048172 distance_loss=2.05480217934
Iteration 73 of 100: loss=5.24887800217 object_loss=3.19373583794 distance_loss=2.05514216423
Iteration 74 of 100: loss=5.53291320801 object_loss=3.47738862038 distance_loss=2.05552458763
Iteration 75 of 100: loss=5.54908370972 object_loss=3.49340319633 distance_loss=2.05568027496
Iteration 76 of 100: loss=6.38883781433 object_loss=4.33325338364 distance_loss=2.05558466911
Iteration 77 of 100: loss=5.61100673676 object_loss=3.55502843857 distance_loss=2.05597829819
Iteration 78 of 100: loss=6.40495681763 object_loss=4.34866476059 distance_loss=2.05629181862
Iteration 79 of 100: loss=5.41410017014 object_loss=3.35758066177 distance_loss=2.05651950836
Iteration 80 of 100: loss=5.03363418579 object_loss=2.97704291344 distance_loss=2.05659127235
Iteration 81 of 100: loss=4.86079692841 object_loss=2.80382108688 distance_loss=2.0569756031
Iteration 82 of 100: loss=5.64377164841 object_loss=3.58670663834 distance_loss=2.05706501007
Iteration 83 of 100: loss=5.85106706619 object_loss=3.79376006126 distance_loss=2.05730700493
Iteration 84 of 100: loss=5.66371822357 object_loss=3.60628604889 distance_loss=2.05743217468
Iteration 85 of 100: loss=5.29946231842 object_loss=3.24198770523 distance_loss=2.05747437477
Iteration 86 of 100: loss=5.18951034546 object_loss=3.13163566589 distance_loss=2.05787444115
Iteration 87 of 100: loss=5.39554214478 object_loss=3.33761191368 distance_loss=2.05793023109
Iteration 88 of 100: loss=6.86369895935 object_loss=4.80611658096 distance_loss=2.05758261681
Iteration 89 of 100: loss=6.82711982727 object_loss=4.76926517487 distance_loss=2.05785489082
Iteration 90 of 100: loss=7.03565979004 object_loss=4.97734832764 distance_loss=2.05831122398
Iteration 91 of 100: loss=7.37515163422 object_loss=5.31670331955 distance_loss=2.05844807625
Iteration 92 of 100: loss=6.52341651917 object_loss=4.46506500244 distance_loss=2.05835175514
Iteration 93 of 100: loss=6.70802307129 object_loss=4.64909648895 distance_loss=2.05892682076
Iteration 94 of 100: loss=6.29085922241 object_loss=4.23159074783 distance_loss=2.05926823616
Iteration 95 of 100: loss=6.60291957855 object_loss=4.54324436188 distance_loss=2.05967521667
Iteration 96 of 100: loss=6.11995220184 object_loss=4.0602478981 distance_loss=2.05970430374
Iteration 97 of 100: loss=6.87059402466 object_loss=4.81089401245 distance_loss=2.05970001221
Iteration 98 of 100: loss=8.74905586243 object_loss=6.68916606903 distance_loss=2.05988955498
Iteration 99 of 100: loss=6.60597133636 object_loss=4.54603862762 distance_loss=2.05993247032
Iteration 0 of 100: loss=7.32142066956 object_loss=5.26169919968 distance_loss=2.05972146988
Iteration 1 of 100: loss=7.92982149124 object_loss=5.86989545822 distance_loss=2.05992603302
Iteration 2 of 100: loss=8.66348171234 object_loss=6.60363674164 distance_loss=2.0598449707
Iteration 3 of 100: loss=7.59279727936 object_loss=5.5328578949 distance_loss=2.05993938446
Iteration 4 of 100: loss=7.3089466095 object_loss=5.2488193512 distance_loss=2.0601272583
Iteration 5 of 100: loss=6.92991781235 object_loss=4.87010288239 distance_loss=2.05981492996
Iteration 6 of 100: loss=7.48082923889 object_loss=5.42129611969 distance_loss=2.05953335762
Iteration 7 of 100: loss=9.8099937439 object_loss=7.75060510635 distance_loss=2.05938816071
Iteration 8 of 100: loss=8.48874187469 object_loss=6.42973947525 distance_loss=2.05900263786
Iteration 9 of 100: loss=8.88122272491 object_loss=6.8223695755 distance_loss=2.05885314941
Iteration 10 of 100: loss=9.54801750183 object_loss=7.48896789551 distance_loss=2.05904960632
Iteration 11 of 100: loss=9.33666610718 object_loss=7.27762079239 distance_loss=2.05904579163
Iteration 12 of 100: loss=9.33099269867 object_loss=7.2722735405 distance_loss=2.05871915817
Iteration 13 of 100: loss=9.27491188049 object_loss=7.21599531174 distance_loss=2.05891680717
Iteration 14 of 100: loss=13.1140642166 object_loss=11.0552902222 distance_loss=2.05877399445
Iteration 15 of 100: loss=6.84564208984 object_loss=4.78696107864 distance_loss=2.0586810112
Iteration 16 of 100: loss=7.88150072098 object_loss=5.82313156128 distance_loss=2.0583691597
Iteration 17 of 100: loss=9.56876659393 object_loss=7.51070022583 distance_loss=2.0580663681
Iteration 18 of 100: loss=8.62820625305 object_loss=6.57017087936 distance_loss=2.05803537369
Iteration 19 of 100: loss=9.30260848999 object_loss=7.24426460266 distance_loss=2.05834412575
Iteration 20 of 100: loss=10.904706955 object_loss=8.84681224823 distance_loss=2.05789422989
Iteration 21 of 100: loss=8.12039089203 object_loss=6.06300258636 distance_loss=2.05738806725
Iteration 22 of 100: loss=10.6493358612 object_loss=8.59213829041 distance_loss=2.0571975708
Iteration 23 of 100: loss=7.03016853333 object_loss=4.97308731079 distance_loss=2.05708122253
Iteration 24 of 100: loss=8.71863365173 object_loss=6.66201925278 distance_loss=2.05661487579
Iteration 25 of 100: loss=8.66817760468 object_loss=6.61181640625 distance_loss=2.05636119843
Iteration 26 of 100: loss=7.86804103851 object_loss=5.81193065643 distance_loss=2.05611014366
Iteration 27 of 100: loss=9.03519248962 object_loss=6.97956323624 distance_loss=2.05562949181
Iteration 28 of 100: loss=8.38469696045 object_loss=6.32942199707 distance_loss=2.05527496338
Iteration 29 of 100: loss=8.26951789856 object_loss=6.21429586411 distance_loss=2.05522251129
Iteration 30 of 100: loss=8.31345748901 object_loss=6.25842094421 distance_loss=2.05503630638
Iteration 31 of 100: loss=7.1737909317 object_loss=5.11889743805 distance_loss=2.05489349365
Iteration 32 of 100: loss=6.62314319611 object_loss=4.56844472885 distance_loss=2.05469822884
Iteration 33 of 100: loss=6.94839859009 object_loss=4.8935046196 distance_loss=2.05489397049
Iteration 34 of 100: loss=6.99031305313 object_loss=4.93516683578 distance_loss=2.05514621735
Iteration 35 of 100: loss=6.06623268127 object_loss=4.01075077057 distance_loss=2.05548167229
Iteration 36 of 100: loss=6.60163116455 object_loss=4.54638719559 distance_loss=2.05524420738
Iteration 37 of 100: loss=7.55878019333 object_loss=5.50330638885 distance_loss=2.05547380447
Iteration 38 of 100: loss=7.61043834686 object_loss=5.55505943298 distance_loss=2.05537867546
Iteration 39 of 100: loss=7.92087936401 object_loss=5.86541748047 distance_loss=2.05546212196
Iteration 40 of 100: loss=7.93503904343 object_loss=5.87946033478 distance_loss=2.05557870865
Iteration 41 of 100: loss=7.34736919403 object_loss=5.2920217514 distance_loss=2.05534720421
Iteration 42 of 100: loss=8.59101104736 object_loss=6.53578853607 distance_loss=2.05522203445
Iteration 43 of 100: loss=9.31132316589 object_loss=7.25603723526 distance_loss=2.0552854538
Iteration 44 of 100: loss=8.7317237854 object_loss=6.67636346817 distance_loss=2.05536055565
Iteration 45 of 100: loss=8.49914360046 object_loss=6.44380426407 distance_loss=2.05533957481
Iteration 46 of 100: loss=8.05096817017 object_loss=5.99555206299 distance_loss=2.05541658401
Iteration 47 of 100: loss=8.70368480682 object_loss=6.64817237854 distance_loss=2.05551218987
Iteration 48 of 100: loss=8.51224994659 object_loss=6.45702362061 distance_loss=2.05522608757
Iteration 49 of 100: loss=7.83305692673 object_loss=5.77773332596 distance_loss=2.05532360077
Iteration 50 of 100: loss=7.55449056625 object_loss=5.49893569946 distance_loss=2.05555486679
Iteration 51 of 100: loss=8.11639595032 object_loss=6.06078052521 distance_loss=2.05561518669
Iteration 52 of 100: loss=9.06127166748 object_loss=7.00605249405 distance_loss=2.05521869659
Iteration 53 of 100: loss=8.53471374512 object_loss=6.47929382324 distance_loss=2.05541992188
Iteration 54 of 100: loss=10.5182886124 object_loss=8.46292304993 distance_loss=2.05536556244
Iteration 55 of 100: loss=10.5990104675 object_loss=8.54369068146 distance_loss=2.05531954765
Iteration 56 of 100: loss=10.6775369644 object_loss=8.62260913849 distance_loss=2.05492782593
Iteration 57 of 100: loss=11.9007282257 object_loss=9.84594535828 distance_loss=2.05478239059
Iteration 58 of 100: loss=11.4386377335 object_loss=9.38375854492 distance_loss=2.05487918854
Iteration 59 of 100: loss=8.95068740845 object_loss=6.89581251144 distance_loss=2.054874897
Iteration 60 of 100: loss=10.6558609009 object_loss=8.60098171234 distance_loss=2.05487895012
Iteration 61 of 100: loss=7.61636734009 object_loss=5.56137466431 distance_loss=2.0549929142
Iteration 62 of 100: loss=7.26473236084 object_loss=5.20926570892 distance_loss=2.05546665192
Iteration 63 of 100: loss=6.91146087646 object_loss=4.85578250885 distance_loss=2.05567860603
Iteration 64 of 100: loss=6.01002216339 object_loss=3.95410180092 distance_loss=2.05592060089
Iteration 65 of 100: loss=9.24762630463 object_loss=7.19149589539 distance_loss=2.05613017082
Iteration 66 of 100: loss=7.6054019928 object_loss=5.5491809845 distance_loss=2.05622076988
Iteration 67 of 100: loss=6.4508728981 object_loss=4.39447641373 distance_loss=2.05639648438
Iteration 68 of 100: loss=9.07523059845 object_loss=7.01877212524 distance_loss=2.05645871162
Iteration 69 of 100: loss=9.00995159149 object_loss=6.95329236984 distance_loss=2.05665946007
Iteration 70 of 100: loss=9.08710479736 object_loss=7.03022480011 distance_loss=2.05688047409
Iteration 71 of 100: loss=8.41016292572 object_loss=6.35318517685 distance_loss=2.05697774887
Iteration 72 of 100: loss=6.9671125412 object_loss=4.91045570374 distance_loss=2.05665707588
Iteration 73 of 100: loss=6.86698246002 object_loss=4.809694767 distance_loss=2.05728769302
Iteration 74 of 100: loss=7.02462100983 object_loss=4.96681308746 distance_loss=2.05780768394
Iteration 75 of 100: loss=8.13483524323 object_loss=6.07670593262 distance_loss=2.05812954903
Iteration 76 of 100: loss=9.22177314758 object_loss=7.1634683609 distance_loss=2.05830430984
Iteration 77 of 100: loss=6.4714589119 object_loss=4.41304206848 distance_loss=2.05841684341
Iteration 78 of 100: loss=5.62822628021 object_loss=3.56969857216 distance_loss=2.05852794647
Iteration 79 of 100: loss=5.26665496826 object_loss=3.20799040794 distance_loss=2.05866479874
Iteration 80 of 100: loss=6.31878566742 object_loss=4.26002931595 distance_loss=2.05875611305
Iteration 81 of 100: loss=5.81003713608 object_loss=3.75123071671 distance_loss=2.05880641937
Iteration 82 of 100: loss=5.37299633026 object_loss=3.31390786171 distance_loss=2.05908870697
Iteration 83 of 100: loss=4.53277111053 object_loss=2.47319078445 distance_loss=2.05958032608
Iteration 84 of 100: loss=4.7469162941 object_loss=2.68710780144 distance_loss=2.05980849266
Iteration 85 of 100: loss=5.65720462799 object_loss=3.59684371948 distance_loss=2.06036090851
Iteration 86 of 100: loss=5.1647644043 object_loss=3.10398030281 distance_loss=2.06078386307
Iteration 87 of 100: loss=5.26338148117 object_loss=3.20225286484 distance_loss=2.06112861633
Iteration 88 of 100: loss=5.34756994247 object_loss=3.28609704971 distance_loss=2.06147289276
Iteration 89 of 100: loss=4.9868273735 object_loss=2.92501688004 distance_loss=2.06181049347
Iteration 90 of 100: loss=5.05425930023 object_loss=2.99195504189 distance_loss=2.06230425835
Iteration 91 of 100: loss=5.06947088242 object_loss=3.00649809837 distance_loss=2.06297278404
Iteration 92 of 100: loss=5.6951713562 object_loss=3.6325814724 distance_loss=2.06258964539
Iteration 93 of 100: loss=4.8382973671 object_loss=2.77564954758 distance_loss=2.06264781952
Iteration 94 of 100: loss=5.66381549835 object_loss=3.60104036331 distance_loss=2.06277489662
Iteration 95 of 100: loss=5.63590526581 object_loss=3.57315707207 distance_loss=2.06274819374
Iteration 96 of 100: loss=5.76947593689 object_loss=3.70697927475 distance_loss=2.06249642372
Iteration 97 of 100: loss=4.44911813736 object_loss=2.38668417931 distance_loss=2.06243395805
Iteration 98 of 100: loss=4.42346000671 object_loss=2.3609392643 distance_loss=2.06252098083
Iteration 99 of 100: loss=5.10082054138 object_loss=3.03824305534 distance_loss=2.06257772446
Iteration 0 of 100: loss=4.79535007477 object_loss=2.73282980919 distance_loss=2.06252002716
Iteration 1 of 100: loss=5.37076759338 object_loss=3.30847549438 distance_loss=2.062292099
Iteration 2 of 100: loss=4.80104541779 object_loss=2.73890709877 distance_loss=2.06213855743
Iteration 3 of 100: loss=5.02251529694 object_loss=2.9604268074 distance_loss=2.06208848953
Iteration 4 of 100: loss=4.9775633812 object_loss=2.91557836533 distance_loss=2.06198501587
Iteration 5 of 100: loss=4.31342220306 object_loss=2.25154685974 distance_loss=2.06187534332
Iteration 6 of 100: loss=4.32429265976 object_loss=2.26260375977 distance_loss=2.06168889999
Iteration 7 of 100: loss=4.13093090057 object_loss=2.06932783127 distance_loss=2.06160283089
Iteration 8 of 100: loss=4.18133449554 object_loss=2.12024760246 distance_loss=2.06108689308
Iteration 9 of 100: loss=3.7524907589 object_loss=1.69145393372 distance_loss=2.06103682518
Iteration 10 of 100: loss=3.8968474865 object_loss=1.83602547646 distance_loss=2.06082201004
Iteration 11 of 100: loss=4.17755889893 object_loss=2.11701321602 distance_loss=2.06054568291
Iteration 12 of 100: loss=4.20729494095 object_loss=2.14723038673 distance_loss=2.06006455421
Iteration 13 of 100: loss=3.95145130157 object_loss=1.89128160477 distance_loss=2.06016969681
Iteration 14 of 100: loss=3.79192280769 object_loss=1.73192429543 distance_loss=2.05999851227
Iteration 15 of 100: loss=3.83270931244 object_loss=1.77303135395 distance_loss=2.0596780777
Iteration 16 of 100: loss=3.82580280304 object_loss=1.76645004749 distance_loss=2.05935287476
Iteration 17 of 100: loss=3.88606381416 object_loss=1.82695794106 distance_loss=2.05910587311
Iteration 18 of 100: loss=3.88082456589 object_loss=1.82172417641 distance_loss=2.05910038948
Iteration 19 of 100: loss=4.13272285461 object_loss=2.07369232178 distance_loss=2.05903029442
Iteration 20 of 100: loss=4.66018629074 object_loss=2.60149908066 distance_loss=2.05868721008
Iteration 21 of 100: loss=4.20608663559 object_loss=2.1475110054 distance_loss=2.05857563019
Iteration 22 of 100: loss=4.16449022293 object_loss=2.10604429245 distance_loss=2.05844593048
Iteration 23 of 100: loss=4.41560459137 object_loss=2.35726165771 distance_loss=2.05834269524
Iteration 24 of 100: loss=4.49993896484 object_loss=2.44173192978 distance_loss=2.05820727348
Iteration 25 of 100: loss=5.9970703125 object_loss=3.9389257431 distance_loss=2.05814433098
Iteration 26 of 100: loss=4.30122709274 object_loss=2.24310564995 distance_loss=2.05812144279
Iteration 27 of 100: loss=7.30423164368 object_loss=5.24609088898 distance_loss=2.0581407547
Iteration 28 of 100: loss=7.95739221573 object_loss=5.89925384521 distance_loss=2.05813837051
Iteration 29 of 100: loss=6.77539920807 object_loss=4.7173781395 distance_loss=2.05802106857
Iteration 30 of 100: loss=7.78543949127 object_loss=5.72712135315 distance_loss=2.0583178997
Iteration 31 of 100: loss=7.82011938095 object_loss=5.76173114777 distance_loss=2.05838823318
Iteration 32 of 100: loss=6.36697006226 object_loss=4.30904769897 distance_loss=2.05792212486
Iteration 33 of 100: loss=5.90657234192 object_loss=3.84867143631 distance_loss=2.05790090561
Iteration 34 of 100: loss=4.81185722351 object_loss=2.75396633148 distance_loss=2.05789089203
Iteration 35 of 100: loss=5.84659814835 object_loss=3.78885269165 distance_loss=2.0577454567
Iteration 36 of 100: loss=5.98270130157 object_loss=3.92529678345 distance_loss=2.05740475655
Iteration 37 of 100: loss=8.04757976532 object_loss=5.99035215378 distance_loss=2.05722784996
Iteration 38 of 100: loss=6.08562326431 object_loss=4.02882528305 distance_loss=2.05679798126
Iteration 39 of 100: loss=6.38897800446 object_loss=4.33250617981 distance_loss=2.05647206306
Iteration 40 of 100: loss=6.35729503632 object_loss=4.30124044418 distance_loss=2.05605459213
Iteration 41 of 100: loss=6.23443508148 object_loss=4.17866802216 distance_loss=2.05576705933
Iteration 42 of 100: loss=5.82497644424 object_loss=3.76908326149 distance_loss=2.05589318275
Iteration 43 of 100: loss=5.95769691467 object_loss=3.90149593353 distance_loss=2.05620074272
Iteration 44 of 100: loss=6.36024951935 object_loss=4.30411720276 distance_loss=2.05613255501
Iteration 45 of 100: loss=5.19511699677 object_loss=3.13868331909 distance_loss=2.05643367767
Iteration 46 of 100: loss=6.13433647156 object_loss=4.07778263092 distance_loss=2.05655407906
Iteration 47 of 100: loss=6.44233989716 object_loss=4.38571882248 distance_loss=2.05662107468
Iteration 48 of 100: loss=5.74710988998 object_loss=3.69027137756 distance_loss=2.05683851242
Iteration 49 of 100: loss=5.39862346649 object_loss=3.34160113335 distance_loss=2.05702233315
Iteration 50 of 100: loss=5.7453751564 object_loss=3.68832302094 distance_loss=2.05705213547
Iteration 51 of 100: loss=5.24697685242 object_loss=3.18960046768 distance_loss=2.05737614632
Iteration 52 of 100: loss=5.34744262695 object_loss=3.28996658325 distance_loss=2.0574760437
Iteration 53 of 100: loss=5.20601701736 object_loss=3.14839935303 distance_loss=2.05761766434
Iteration 54 of 100: loss=5.65695524216 object_loss=3.59913516045 distance_loss=2.05782008171
Iteration 55 of 100: loss=5.57431411743 object_loss=3.51652026176 distance_loss=2.05779409409
Iteration 56 of 100: loss=6.04427719116 object_loss=3.98665928841 distance_loss=2.05761814117
Iteration 57 of 100: loss=5.6365442276 object_loss=3.57873463631 distance_loss=2.05780959129
Iteration 58 of 100: loss=4.96385288239 object_loss=2.90601992607 distance_loss=2.0578327179
Iteration 59 of 100: loss=5.46152687073 object_loss=3.40368819237 distance_loss=2.05783867836
Iteration 60 of 100: loss=5.46158027649 object_loss=3.4036886692 distance_loss=2.05789136887
Iteration 61 of 100: loss=4.87098121643 object_loss=2.81317830086 distance_loss=2.05780315399
Iteration 62 of 100: loss=5.26153802872 object_loss=3.20382475853 distance_loss=2.05771327019
Iteration 63 of 100: loss=5.33318090439 object_loss=3.2753443718 distance_loss=2.05783653259
Iteration 64 of 100: loss=4.2665309906 object_loss=2.2089881897 distance_loss=2.0575428009
Iteration 65 of 100: loss=4.94229698181 object_loss=2.8848233223 distance_loss=2.05747365952
Iteration 66 of 100: loss=4.72726917267 object_loss=2.66972970963 distance_loss=2.05753946304
Iteration 67 of 100: loss=4.72352218628 object_loss=2.66596388817 distance_loss=2.05755829811
Iteration 68 of 100: loss=5.20101547241 object_loss=3.14376735687 distance_loss=2.05724835396
Iteration 69 of 100: loss=5.16078662872 object_loss=3.10340070724 distance_loss=2.05738592148
Iteration 70 of 100: loss=4.55213928223 object_loss=2.49434661865 distance_loss=2.05779242516
Iteration 71 of 100: loss=6.31721925735 object_loss=4.25927782059 distance_loss=2.05794143677
Iteration 72 of 100: loss=5.20504665375 object_loss=3.14722394943 distance_loss=2.05782270432
Iteration 73 of 100: loss=4.45277690887 object_loss=2.39471697807 distance_loss=2.0580599308
Iteration 74 of 100: loss=4.54687833786 object_loss=2.48850822449 distance_loss=2.05837011337
Iteration 75 of 100: loss=5.38296222687 object_loss=3.32446861267 distance_loss=2.0584936142
Iteration 76 of 100: loss=4.60813999176 object_loss=2.54984283447 distance_loss=2.05829715729
Iteration 77 of 100: loss=4.19242191315 object_loss=2.13417172432 distance_loss=2.05824995041
Iteration 78 of 100: loss=3.57818698883 object_loss=1.51974284649 distance_loss=2.05844426155
Iteration 79 of 100: loss=3.53299570084 object_loss=1.47422528267 distance_loss=2.05877041817
Iteration 80 of 100: loss=4.07915782928 object_loss=2.02028179169 distance_loss=2.05887579918
Iteration 81 of 100: loss=5.32165145874 object_loss=3.2627325058 distance_loss=2.05891871452
Iteration 82 of 100: loss=5.70299434662 object_loss=3.64388799667 distance_loss=2.05910658836
Iteration 83 of 100: loss=6.48732662201 object_loss=4.42788267136 distance_loss=2.05944371223
Iteration 84 of 100: loss=6.62910270691 object_loss=4.5697016716 distance_loss=2.05940103531
Iteration 85 of 100: loss=10.1322460175 object_loss=8.07302188873 distance_loss=2.05922436714
Iteration 86 of 100: loss=8.17567062378 object_loss=6.1166601181 distance_loss=2.05901098251
Iteration 87 of 100: loss=8.55884170532 object_loss=6.50015974045 distance_loss=2.05868148804
Iteration 88 of 100: loss=7.61259937286 object_loss=5.554292202 distance_loss=2.05830693245
Iteration 89 of 100: loss=7.16894626617 object_loss=5.11071491241 distance_loss=2.05823159218
Iteration 90 of 100: loss=7.1583814621 object_loss=5.1001367569 distance_loss=2.05824446678
Iteration 91 of 100: loss=7.03945541382 object_loss=4.98118114471 distance_loss=2.0582742691
Iteration 92 of 100: loss=7.27586746216 object_loss=5.21818447113 distance_loss=2.05768275261
Iteration 93 of 100: loss=8.64340209961 object_loss=6.58569145203 distance_loss=2.05771017075
Iteration 94 of 100: loss=8.31498336792 object_loss=6.25721120834 distance_loss=2.05777239799
Iteration 95 of 100: loss=8.41955184937 object_loss=6.3618350029 distance_loss=2.05771684647
Iteration 96 of 100: loss=7.54708147049 object_loss=5.48957872391 distance_loss=2.05750274658
Iteration 97 of 100: loss=7.38506317139 object_loss=5.32741928101 distance_loss=2.05764389038
Iteration 98 of 100: loss=6.6866850853 object_loss=4.62926626205 distance_loss=2.05741882324
Iteration 99 of 100: loss=7.16474342346 object_loss=5.10732364655 distance_loss=2.0574195385
Iteration 0 of 100: loss=7.05485916138 object_loss=4.99747276306 distance_loss=2.05738639832
Iteration 1 of 100: loss=6.61853313446 object_loss=4.56117153168 distance_loss=2.05736160278
Iteration 2 of 100: loss=6.83713436127 object_loss=4.77957248688 distance_loss=2.05756163597
Iteration 3 of 100: loss=7.11673736572 object_loss=5.05902385712 distance_loss=2.05771327019
Iteration 4 of 100: loss=7.57166194916 object_loss=5.51411724091 distance_loss=2.05754494667
Iteration 5 of 100: loss=7.67773008347 object_loss=5.62003612518 distance_loss=2.05769395828
Iteration 6 of 100: loss=10.250995636 object_loss=8.19322395325 distance_loss=2.05777192116
Iteration 7 of 100: loss=6.84501934052 object_loss=4.7872633934 distance_loss=2.05775618553
Iteration 8 of 100: loss=8.2754983902 object_loss=6.21762800217 distance_loss=2.05787014961
Iteration 9 of 100: loss=10.0613126755 object_loss=8.00328731537 distance_loss=2.05802536011
Iteration 10 of 100: loss=9.96595478058 object_loss=7.90785312653 distance_loss=2.05810165405
Iteration 11 of 100: loss=8.22810459137 object_loss=6.16965675354 distance_loss=2.05844807625
Iteration 12 of 100: loss=8.43414020538 object_loss=6.37558507919 distance_loss=2.05855536461
Iteration 13 of 100: loss=6.8984618187 object_loss=4.83959579468 distance_loss=2.05886602402
Iteration 14 of 100: loss=10.5358829498 object_loss=8.47671031952 distance_loss=2.05917263031
Iteration 15 of 100: loss=5.56721115112 object_loss=3.50783777237 distance_loss=2.05937361717
Iteration 16 of 100: loss=6.11909627914 object_loss=4.05987071991 distance_loss=2.05922555923
Iteration 17 of 100: loss=6.66939067841 object_loss=4.60994720459 distance_loss=2.05944347382
Iteration 18 of 100: loss=5.51656913757 object_loss=3.45691466331 distance_loss=2.05965423584
Iteration 19 of 100: loss=7.72804260254 object_loss=5.66815328598 distance_loss=2.05988955498
Iteration 20 of 100: loss=7.27915477753 object_loss=5.21899080276 distance_loss=2.06016397476
Iteration 21 of 100: loss=7.23891162872 object_loss=5.17857074738 distance_loss=2.06034088135
Iteration 22 of 100: loss=6.49046468735 object_loss=4.43015956879 distance_loss=2.06030511856
Iteration 23 of 100: loss=5.6362323761 object_loss=3.57566714287 distance_loss=2.06056499481
Iteration 24 of 100: loss=5.82768917084 object_loss=3.76695799828 distance_loss=2.06073093414
Iteration 25 of 100: loss=7.81233978271 object_loss=5.75158643723 distance_loss=2.06075358391
Iteration 26 of 100: loss=6.53005218506 object_loss=4.4692492485 distance_loss=2.06080317497
Iteration 27 of 100: loss=6.41819906235 object_loss=4.35744094849 distance_loss=2.06075811386
Iteration 28 of 100: loss=6.58815908432 object_loss=4.5274066925 distance_loss=2.06075239182
Iteration 29 of 100: loss=6.33718585968 object_loss=4.27608680725 distance_loss=2.06109881401
Iteration 30 of 100: loss=6.52045536041 object_loss=4.45902395248 distance_loss=2.06143116951
Iteration 31 of 100: loss=5.49246406555 object_loss=3.430975914 distance_loss=2.06148838997
Iteration 32 of 100: loss=5.52155065536 object_loss=3.46021771431 distance_loss=2.06133294106
Iteration 33 of 100: loss=5.53193044662 object_loss=3.4702501297 distance_loss=2.06168031693
Iteration 34 of 100: loss=5.49804496765 object_loss=3.43622112274 distance_loss=2.06182408333
Iteration 35 of 100: loss=5.70824193954 object_loss=3.64615154266 distance_loss=2.06209039688
Iteration 36 of 100: loss=5.66087627411 object_loss=3.59906411171 distance_loss=2.0618121624
Iteration 37 of 100: loss=5.39823198318 object_loss=3.33655929565 distance_loss=2.06167268753
Iteration 38 of 100: loss=6.02059364319 object_loss=3.95873594284 distance_loss=2.06185746193
Iteration 39 of 100: loss=6.2408208847 object_loss=4.17899274826 distance_loss=2.06182813644
Iteration 40 of 100: loss=5.97734880447 object_loss=3.91597175598 distance_loss=2.06137704849
Iteration 41 of 100: loss=5.8168258667 object_loss=3.75549316406 distance_loss=2.06133270264
Iteration 42 of 100: loss=6.40668869019 object_loss=4.34505271912 distance_loss=2.06163573265
Iteration 43 of 100: loss=5.86051130295 object_loss=3.79872822762 distance_loss=2.06178307533
Iteration 44 of 100: loss=6.55302810669 object_loss=4.49130582809 distance_loss=2.06172227859
Iteration 45 of 100: loss=6.20502567291 object_loss=4.14349460602 distance_loss=2.06153082848
Iteration 46 of 100: loss=5.63925075531 object_loss=3.5777990818 distance_loss=2.06145143509
Iteration 47 of 100: loss=5.98750972748 object_loss=3.92606210709 distance_loss=2.06144785881
Iteration 48 of 100: loss=5.71237850189 object_loss=3.65128159523 distance_loss=2.06109714508
Iteration 49 of 100: loss=4.99715042114 object_loss=2.93604588509 distance_loss=2.06110429764
Iteration 50 of 100: loss=5.13344955444 object_loss=3.07225179672 distance_loss=2.0611975193
Iteration 51 of 100: loss=5.17470169067 object_loss=3.11338448524 distance_loss=2.06131720543
Iteration 52 of 100: loss=4.82492637634 object_loss=2.7639567852 distance_loss=2.06096959114
Iteration 53 of 100: loss=6.20255470276 object_loss=4.14120960236 distance_loss=2.06134486198
Iteration 54 of 100: loss=5.81491374969 object_loss=3.75361418724 distance_loss=2.06129980087
Iteration 55 of 100: loss=5.89635944366 object_loss=3.83507084846 distance_loss=2.06128883362
Iteration 56 of 100: loss=5.75130414963 object_loss=3.69004368782 distance_loss=2.06126046181
Iteration 57 of 100: loss=5.57770824432 object_loss=3.51649308205 distance_loss=2.06121492386
Iteration 58 of 100: loss=5.44074010849 object_loss=3.37965869904 distance_loss=2.06108140945
Iteration 59 of 100: loss=5.43078517914 object_loss=3.369972229 distance_loss=2.06081295013
Iteration 60 of 100: loss=5.3262796402 object_loss=3.26582694054 distance_loss=2.06045269966
Iteration 61 of 100: loss=5.31178808212 object_loss=3.25173568726 distance_loss=2.06005239487
Iteration 62 of 100: loss=5.92264461517 object_loss=3.86284732819 distance_loss=2.05979728699
Iteration 63 of 100: loss=5.95799160004 object_loss=3.89827060699 distance_loss=2.05972099304
Iteration 64 of 100: loss=5.8399515152 object_loss=3.78046321869 distance_loss=2.05948853493
Iteration 65 of 100: loss=4.79773616791 object_loss=2.73848152161 distance_loss=2.05925488472
Iteration 66 of 100: loss=4.76387119293 object_loss=2.70488762856 distance_loss=2.05898356438
Iteration 67 of 100: loss=5.83086442947 object_loss=3.772097826 distance_loss=2.05876660347
Iteration 68 of 100: loss=5.61588191986 object_loss=3.55731153488 distance_loss=2.05857038498
Iteration 69 of 100: loss=6.17048454285 object_loss=4.1118516922 distance_loss=2.05863308907
Iteration 70 of 100: loss=6.01224136353 object_loss=3.95347166061 distance_loss=2.05876970291
Iteration 71 of 100: loss=5.7592048645 object_loss=3.70051193237 distance_loss=2.05869317055
Iteration 72 of 100: loss=5.64074039459 object_loss=3.58261346817 distance_loss=2.05812692642
Iteration 73 of 100: loss=5.95528411865 object_loss=3.89706945419 distance_loss=2.05821466446
Iteration 74 of 100: loss=5.86124420166 object_loss=3.80293154716 distance_loss=2.05831289291
Iteration 75 of 100: loss=6.20913028717 object_loss=4.15104389191 distance_loss=2.05808639526
Iteration 76 of 100: loss=6.04928302765 object_loss=3.991761446 distance_loss=2.05752158165
Iteration 77 of 100: loss=4.82966804504 object_loss=2.77217054367 distance_loss=2.05749726295
Iteration 78 of 100: loss=5.10859775543 object_loss=3.0511276722 distance_loss=2.05747032166
Iteration 79 of 100: loss=5.62048149109 object_loss=3.56301283836 distance_loss=2.05746865273
Iteration 80 of 100: loss=4.64513635635 object_loss=2.587703228 distance_loss=2.05743312836
Iteration 81 of 100: loss=5.04958438873 object_loss=2.99206805229 distance_loss=2.05751609802
Iteration 82 of 100: loss=5.45336961746 object_loss=3.39596867561 distance_loss=2.05740094185
Iteration 83 of 100: loss=5.24794006348 object_loss=3.19048404694 distance_loss=2.05745601654
Iteration 84 of 100: loss=4.12363243103 object_loss=2.06609201431 distance_loss=2.05754065514
Iteration 85 of 100: loss=4.42182683945 object_loss=2.3641474247 distance_loss=2.05767941475
Iteration 86 of 100: loss=4.28876304626 object_loss=2.23089790344 distance_loss=2.05786538124
Iteration 87 of 100: loss=4.88391685486 object_loss=2.82590222359 distance_loss=2.05801486969
Iteration 88 of 100: loss=5.12257146835 object_loss=3.06483149529 distance_loss=2.05773997307
Iteration 89 of 100: loss=5.21675109863 object_loss=3.15845060349 distance_loss=2.05830025673
Iteration 90 of 100: loss=5.09584903717 object_loss=3.03718829155 distance_loss=2.05866098404
Iteration 91 of 100: loss=4.71342802048 object_loss=2.65443205833 distance_loss=2.05899596214
Iteration 92 of 100: loss=5.26414203644 object_loss=3.20486831665 distance_loss=2.05927371979
Iteration 93 of 100: loss=5.20763969421 object_loss=3.14782381058 distance_loss=2.05981564522
Iteration 94 of 100: loss=5.4370803833 object_loss=3.37677502632 distance_loss=2.0603055954
Iteration 95 of 100: loss=4.51717948914 object_loss=2.45648384094 distance_loss=2.06069540977
Iteration 96 of 100: loss=4.51046180725 object_loss=2.44951248169 distance_loss=2.06094956398
Iteration 97 of 100: loss=4.75180625916 object_loss=2.69080734253 distance_loss=2.06099867821
Iteration 98 of 100: loss=3.45726919174 object_loss=1.39577054977 distance_loss=2.06149864197
Iteration 99 of 100: loss=3.51368951797 object_loss=1.45177924633 distance_loss=2.06191015244
Iteration 0 of 100: loss=3.93084645271 object_loss=1.86890983582 distance_loss=2.0619366169
Iteration 1 of 100: loss=3.50832557678 object_loss=1.44589352608 distance_loss=2.0624320507
Iteration 2 of 100: loss=3.00244235992 object_loss=0.939683496952 distance_loss=2.06275892258
Iteration 3 of 100: loss=4.21203422546 object_loss=2.14891600609 distance_loss=2.06311845779
Iteration 4 of 100: loss=5.43125152588 object_loss=3.36785697937 distance_loss=2.06339478493
Iteration 5 of 100: loss=4.04691267014 object_loss=1.98338663578 distance_loss=2.06352615356
Iteration 6 of 100: loss=5.14491462708 object_loss=3.08131051064 distance_loss=2.06360387802
Iteration 7 of 100: loss=4.90530204773 object_loss=2.84132790565 distance_loss=2.06397438049
Iteration 8 of 100: loss=5.15852642059 object_loss=3.09441637993 distance_loss=2.06410980225
Iteration 9 of 100: loss=5.56597328186 object_loss=3.5015707016 distance_loss=2.06440281868
Iteration 10 of 100: loss=5.20194339752 object_loss=3.13713312149 distance_loss=2.06481003761
Iteration 11 of 100: loss=4.79939889908 object_loss=2.73437309265 distance_loss=2.06502580643
Iteration 12 of 100: loss=4.91484451294 object_loss=2.85029768944 distance_loss=2.06454706192
Iteration 13 of 100: loss=5.44860363007 object_loss=3.38391280174 distance_loss=2.0646905899
Iteration 14 of 100: loss=4.97411823273 object_loss=2.9091963768 distance_loss=2.06492185593
Iteration 15 of 100: loss=4.77391052246 object_loss=2.70898389816 distance_loss=2.0649266243
Iteration 16 of 100: loss=5.12985134125 object_loss=3.06529092789 distance_loss=2.06456041336
Iteration 17 of 100: loss=5.40822982788 object_loss=3.34380960464 distance_loss=2.06442022324
Iteration 18 of 100: loss=5.30767869949 object_loss=3.24338293076 distance_loss=2.06429576874
Iteration 19 of 100: loss=5.63525867462 object_loss=3.57097387314 distance_loss=2.06428480148
Iteration 20 of 100: loss=6.17942810059 object_loss=4.1152215004 distance_loss=2.06420636177
Iteration 21 of 100: loss=5.14170217514 object_loss=3.07762956619 distance_loss=2.06407260895
Iteration 22 of 100: loss=4.48299026489 object_loss=2.41882133484 distance_loss=2.06416869164
Iteration 23 of 100: loss=4.81915378571 object_loss=2.75480628014 distance_loss=2.06434774399
Iteration 24 of 100: loss=4.97338199615 object_loss=2.90903401375 distance_loss=2.06434822083
Iteration 25 of 100: loss=5.01130390167 object_loss=2.94679927826 distance_loss=2.06450462341
Iteration 26 of 100: loss=4.46041965485 object_loss=2.39594006538 distance_loss=2.06447935104
Iteration 27 of 100: loss=4.96339702606 object_loss=2.89910078049 distance_loss=2.06429648399
Iteration 28 of 100: loss=5.1884393692 object_loss=3.12425494194 distance_loss=2.06418442726
Iteration 29 of 100: loss=4.70248603821 object_loss=2.63827443123 distance_loss=2.0642118454
Iteration 30 of 100: loss=4.57997989655 object_loss=2.51578140259 distance_loss=2.06419849396
Iteration 31 of 100: loss=4.86062812805 object_loss=2.79632115364 distance_loss=2.06430721283
Iteration 32 of 100: loss=4.68557071686 object_loss=2.62151455879 distance_loss=2.06405591965
Iteration 33 of 100: loss=4.60647678375 object_loss=2.54211711884 distance_loss=2.06435990334
Iteration 34 of 100: loss=4.97259712219 object_loss=2.90820169449 distance_loss=2.0643954277
Iteration 35 of 100: loss=4.86373233795 object_loss=2.79950642586 distance_loss=2.06422615051
Iteration 36 of 100: loss=4.40869903564 object_loss=2.34482765198 distance_loss=2.06387138367
Iteration 37 of 100: loss=4.15297794342 object_loss=2.0890481472 distance_loss=2.06393003464
Iteration 38 of 100: loss=4.20876550674 object_loss=2.14489126205 distance_loss=2.06387424469
Iteration 39 of 100: loss=4.13021278381 object_loss=2.06642198563 distance_loss=2.06379079819
Iteration 40 of 100: loss=4.15492296219 object_loss=2.09093809128 distance_loss=2.06398487091
Iteration 41 of 100: loss=4.38980293274 object_loss=2.32554483414 distance_loss=2.0642580986
Iteration 42 of 100: loss=4.58544778824 object_loss=2.52109336853 distance_loss=2.06435441971
Iteration 43 of 100: loss=4.43041706085 object_loss=2.36579799652 distance_loss=2.06461930275
Iteration 44 of 100: loss=4.19201803207 object_loss=2.12731027603 distance_loss=2.06470775604
Iteration 45 of 100: loss=4.20279788971 object_loss=2.1379532814 distance_loss=2.06484436989
Iteration 46 of 100: loss=4.19773864746 object_loss=2.13272190094 distance_loss=2.06501698494
Iteration 47 of 100: loss=4.17789506912 object_loss=2.11270070076 distance_loss=2.06519436836
Iteration 48 of 100: loss=4.12110996246 object_loss=2.05603146553 distance_loss=2.06507873535
Iteration 49 of 100: loss=4.14196300507 object_loss=2.07687568665 distance_loss=2.06508708
Iteration 50 of 100: loss=4.11417102814 object_loss=2.04888153076 distance_loss=2.06528949738
Iteration 51 of 100: loss=4.12572813034 object_loss=2.060526371 distance_loss=2.06520175934
Iteration 52 of 100: loss=3.9878988266 object_loss=1.9228502512 distance_loss=2.06504869461
Iteration 53 of 100: loss=4.02102899551 object_loss=1.95579612255 distance_loss=2.06523275375
Iteration 54 of 100: loss=4.01229524612 object_loss=1.94695651531 distance_loss=2.0653386116
Iteration 55 of 100: loss=3.99018120766 object_loss=1.92474269867 distance_loss=2.06543850899
Iteration 56 of 100: loss=3.99338626862 object_loss=1.92810332775 distance_loss=2.06528306007
Iteration 57 of 100: loss=4.08433532715 object_loss=2.01908016205 distance_loss=2.06525540352
Iteration 58 of 100: loss=4.08358478546 object_loss=2.01821231842 distance_loss=2.06537246704
Iteration 59 of 100: loss=4.05771636963 object_loss=1.99206995964 distance_loss=2.06564664841
Iteration 60 of 100: loss=4.19571018219 object_loss=2.13028311729 distance_loss=2.06542730331
Iteration 61 of 100: loss=4.21146011353 object_loss=2.14604711533 distance_loss=2.06541275978
Iteration 62 of 100: loss=4.15849494934 object_loss=2.09299826622 distance_loss=2.06549692154
Iteration 63 of 100: loss=4.1162815094 object_loss=2.05067896843 distance_loss=2.06560254097
Iteration 64 of 100: loss=4.26142120361 object_loss=2.19558238983 distance_loss=2.06583857536
Iteration 65 of 100: loss=4.21873092651 object_loss=2.1526157856 distance_loss=2.06611537933
Iteration 66 of 100: loss=4.18796300888 object_loss=2.12175655365 distance_loss=2.06620645523
Iteration 67 of 100: loss=4.16938304901 object_loss=2.10300707817 distance_loss=2.06637620926
Iteration 68 of 100: loss=3.98278570175 object_loss=1.91635072231 distance_loss=2.06643509865
Iteration 69 of 100: loss=4.39399242401 object_loss=2.32760763168 distance_loss=2.06638479233
Iteration 70 of 100: loss=4.55845451355 object_loss=2.4916601181 distance_loss=2.06679439545
Iteration 71 of 100: loss=4.39216995239 object_loss=2.32507562637 distance_loss=2.06709432602
Iteration 72 of 100: loss=4.20087242126 object_loss=2.13394999504 distance_loss=2.06692242622
Iteration 73 of 100: loss=4.3760433197 object_loss=2.30877327919 distance_loss=2.06727004051
Iteration 74 of 100: loss=4.4242067337 object_loss=2.35683774948 distance_loss=2.0673687458
Iteration 75 of 100: loss=4.74044704437 object_loss=2.67293453217 distance_loss=2.06751275063
Iteration 76 of 100: loss=4.63440322876 object_loss=2.56686091423 distance_loss=2.06754207611
Iteration 77 of 100: loss=5.07317829132 object_loss=3.00558853149 distance_loss=2.06758999825
Iteration 78 of 100: loss=5.12684822083 object_loss=3.05924916267 distance_loss=2.06759905815
Iteration 79 of 100: loss=5.28452777863 object_loss=3.21664047241 distance_loss=2.06788730621
Iteration 80 of 100: loss=5.10528039932 object_loss=3.03710508347 distance_loss=2.06817531586
Iteration 81 of 100: loss=4.60798549652 object_loss=2.53984451294 distance_loss=2.06814074516
Iteration 82 of 100: loss=4.91212701797 object_loss=2.84356856346 distance_loss=2.06855845451
Iteration 83 of 100: loss=4.87678432465 object_loss=2.80801463127 distance_loss=2.06876969337
Iteration 84 of 100: loss=4.70179653168 object_loss=2.63317871094 distance_loss=2.06861758232
Iteration 85 of 100: loss=4.38553524017 object_loss=2.31679749489 distance_loss=2.06873774529
Iteration 86 of 100: loss=4.35451793671 object_loss=2.28536128998 distance_loss=2.06915688515
Iteration 87 of 100: loss=3.97140455246 object_loss=1.90203869343 distance_loss=2.06936573982
Iteration 88 of 100: loss=4.10458087921 object_loss=2.03518557549 distance_loss=2.06939530373
Iteration 89 of 100: loss=4.01112031937 object_loss=1.94129824638 distance_loss=2.06982207298
Iteration 90 of 100: loss=3.92601537704 object_loss=1.85588479042 distance_loss=2.07013058662
Iteration 91 of 100: loss=3.65689897537 object_loss=1.58637499809 distance_loss=2.07052397728
Iteration 92 of 100: loss=3.56015634537 object_loss=1.48967075348 distance_loss=2.07048559189
Iteration 93 of 100: loss=3.88056373596 object_loss=1.80950081348 distance_loss=2.07106280327
Iteration 94 of 100: loss=3.86985731125 object_loss=1.79826319218 distance_loss=2.07159399986
Iteration 95 of 100: loss=3.72839164734 object_loss=1.65652191639 distance_loss=2.07186961174
Iteration 96 of 100: loss=3.74091982841 object_loss=1.66910529137 distance_loss=2.07181453705
Iteration 97 of 100: loss=3.71258878708 object_loss=1.64050889015 distance_loss=2.07207989693
Iteration 98 of 100: loss=3.81869149208 object_loss=1.74655246735 distance_loss=2.07213902473
Iteration 99 of 100: loss=3.86514616013 object_loss=1.79285776615 distance_loss=2.07228851318
Iteration 0 of 100: loss=3.89462208748 object_loss=1.82218790054 distance_loss=2.07243418694
Iteration 1 of 100: loss=4.01769161224 object_loss=1.94533813 distance_loss=2.07235360146
Iteration 2 of 100: loss=4.18114709854 object_loss=2.10898661613 distance_loss=2.07216048241
Iteration 3 of 100: loss=4.2150812149 object_loss=2.14290857315 distance_loss=2.07217240334
Iteration 4 of 100: loss=4.18499183655 object_loss=2.11266279221 distance_loss=2.07232904434
Iteration 5 of 100: loss=4.11033916473 object_loss=2.03813052177 distance_loss=2.07220864296
Iteration 6 of 100: loss=4.30152702332 object_loss=2.2292277813 distance_loss=2.07229948044
Iteration 7 of 100: loss=4.41104316711 object_loss=2.33889961243 distance_loss=2.07214331627
Iteration 8 of 100: loss=4.41067695618 object_loss=2.3388876915 distance_loss=2.07178926468
Iteration 9 of 100: loss=4.60541629791 object_loss=2.53362846375 distance_loss=2.07178759575
Iteration 10 of 100: loss=5.10559129715 object_loss=3.03375840187 distance_loss=2.07183289528
Iteration 11 of 100: loss=5.00225639343 object_loss=2.93049144745 distance_loss=2.07176470757
Iteration 12 of 100: loss=4.89988279343 object_loss=2.82838344574 distance_loss=2.07149934769
Iteration 13 of 100: loss=4.99021148682 object_loss=2.91845369339 distance_loss=2.07175803185
Iteration 14 of 100: loss=5.33205604553 object_loss=3.26014280319 distance_loss=2.07191348076
Iteration 15 of 100: loss=4.96657991409 object_loss=2.8943707943 distance_loss=2.0722091198
Iteration 16 of 100: loss=4.89660787582 object_loss=2.82463908195 distance_loss=2.07196879387
Iteration 17 of 100: loss=3.9956870079 object_loss=1.92365992069 distance_loss=2.07202720642
Iteration 18 of 100: loss=4.25016355515 object_loss=2.1780796051 distance_loss=2.07208395004
Iteration 19 of 100: loss=4.88218975067 object_loss=2.80997014046 distance_loss=2.0722193718
Iteration 20 of 100: loss=4.823138237 object_loss=2.75108098984 distance_loss=2.07205700874
Iteration 21 of 100: loss=4.7639465332 object_loss=2.69167375565 distance_loss=2.07227253914
Iteration 22 of 100: loss=4.61104869843 object_loss=2.53868317604 distance_loss=2.0723657608
Iteration 23 of 100: loss=4.71387910843 object_loss=2.64132833481 distance_loss=2.07255077362
Iteration 24 of 100: loss=4.34824943542 object_loss=2.27555942535 distance_loss=2.07268977165
Iteration 25 of 100: loss=4.03638362885 object_loss=1.96362745762 distance_loss=2.07275605202
Iteration 26 of 100: loss=4.30489301682 object_loss=2.23196101189 distance_loss=2.07293200493
Iteration 27 of 100: loss=4.22807836533 object_loss=2.15503048897 distance_loss=2.07304787636
Iteration 28 of 100: loss=4.13025903702 object_loss=2.05714797974 distance_loss=2.07311105728
Iteration 29 of 100: loss=4.12972545624 object_loss=2.05640125275 distance_loss=2.07332396507
Iteration 30 of 100: loss=4.2504940033 object_loss=2.17713594437 distance_loss=2.07335782051
Iteration 31 of 100: loss=3.90415620804 object_loss=1.8305901289 distance_loss=2.07356619835
Iteration 32 of 100: loss=3.99523544312 object_loss=1.92184984684 distance_loss=2.07338571548
Iteration 33 of 100: loss=4.03592967987 object_loss=1.96224236488 distance_loss=2.07368731499
Iteration 34 of 100: loss=4.08958721161 object_loss=2.01564836502 distance_loss=2.07393908501
Iteration 35 of 100: loss=4.60193252563 object_loss=2.52783799171 distance_loss=2.0740942955
Iteration 36 of 100: loss=3.91313076019 object_loss=1.83902847767 distance_loss=2.07410216331
Iteration 37 of 100: loss=3.98919963837 object_loss=1.91521370411 distance_loss=2.07398605347
Iteration 38 of 100: loss=3.9237370491 object_loss=1.84971368313 distance_loss=2.07402348518
Iteration 39 of 100: loss=3.92383623123 object_loss=1.84970343113 distance_loss=2.07413291931
Iteration 40 of 100: loss=3.92398500443 object_loss=1.84968674183 distance_loss=2.07429814339
Iteration 41 of 100: loss=3.8867430687 object_loss=1.81265056133 distance_loss=2.07409238815
Iteration 42 of 100: loss=3.69435548782 object_loss=1.62021124363 distance_loss=2.0741443634
Iteration 43 of 100: loss=3.77946639061 object_loss=1.7049973011 distance_loss=2.07446908951
Iteration 44 of 100: loss=3.65211248398 object_loss=1.57767093182 distance_loss=2.07444167137
Iteration 45 of 100: loss=3.96469926834 object_loss=1.8900769949 distance_loss=2.07462215424
Iteration 46 of 100: loss=3.90245628357 object_loss=1.82767641544 distance_loss=2.07477974892
Iteration 47 of 100: loss=3.98521137238 object_loss=1.91027271748 distance_loss=2.07493853569
Iteration 48 of 100: loss=3.80714607239 object_loss=1.73205125332 distance_loss=2.07509469986
Iteration 49 of 100: loss=3.89186215401 object_loss=1.81639361382 distance_loss=2.07546854019
Iteration 50 of 100: loss=3.78732395172 object_loss=1.71158432961 distance_loss=2.07573962212
Iteration 51 of 100: loss=3.31443023682 object_loss=1.23850846291 distance_loss=2.07592177391
Iteration 52 of 100: loss=3.48456430435 object_loss=1.40886282921 distance_loss=2.07570147514
Iteration 53 of 100: loss=3.8721704483 object_loss=1.79625916481 distance_loss=2.07591128349
Iteration 54 of 100: loss=3.70376253128 object_loss=1.62751817703 distance_loss=2.07624435425
Iteration 55 of 100: loss=3.69026517868 object_loss=1.61403799057 distance_loss=2.07622718811
Iteration 56 of 100: loss=3.14666795731 object_loss=1.07093894482 distance_loss=2.0757291317
Iteration 57 of 100: loss=3.3167347908 object_loss=1.24103152752 distance_loss=2.07570314407
Iteration 58 of 100: loss=3.33952236176 object_loss=1.26381194592 distance_loss=2.07571029663
Iteration 59 of 100: loss=3.19473648071 object_loss=1.11908113956 distance_loss=2.07565546036
Iteration 60 of 100: loss=3.21664857864 object_loss=1.14081084728 distance_loss=2.07583785057
Iteration 61 of 100: loss=3.33668994904 object_loss=1.26094019413 distance_loss=2.07574987411
Iteration 62 of 100: loss=3.50430035591 object_loss=1.4286673069 distance_loss=2.07563304901
Iteration 63 of 100: loss=3.67907524109 object_loss=1.60343134403 distance_loss=2.07564377785
Iteration 64 of 100: loss=3.74632358551 object_loss=1.67084932327 distance_loss=2.07547426224
Iteration 65 of 100: loss=3.76952695847 object_loss=1.69420015812 distance_loss=2.07532668114
Iteration 66 of 100: loss=3.40859770775 object_loss=1.33317542076 distance_loss=2.07542228699
Iteration 67 of 100: loss=3.36665678024 object_loss=1.29135751724 distance_loss=2.075299263
Iteration 68 of 100: loss=3.48628568649 object_loss=1.41127431393 distance_loss=2.07501125336
Iteration 69 of 100: loss=3.79581308365 object_loss=1.72061502934 distance_loss=2.07519817352
Iteration 70 of 100: loss=3.49045181274 object_loss=1.4152854681 distance_loss=2.07516646385
Iteration 71 of 100: loss=3.47892260551 object_loss=1.40384078026 distance_loss=2.07508182526
Iteration 72 of 100: loss=3.48223733902 object_loss=1.40738880634 distance_loss=2.07484841347
Iteration 73 of 100: loss=3.39080667496 object_loss=1.31577813625 distance_loss=2.07502865791
Iteration 74 of 100: loss=3.3804192543 object_loss=1.3054536581 distance_loss=2.07496547699
Iteration 75 of 100: loss=3.38044261932 object_loss=1.30545532703 distance_loss=2.0749874115
Iteration 76 of 100: loss=3.53001213074 object_loss=1.45532691479 distance_loss=2.07468533516
Iteration 77 of 100: loss=3.54185342789 object_loss=1.46736609936 distance_loss=2.07448720932
Iteration 78 of 100: loss=3.34859466553 object_loss=1.2742112875 distance_loss=2.07438349724
Iteration 79 of 100: loss=3.56075048447 object_loss=1.48650920391 distance_loss=2.07424139977
Iteration 80 of 100: loss=3.60094308853 object_loss=1.52695858479 distance_loss=2.07398438454
Iteration 81 of 100: loss=3.52963662148 object_loss=1.45577764511 distance_loss=2.07385897636
Iteration 82 of 100: loss=3.45962572098 object_loss=1.38584494591 distance_loss=2.07378077507
Iteration 83 of 100: loss=3.53371620178 object_loss=1.45988750458 distance_loss=2.0738286972
Iteration 84 of 100: loss=3.7056221962 object_loss=1.63199770451 distance_loss=2.0736246109
Iteration 85 of 100: loss=3.46093130112 object_loss=1.38740193844 distance_loss=2.07352924347
Iteration 86 of 100: loss=3.65501832962 object_loss=1.58168017864 distance_loss=2.07333803177
Iteration 87 of 100: loss=3.56695985794 object_loss=1.49364805222 distance_loss=2.07331180573
Iteration 88 of 100: loss=3.75556230545 object_loss=1.68249976635 distance_loss=2.07306265831
Iteration 89 of 100: loss=3.51713418961 object_loss=1.44427788258 distance_loss=2.07285618782
Iteration 90 of 100: loss=3.7825551033 object_loss=1.70958578587 distance_loss=2.07296919823
Iteration 91 of 100: loss=3.94908761978 object_loss=1.87621092796 distance_loss=2.07287669182
Iteration 92 of 100: loss=3.74514651299 object_loss=1.67294955254 distance_loss=2.07219696045
Iteration 93 of 100: loss=3.36154913902 object_loss=1.28963112831 distance_loss=2.07191801071
Iteration 94 of 100: loss=3.52978277206 object_loss=1.45798659325 distance_loss=2.07179617882
Iteration 95 of 100: loss=3.7069504261 object_loss=1.63539910316 distance_loss=2.07155132294
Iteration 96 of 100: loss=3.66738772392 object_loss=1.59599637985 distance_loss=2.07139134407
Iteration 97 of 100: loss=3.4005947113 object_loss=1.32926416397 distance_loss=2.07133054733
Iteration 98 of 100: loss=3.4674038887 object_loss=1.39615404606 distance_loss=2.07124972343
Iteration 99 of 100: loss=3.54942798615 object_loss=1.47798502445 distance_loss=2.07144284248
Iteration 0 of 100: loss=3.48648357391 object_loss=1.41491305828 distance_loss=2.07157063484
Iteration 1 of 100: loss=3.55561733246 object_loss=1.48398816586 distance_loss=2.07162928581
Iteration 2 of 100: loss=3.4568605423 object_loss=1.38510811329 distance_loss=2.0717523098
Iteration 3 of 100: loss=3.5226111412 object_loss=1.45053505898 distance_loss=2.07207608223
Iteration 4 of 100: loss=4.00568675995 object_loss=1.93367266655 distance_loss=2.0720140934
Iteration 5 of 100: loss=4.24592256546 object_loss=2.1738243103 distance_loss=2.07209825516
Iteration 6 of 100: loss=4.12841129303 object_loss=2.0563595295 distance_loss=2.07205152512
Iteration 7 of 100: loss=4.43546485901 object_loss=2.36349964142 distance_loss=2.07196545601
Iteration 8 of 100: loss=4.16770553589 object_loss=2.09562039375 distance_loss=2.07208538055
Iteration 9 of 100: loss=4.34195041656 object_loss=2.26960992813 distance_loss=2.07234025002
Iteration 10 of 100: loss=3.89721155167 object_loss=1.82485485077 distance_loss=2.0723567009
Iteration 11 of 100: loss=3.89677524567 object_loss=1.82439005375 distance_loss=2.07238531113
Iteration 12 of 100: loss=4.01093101501 object_loss=1.93883526325 distance_loss=2.07209563255
Iteration 13 of 100: loss=3.93757247925 object_loss=1.86537837982 distance_loss=2.07219409943
Iteration 14 of 100: loss=4.04529857635 object_loss=1.97308373451 distance_loss=2.07221484184
Iteration 15 of 100: loss=4.04545497894 object_loss=1.97333455086 distance_loss=2.0721206665
Iteration 16 of 100: loss=4.21286582947 object_loss=2.14107036591 distance_loss=2.07179522514
Iteration 17 of 100: loss=4.20820236206 object_loss=2.13647270203 distance_loss=2.07172942162
Iteration 18 of 100: loss=4.17592525482 object_loss=2.10433030128 distance_loss=2.07159495354
Iteration 19 of 100: loss=3.92284822464 object_loss=1.85147750378 distance_loss=2.07137084007
Iteration 20 of 100: loss=4.02964115143 object_loss=1.95845150948 distance_loss=2.07118988037
Iteration 21 of 100: loss=4.31234073639 object_loss=2.24134421349 distance_loss=2.07099628448
Iteration 22 of 100: loss=4.54360198975 object_loss=2.47290635109 distance_loss=2.07069563866
Iteration 23 of 100: loss=4.62181758881 object_loss=2.55117845535 distance_loss=2.07063889503
Iteration 24 of 100: loss=3.91595554352 object_loss=1.84560286999 distance_loss=2.07035255432
Iteration 25 of 100: loss=3.88625955582 object_loss=1.81615757942 distance_loss=2.07010197639
Iteration 26 of 100: loss=3.91199946404 object_loss=1.84178638458 distance_loss=2.07021307945
Iteration 27 of 100: loss=4.13660621643 object_loss=2.06625461578 distance_loss=2.07035183907
Iteration 28 of 100: loss=4.14487838745 object_loss=2.07489585876 distance_loss=2.06998229027
Iteration 29 of 100: loss=4.02215862274 object_loss=1.9520201683 distance_loss=2.07013845444
Iteration 30 of 100: loss=4.17796897888 object_loss=2.10785269737 distance_loss=2.07011628151
Iteration 31 of 100: loss=4.12663698196 object_loss=2.05689263344 distance_loss=2.06974434853
Iteration 32 of 100: loss=4.02583885193 object_loss=1.95656275749 distance_loss=2.06927585602
Iteration 33 of 100: loss=4.16170310974 object_loss=2.09250044823 distance_loss=2.06920266151
Iteration 34 of 100: loss=4.21965837479 object_loss=2.15081715584 distance_loss=2.06884121895
Iteration 35 of 100: loss=3.78458404541 object_loss=1.7160692215 distance_loss=2.06851482391
Iteration 36 of 100: loss=3.95089101791 object_loss=1.88248980045 distance_loss=2.06840133667
Iteration 37 of 100: loss=4.14089488983 object_loss=2.07251906395 distance_loss=2.06837582588
Iteration 38 of 100: loss=4.15163993835 object_loss=2.08314681053 distance_loss=2.0684928894
Iteration 39 of 100: loss=4.08171510696 object_loss=2.01319313049 distance_loss=2.06852197647
Iteration 40 of 100: loss=4.08878183365 object_loss=2.02062678337 distance_loss=2.06815505028
Iteration 41 of 100: loss=4.15068292618 object_loss=2.08238124847 distance_loss=2.0683016777
Iteration 42 of 100: loss=4.13201951981 object_loss=2.06364059448 distance_loss=2.06837892532
Iteration 43 of 100: loss=4.16705417633 object_loss=2.09861207008 distance_loss=2.06844210625
Iteration 44 of 100: loss=4.10885334015 object_loss=2.04033613205 distance_loss=2.06851696968
Iteration 45 of 100: loss=4.07249927521 object_loss=2.00416755676 distance_loss=2.06833148003
Iteration 46 of 100: loss=4.17978096008 object_loss=2.11150527 distance_loss=2.06827569008
Iteration 47 of 100: loss=4.18360519409 object_loss=2.11531400681 distance_loss=2.06829094887
Iteration 48 of 100: loss=4.20161962509 object_loss=2.13342475891 distance_loss=2.06819486618
Iteration 49 of 100: loss=4.00653171539 object_loss=1.93826174736 distance_loss=2.06826996803
Iteration 50 of 100: loss=4.13549423218 object_loss=2.06693577766 distance_loss=2.06855845451
Iteration 51 of 100: loss=4.20449542999 object_loss=2.13578128815 distance_loss=2.06871414185
Iteration 52 of 100: loss=4.37105798721 object_loss=2.3027946949 distance_loss=2.06826329231
Iteration 53 of 100: loss=4.46038389206 object_loss=2.39188098907 distance_loss=2.06850290298
Iteration 54 of 100: loss=4.5236825943 object_loss=2.45496082306 distance_loss=2.06872153282
Iteration 55 of 100: loss=4.17303133011 object_loss=2.10407447815 distance_loss=2.06895685196
Iteration 56 of 100: loss=4.25043296814 object_loss=2.1815161705 distance_loss=2.06891655922
Iteration 57 of 100: loss=4.17717266083 object_loss=2.10818433762 distance_loss=2.06898856163
Iteration 58 of 100: loss=4.54568529129 object_loss=2.4767036438 distance_loss=2.06898164749
Iteration 59 of 100: loss=4.27960968018 object_loss=2.21041417122 distance_loss=2.06919574738
Iteration 60 of 100: loss=4.27093553543 object_loss=2.2017698288 distance_loss=2.06916570663
Iteration 61 of 100: loss=4.17541646957 object_loss=2.106300354 distance_loss=2.06911611557
Iteration 62 of 100: loss=3.7614068985 object_loss=1.69207370281 distance_loss=2.06933307648
Iteration 63 of 100: loss=3.84855031967 object_loss=1.77897393703 distance_loss=2.06957626343
Iteration 64 of 100: loss=3.85336041451 object_loss=1.78367686272 distance_loss=2.06968355179
Iteration 65 of 100: loss=3.76993203163 object_loss=1.70008254051 distance_loss=2.06984949112
Iteration 66 of 100: loss=3.77468633652 object_loss=1.70469772816 distance_loss=2.06998872757
Iteration 67 of 100: loss=3.74242377281 object_loss=1.67248344421 distance_loss=2.0699403286
Iteration 68 of 100: loss=3.75921845436 object_loss=1.68941092491 distance_loss=2.06980752945
Iteration 69 of 100: loss=3.69906663895 object_loss=1.62952959538 distance_loss=2.06953716278
Iteration 70 of 100: loss=3.65386629105 object_loss=1.58459174633 distance_loss=2.06927442551
Iteration 71 of 100: loss=3.80971121788 object_loss=1.74058890343 distance_loss=2.06912231445
Iteration 72 of 100: loss=3.67472076416 object_loss=1.60593700409 distance_loss=2.06878376007
Iteration 73 of 100: loss=3.45023822784 object_loss=1.3813495636 distance_loss=2.06888866425
Iteration 74 of 100: loss=3.76176953316 object_loss=1.69283342361 distance_loss=2.06893610954
Iteration 75 of 100: loss=3.72393417358 object_loss=1.65483558178 distance_loss=2.0690984726
Iteration 76 of 100: loss=3.64374661446 object_loss=1.5746049881 distance_loss=2.06914162636
Iteration 77 of 100: loss=3.29687261581 object_loss=1.22753894329 distance_loss=2.06933355331
Iteration 78 of 100: loss=3.13995742798 object_loss=1.07023727894 distance_loss=2.06972002983
Iteration 79 of 100: loss=3.61096048355 object_loss=1.54086363316 distance_loss=2.07009673119
Iteration 80 of 100: loss=3.59795761108 object_loss=1.52775657177 distance_loss=2.0702009201
Iteration 81 of 100: loss=3.40235614777 object_loss=1.3320710659 distance_loss=2.07028508186
Iteration 82 of 100: loss=3.4605152607 object_loss=1.39006686211 distance_loss=2.07044839859
Iteration 83 of 100: loss=3.15153050423 object_loss=1.08080124855 distance_loss=2.07072925568
Iteration 84 of 100: loss=3.30551290512 object_loss=1.23460018635 distance_loss=2.07091259956
Iteration 85 of 100: loss=3.73747348785 object_loss=1.66631114483 distance_loss=2.07116222382
Iteration 86 of 100: loss=3.86966228485 object_loss=1.79841387272 distance_loss=2.07124853134
Iteration 87 of 100: loss=3.87057352066 object_loss=1.79930913448 distance_loss=2.07126426697
Iteration 88 of 100: loss=4.52555179596 object_loss=2.45455121994 distance_loss=2.07100081444
Iteration 89 of 100: loss=4.31442260742 object_loss=2.24327683449 distance_loss=2.07114553452
Iteration 90 of 100: loss=4.24823093414 object_loss=2.17708396912 distance_loss=2.07114672661
Iteration 91 of 100: loss=4.16593647003 object_loss=2.09509921074 distance_loss=2.07083725929
Iteration 92 of 100: loss=3.55715656281 object_loss=1.4868991375 distance_loss=2.07025742531
Iteration 93 of 100: loss=3.64188861847 object_loss=1.57158887386 distance_loss=2.07029986382
Iteration 94 of 100: loss=3.68477654457 object_loss=1.61445069313 distance_loss=2.07032585144
Iteration 95 of 100: loss=3.74327230453 object_loss=1.67299461365 distance_loss=2.07027769089
Iteration 96 of 100: loss=3.70221662521 object_loss=1.6322940588 distance_loss=2.06992268562
Iteration 97 of 100: loss=4.23444366455 object_loss=2.16462922096 distance_loss=2.06981468201
Iteration 98 of 100: loss=4.32188510895 object_loss=2.2518954277 distance_loss=2.06998944283
Iteration 99 of 100: loss=4.52202510834 object_loss=2.4520072937 distance_loss=2.07001805305
Iteration 0 of 100: loss=3.76062297821 object_loss=1.69085025787 distance_loss=2.06977272034
Iteration 1 of 100: loss=3.77399492264 object_loss=1.70435214043 distance_loss=2.06964278221
Iteration 2 of 100: loss=3.82312965393 object_loss=1.75343203545 distance_loss=2.06969761848
Iteration 3 of 100: loss=3.36219978333 object_loss=1.29253959656 distance_loss=2.06966018677
Iteration 4 of 100: loss=3.36024546623 object_loss=1.29053425789 distance_loss=2.06971120834
Iteration 5 of 100: loss=3.91252851486 object_loss=1.84286630154 distance_loss=2.06966233253
Iteration 6 of 100: loss=3.91253447533 object_loss=1.8428645134 distance_loss=2.06966996193
Iteration 7 of 100: loss=3.927754879 object_loss=1.85808908939 distance_loss=2.06966590881
Iteration 8 of 100: loss=3.77418088913 object_loss=1.70481336117 distance_loss=2.06936764717
Iteration 9 of 100: loss=3.63156461716 object_loss=1.56239247322 distance_loss=2.06917214394
Iteration 10 of 100: loss=3.48359203339 object_loss=1.4143178463 distance_loss=2.06927418709
Iteration 11 of 100: loss=3.48157453537 object_loss=1.4121941328 distance_loss=2.06938028336
Iteration 12 of 100: loss=3.36529874802 object_loss=1.29651391506 distance_loss=2.06878471375
Iteration 13 of 100: loss=3.29024648666 object_loss=1.22127854824 distance_loss=2.06896781921
Iteration 14 of 100: loss=3.32880878448 object_loss=1.25993847847 distance_loss=2.06887030602
Iteration 15 of 100: loss=3.8524813652 object_loss=1.7835713625 distance_loss=2.0689098835
Iteration 16 of 100: loss=3.38211917877 object_loss=1.31330144405 distance_loss=2.06881761551
Iteration 17 of 100: loss=3.27971172333 object_loss=1.21088314056 distance_loss=2.06882858276
Iteration 18 of 100: loss=3.37687969208 object_loss=1.3081882 distance_loss=2.06869149208
Iteration 19 of 100: loss=3.38320851326 object_loss=1.31435585022 distance_loss=2.06885266304
Iteration 20 of 100: loss=3.40295886993 object_loss=1.33405292034 distance_loss=2.0689060688
Iteration 21 of 100: loss=3.46830224991 object_loss=1.39938402176 distance_loss=2.06891822815
Iteration 22 of 100: loss=3.32083201408 object_loss=1.25159168243 distance_loss=2.06924033165
Iteration 23 of 100: loss=3.47230672836 object_loss=1.40275657177 distance_loss=2.06955003738
Iteration 24 of 100: loss=3.29657077789 object_loss=1.22707033157 distance_loss=2.06950044632
Iteration 25 of 100: loss=3.33957910538 object_loss=1.27001965046 distance_loss=2.06955957413
Iteration 26 of 100: loss=2.99105024338 object_loss=0.921588778496 distance_loss=2.06946134567
Iteration 27 of 100: loss=3.63271737099 object_loss=1.56336236 distance_loss=2.06935501099
Iteration 28 of 100: loss=3.61093425751 object_loss=1.54151690006 distance_loss=2.06941747665
Iteration 29 of 100: loss=3.51918768883 object_loss=1.44961953163 distance_loss=2.0695681572
Iteration 30 of 100: loss=3.56701016426 object_loss=1.49743628502 distance_loss=2.06957387924
Iteration 31 of 100: loss=3.89980578423 object_loss=1.82981181145 distance_loss=2.06999397278
Iteration 32 of 100: loss=4.29102230072 object_loss=2.22107839584 distance_loss=2.0699441433
Iteration 33 of 100: loss=4.86245250702 object_loss=2.79230666161 distance_loss=2.07014560699
Iteration 34 of 100: loss=4.85630130768 object_loss=2.78599095345 distance_loss=2.07031011581
Iteration 35 of 100: loss=4.95690345764 object_loss=2.88673782349 distance_loss=2.07016563416
Iteration 36 of 100: loss=5.83720731735 object_loss=3.76722383499 distance_loss=2.06998348236
Iteration 37 of 100: loss=5.23276376724 object_loss=3.16261911392 distance_loss=2.07014465332
Iteration 38 of 100: loss=6.11426067352 object_loss=4.04394197464 distance_loss=2.07031869888
Iteration 39 of 100: loss=4.68186283112 object_loss=2.61136078835 distance_loss=2.07050228119
Iteration 40 of 100: loss=4.97613620758 object_loss=2.90565228462 distance_loss=2.07048392296
Iteration 41 of 100: loss=6.7439622879 object_loss=4.6735291481 distance_loss=2.07043290138
Iteration 42 of 100: loss=6.75726222992 object_loss=4.68687582016 distance_loss=2.07038640976
Iteration 43 of 100: loss=5.91966104507 object_loss=3.84902715683 distance_loss=2.07063388824
Iteration 44 of 100: loss=7.48959732056 object_loss=5.41876411438 distance_loss=2.07083296776
Iteration 45 of 100: loss=5.50295734406 object_loss=3.43182587624 distance_loss=2.07113146782
Iteration 46 of 100: loss=6.52287483215 object_loss=4.451567173 distance_loss=2.07130789757
Iteration 47 of 100: loss=5.79939079285 object_loss=3.72783279419 distance_loss=2.07155799866
Iteration 48 of 100: loss=4.78396892548 object_loss=2.71258854866 distance_loss=2.07138037682
Iteration 49 of 100: loss=5.70066928864 object_loss=3.62899518013 distance_loss=2.07167410851
Iteration 50 of 100: loss=6.6637263298 object_loss=4.59175157547 distance_loss=2.07197475433
Iteration 51 of 100: loss=6.89742326736 object_loss=4.82530784607 distance_loss=2.0721154213
Iteration 52 of 100: loss=6.05954647064 object_loss=3.98746299744 distance_loss=2.07208371162
Iteration 53 of 100: loss=5.12818050385 object_loss=3.05566573143 distance_loss=2.072514534
Iteration 54 of 100: loss=4.40770149231 object_loss=2.33517432213 distance_loss=2.07252693176
Iteration 55 of 100: loss=4.96551895142 object_loss=2.89315867424 distance_loss=2.07236027718
Iteration 56 of 100: loss=5.07840824127 object_loss=3.00646662712 distance_loss=2.07194161415
Iteration 57 of 100: loss=6.62021827698 object_loss=4.54881381989 distance_loss=2.07140469551
Iteration 58 of 100: loss=7.6604809761 object_loss=5.58923482895 distance_loss=2.07124614716
Iteration 59 of 100: loss=7.67779064178 object_loss=5.60663509369 distance_loss=2.0711555481
Iteration 60 of 100: loss=9.57258415222 object_loss=7.50175094604 distance_loss=2.07083320618
Iteration 61 of 100: loss=10.8590364456 object_loss=8.7887506485 distance_loss=2.07028579712
Iteration 62 of 100: loss=8.05578041077 object_loss=5.98618602753 distance_loss=2.0695939064
Iteration 63 of 100: loss=8.94469928741 object_loss=6.87573194504 distance_loss=2.06896734238
Iteration 64 of 100: loss=8.09639644623 object_loss=6.02798366547 distance_loss=2.06841301918
Iteration 65 of 100: loss=7.35874032974 object_loss=5.29084062576 distance_loss=2.06789970398
Iteration 66 of 100: loss=6.86265182495 object_loss=4.79516649246 distance_loss=2.06748509407
Iteration 67 of 100: loss=7.73503494263 object_loss=5.66769981384 distance_loss=2.06733489037
Iteration 68 of 100: loss=7.77510070801 object_loss=5.70834732056 distance_loss=2.06675362587
Iteration 69 of 100: loss=10.1376743317 object_loss=8.07092380524 distance_loss=2.06675100327
Iteration 70 of 100: loss=6.77245616913 object_loss=4.70534992218 distance_loss=2.06710648537
Iteration 71 of 100: loss=6.03255558014 object_loss=3.9651184082 distance_loss=2.06743717194
Iteration 72 of 100: loss=4.87988853455 object_loss=2.8127887249 distance_loss=2.06709957123
Iteration 73 of 100: loss=5.23978996277 object_loss=3.17222428322 distance_loss=2.06756544113
Iteration 74 of 100: loss=5.49897861481 object_loss=3.43115496635 distance_loss=2.06782364845
Iteration 75 of 100: loss=6.21770811081 object_loss=4.14991474152 distance_loss=2.06779336929
Iteration 76 of 100: loss=6.40606403351 object_loss=4.33831310272 distance_loss=2.06775093079
Iteration 77 of 100: loss=7.55132579803 object_loss=5.48334980011 distance_loss=2.06797623634
Iteration 78 of 100: loss=7.61026287079 object_loss=5.54191732407 distance_loss=2.06834554672
Iteration 79 of 100: loss=9.70713233948 object_loss=7.63834810257 distance_loss=2.06878447533
Iteration 80 of 100: loss=7.42052173615 object_loss=5.3515868187 distance_loss=2.06893491745
Iteration 81 of 100: loss=8.1066904068 object_loss=6.03765439987 distance_loss=2.06903576851
Iteration 82 of 100: loss=8.5837469101 object_loss=6.51459169388 distance_loss=2.0691549778
Iteration 83 of 100: loss=7.1726102829 object_loss=5.10324144363 distance_loss=2.06936883926
Iteration 84 of 100: loss=6.12372207642 object_loss=4.05434131622 distance_loss=2.06938052177
Iteration 85 of 100: loss=5.61206531525 object_loss=3.5422847271 distance_loss=2.06978082657
Iteration 86 of 100: loss=5.76456737518 object_loss=3.69465780258 distance_loss=2.06990933418
Iteration 87 of 100: loss=4.82599925995 object_loss=2.75622963905 distance_loss=2.06976985931
Iteration 88 of 100: loss=7.01818180084 object_loss=4.94833087921 distance_loss=2.06985092163
Iteration 89 of 100: loss=8.23162269592 object_loss=6.16173362732 distance_loss=2.06988883018
Iteration 90 of 100: loss=7.30862474442 object_loss=5.23866415024 distance_loss=2.06996059418
Iteration 91 of 100: loss=7.78759765625 object_loss=5.71743535995 distance_loss=2.0701622963
Iteration 92 of 100: loss=7.08077144623 object_loss=5.01052379608 distance_loss=2.07024741173
Iteration 93 of 100: loss=6.61231422424 object_loss=4.54154920578 distance_loss=2.07076501846
Iteration 94 of 100: loss=6.29749011993 object_loss=4.22634410858 distance_loss=2.07114624977
Iteration 95 of 100: loss=5.81108856201 object_loss=3.73983311653 distance_loss=2.0712556839
Iteration 96 of 100: loss=7.85534524918 object_loss=5.78430557251 distance_loss=2.07103967667
Iteration 97 of 100: loss=6.04563617706 object_loss=3.97433161736 distance_loss=2.07130455971
Iteration 98 of 100: loss=5.75154685974 object_loss=3.68017363548 distance_loss=2.07137346268
Iteration 99 of 100: loss=5.68165111542 object_loss=3.6101269722 distance_loss=2.0715239048
Iteration 0 of 100: loss=5.36800098419 object_loss=3.29638314247 distance_loss=2.07161784172
Iteration 1 of 100: loss=6.19846343994 object_loss=4.12662315369 distance_loss=2.07184052467
Iteration 2 of 100: loss=5.47101306915 object_loss=3.3993601799 distance_loss=2.07165312767
Iteration 3 of 100: loss=5.49093389511 object_loss=3.41932725906 distance_loss=2.07160663605
Iteration 4 of 100: loss=4.46648836136 object_loss=2.39494466782 distance_loss=2.07154369354
Iteration 5 of 100: loss=4.73799228668 object_loss=2.6664557457 distance_loss=2.07153654099
Iteration 6 of 100: loss=5.07571315765 object_loss=3.00397062302 distance_loss=2.07174253464
Iteration 7 of 100: loss=5.63917064667 object_loss=3.56721329689 distance_loss=2.07195711136
Iteration 8 of 100: loss=5.41198444366 object_loss=3.34018850327 distance_loss=2.0717959404
Iteration 9 of 100: loss=6.34531593323 object_loss=4.27334451675 distance_loss=2.07197165489
Iteration 10 of 100: loss=5.59061098099 object_loss=3.51860499382 distance_loss=2.07200598717
Iteration 11 of 100: loss=6.84051036835 object_loss=4.76841926575 distance_loss=2.0720911026
Iteration 12 of 100: loss=8.87138938904 object_loss=6.79935216904 distance_loss=2.07203698158
Iteration 13 of 100: loss=8.96443462372 object_loss=6.89230728149 distance_loss=2.07212710381
Iteration 14 of 100: loss=5.93261146545 object_loss=3.86054778099 distance_loss=2.07206368446
Iteration 15 of 100: loss=7.42808437347 object_loss=5.35614395142 distance_loss=2.07194018364
Iteration 16 of 100: loss=7.38463020325 object_loss=5.31341123581 distance_loss=2.07121920586
Iteration 17 of 100: loss=4.76921081543 object_loss=2.69855260849 distance_loss=2.07065796852
Iteration 18 of 100: loss=6.35454750061 object_loss=4.28416919708 distance_loss=2.07037854195
Iteration 19 of 100: loss=7.21514701843 object_loss=5.14501476288 distance_loss=2.07013249397
Iteration 20 of 100: loss=7.64519786835 object_loss=5.57564020157 distance_loss=2.0695579052
Iteration 21 of 100: loss=5.2605266571 object_loss=3.19126272202 distance_loss=2.06926369667
Iteration 22 of 100: loss=4.65421199799 object_loss=2.58522963524 distance_loss=2.06898236275
Iteration 23 of 100: loss=5.13731956482 object_loss=3.06828308105 distance_loss=2.06903648376
Iteration 24 of 100: loss=8.48806858063 object_loss=6.41882991791 distance_loss=2.0692384243
Iteration 25 of 100: loss=7.40733957291 object_loss=5.33778476715 distance_loss=2.06955480576
Iteration 26 of 100: loss=4.6612071991 object_loss=2.59148025513 distance_loss=2.06972670555
Iteration 27 of 100: loss=4.29731655121 object_loss=2.22737288475 distance_loss=2.06994366646
Iteration 28 of 100: loss=4.25888156891 object_loss=2.1889102459 distance_loss=2.06997132301
Iteration 29 of 100: loss=6.2025270462 object_loss=4.13220119476 distance_loss=2.07032561302
Iteration 30 of 100: loss=6.705722332 object_loss=4.63518953323 distance_loss=2.07053279877
Iteration 31 of 100: loss=7.70541095734 object_loss=5.63469696045 distance_loss=2.07071399689
Iteration 32 of 100: loss=7.17259883881 object_loss=5.10196876526 distance_loss=2.07063031197
Iteration 33 of 100: loss=4.88227653503 object_loss=2.81142020226 distance_loss=2.07085633278
Iteration 34 of 100: loss=5.82682037354 object_loss=3.75614333153 distance_loss=2.07067680359
Iteration 35 of 100: loss=4.53199720383 object_loss=2.46156144142 distance_loss=2.07043576241
Iteration 36 of 100: loss=4.00912570953 object_loss=1.93911087513 distance_loss=2.07001495361
Iteration 37 of 100: loss=4.29531669617 object_loss=2.22546362877 distance_loss=2.06985330582
Iteration 38 of 100: loss=4.63537168503 object_loss=2.56578159332 distance_loss=2.06959009171
Iteration 39 of 100: loss=5.16260766983 object_loss=3.09306120872 distance_loss=2.06954646111
Iteration 40 of 100: loss=5.13714122772 object_loss=3.06766486168 distance_loss=2.06947636604
Iteration 41 of 100: loss=4.72101783752 object_loss=2.65158605576 distance_loss=2.06943202019
Iteration 42 of 100: loss=4.46096324921 object_loss=2.39136958122 distance_loss=2.06959342957
Iteration 43 of 100: loss=5.02738761902 object_loss=2.95765471458 distance_loss=2.06973266602
Iteration 44 of 100: loss=5.25405788422 object_loss=3.18432593346 distance_loss=2.06973171234
Iteration 45 of 100: loss=7.48466491699 object_loss=5.41485691071 distance_loss=2.06980776787
Iteration 46 of 100: loss=5.39707803726 object_loss=3.32714772224 distance_loss=2.06993031502
Iteration 47 of 100: loss=5.83576536179 object_loss=3.76626610756 distance_loss=2.06949925423
Iteration 48 of 100: loss=6.43591785431 object_loss=4.36674880981 distance_loss=2.06916880608
Iteration 49 of 100: loss=6.71028327942 object_loss=4.64115047455 distance_loss=2.06913304329
Iteration 50 of 100: loss=7.63021850586 object_loss=5.56125879288 distance_loss=2.0689599514
Iteration 51 of 100: loss=5.17130947113 object_loss=3.10221576691 distance_loss=2.06909394264
Iteration 52 of 100: loss=4.47999620438 object_loss=2.41116166115 distance_loss=2.06883454323
Iteration 53 of 100: loss=4.48053026199 object_loss=2.41159009933 distance_loss=2.06894016266
Iteration 54 of 100: loss=4.11326360703 object_loss=2.04428052902 distance_loss=2.068983078
Iteration 55 of 100: loss=4.30855369568 object_loss=2.23946714401 distance_loss=2.06908679008
Iteration 56 of 100: loss=4.60712146759 object_loss=2.53826522827 distance_loss=2.06885647774
Iteration 57 of 100: loss=4.28423690796 object_loss=2.21515774727 distance_loss=2.06907892227
Iteration 58 of 100: loss=4.09470748901 object_loss=2.02566051483 distance_loss=2.06904697418
Iteration 59 of 100: loss=4.59257268906 object_loss=2.52346539497 distance_loss=2.06910729408
Iteration 60 of 100: loss=4.73436641693 object_loss=2.66497182846 distance_loss=2.06939482689
Iteration 61 of 100: loss=9.48815536499 object_loss=7.41856908798 distance_loss=2.06958627701
Iteration 62 of 100: loss=7.43176221848 object_loss=5.3620095253 distance_loss=2.06975269318
Iteration 63 of 100: loss=6.21244049072 object_loss=4.14192676544 distance_loss=2.07051348686
Iteration 64 of 100: loss=8.04901313782 object_loss=5.9778470993 distance_loss=2.07116627693
Iteration 65 of 100: loss=8.39954948425 object_loss=6.32800769806 distance_loss=2.07154154778
Iteration 66 of 100: loss=6.19564437866 object_loss=4.12342691422 distance_loss=2.07221746445
Iteration 67 of 100: loss=9.14277172089 object_loss=7.07002639771 distance_loss=2.0727455616
Iteration 68 of 100: loss=8.79247188568 object_loss=6.71926307678 distance_loss=2.0732088089
Iteration 69 of 100: loss=8.100440979 object_loss=6.02644062042 distance_loss=2.07400083542
Iteration 70 of 100: loss=14.7489957809 object_loss=12.6743078232 distance_loss=2.07468819618
Iteration 71 of 100: loss=12.544052124 object_loss=10.4688911438 distance_loss=2.07516121864
Iteration 72 of 100: loss=9.55575084686 object_loss=7.48066854477 distance_loss=2.07508254051
Iteration 73 of 100: loss=7.28361988068 object_loss=5.20804309845 distance_loss=2.07557678223
Iteration 74 of 100: loss=7.72435569763 object_loss=5.64850997925 distance_loss=2.0758459568
Iteration 75 of 100: loss=7.13384342194 object_loss=5.05754089355 distance_loss=2.0763027668
Iteration 76 of 100: loss=7.79799365997 object_loss=5.7218413353 distance_loss=2.07615232468
Iteration 77 of 100: loss=8.08877754211 object_loss=6.01288175583 distance_loss=2.07589554787
Iteration 78 of 100: loss=8.28053283691 object_loss=6.20459222794 distance_loss=2.0759408474
Iteration 79 of 100: loss=9.48802947998 object_loss=7.41215515137 distance_loss=2.07587432861
Iteration 80 of 100: loss=8.14947986603 object_loss=6.07407283783 distance_loss=2.07540726662
Iteration 81 of 100: loss=6.87830305099 object_loss=4.80300378799 distance_loss=2.075299263
Iteration 82 of 100: loss=5.79677009583 object_loss=3.72156429291 distance_loss=2.07520580292
Iteration 83 of 100: loss=5.63031578064 object_loss=3.55509233475 distance_loss=2.07522368431
Iteration 84 of 100: loss=6.02530193329 object_loss=3.95017695427 distance_loss=2.0751247406
Iteration 85 of 100: loss=6.69471979141 object_loss=4.61962795258 distance_loss=2.07509183884
Iteration 86 of 100: loss=5.30220413208 object_loss=3.22703194618 distance_loss=2.07517242432
Iteration 87 of 100: loss=5.88079214096 object_loss=3.80559515953 distance_loss=2.07519698143
Iteration 88 of 100: loss=6.06455802917 object_loss=3.98945403099 distance_loss=2.07510375977
Iteration 89 of 100: loss=4.78064012527 object_loss=2.7056081295 distance_loss=2.07503199577
Iteration 90 of 100: loss=3.81248092651 object_loss=1.73716568947 distance_loss=2.07531523705
Iteration 91 of 100: loss=3.93656921387 object_loss=1.86105906963 distance_loss=2.07551026344
Iteration 92 of 100: loss=3.64569616318 object_loss=1.57032120228 distance_loss=2.07537484169
Iteration 93 of 100: loss=3.9313993454 object_loss=1.85548520088 distance_loss=2.07591414452
Iteration 94 of 100: loss=5.89662361145 object_loss=3.8202354908 distance_loss=2.07638835907
Iteration 95 of 100: loss=5.13602399826 object_loss=3.05909895897 distance_loss=2.07692503929
Iteration 96 of 100: loss=5.70331001282 object_loss=3.62626409531 distance_loss=2.07704615593
Iteration 97 of 100: loss=5.69254207611 object_loss=3.61544799805 distance_loss=2.07709407806
Iteration 98 of 100: loss=5.85692119598 object_loss=3.77961683273 distance_loss=2.07730460167
Iteration 99 of 100: loss=6.24721860886 object_loss=4.16960573196 distance_loss=2.07761287689
Iteration 0 of 100: loss=7.464635849 object_loss=5.38679409027 distance_loss=2.07784152031
Iteration 1 of 100: loss=7.92074108124 object_loss=5.84287929535 distance_loss=2.07786178589
Iteration 2 of 100: loss=6.86407089233 object_loss=4.78585243225 distance_loss=2.07821846008
Iteration 3 of 100: loss=6.4653635025 object_loss=4.38686752319 distance_loss=2.07849597931
Iteration 4 of 100: loss=6.55803871155 object_loss=4.47947359085 distance_loss=2.0785651207
Iteration 5 of 100: loss=6.45344734192 object_loss=4.37473773956 distance_loss=2.07870936394
Iteration 6 of 100: loss=4.94029045105 object_loss=2.86144280434 distance_loss=2.07884740829
Iteration 7 of 100: loss=5.09468269348 object_loss=3.01547956467 distance_loss=2.07920336723
Iteration 8 of 100: loss=6.35845518112 object_loss=4.27901220322 distance_loss=2.07944297791
Iteration 9 of 100: loss=7.08723735809 object_loss=5.00726985931 distance_loss=2.07996749878
Iteration 10 of 100: loss=5.85891580582 object_loss=3.77847719193 distance_loss=2.08043861389
Iteration 11 of 100: loss=5.59765338898 object_loss=3.51681780815 distance_loss=2.08083534241
Iteration 12 of 100: loss=4.75935840607 object_loss=2.67850422859 distance_loss=2.08085441589
Iteration 13 of 100: loss=4.95081996918 object_loss=2.86926460266 distance_loss=2.0815551281
Iteration 14 of 100: loss=5.22828292847 object_loss=3.14627456665 distance_loss=2.0820081234
Iteration 15 of 100: loss=5.42939805984 object_loss=3.34725117683 distance_loss=2.08214688301
Iteration 16 of 100: loss=5.32247829437 object_loss=3.24068641663 distance_loss=2.08179163933
Iteration 17 of 100: loss=5.87223720551 object_loss=3.79031515121 distance_loss=2.08192229271
Iteration 18 of 100: loss=4.70607280731 object_loss=2.62397623062 distance_loss=2.08209633827
Iteration 19 of 100: loss=5.15254163742 object_loss=3.0705602169 distance_loss=2.08198142052
Iteration 20 of 100: loss=5.10170269012 object_loss=3.01993465424 distance_loss=2.08176827431
Iteration 21 of 100: loss=5.92134857178 object_loss=3.83962130547 distance_loss=2.08172702789
Iteration 22 of 100: loss=5.78827953339 object_loss=3.70642232895 distance_loss=2.08185696602
Iteration 23 of 100: loss=4.20988178253 object_loss=2.12772846222 distance_loss=2.08215332031
Iteration 24 of 100: loss=5.22276878357 object_loss=3.14034080505 distance_loss=2.0824277401
Iteration 25 of 100: loss=6.03195714951 object_loss=3.94962692261 distance_loss=2.0823302269
Iteration 26 of 100: loss=6.16015958786 object_loss=4.07778739929 distance_loss=2.08237218857
Iteration 27 of 100: loss=5.33469581604 object_loss=3.25221323967 distance_loss=2.08248281479
Iteration 28 of 100: loss=5.47469711304 object_loss=3.39235854149 distance_loss=2.08233857155
Iteration 29 of 100: loss=5.89517211914 object_loss=3.81248235703 distance_loss=2.08268976212
Iteration 30 of 100: loss=5.68227577209 object_loss=3.59927034378 distance_loss=2.08300566673
Iteration 31 of 100: loss=6.13315200806 object_loss=4.05011749268 distance_loss=2.08303451538
Iteration 32 of 100: loss=7.31176900864 object_loss=5.22882795334 distance_loss=2.0829410553
Iteration 33 of 100: loss=9.70539093018 object_loss=7.62236499786 distance_loss=2.08302617073
Iteration 34 of 100: loss=10.1642532349 object_loss=8.0810842514 distance_loss=2.08316922188
Iteration 35 of 100: loss=8.42320919037 object_loss=6.33951425552 distance_loss=2.08369517326
Iteration 36 of 100: loss=8.47109889984 object_loss=6.38728189468 distance_loss=2.08381700516
Iteration 37 of 100: loss=7.82339382172 object_loss=5.73955917358 distance_loss=2.08383440971
Iteration 38 of 100: loss=7.59219932556 object_loss=5.50832462311 distance_loss=2.08387494087
Iteration 39 of 100: loss=8.86712169647 object_loss=6.78316497803 distance_loss=2.08395671844
Iteration 40 of 100: loss=9.57036972046 object_loss=7.48657417297 distance_loss=2.08379530907
Iteration 41 of 100: loss=8.82274532318 object_loss=6.73890590668 distance_loss=2.08383917809
Iteration 42 of 100: loss=8.10996818542 object_loss=6.02607679367 distance_loss=2.08389186859
Iteration 43 of 100: loss=8.98696517944 object_loss=6.90319633484 distance_loss=2.0837688446
Iteration 44 of 100: loss=7.03772640228 object_loss=4.95407962799 distance_loss=2.08364677429
Iteration 45 of 100: loss=6.49260807037 object_loss=4.40909290314 distance_loss=2.08351492882
Iteration 46 of 100: loss=6.06650209427 object_loss=3.9829621315 distance_loss=2.08353996277
Iteration 47 of 100: loss=7.03012561798 object_loss=4.94654321671 distance_loss=2.08358263969
Iteration 48 of 100: loss=8.33282470703 object_loss=6.24959516525 distance_loss=2.08322930336
Iteration 49 of 100: loss=6.93876361847 object_loss=4.85577440262 distance_loss=2.08298897743
Iteration 50 of 100: loss=8.08614253998 object_loss=6.00325202942 distance_loss=2.08289051056
Iteration 51 of 100: loss=8.4007358551 object_loss=6.31804275513 distance_loss=2.08269333839
Iteration 52 of 100: loss=8.46847343445 object_loss=6.38657808304 distance_loss=2.08189558983
Iteration 53 of 100: loss=8.13708114624 object_loss=6.05540657043 distance_loss=2.08167505264
Iteration 54 of 100: loss=8.11910915375 object_loss=6.03754663467 distance_loss=2.08156228065
Iteration 55 of 100: loss=7.73755645752 object_loss=5.65607213974 distance_loss=2.08148431778
Iteration 56 of 100: loss=9.22825717926 object_loss=7.14677906036 distance_loss=2.08147788048
Iteration 57 of 100: loss=6.47610425949 object_loss=4.39471387863 distance_loss=2.08139038086
Iteration 58 of 100: loss=7.48980236053 object_loss=5.40817594528 distance_loss=2.08162641525
Iteration 59 of 100: loss=8.3046131134 object_loss=6.22262573242 distance_loss=2.08198785782
Iteration 60 of 100: loss=9.63769340515 object_loss=7.555331707 distance_loss=2.08236145973
Iteration 61 of 100: loss=11.2715883255 object_loss=9.18880271912 distance_loss=2.0827858448
Iteration 62 of 100: loss=10.104060173 object_loss=8.0208158493 distance_loss=2.08324408531
Iteration 63 of 100: loss=10.4028568268 object_loss=8.31909942627 distance_loss=2.08375740051
Iteration 64 of 100: loss=10.3944120407 object_loss=8.31051254272 distance_loss=2.08389949799
Iteration 65 of 100: loss=9.19780158997 object_loss=7.11326980591 distance_loss=2.08453130722
Iteration 66 of 100: loss=8.50649452209 object_loss=6.42154121399 distance_loss=2.08495306969
Iteration 67 of 100: loss=8.19204330444 object_loss=6.1067647934 distance_loss=2.08527803421
Iteration 68 of 100: loss=10.2557449341 object_loss=8.1700334549 distance_loss=2.08571171761
Iteration 69 of 100: loss=10.5237970352 object_loss=8.43762397766 distance_loss=2.08617281914
Iteration 70 of 100: loss=10.0001096725 object_loss=7.9138841629 distance_loss=2.08622550964
Iteration 71 of 100: loss=8.7129945755 object_loss=6.62668085098 distance_loss=2.08631396294
Iteration 72 of 100: loss=7.48136949539 object_loss=5.39531564713 distance_loss=2.08605384827
Iteration 73 of 100: loss=7.95225381851 object_loss=5.86605548859 distance_loss=2.08619832993
Iteration 74 of 100: loss=5.2780623436 object_loss=3.19169378281 distance_loss=2.08636856079
Iteration 75 of 100: loss=4.95341825485 object_loss=2.86721944809 distance_loss=2.08619880676
Iteration 76 of 100: loss=7.82391643524 object_loss=5.73818826675 distance_loss=2.08572816849
Iteration 77 of 100: loss=6.72579622269 object_loss=4.64004945755 distance_loss=2.08574676514
Iteration 78 of 100: loss=5.38018083572 object_loss=3.2947704792 distance_loss=2.08541035652
Iteration 79 of 100: loss=6.19714403152 object_loss=4.11190795898 distance_loss=2.08523607254
Iteration 80 of 100: loss=7.8665137291 object_loss=5.7813873291 distance_loss=2.08512639999
Iteration 81 of 100: loss=7.1795129776 object_loss=5.09457874298 distance_loss=2.08493423462
Iteration 82 of 100: loss=6.70549201965 object_loss=4.62093305588 distance_loss=2.08455896378
Iteration 83 of 100: loss=6.84721755981 object_loss=4.76283121109 distance_loss=2.08438658714
Iteration 84 of 100: loss=9.08733177185 object_loss=7.00319194794 distance_loss=2.08414006233
Iteration 85 of 100: loss=8.13997650146 object_loss=6.05622673035 distance_loss=2.0837495327
Iteration 86 of 100: loss=3.96255874634 object_loss=1.87899196148 distance_loss=2.08356666565
Iteration 87 of 100: loss=4.42514705658 object_loss=2.34189367294 distance_loss=2.08325362206
Iteration 88 of 100: loss=4.1615986824 object_loss=2.0789501667 distance_loss=2.0826485157
Iteration 89 of 100: loss=3.92186594009 object_loss=1.83943462372 distance_loss=2.08243131638
Iteration 90 of 100: loss=4.12892913818 object_loss=2.04656028748 distance_loss=2.08236861229
Iteration 91 of 100: loss=3.96341133118 object_loss=1.88131463528 distance_loss=2.08209657669
Iteration 92 of 100: loss=4.20657157898 object_loss=2.12501239777 distance_loss=2.08155894279
Iteration 93 of 100: loss=4.34282207489 object_loss=2.26122808456 distance_loss=2.08159375191
Iteration 94 of 100: loss=4.23541307449 object_loss=2.1540157795 distance_loss=2.081397295
Iteration 95 of 100: loss=4.30721330643 object_loss=2.22600293159 distance_loss=2.08121037483
Iteration 96 of 100: loss=3.82852935791 object_loss=1.74771332741 distance_loss=2.0808160305
Iteration 97 of 100: loss=4.20414638519 object_loss=2.12355351448 distance_loss=2.08059263229
Iteration 98 of 100: loss=3.6928498745 object_loss=1.61245703697 distance_loss=2.08039283752
Iteration 99 of 100: loss=5.44259595871 object_loss=3.3620660305 distance_loss=2.08052992821
Iteration 0 of 100: loss=5.12328147888 object_loss=3.04287528992 distance_loss=2.08040618896
Iteration 1 of 100: loss=5.19759464264 object_loss=3.11694288254 distance_loss=2.08065152168
Iteration 2 of 100: loss=5.42201709747 object_loss=3.34108448029 distance_loss=2.08093237877
Iteration 3 of 100: loss=5.07378482819 object_loss=2.9924082756 distance_loss=2.081376791
Iteration 4 of 100: loss=5.79758358002 object_loss=3.71586489677 distance_loss=2.08171868324
Iteration 5 of 100: loss=5.74909543991 object_loss=3.66703367233 distance_loss=2.08206176758
Iteration 6 of 100: loss=5.70600223541 object_loss=3.62382364273 distance_loss=2.08217835426
Iteration 7 of 100: loss=5.53389501572 object_loss=3.4515504837 distance_loss=2.08234453201
Iteration 8 of 100: loss=4.85108757019 object_loss=2.76849889755 distance_loss=2.08258843422
Iteration 9 of 100: loss=4.18642425537 object_loss=2.10366082191 distance_loss=2.08276367188
Iteration 10 of 100: loss=4.42026615143 object_loss=2.3371617794 distance_loss=2.08310461044
Iteration 11 of 100: loss=4.0403585434 object_loss=1.95701408386 distance_loss=2.08334445953
Iteration 12 of 100: loss=4.22570466995 object_loss=2.1427590847 distance_loss=2.08294558525
Iteration 13 of 100: loss=4.37790203094 object_loss=2.29476714134 distance_loss=2.08313465118
Iteration 14 of 100: loss=4.07671451569 object_loss=1.99333763123 distance_loss=2.08337712288
Iteration 15 of 100: loss=3.54345607758 object_loss=1.46005547047 distance_loss=2.0834004879
Iteration 16 of 100: loss=3.58473443985 object_loss=1.50139856339 distance_loss=2.08333587646
Iteration 17 of 100: loss=3.47517490387 object_loss=1.39172685146 distance_loss=2.08344817162
Iteration 18 of 100: loss=3.76390838623 object_loss=1.68050467968 distance_loss=2.08340382576
Iteration 19 of 100: loss=3.90575408936 object_loss=1.8219383955 distance_loss=2.08381581306
Iteration 20 of 100: loss=3.75896835327 object_loss=1.6753462553 distance_loss=2.08362221718
Iteration 21 of 100: loss=3.86144161224 object_loss=1.77816164494 distance_loss=2.08328008652
Iteration 22 of 100: loss=3.52941250801 object_loss=1.44606637955 distance_loss=2.08334612846
Iteration 23 of 100: loss=3.54831624031 object_loss=1.46491956711 distance_loss=2.0833966732
Iteration 24 of 100: loss=3.91024494171 object_loss=1.8269264698 distance_loss=2.08331847191
Iteration 25 of 100: loss=4.07113790512 object_loss=1.98754382133 distance_loss=2.08359408379
Iteration 26 of 100: loss=4.0351896286 object_loss=1.95134449005 distance_loss=2.08384490013
Iteration 27 of 100: loss=3.79676532745 object_loss=1.71281826496 distance_loss=2.0839471817
Iteration 28 of 100: loss=4.10245323181 object_loss=2.01832818985 distance_loss=2.08412528038
Iteration 29 of 100: loss=4.21026420593 object_loss=2.12597560883 distance_loss=2.08428835869
Iteration 30 of 100: loss=4.79114246368 object_loss=2.70662164688 distance_loss=2.08452105522
Iteration 31 of 100: loss=4.62584781647 object_loss=2.54080748558 distance_loss=2.08504033089
Iteration 32 of 100: loss=4.20467948914 object_loss=2.11959052086 distance_loss=2.0850892067
Iteration 33 of 100: loss=4.81612968445 object_loss=2.73072052002 distance_loss=2.08540916443
Iteration 34 of 100: loss=4.07735395432 object_loss=1.99167346954 distance_loss=2.08568048477
Iteration 35 of 100: loss=3.82895851135 object_loss=1.74319064617 distance_loss=2.08576798439
Iteration 36 of 100: loss=4.07241106033 object_loss=1.98676121235 distance_loss=2.08564972878
Iteration 37 of 100: loss=4.0971364975 object_loss=2.01124739647 distance_loss=2.08588910103
Iteration 38 of 100: loss=4.1616268158 object_loss=2.07559204102 distance_loss=2.08603453636
Iteration 39 of 100: loss=3.89115405083 object_loss=1.80482363701 distance_loss=2.08633041382
Iteration 40 of 100: loss=3.78857827187 object_loss=1.70185041428 distance_loss=2.08672785759
Iteration 41 of 100: loss=3.68573284149 object_loss=1.59868347645 distance_loss=2.08704924583
Iteration 42 of 100: loss=3.7014529705 object_loss=1.61395430565 distance_loss=2.08749866486
Iteration 43 of 100: loss=3.87810707092 object_loss=1.79015648365 distance_loss=2.08795070648
Iteration 44 of 100: loss=3.96235799789 object_loss=1.87407839298 distance_loss=2.08827972412
Iteration 45 of 100: loss=5.1618938446 object_loss=3.07290840149 distance_loss=2.08898568153
Iteration 46 of 100: loss=4.33855342865 object_loss=2.24897027016 distance_loss=2.08958292007
Iteration 47 of 100: loss=4.28289794922 object_loss=2.19291424751 distance_loss=2.08998394012
Iteration 48 of 100: loss=4.29922771454 object_loss=2.20928478241 distance_loss=2.08994269371
Iteration 49 of 100: loss=3.85499811172 object_loss=1.7646368742 distance_loss=2.09036135674
Iteration 50 of 100: loss=3.15050601959 object_loss=1.05994403362 distance_loss=2.09056210518
Iteration 51 of 100: loss=3.64186477661 object_loss=1.55124020576 distance_loss=2.09062457085
Iteration 52 of 100: loss=3.63722705841 object_loss=1.54681670666 distance_loss=2.09041047096
Iteration 53 of 100: loss=3.42932987213 object_loss=1.3386015892 distance_loss=2.09072828293
Iteration 54 of 100: loss=3.83370733261 object_loss=1.74306726456 distance_loss=2.09064006805
Iteration 55 of 100: loss=3.92263031006 object_loss=1.83190512657 distance_loss=2.09072518349
Iteration 56 of 100: loss=3.81773519516 object_loss=1.72720384598 distance_loss=2.09053134918
Iteration 57 of 100: loss=3.70357751846 object_loss=1.61298501492 distance_loss=2.09059238434
Iteration 58 of 100: loss=4.0816116333 object_loss=1.99081373215 distance_loss=2.09079813957
Iteration 59 of 100: loss=3.16807389259 object_loss=1.07717704773 distance_loss=2.09089684486
Iteration 60 of 100: loss=4.63393688202 object_loss=2.54313588142 distance_loss=2.0908010006
Iteration 61 of 100: loss=3.05810236931 object_loss=0.967336714268 distance_loss=2.09076571465
Iteration 62 of 100: loss=3.37223291397 object_loss=1.28148806095 distance_loss=2.09074473381
Iteration 63 of 100: loss=3.25714540482 object_loss=1.1662658453 distance_loss=2.09087967873
Iteration 64 of 100: loss=3.39031386375 object_loss=1.29906725883 distance_loss=2.09124660492
Iteration 65 of 100: loss=3.22990846634 object_loss=1.13858366013 distance_loss=2.09132480621
Iteration 66 of 100: loss=3.45672440529 object_loss=1.36524057388 distance_loss=2.09148383141
Iteration 67 of 100: loss=3.33041763306 object_loss=1.23864209652 distance_loss=2.09177541733
Iteration 68 of 100: loss=3.38506674767 object_loss=1.29297494888 distance_loss=2.09209179878
Iteration 69 of 100: loss=3.45286393166 object_loss=1.36040234566 distance_loss=2.092461586
Iteration 70 of 100: loss=3.72637915611 object_loss=1.6333591938 distance_loss=2.09301996231
Iteration 71 of 100: loss=3.41597652435 object_loss=1.32239043713 distance_loss=2.09358596802
Iteration 72 of 100: loss=3.64273881912 object_loss=1.54923808575 distance_loss=2.09350085258
Iteration 73 of 100: loss=3.70074772835 object_loss=1.60682082176 distance_loss=2.09392690659
Iteration 74 of 100: loss=3.7223649025 object_loss=1.62812888622 distance_loss=2.09423589706
Iteration 75 of 100: loss=3.63725090027 object_loss=1.54277014732 distance_loss=2.09448075294
Iteration 76 of 100: loss=3.55981636047 object_loss=1.46539390087 distance_loss=2.09442234039
Iteration 77 of 100: loss=3.90410208702 object_loss=1.80941653252 distance_loss=2.0946855545
Iteration 78 of 100: loss=3.86944198608 object_loss=1.77446293831 distance_loss=2.09497904778
Iteration 79 of 100: loss=3.84913682938 object_loss=1.75383031368 distance_loss=2.0953066349
Iteration 80 of 100: loss=3.4884390831 object_loss=1.39291787148 distance_loss=2.09552121162
Iteration 81 of 100: loss=3.50104236603 object_loss=1.40525305271 distance_loss=2.09578919411
Iteration 82 of 100: loss=3.80132913589 object_loss=1.70520055294 distance_loss=2.09612870216
Iteration 83 of 100: loss=4.10658073425 object_loss=2.01003170013 distance_loss=2.0965487957
Iteration 84 of 100: loss=4.36846828461 object_loss=2.27168297768 distance_loss=2.09678554535
Iteration 85 of 100: loss=4.90730285645 object_loss=2.81036138535 distance_loss=2.09694123268
Iteration 86 of 100: loss=5.21809387207 object_loss=3.12098670006 distance_loss=2.09710717201
Iteration 87 of 100: loss=5.10777854919 object_loss=3.0107126236 distance_loss=2.0970659256
Iteration 88 of 100: loss=4.73327827454 object_loss=2.63630604744 distance_loss=2.0969722271
Iteration 89 of 100: loss=4.23987102509 object_loss=2.14271306992 distance_loss=2.09715771675
Iteration 90 of 100: loss=4.11741256714 object_loss=2.02032208443 distance_loss=2.09709048271
Iteration 91 of 100: loss=4.06346893311 object_loss=1.96621119976 distance_loss=2.09725761414
Iteration 92 of 100: loss=4.36682415009 object_loss=2.26976680756 distance_loss=2.09705710411
Iteration 93 of 100: loss=4.49870204926 object_loss=2.40157651901 distance_loss=2.09712576866
Iteration 94 of 100: loss=4.71603107452 object_loss=2.61875557899 distance_loss=2.09727525711
Iteration 95 of 100: loss=4.73530387878 object_loss=2.6381187439 distance_loss=2.09718489647
Iteration 96 of 100: loss=4.78112697601 object_loss=2.68436050415 distance_loss=2.09676671028
Iteration 97 of 100: loss=4.6834154129 object_loss=2.58649539948 distance_loss=2.09691977501
Iteration 98 of 100: loss=5.16722536087 object_loss=3.06978368759 distance_loss=2.09744167328
Iteration 99 of 100: loss=4.70574951172 object_loss=2.60810375214 distance_loss=2.09764552116
Iteration 0 of 100: loss=4.82919979095 object_loss=2.73121547699 distance_loss=2.09798431396
Iteration 1 of 100: loss=4.84308624268 object_loss=2.74484801292 distance_loss=2.09823822975
Iteration 2 of 100: loss=4.43609476089 object_loss=2.3377058506 distance_loss=2.09838891029
Iteration 3 of 100: loss=5.87485790253 object_loss=3.77608203888 distance_loss=2.09877586365
Iteration 4 of 100: loss=5.03988313675 object_loss=2.94093465805 distance_loss=2.0989484787
Iteration 5 of 100: loss=4.57530117035 object_loss=2.47616386414 distance_loss=2.09913730621
Iteration 6 of 100: loss=4.73507928848 object_loss=2.63579010963 distance_loss=2.09928917885
Iteration 7 of 100: loss=5.02507352829 object_loss=2.92572021484 distance_loss=2.09935331345
Iteration 8 of 100: loss=5.01294326782 object_loss=2.91399979591 distance_loss=2.09894323349
Iteration 9 of 100: loss=5.08837652206 object_loss=2.98923778534 distance_loss=2.09913873672
Iteration 10 of 100: loss=4.80961179733 object_loss=2.71050000191 distance_loss=2.09911179543
Iteration 11 of 100: loss=5.19692564011 object_loss=3.09800434113 distance_loss=2.09892129898
Iteration 12 of 100: loss=5.13361644745 object_loss=3.03478503227 distance_loss=2.09883165359
Iteration 13 of 100: loss=5.22085762024 object_loss=3.12193346024 distance_loss=2.09892416
Iteration 14 of 100: loss=5.03397130966 object_loss=2.93537425995 distance_loss=2.09859704971
Iteration 15 of 100: loss=5.55006074905 object_loss=3.45167541504 distance_loss=2.09838533401
Iteration 16 of 100: loss=5.04057216644 object_loss=2.9428153038 distance_loss=2.09775662422
Iteration 17 of 100: loss=4.67714500427 object_loss=2.57993173599 distance_loss=2.09721326828
Iteration 18 of 100: loss=4.83293199539 object_loss=2.73601484299 distance_loss=2.0969171524
Iteration 19 of 100: loss=5.7858877182 object_loss=3.68905639648 distance_loss=2.09683156013
Iteration 20 of 100: loss=5.72864294052 object_loss=3.63202047348 distance_loss=2.09662246704
Iteration 21 of 100: loss=6.22086429596 object_loss=4.12426710129 distance_loss=2.09659719467
Iteration 22 of 100: loss=6.28645133972 object_loss=4.18965673447 distance_loss=2.09679484367
Iteration 23 of 100: loss=5.39206981659 object_loss=3.29523921013 distance_loss=2.09683036804
Iteration 24 of 100: loss=6.3737154007 object_loss=4.27702760696 distance_loss=2.09668803215
Iteration 25 of 100: loss=5.99250125885 object_loss=3.8960146904 distance_loss=2.09648680687
Iteration 26 of 100: loss=6.45119094849 object_loss=4.35472679138 distance_loss=2.09646391869
Iteration 27 of 100: loss=6.74909687042 object_loss=4.65268373489 distance_loss=2.09641337395
Iteration 28 of 100: loss=6.1793422699 object_loss=4.08335161209 distance_loss=2.09599065781
Iteration 29 of 100: loss=6.22253513336 object_loss=4.1267209053 distance_loss=2.09581446648
Iteration 30 of 100: loss=5.27880764008 object_loss=3.18287205696 distance_loss=2.09593558311
Iteration 31 of 100: loss=5.43313598633 object_loss=3.33719372749 distance_loss=2.09594202042
Iteration 32 of 100: loss=5.57468318939 object_loss=3.47920584679 distance_loss=2.09547710419
Iteration 33 of 100: loss=5.00390911102 object_loss=2.90818548203 distance_loss=2.095723629
Iteration 34 of 100: loss=5.64772510529 object_loss=3.55198454857 distance_loss=2.09574079514
Iteration 35 of 100: loss=5.20342063904 object_loss=3.10767889023 distance_loss=2.09574151039
Iteration 36 of 100: loss=5.45508384705 object_loss=3.35946917534 distance_loss=2.09561491013
Iteration 37 of 100: loss=4.44184732437 object_loss=2.34612584114 distance_loss=2.09572148323
Iteration 38 of 100: loss=4.89308929443 object_loss=2.79735374451 distance_loss=2.09573531151
Iteration 39 of 100: loss=5.63999557495 object_loss=3.54418516159 distance_loss=2.09581017494
Iteration 40 of 100: loss=5.52634143829 object_loss=3.43033885956 distance_loss=2.09600281715
Iteration 41 of 100: loss=5.92440748215 object_loss=3.82841563225 distance_loss=2.0959918499
Iteration 42 of 100: loss=5.18803119659 object_loss=3.0919585228 distance_loss=2.0960726738
Iteration 43 of 100: loss=5.05072832108 object_loss=2.95443129539 distance_loss=2.09629702568
Iteration 44 of 100: loss=5.49240112305 object_loss=3.39610171318 distance_loss=2.09629964828
Iteration 45 of 100: loss=5.17324352264 object_loss=3.07679152489 distance_loss=2.09645223618
Iteration 46 of 100: loss=5.68924427032 object_loss=3.5928235054 distance_loss=2.0964205265
Iteration 47 of 100: loss=5.57975482941 object_loss=3.48330593109 distance_loss=2.09644889832
Iteration 48 of 100: loss=4.80299091339 object_loss=2.70630812645 distance_loss=2.09668302536
Iteration 49 of 100: loss=4.77038478851 object_loss=2.67352199554 distance_loss=2.09686303139
Iteration 50 of 100: loss=4.99089956284 object_loss=2.89386892319 distance_loss=2.09703063965
Iteration 51 of 100: loss=5.06139755249 object_loss=2.96422934532 distance_loss=2.09716796875
Iteration 52 of 100: loss=5.14603805542 object_loss=3.04885554314 distance_loss=2.09718227386
Iteration 53 of 100: loss=5.19124698639 object_loss=3.09390735626 distance_loss=2.09733986855
Iteration 54 of 100: loss=6.41314077377 object_loss=4.31554222107 distance_loss=2.0975985527
Iteration 55 of 100: loss=7.66051578522 object_loss=5.56284713745 distance_loss=2.09766864777
Iteration 56 of 100: loss=7.57374286652 object_loss=5.47638082504 distance_loss=2.09736204147
Iteration 57 of 100: loss=6.03938961029 object_loss=3.94201827049 distance_loss=2.09737157822
Iteration 58 of 100: loss=5.23052406311 object_loss=3.13296914101 distance_loss=2.09755516052
Iteration 59 of 100: loss=5.14093351364 object_loss=3.04318714142 distance_loss=2.09774637222
Iteration 60 of 100: loss=6.09497356415 object_loss=3.99725270271 distance_loss=2.09772062302
Iteration 61 of 100: loss=6.58741760254 object_loss=4.48962688446 distance_loss=2.0977909565
Iteration 62 of 100: loss=6.17953872681 object_loss=4.08186912537 distance_loss=2.09766960144
Iteration 63 of 100: loss=5.45117664337 object_loss=3.35324883461 distance_loss=2.09792757034
Iteration 64 of 100: loss=4.58715057373 object_loss=2.48930644989 distance_loss=2.09784412384
Iteration 65 of 100: loss=4.6143245697 object_loss=2.51651358604 distance_loss=2.09781074524
Iteration 66 of 100: loss=4.24668979645 object_loss=2.14895606041 distance_loss=2.09773349762
Iteration 67 of 100: loss=4.49407577515 object_loss=2.39660620689 distance_loss=2.09746980667
Iteration 68 of 100: loss=4.40583515167 object_loss=2.30891752243 distance_loss=2.09691786766
Iteration 69 of 100: loss=4.2384557724 object_loss=2.14129424095 distance_loss=2.09716153145
Iteration 70 of 100: loss=4.41114425659 object_loss=2.3133995533 distance_loss=2.09774470329
Iteration 71 of 100: loss=4.13693523407 object_loss=2.03893518448 distance_loss=2.09800004959
Iteration 72 of 100: loss=3.89135742188 object_loss=1.79342472553 distance_loss=2.09793281555
Iteration 73 of 100: loss=4.49331474304 object_loss=2.39496636391 distance_loss=2.09834837914
Iteration 74 of 100: loss=4.58137893677 object_loss=2.48278355598 distance_loss=2.0985956192
Iteration 75 of 100: loss=5.25431585312 object_loss=3.15572977066 distance_loss=2.09858608246
Iteration 76 of 100: loss=4.42522478104 object_loss=2.3268020153 distance_loss=2.09842276573
Iteration 77 of 100: loss=4.41815853119 object_loss=2.31986927986 distance_loss=2.09828901291
Iteration 78 of 100: loss=4.27757072449 object_loss=2.17912530899 distance_loss=2.0984454155
Iteration 79 of 100: loss=4.10581970215 object_loss=2.00724005699 distance_loss=2.09857940674
Iteration 80 of 100: loss=4.13319396973 object_loss=2.03485417366 distance_loss=2.09833979607
Iteration 81 of 100: loss=4.19555091858 object_loss=2.09719157219 distance_loss=2.09835910797
Iteration 82 of 100: loss=4.18987417221 object_loss=2.09150481224 distance_loss=2.09836935997
Iteration 83 of 100: loss=3.89283084869 object_loss=1.79449379444 distance_loss=2.09833717346
Iteration 84 of 100: loss=4.69582223892 object_loss=2.59745740891 distance_loss=2.09836483002
Iteration 85 of 100: loss=4.63755846024 object_loss=2.5394551754 distance_loss=2.09810328484
Iteration 86 of 100: loss=4.60551929474 object_loss=2.507573843 distance_loss=2.09794521332
Iteration 87 of 100: loss=4.41038799286 object_loss=2.31245017052 distance_loss=2.09793758392
Iteration 88 of 100: loss=3.94035768509 object_loss=1.84259784222 distance_loss=2.09775996208
Iteration 89 of 100: loss=3.93438959122 object_loss=1.8367010355 distance_loss=2.09768843651
Iteration 90 of 100: loss=3.62071466446 object_loss=1.5230704546 distance_loss=2.09764409065
Iteration 91 of 100: loss=3.09099388123 object_loss=0.993476033211 distance_loss=2.09751772881
Iteration 92 of 100: loss=3.09898662567 object_loss=1.00200402737 distance_loss=2.09698271751
Iteration 93 of 100: loss=3.11442732811 object_loss=1.01724767685 distance_loss=2.09717965126
Iteration 94 of 100: loss=3.74546957016 object_loss=1.64838659763 distance_loss=2.09708285332
Iteration 95 of 100: loss=3.64392447472 object_loss=1.54696941376 distance_loss=2.09695506096
Iteration 96 of 100: loss=3.54787874222 object_loss=1.45119655132 distance_loss=2.0966823101
Iteration 97 of 100: loss=3.54713749886 object_loss=1.45071554184 distance_loss=2.09642195702
Iteration 98 of 100: loss=3.71366071701 object_loss=1.61730062962 distance_loss=2.09635996819
Iteration 99 of 100: loss=3.90945148468 object_loss=1.81295704842 distance_loss=2.09649443626
Iteration 0 of 100: loss=3.7026925087 object_loss=1.60623061657 distance_loss=2.09646177292
Iteration 1 of 100: loss=3.65542960167 object_loss=1.55879974365 distance_loss=2.09662985802
Iteration 2 of 100: loss=4.00341320038 object_loss=1.90654373169 distance_loss=2.09686970711
Iteration 3 of 100: loss=3.84682869911 object_loss=1.74968266487 distance_loss=2.09714603424
Iteration 4 of 100: loss=3.58500361443 object_loss=1.48788404465 distance_loss=2.09711956978
Iteration 5 of 100: loss=3.58315873146 object_loss=1.48611330986 distance_loss=2.0970454216
Iteration 6 of 100: loss=4.00625133514 object_loss=1.90907180309 distance_loss=2.09717941284
Iteration 7 of 100: loss=3.94079303741 object_loss=1.84350788593 distance_loss=2.09728527069
Iteration 8 of 100: loss=3.8299267292 object_loss=1.73247122765 distance_loss=2.09745550156
Iteration 9 of 100: loss=3.89878225327 object_loss=1.80125057697 distance_loss=2.0975317955
Iteration 10 of 100: loss=4.08213424683 object_loss=1.98459470272 distance_loss=2.0975394249
Iteration 11 of 100: loss=3.86822628975 object_loss=1.7706553936 distance_loss=2.09757089615
Iteration 12 of 100: loss=4.07250595093 object_loss=1.97521591187 distance_loss=2.09728980064
Iteration 13 of 100: loss=4.16423034668 object_loss=2.06681704521 distance_loss=2.09741353989
Iteration 14 of 100: loss=4.36273097992 object_loss=2.26526284218 distance_loss=2.09746789932
Iteration 15 of 100: loss=4.27980518341 object_loss=2.18211197853 distance_loss=2.0976934433
Iteration 16 of 100: loss=4.30040836334 object_loss=2.20288968086 distance_loss=2.0975189209
Iteration 17 of 100: loss=4.27165699005 object_loss=2.17390727997 distance_loss=2.09774971008
Iteration 18 of 100: loss=4.21555233002 object_loss=2.11776018143 distance_loss=2.09779214859
Iteration 19 of 100: loss=4.41112518311 object_loss=2.31323409081 distance_loss=2.0978910923
Iteration 20 of 100: loss=4.16628265381 object_loss=2.06823658943 distance_loss=2.09804582596
Iteration 21 of 100: loss=4.26403427124 object_loss=2.16590499878 distance_loss=2.09812903404
Iteration 22 of 100: loss=4.37089014053 object_loss=2.27286076546 distance_loss=2.09802937508
Iteration 23 of 100: loss=4.2272901535 object_loss=2.12941455841 distance_loss=2.09787583351
Iteration 24 of 100: loss=3.7473654747 object_loss=1.64962780476 distance_loss=2.09773778915
Iteration 25 of 100: loss=3.95029187202 object_loss=1.85252285004 distance_loss=2.09776902199
Iteration 26 of 100: loss=3.80174684525 object_loss=1.70383000374 distance_loss=2.09791684151
Iteration 27 of 100: loss=4.00657224655 object_loss=1.90857505798 distance_loss=2.09799718857
Iteration 28 of 100: loss=3.95391607285 object_loss=1.8561719656 distance_loss=2.09774398804
Iteration 29 of 100: loss=3.83595085144 object_loss=1.73810064793 distance_loss=2.09785032272
Iteration 30 of 100: loss=3.94074058533 object_loss=1.84254920483 distance_loss=2.09819126129
Iteration 31 of 100: loss=3.75271177292 object_loss=1.6542648077 distance_loss=2.09844684601
Iteration 32 of 100: loss=3.779733181 object_loss=1.681250453 distance_loss=2.09848284721
Iteration 33 of 100: loss=3.90849804878 object_loss=1.80962443352 distance_loss=2.09887361526
Iteration 34 of 100: loss=3.92367053032 object_loss=1.82449197769 distance_loss=2.09917855263
Iteration 35 of 100: loss=4.17125511169 object_loss=2.07177209854 distance_loss=2.09948277473
Iteration 36 of 100: loss=4.86042022705 object_loss=2.76111960411 distance_loss=2.09930086136
Iteration 37 of 100: loss=5.1079659462 object_loss=3.00859832764 distance_loss=2.09936761856
Iteration 38 of 100: loss=4.32238769531 object_loss=2.2226099968 distance_loss=2.09977793694
Iteration 39 of 100: loss=4.79108572006 object_loss=2.69102454185 distance_loss=2.10006117821
Iteration 40 of 100: loss=4.72549438477 object_loss=2.62523794174 distance_loss=2.10025620461
Iteration 41 of 100: loss=4.61673355103 object_loss=2.51621413231 distance_loss=2.1005191803
Iteration 42 of 100: loss=5.00056028366 object_loss=2.89951896667 distance_loss=2.10104131699
Iteration 43 of 100: loss=4.48335933685 object_loss=2.38179016113 distance_loss=2.1015689373
Iteration 44 of 100: loss=4.44644737244 object_loss=2.34451580048 distance_loss=2.10193181038
Iteration 45 of 100: loss=5.89697360992 object_loss=3.79467225075 distance_loss=2.1023015976
Iteration 46 of 100: loss=6.16407299042 object_loss=4.06159925461 distance_loss=2.10247397423
Iteration 47 of 100: loss=5.09720134735 object_loss=2.99438428879 distance_loss=2.10281705856
Iteration 48 of 100: loss=5.68959331512 object_loss=3.58662819862 distance_loss=2.1029651165
Iteration 49 of 100: loss=5.07484436035 object_loss=2.97130918503 distance_loss=2.1035349369
Iteration 50 of 100: loss=4.87103462219 object_loss=2.76700735092 distance_loss=2.10402727127
Iteration 51 of 100: loss=4.82624053955 object_loss=2.72161793709 distance_loss=2.10462284088
Iteration 52 of 100: loss=4.82654857635 object_loss=2.72193574905 distance_loss=2.1046128273
Iteration 53 of 100: loss=4.24625492096 object_loss=2.14097595215 distance_loss=2.10527873039
Iteration 54 of 100: loss=4.54816436768 object_loss=2.44231152534 distance_loss=2.10585284233
Iteration 55 of 100: loss=4.05368995667 object_loss=1.9476017952 distance_loss=2.10608839989
Iteration 56 of 100: loss=4.36961650848 object_loss=2.26337194443 distance_loss=2.10624456406
Iteration 57 of 100: loss=4.40996265411 object_loss=2.30338096619 distance_loss=2.10658168793
Iteration 58 of 100: loss=4.35345363617 object_loss=2.24690651894 distance_loss=2.10654711723
Iteration 59 of 100: loss=4.84065485001 object_loss=2.73384690285 distance_loss=2.10680794716
Iteration 60 of 100: loss=4.82230567932 object_loss=2.71524572372 distance_loss=2.1070599556
Iteration 61 of 100: loss=4.88754367828 object_loss=2.78069114685 distance_loss=2.10685276985
Iteration 62 of 100: loss=4.82911300659 object_loss=2.72222614288 distance_loss=2.10688686371
Iteration 63 of 100: loss=4.87000370026 object_loss=2.76307249069 distance_loss=2.10693120956
Iteration 64 of 100: loss=4.95506811142 object_loss=2.84846496582 distance_loss=2.1066031456
Iteration 65 of 100: loss=4.86956214905 object_loss=2.76303195953 distance_loss=2.10653018951
Iteration 66 of 100: loss=4.63261127472 object_loss=2.5261926651 distance_loss=2.10641884804
Iteration 67 of 100: loss=4.55382919312 object_loss=2.4477083683 distance_loss=2.1061205864
Iteration 68 of 100: loss=4.97734832764 object_loss=2.87145853043 distance_loss=2.10588979721
Iteration 69 of 100: loss=4.6391620636 object_loss=2.5333237648 distance_loss=2.10583853722
Iteration 70 of 100: loss=4.50565814972 object_loss=2.39999699593 distance_loss=2.10566091537
Iteration 71 of 100: loss=4.55860996246 object_loss=2.45282816887 distance_loss=2.10578203201
Iteration 72 of 100: loss=4.91338014603 object_loss=2.80815672874 distance_loss=2.10522341728
Iteration 73 of 100: loss=4.91640949249 object_loss=2.8112642765 distance_loss=2.10514521599
Iteration 74 of 100: loss=4.99038600922 object_loss=2.88531064987 distance_loss=2.10507512093
Iteration 75 of 100: loss=4.78619766235 object_loss=2.68142294884 distance_loss=2.10477471352
Iteration 76 of 100: loss=4.74471282959 object_loss=2.64064908028 distance_loss=2.10406398773
Iteration 77 of 100: loss=4.64301490784 object_loss=2.539239645 distance_loss=2.10377550125
Iteration 78 of 100: loss=4.90875387192 object_loss=2.805372715 distance_loss=2.10338115692
Iteration 79 of 100: loss=4.82268381119 object_loss=2.71944594383 distance_loss=2.10323786736
Iteration 80 of 100: loss=5.29962873459 object_loss=3.19658756256 distance_loss=2.10304117203
Iteration 81 of 100: loss=5.39481925964 object_loss=3.29203486443 distance_loss=2.10278439522
Iteration 82 of 100: loss=5.5221247673 object_loss=3.41940832138 distance_loss=2.10271644592
Iteration 83 of 100: loss=6.09941339493 object_loss=3.99667024612 distance_loss=2.1027431488
Iteration 84 of 100: loss=6.19207668304 object_loss=4.08957624435 distance_loss=2.10250020027
Iteration 85 of 100: loss=6.07496118546 object_loss=3.97266960144 distance_loss=2.10229158401
Iteration 86 of 100: loss=5.94841861725 object_loss=3.846098423 distance_loss=2.10232019424
Iteration 87 of 100: loss=6.01828479767 object_loss=3.91594195366 distance_loss=2.10234284401
Iteration 88 of 100: loss=5.39167785645 object_loss=3.28939223289 distance_loss=2.10228586197
Iteration 89 of 100: loss=5.41662693024 object_loss=3.31420326233 distance_loss=2.10242342949
Iteration 90 of 100: loss=6.39069032669 object_loss=4.28830528259 distance_loss=2.1023850441
Iteration 91 of 100: loss=5.11278057098 object_loss=3.00986766815 distance_loss=2.10291314125
Iteration 92 of 100: loss=4.64273357391 object_loss=2.5395720005 distance_loss=2.10316133499
Iteration 93 of 100: loss=4.50227832794 object_loss=2.39870381355 distance_loss=2.10357451439
Iteration 94 of 100: loss=7.34688568115 object_loss=5.24267578125 distance_loss=2.1042098999
Iteration 95 of 100: loss=7.18116474152 object_loss=5.0767455101 distance_loss=2.10441946983
Iteration 96 of 100: loss=6.04736995697 object_loss=3.94295811653 distance_loss=2.10441207886
Iteration 97 of 100: loss=6.43201637268 object_loss=4.32747745514 distance_loss=2.10453915596
Iteration 98 of 100: loss=5.3734292984 object_loss=3.26862215996 distance_loss=2.10480713844
Iteration 99 of 100: loss=7.1767578125 object_loss=5.07163476944 distance_loss=2.10512280464
Iteration 0 of 100: loss=6.37242031097 object_loss=4.26749181747 distance_loss=2.1049284935
Iteration 1 of 100: loss=5.42791557312 object_loss=3.32290029526 distance_loss=2.10501503944
Iteration 2 of 100: loss=5.85208415985 object_loss=3.74691677094 distance_loss=2.10516762733
Iteration 3 of 100: loss=6.06986761093 object_loss=3.96447443962 distance_loss=2.10539317131
Iteration 4 of 100: loss=6.17698287964 object_loss=4.07152843475 distance_loss=2.10545444489
Iteration 5 of 100: loss=6.88269805908 object_loss=4.77716255188 distance_loss=2.1055355072
Iteration 6 of 100: loss=8.20802593231 object_loss=6.10268497467 distance_loss=2.10534119606
Iteration 7 of 100: loss=8.30576705933 object_loss=6.20050525665 distance_loss=2.10526204109
Iteration 8 of 100: loss=6.56651210785 object_loss=4.46143627167 distance_loss=2.10507559776
Iteration 9 of 100: loss=6.50150108337 object_loss=4.39642763138 distance_loss=2.105073452
Iteration 10 of 100: loss=7.46315860748 object_loss=5.35776996613 distance_loss=2.10538864136
Iteration 11 of 100: loss=8.14647006989 object_loss=6.04103136063 distance_loss=2.10543894768
Iteration 12 of 100: loss=5.22588729858 object_loss=3.12086439133 distance_loss=2.10502266884
Iteration 13 of 100: loss=6.18549394608 object_loss=4.08013248444 distance_loss=2.10536146164
Iteration 14 of 100: loss=6.99254369736 object_loss=4.88691711426 distance_loss=2.1056265831
Iteration 15 of 100: loss=6.13724470139 object_loss=4.03157043457 distance_loss=2.10567426682
Iteration 16 of 100: loss=5.65331459045 object_loss=3.54783391953 distance_loss=2.10548043251
Iteration 17 of 100: loss=5.13937091827 object_loss=3.03407144547 distance_loss=2.10529971123
Iteration 18 of 100: loss=5.71892547607 object_loss=3.61377811432 distance_loss=2.10514736176
Iteration 19 of 100: loss=5.06537246704 object_loss=2.9603562355 distance_loss=2.10501646996
Iteration 20 of 100: loss=5.57633113861 object_loss=3.47135424614 distance_loss=2.10497665405
Iteration 21 of 100: loss=5.81761837006 object_loss=3.71281242371 distance_loss=2.10480570793
Iteration 22 of 100: loss=5.06720066071 object_loss=2.96234250069 distance_loss=2.10485816002
Iteration 23 of 100: loss=4.82262516022 object_loss=2.71764421463 distance_loss=2.10498094559
Iteration 24 of 100: loss=4.67245674133 object_loss=2.56768727303 distance_loss=2.10476946831
Iteration 25 of 100: loss=4.83109474182 object_loss=2.72630000114 distance_loss=2.1047949791
Iteration 26 of 100: loss=4.04718494415 object_loss=1.94241189957 distance_loss=2.10477304459
Iteration 27 of 100: loss=4.18564796448 object_loss=2.08085441589 distance_loss=2.10479354858
Iteration 28 of 100: loss=4.22550153732 object_loss=2.12087750435 distance_loss=2.10462403297
Iteration 29 of 100: loss=4.32866859436 object_loss=2.22397589684 distance_loss=2.10469269753
Iteration 30 of 100: loss=4.11918735504 object_loss=2.01463747025 distance_loss=2.10455012321
Iteration 31 of 100: loss=4.47781658173 object_loss=2.37336921692 distance_loss=2.10444712639
Iteration 32 of 100: loss=4.97430610657 object_loss=2.87021112442 distance_loss=2.10409498215
Iteration 33 of 100: loss=4.32998657227 object_loss=2.22593259811 distance_loss=2.10405397415
Iteration 34 of 100: loss=4.47034263611 object_loss=2.36639142036 distance_loss=2.10395097733
Iteration 35 of 100: loss=4.36797523499 object_loss=2.26413369179 distance_loss=2.1038415432
Iteration 36 of 100: loss=4.37959575653 object_loss=2.27612709999 distance_loss=2.10346889496
Iteration 37 of 100: loss=4.15801525116 object_loss=2.05469918251 distance_loss=2.10331606865
Iteration 38 of 100: loss=4.17418670654 object_loss=2.07080745697 distance_loss=2.10337948799
Iteration 39 of 100: loss=3.79362463951 object_loss=1.690097332 distance_loss=2.10352730751
Iteration 40 of 100: loss=4.24888658524 object_loss=2.14523649216 distance_loss=2.10365009308
Iteration 41 of 100: loss=4.16219711304 object_loss=2.05846381187 distance_loss=2.10373353958
Iteration 42 of 100: loss=4.1698975563 object_loss=2.06626653671 distance_loss=2.10363101959
Iteration 43 of 100: loss=4.03108692169 object_loss=1.92723548412 distance_loss=2.10385131836
Iteration 44 of 100: loss=4.3008108139 object_loss=2.1968331337 distance_loss=2.10397744179
Iteration 45 of 100: loss=4.32719039917 object_loss=2.22315001488 distance_loss=2.10404014587
Iteration 46 of 100: loss=4.24760103226 object_loss=2.14325666428 distance_loss=2.10434436798
Iteration 47 of 100: loss=4.21565628052 object_loss=2.1112639904 distance_loss=2.10439252853
Iteration 48 of 100: loss=4.50044584274 object_loss=2.39631319046 distance_loss=2.10413265228
Iteration 49 of 100: loss=4.57600498199 object_loss=2.47172737122 distance_loss=2.10427761078
Iteration 50 of 100: loss=4.59471035004 object_loss=2.49002718925 distance_loss=2.10468292236
Iteration 51 of 100: loss=4.46607208252 object_loss=2.36133408546 distance_loss=2.10473775864
Iteration 52 of 100: loss=4.75155067444 object_loss=2.64689993858 distance_loss=2.10465097427
Iteration 53 of 100: loss=4.88572692871 object_loss=2.78072118759 distance_loss=2.10500574112
Iteration 54 of 100: loss=4.33059310913 object_loss=2.22564339638 distance_loss=2.10494995117
Iteration 55 of 100: loss=4.18624305725 object_loss=2.08125138283 distance_loss=2.10499167442
Iteration 56 of 100: loss=4.19308137894 object_loss=2.08837676048 distance_loss=2.10470461845
Iteration 57 of 100: loss=3.73775219917 object_loss=1.63316822052 distance_loss=2.10458397865
Iteration 58 of 100: loss=3.80667591095 object_loss=1.70233058929 distance_loss=2.10434532166
Iteration 59 of 100: loss=4.57147312164 object_loss=2.46726989746 distance_loss=2.1042034626
Iteration 60 of 100: loss=4.10949611664 object_loss=2.00565171242 distance_loss=2.10384464264
Iteration 61 of 100: loss=4.33493041992 object_loss=2.23101377487 distance_loss=2.10391664505
Iteration 62 of 100: loss=4.57207679749 object_loss=2.46831560135 distance_loss=2.10376143456
Iteration 63 of 100: loss=4.48576879501 object_loss=2.38194346428 distance_loss=2.10382533073
Iteration 64 of 100: loss=4.20461559296 object_loss=2.10064530373 distance_loss=2.10397052765
Iteration 65 of 100: loss=4.65299034119 object_loss=2.54906892776 distance_loss=2.103921175
Iteration 66 of 100: loss=4.87722587585 object_loss=2.77319741249 distance_loss=2.10402822495
Iteration 67 of 100: loss=4.9073548317 object_loss=2.80315709114 distance_loss=2.10419774055
Iteration 68 of 100: loss=5.33854484558 object_loss=3.23433732986 distance_loss=2.10420751572
Iteration 69 of 100: loss=5.32492351532 object_loss=3.22069501877 distance_loss=2.10422873497
Iteration 70 of 100: loss=5.73009586334 object_loss=3.62580132484 distance_loss=2.1042945385
Iteration 71 of 100: loss=5.07938051224 object_loss=2.9750752449 distance_loss=2.10430526733
Iteration 72 of 100: loss=5.5253276825 object_loss=3.42158961296 distance_loss=2.10373783112
Iteration 73 of 100: loss=5.86773014069 object_loss=3.76421880722 distance_loss=2.10351109505
Iteration 74 of 100: loss=6.15444469452 object_loss=4.05109024048 distance_loss=2.10335421562
Iteration 75 of 100: loss=6.19773197174 object_loss=4.09436655045 distance_loss=2.10336518288
Iteration 76 of 100: loss=5.70658588409 object_loss=3.60313558578 distance_loss=2.10345005989
Iteration 77 of 100: loss=5.54899644852 object_loss=3.44527602196 distance_loss=2.10372042656
Iteration 78 of 100: loss=5.4340672493 object_loss=3.32998228073 distance_loss=2.10408496857
Iteration 79 of 100: loss=6.18384408951 object_loss=4.07935428619 distance_loss=2.10448980331
Iteration 80 of 100: loss=5.46601724625 object_loss=3.36147236824 distance_loss=2.10454487801
Iteration 81 of 100: loss=5.07420158386 object_loss=2.96967029572 distance_loss=2.10453152657
Iteration 82 of 100: loss=6.93342685699 object_loss=4.82861328125 distance_loss=2.10481381416
Iteration 83 of 100: loss=6.21033287048 object_loss=4.10512065887 distance_loss=2.10521221161
Iteration 84 of 100: loss=5.4489364624 object_loss=3.34378242493 distance_loss=2.10515379906
Iteration 85 of 100: loss=5.43867349625 object_loss=3.33339166641 distance_loss=2.10528182983
Iteration 86 of 100: loss=4.75776100159 object_loss=2.65228748322 distance_loss=2.10547375679
Iteration 87 of 100: loss=4.93382358551 object_loss=2.82841801643 distance_loss=2.1054058075
Iteration 88 of 100: loss=5.40483760834 object_loss=3.29949092865 distance_loss=2.10534667969
Iteration 89 of 100: loss=5.31006574631 object_loss=3.20454311371 distance_loss=2.1055226326
Iteration 90 of 100: loss=5.46607732773 object_loss=3.36049485207 distance_loss=2.10558247566
Iteration 91 of 100: loss=4.10163736343 object_loss=1.99573719501 distance_loss=2.10590028763
Iteration 92 of 100: loss=4.25128173828 object_loss=2.14534449577 distance_loss=2.10593748093
Iteration 93 of 100: loss=4.19981193542 object_loss=2.0934548378 distance_loss=2.10635685921
Iteration 94 of 100: loss=3.7587313652 object_loss=1.65216600895 distance_loss=2.10656547546
Iteration 95 of 100: loss=3.81286001205 object_loss=1.70612049103 distance_loss=2.10673952103
Iteration 96 of 100: loss=3.45985937119 object_loss=1.35325872898 distance_loss=2.10660076141
Iteration 97 of 100: loss=4.72032928467 object_loss=2.61358332634 distance_loss=2.10674571991
Iteration 98 of 100: loss=5.04162883759 object_loss=2.9348154068 distance_loss=2.10681343079
Iteration 99 of 100: loss=4.70013189316 object_loss=2.59325504303 distance_loss=2.10687685013
Iteration 0 of 100: loss=4.64056682587 object_loss=2.5334508419 distance_loss=2.10711598396
Iteration 1 of 100: loss=4.24262857437 object_loss=2.13547253609 distance_loss=2.10715603828
Iteration 2 of 100: loss=4.27558612823 object_loss=2.16849350929 distance_loss=2.10709285736
Iteration 3 of 100: loss=5.0694437027 object_loss=2.96225357056 distance_loss=2.10719037056
Iteration 4 of 100: loss=5.58866214752 object_loss=3.48135399818 distance_loss=2.10730791092
Iteration 5 of 100: loss=6.30698204041 object_loss=4.1995549202 distance_loss=2.10742688179
Iteration 6 of 100: loss=5.18230819702 object_loss=3.07440590858 distance_loss=2.10790228844
Iteration 7 of 100: loss=4.64500713348 object_loss=2.53688573837 distance_loss=2.10812139511
Iteration 8 of 100: loss=4.2486987114 object_loss=2.14065003395 distance_loss=2.10804867744
Iteration 9 of 100: loss=6.68816280365 object_loss=4.57967615128 distance_loss=2.10848641396
Iteration 10 of 100: loss=4.41485881805 object_loss=2.30600237846 distance_loss=2.10885667801
Iteration 11 of 100: loss=4.51714992523 object_loss=2.4080491066 distance_loss=2.10910081863
Iteration 12 of 100: loss=4.60551309586 object_loss=2.49646186829 distance_loss=2.10905122757
Iteration 13 of 100: loss=3.88123607635 object_loss=1.77177810669 distance_loss=2.10945796967
Iteration 14 of 100: loss=4.40873861313 object_loss=2.29918837547 distance_loss=2.10955023766
Iteration 15 of 100: loss=4.11679458618 object_loss=2.0068666935 distance_loss=2.10992789268
Iteration 16 of 100: loss=4.21767997742 object_loss=2.1078555584 distance_loss=2.10982465744
Iteration 17 of 100: loss=4.26492118835 object_loss=2.15500545502 distance_loss=2.10991597176
Iteration 18 of 100: loss=4.35075044632 object_loss=2.24046778679 distance_loss=2.11028265953
Iteration 19 of 100: loss=4.16128063202 object_loss=2.05083680153 distance_loss=2.11044383049
Iteration 20 of 100: loss=4.24907207489 object_loss=2.13878083229 distance_loss=2.11029148102
Iteration 21 of 100: loss=3.72900152206 object_loss=1.61852109432 distance_loss=2.11048054695
Iteration 22 of 100: loss=3.73230981827 object_loss=1.62151515484 distance_loss=2.11079478264
Iteration 23 of 100: loss=4.46960830688 object_loss=2.35853290558 distance_loss=2.11107540131
Iteration 24 of 100: loss=5.16153669357 object_loss=3.05023741722 distance_loss=2.11129927635
Iteration 25 of 100: loss=4.9543094635 object_loss=2.84281826019 distance_loss=2.11149120331
Iteration 26 of 100: loss=5.62361717224 object_loss=3.5119509697 distance_loss=2.11166620255
Iteration 27 of 100: loss=5.96005916595 object_loss=3.84813427925 distance_loss=2.1119248867
Iteration 28 of 100: loss=5.66598892212 object_loss=3.55407214165 distance_loss=2.11191678047
Iteration 29 of 100: loss=5.21951961517 object_loss=3.10749030113 distance_loss=2.11202931404
Iteration 30 of 100: loss=5.24325466156 object_loss=3.13079595566 distance_loss=2.1124587059
Iteration 31 of 100: loss=5.45011615753 object_loss=3.33744692802 distance_loss=2.11266946793
Iteration 32 of 100: loss=5.9577755928 object_loss=3.84537243843 distance_loss=2.11240315437
Iteration 33 of 100: loss=5.81303596497 object_loss=3.7001209259 distance_loss=2.11291527748
Iteration 34 of 100: loss=5.55237531662 object_loss=3.43906378746 distance_loss=2.11331152916
Iteration 35 of 100: loss=7.39383220673 object_loss=5.28019094467 distance_loss=2.11364102364
Iteration 36 of 100: loss=6.0577545166 object_loss=3.94413638115 distance_loss=2.11361789703
Iteration 37 of 100: loss=6.74626350403 object_loss=4.63278532028 distance_loss=2.11347842216
Iteration 38 of 100: loss=7.45892906189 object_loss=5.34551429749 distance_loss=2.1134147644
Iteration 39 of 100: loss=7.34249401093 object_loss=5.22904777527 distance_loss=2.11344623566
Iteration 40 of 100: loss=7.31686019897 object_loss=5.20365190506 distance_loss=2.11320829391
Iteration 41 of 100: loss=7.52258300781 object_loss=5.40955638885 distance_loss=2.11302685738
Iteration 42 of 100: loss=7.38515520096 object_loss=5.27227449417 distance_loss=2.11288070679
Iteration 43 of 100: loss=7.73012161255 object_loss=5.61721897125 distance_loss=2.1129026413
Iteration 44 of 100: loss=7.84613323212 object_loss=5.73353767395 distance_loss=2.11259555817
Iteration 45 of 100: loss=7.72417402267 object_loss=5.61153125763 distance_loss=2.11264276505
Iteration 46 of 100: loss=8.61922645569 object_loss=6.50679254532 distance_loss=2.11243367195
Iteration 47 of 100: loss=8.4488067627 object_loss=6.3365354538 distance_loss=2.11227178574
Iteration 48 of 100: loss=8.64247512817 object_loss=6.53028249741 distance_loss=2.1121931076
Iteration 49 of 100: loss=7.769490242 object_loss=5.65694952011 distance_loss=2.11254096031
Iteration 50 of 100: loss=6.62812137604 object_loss=4.51535892487 distance_loss=2.11276221275
Iteration 51 of 100: loss=5.85547018051 object_loss=3.74248337746 distance_loss=2.11298680305
Iteration 52 of 100: loss=5.70028114319 object_loss=3.58724546432 distance_loss=2.11303544044
Iteration 53 of 100: loss=5.69756412506 object_loss=3.5840280056 distance_loss=2.11353588104
Iteration 54 of 100: loss=5.15629577637 object_loss=3.04237580299 distance_loss=2.11391973495
Iteration 55 of 100: loss=5.15577793121 object_loss=3.04170942307 distance_loss=2.11406874657
Iteration 56 of 100: loss=5.3905620575 object_loss=3.27659678459 distance_loss=2.11396551132
Iteration 57 of 100: loss=5.79802703857 object_loss=3.68390440941 distance_loss=2.11412262917
Iteration 58 of 100: loss=5.53805065155 object_loss=3.42367887497 distance_loss=2.114372015
Iteration 59 of 100: loss=5.20033550262 object_loss=3.08593797684 distance_loss=2.11439728737
Iteration 60 of 100: loss=5.62597560883 object_loss=3.51151847839 distance_loss=2.11445736885
Iteration 61 of 100: loss=5.5370926857 object_loss=3.42272591591 distance_loss=2.11436676979
Iteration 62 of 100: loss=5.57643032074 object_loss=3.4620218277 distance_loss=2.11440849304
Iteration 63 of 100: loss=5.84674549103 object_loss=3.7322063446 distance_loss=2.11453914642
Iteration 64 of 100: loss=6.01866531372 object_loss=3.90388464928 distance_loss=2.11478042603
Iteration 65 of 100: loss=6.26093101501 object_loss=4.14599132538 distance_loss=2.11493968964
Iteration 66 of 100: loss=6.59435510635 object_loss=4.4791021347 distance_loss=2.11525297165
Iteration 67 of 100: loss=5.80223417282 object_loss=3.68640112877 distance_loss=2.11583304405
Iteration 68 of 100: loss=5.82243728638 object_loss=3.70663928986 distance_loss=2.1157977581
Iteration 69 of 100: loss=5.99133491516 object_loss=3.87524008751 distance_loss=2.11609482765
Iteration 70 of 100: loss=5.84931850433 object_loss=3.73299384117 distance_loss=2.11632490158
Iteration 71 of 100: loss=5.88218975067 object_loss=3.76577353477 distance_loss=2.1164162159
Iteration 72 of 100: loss=5.52910614014 object_loss=3.41267776489 distance_loss=2.11642837524
Iteration 73 of 100: loss=5.64243125916 object_loss=3.52566146851 distance_loss=2.11676979065
Iteration 74 of 100: loss=5.07789897919 object_loss=2.96094036102 distance_loss=2.11695885658
Iteration 75 of 100: loss=4.88668107986 object_loss=2.76961755753 distance_loss=2.11706352234
Iteration 76 of 100: loss=5.40938568115 object_loss=3.29229998589 distance_loss=2.11708545685
Iteration 77 of 100: loss=5.55276012421 object_loss=3.4355173111 distance_loss=2.11724257469
Iteration 78 of 100: loss=5.75728464127 object_loss=3.63954734802 distance_loss=2.11773729324
Iteration 79 of 100: loss=6.22433376312 object_loss=4.10609769821 distance_loss=2.11823630333
Iteration 80 of 100: loss=5.9866104126 object_loss=3.86834549904 distance_loss=2.11826491356
Iteration 81 of 100: loss=6.3787894249 object_loss=4.26042461395 distance_loss=2.11836481094
Iteration 82 of 100: loss=5.82831382751 object_loss=3.70988965034 distance_loss=2.11842393875
Iteration 83 of 100: loss=6.42671728134 object_loss=4.30811548233 distance_loss=2.11860179901
Iteration 84 of 100: loss=5.74346828461 object_loss=3.6247215271 distance_loss=2.11874651909
Iteration 85 of 100: loss=5.66242790222 object_loss=3.54371905327 distance_loss=2.11870861053
Iteration 86 of 100: loss=5.68642282486 object_loss=3.56764364243 distance_loss=2.11877918243
Iteration 87 of 100: loss=5.75423383713 object_loss=3.63517665863 distance_loss=2.1190571785
Iteration 88 of 100: loss=4.07917737961 object_loss=1.96023547649 distance_loss=2.11894202232
Iteration 89 of 100: loss=4.54641628265 object_loss=2.42744135857 distance_loss=2.11897516251
Iteration 90 of 100: loss=5.4480638504 object_loss=3.32866668701 distance_loss=2.11939716339
Iteration 91 of 100: loss=6.17044448853 object_loss=4.05090999603 distance_loss=2.11953473091
Iteration 92 of 100: loss=6.67215442657 object_loss=4.55302476883 distance_loss=2.11912941933
Iteration 93 of 100: loss=6.36435222626 object_loss=4.24514007568 distance_loss=2.11921238899
Iteration 94 of 100: loss=6.97723960876 object_loss=4.85783815384 distance_loss=2.11940121651
Iteration 95 of 100: loss=7.75474691391 object_loss=5.63529157639 distance_loss=2.11945533752
Iteration 96 of 100: loss=8.3268699646 object_loss=6.20757389069 distance_loss=2.11929655075
Iteration 97 of 100: loss=7.95814418793 object_loss=5.83875894547 distance_loss=2.11938548088
Iteration 98 of 100: loss=8.15527248383 object_loss=6.03589057922 distance_loss=2.11938214302
Iteration 99 of 100: loss=8.1947221756 object_loss=6.07515954971 distance_loss=2.11956238747
Iteration 0 of 100: loss=7.31732273102 object_loss=5.1978430748 distance_loss=2.11947989464
Iteration 1 of 100: loss=6.47264480591 object_loss=4.35318946838 distance_loss=2.11945533752
Iteration 2 of 100: loss=6.61160469055 object_loss=4.49214220047 distance_loss=2.1194627285
Iteration 3 of 100: loss=6.53380203247 object_loss=4.41426563263 distance_loss=2.11953663826
Iteration 4 of 100: loss=7.08960294724 object_loss=4.97027015686 distance_loss=2.11933279037
Iteration 5 of 100: loss=8.82241249084 object_loss=6.70303535461 distance_loss=2.11937689781
Iteration 6 of 100: loss=8.27062606812 object_loss=6.15123748779 distance_loss=2.1193883419
Iteration 7 of 100: loss=8.71634674072 object_loss=6.59738826752 distance_loss=2.11895871162
Iteration 8 of 100: loss=9.70260715485 object_loss=7.58408546448 distance_loss=2.11852169037
Iteration 9 of 100: loss=10.1431293488 object_loss=8.02492427826 distance_loss=2.11820530891
Iteration 10 of 100: loss=8.06718444824 object_loss=5.94939422607 distance_loss=2.11779046059
Iteration 11 of 100: loss=8.47068786621 object_loss=6.35305023193 distance_loss=2.11763763428
Iteration 12 of 100: loss=9.18649291992 object_loss=7.06929111481 distance_loss=2.11720180511
Iteration 13 of 100: loss=11.129617691 object_loss=9.01257896423 distance_loss=2.11703896523
Iteration 14 of 100: loss=9.68025493622 object_loss=7.56337356567 distance_loss=2.11688160896
Iteration 15 of 100: loss=9.85569000244 object_loss=7.73922204971 distance_loss=2.11646795273
Iteration 16 of 100: loss=9.53357982635 object_loss=7.41760492325 distance_loss=2.11597466469
Iteration 17 of 100: loss=9.4914484024 object_loss=7.3757314682 distance_loss=2.11571717262
Iteration 18 of 100: loss=9.9893283844 object_loss=7.87373876572 distance_loss=2.1155898571
Iteration 19 of 100: loss=10.5615272522 object_loss=8.44611740112 distance_loss=2.11540961266
Iteration 20 of 100: loss=8.27205276489 object_loss=6.15679216385 distance_loss=2.11526036263
Iteration 21 of 100: loss=8.73884391785 object_loss=6.62338924408 distance_loss=2.1154551506
Iteration 22 of 100: loss=8.8187713623 object_loss=6.70308494568 distance_loss=2.11568593979
Iteration 23 of 100: loss=8.94152736664 object_loss=6.82548141479 distance_loss=2.11604595184
Iteration 24 of 100: loss=8.66627502441 object_loss=6.55019712448 distance_loss=2.11607766151
Iteration 25 of 100: loss=13.7426300049 object_loss=11.6258850098 distance_loss=2.11674451828
Iteration 26 of 100: loss=12.8425579071 object_loss=10.7249488831 distance_loss=2.11760902405
Iteration 27 of 100: loss=12.1497144699 object_loss=10.0315418243 distance_loss=2.11817240715
Iteration 28 of 100: loss=11.7700052261 object_loss=9.65149593353 distance_loss=2.11850905418
Iteration 29 of 100: loss=11.650393486 object_loss=9.53107261658 distance_loss=2.11932086945
Iteration 30 of 100: loss=10.0004882812 object_loss=7.8803896904 distance_loss=2.12009906769
Iteration 31 of 100: loss=9.41690444946 object_loss=7.29648256302 distance_loss=2.12042212486
Iteration 32 of 100: loss=10.9779462814 object_loss=8.85716533661 distance_loss=2.12078070641
Iteration 33 of 100: loss=11.4350852966 object_loss=9.31350803375 distance_loss=2.12157678604
Iteration 34 of 100: loss=9.09814453125 object_loss=6.97605848312 distance_loss=2.12208628654
Iteration 35 of 100: loss=8.00787258148 object_loss=5.88543701172 distance_loss=2.12243580818
Iteration 36 of 100: loss=11.8271131516 object_loss=9.70463562012 distance_loss=2.12247729301
Iteration 37 of 100: loss=10.9909944534 object_loss=8.86831283569 distance_loss=2.12268161774
Iteration 38 of 100: loss=10.2714490891 object_loss=8.14845371246 distance_loss=2.12299513817
Iteration 39 of 100: loss=10.4533748627 object_loss=8.3299665451 distance_loss=2.12340831757
Iteration 40 of 100: loss=10.7261714935 object_loss=8.60278511047 distance_loss=2.12338662148
Iteration 41 of 100: loss=8.97185230255 object_loss=6.84842300415 distance_loss=2.12342953682
Iteration 42 of 100: loss=8.244972229 object_loss=6.12154483795 distance_loss=2.12342786789
Iteration 43 of 100: loss=8.14293479919 object_loss=6.01938295364 distance_loss=2.12355232239
Iteration 44 of 100: loss=9.14760017395 object_loss=7.02392959595 distance_loss=2.12367010117
Iteration 45 of 100: loss=10.9006443024 object_loss=8.77702140808 distance_loss=2.12362313271
Iteration 46 of 100: loss=11.7069396973 object_loss=9.58323192596 distance_loss=2.12370800972
Iteration 47 of 100: loss=11.7184734344 object_loss=9.59463405609 distance_loss=2.12383985519
Iteration 48 of 100: loss=11.7172002792 object_loss=9.59327602386 distance_loss=2.12392425537
Iteration 49 of 100: loss=9.0350933075 object_loss=6.91123104095 distance_loss=2.1238617897
Iteration 50 of 100: loss=8.92781639099 object_loss=6.8035569191 distance_loss=2.12425923347
Iteration 51 of 100: loss=8.85483646393 object_loss=6.73011636734 distance_loss=2.12471985817
Iteration 52 of 100: loss=7.85714435577 object_loss=5.73265457153 distance_loss=2.12449002266
Iteration 53 of 100: loss=7.06656455994 object_loss=4.94158029556 distance_loss=2.12498426437
Iteration 54 of 100: loss=7.55549907684 object_loss=5.43006229401 distance_loss=2.12543678284
Iteration 55 of 100: loss=8.04879951477 object_loss=5.92299079895 distance_loss=2.12580895424
Iteration 56 of 100: loss=7.85828018188 object_loss=5.73239946365 distance_loss=2.12588047981
Iteration 57 of 100: loss=8.62388134003 object_loss=6.49779701233 distance_loss=2.1260843277
Iteration 58 of 100: loss=8.10391902924 object_loss=5.97773742676 distance_loss=2.1261818409
Iteration 59 of 100: loss=8.06581115723 object_loss=5.93924045563 distance_loss=2.12657022476
Iteration 60 of 100: loss=8.0641784668 object_loss=5.93738746643 distance_loss=2.12679123878
Iteration 61 of 100: loss=7.92012929916 object_loss=5.79332685471 distance_loss=2.12680244446
Iteration 62 of 100: loss=8.29030799866 object_loss=6.16317844391 distance_loss=2.12712931633
Iteration 63 of 100: loss=10.54804039 object_loss=8.42062091827 distance_loss=2.1274189949
Iteration 64 of 100: loss=11.0304546356 object_loss=8.90305709839 distance_loss=2.12739729881
Iteration 65 of 100: loss=9.84648132324 object_loss=7.71885538101 distance_loss=2.12762618065
Iteration 66 of 100: loss=9.48036193848 object_loss=7.35268878937 distance_loss=2.12767362595
Iteration 67 of 100: loss=10.2392320633 object_loss=8.11163806915 distance_loss=2.12759375572
Iteration 68 of 100: loss=7.44097709656 object_loss=5.31341314316 distance_loss=2.12756371498
Iteration 69 of 100: loss=8.53413105011 object_loss=6.40672540665 distance_loss=2.12740588188
Iteration 70 of 100: loss=8.38382339478 object_loss=6.25667381287 distance_loss=2.12714934349
Iteration 71 of 100: loss=6.57340145111 object_loss=4.44644165039 distance_loss=2.12696003914
Iteration 72 of 100: loss=6.51261425018 object_loss=4.38612890244 distance_loss=2.12648558617
Iteration 73 of 100: loss=6.93730068207 object_loss=4.81098461151 distance_loss=2.12631630898
Iteration 74 of 100: loss=11.7994127274 object_loss=9.67308235168 distance_loss=2.12633061409
Iteration 75 of 100: loss=13.4201021194 object_loss=11.2939138412 distance_loss=2.12618851662
Iteration 76 of 100: loss=13.3821592331 object_loss=11.2565126419 distance_loss=2.12564635277
Iteration 77 of 100: loss=12.2709827423 object_loss=10.1452922821 distance_loss=2.12569046021
Iteration 78 of 100: loss=12.5928611755 object_loss=10.4670219421 distance_loss=2.12583971024
Iteration 79 of 100: loss=12.5764312744 object_loss=10.4503192902 distance_loss=2.12611174583
Iteration 80 of 100: loss=12.7149438858 object_loss=10.5885419846 distance_loss=2.12640190125
Iteration 81 of 100: loss=10.1878700256 object_loss=8.0613193512 distance_loss=2.12655115128
Iteration 82 of 100: loss=9.18655395508 object_loss=7.05997991562 distance_loss=2.1265745163
Iteration 83 of 100: loss=8.73576068878 object_loss=6.60896110535 distance_loss=2.12679958344
Iteration 84 of 100: loss=6.97113037109 object_loss=4.8442196846 distance_loss=2.12691092491
Iteration 85 of 100: loss=7.18806600571 object_loss=5.06090545654 distance_loss=2.12716054916
Iteration 86 of 100: loss=6.88385057449 object_loss=4.75658273697 distance_loss=2.12726783752
Iteration 87 of 100: loss=6.82783842087 object_loss=4.70064210892 distance_loss=2.12719631195
Iteration 88 of 100: loss=6.62595033646 object_loss=4.49891710281 distance_loss=2.12703323364
Iteration 89 of 100: loss=7.09274339676 object_loss=4.96540784836 distance_loss=2.1273355484
Iteration 90 of 100: loss=7.30567359924 object_loss=5.17814350128 distance_loss=2.12753033638
Iteration 91 of 100: loss=7.76641654968 object_loss=5.63902187347 distance_loss=2.12739467621
Iteration 92 of 100: loss=7.81360435486 object_loss=5.68648433685 distance_loss=2.12712025642
Iteration 93 of 100: loss=6.59665870667 object_loss=4.46950244904 distance_loss=2.12715601921
Iteration 94 of 100: loss=7.3152513504 object_loss=5.18814373016 distance_loss=2.12710785866
Iteration 95 of 100: loss=7.21835517883 object_loss=5.09123468399 distance_loss=2.12712049484
Iteration 96 of 100: loss=7.73197078705 object_loss=5.60515975952 distance_loss=2.12681126595
Iteration 97 of 100: loss=7.31693267822 object_loss=5.19024705887 distance_loss=2.12668561935
Iteration 98 of 100: loss=6.08989906311 object_loss=3.96332597733 distance_loss=2.12657284737
Iteration 99 of 100: loss=5.9128742218 object_loss=3.78646492958 distance_loss=2.1264090538
Iteration 0 of 100: loss=5.93257474899 object_loss=3.80656671524 distance_loss=2.12600803375
Iteration 1 of 100: loss=6.2907538414 object_loss=4.16470384598 distance_loss=2.12604999542
Iteration 2 of 100: loss=6.41880702972 object_loss=4.29239177704 distance_loss=2.12641525269
Iteration 3 of 100: loss=6.45951271057 object_loss=4.33268165588 distance_loss=2.12683129311
Iteration 4 of 100: loss=6.38671827316 object_loss=4.25960826874 distance_loss=2.12711000443
Iteration 5 of 100: loss=7.90282058716 object_loss=5.77560091019 distance_loss=2.12721991539
Iteration 6 of 100: loss=12.4810304642 object_loss=10.3535490036 distance_loss=2.12748146057
Iteration 7 of 100: loss=10.7903909683 object_loss=8.66267871857 distance_loss=2.12771224976
Iteration 8 of 100: loss=10.3380899429 object_loss=8.21020793915 distance_loss=2.12788200378
Iteration 9 of 100: loss=9.88921546936 object_loss=7.76082515717 distance_loss=2.12839007378
Iteration 10 of 100: loss=10.774274826 object_loss=8.64552497864 distance_loss=2.12875032425
Iteration 11 of 100: loss=11.0430803299 object_loss=8.91388607025 distance_loss=2.12919425964
Iteration 12 of 100: loss=14.8827724457 object_loss=12.7537565231 distance_loss=2.12901616096
Iteration 13 of 100: loss=13.5338001251 object_loss=11.4044532776 distance_loss=2.12934708595
Iteration 14 of 100: loss=11.5684280396 object_loss=9.4389705658 distance_loss=2.12945723534
Iteration 15 of 100: loss=8.66677284241 object_loss=6.53725862503 distance_loss=2.12951469421
Iteration 16 of 100: loss=10.7106771469 object_loss=8.58116054535 distance_loss=2.12951636314
Iteration 17 of 100: loss=10.3110809326 object_loss=8.18160438538 distance_loss=2.12947678566
Iteration 18 of 100: loss=9.42366886139 object_loss=7.29426860809 distance_loss=2.12940001488
Iteration 19 of 100: loss=11.2147035599 object_loss=9.08531093597 distance_loss=2.12939286232
Iteration 20 of 100: loss=11.4286584854 object_loss=9.29907989502 distance_loss=2.12957835197
Iteration 21 of 100: loss=10.2464237213 object_loss=8.11681938171 distance_loss=2.12960410118
Iteration 22 of 100: loss=9.84655570984 object_loss=7.71683692932 distance_loss=2.12971925735
Iteration 23 of 100: loss=8.28067111969 object_loss=6.15056276321 distance_loss=2.13010811806
Iteration 24 of 100: loss=13.3005628586 object_loss=11.1703615189 distance_loss=2.1302011013
Iteration 25 of 100: loss=12.7799549103 object_loss=10.6497192383 distance_loss=2.13023543358
Iteration 26 of 100: loss=10.6713237762 object_loss=8.54115962982 distance_loss=2.13016438484
Iteration 27 of 100: loss=11.1338272095 object_loss=9.00387573242 distance_loss=2.12995123863
Iteration 28 of 100: loss=6.75625371933 object_loss=4.62646245956 distance_loss=2.12979125977
Iteration 29 of 100: loss=7.76530981064 object_loss=5.63550376892 distance_loss=2.12980604172
Iteration 30 of 100: loss=7.41031742096 object_loss=5.2804441452 distance_loss=2.12987303734
Iteration 31 of 100: loss=8.04423522949 object_loss=5.91416883469 distance_loss=2.13006639481
Iteration 32 of 100: loss=7.59659194946 object_loss=5.46660614014 distance_loss=2.12998580933
Iteration 33 of 100: loss=6.63674259186 object_loss=4.50643873215 distance_loss=2.13030385971
Iteration 34 of 100: loss=6.2123169899 object_loss=4.08163309097 distance_loss=2.13068389893
Iteration 35 of 100: loss=6.43411540985 object_loss=4.30317783356 distance_loss=2.13093781471
Iteration 36 of 100: loss=5.96237850189 object_loss=3.83201098442 distance_loss=2.13036727905
Iteration 37 of 100: loss=5.66702079773 object_loss=3.5365831852 distance_loss=2.13043737411
Iteration 38 of 100: loss=5.50539636612 object_loss=3.37484908104 distance_loss=2.13054728508
Iteration 39 of 100: loss=5.59498310089 object_loss=3.46441841125 distance_loss=2.13056468964
Iteration 40 of 100: loss=6.07916402817 object_loss=3.94852495193 distance_loss=2.13063907623
Iteration 41 of 100: loss=5.20915079117 object_loss=3.07846212387 distance_loss=2.1306886673
Iteration 42 of 100: loss=5.48365974426 object_loss=3.35300254822 distance_loss=2.13065695763
Iteration 43 of 100: loss=6.40895175934 object_loss=4.27799940109 distance_loss=2.13095235825
Iteration 44 of 100: loss=6.63348674774 object_loss=4.50231075287 distance_loss=2.13117575645
Iteration 45 of 100: loss=5.83383083344 object_loss=3.70263791084 distance_loss=2.13119316101
Iteration 46 of 100: loss=6.26665496826 object_loss=4.13521814346 distance_loss=2.1314368248
Iteration 47 of 100: loss=6.32145214081 object_loss=4.18989276886 distance_loss=2.13155913353
Iteration 48 of 100: loss=6.17222356796 object_loss=4.04088592529 distance_loss=2.13133764267
Iteration 49 of 100: loss=6.16126775742 object_loss=4.02971887589 distance_loss=2.13154888153
Iteration 50 of 100: loss=5.84646892548 object_loss=3.71490073204 distance_loss=2.13156843185
Iteration 51 of 100: loss=6.54780673981 object_loss=4.41621637344 distance_loss=2.13159060478
Iteration 52 of 100: loss=6.57400894165 object_loss=4.44258356094 distance_loss=2.13142538071
Iteration 53 of 100: loss=6.28216266632 object_loss=4.15062379837 distance_loss=2.13153910637
Iteration 54 of 100: loss=7.24780130386 object_loss=5.11619615555 distance_loss=2.13160514832
Iteration 55 of 100: loss=6.01616191864 object_loss=3.88450407982 distance_loss=2.13165807724
Iteration 56 of 100: loss=5.99537706375 object_loss=3.86388921738 distance_loss=2.13148784637
Iteration 57 of 100: loss=5.41648721695 object_loss=3.28506684303 distance_loss=2.13142037392
Iteration 58 of 100: loss=6.7661485672 object_loss=4.63454008102 distance_loss=2.13160872459
Iteration 59 of 100: loss=7.18230247498 object_loss=5.05068922043 distance_loss=2.13161349297
Iteration 60 of 100: loss=10.1768026352 object_loss=8.04542160034 distance_loss=2.13138127327
Iteration 61 of 100: loss=7.7224779129 object_loss=5.59104442596 distance_loss=2.13143324852
Iteration 62 of 100: loss=6.25826072693 object_loss=4.12666940689 distance_loss=2.13159132004
Iteration 63 of 100: loss=7.9548406601 object_loss=5.82289028168 distance_loss=2.13195061684
Iteration 64 of 100: loss=5.8693857193 object_loss=3.73714518547 distance_loss=2.13224077225
Iteration 65 of 100: loss=6.53971481323 object_loss=4.40709066391 distance_loss=2.13262414932
Iteration 66 of 100: loss=6.9197435379 object_loss=4.7869477272 distance_loss=2.1327958107
Iteration 67 of 100: loss=8.6634311676 object_loss=6.53033542633 distance_loss=2.13309621811
Iteration 68 of 100: loss=6.829413414 object_loss=4.69649410248 distance_loss=2.13291931152
Iteration 69 of 100: loss=6.39428520203 object_loss=4.26131057739 distance_loss=2.13297462463
Iteration 70 of 100: loss=6.61512374878 object_loss=4.48201704025 distance_loss=2.13310670853
Iteration 71 of 100: loss=6.80843830109 object_loss=4.67529296875 distance_loss=2.13314557076
Iteration 72 of 100: loss=7.71957588196 object_loss=5.58672857285 distance_loss=2.13284754753
Iteration 73 of 100: loss=6.68785142899 object_loss=4.55476713181 distance_loss=2.13308429718
Iteration 74 of 100: loss=6.78819847107 object_loss=4.65501928329 distance_loss=2.13317918777
Iteration 75 of 100: loss=8.15874099731 object_loss=6.02551841736 distance_loss=2.13322257996
Iteration 76 of 100: loss=7.35638713837 object_loss=5.22321414948 distance_loss=2.13317298889
Iteration 77 of 100: loss=6.8981347084 object_loss=4.76494073868 distance_loss=2.13319396973
Iteration 78 of 100: loss=6.84796619415 object_loss=4.7149682045 distance_loss=2.13299775124
Iteration 79 of 100: loss=7.49771308899 object_loss=5.3647480011 distance_loss=2.13296484947
Iteration 80 of 100: loss=7.62405061722 object_loss=5.49116182327 distance_loss=2.13288879395
Iteration 81 of 100: loss=8.85601425171 object_loss=6.72332859039 distance_loss=2.13268518448
Iteration 82 of 100: loss=10.0121650696 object_loss=7.87943649292 distance_loss=2.13272833824
Iteration 83 of 100: loss=9.38011169434 object_loss=7.24731063843 distance_loss=2.13280081749
Iteration 84 of 100: loss=7.22286987305 object_loss=5.0901093483 distance_loss=2.13276076317
Iteration 85 of 100: loss=6.58384132385 object_loss=4.45103502274 distance_loss=2.13280630112
Iteration 86 of 100: loss=7.00193691254 object_loss=4.86907434464 distance_loss=2.13286280632
Iteration 87 of 100: loss=6.39741230011 object_loss=4.26460552216 distance_loss=2.13280701637
Iteration 88 of 100: loss=6.36024570465 object_loss=4.22739505768 distance_loss=2.13285088539
Iteration 89 of 100: loss=6.83848285675 object_loss=4.70552968979 distance_loss=2.13295316696
Iteration 90 of 100: loss=8.59809684753 object_loss=6.46514701843 distance_loss=2.1329498291
Iteration 91 of 100: loss=8.49098014832 object_loss=6.35786676407 distance_loss=2.13311314583
Iteration 92 of 100: loss=8.73682975769 object_loss=6.60397911072 distance_loss=2.13285040855
Iteration 93 of 100: loss=7.31334590912 object_loss=5.18042469025 distance_loss=2.13292098045
Iteration 94 of 100: loss=7.91571474075 object_loss=5.78274583817 distance_loss=2.13296890259
Iteration 95 of 100: loss=9.46164989471 object_loss=7.3287153244 distance_loss=2.13293480873
Iteration 96 of 100: loss=7.7932434082 object_loss=5.66082906723 distance_loss=2.13241457939
Iteration 97 of 100: loss=7.55607748032 object_loss=5.42394733429 distance_loss=2.13213014603
Iteration 98 of 100: loss=6.42657279968 object_loss=4.294672966 distance_loss=2.13189959526
Iteration 99 of 100: loss=7.58550357819 object_loss=5.45375347137 distance_loss=2.13174986839
Iteration 0 of 100: loss=6.77252388 object_loss=4.64094638824 distance_loss=2.13157773018
Iteration 1 of 100: loss=6.64791202545 object_loss=4.51646709442 distance_loss=2.13144469261
Iteration 2 of 100: loss=5.43094348907 object_loss=3.2996840477 distance_loss=2.13125920296
Iteration 3 of 100: loss=6.37450313568 object_loss=4.24341440201 distance_loss=2.13108849525
Iteration 4 of 100: loss=8.05401039124 object_loss=5.9233417511 distance_loss=2.13066840172
Iteration 5 of 100: loss=6.31666564941 object_loss=4.1864824295 distance_loss=2.13018345833
Iteration 6 of 100: loss=6.18222522736 object_loss=4.05237436295 distance_loss=2.12985110283
Iteration 7 of 100: loss=4.71675872803 object_loss=2.58733677864 distance_loss=2.12942194939
Iteration 8 of 100: loss=4.81449985504 object_loss=2.68558645248 distance_loss=2.12891340256
Iteration 9 of 100: loss=5.69886016846 object_loss=3.56999707222 distance_loss=2.12886309624
Iteration 10 of 100: loss=5.80075263977 object_loss=3.67159128189 distance_loss=2.12916135788
Iteration 11 of 100: loss=7.14057540894 object_loss=5.01147937775 distance_loss=2.12909626961
Iteration 12 of 100: loss=4.97301244736 object_loss=2.84416031837 distance_loss=2.12885212898
Iteration 13 of 100: loss=5.20119524002 object_loss=3.07214593887 distance_loss=2.12904930115
Iteration 14 of 100: loss=3.58553314209 object_loss=1.45650625229 distance_loss=2.1290268898
Iteration 15 of 100: loss=3.70667243004 object_loss=1.57778143883 distance_loss=2.12889099121
Iteration 16 of 100: loss=3.58779335022 object_loss=1.45928478241 distance_loss=2.12850856781
Iteration 17 of 100: loss=3.59869718552 object_loss=1.47048425674 distance_loss=2.12821292877
Iteration 18 of 100: loss=3.66003084183 object_loss=1.53189277649 distance_loss=2.12813806534
Iteration 19 of 100: loss=3.47135043144 object_loss=1.34308838844 distance_loss=2.128262043
Iteration 20 of 100: loss=3.45749235153 object_loss=1.32957947254 distance_loss=2.1279129982
Iteration 21 of 100: loss=3.63368606567 object_loss=1.50594174862 distance_loss=2.12774443626
Iteration 22 of 100: loss=4.50041389465 object_loss=2.37263011932 distance_loss=2.12778353691
Iteration 23 of 100: loss=4.42432451248 object_loss=2.29628872871 distance_loss=2.12803578377
Iteration 24 of 100: loss=4.50636482239 object_loss=2.37787747383 distance_loss=2.12848734856
Iteration 25 of 100: loss=4.46485328674 object_loss=2.33603954315 distance_loss=2.12881374359
Iteration 26 of 100: loss=4.37749481201 object_loss=2.24853157997 distance_loss=2.12896347046
Iteration 27 of 100: loss=4.56920289993 object_loss=2.44004034996 distance_loss=2.12916254997
Iteration 28 of 100: loss=4.61394023895 object_loss=2.48458194733 distance_loss=2.12935853004
Iteration 29 of 100: loss=4.90955162048 object_loss=2.77965116501 distance_loss=2.12990021706
Iteration 30 of 100: loss=5.17859840393 object_loss=3.04784703255 distance_loss=2.13075113297
Iteration 31 of 100: loss=5.61944770813 object_loss=3.48805522919 distance_loss=2.13139271736
Iteration 32 of 100: loss=4.96880149841 object_loss=2.83751606941 distance_loss=2.13128519058
Iteration 33 of 100: loss=5.31767368317 object_loss=3.18573212624 distance_loss=2.13194131851
Iteration 34 of 100: loss=5.04058170319 object_loss=2.90824794769 distance_loss=2.13233375549
Iteration 35 of 100: loss=5.03996753693 object_loss=2.90727233887 distance_loss=2.13269519806
Iteration 36 of 100: loss=5.77851963043 object_loss=3.64560770988 distance_loss=2.13291215897
Iteration 37 of 100: loss=5.01672315598 object_loss=2.8838596344 distance_loss=2.13286352158
Iteration 38 of 100: loss=5.93606376648 object_loss=3.80311751366 distance_loss=2.1329460144
Iteration 39 of 100: loss=5.94376373291 object_loss=3.81032943726 distance_loss=2.13343429565
Iteration 40 of 100: loss=5.67334222794 object_loss=3.53970885277 distance_loss=2.13363337517
Iteration 41 of 100: loss=5.99907922745 object_loss=3.86539530754 distance_loss=2.13368391991
Iteration 42 of 100: loss=5.43879032135 object_loss=3.3046503067 distance_loss=2.13414025307
Iteration 43 of 100: loss=5.36508083344 object_loss=3.23058009148 distance_loss=2.13450098038
Iteration 44 of 100: loss=5.1823682785 object_loss=3.04771995544 distance_loss=2.13464856148
Iteration 45 of 100: loss=5.57080841064 object_loss=3.43591165543 distance_loss=2.13489675522
Iteration 46 of 100: loss=6.54501819611 object_loss=4.40988969803 distance_loss=2.1351287365
Iteration 47 of 100: loss=5.45846176147 object_loss=3.32314729691 distance_loss=2.13531422615
Iteration 48 of 100: loss=5.55107402802 object_loss=3.41554665565 distance_loss=2.13552761078
Iteration 49 of 100: loss=5.2835059166 object_loss=3.147793293 distance_loss=2.1357126236
Iteration 50 of 100: loss=6.07900714874 object_loss=3.94328522682 distance_loss=2.1357216835
Iteration 51 of 100: loss=5.6508846283 object_loss=3.51498007774 distance_loss=2.13590431213
Iteration 52 of 100: loss=5.71400642395 object_loss=3.5780749321 distance_loss=2.13593173027
Iteration 53 of 100: loss=5.89067745209 object_loss=3.75398254395 distance_loss=2.13669490814
Iteration 54 of 100: loss=5.48426294327 object_loss=3.34703445435 distance_loss=2.13722848892
Iteration 55 of 100: loss=6.3639626503 object_loss=4.22652769089 distance_loss=2.13743495941
Iteration 56 of 100: loss=7.76625061035 object_loss=5.62885332108 distance_loss=2.13739752769
Iteration 57 of 100: loss=7.94072151184 object_loss=5.80312871933 distance_loss=2.13759255409
Iteration 58 of 100: loss=7.22822618484 object_loss=5.09052753448 distance_loss=2.13769865036
Iteration 59 of 100: loss=7.07710361481 object_loss=4.93919610977 distance_loss=2.13790726662
Iteration 60 of 100: loss=7.44354438782 object_loss=5.30546045303 distance_loss=2.1380841732
Iteration 61 of 100: loss=7.25976276398 object_loss=5.12146902084 distance_loss=2.13829374313
Iteration 62 of 100: loss=6.13048744202 object_loss=3.99209976196 distance_loss=2.13838768005
Iteration 63 of 100: loss=6.53240966797 object_loss=4.39377641678 distance_loss=2.13863348961
Iteration 64 of 100: loss=5.91617012024 object_loss=3.7773630619 distance_loss=2.13880729675
Iteration 65 of 100: loss=8.10255908966 object_loss=5.96375656128 distance_loss=2.1388027668
Iteration 66 of 100: loss=6.62573337555 object_loss=4.48690366745 distance_loss=2.13882994652
Iteration 67 of 100: loss=8.42960929871 object_loss=6.29073095322 distance_loss=2.13887810707
Iteration 68 of 100: loss=6.07025527954 object_loss=3.93155527115 distance_loss=2.13869976997
Iteration 69 of 100: loss=5.44477653503 object_loss=3.30606555939 distance_loss=2.13871121407
Iteration 70 of 100: loss=6.44764137268 object_loss=4.30882692337 distance_loss=2.13881421089
Iteration 71 of 100: loss=6.79913425446 object_loss=4.66034507751 distance_loss=2.13878917694
Iteration 72 of 100: loss=6.78844928741 object_loss=4.65005588531 distance_loss=2.13839316368
Iteration 73 of 100: loss=6.40308189392 object_loss=4.26463365555 distance_loss=2.13844847679
Iteration 74 of 100: loss=5.35330057144 object_loss=3.21479225159 distance_loss=2.13850831985
Iteration 75 of 100: loss=4.88723659515 object_loss=2.74855303764 distance_loss=2.13868355751
Iteration 76 of 100: loss=4.40325069427 object_loss=2.26488804817 distance_loss=2.1383626461
Iteration 77 of 100: loss=4.36053228378 object_loss=2.22211956978 distance_loss=2.138412714
Iteration 78 of 100: loss=4.20739221573 object_loss=2.06876802444 distance_loss=2.13862419128
Iteration 79 of 100: loss=4.55667877197 object_loss=2.41789484024 distance_loss=2.13878369331
Iteration 80 of 100: loss=3.86035680771 object_loss=1.72192013264 distance_loss=2.13843679428
Iteration 81 of 100: loss=3.74727416039 object_loss=1.60879349709 distance_loss=2.1384806633
Iteration 82 of 100: loss=3.67123699188 object_loss=1.53258836269 distance_loss=2.13864850998
Iteration 83 of 100: loss=3.32642960548 object_loss=1.1878759861 distance_loss=2.13855361938
Iteration 84 of 100: loss=3.3303565979 object_loss=1.1918400526 distance_loss=2.13851642609
Iteration 85 of 100: loss=3.42541527748 object_loss=1.28682780266 distance_loss=2.13858747482
Iteration 86 of 100: loss=3.53107738495 object_loss=1.39232695103 distance_loss=2.13875055313
Iteration 87 of 100: loss=3.44383478165 object_loss=1.30497062206 distance_loss=2.13886404037
Iteration 88 of 100: loss=3.77561426163 object_loss=1.63693988323 distance_loss=2.13867425919
Iteration 89 of 100: loss=3.73395252228 object_loss=1.59536170959 distance_loss=2.13859081268
Iteration 90 of 100: loss=3.58869171143 object_loss=1.45007228851 distance_loss=2.13861942291
Iteration 91 of 100: loss=3.69954156876 object_loss=1.56078839302 distance_loss=2.13875317574
Iteration 92 of 100: loss=3.8492910862 object_loss=1.71088004112 distance_loss=2.13841104507
Iteration 93 of 100: loss=3.80856537819 object_loss=1.66992950439 distance_loss=2.13863587379
Iteration 94 of 100: loss=3.76089024544 object_loss=1.62230491638 distance_loss=2.13858532906
Iteration 95 of 100: loss=3.68600130081 object_loss=1.54759180546 distance_loss=2.13840937614
Iteration 96 of 100: loss=3.45261526108 object_loss=1.31427097321 distance_loss=2.13834428787
Iteration 97 of 100: loss=3.97108030319 object_loss=1.83280706406 distance_loss=2.13827323914
Iteration 98 of 100: loss=3.9709918499 object_loss=1.8327858448 distance_loss=2.1382060051
Iteration 99 of 100: loss=3.73000502586 object_loss=1.59185433388 distance_loss=2.13815069199
Iteration 0 of 100: loss=3.74452328682 object_loss=1.60639739037 distance_loss=2.13812589645
Iteration 1 of 100: loss=3.44461154938 object_loss=1.30669569969 distance_loss=2.13791584969
Iteration 2 of 100: loss=3.19170689583 object_loss=1.05373859406 distance_loss=2.13796830177
Iteration 3 of 100: loss=3.29431915283 object_loss=1.15627253056 distance_loss=2.13804674149
Iteration 4 of 100: loss=3.51739621162 object_loss=1.37962269783 distance_loss=2.13777351379
Iteration 5 of 100: loss=3.26500034332 object_loss=1.12721884251 distance_loss=2.13778162003
Iteration 6 of 100: loss=3.26490497589 object_loss=1.12719523907 distance_loss=2.13770985603
Iteration 7 of 100: loss=3.26213788986 object_loss=1.12453877926 distance_loss=2.13759899139
Iteration 8 of 100: loss=3.31545424461 object_loss=1.17799472809 distance_loss=2.13745951653
Iteration 9 of 100: loss=3.30543470383 object_loss=1.1677646637 distance_loss=2.13767004013
Iteration 10 of 100: loss=3.30518960953 object_loss=1.16753542423 distance_loss=2.1376543045
Iteration 11 of 100: loss=3.5162935257 object_loss=1.37839579582 distance_loss=2.13789772987
Iteration 12 of 100: loss=3.52321243286 object_loss=1.38552582264 distance_loss=2.13768649101
Iteration 13 of 100: loss=3.50094556808 object_loss=1.36319434643 distance_loss=2.13775134087
Iteration 14 of 100: loss=3.59082794189 object_loss=1.4527939558 distance_loss=2.13803386688
Iteration 15 of 100: loss=3.74112319946 object_loss=1.60307085514 distance_loss=2.13805246353
Iteration 16 of 100: loss=3.6302485466 object_loss=1.49257981777 distance_loss=2.13766884804
Iteration 17 of 100: loss=3.23013210297 object_loss=1.09236776829 distance_loss=2.13776421547
Iteration 18 of 100: loss=3.48194694519 object_loss=1.34438323975 distance_loss=2.13756370544
Iteration 19 of 100: loss=3.52833795547 object_loss=1.39081680775 distance_loss=2.13752126694
Iteration 20 of 100: loss=3.46231603622 object_loss=1.32461130619 distance_loss=2.13770461082
Iteration 21 of 100: loss=3.51234483719 object_loss=1.37486004829 distance_loss=2.13748478889
Iteration 22 of 100: loss=3.51170086861 object_loss=1.37442421913 distance_loss=2.13727664948
Iteration 23 of 100: loss=3.54274702072 object_loss=1.40530264378 distance_loss=2.13744449615
Iteration 24 of 100: loss=3.51811218262 object_loss=1.38049459457 distance_loss=2.13761758804
Iteration 25 of 100: loss=3.56206059456 object_loss=1.42433738708 distance_loss=2.13772320747
Iteration 26 of 100: loss=3.3562541008 object_loss=1.21822178364 distance_loss=2.13803243637
Iteration 27 of 100: loss=3.19917154312 object_loss=1.0610448122 distance_loss=2.13812661171
Iteration 28 of 100: loss=3.06623888016 object_loss=0.928498148918 distance_loss=2.13774085045
Iteration 29 of 100: loss=3.22539329529 object_loss=1.08760404587 distance_loss=2.13778924942
Iteration 30 of 100: loss=3.20150089264 object_loss=1.06373465061 distance_loss=2.13776636124
Iteration 31 of 100: loss=3.48436880112 object_loss=1.34663438797 distance_loss=2.13773441315
Iteration 32 of 100: loss=3.50749993324 object_loss=1.37000465393 distance_loss=2.13749527931
Iteration 33 of 100: loss=3.5064458847 object_loss=1.3687723875 distance_loss=2.13767337799
Iteration 34 of 100: loss=3.49370384216 object_loss=1.35597133636 distance_loss=2.1377325058
Iteration 35 of 100: loss=3.63030862808 object_loss=1.49251711369 distance_loss=2.13779139519
Iteration 36 of 100: loss=3.88725137711 object_loss=1.74966371059 distance_loss=2.1375875473
Iteration 37 of 100: loss=3.71800303459 object_loss=1.58046126366 distance_loss=2.13754177094
Iteration 38 of 100: loss=3.97150993347 object_loss=1.83382594585 distance_loss=2.13768410683
Iteration 39 of 100: loss=4.04889202118 object_loss=1.91115164757 distance_loss=2.13774061203
Iteration 40 of 100: loss=3.97067689896 object_loss=1.83305156231 distance_loss=2.13762521744
Iteration 41 of 100: loss=3.99428153038 object_loss=1.85656762123 distance_loss=2.13771390915
Iteration 42 of 100: loss=4.02552366257 object_loss=1.88756597042 distance_loss=2.13795757294
Iteration 43 of 100: loss=3.59521150589 object_loss=1.45713496208 distance_loss=2.13807654381
Iteration 44 of 100: loss=3.73928022385 object_loss=1.60125005245 distance_loss=2.1380302906
Iteration 45 of 100: loss=3.75965809822 object_loss=1.62155437469 distance_loss=2.13810372353
Iteration 46 of 100: loss=3.74831342697 object_loss=1.61020839214 distance_loss=2.13810515404
Iteration 47 of 100: loss=3.62373542786 object_loss=1.48555243015 distance_loss=2.13818311691
Iteration 48 of 100: loss=3.61074376106 object_loss=1.47266960144 distance_loss=2.13807415962
Iteration 49 of 100: loss=3.69439315796 object_loss=1.55623614788 distance_loss=2.13815689087
Iteration 50 of 100: loss=3.90991902351 object_loss=1.77151250839 distance_loss=2.13840651512
Iteration 51 of 100: loss=3.92554306984 object_loss=1.78703308105 distance_loss=2.13850998878
Iteration 52 of 100: loss=3.78894329071 object_loss=1.65090715885 distance_loss=2.13803625107
Iteration 53 of 100: loss=3.77464413643 object_loss=1.63658046722 distance_loss=2.1380636692
Iteration 54 of 100: loss=3.77108025551 object_loss=1.63270926476 distance_loss=2.13837099075
Iteration 55 of 100: loss=3.75087499619 object_loss=1.61245822906 distance_loss=2.13841676712
Iteration 56 of 100: loss=3.74557089806 object_loss=1.60733103752 distance_loss=2.13823986053
Iteration 57 of 100: loss=3.79901528358 object_loss=1.66073656082 distance_loss=2.13827872276
Iteration 58 of 100: loss=3.78915953636 object_loss=1.65070295334 distance_loss=2.13845658302
Iteration 59 of 100: loss=3.95468187332 object_loss=1.81582057476 distance_loss=2.13886117935
Iteration 60 of 100: loss=3.70023107529 object_loss=1.56110882759 distance_loss=2.1391222477
Iteration 61 of 100: loss=3.95212864876 object_loss=1.81282806396 distance_loss=2.13930058479
Iteration 62 of 100: loss=3.72707986832 object_loss=1.58789432049 distance_loss=2.13918566704
Iteration 63 of 100: loss=3.83206796646 object_loss=1.69272828102 distance_loss=2.13933968544
Iteration 64 of 100: loss=3.85423851013 object_loss=1.71488893032 distance_loss=2.13934969902
Iteration 65 of 100: loss=4.02469444275 object_loss=1.88517332077 distance_loss=2.13952112198
Iteration 66 of 100: loss=4.38070964813 object_loss=2.24113559723 distance_loss=2.1395740509
Iteration 67 of 100: loss=4.08329868317 object_loss=1.9439573288 distance_loss=2.13934111595
Iteration 68 of 100: loss=3.76248025894 object_loss=1.62313091755 distance_loss=2.1393494606
Iteration 69 of 100: loss=4.56916713715 object_loss=2.42963528633 distance_loss=2.1395316124
Iteration 70 of 100: loss=4.49966335297 object_loss=2.36003136635 distance_loss=2.1396317482
Iteration 71 of 100: loss=4.42834186554 object_loss=2.28855657578 distance_loss=2.13978528976
Iteration 72 of 100: loss=3.86542129517 object_loss=1.72574150562 distance_loss=2.13967967033
Iteration 73 of 100: loss=3.68564939499 object_loss=1.54563999176 distance_loss=2.14000940323
Iteration 74 of 100: loss=3.70087790489 object_loss=1.56092905998 distance_loss=2.13994884491
Iteration 75 of 100: loss=3.59962558746 object_loss=1.45977425575 distance_loss=2.13985133171
Iteration 76 of 100: loss=3.82226133347 object_loss=1.68274486065 distance_loss=2.13951659203
Iteration 77 of 100: loss=3.78693127632 object_loss=1.64757180214 distance_loss=2.13935947418
Iteration 78 of 100: loss=3.7875084877 object_loss=1.64821112156 distance_loss=2.13929748535
Iteration 79 of 100: loss=3.79635763168 object_loss=1.65715396404 distance_loss=2.13920378685
Iteration 80 of 100: loss=3.82816267014 object_loss=1.68890798092 distance_loss=2.13925457001
Iteration 81 of 100: loss=3.9151763916 object_loss=1.77595508099 distance_loss=2.13922119141
Iteration 82 of 100: loss=3.89737462997 object_loss=1.75816047192 distance_loss=2.13921403885
Iteration 83 of 100: loss=4.12485980988 object_loss=1.98541808128 distance_loss=2.13944149017
Iteration 84 of 100: loss=5.17889070511 object_loss=3.03951239586 distance_loss=2.13937830925
Iteration 85 of 100: loss=4.9111738205 object_loss=2.77159523964 distance_loss=2.13957834244
Iteration 86 of 100: loss=5.13120555878 object_loss=2.99127101898 distance_loss=2.13993430138
Iteration 87 of 100: loss=4.8318195343 object_loss=2.69168686867 distance_loss=2.14013266563
Iteration 88 of 100: loss=4.71316432953 object_loss=2.57355880737 distance_loss=2.13960552216
Iteration 89 of 100: loss=4.77725410461 object_loss=2.63761472702 distance_loss=2.13963937759
Iteration 90 of 100: loss=4.71264600754 object_loss=2.57299661636 distance_loss=2.13964939117
Iteration 91 of 100: loss=3.87740182877 object_loss=1.73816943169 distance_loss=2.13923239708
Iteration 92 of 100: loss=3.94613957405 object_loss=1.80737137794 distance_loss=2.13876819611
Iteration 93 of 100: loss=4.42125988007 object_loss=2.28249049187 distance_loss=2.13876962662
Iteration 94 of 100: loss=4.93135547638 object_loss=2.79274082184 distance_loss=2.13861465454
Iteration 95 of 100: loss=4.6888051033 object_loss=2.55036377907 distance_loss=2.13844132423
Iteration 96 of 100: loss=4.85045385361 object_loss=2.7123670578 distance_loss=2.13808679581
Iteration 97 of 100: loss=5.01944255829 object_loss=2.88152313232 distance_loss=2.13791918755
Iteration 98 of 100: loss=4.85840797424 object_loss=2.72047615051 distance_loss=2.13793158531
Iteration 99 of 100: loss=4.64453601837 object_loss=2.50657320023 distance_loss=2.13796281815
Iteration 0 of 100: loss=4.82494306564 object_loss=2.68724441528 distance_loss=2.13769865036
Iteration 1 of 100: loss=5.28479290009 object_loss=3.14716267586 distance_loss=2.13763022423
Iteration 2 of 100: loss=5.07587814331 object_loss=2.9384086132 distance_loss=2.13746929169
Iteration 3 of 100: loss=5.46155929565 object_loss=3.32382750511 distance_loss=2.13773155212
Iteration 4 of 100: loss=6.34163093567 object_loss=4.20365667343 distance_loss=2.13797402382
Iteration 5 of 100: loss=6.75449991226 object_loss=4.61664533615 distance_loss=2.13785457611
Iteration 6 of 100: loss=6.35320711136 object_loss=4.21510124207 distance_loss=2.13810586929
Iteration 7 of 100: loss=7.46644544601 object_loss=5.32811021805 distance_loss=2.13833522797
Iteration 8 of 100: loss=11.2309474945 object_loss=9.09266757965 distance_loss=2.13828039169
Iteration 9 of 100: loss=11.2135648727 object_loss=9.07528972626 distance_loss=2.13827490807
Iteration 10 of 100: loss=11.8153419495 object_loss=9.67680835724 distance_loss=2.13853406906
Iteration 11 of 100: loss=8.42761421204 object_loss=6.28895807266 distance_loss=2.13865613937
Iteration 12 of 100: loss=9.74116611481 object_loss=7.60277795792 distance_loss=2.13838815689
Iteration 13 of 100: loss=8.20663452148 object_loss=6.06802940369 distance_loss=2.13860535622
Iteration 14 of 100: loss=8.25027275085 object_loss=6.11165332794 distance_loss=2.13861894608
Iteration 15 of 100: loss=9.05965614319 object_loss=6.92125701904 distance_loss=2.13839864731
Iteration 16 of 100: loss=6.92698764801 object_loss=4.78914356232 distance_loss=2.13784408569
Iteration 17 of 100: loss=6.89334964752 object_loss=4.75573587418 distance_loss=2.13761401176
Iteration 18 of 100: loss=7.1865978241 object_loss=5.04929256439 distance_loss=2.13730502129
Iteration 19 of 100: loss=6.44518184662 object_loss=4.30794000626 distance_loss=2.13724184036
Iteration 20 of 100: loss=6.30643844604 object_loss=4.16950702667 distance_loss=2.13693118095
Iteration 21 of 100: loss=10.014128685 object_loss=7.87737035751 distance_loss=2.13675832748
Iteration 22 of 100: loss=11.4032096863 object_loss=9.2663192749 distance_loss=2.1368906498
Iteration 23 of 100: loss=7.9575343132 object_loss=5.82056713104 distance_loss=2.13696718216
Iteration 24 of 100: loss=6.74326896667 object_loss=4.60633182526 distance_loss=2.13693737984
Iteration 25 of 100: loss=5.0013628006 object_loss=2.86419034004 distance_loss=2.13717246056
Iteration 26 of 100: loss=5.69875431061 object_loss=3.5613489151 distance_loss=2.13740515709
Iteration 27 of 100: loss=6.19980430603 object_loss=4.06215858459 distance_loss=2.13764572144
Iteration 28 of 100: loss=5.86562347412 object_loss=3.72763967514 distance_loss=2.13798356056
Iteration 29 of 100: loss=4.57720088959 object_loss=2.43868565559 distance_loss=2.13851547241
Iteration 30 of 100: loss=7.14570331573 object_loss=5.00708961487 distance_loss=2.13861370087
Iteration 31 of 100: loss=6.43904304504 object_loss=4.30035591125 distance_loss=2.13868737221
Iteration 32 of 100: loss=6.32394647598 object_loss=4.1852312088 distance_loss=2.13871526718
Iteration 33 of 100: loss=6.37402057648 object_loss=4.23509454727 distance_loss=2.13892579079
Iteration 34 of 100: loss=7.14269924164 object_loss=5.00352859497 distance_loss=2.13917088509
Iteration 35 of 100: loss=6.6165561676 object_loss=4.47740221024 distance_loss=2.13915371895
Iteration 36 of 100: loss=6.68346738815 object_loss=4.54461526871 distance_loss=2.13885211945
Iteration 37 of 100: loss=7.07745742798 object_loss=4.93844556808 distance_loss=2.13901185989
Iteration 38 of 100: loss=6.5977730751 object_loss=4.45860958099 distance_loss=2.13916349411
Iteration 39 of 100: loss=6.62250328064 object_loss=4.48317146301 distance_loss=2.13933205605
Iteration 40 of 100: loss=6.90439605713 object_loss=4.76504611969 distance_loss=2.13935017586
Iteration 41 of 100: loss=7.46782493591 object_loss=5.3285574913 distance_loss=2.13926720619
Iteration 42 of 100: loss=7.66798400879 object_loss=5.52887868881 distance_loss=2.1391055584
Iteration 43 of 100: loss=8.8563785553 object_loss=6.71698379517 distance_loss=2.13939476013
Iteration 44 of 100: loss=7.02957725525 object_loss=4.88983058929 distance_loss=2.13974642754
Iteration 45 of 100: loss=5.81351232529 object_loss=3.67360067368 distance_loss=2.13991165161
Iteration 46 of 100: loss=5.69878053665 object_loss=3.55880117416 distance_loss=2.13997936249
Iteration 47 of 100: loss=6.40516710281 object_loss=4.26492071152 distance_loss=2.1402463913
Iteration 48 of 100: loss=6.85773897171 object_loss=4.71747255325 distance_loss=2.14026641846
Iteration 49 of 100: loss=6.37885665894 object_loss=4.23819160461 distance_loss=2.14066505432
Iteration 50 of 100: loss=5.87697649002 object_loss=3.73596811295 distance_loss=2.14100837708
Iteration 51 of 100: loss=5.92862987518 object_loss=3.78734755516 distance_loss=2.14128232002
Iteration 52 of 100: loss=5.72418308258 object_loss=3.58276176453 distance_loss=2.14142131805
Iteration 53 of 100: loss=4.86263418198 object_loss=2.72073459625 distance_loss=2.14189958572
Iteration 54 of 100: loss=4.94605875015 object_loss=2.80378627777 distance_loss=2.14227247238
Iteration 55 of 100: loss=5.11697435379 object_loss=2.97422146797 distance_loss=2.14275288582
Iteration 56 of 100: loss=5.29920148849 object_loss=3.15643692017 distance_loss=2.14276456833
Iteration 57 of 100: loss=5.43452072144 object_loss=3.29173779488 distance_loss=2.14278268814
Iteration 58 of 100: loss=5.58671760559 object_loss=3.44353723526 distance_loss=2.14318060875
Iteration 59 of 100: loss=8.06977367401 object_loss=5.92639446259 distance_loss=2.14337921143
Iteration 60 of 100: loss=6.65517663956 object_loss=4.51181459427 distance_loss=2.14336204529
Iteration 61 of 100: loss=5.33723497391 object_loss=3.19341444969 distance_loss=2.14382052422
Iteration 62 of 100: loss=5.74410152435 object_loss=3.59971213341 distance_loss=2.14438939095
Iteration 63 of 100: loss=5.65532541275 object_loss=3.51047849655 distance_loss=2.1448469162
Iteration 64 of 100: loss=6.33333730698 object_loss=4.18809843063 distance_loss=2.14523887634
Iteration 65 of 100: loss=6.55807495117 object_loss=4.41267299652 distance_loss=2.14540195465
Iteration 66 of 100: loss=5.57135009766 object_loss=3.42556905746 distance_loss=2.14578127861
Iteration 67 of 100: loss=6.66838693619 object_loss=4.52226638794 distance_loss=2.14612054825
Iteration 68 of 100: loss=5.90913009644 object_loss=3.76287531853 distance_loss=2.14625477791
Iteration 69 of 100: loss=6.51850605011 object_loss=4.37200307846 distance_loss=2.14650273323
Iteration 70 of 100: loss=5.81864786148 object_loss=3.67180752754 distance_loss=2.14684033394
Iteration 71 of 100: loss=4.78496980667 object_loss=2.63776707649 distance_loss=2.14720273018
Iteration 72 of 100: loss=5.26982116699 object_loss=3.12306070328 distance_loss=2.1467602253
Iteration 73 of 100: loss=6.22521686554 object_loss=4.07789611816 distance_loss=2.14732074738
Iteration 74 of 100: loss=6.47916889191 object_loss=4.33161783218 distance_loss=2.14755105972
Iteration 75 of 100: loss=5.09315872192 object_loss=2.94536924362 distance_loss=2.14778971672
Iteration 76 of 100: loss=4.80780220032 object_loss=2.6598136425 distance_loss=2.14798879623
Iteration 77 of 100: loss=4.84533452988 object_loss=2.69718718529 distance_loss=2.14814734459
Iteration 78 of 100: loss=5.48561382294 object_loss=3.3375878334 distance_loss=2.14802575111
Iteration 79 of 100: loss=4.98407173157 object_loss=2.83595132828 distance_loss=2.14812040329
Iteration 80 of 100: loss=5.05563163757 object_loss=2.90738630295 distance_loss=2.14824557304
Iteration 81 of 100: loss=4.58612060547 object_loss=2.43793582916 distance_loss=2.14818501472
Iteration 82 of 100: loss=4.83898210526 object_loss=2.69058871269 distance_loss=2.14839339256
Iteration 83 of 100: loss=5.00136470795 object_loss=2.85278749466 distance_loss=2.14857721329
Iteration 84 of 100: loss=5.00089120865 object_loss=2.85240149498 distance_loss=2.14848971367
Iteration 85 of 100: loss=4.85567760468 object_loss=2.70691251755 distance_loss=2.14876484871
Iteration 86 of 100: loss=5.38186836243 object_loss=3.23302030563 distance_loss=2.14884781837
Iteration 87 of 100: loss=5.6194524765 object_loss=3.47057843208 distance_loss=2.14887404442
Iteration 88 of 100: loss=5.37312507629 object_loss=3.22439241409 distance_loss=2.14873290062
Iteration 89 of 100: loss=4.73087882996 object_loss=2.58222055435 distance_loss=2.1486582756
Iteration 90 of 100: loss=4.71037197113 object_loss=2.56166195869 distance_loss=2.14871001244
Iteration 91 of 100: loss=5.64848518372 object_loss=3.49973201752 distance_loss=2.14875292778
Iteration 92 of 100: loss=7.99066019058 object_loss=5.84230566025 distance_loss=2.14835453033
Iteration 93 of 100: loss=6.88651561737 object_loss=4.73809099197 distance_loss=2.14842438698
Iteration 94 of 100: loss=4.9050283432 object_loss=2.75642061234 distance_loss=2.14860796928
Iteration 95 of 100: loss=5.43858242035 object_loss=3.28980708122 distance_loss=2.14877533913
Iteration 96 of 100: loss=5.52109384537 object_loss=3.37231564522 distance_loss=2.14877820015
Iteration 97 of 100: loss=5.3932800293 object_loss=3.24433732033 distance_loss=2.14894247055
Iteration 98 of 100: loss=5.7842464447 object_loss=3.63496828079 distance_loss=2.14927840233
Iteration 99 of 100: loss=5.7562994957 object_loss=3.60671639442 distance_loss=2.14958310127
Iteration 0 of 100: loss=5.98291301727 object_loss=3.83316087723 distance_loss=2.14975237846
Iteration 1 of 100: loss=6.31927013397 object_loss=4.16927814484 distance_loss=2.14999198914
Iteration 2 of 100: loss=6.05897092819 object_loss=3.90885949135 distance_loss=2.15011143684
Iteration 3 of 100: loss=5.49545192719 object_loss=3.34525442123 distance_loss=2.15019774437
Iteration 4 of 100: loss=5.58919143677 object_loss=3.43899011612 distance_loss=2.15020155907
Iteration 5 of 100: loss=5.66174125671 object_loss=3.51127576828 distance_loss=2.15046572685
Iteration 6 of 100: loss=5.90648937225 object_loss=3.75594139099 distance_loss=2.15054821968
Iteration 7 of 100: loss=5.99241065979 object_loss=3.8417391777 distance_loss=2.15067148209
Iteration 8 of 100: loss=5.65766906738 object_loss=3.50706171989 distance_loss=2.15060758591
Iteration 9 of 100: loss=5.96735858917 object_loss=3.81669735909 distance_loss=2.15066146851
Iteration 10 of 100: loss=6.43376541138 object_loss=4.28307104111 distance_loss=2.15069460869
Iteration 11 of 100: loss=6.31185436249 object_loss=4.1612663269 distance_loss=2.15058803558
Iteration 12 of 100: loss=6.91216182709 object_loss=4.76197528839 distance_loss=2.1501865387
Iteration 13 of 100: loss=7.03460884094 object_loss=4.88412714005 distance_loss=2.15048193932
Iteration 14 of 100: loss=6.78946781158 object_loss=4.63881349564 distance_loss=2.15065455437
Iteration 15 of 100: loss=6.55861234665 object_loss=4.4075512886 distance_loss=2.15106105804
Iteration 16 of 100: loss=5.78138065338 object_loss=3.6300008297 distance_loss=2.1513800621
Iteration 17 of 100: loss=7.33686065674 object_loss=5.18522357941 distance_loss=2.15163683891
Iteration 18 of 100: loss=7.27275943756 object_loss=5.12074995041 distance_loss=2.15200948715
Iteration 19 of 100: loss=7.03649806976 object_loss=4.88412475586 distance_loss=2.1523733139
Iteration 20 of 100: loss=6.59586334229 object_loss=4.44356250763 distance_loss=2.15230107307
Iteration 21 of 100: loss=7.14396619797 object_loss=4.99167442322 distance_loss=2.15229177475
Iteration 22 of 100: loss=7.80745697021 object_loss=5.65492296219 distance_loss=2.15253424644
Iteration 23 of 100: loss=6.6876449585 object_loss=4.534927845 distance_loss=2.15271711349
Iteration 24 of 100: loss=6.48400211334 object_loss=4.33096647263 distance_loss=2.15303587914
Iteration 25 of 100: loss=6.8065700531 object_loss=4.65327119827 distance_loss=2.15329909325
Iteration 26 of 100: loss=6.79568958282 object_loss=4.64229774475 distance_loss=2.15339159966
Iteration 27 of 100: loss=7.6197719574 object_loss=5.46604585648 distance_loss=2.15372633934
Iteration 28 of 100: loss=6.7023525238 object_loss=4.54864406586 distance_loss=2.15370845795
Iteration 29 of 100: loss=6.77607440948 object_loss=4.62231731415 distance_loss=2.15375709534
Iteration 30 of 100: loss=7.34117126465 object_loss=5.18720769882 distance_loss=2.15396332741
Iteration 31 of 100: loss=6.75846195221 object_loss=4.60438489914 distance_loss=2.15407729149
Iteration 32 of 100: loss=5.80629110336 object_loss=3.65271830559 distance_loss=2.15357279778
Iteration 33 of 100: loss=5.77051544189 object_loss=3.61675453186 distance_loss=2.15376091003
Iteration 34 of 100: loss=5.63192844391 object_loss=3.47784686089 distance_loss=2.15408158302
Iteration 35 of 100: loss=6.22223091125 object_loss=4.06800127029 distance_loss=2.15422964096
Iteration 36 of 100: loss=6.51987457275 object_loss=4.36549901962 distance_loss=2.15437579155
Iteration 37 of 100: loss=5.94024181366 object_loss=3.78558421135 distance_loss=2.15465760231
Iteration 38 of 100: loss=6.25711536407 object_loss=4.10226535797 distance_loss=2.1548500061
Iteration 39 of 100: loss=6.54570531845 object_loss=4.39041233063 distance_loss=2.15529298782
Iteration 40 of 100: loss=6.28113746643 object_loss=4.12581014633 distance_loss=2.1553273201
Iteration 41 of 100: loss=7.26607656479 object_loss=5.11079835892 distance_loss=2.15527820587
Iteration 42 of 100: loss=7.27480316162 object_loss=5.11918926239 distance_loss=2.15561389923
Iteration 43 of 100: loss=7.03063392639 object_loss=4.87455606461 distance_loss=2.15607762337
Iteration 44 of 100: loss=7.97452354431 object_loss=5.81815624237 distance_loss=2.15636706352
Iteration 45 of 100: loss=5.44412517548 object_loss=3.28747534752 distance_loss=2.15664982796
Iteration 46 of 100: loss=5.40270137787 object_loss=3.24588441849 distance_loss=2.15681672096
Iteration 47 of 100: loss=5.27348327637 object_loss=3.11674571037 distance_loss=2.15673780441
Iteration 48 of 100: loss=5.38231468201 object_loss=3.22548890114 distance_loss=2.15682578087
Iteration 49 of 100: loss=6.29710197449 object_loss=4.14031600952 distance_loss=2.15678596497
Iteration 50 of 100: loss=6.05255413055 object_loss=3.89574480057 distance_loss=2.15680909157
Iteration 51 of 100: loss=5.70122528076 object_loss=3.5443778038 distance_loss=2.15684723854
Iteration 52 of 100: loss=5.73293399811 object_loss=3.57641768456 distance_loss=2.15651607513
Iteration 53 of 100: loss=6.56332588196 object_loss=4.40678596497 distance_loss=2.15653991699
Iteration 54 of 100: loss=6.75783729553 object_loss=4.60107851028 distance_loss=2.15675878525
Iteration 55 of 100: loss=6.34454631805 object_loss=4.18777561188 distance_loss=2.15677046776
Iteration 56 of 100: loss=7.16816043854 object_loss=5.01184368134 distance_loss=2.1563167572
Iteration 57 of 100: loss=6.72204351425 object_loss=4.56565380096 distance_loss=2.15638971329
Iteration 58 of 100: loss=6.74292850494 object_loss=4.58663082123 distance_loss=2.15629792213
Iteration 59 of 100: loss=7.28977966309 object_loss=5.1336183548 distance_loss=2.15616154671
Iteration 60 of 100: loss=6.0975151062 object_loss=3.94150590897 distance_loss=2.15600919724
Iteration 61 of 100: loss=7.25702190399 object_loss=5.10105705261 distance_loss=2.15596461296
Iteration 62 of 100: loss=7.1271853447 object_loss=4.97134637833 distance_loss=2.15583896637
Iteration 63 of 100: loss=7.3996925354 object_loss=5.24379682541 distance_loss=2.15589547157
Iteration 64 of 100: loss=6.04169225693 object_loss=3.88588666916 distance_loss=2.15580558777
Iteration 65 of 100: loss=6.17165470123 object_loss=4.01581096649 distance_loss=2.15584373474
Iteration 66 of 100: loss=6.42715835571 object_loss=4.27115917206 distance_loss=2.15599894524
Iteration 67 of 100: loss=6.29893875122 object_loss=4.14309692383 distance_loss=2.15584206581
Iteration 68 of 100: loss=6.27364444733 object_loss=4.11820888519 distance_loss=2.15543532372
Iteration 69 of 100: loss=7.32460403442 object_loss=5.16909456253 distance_loss=2.15550971031
Iteration 70 of 100: loss=4.94713783264 object_loss=2.79152965546 distance_loss=2.15560817719
Iteration 71 of 100: loss=5.21167230606 object_loss=3.05609679222 distance_loss=2.15557551384
Iteration 72 of 100: loss=4.71126461029 object_loss=2.55574274063 distance_loss=2.15552210808
Iteration 73 of 100: loss=5.02780199051 object_loss=2.87219762802 distance_loss=2.15560436249
Iteration 74 of 100: loss=5.86065673828 object_loss=3.70512080193 distance_loss=2.15553569794
Iteration 75 of 100: loss=6.48269748688 object_loss=4.32725191116 distance_loss=2.1554453373
Iteration 76 of 100: loss=5.98350048065 object_loss=3.82860851288 distance_loss=2.15489196777
Iteration 77 of 100: loss=5.21234893799 object_loss=3.05798578262 distance_loss=2.15436291695
Iteration 78 of 100: loss=4.68219137192 object_loss=2.52796769142 distance_loss=2.1542236805
Iteration 79 of 100: loss=4.58606719971 object_loss=2.43179368973 distance_loss=2.15427350998
Iteration 80 of 100: loss=5.18921089172 object_loss=3.03520917892 distance_loss=2.1540017128
Iteration 81 of 100: loss=5.36072874069 object_loss=3.20669102669 distance_loss=2.154037714
Iteration 82 of 100: loss=4.99461841583 object_loss=2.84055614471 distance_loss=2.15406250954
Iteration 83 of 100: loss=5.11465835571 object_loss=2.96047759056 distance_loss=2.15418076515
Iteration 84 of 100: loss=4.68136119843 object_loss=2.52730345726 distance_loss=2.15405774117
Iteration 85 of 100: loss=4.60196590424 object_loss=2.4481086731 distance_loss=2.15385746956
Iteration 86 of 100: loss=4.80155849457 object_loss=2.64788269997 distance_loss=2.1536757946
Iteration 87 of 100: loss=4.41812133789 object_loss=2.26453852654 distance_loss=2.15358257294
Iteration 88 of 100: loss=4.4936170578 object_loss=2.34022927284 distance_loss=2.15338778496
Iteration 89 of 100: loss=5.45248508453 object_loss=3.29908037186 distance_loss=2.1534049511
Iteration 90 of 100: loss=5.64756584167 object_loss=3.49413633347 distance_loss=2.15342926979
Iteration 91 of 100: loss=4.23748016357 object_loss=2.08390450478 distance_loss=2.1535756588
Iteration 92 of 100: loss=5.90284061432 object_loss=3.74959945679 distance_loss=2.15324139595
Iteration 93 of 100: loss=5.68779373169 object_loss=3.53440451622 distance_loss=2.15338945389
Iteration 94 of 100: loss=5.29098176956 object_loss=3.13744592667 distance_loss=2.1535358429
Iteration 95 of 100: loss=5.26315832138 object_loss=3.10955166817 distance_loss=2.15360665321
Iteration 96 of 100: loss=5.61626529694 object_loss=3.46273207664 distance_loss=2.15353345871
Iteration 97 of 100: loss=5.91204738617 object_loss=3.7583425045 distance_loss=2.15370464325
Iteration 98 of 100: loss=6.15694475174 object_loss=4.00311183929 distance_loss=2.15383291245
Iteration 99 of 100: loss=6.26638412476 object_loss=4.11208295822 distance_loss=2.15430092812
Iteration 0 of 100: loss=8.58402252197 object_loss=6.42939567566 distance_loss=2.15462684631
Iteration 1 of 100: loss=7.8625535965 object_loss=5.70795488358 distance_loss=2.15459895134
Iteration 2 of 100: loss=6.31550073624 object_loss=4.16059017181 distance_loss=2.15491056442
Iteration 3 of 100: loss=6.29491043091 object_loss=4.13971948624 distance_loss=2.15519094467
Iteration 4 of 100: loss=5.86628341675 object_loss=3.71104168892 distance_loss=2.15524196625
Iteration 5 of 100: loss=3.92228507996 object_loss=1.76676845551 distance_loss=2.15551662445
Iteration 6 of 100: loss=3.66124153137 object_loss=1.50535738468 distance_loss=2.15588402748
Iteration 7 of 100: loss=3.96960544586 object_loss=1.81366288662 distance_loss=2.15594244003
Iteration 8 of 100: loss=3.85147380829 object_loss=1.69544947147 distance_loss=2.15602421761
Iteration 9 of 100: loss=3.78734230995 object_loss=1.63109922409 distance_loss=2.15624308586
Iteration 10 of 100: loss=3.73718500137 object_loss=1.58073413372 distance_loss=2.15645098686
Iteration 11 of 100: loss=3.81273293495 object_loss=1.65596365929 distance_loss=2.15676927567
Iteration 12 of 100: loss=4.45360708237 object_loss=2.29688835144 distance_loss=2.15671873093
Iteration 13 of 100: loss=4.04967021942 object_loss=1.89274311066 distance_loss=2.15692687035
Iteration 14 of 100: loss=4.3379406929 object_loss=2.18094754219 distance_loss=2.15699315071
Iteration 15 of 100: loss=4.45187044144 object_loss=2.29471611977 distance_loss=2.15715432167
Iteration 16 of 100: loss=5.28313302994 object_loss=3.126257658 distance_loss=2.15687537193
Iteration 17 of 100: loss=4.81400203705 object_loss=2.6568236351 distance_loss=2.15717840195
Iteration 18 of 100: loss=5.22955036163 object_loss=3.0720641613 distance_loss=2.15748620033
Iteration 19 of 100: loss=5.15376091003 object_loss=2.99596071243 distance_loss=2.1578001976
Iteration 20 of 100: loss=5.36319923401 object_loss=3.20505237579 distance_loss=2.15814685822
Iteration 21 of 100: loss=5.84248685837 object_loss=3.68406963348 distance_loss=2.15841722488
Iteration 22 of 100: loss=4.6791639328 object_loss=2.52079844475 distance_loss=2.15836524963
Iteration 23 of 100: loss=4.67887115479 object_loss=2.52043056488 distance_loss=2.1584405899
Iteration 24 of 100: loss=5.2638759613 object_loss=3.10538291931 distance_loss=2.15849304199
Iteration 25 of 100: loss=6.21018791199 object_loss=4.05160903931 distance_loss=2.15857863426
Iteration 26 of 100: loss=5.65056419373 object_loss=3.49175786972 distance_loss=2.15880608559
Iteration 27 of 100: loss=5.6642332077 object_loss=3.50528693199 distance_loss=2.15894603729
Iteration 28 of 100: loss=5.74999427795 object_loss=3.59114098549 distance_loss=2.15885329247
Iteration 29 of 100: loss=5.39283370972 object_loss=3.23384833336 distance_loss=2.15898513794
Iteration 30 of 100: loss=5.99152374268 object_loss=3.83229875565 distance_loss=2.15922498703
Iteration 31 of 100: loss=5.94063186646 object_loss=3.78129386902 distance_loss=2.15933823586
Iteration 32 of 100: loss=4.79035377502 object_loss=2.63112425804 distance_loss=2.15922927856
Iteration 33 of 100: loss=6.49423980713 object_loss=4.33476018906 distance_loss=2.15947937965
Iteration 34 of 100: loss=6.53701305389 object_loss=4.37734031677 distance_loss=2.1596724987
Iteration 35 of 100: loss=6.08771038055 object_loss=3.9279718399 distance_loss=2.15973877907
Iteration 36 of 100: loss=6.82678318024 object_loss=4.66725587845 distance_loss=2.15952730179
Iteration 37 of 100: loss=6.17411422729 object_loss=4.01443576813 distance_loss=2.15967845917
Iteration 38 of 100: loss=5.50538396835 object_loss=3.3453476429 distance_loss=2.16003632545
Iteration 39 of 100: loss=5.68889331818 object_loss=3.52865052223 distance_loss=2.16024255753
Iteration 40 of 100: loss=5.5496430397 object_loss=3.38941836357 distance_loss=2.16022467613
Iteration 41 of 100: loss=5.99109649658 object_loss=3.83040475845 distance_loss=2.16069149971
Iteration 42 of 100: loss=6.64719247818 object_loss=4.48606300354 distance_loss=2.16112947464
Iteration 43 of 100: loss=6.47268486023 object_loss=4.31133651733 distance_loss=2.1613483429
Iteration 44 of 100: loss=6.39616680145 object_loss=4.23456192017 distance_loss=2.16160488129
Iteration 45 of 100: loss=6.54875659943 object_loss=4.38690328598 distance_loss=2.16185355186
Iteration 46 of 100: loss=4.9052696228 object_loss=2.74325442314 distance_loss=2.16201519966
Iteration 47 of 100: loss=4.90433359146 object_loss=2.74223279953 distance_loss=2.16210079193
Iteration 48 of 100: loss=5.76159572601 object_loss=3.59951019287 distance_loss=2.16208553314
Iteration 49 of 100: loss=5.82317733765 object_loss=3.66087436676 distance_loss=2.16230297089
Iteration 50 of 100: loss=5.8366689682 object_loss=3.67410635948 distance_loss=2.16256260872
Iteration 51 of 100: loss=5.95049095154 object_loss=3.78775548935 distance_loss=2.16273570061
Iteration 52 of 100: loss=6.00994062424 object_loss=3.84742093086 distance_loss=2.16251969337
Iteration 53 of 100: loss=5.8078045845 object_loss=3.64476919174 distance_loss=2.16303539276
Iteration 54 of 100: loss=5.03131580353 object_loss=2.86805701256 distance_loss=2.16325879097
Iteration 55 of 100: loss=4.70715332031 object_loss=2.54363632202 distance_loss=2.16351675987
Iteration 56 of 100: loss=4.53612565994 object_loss=2.3725130558 distance_loss=2.16361260414
Iteration 57 of 100: loss=4.29625320435 object_loss=2.13270449638 distance_loss=2.16354846954
Iteration 58 of 100: loss=4.6444644928 object_loss=2.48096084595 distance_loss=2.16350340843
Iteration 59 of 100: loss=4.59977722168 object_loss=2.43619823456 distance_loss=2.1635787487
Iteration 60 of 100: loss=4.73315906525 object_loss=2.56969451904 distance_loss=2.16346430779
Iteration 61 of 100: loss=4.47364616394 object_loss=2.3104763031 distance_loss=2.16316962242
Iteration 62 of 100: loss=4.95688152313 object_loss=2.79376149178 distance_loss=2.16311979294
Iteration 63 of 100: loss=4.70119571686 object_loss=2.53800439835 distance_loss=2.16319108009
Iteration 64 of 100: loss=4.79906702042 object_loss=2.63614201546 distance_loss=2.16292500496
Iteration 65 of 100: loss=5.7961268425 object_loss=3.63349962234 distance_loss=2.16262722015
Iteration 66 of 100: loss=4.6874628067 object_loss=2.52505540848 distance_loss=2.16240763664
Iteration 67 of 100: loss=5.21156597137 object_loss=3.04955720901 distance_loss=2.16200852394
Iteration 68 of 100: loss=4.79289150238 object_loss=2.63123726845 distance_loss=2.16165447235
Iteration 69 of 100: loss=4.87125682831 object_loss=2.70971632004 distance_loss=2.16154050827
Iteration 70 of 100: loss=5.12056159973 object_loss=2.95928668976 distance_loss=2.16127514839
Iteration 71 of 100: loss=4.26802873611 object_loss=2.10662317276 distance_loss=2.16140556335
Iteration 72 of 100: loss=4.37748146057 object_loss=2.21640515327 distance_loss=2.1610763073
Iteration 73 of 100: loss=4.18468284607 object_loss=2.02362847328 distance_loss=2.16105437279
Iteration 74 of 100: loss=4.03466415405 object_loss=1.87373948097 distance_loss=2.1609249115
Iteration 75 of 100: loss=4.35647392273 object_loss=2.19554042816 distance_loss=2.16093349457
Iteration 76 of 100: loss=4.45466518402 object_loss=2.29423236847 distance_loss=2.16043281555
Iteration 77 of 100: loss=5.22620391846 object_loss=3.06582021713 distance_loss=2.16038346291
Iteration 78 of 100: loss=5.93942213058 object_loss=3.77894020081 distance_loss=2.16048192978
Iteration 79 of 100: loss=5.83051967621 object_loss=3.67015767097 distance_loss=2.16036200523
Iteration 80 of 100: loss=6.45887470245 object_loss=4.298620224 distance_loss=2.16025447845
Iteration 81 of 100: loss=6.35019111633 object_loss=4.18995285034 distance_loss=2.16023850441
Iteration 82 of 100: loss=6.31561040878 object_loss=4.1555891037 distance_loss=2.16002130508
Iteration 83 of 100: loss=6.02686500549 object_loss=3.86685419083 distance_loss=2.16001105309
Iteration 84 of 100: loss=6.09920978546 object_loss=3.93919801712 distance_loss=2.16001176834
Iteration 85 of 100: loss=6.25507545471 object_loss=4.09496736526 distance_loss=2.16010785103
Iteration 86 of 100: loss=6.34800434113 object_loss=4.18735122681 distance_loss=2.16065311432
Iteration 87 of 100: loss=5.72916698456 object_loss=3.56798148155 distance_loss=2.16118526459
Iteration 88 of 100: loss=6.01385402679 object_loss=3.85234689713 distance_loss=2.16150712967
Iteration 89 of 100: loss=5.94091415405 object_loss=3.7786386013 distance_loss=2.16227555275
Iteration 90 of 100: loss=6.24668216705 object_loss=4.08368396759 distance_loss=2.16299843788
Iteration 91 of 100: loss=5.2529706955 object_loss=3.08956217766 distance_loss=2.16340851784
Iteration 92 of 100: loss=4.70572280884 object_loss=2.5419793129 distance_loss=2.16374325752
Iteration 93 of 100: loss=4.36118125916 object_loss=2.19685196877 distance_loss=2.16432952881
Iteration 94 of 100: loss=5.36249828339 object_loss=3.19776678085 distance_loss=2.16473150253
Iteration 95 of 100: loss=5.10481548309 object_loss=2.93978691101 distance_loss=2.16502857208
Iteration 96 of 100: loss=5.37708377838 object_loss=3.21213626862 distance_loss=2.16494774818
Iteration 97 of 100: loss=4.86397504807 object_loss=2.69895005226 distance_loss=2.1650249958
Iteration 98 of 100: loss=4.97005653381 object_loss=2.80473160744 distance_loss=2.16532492638
Iteration 99 of 100: loss=4.85879850388 object_loss=2.6932682991 distance_loss=2.16553020477
Iteration 0 of 100: loss=4.73832988739 object_loss=2.572742939 distance_loss=2.16558694839
Iteration 1 of 100: loss=4.60324573517 object_loss=2.43733048439 distance_loss=2.16591501236
Iteration 2 of 100: loss=5.05255699158 object_loss=2.88654661179 distance_loss=2.16601014137
Iteration 3 of 100: loss=4.76012802124 object_loss=2.59382462502 distance_loss=2.16630363464
Iteration 4 of 100: loss=5.08586025238 object_loss=2.91925048828 distance_loss=2.1666097641
Iteration 5 of 100: loss=4.92397451401 object_loss=2.75716686249 distance_loss=2.16680765152
Iteration 6 of 100: loss=5.28680419922 object_loss=3.11971211433 distance_loss=2.1670923233
Iteration 7 of 100: loss=5.23733663559 object_loss=3.06986570358 distance_loss=2.16747093201
Iteration 8 of 100: loss=5.28950548172 object_loss=3.1220600605 distance_loss=2.16744542122
Iteration 9 of 100: loss=5.30005168915 object_loss=3.13234066963 distance_loss=2.1677107811
Iteration 10 of 100: loss=5.09546375275 object_loss=2.92742705345 distance_loss=2.16803693771
Iteration 11 of 100: loss=5.81235074997 object_loss=3.64424133301 distance_loss=2.16810941696
Iteration 12 of 100: loss=5.90835571289 object_loss=3.74057817459 distance_loss=2.1677775383
Iteration 13 of 100: loss=6.69216918945 object_loss=4.52418470383 distance_loss=2.16798424721
Iteration 14 of 100: loss=5.74847698212 object_loss=3.58008050919 distance_loss=2.16839623451
Iteration 15 of 100: loss=6.03400754929 object_loss=3.86533093452 distance_loss=2.16867661476
Iteration 16 of 100: loss=5.76639127731 object_loss=3.59766101837 distance_loss=2.16873025894
Iteration 17 of 100: loss=5.88953590393 object_loss=3.72083067894 distance_loss=2.16870498657
Iteration 18 of 100: loss=5.63622760773 object_loss=3.46721839905 distance_loss=2.1690094471
Iteration 19 of 100: loss=5.59126853943 object_loss=3.42194414139 distance_loss=2.16932415962
Iteration 20 of 100: loss=6.05059671402 object_loss=3.8812353611 distance_loss=2.16936135292
Iteration 21 of 100: loss=6.08335208893 object_loss=3.91414642334 distance_loss=2.16920542717
Iteration 22 of 100: loss=5.9632563591 object_loss=3.79401421547 distance_loss=2.16924214363
Iteration 23 of 100: loss=5.84315681458 object_loss=3.67363452911 distance_loss=2.16952228546
Iteration 24 of 100: loss=6.03393554688 object_loss=3.86454510689 distance_loss=2.16939020157
Iteration 25 of 100: loss=6.08790493011 object_loss=3.91836833954 distance_loss=2.16953659058
Iteration 26 of 100: loss=6.61949157715 object_loss=4.45006084442 distance_loss=2.16943049431
Iteration 27 of 100: loss=6.26138401031 object_loss=4.09192991257 distance_loss=2.16945409775
Iteration 28 of 100: loss=6.26992225647 object_loss=4.10041093826 distance_loss=2.16951131821
Iteration 29 of 100: loss=6.3056769371 object_loss=4.13609695435 distance_loss=2.16957998276
Iteration 30 of 100: loss=7.13490200043 object_loss=4.96546649933 distance_loss=2.16943526268
Iteration 31 of 100: loss=6.63007211685 object_loss=4.46070241928 distance_loss=2.16936969757
Iteration 32 of 100: loss=7.68377017975 object_loss=5.51445579529 distance_loss=2.16931438446
Iteration 33 of 100: loss=7.65286159515 object_loss=5.48331642151 distance_loss=2.16954493523
Iteration 34 of 100: loss=8.00228500366 object_loss=5.83253097534 distance_loss=2.16975450516
Iteration 35 of 100: loss=6.63391685486 object_loss=4.46404218674 distance_loss=2.16987466812
Iteration 36 of 100: loss=6.47763824463 object_loss=4.30826377869 distance_loss=2.16937470436
Iteration 37 of 100: loss=5.81226921082 object_loss=3.64301419258 distance_loss=2.16925501823
Iteration 38 of 100: loss=5.82875728607 object_loss=3.65988135338 distance_loss=2.16887617111
Iteration 39 of 100: loss=5.56858158112 object_loss=3.40016174316 distance_loss=2.16841983795
Iteration 40 of 100: loss=4.6277513504 object_loss=2.4596517086 distance_loss=2.16809940338
Iteration 41 of 100: loss=4.91019916534 object_loss=2.74226546288 distance_loss=2.16793370247
Iteration 42 of 100: loss=5.19196510315 object_loss=3.02413487434 distance_loss=2.16783046722
Iteration 43 of 100: loss=5.20759153366 object_loss=3.03976511955 distance_loss=2.16782641411
Iteration 44 of 100: loss=5.19871520996 object_loss=3.03093719482 distance_loss=2.16777801514
Iteration 45 of 100: loss=5.77125549316 object_loss=3.60355973244 distance_loss=2.16769552231
Iteration 46 of 100: loss=6.9121928215 object_loss=4.74433755875 distance_loss=2.16785526276
Iteration 47 of 100: loss=7.39337444305 object_loss=5.22549581528 distance_loss=2.16787862778
Iteration 48 of 100: loss=7.70360374451 object_loss=5.535779953 distance_loss=2.1678237915
Iteration 49 of 100: loss=6.10922288895 object_loss=3.94090414047 distance_loss=2.16831874847
Iteration 50 of 100: loss=4.68337631226 object_loss=2.51453399658 distance_loss=2.16884255409
Iteration 51 of 100: loss=4.01591444016 object_loss=1.84671723843 distance_loss=2.16919732094
Iteration 52 of 100: loss=3.92753648758 object_loss=1.75834691525 distance_loss=2.16918945312
Iteration 53 of 100: loss=4.05574798584 object_loss=1.88602948189 distance_loss=2.16971850395
Iteration 54 of 100: loss=4.54331111908 object_loss=2.37330770493 distance_loss=2.17000365257
Iteration 55 of 100: loss=3.56242656708 object_loss=1.39217817783 distance_loss=2.17024850845
Iteration 56 of 100: loss=3.77120542526 object_loss=1.60100233555 distance_loss=2.17020320892
Iteration 57 of 100: loss=4.12194347382 object_loss=1.95151019096 distance_loss=2.17043352127
Iteration 58 of 100: loss=4.63920688629 object_loss=2.46850204468 distance_loss=2.1707046032
Iteration 59 of 100: loss=4.99813985825 object_loss=2.82704281807 distance_loss=2.17109704018
Iteration 60 of 100: loss=4.90928983688 object_loss=2.7384147644 distance_loss=2.17087507248
Iteration 61 of 100: loss=4.49995613098 object_loss=2.32899928093 distance_loss=2.17095685005
Iteration 62 of 100: loss=5.37900257111 object_loss=3.20793199539 distance_loss=2.17107081413
Iteration 63 of 100: loss=5.30836582184 object_loss=3.13707947731 distance_loss=2.17128610611
Iteration 64 of 100: loss=7.04692411423 object_loss=4.8757019043 distance_loss=2.17122220993
Iteration 65 of 100: loss=7.49528598785 object_loss=5.32420682907 distance_loss=2.17107892036
Iteration 66 of 100: loss=6.12614011765 object_loss=3.95527815819 distance_loss=2.17086195946
Iteration 67 of 100: loss=6.8762550354 object_loss=4.70565652847 distance_loss=2.17059874535
Iteration 68 of 100: loss=6.50731182098 object_loss=4.33683395386 distance_loss=2.17047786713
Iteration 69 of 100: loss=7.76005935669 object_loss=5.58983898163 distance_loss=2.17022013664
Iteration 70 of 100: loss=6.38250637054 object_loss=4.21223306656 distance_loss=2.17027330399
Iteration 71 of 100: loss=5.21173715591 object_loss=3.04124689102 distance_loss=2.17049026489
Iteration 72 of 100: loss=3.93943119049 object_loss=1.76922392845 distance_loss=2.17020726204
Iteration 73 of 100: loss=4.40280532837 object_loss=2.23231959343 distance_loss=2.17048597336
Iteration 74 of 100: loss=4.67067337036 object_loss=2.49987626076 distance_loss=2.17079734802
Iteration 75 of 100: loss=4.0623884201 object_loss=1.89131522179 distance_loss=2.1710729599
Iteration 76 of 100: loss=3.90888166428 object_loss=1.73764932156 distance_loss=2.17123222351
Iteration 77 of 100: loss=4.13053703308 object_loss=1.95907711983 distance_loss=2.17146015167
Iteration 78 of 100: loss=4.18227386475 object_loss=2.01072311401 distance_loss=2.17155051231
Iteration 79 of 100: loss=3.88422632217 object_loss=1.71225762367 distance_loss=2.1719686985
Iteration 80 of 100: loss=4.2496972084 object_loss=2.07767033577 distance_loss=2.17202687263
Iteration 81 of 100: loss=3.65680408478 object_loss=1.48459303379 distance_loss=2.1722111702
Iteration 82 of 100: loss=3.91118526459 object_loss=1.73872673512 distance_loss=2.17245841026
Iteration 83 of 100: loss=4.02330684662 object_loss=1.85071396828 distance_loss=2.17259287834
Iteration 84 of 100: loss=3.43879318237 object_loss=1.26632201672 distance_loss=2.17247104645
Iteration 85 of 100: loss=3.65786647797 object_loss=1.48527979851 distance_loss=2.17258667946
Iteration 86 of 100: loss=3.79175281525 object_loss=1.61920797825 distance_loss=2.17254495621
Iteration 87 of 100: loss=3.95044231415 object_loss=1.77811276913 distance_loss=2.17232966423
Iteration 88 of 100: loss=3.60668802261 object_loss=1.43439686298 distance_loss=2.17229104042
Iteration 89 of 100: loss=4.19924068451 object_loss=2.02686142921 distance_loss=2.17237925529
Iteration 90 of 100: loss=4.38247871399 object_loss=2.21014380455 distance_loss=2.17233514786
Iteration 91 of 100: loss=4.22190999985 object_loss=2.04955744743 distance_loss=2.17235255241
Iteration 92 of 100: loss=4.36184740067 object_loss=2.18987226486 distance_loss=2.1719751358
Iteration 93 of 100: loss=4.80781936646 object_loss=2.63572216034 distance_loss=2.1720969677
Iteration 94 of 100: loss=4.79747104645 object_loss=2.62544393539 distance_loss=2.17202687263
Iteration 95 of 100: loss=4.27868795395 object_loss=2.10671854019 distance_loss=2.17196941376
Iteration 96 of 100: loss=4.4209651947 object_loss=2.24921107292 distance_loss=2.1717543602
Iteration 97 of 100: loss=4.62661647797 object_loss=2.45504021645 distance_loss=2.17157626152
Iteration 98 of 100: loss=5.28512573242 object_loss=3.11377239227 distance_loss=2.17135334015
Iteration 99 of 100: loss=5.91801691055 object_loss=3.74676537514 distance_loss=2.17125153542
Iteration 0 of 100: loss=6.57046079636 object_loss=4.39895009995 distance_loss=2.17151069641
Iteration 1 of 100: loss=9.91049385071 object_loss=7.73899936676 distance_loss=2.17149472237
Iteration 2 of 100: loss=7.98534679413 object_loss=5.81376838684 distance_loss=2.17157816887
Iteration 3 of 100: loss=7.26723861694 object_loss=5.09517526627 distance_loss=2.17206311226
Iteration 4 of 100: loss=7.88014316559 object_loss=5.70775842667 distance_loss=2.1723845005
Iteration 5 of 100: loss=6.35403728485 object_loss=4.18147373199 distance_loss=2.17256355286
Iteration 6 of 100: loss=7.61543035507 object_loss=5.44235134125 distance_loss=2.17307901382
Iteration 7 of 100: loss=7.45102119446 object_loss=5.27754402161 distance_loss=2.17347693443
Iteration 8 of 100: loss=7.01426029205 object_loss=4.84074115753 distance_loss=2.1735188961
Iteration 9 of 100: loss=7.03769111633 object_loss=4.86379766464 distance_loss=2.17389369011
Iteration 10 of 100: loss=6.7801322937 object_loss=4.60588026047 distance_loss=2.17425179482
Iteration 11 of 100: loss=6.1680521965 object_loss=3.99357795715 distance_loss=2.17447423935
Iteration 12 of 100: loss=6.09200763702 object_loss=3.91773319244 distance_loss=2.17427420616
Iteration 13 of 100: loss=7.26543045044 object_loss=5.09068012238 distance_loss=2.17475008965
Iteration 14 of 100: loss=5.44215202332 object_loss=3.26725530624 distance_loss=2.17489671707
Iteration 15 of 100: loss=4.77697849274 object_loss=2.60193037987 distance_loss=2.17504787445
Iteration 16 of 100: loss=4.38410758972 object_loss=2.20923781395 distance_loss=2.17486977577
Iteration 17 of 100: loss=6.26515674591 object_loss=4.09033679962 distance_loss=2.17481970787
Iteration 18 of 100: loss=8.61275672913 object_loss=6.43761777878 distance_loss=2.17513871193
Iteration 19 of 100: loss=5.46507406235 object_loss=3.28953456879 distance_loss=2.17553949356
Iteration 20 of 100: loss=5.10998058319 object_loss=2.93449640274 distance_loss=2.17548418045
Iteration 21 of 100: loss=5.53622674942 object_loss=3.36054182053 distance_loss=2.17568492889
Iteration 22 of 100: loss=5.64687538147 object_loss=3.47071242332 distance_loss=2.17616319656
Iteration 23 of 100: loss=5.29876327515 object_loss=3.12219691277 distance_loss=2.1765666008
Iteration 24 of 100: loss=5.68118143082 object_loss=3.50443077087 distance_loss=2.17675065994
Iteration 25 of 100: loss=5.46580600739 object_loss=3.28890609741 distance_loss=2.17689967155
Iteration 26 of 100: loss=5.63885688782 object_loss=3.46171188354 distance_loss=2.17714524269
Iteration 27 of 100: loss=6.18741703033 object_loss=4.01005220413 distance_loss=2.1773648262
Iteration 28 of 100: loss=5.5666847229 object_loss=3.38912463188 distance_loss=2.17756032944
Iteration 29 of 100: loss=5.40362548828 object_loss=3.22584819794 distance_loss=2.17777729034
Iteration 30 of 100: loss=5.83052635193 object_loss=3.65221786499 distance_loss=2.17830872536
Iteration 31 of 100: loss=6.01407527924 object_loss=3.8353228569 distance_loss=2.17875266075
Iteration 32 of 100: loss=5.28160572052 object_loss=3.10291814804 distance_loss=2.17868757248
Iteration 33 of 100: loss=5.09040498734 object_loss=2.91124868393 distance_loss=2.17915630341
Iteration 34 of 100: loss=5.14016819 object_loss=2.96053218842 distance_loss=2.17963576317
Iteration 35 of 100: loss=5.14506435394 object_loss=2.96506118774 distance_loss=2.18000292778
Iteration 36 of 100: loss=5.67270374298 object_loss=3.4925122261 distance_loss=2.18019151688
Iteration 37 of 100: loss=5.84774494171 object_loss=3.66720628738 distance_loss=2.18053841591
Iteration 38 of 100: loss=5.97486972809 object_loss=3.79421591759 distance_loss=2.18065404892
Iteration 39 of 100: loss=6.101354599 object_loss=3.92006540298 distance_loss=2.1812889576
Iteration 40 of 100: loss=5.31591033936 object_loss=3.13408756256 distance_loss=2.18182301521
Iteration 41 of 100: loss=5.1321811676 object_loss=2.94995331764 distance_loss=2.18222784996
Iteration 42 of 100: loss=5.47315788269 object_loss=3.29043030739 distance_loss=2.1827275753
Iteration 43 of 100: loss=5.47639608383 object_loss=3.29317712784 distance_loss=2.18321895599
Iteration 44 of 100: loss=5.29475688934 object_loss=3.11132335663 distance_loss=2.18343353271
Iteration 45 of 100: loss=5.02324008942 object_loss=2.83943915367 distance_loss=2.18380069733
Iteration 46 of 100: loss=5.02274274826 object_loss=2.83880138397 distance_loss=2.18394136429
Iteration 47 of 100: loss=6.11604070663 object_loss=3.93197917938 distance_loss=2.18406152725
Iteration 48 of 100: loss=7.13305568695 object_loss=4.94908618927 distance_loss=2.18396949768
Iteration 49 of 100: loss=5.35847949982 object_loss=3.17455267906 distance_loss=2.18392658234
Iteration 50 of 100: loss=5.95597028732 object_loss=3.77232861519 distance_loss=2.18364167213
Iteration 51 of 100: loss=6.13676357269 object_loss=3.95307803154 distance_loss=2.18368554115
Iteration 52 of 100: loss=4.87631893158 object_loss=2.69294929504 distance_loss=2.18336987495
Iteration 53 of 100: loss=5.85996437073 object_loss=3.67658877373 distance_loss=2.18337583542
Iteration 54 of 100: loss=5.91856384277 object_loss=3.73509454727 distance_loss=2.1834692955
Iteration 55 of 100: loss=7.18379592896 object_loss=5.00058364868 distance_loss=2.18321228027
Iteration 56 of 100: loss=6.3651432991 object_loss=4.18229579926 distance_loss=2.18284749985
Iteration 57 of 100: loss=6.49540328979 object_loss=4.31221103668 distance_loss=2.18319225311
Iteration 58 of 100: loss=6.12748527527 object_loss=3.94390296936 distance_loss=2.18358206749
Iteration 59 of 100: loss=6.60708475113 object_loss=4.4233174324 distance_loss=2.18376731873
Iteration 60 of 100: loss=6.90710067749 object_loss=4.72304153442 distance_loss=2.18405890465
Iteration 61 of 100: loss=7.3798084259 object_loss=5.19559907913 distance_loss=2.18420934677
Iteration 62 of 100: loss=7.87822961807 object_loss=5.69393396378 distance_loss=2.1842956543
Iteration 63 of 100: loss=7.84524726868 object_loss=5.66059970856 distance_loss=2.18464779854
Iteration 64 of 100: loss=7.85024833679 object_loss=5.66549158096 distance_loss=2.18475651741
Iteration 65 of 100: loss=7.86093616486 object_loss=5.6760020256 distance_loss=2.18493413925
Iteration 66 of 100: loss=7.89470386505 object_loss=5.70968961716 distance_loss=2.18501424789
Iteration 67 of 100: loss=8.46925258636 object_loss=6.28414869308 distance_loss=2.18510365486
Iteration 68 of 100: loss=7.76713085175 object_loss=5.58230924606 distance_loss=2.18482160568
Iteration 69 of 100: loss=7.83673095703 object_loss=5.65158414841 distance_loss=2.18514657021
Iteration 70 of 100: loss=6.7342467308 object_loss=4.54915189743 distance_loss=2.18509483337
Iteration 71 of 100: loss=7.8158364296 object_loss=5.63105583191 distance_loss=2.18478059769
Iteration 72 of 100: loss=6.24872493744 object_loss=4.06431913376 distance_loss=2.18440580368
Iteration 73 of 100: loss=6.90958499908 object_loss=4.72534894943 distance_loss=2.18423604965
Iteration 74 of 100: loss=6.93446111679 object_loss=4.75032567978 distance_loss=2.18413543701
Iteration 75 of 100: loss=7.29825210571 object_loss=5.11430501938 distance_loss=2.18394684792
Iteration 76 of 100: loss=7.11899137497 object_loss=4.93536376953 distance_loss=2.18362760544
Iteration 77 of 100: loss=7.13109397888 object_loss=4.94769716263 distance_loss=2.18339705467
Iteration 78 of 100: loss=6.16619443893 object_loss=3.98295092583 distance_loss=2.18324351311
Iteration 79 of 100: loss=5.91122150421 object_loss=3.72784733772 distance_loss=2.18337440491
Iteration 80 of 100: loss=6.03293323517 object_loss=3.84969902039 distance_loss=2.18323421478
Iteration 81 of 100: loss=6.45696926117 object_loss=4.27401638031 distance_loss=2.18295311928
Iteration 82 of 100: loss=6.56121826172 object_loss=4.37837743759 distance_loss=2.18284082413
Iteration 83 of 100: loss=7.60970115662 object_loss=5.426882267 distance_loss=2.18281912804
Iteration 84 of 100: loss=8.42489814758 object_loss=6.24218034744 distance_loss=2.18271780014
Iteration 85 of 100: loss=7.42245769501 object_loss=5.23990345001 distance_loss=2.18255448341
Iteration 86 of 100: loss=7.09733247757 object_loss=4.91462516785 distance_loss=2.18270730972
Iteration 87 of 100: loss=7.29011535645 object_loss=5.10735750198 distance_loss=2.18275809288
Iteration 88 of 100: loss=7.60103130341 object_loss=5.41833972931 distance_loss=2.1826915741
Iteration 89 of 100: loss=7.84945297241 object_loss=5.66659975052 distance_loss=2.18285322189
Iteration 90 of 100: loss=7.71828365326 object_loss=5.53496170044 distance_loss=2.1833217144
Iteration 91 of 100: loss=8.90127372742 object_loss=6.71753263474 distance_loss=2.18374085426
Iteration 92 of 100: loss=7.81550884247 object_loss=5.63218402863 distance_loss=2.18332457542
Iteration 93 of 100: loss=7.54103469849 object_loss=5.35748910904 distance_loss=2.18354582787
Iteration 94 of 100: loss=8.67991352081 object_loss=6.49610376358 distance_loss=2.18380951881
Iteration 95 of 100: loss=6.99566078186 object_loss=4.81202125549 distance_loss=2.18363976479
Iteration 96 of 100: loss=6.70727062225 object_loss=4.52396726608 distance_loss=2.18330335617
Iteration 97 of 100: loss=7.53562307358 object_loss=5.35249090195 distance_loss=2.18313217163
Iteration 98 of 100: loss=6.09829998016 object_loss=3.91533041 distance_loss=2.18296957016
Iteration 99 of 100: loss=7.58835172653 object_loss=5.40558099747 distance_loss=2.18277072906
Iteration 0 of 100: loss=7.60929393768 object_loss=5.4267745018 distance_loss=2.1825196743
Iteration 1 of 100: loss=8.46296691895 object_loss=6.28050756454 distance_loss=2.18245983124
Iteration 2 of 100: loss=8.52014446259 object_loss=6.33759784698 distance_loss=2.1825466156
Iteration 3 of 100: loss=9.8874206543 object_loss=7.70463371277 distance_loss=2.18278741837
Iteration 4 of 100: loss=8.92965126038 object_loss=6.74701786041 distance_loss=2.18263316154
Iteration 5 of 100: loss=7.12421798706 object_loss=4.94146251678 distance_loss=2.18275570869
Iteration 6 of 100: loss=7.33247661591 object_loss=5.1498208046 distance_loss=2.18265604973
Iteration 7 of 100: loss=7.27474308014 object_loss=5.0920715332 distance_loss=2.18267178535
Iteration 8 of 100: loss=9.59312343597 object_loss=7.41028499603 distance_loss=2.18283820152
Iteration 9 of 100: loss=9.4680109024 object_loss=7.28496789932 distance_loss=2.1830432415
Iteration 10 of 100: loss=9.54803180695 object_loss=7.3649892807 distance_loss=2.18304228783
Iteration 11 of 100: loss=10.4191303253 object_loss=8.23606204987 distance_loss=2.18306875229
Iteration 12 of 100: loss=6.01918125153 object_loss=3.83625745773 distance_loss=2.18292379379
Iteration 13 of 100: loss=6.95753145218 object_loss=4.77447414398 distance_loss=2.1830573082
Iteration 14 of 100: loss=7.3470916748 object_loss=5.16388559341 distance_loss=2.18320608139
Iteration 15 of 100: loss=6.67689990997 object_loss=4.49376583099 distance_loss=2.1831343174
Iteration 16 of 100: loss=6.46781158447 object_loss=4.28501367569 distance_loss=2.18279790878
Iteration 17 of 100: loss=6.79296016693 object_loss=4.6100730896 distance_loss=2.18288707733
Iteration 18 of 100: loss=6.07022666931 object_loss=3.88737154007 distance_loss=2.18285512924
Iteration 19 of 100: loss=6.18246746063 object_loss=3.99942994118 distance_loss=2.18303751945
Iteration 20 of 100: loss=6.11487674713 object_loss=3.93155741692 distance_loss=2.1833190918
Iteration 21 of 100: loss=7.46103954315 object_loss=5.27719831467 distance_loss=2.18384122849
Iteration 22 of 100: loss=6.35361385345 object_loss=4.1694355011 distance_loss=2.18417811394
Iteration 23 of 100: loss=4.35985565186 object_loss=2.17508769035 distance_loss=2.18476772308
Iteration 24 of 100: loss=5.17440366745 object_loss=2.98924994469 distance_loss=2.18515372276
Iteration 25 of 100: loss=5.46796798706 object_loss=3.28213858604 distance_loss=2.18582963943
Iteration 26 of 100: loss=6.14402103424 object_loss=3.95756912231 distance_loss=2.18645167351
Iteration 27 of 100: loss=6.97518539429 object_loss=4.78836202621 distance_loss=2.18682336807
Iteration 28 of 100: loss=6.65746068954 object_loss=4.47058010101 distance_loss=2.18688058853
Iteration 29 of 100: loss=7.4094171524 object_loss=5.22216701508 distance_loss=2.18725037575
Iteration 30 of 100: loss=7.87656497955 object_loss=5.68885421753 distance_loss=2.18771052361
Iteration 31 of 100: loss=8.95064258575 object_loss=6.76268196106 distance_loss=2.18796086311
Iteration 32 of 100: loss=7.58452892303 object_loss=5.39648866653 distance_loss=2.1880402565
Iteration 33 of 100: loss=8.08473968506 object_loss=5.896048069 distance_loss=2.18869185448
Iteration 34 of 100: loss=10.0632457733 object_loss=7.87426567078 distance_loss=2.18898034096
Iteration 35 of 100: loss=9.12347602844 object_loss=6.93410825729 distance_loss=2.18936729431
Iteration 36 of 100: loss=8.80968284607 object_loss=6.62005329132 distance_loss=2.18963003159
Iteration 37 of 100: loss=9.19949054718 object_loss=7.00975227356 distance_loss=2.18973827362
Iteration 38 of 100: loss=8.76021289825 object_loss=6.57007694244 distance_loss=2.19013595581
Iteration 39 of 100: loss=10.082777977 object_loss=7.89226293564 distance_loss=2.19051527977
Iteration 40 of 100: loss=8.18074417114 object_loss=5.99018573761 distance_loss=2.19055867195
Iteration 41 of 100: loss=7.61168384552 object_loss=5.42088937759 distance_loss=2.19079446793
Iteration 42 of 100: loss=6.80480957031 object_loss=4.61387252808 distance_loss=2.19093680382
Iteration 43 of 100: loss=6.71458244324 object_loss=4.52376794815 distance_loss=2.19081449509
Iteration 44 of 100: loss=6.67272138596 object_loss=4.48198366165 distance_loss=2.1907377243
Iteration 45 of 100: loss=6.92498922348 object_loss=4.73455142975 distance_loss=2.19043779373
Iteration 46 of 100: loss=8.67583847046 object_loss=6.48563718796 distance_loss=2.19020104408
Iteration 47 of 100: loss=8.95391178131 object_loss=6.76369762421 distance_loss=2.1902141571
Iteration 48 of 100: loss=11.2489595413 object_loss=9.05903148651 distance_loss=2.18992829323
Iteration 49 of 100: loss=11.5451517105 object_loss=9.35516262054 distance_loss=2.18998932838
Iteration 50 of 100: loss=10.0343732834 object_loss=7.8443069458 distance_loss=2.190066576
Iteration 51 of 100: loss=7.83408403397 object_loss=5.64399814606 distance_loss=2.19008588791
Iteration 52 of 100: loss=7.26527023315 object_loss=5.07573890686 distance_loss=2.18953108788
Iteration 53 of 100: loss=8.04328918457 object_loss=5.85343885422 distance_loss=2.18985009193
Iteration 54 of 100: loss=10.0459337234 object_loss=7.85587692261 distance_loss=2.19005680084
Iteration 55 of 100: loss=11.6336450577 object_loss=9.44342803955 distance_loss=2.19021725655
Iteration 56 of 100: loss=12.1801509857 object_loss=9.98998832703 distance_loss=2.19016265869
Iteration 57 of 100: loss=10.0166769028 object_loss=7.82636165619 distance_loss=2.190315485
Iteration 58 of 100: loss=9.42771530151 object_loss=7.23726558685 distance_loss=2.19044923782
Iteration 59 of 100: loss=9.8053817749 object_loss=7.61466646194 distance_loss=2.19071507454
Iteration 60 of 100: loss=9.56266212463 object_loss=7.37181711197 distance_loss=2.1908454895
Iteration 61 of 100: loss=8.59619140625 object_loss=6.40514802933 distance_loss=2.19104337692
Iteration 62 of 100: loss=9.90135002136 object_loss=7.71002817154 distance_loss=2.19132232666
Iteration 63 of 100: loss=9.62283229828 object_loss=7.43124866486 distance_loss=2.191583395
Iteration 64 of 100: loss=8.01674079895 object_loss=5.82495355606 distance_loss=2.19178700447
Iteration 65 of 100: loss=9.22083187103 object_loss=7.02884960175 distance_loss=2.19198250771
Iteration 66 of 100: loss=11.4705791473 object_loss=9.27847576141 distance_loss=2.19210290909
Iteration 67 of 100: loss=11.8648729324 object_loss=9.67283344269 distance_loss=2.19203972816
Iteration 68 of 100: loss=11.9992046356 object_loss=9.8072013855 distance_loss=2.19200348854
Iteration 69 of 100: loss=9.78953361511 object_loss=7.59717226028 distance_loss=2.19236159325
Iteration 70 of 100: loss=10.7791538239 object_loss=8.58629512787 distance_loss=2.1928589344
Iteration 71 of 100: loss=10.6046705246 object_loss=8.41141223907 distance_loss=2.19325828552
Iteration 72 of 100: loss=11.8419704437 object_loss=9.64862442017 distance_loss=2.19334554672
Iteration 73 of 100: loss=9.13945674896 object_loss=6.94598865509 distance_loss=2.19346809387
Iteration 74 of 100: loss=9.20023822784 object_loss=7.00670623779 distance_loss=2.19353222847
Iteration 75 of 100: loss=10.0586013794 object_loss=7.86497735977 distance_loss=2.19362354279
Iteration 76 of 100: loss=8.17689418793 object_loss=5.98358869553 distance_loss=2.19330525398
Iteration 77 of 100: loss=9.21169090271 object_loss=7.01859092712 distance_loss=2.19309997559
Iteration 78 of 100: loss=8.25405406952 object_loss=6.06113195419 distance_loss=2.19292235374
Iteration 79 of 100: loss=8.11598491669 object_loss=5.92335319519 distance_loss=2.19263148308
Iteration 80 of 100: loss=7.42378425598 object_loss=5.23156166077 distance_loss=2.1922223568
Iteration 81 of 100: loss=7.49997758865 object_loss=5.30807542801 distance_loss=2.19190216064
Iteration 82 of 100: loss=6.25439834595 object_loss=4.06300354004 distance_loss=2.19139456749
Iteration 83 of 100: loss=6.19502925873 object_loss=4.00397491455 distance_loss=2.19105410576
Iteration 84 of 100: loss=5.32615280151 object_loss=3.1351172924 distance_loss=2.19103550911
Iteration 85 of 100: loss=7.43963003159 object_loss=5.24881124496 distance_loss=2.19081878662
Iteration 86 of 100: loss=6.36141347885 object_loss=4.1706161499 distance_loss=2.19079732895
Iteration 87 of 100: loss=5.61815452576 object_loss=3.42741417885 distance_loss=2.19074058533
Iteration 88 of 100: loss=5.14560937881 object_loss=2.95522689819 distance_loss=2.19038248062
Iteration 89 of 100: loss=5.08516311646 object_loss=2.89470505714 distance_loss=2.19045829773
Iteration 90 of 100: loss=5.43100357056 object_loss=3.2405436039 distance_loss=2.19045996666
Iteration 91 of 100: loss=7.07971572876 object_loss=4.88937234879 distance_loss=2.19034361839
Iteration 92 of 100: loss=5.5790438652 object_loss=3.38896489143 distance_loss=2.19007897377
Iteration 93 of 100: loss=5.2511048317 object_loss=3.06095480919 distance_loss=2.19015002251
Iteration 94 of 100: loss=5.56602811813 object_loss=3.37596201897 distance_loss=2.19006609917
Iteration 95 of 100: loss=5.70449733734 object_loss=3.51436519623 distance_loss=2.19013214111
Iteration 96 of 100: loss=5.09344482422 object_loss=2.90385532379 distance_loss=2.18958926201
Iteration 97 of 100: loss=5.2914276123 object_loss=3.10226154327 distance_loss=2.18916630745
Iteration 98 of 100: loss=5.69934463501 object_loss=3.51002907753 distance_loss=2.18931555748
Iteration 99 of 100: loss=5.48667669296 object_loss=3.29734539986 distance_loss=2.18933129311
Iteration 0 of 100: loss=5.65280342102 object_loss=3.46386265755 distance_loss=2.18894100189
Iteration 1 of 100: loss=6.10709476471 object_loss=3.91821312904 distance_loss=2.18888139725
Iteration 2 of 100: loss=5.94643783569 object_loss=3.75755238533 distance_loss=2.18888545036
Iteration 3 of 100: loss=7.74308395386 object_loss=5.55425548553 distance_loss=2.18882870674
Iteration 4 of 100: loss=5.7147102356 object_loss=3.52584886551 distance_loss=2.18886137009
Iteration 5 of 100: loss=8.00415420532 object_loss=5.81547355652 distance_loss=2.18868041039
Iteration 6 of 100: loss=7.95079660416 object_loss=5.76220703125 distance_loss=2.18858957291
Iteration 7 of 100: loss=6.6200466156 object_loss=4.43110609055 distance_loss=2.18894028664
Iteration 8 of 100: loss=6.70043849945 object_loss=4.51136541367 distance_loss=2.1890733242
Iteration 9 of 100: loss=8.43753147125 object_loss=6.24821090698 distance_loss=2.18932056427
Iteration 10 of 100: loss=8.00766086578 object_loss=5.81794548035 distance_loss=2.18971514702
Iteration 11 of 100: loss=7.61635112762 object_loss=5.42639732361 distance_loss=2.1899535656
Iteration 12 of 100: loss=6.57928371429 object_loss=4.38955974579 distance_loss=2.18972420692
Iteration 13 of 100: loss=6.55881977081 object_loss=4.36861515045 distance_loss=2.19020438194
Iteration 14 of 100: loss=9.21697330475 object_loss=7.02655363083 distance_loss=2.1904194355
Iteration 15 of 100: loss=9.83448600769 object_loss=7.64391088486 distance_loss=2.19057536125
Iteration 16 of 100: loss=8.68638801575 object_loss=6.4958562851 distance_loss=2.19053149223
Iteration 17 of 100: loss=9.99732971191 object_loss=7.80676174164 distance_loss=2.19056820869
Iteration 18 of 100: loss=10.2163181305 object_loss=8.02568531036 distance_loss=2.19063329697
Iteration 19 of 100: loss=7.72790718079 object_loss=5.53730106354 distance_loss=2.19060587883
Iteration 20 of 100: loss=8.55781269073 object_loss=6.36723995209 distance_loss=2.19057273865
Iteration 21 of 100: loss=6.75766468048 object_loss=4.56745433807 distance_loss=2.19021010399
Iteration 22 of 100: loss=5.78142166138 object_loss=3.59126400948 distance_loss=2.19015789032
Iteration 23 of 100: loss=6.89239215851 object_loss=4.70226669312 distance_loss=2.19012570381
Iteration 24 of 100: loss=7.96651983261 object_loss=5.77672433853 distance_loss=2.18979549408
Iteration 25 of 100: loss=7.31809854507 object_loss=5.12854909897 distance_loss=2.18954944611
Iteration 26 of 100: loss=7.95352172852 object_loss=5.76409482956 distance_loss=2.18942713737
Iteration 27 of 100: loss=8.3686580658 object_loss=6.179438591 distance_loss=2.18921971321
Iteration 28 of 100: loss=9.8534412384 object_loss=7.66442108154 distance_loss=2.18902015686
Iteration 29 of 100: loss=10.1838130951 object_loss=7.99467992783 distance_loss=2.1891336441
Iteration 30 of 100: loss=10.1110401154 object_loss=7.92164230347 distance_loss=2.18939733505
Iteration 31 of 100: loss=9.50340652466 object_loss=7.31342744827 distance_loss=2.1899793148
Iteration 32 of 100: loss=8.12677097321 object_loss=5.93661975861 distance_loss=2.19015097618
Iteration 33 of 100: loss=8.91052341461 object_loss=6.7196893692 distance_loss=2.19083404541
Iteration 34 of 100: loss=10.4439735413 object_loss=8.25258159637 distance_loss=2.1913921833
Iteration 35 of 100: loss=10.2670373917 object_loss=8.07553482056 distance_loss=2.19150280952
Iteration 36 of 100: loss=10.4400081635 object_loss=8.24872875214 distance_loss=2.19127964973
Iteration 37 of 100: loss=9.20312023163 object_loss=7.01167154312 distance_loss=2.19144892693
Iteration 38 of 100: loss=9.61954212189 object_loss=7.42801427841 distance_loss=2.19152808189
Iteration 39 of 100: loss=12.0801610947 object_loss=9.88862609863 distance_loss=2.19153499603
Iteration 40 of 100: loss=10.5463399887 object_loss=8.35468959808 distance_loss=2.19165015221
Iteration 41 of 100: loss=10.8855724335 object_loss=8.6938533783 distance_loss=2.19171929359
Iteration 42 of 100: loss=10.4692602158 object_loss=8.27750492096 distance_loss=2.1917552948
Iteration 43 of 100: loss=12.9522676468 object_loss=10.7607021332 distance_loss=2.19156575203
Iteration 44 of 100: loss=10.0622386932 object_loss=7.87109947205 distance_loss=2.19113922119
Iteration 45 of 100: loss=7.6530995369 object_loss=5.46232318878 distance_loss=2.19077634811
Iteration 46 of 100: loss=9.75619029999 object_loss=7.56584835052 distance_loss=2.19034171104
Iteration 47 of 100: loss=9.06506443024 object_loss=6.8748755455 distance_loss=2.19018864632
Iteration 48 of 100: loss=10.1852703094 object_loss=7.99549198151 distance_loss=2.18977808952
Iteration 49 of 100: loss=10.2946834564 object_loss=8.10501766205 distance_loss=2.18966555595
Iteration 50 of 100: loss=11.5982847214 object_loss=9.40849685669 distance_loss=2.1897881031
Iteration 51 of 100: loss=9.25597572327 object_loss=7.06618261337 distance_loss=2.18979334831
Iteration 52 of 100: loss=9.32559394836 object_loss=7.13587093353 distance_loss=2.18972253799
Iteration 53 of 100: loss=7.18799972534 object_loss=4.99794530869 distance_loss=2.19005441666
Iteration 54 of 100: loss=7.61350536346 object_loss=5.42325925827 distance_loss=2.19024610519
Iteration 55 of 100: loss=7.89164638519 object_loss=5.70127820969 distance_loss=2.19036793709
Iteration 56 of 100: loss=7.73063755035 object_loss=5.54004192352 distance_loss=2.19059538841
Iteration 57 of 100: loss=6.75229024887 object_loss=4.5615940094 distance_loss=2.19069623947
Iteration 58 of 100: loss=9.67878723145 object_loss=7.48788261414 distance_loss=2.19090509415
Iteration 59 of 100: loss=7.33399963379 object_loss=5.14269208908 distance_loss=2.19130778313
Iteration 60 of 100: loss=7.93785476685 object_loss=5.74657011032 distance_loss=2.19128489494
Iteration 61 of 100: loss=7.38855695724 object_loss=5.19732141495 distance_loss=2.1912355423
Iteration 62 of 100: loss=9.1952381134 object_loss=7.00397014618 distance_loss=2.19126844406
Iteration 63 of 100: loss=9.56105613708 object_loss=7.36969470978 distance_loss=2.19136118889
Iteration 64 of 100: loss=8.62295436859 object_loss=6.43163776398 distance_loss=2.19131660461
Iteration 65 of 100: loss=9.2712020874 object_loss=7.08021354675 distance_loss=2.19098854065
Iteration 66 of 100: loss=8.87717533112 object_loss=6.68661642075 distance_loss=2.19055867195
Iteration 67 of 100: loss=10.2081899643 object_loss=8.01781463623 distance_loss=2.19037556648
Iteration 68 of 100: loss=8.59947967529 object_loss=6.40942287445 distance_loss=2.19005680084
Iteration 69 of 100: loss=6.97331237793 object_loss=4.7834649086 distance_loss=2.18984746933
Iteration 70 of 100: loss=7.17256116867 object_loss=4.98274087906 distance_loss=2.18982028961
Iteration 71 of 100: loss=7.27094554901 object_loss=5.08119440079 distance_loss=2.18975114822
Iteration 72 of 100: loss=6.8564414978 object_loss=4.66750812531 distance_loss=2.18893313408
Iteration 73 of 100: loss=5.73707294464 object_loss=3.54832029343 distance_loss=2.18875288963
Iteration 74 of 100: loss=6.15866851807 object_loss=3.96995306015 distance_loss=2.18871569633
Iteration 75 of 100: loss=5.87711429596 object_loss=3.68864607811 distance_loss=2.18846821785
Iteration 76 of 100: loss=5.14625740051 object_loss=2.95803451538 distance_loss=2.18822264671
Iteration 77 of 100: loss=5.50616407394 object_loss=3.31806230545 distance_loss=2.18810176849
Iteration 78 of 100: loss=5.12046909332 object_loss=2.9324889183 distance_loss=2.18798041344
Iteration 79 of 100: loss=4.8659119606 object_loss=2.67805075645 distance_loss=2.18786120415
Iteration 80 of 100: loss=5.62263393402 object_loss=3.43481945992 distance_loss=2.18781423569
Iteration 81 of 100: loss=5.16113758087 object_loss=2.97389745712 distance_loss=2.18723988533
Iteration 82 of 100: loss=5.41843891144 object_loss=3.23161554337 distance_loss=2.18682336807
Iteration 83 of 100: loss=6.42518949509 object_loss=4.23858976364 distance_loss=2.18659973145
Iteration 84 of 100: loss=4.8462843895 object_loss=2.66016197205 distance_loss=2.18612241745
Iteration 85 of 100: loss=5.99120426178 object_loss=3.80510568619 distance_loss=2.18609857559
Iteration 86 of 100: loss=8.8672580719 object_loss=6.68122959137 distance_loss=2.18602895737
Iteration 87 of 100: loss=8.65646457672 object_loss=6.47054719925 distance_loss=2.18591713905
Iteration 88 of 100: loss=6.87987232208 object_loss=4.69421195984 distance_loss=2.18566036224
Iteration 89 of 100: loss=5.38291072845 object_loss=3.19730830193 distance_loss=2.18560242653
Iteration 90 of 100: loss=5.39702606201 object_loss=3.21174788475 distance_loss=2.18527817726
Iteration 91 of 100: loss=5.90082931519 object_loss=3.71561741829 distance_loss=2.18521213531
Iteration 92 of 100: loss=5.84081411362 object_loss=3.6559278965 distance_loss=2.18488621712
Iteration 93 of 100: loss=6.47177219391 object_loss=4.28683567047 distance_loss=2.18493676186
Iteration 94 of 100: loss=6.82787942886 object_loss=4.64304733276 distance_loss=2.1848320961
Iteration 95 of 100: loss=7.55705070496 object_loss=5.37239646912 distance_loss=2.18465423584
Iteration 96 of 100: loss=8.10865402222 object_loss=5.92416381836 distance_loss=2.18449068069
Iteration 97 of 100: loss=8.27836799622 object_loss=6.09367752075 distance_loss=2.18469047546
Iteration 98 of 100: loss=5.67615604401 object_loss=3.49132156372 distance_loss=2.18483448029
Iteration 99 of 100: loss=6.36102676392 object_loss=4.17600536346 distance_loss=2.18502116203
Iteration 0 of 100: loss=5.94310855865 object_loss=3.7579741478 distance_loss=2.18513441086
Iteration 1 of 100: loss=5.31968593597 object_loss=3.13431382179 distance_loss=2.1853723526
Iteration 2 of 100: loss=5.99760723114 object_loss=3.81218600273 distance_loss=2.18542122841
Iteration 3 of 100: loss=6.9893989563 object_loss=4.80359840393 distance_loss=2.18580079079
Iteration 4 of 100: loss=7.65175056458 object_loss=5.46560525894 distance_loss=2.18614530563
Iteration 5 of 100: loss=7.96636009216 object_loss=5.78003120422 distance_loss=2.18632912636
Iteration 6 of 100: loss=6.4761762619 object_loss=4.28937911987 distance_loss=2.18679738045
Iteration 7 of 100: loss=5.12143564224 object_loss=2.93449831009 distance_loss=2.18693733215
Iteration 8 of 100: loss=5.66559934616 object_loss=3.47863936424 distance_loss=2.18695998192
Iteration 9 of 100: loss=6.8573513031 object_loss=4.66995048523 distance_loss=2.18740105629
Iteration 10 of 100: loss=6.85987567902 object_loss=4.67210960388 distance_loss=2.18776583672
Iteration 11 of 100: loss=6.05297231674 object_loss=3.86513185501 distance_loss=2.18784046173
Iteration 12 of 100: loss=5.32180595398 object_loss=3.1341676712 distance_loss=2.18763852119
Iteration 13 of 100: loss=5.34809732437 object_loss=3.16023159027 distance_loss=2.1878657341
Iteration 14 of 100: loss=5.11617469788 object_loss=2.92807340622 distance_loss=2.18810153008
Iteration 15 of 100: loss=4.80385112762 object_loss=2.61562132835 distance_loss=2.18822979927
Iteration 16 of 100: loss=5.25301647186 object_loss=3.06504631042 distance_loss=2.18797039986
Iteration 17 of 100: loss=5.44279766083 object_loss=3.25474238396 distance_loss=2.18805527687
Iteration 18 of 100: loss=5.32890176773 object_loss=3.14072036743 distance_loss=2.1881814003
Iteration 19 of 100: loss=6.01146602631 object_loss=3.82314586639 distance_loss=2.18832039833
Iteration 20 of 100: loss=6.46800899506 object_loss=4.2798166275 distance_loss=2.18819260597
Iteration 21 of 100: loss=6.34881401062 object_loss=4.16041517258 distance_loss=2.18839859962
Iteration 22 of 100: loss=6.97402715683 object_loss=4.78575801849 distance_loss=2.18826913834
Iteration 23 of 100: loss=6.07317686081 object_loss=3.88484287262 distance_loss=2.18833398819
Iteration 24 of 100: loss=6.96089744568 object_loss=4.77269363403 distance_loss=2.18820381165
Iteration 25 of 100: loss=7.974817276 object_loss=5.78669071198 distance_loss=2.18812632561
Iteration 26 of 100: loss=7.94895219803 object_loss=5.76068162918 distance_loss=2.18827056885
Iteration 27 of 100: loss=8.64919567108 object_loss=6.46075677872 distance_loss=2.18843913078
Iteration 28 of 100: loss=8.12618160248 object_loss=5.93775081635 distance_loss=2.18843102455
Iteration 29 of 100: loss=9.97995758057 object_loss=7.79145765305 distance_loss=2.18850016594
Iteration 30 of 100: loss=11.5242862701 object_loss=9.33566665649 distance_loss=2.18862009048
Iteration 31 of 100: loss=12.366897583 object_loss=10.1781082153 distance_loss=2.18878912926
Iteration 32 of 100: loss=13.7100906372 object_loss=11.5215101242 distance_loss=2.18858003616
Iteration 33 of 100: loss=12.9170064926 object_loss=10.7280988693 distance_loss=2.18890762329
Iteration 34 of 100: loss=12.6959018707 object_loss=10.506737709 distance_loss=2.18916392326
Iteration 35 of 100: loss=12.8599443436 object_loss=10.6705732346 distance_loss=2.18937087059
Iteration 36 of 100: loss=12.8065414429 object_loss=10.6171226501 distance_loss=2.18941903114
Iteration 37 of 100: loss=9.5261554718 object_loss=7.33668661118 distance_loss=2.18946862221
Iteration 38 of 100: loss=10.9873342514 object_loss=8.79777431488 distance_loss=2.18955993652
Iteration 39 of 100: loss=10.581202507 object_loss=8.39157962799 distance_loss=2.18962287903
Iteration 40 of 100: loss=9.14457035065 object_loss=6.95505523682 distance_loss=2.18951535225
Iteration 41 of 100: loss=9.67198753357 object_loss=7.48265552521 distance_loss=2.18933200836
Iteration 42 of 100: loss=12.209695816 object_loss=10.020318985 distance_loss=2.18937683105
Iteration 43 of 100: loss=12.5711116791 object_loss=10.3815612793 distance_loss=2.18954992294
Iteration 44 of 100: loss=11.3046207428 object_loss=9.11552429199 distance_loss=2.18909597397
Iteration 45 of 100: loss=10.6718082428 object_loss=8.48266983032 distance_loss=2.18913888931
Iteration 46 of 100: loss=9.93525505066 object_loss=7.74600696564 distance_loss=2.1892478466
Iteration 47 of 100: loss=10.862329483 object_loss=8.67320537567 distance_loss=2.1891245842
Iteration 48 of 100: loss=10.3040208817 object_loss=8.11479282379 distance_loss=2.18922781944
Iteration 49 of 100: loss=10.6456098557 object_loss=8.45643234253 distance_loss=2.18917775154
Iteration 50 of 100: loss=8.81205558777 object_loss=6.62330245972 distance_loss=2.18875336647
Iteration 51 of 100: loss=7.52812385559 object_loss=5.33942222595 distance_loss=2.18870139122
Iteration 52 of 100: loss=7.92954730988 object_loss=5.74120521545 distance_loss=2.18834209442
Iteration 53 of 100: loss=8.25745105743 object_loss=6.06909608841 distance_loss=2.18835496902
Iteration 54 of 100: loss=7.31488180161 object_loss=5.12636470795 distance_loss=2.18851709366
Iteration 55 of 100: loss=7.09272861481 object_loss=4.90401649475 distance_loss=2.18871212006
Iteration 56 of 100: loss=6.98970794678 object_loss=4.80125045776 distance_loss=2.18845772743
Iteration 57 of 100: loss=6.88880634308 object_loss=4.6999669075 distance_loss=2.188839674
Iteration 58 of 100: loss=6.57400417328 object_loss=4.38482379913 distance_loss=2.18918037415
Iteration 59 of 100: loss=6.49007225037 object_loss=4.30057096481 distance_loss=2.18950104713
Iteration 60 of 100: loss=6.81890106201 object_loss=4.62890386581 distance_loss=2.18999695778
Iteration 61 of 100: loss=6.57057762146 object_loss=4.38035202026 distance_loss=2.1902256012
Iteration 62 of 100: loss=6.23050689697 object_loss=4.04018449783 distance_loss=2.19032216072
Iteration 63 of 100: loss=6.74904918671 object_loss=4.55853176117 distance_loss=2.19051766396
Iteration 64 of 100: loss=5.72222232819 object_loss=3.53182673454 distance_loss=2.19039583206
Iteration 65 of 100: loss=5.96404886246 object_loss=3.7739367485 distance_loss=2.19011211395
Iteration 66 of 100: loss=6.06984186172 object_loss=3.87950348854 distance_loss=2.19033837318
Iteration 67 of 100: loss=6.4962682724 object_loss=4.3059220314 distance_loss=2.19034647942
Iteration 68 of 100: loss=8.33712768555 object_loss=6.14674568176 distance_loss=2.19038152695
Iteration 69 of 100: loss=8.27613449097 object_loss=6.08525276184 distance_loss=2.19088220596
Iteration 70 of 100: loss=8.36893081665 object_loss=6.1771812439 distance_loss=2.19175004959
Iteration 71 of 100: loss=6.8574514389 object_loss=4.66511487961 distance_loss=2.1923365593
Iteration 72 of 100: loss=8.34430980682 object_loss=6.15183353424 distance_loss=2.19247627258
Iteration 73 of 100: loss=8.00066280365 object_loss=5.80777835846 distance_loss=2.19288444519
Iteration 74 of 100: loss=7.95042276382 object_loss=5.75754070282 distance_loss=2.192882061
Iteration 75 of 100: loss=9.56446075439 object_loss=7.3715634346 distance_loss=2.19289731979
Iteration 76 of 100: loss=9.66886806488 object_loss=7.47597455978 distance_loss=2.19289374352
Iteration 77 of 100: loss=9.05250644684 object_loss=6.85932254791 distance_loss=2.19318389893
Iteration 78 of 100: loss=9.77183151245 object_loss=7.5783457756 distance_loss=2.19348597527
Iteration 79 of 100: loss=7.96089220047 object_loss=5.76730728149 distance_loss=2.19358491898
Iteration 80 of 100: loss=6.77398967743 object_loss=4.58044815063 distance_loss=2.19354176521
Iteration 81 of 100: loss=6.05230331421 object_loss=3.8586101532 distance_loss=2.19369339943
Iteration 82 of 100: loss=6.9926867485 object_loss=4.79873657227 distance_loss=2.19395017624
Iteration 83 of 100: loss=7.43014907837 object_loss=5.23611164093 distance_loss=2.19403719902
Iteration 84 of 100: loss=6.43788576126 object_loss=4.24387073517 distance_loss=2.19401502609
Iteration 85 of 100: loss=6.59425163269 object_loss=4.40030765533 distance_loss=2.19394397736
Iteration 86 of 100: loss=8.41034221649 object_loss=6.21657180786 distance_loss=2.19377064705
Iteration 87 of 100: loss=9.32141876221 object_loss=7.12773752213 distance_loss=2.19368076324
Iteration 88 of 100: loss=8.35367965698 object_loss=6.16004657745 distance_loss=2.19363260269
Iteration 89 of 100: loss=8.36278343201 object_loss=6.16902160645 distance_loss=2.19376158714
Iteration 90 of 100: loss=7.83106708527 object_loss=5.63716077805 distance_loss=2.19390654564
Iteration 91 of 100: loss=8.11049365997 object_loss=5.91642379761 distance_loss=2.19407010078
Iteration 92 of 100: loss=7.97404575348 object_loss=5.78042268753 distance_loss=2.19362306595
Iteration 93 of 100: loss=7.06670761108 object_loss=4.87305688858 distance_loss=2.19365096092
Iteration 94 of 100: loss=7.00793075562 object_loss=4.81413459778 distance_loss=2.19379615784
Iteration 95 of 100: loss=5.92570924759 object_loss=3.73189115524 distance_loss=2.19381809235
Iteration 96 of 100: loss=4.80159711838 object_loss=2.6080429554 distance_loss=2.19355416298
Iteration 97 of 100: loss=5.20180416107 object_loss=3.0084335804 distance_loss=2.19337034225
Iteration 98 of 100: loss=5.21145296097 object_loss=3.01833224297 distance_loss=2.193120718
Iteration 99 of 100: loss=5.07309818268 object_loss=2.8799200058 distance_loss=2.19317817688
Iteration 0 of 100: loss=5.2617688179 object_loss=3.06870985031 distance_loss=2.19305896759
Iteration 1 of 100: loss=5.00047445297 object_loss=2.80787158012 distance_loss=2.19260287285
Iteration 2 of 100: loss=4.84334087372 object_loss=2.65091204643 distance_loss=2.1924290657
Iteration 3 of 100: loss=6.14862728119 object_loss=3.95615744591 distance_loss=2.19246983528
Iteration 4 of 100: loss=7.27484893799 object_loss=5.08255434036 distance_loss=2.19229459763
Iteration 5 of 100: loss=6.81215667725 object_loss=4.61982631683 distance_loss=2.19233036041
Iteration 6 of 100: loss=4.45736408234 object_loss=2.26513147354 distance_loss=2.19223284721
Iteration 7 of 100: loss=8.53229999542 object_loss=6.34027528763 distance_loss=2.19202470779
Iteration 8 of 100: loss=7.35106706619 object_loss=5.15917348862 distance_loss=2.19189357758
Iteration 9 of 100: loss=6.4181098938 object_loss=4.22609424591 distance_loss=2.19201588631
Iteration 10 of 100: loss=6.43429040909 object_loss=4.24220466614 distance_loss=2.19208574295
Iteration 11 of 100: loss=7.12379932404 object_loss=4.93135547638 distance_loss=2.19244360924
Iteration 12 of 100: loss=5.75976133347 object_loss=3.56731796265 distance_loss=2.19244337082
Iteration 13 of 100: loss=5.11046504974 object_loss=2.9178519249 distance_loss=2.19261336327
Iteration 14 of 100: loss=4.12247991562 object_loss=1.92972612381 distance_loss=2.19275379181
Iteration 15 of 100: loss=4.04296588898 object_loss=1.85019767284 distance_loss=2.19276833534
Iteration 16 of 100: loss=4.40397071838 object_loss=2.21146583557 distance_loss=2.19250464439
Iteration 17 of 100: loss=5.44157314301 object_loss=3.24915862083 distance_loss=2.19241452217
Iteration 18 of 100: loss=4.79938316345 object_loss=2.60681557655 distance_loss=2.19256782532
Iteration 19 of 100: loss=4.42746257782 object_loss=2.23460698128 distance_loss=2.19285535812
Iteration 20 of 100: loss=4.22818660736 object_loss=2.03513336182 distance_loss=2.19305300713
Iteration 21 of 100: loss=4.95943689346 object_loss=2.76611757278 distance_loss=2.19331932068
Iteration 22 of 100: loss=5.17941951752 object_loss=2.98589968681 distance_loss=2.19351959229
Iteration 23 of 100: loss=4.98505449295 object_loss=2.79145860672 distance_loss=2.19359588623
Iteration 24 of 100: loss=5.09407997131 object_loss=2.90036249161 distance_loss=2.19371747971
Iteration 25 of 100: loss=4.90096712112 object_loss=2.70716118813 distance_loss=2.193805933
Iteration 26 of 100: loss=5.16477775574 object_loss=2.97070527077 distance_loss=2.19407248497
Iteration 27 of 100: loss=4.42963504791 object_loss=2.23513507843 distance_loss=2.1945002079
Iteration 28 of 100: loss=4.68181705475 object_loss=2.48739504814 distance_loss=2.19442176819
Iteration 29 of 100: loss=5.08078861237 object_loss=2.88614535332 distance_loss=2.19464302063
Iteration 30 of 100: loss=5.47546863556 object_loss=3.28082036972 distance_loss=2.19464850426
Iteration 31 of 100: loss=5.25890493393 object_loss=3.06435918808 distance_loss=2.19454574585
Iteration 32 of 100: loss=4.89869785309 object_loss=2.70440554619 distance_loss=2.19429254532
Iteration 33 of 100: loss=5.19884204865 object_loss=3.00408959389 distance_loss=2.19475269318
Iteration 34 of 100: loss=5.38408660889 object_loss=3.18920302391 distance_loss=2.19488358498
Iteration 35 of 100: loss=5.09599065781 object_loss=2.90093517303 distance_loss=2.19505548477
Iteration 36 of 100: loss=4.63669395447 object_loss=2.44177699089 distance_loss=2.194917202
Iteration 37 of 100: loss=5.0601606369 object_loss=2.86537384987 distance_loss=2.19478702545
Iteration 38 of 100: loss=4.48991298676 object_loss=2.29494142532 distance_loss=2.19497156143
Iteration 39 of 100: loss=4.93228912354 object_loss=2.73725509644 distance_loss=2.19503378868
Iteration 40 of 100: loss=5.80185937881 object_loss=3.6073474884 distance_loss=2.19451189041
Iteration 41 of 100: loss=4.50920295715 object_loss=2.31472444534 distance_loss=2.19447827339
Iteration 42 of 100: loss=5.46208047867 object_loss=3.26757240295 distance_loss=2.19450807571
Iteration 43 of 100: loss=5.64980602264 object_loss=3.45516490936 distance_loss=2.19464087486
Iteration 44 of 100: loss=6.90173959732 object_loss=4.70718479156 distance_loss=2.19455480576
Iteration 45 of 100: loss=6.06550359726 object_loss=3.87121987343 distance_loss=2.19428372383
Iteration 46 of 100: loss=5.88761997223 object_loss=3.69365286827 distance_loss=2.19396710396
Iteration 47 of 100: loss=5.79197502136 object_loss=3.59813761711 distance_loss=2.19383740425
Iteration 48 of 100: loss=5.96968317032 object_loss=3.77622771263 distance_loss=2.19345545769
Iteration 49 of 100: loss=6.46812725067 object_loss=4.2750082016 distance_loss=2.19311904907
Iteration 50 of 100: loss=5.75324010849 object_loss=3.55996775627 distance_loss=2.19327235222
Iteration 51 of 100: loss=6.79963970184 object_loss=4.60651540756 distance_loss=2.19312405586
Iteration 52 of 100: loss=5.65219688416 object_loss=3.45967793465 distance_loss=2.19251871109
Iteration 53 of 100: loss=6.11495923996 object_loss=3.9223177433 distance_loss=2.19264149666
Iteration 54 of 100: loss=5.17301464081 object_loss=2.98033237457 distance_loss=2.19268250465
Iteration 55 of 100: loss=4.04032421112 object_loss=1.84763717651 distance_loss=2.19268679619
Iteration 56 of 100: loss=3.94902706146 object_loss=1.75655031204 distance_loss=2.19247674942
Iteration 57 of 100: loss=3.4998717308 object_loss=1.30751383305 distance_loss=2.19235777855
Iteration 58 of 100: loss=3.49969124794 object_loss=1.30751752853 distance_loss=2.19217371941
Iteration 59 of 100: loss=3.31163692474 object_loss=1.11937642097 distance_loss=2.19226050377
Iteration 60 of 100: loss=3.45521974564 object_loss=1.26306331158 distance_loss=2.19215655327
Iteration 61 of 100: loss=3.3423678875 object_loss=1.15027618408 distance_loss=2.19209170341
Iteration 62 of 100: loss=3.32403421402 object_loss=1.13200676441 distance_loss=2.19202756882
Iteration 63 of 100: loss=3.27429437637 object_loss=1.08214175701 distance_loss=2.19215250015
Iteration 64 of 100: loss=3.28256678581 object_loss=1.09033989906 distance_loss=2.19222688675
Iteration 65 of 100: loss=3.14106345177 object_loss=0.948632061481 distance_loss=2.19243144989
Iteration 66 of 100: loss=3.13892936707 object_loss=0.946519494057 distance_loss=2.19240999222
Iteration 67 of 100: loss=3.09344267845 object_loss=0.901063203812 distance_loss=2.19237947464
Iteration 68 of 100: loss=3.02755141258 object_loss=0.835151493549 distance_loss=2.19239997864
Iteration 69 of 100: loss=3.16891050339 object_loss=0.976417958736 distance_loss=2.19249248505
Iteration 70 of 100: loss=3.28670573235 object_loss=1.09426665306 distance_loss=2.19243907928
Iteration 71 of 100: loss=3.40922451019 object_loss=1.21677196026 distance_loss=2.19245243073
Iteration 72 of 100: loss=3.56350398064 object_loss=1.37119817734 distance_loss=2.1923058033
Iteration 73 of 100: loss=3.60686707497 object_loss=1.41449666023 distance_loss=2.19237041473
Iteration 74 of 100: loss=3.38488388062 object_loss=1.192486763 distance_loss=2.19239711761
Iteration 75 of 100: loss=3.15806889534 object_loss=0.965705931187 distance_loss=2.19236302376
Iteration 76 of 100: loss=3.21046853065 object_loss=1.01814246178 distance_loss=2.19232606888
Iteration 77 of 100: loss=3.23320484161 object_loss=1.04060328007 distance_loss=2.19260168076
Iteration 78 of 100: loss=3.05993914604 object_loss=0.866869032383 distance_loss=2.19307017326
Iteration 79 of 100: loss=3.08726930618 object_loss=0.893778264523 distance_loss=2.19349098206
Iteration 80 of 100: loss=3.64554071426 object_loss=1.45164501667 distance_loss=2.19389557838
Iteration 81 of 100: loss=3.11981105804 object_loss=0.925707101822 distance_loss=2.19410395622
Iteration 82 of 100: loss=3.23133587837 object_loss=1.03696012497 distance_loss=2.1943757534
Iteration 83 of 100: loss=3.22705149651 object_loss=1.03211307526 distance_loss=2.19493842125
Iteration 84 of 100: loss=3.14571809769 object_loss=0.950572371483 distance_loss=2.19514584541
Iteration 85 of 100: loss=3.19910120964 object_loss=1.00366592407 distance_loss=2.19543528557
Iteration 86 of 100: loss=3.36541461945 object_loss=1.16971433163 distance_loss=2.19570040703
Iteration 87 of 100: loss=3.32858037949 object_loss=1.13259518147 distance_loss=2.19598531723
Iteration 88 of 100: loss=3.43084383011 object_loss=1.23507130146 distance_loss=2.19577240944
Iteration 89 of 100: loss=3.3063762188 object_loss=1.1104786396 distance_loss=2.19589757919
Iteration 90 of 100: loss=3.23313236237 object_loss=1.03695034981 distance_loss=2.19618201256
Iteration 91 of 100: loss=3.12023901939 object_loss=0.924082517624 distance_loss=2.19615650177
Iteration 92 of 100: loss=3.11483216286 object_loss=0.918906033039 distance_loss=2.19592618942
Iteration 93 of 100: loss=2.97091054916 object_loss=0.774732530117 distance_loss=2.19617795944
Iteration 94 of 100: loss=3.21511173248 object_loss=1.01876676083 distance_loss=2.19634485245
Iteration 95 of 100: loss=3.30152177811 object_loss=1.10520660877 distance_loss=2.19631505013
Iteration 96 of 100: loss=3.18360519409 object_loss=0.987608253956 distance_loss=2.19599699974
Iteration 97 of 100: loss=3.19696092606 object_loss=1.00107061863 distance_loss=2.19589042664
Iteration 98 of 100: loss=3.18607139587 object_loss=0.990233540535 distance_loss=2.19583797455
Iteration 99 of 100: loss=3.20636725426 object_loss=1.01041817665 distance_loss=2.19594907761
Iteration 0 of 100: loss=3.21577572823 object_loss=1.01999545097 distance_loss=2.19578027725
Iteration 1 of 100: loss=3.21572899818 object_loss=1.01992726326 distance_loss=2.19580173492
Iteration 2 of 100: loss=3.15400934219 object_loss=0.958167314529 distance_loss=2.19584202766
Iteration 3 of 100: loss=3.03188800812 object_loss=0.83604991436 distance_loss=2.19583821297
Iteration 4 of 100: loss=3.0283036232 object_loss=0.832471728325 distance_loss=2.19583201408
Iteration 5 of 100: loss=2.93694710732 object_loss=0.741247415543 distance_loss=2.19569969177
Iteration 6 of 100: loss=3.41385602951 object_loss=1.21823346615 distance_loss=2.19562244415
Iteration 7 of 100: loss=2.88444781303 object_loss=0.688927829266 distance_loss=2.19551992416
Iteration 8 of 100: loss=2.84466052055 object_loss=0.649267435074 distance_loss=2.19539308548
Iteration 9 of 100: loss=2.90697574615 object_loss=0.711608767509 distance_loss=2.19536685944
Iteration 10 of 100: loss=2.80122327805 object_loss=0.605904519558 distance_loss=2.19531869888
Iteration 11 of 100: loss=2.82355904579 object_loss=0.628267288208 distance_loss=2.19529175758
Iteration 12 of 100: loss=2.75870728493 object_loss=0.564031362534 distance_loss=2.19467592239
Iteration 13 of 100: loss=2.85473513603 object_loss=0.659970462322 distance_loss=2.19476461411
Iteration 14 of 100: loss=2.95340538025 object_loss=0.758708953857 distance_loss=2.19469642639
Iteration 15 of 100: loss=2.84415221214 object_loss=0.649607121944 distance_loss=2.19454503059
Iteration 16 of 100: loss=2.87261891365 object_loss=0.678224146366 distance_loss=2.19439482689
Iteration 17 of 100: loss=2.94428539276 object_loss=0.749729037285 distance_loss=2.19455647469
Iteration 18 of 100: loss=2.94272065163 object_loss=0.748290538788 distance_loss=2.19443011284
Iteration 19 of 100: loss=3.02518939972 object_loss=0.830705285072 distance_loss=2.19448399544
Iteration 20 of 100: loss=3.03879594803 object_loss=0.844446778297 distance_loss=2.19434928894
Iteration 21 of 100: loss=3.12728285789 object_loss=0.933067023754 distance_loss=2.19421577454
Iteration 22 of 100: loss=3.12291836739 object_loss=0.928529560566 distance_loss=2.19438886642
Iteration 23 of 100: loss=2.9818353653 object_loss=0.787361264229 distance_loss=2.19447398186
Iteration 24 of 100: loss=3.06642794609 object_loss=0.872246026993 distance_loss=2.1941819191
Iteration 25 of 100: loss=2.91404104233 object_loss=0.720006406307 distance_loss=2.19403457642
Iteration 26 of 100: loss=2.90896916389 object_loss=0.714990198612 distance_loss=2.19397902489
Iteration 27 of 100: loss=2.93088912964 object_loss=0.737119853497 distance_loss=2.19376921654
Iteration 28 of 100: loss=2.92873334885 object_loss=0.734988808632 distance_loss=2.19374465942
Iteration 29 of 100: loss=2.87498188019 object_loss=0.681415081024 distance_loss=2.19356679916
Iteration 30 of 100: loss=2.74197840691 object_loss=0.548548877239 distance_loss=2.19342947006
Iteration 31 of 100: loss=2.77435302734 object_loss=0.58096319437 distance_loss=2.19338989258
Iteration 32 of 100: loss=2.86241459846 object_loss=0.669328868389 distance_loss=2.19308567047
Iteration 33 of 100: loss=2.92206573486 object_loss=0.729027688503 distance_loss=2.19303798676
Iteration 34 of 100: loss=2.85615921021 object_loss=0.663251519203 distance_loss=2.19290781021
Iteration 35 of 100: loss=2.84663963318 object_loss=0.653817594051 distance_loss=2.19282197952
Iteration 36 of 100: loss=2.90512609482 object_loss=0.7127404809 distance_loss=2.19238567352
Iteration 37 of 100: loss=2.9729115963 object_loss=0.780613839626 distance_loss=2.19229769707
Iteration 38 of 100: loss=2.97277355194 object_loss=0.780615210533 distance_loss=2.19215846062
Iteration 39 of 100: loss=2.95301580429 object_loss=0.760880768299 distance_loss=2.1921350956
Iteration 40 of 100: loss=2.88815355301 object_loss=0.69595849514 distance_loss=2.19219493866
Iteration 41 of 100: loss=2.89324951172 object_loss=0.701064825058 distance_loss=2.19218468666
Iteration 42 of 100: loss=2.79917120934 object_loss=0.607163131237 distance_loss=2.19200801849
Iteration 43 of 100: loss=2.72666025162 object_loss=0.534579992294 distance_loss=2.19208025932
Iteration 44 of 100: loss=2.86971759796 object_loss=0.677667498589 distance_loss=2.19205021858
Iteration 45 of 100: loss=3.03729081154 object_loss=0.845274448395 distance_loss=2.19201636314
Iteration 46 of 100: loss=3.00112771988 object_loss=0.809080839157 distance_loss=2.19204688072
Iteration 47 of 100: loss=3.00113391876 object_loss=0.809169471264 distance_loss=2.19196438789
Iteration 48 of 100: loss=2.99919390678 object_loss=0.807511270046 distance_loss=2.19168257713
Iteration 49 of 100: loss=2.92580604553 object_loss=0.734022557735 distance_loss=2.19178342819
Iteration 50 of 100: loss=2.91237282753 object_loss=0.720485687256 distance_loss=2.19188714027
Iteration 51 of 100: loss=2.91191267967 object_loss=0.720030605793 distance_loss=2.19188213348
Iteration 52 of 100: loss=3.0653526783 object_loss=0.873782932758 distance_loss=2.19156980515
Iteration 53 of 100: loss=2.86233329773 object_loss=0.670615792274 distance_loss=2.19171738625
Iteration 54 of 100: loss=3.00471615791 object_loss=0.813049614429 distance_loss=2.19166660309
Iteration 55 of 100: loss=2.91502213478 object_loss=0.723423719406 distance_loss=2.19159841537
Iteration 56 of 100: loss=2.86846470833 object_loss=0.677249193192 distance_loss=2.19121551514
Iteration 57 of 100: loss=2.82201099396 object_loss=0.631109952927 distance_loss=2.19090104103
Iteration 58 of 100: loss=2.88366651535 object_loss=0.692648231983 distance_loss=2.19101834297
Iteration 59 of 100: loss=2.85765981674 object_loss=0.666628658772 distance_loss=2.19103121758
Iteration 60 of 100: loss=2.87583184242 object_loss=0.685023367405 distance_loss=2.19080853462
Iteration 61 of 100: loss=2.97287988663 object_loss=0.782234430313 distance_loss=2.19064545631
Iteration 62 of 100: loss=2.8563349247 object_loss=0.665576934814 distance_loss=2.19075798988
Iteration 63 of 100: loss=2.85634374619 object_loss=0.665558934212 distance_loss=2.19078469276
Iteration 64 of 100: loss=2.82764792442 object_loss=0.636902272701 distance_loss=2.19074559212
Iteration 65 of 100: loss=2.806838274 object_loss=0.616078078747 distance_loss=2.19076013565
Iteration 66 of 100: loss=3.18555688858 object_loss=0.994799137115 distance_loss=2.19075775146
Iteration 67 of 100: loss=3.19055938721 object_loss=0.999763190746 distance_loss=2.19079613686
Iteration 68 of 100: loss=2.93336224556 object_loss=0.742836296558 distance_loss=2.19052600861
Iteration 69 of 100: loss=3.14762663841 object_loss=0.957283318043 distance_loss=2.19034337997
Iteration 70 of 100: loss=3.01977682114 object_loss=0.829542815685 distance_loss=2.19023394585
Iteration 71 of 100: loss=2.98087978363 object_loss=0.790670931339 distance_loss=2.1902089119
Iteration 72 of 100: loss=2.62347316742 object_loss=0.433743000031 distance_loss=2.18973016739
Iteration 73 of 100: loss=2.77085494995 object_loss=0.580915391445 distance_loss=2.1899394989
Iteration 74 of 100: loss=2.80092048645 object_loss=0.611080527306 distance_loss=2.18983983994
Iteration 75 of 100: loss=2.80532026291 object_loss=0.615600526333 distance_loss=2.18971967697
Iteration 76 of 100: loss=2.70700120926 object_loss=0.517552018166 distance_loss=2.1894493103
Iteration 77 of 100: loss=2.73953509331 object_loss=0.55034327507 distance_loss=2.18919181824
Iteration 78 of 100: loss=2.79066967964 object_loss=0.601612329483 distance_loss=2.18905735016
Iteration 79 of 100: loss=2.79065513611 object_loss=0.601595759392 distance_loss=2.18905925751
Iteration 80 of 100: loss=2.88416171074 object_loss=0.695143699646 distance_loss=2.18901801109
Iteration 81 of 100: loss=2.92813920975 object_loss=0.73933327198 distance_loss=2.18880581856
Iteration 82 of 100: loss=3.00899600983 object_loss=0.82006919384 distance_loss=2.1889269352
Iteration 83 of 100: loss=3.06053328514 object_loss=0.871466457844 distance_loss=2.1890668869
Iteration 84 of 100: loss=3.10630273819 object_loss=0.917286574841 distance_loss=2.18901610374
Iteration 85 of 100: loss=3.04424953461 object_loss=0.855149745941 distance_loss=2.18909978867
Iteration 86 of 100: loss=3.12676143646 object_loss=0.937586188316 distance_loss=2.18917536736
Iteration 87 of 100: loss=3.10283279419 object_loss=0.913756608963 distance_loss=2.18907618523
Iteration 88 of 100: loss=3.1700630188 object_loss=0.981024861336 distance_loss=2.18903827667
Iteration 89 of 100: loss=3.1711564064 object_loss=0.981932282448 distance_loss=2.18922400475
Iteration 90 of 100: loss=3.17122793198 object_loss=0.981929302216 distance_loss=2.18929862976
Iteration 91 of 100: loss=3.16473078728 object_loss=0.975257694721 distance_loss=2.18947315216
Iteration 92 of 100: loss=3.15234899521 object_loss=0.962962269783 distance_loss=2.18938684464
Iteration 93 of 100: loss=3.16160202026 object_loss=0.971971809864 distance_loss=2.18963027
Iteration 94 of 100: loss=3.15652275085 object_loss=0.966522097588 distance_loss=2.19000053406
Iteration 95 of 100: loss=3.14366054535 object_loss=0.953480839729 distance_loss=2.19017958641
Iteration 96 of 100: loss=3.00045108795 object_loss=0.810698330402 distance_loss=2.18975281715
Iteration 97 of 100: loss=3.16954708099 object_loss=0.979607105255 distance_loss=2.18993997574
Iteration 98 of 100: loss=3.01923441887 object_loss=0.829143345356 distance_loss=2.19009113312
Iteration 99 of 100: loss=3.06688117981 object_loss=0.876718521118 distance_loss=2.19016265869
Iteration 0 of 100: loss=2.95768618584 object_loss=0.767373263836 distance_loss=2.1903128624
Iteration 1 of 100: loss=2.84977769852 object_loss=0.659413695335 distance_loss=2.19036412239
Iteration 2 of 100: loss=2.85230326653 object_loss=0.662083864212 distance_loss=2.19021940231
Iteration 3 of 100: loss=2.72641301155 object_loss=0.536130666733 distance_loss=2.19028234482
Iteration 4 of 100: loss=2.80066251755 object_loss=0.610143899918 distance_loss=2.19051861763
Iteration 5 of 100: loss=2.89381122589 object_loss=0.703167319298 distance_loss=2.19064378738
Iteration 6 of 100: loss=2.79994440079 object_loss=0.6090503335 distance_loss=2.19089412689
Iteration 7 of 100: loss=2.82829070091 object_loss=0.637211501598 distance_loss=2.19107913971
Iteration 8 of 100: loss=2.83270001411 object_loss=0.641772031784 distance_loss=2.19092798233
Iteration 9 of 100: loss=2.88005828857 object_loss=0.68875515461 distance_loss=2.19130301476
Iteration 10 of 100: loss=2.89490365982 object_loss=0.703522861004 distance_loss=2.19138073921
Iteration 11 of 100: loss=2.8483133316 object_loss=0.656771540642 distance_loss=2.19154167175
Iteration 12 of 100: loss=2.88146901131 object_loss=0.689902961254 distance_loss=2.19156599045
Iteration 13 of 100: loss=2.83833169937 object_loss=0.646495044231 distance_loss=2.19183659554
Iteration 14 of 100: loss=2.92336440086 object_loss=0.731345355511 distance_loss=2.19201898575
Iteration 15 of 100: loss=2.89815855026 object_loss=0.705941319466 distance_loss=2.19221711159
Iteration 16 of 100: loss=2.73886466026 object_loss=0.546622693539 distance_loss=2.19224190712
Iteration 17 of 100: loss=2.79600858688 object_loss=0.603800475597 distance_loss=2.19220805168
Iteration 18 of 100: loss=2.81731939316 object_loss=0.624803602695 distance_loss=2.19251585007
Iteration 19 of 100: loss=2.73471879959 object_loss=0.541973829269 distance_loss=2.19274497032
Iteration 20 of 100: loss=2.82032227516 object_loss=0.627701282501 distance_loss=2.19262099266
Iteration 21 of 100: loss=2.71222519875 object_loss=0.519686937332 distance_loss=2.19253826141
Iteration 22 of 100: loss=2.72958064079 object_loss=0.536977112293 distance_loss=2.1926035881
Iteration 23 of 100: loss=2.78725719452 object_loss=0.594670414925 distance_loss=2.19258666039
Iteration 24 of 100: loss=2.74268364906 object_loss=0.550403535366 distance_loss=2.19228005409
Iteration 25 of 100: loss=2.76706647873 object_loss=0.574991166592 distance_loss=2.19207525253
Iteration 26 of 100: loss=2.94502449036 object_loss=0.75303965807 distance_loss=2.19198489189
Iteration 27 of 100: loss=2.89081597328 object_loss=0.698869228363 distance_loss=2.19194674492
Iteration 28 of 100: loss=2.87750005722 object_loss=0.685937643051 distance_loss=2.19156241417
Iteration 29 of 100: loss=2.85158777237 object_loss=0.659942150116 distance_loss=2.19164562225
Iteration 30 of 100: loss=2.83511686325 object_loss=0.643409609795 distance_loss=2.19170713425
Iteration 31 of 100: loss=2.84782314301 object_loss=0.656132817268 distance_loss=2.19169044495
Iteration 32 of 100: loss=2.81389713287 object_loss=0.622822880745 distance_loss=2.19107413292
Iteration 33 of 100: loss=2.87911224365 object_loss=0.688060820103 distance_loss=2.19105148315
Iteration 34 of 100: loss=2.81748557091 object_loss=0.626274645329 distance_loss=2.19121098518
Iteration 35 of 100: loss=2.76686263084 object_loss=0.575672447681 distance_loss=2.19119024277
Iteration 36 of 100: loss=2.96502947807 object_loss=0.773861944675 distance_loss=2.191167593
Iteration 37 of 100: loss=3.05268764496 object_loss=0.861271858215 distance_loss=2.19141578674
Iteration 38 of 100: loss=3.07598781586 object_loss=0.884549736977 distance_loss=2.19143795967
Iteration 39 of 100: loss=3.06442570686 object_loss=0.872739553452 distance_loss=2.19168615341
Iteration 40 of 100: loss=3.18257641792 object_loss=0.990601539612 distance_loss=2.19197487831
Iteration 41 of 100: loss=3.16350269318 object_loss=0.971490859985 distance_loss=2.19201183319
Iteration 42 of 100: loss=3.28071904182 object_loss=1.08858299255 distance_loss=2.19213604927
Iteration 43 of 100: loss=3.26393985748 object_loss=1.07160568237 distance_loss=2.19233417511
Iteration 44 of 100: loss=3.29246664047 object_loss=1.10016667843 distance_loss=2.19230008125
Iteration 45 of 100: loss=3.17469000816 object_loss=0.982319295406 distance_loss=2.19237065315
Iteration 46 of 100: loss=3.21543264389 object_loss=1.02283740044 distance_loss=2.19259524345
Iteration 47 of 100: loss=3.18405818939 object_loss=0.991470098495 distance_loss=2.1925880909
Iteration 48 of 100: loss=3.17038416862 object_loss=0.977745056152 distance_loss=2.19263911247
Iteration 49 of 100: loss=3.20055580139 object_loss=1.00778973103 distance_loss=2.19276618958
Iteration 50 of 100: loss=3.55500674248 object_loss=1.36229515076 distance_loss=2.19271159172
Iteration 51 of 100: loss=3.34911632538 object_loss=1.15628373623 distance_loss=2.19283270836
Iteration 52 of 100: loss=3.2979593277 object_loss=1.10528576374 distance_loss=2.19267368317
Iteration 53 of 100: loss=3.61269950867 object_loss=1.41961717606 distance_loss=2.19308233261
Iteration 54 of 100: loss=3.45193815231 object_loss=1.25849878788 distance_loss=2.19343948364
Iteration 55 of 100: loss=3.23782062531 object_loss=1.04410862923 distance_loss=2.19371199608
Iteration 56 of 100: loss=3.25622534752 object_loss=1.06254959106 distance_loss=2.19367575645
Iteration 57 of 100: loss=3.21114397049 object_loss=1.01720499992 distance_loss=2.19393897057
Iteration 58 of 100: loss=3.32325601578 object_loss=1.12915301323 distance_loss=2.19410300255
Iteration 59 of 100: loss=3.33365774155 object_loss=1.13941764832 distance_loss=2.19424009323
Iteration 60 of 100: loss=3.38107824326 object_loss=1.18660032749 distance_loss=2.19447779655
Iteration 61 of 100: loss=3.17962002754 object_loss=0.984844267368 distance_loss=2.19477581978
Iteration 62 of 100: loss=3.27970457077 object_loss=1.0849083662 distance_loss=2.19479632378
Iteration 63 of 100: loss=3.29676294327 object_loss=1.10158622265 distance_loss=2.19517683983
Iteration 64 of 100: loss=3.21336746216 object_loss=1.01813578606 distance_loss=2.1952316761
Iteration 65 of 100: loss=3.22421455383 object_loss=1.02903318405 distance_loss=2.19518136978
Iteration 66 of 100: loss=3.24003958702 object_loss=1.04483652115 distance_loss=2.19520306587
Iteration 67 of 100: loss=3.25318050385 object_loss=1.05800950527 distance_loss=2.19517087936
Iteration 68 of 100: loss=3.48218035698 object_loss=1.28722071648 distance_loss=2.1949596405
Iteration 69 of 100: loss=3.35241174698 object_loss=1.15743172169 distance_loss=2.1949801445
Iteration 70 of 100: loss=3.23659920692 object_loss=1.04146766663 distance_loss=2.1951315403
Iteration 71 of 100: loss=3.41273975372 object_loss=1.21774578094 distance_loss=2.19499397278
Iteration 72 of 100: loss=3.48029589653 object_loss=1.28552412987 distance_loss=2.19477176666
Iteration 73 of 100: loss=3.43090891838 object_loss=1.23596262932 distance_loss=2.19494628906
Iteration 74 of 100: loss=3.51445627213 object_loss=1.31935679913 distance_loss=2.19509959221
Iteration 75 of 100: loss=3.57228946686 object_loss=1.37711524963 distance_loss=2.19517421722
Iteration 76 of 100: loss=3.49362945557 object_loss=1.29865813255 distance_loss=2.19497132301
Iteration 77 of 100: loss=3.29572343826 object_loss=1.10085976124 distance_loss=2.19486379623
Iteration 78 of 100: loss=3.44659852982 object_loss=1.25167179108 distance_loss=2.19492673874
Iteration 79 of 100: loss=3.29372239113 object_loss=1.09870123863 distance_loss=2.1950211525
Iteration 80 of 100: loss=3.3161649704 object_loss=1.12148857117 distance_loss=2.19467639923
Iteration 81 of 100: loss=3.33206987381 object_loss=1.13735854626 distance_loss=2.19471120834
Iteration 82 of 100: loss=3.29059267044 object_loss=1.09594666958 distance_loss=2.19464588165
Iteration 83 of 100: loss=3.27821683884 object_loss=1.08356714249 distance_loss=2.19464969635
Iteration 84 of 100: loss=3.14953517914 object_loss=0.95484161377 distance_loss=2.19469356537
Iteration 85 of 100: loss=3.23246359825 object_loss=1.03781890869 distance_loss=2.19464468956
Iteration 86 of 100: loss=3.25394105911 object_loss=1.05951619148 distance_loss=2.19442486763
Iteration 87 of 100: loss=3.35953235626 object_loss=1.16520643234 distance_loss=2.19432592392
Iteration 88 of 100: loss=3.33048057556 object_loss=1.13618922234 distance_loss=2.19429135323
Iteration 89 of 100: loss=3.49844360352 object_loss=1.3041716814 distance_loss=2.19427204132
Iteration 90 of 100: loss=3.42787528038 object_loss=1.23341345787 distance_loss=2.19446182251
Iteration 91 of 100: loss=3.37603521347 object_loss=1.18148219585 distance_loss=2.19455313683
Iteration 92 of 100: loss=3.30259346962 object_loss=1.10858273506 distance_loss=2.19401073456
Iteration 93 of 100: loss=3.31964254379 object_loss=1.12554836273 distance_loss=2.19409418106
Iteration 94 of 100: loss=3.28477668762 object_loss=1.09081685543 distance_loss=2.1939599514
Iteration 95 of 100: loss=3.23855757713 object_loss=1.0446870327 distance_loss=2.19387054443
Iteration 96 of 100: loss=3.2625451088 object_loss=1.06891858578 distance_loss=2.19362640381
Iteration 97 of 100: loss=3.15144300461 object_loss=0.958092451096 distance_loss=2.19335055351
Iteration 98 of 100: loss=3.20400047302 object_loss=1.01079118252 distance_loss=2.19320940971
Iteration 99 of 100: loss=3.30125904083 object_loss=1.10803210735 distance_loss=2.19322705269
Iteration 0 of 100: loss=3.25476312637 object_loss=1.06181538105 distance_loss=2.19294786453
Iteration 1 of 100: loss=3.41642141342 object_loss=1.22380137444 distance_loss=2.19262003899
Iteration 2 of 100: loss=3.41982889175 object_loss=1.22706341743 distance_loss=2.19276547432
Iteration 3 of 100: loss=3.78099155426 object_loss=1.58819234371 distance_loss=2.19279932976
Iteration 4 of 100: loss=3.47990989685 object_loss=1.28745865822 distance_loss=2.19245123863
Iteration 5 of 100: loss=3.49019193649 object_loss=1.29790532589 distance_loss=2.19228672981
Iteration 6 of 100: loss=3.55399274826 object_loss=1.36179423332 distance_loss=2.19219851494
Iteration 7 of 100: loss=3.41930651665 object_loss=1.22716760635 distance_loss=2.19213891029
Iteration 8 of 100: loss=3.28701353073 object_loss=1.09510266781 distance_loss=2.19191074371
Iteration 9 of 100: loss=3.20220947266 object_loss=1.01026141644 distance_loss=2.19194793701
Iteration 10 of 100: loss=3.13584971428 object_loss=0.943867206573 distance_loss=2.19198250771
Iteration 11 of 100: loss=3.15851640701 object_loss=0.96652585268 distance_loss=2.19199061394
Iteration 12 of 100: loss=3.06307840347 object_loss=0.87142843008 distance_loss=2.19164991379
Iteration 13 of 100: loss=2.96035790443 object_loss=0.768560826778 distance_loss=2.19179701805
Iteration 14 of 100: loss=2.89890289307 object_loss=0.707070469856 distance_loss=2.191832304
Iteration 15 of 100: loss=2.74183273315 object_loss=0.550079286098 distance_loss=2.19175338745
Iteration 16 of 100: loss=2.76922559738 object_loss=0.577765405178 distance_loss=2.1914601326
Iteration 17 of 100: loss=2.814868927 object_loss=0.623286604881 distance_loss=2.19158220291
Iteration 18 of 100: loss=2.79887008667 object_loss=0.607325136662 distance_loss=2.19154500961
Iteration 19 of 100: loss=2.79981327057 object_loss=0.608257710934 distance_loss=2.19155550003
Iteration 20 of 100: loss=2.79689407349 object_loss=0.605275452137 distance_loss=2.19161868095
Iteration 21 of 100: loss=2.87443184853 object_loss=0.682857692242 distance_loss=2.19157409668
Iteration 22 of 100: loss=3.05604314804 object_loss=0.864612281322 distance_loss=2.19143080711
Iteration 23 of 100: loss=3.11199212074 object_loss=0.92072892189 distance_loss=2.19126319885
Iteration 24 of 100: loss=3.2864716053 object_loss=1.09510850906 distance_loss=2.19136309624
Iteration 25 of 100: loss=3.42759346962 object_loss=1.23620009422 distance_loss=2.1913933754
Iteration 26 of 100: loss=3.57914948463 object_loss=1.38774871826 distance_loss=2.19140076637
Iteration 27 of 100: loss=3.63132977486 object_loss=1.44019889832 distance_loss=2.19113087654
Iteration 28 of 100: loss=3.63505148888 object_loss=1.44443869591 distance_loss=2.19061279297
Iteration 29 of 100: loss=3.80484628677 object_loss=1.61422431469 distance_loss=2.19062209129
Iteration 30 of 100: loss=3.78895282745 object_loss=1.59822046757 distance_loss=2.19073224068
Iteration 31 of 100: loss=4.06873464584 object_loss=1.87819349766 distance_loss=2.19054102898
Iteration 32 of 100: loss=3.94164705276 object_loss=1.75144588947 distance_loss=2.1902012825
Iteration 33 of 100: loss=3.95683503151 object_loss=1.76649999619 distance_loss=2.19033503532
Iteration 34 of 100: loss=3.77882456779 object_loss=1.58861780167 distance_loss=2.19020676613
Iteration 35 of 100: loss=3.89091253281 object_loss=1.70068991184 distance_loss=2.19022274017
Iteration 36 of 100: loss=3.85273504257 object_loss=1.66288340092 distance_loss=2.18985152245
Iteration 37 of 100: loss=3.69345974922 object_loss=1.50390195847 distance_loss=2.18955779076
Iteration 38 of 100: loss=3.69504380226 object_loss=1.5055410862 distance_loss=2.18950271606
Iteration 39 of 100: loss=3.75921964645 object_loss=1.56966912746 distance_loss=2.1895506382
Iteration 40 of 100: loss=3.54920387268 object_loss=1.35996425152 distance_loss=2.18923950195
Iteration 41 of 100: loss=4.69697856903 object_loss=2.50774717331 distance_loss=2.1892311573
Iteration 42 of 100: loss=4.73336219788 object_loss=2.54416632652 distance_loss=2.18919610977
Iteration 43 of 100: loss=4.46289730072 object_loss=2.27382230759 distance_loss=2.18907523155
Iteration 44 of 100: loss=4.9199385643 object_loss=2.73096656799 distance_loss=2.18897199631
Iteration 45 of 100: loss=4.7547082901 object_loss=2.56590127945 distance_loss=2.18880724907
Iteration 46 of 100: loss=3.73116874695 object_loss=1.54240071774 distance_loss=2.18876791
Iteration 47 of 100: loss=3.69458007812 object_loss=1.50568830967 distance_loss=2.18889164925
Iteration 48 of 100: loss=3.85177183151 object_loss=1.66295015812 distance_loss=2.18882155418
Iteration 49 of 100: loss=3.89360618591 object_loss=1.70466041565 distance_loss=2.18894577026
Iteration 50 of 100: loss=3.89700698853 object_loss=1.70782089233 distance_loss=2.18918609619
Iteration 51 of 100: loss=4.24448394775 object_loss=2.05496740341 distance_loss=2.18951678276
Iteration 52 of 100: loss=4.44776248932 object_loss=2.25859808922 distance_loss=2.18916416168
Iteration 53 of 100: loss=4.02164316177 object_loss=1.83243656158 distance_loss=2.18920660019
Iteration 54 of 100: loss=3.98218131065 object_loss=1.79279398918 distance_loss=2.18938732147
Iteration 55 of 100: loss=4.18835449219 object_loss=1.99888205528 distance_loss=2.18947267532
Iteration 56 of 100: loss=4.10140800476 object_loss=1.9118822813 distance_loss=2.18952584267
Iteration 57 of 100: loss=4.29583740234 object_loss=2.10636115074 distance_loss=2.18947601318
Iteration 58 of 100: loss=4.21893882751 object_loss=2.0297100544 distance_loss=2.18922901154
Iteration 59 of 100: loss=7.00937604904 object_loss=4.82025432587 distance_loss=2.18912172318
Iteration 60 of 100: loss=5.39594268799 object_loss=3.20703935623 distance_loss=2.18890309334
Iteration 61 of 100: loss=5.24724006653 object_loss=3.05870485306 distance_loss=2.18853521347
Iteration 62 of 100: loss=5.45582675934 object_loss=3.26734757423 distance_loss=2.18847942352
Iteration 63 of 100: loss=5.47972774506 object_loss=3.29094696045 distance_loss=2.18878078461
Iteration 64 of 100: loss=5.68688392639 object_loss=3.49819993973 distance_loss=2.18868374825
Iteration 65 of 100: loss=5.34860229492 object_loss=3.15970373154 distance_loss=2.18889832497
Iteration 66 of 100: loss=5.21435117722 object_loss=3.02536797523 distance_loss=2.18898320198
Iteration 67 of 100: loss=4.80266141891 object_loss=2.61356139183 distance_loss=2.18910002708
Iteration 68 of 100: loss=5.0756778717 object_loss=2.88636779785 distance_loss=2.18931031227
Iteration 69 of 100: loss=5.70940923691 object_loss=3.51968240738 distance_loss=2.18972682953
Iteration 70 of 100: loss=5.7530913353 object_loss=3.56323385239 distance_loss=2.18985748291
Iteration 71 of 100: loss=5.15768814087 object_loss=2.96755838394 distance_loss=2.19012951851
Iteration 72 of 100: loss=4.69269180298 object_loss=2.50281715393 distance_loss=2.18987464905
Iteration 73 of 100: loss=5.32027816772 object_loss=3.13029265404 distance_loss=2.18998527527
Iteration 74 of 100: loss=5.56954860687 object_loss=3.37944316864 distance_loss=2.19010543823
Iteration 75 of 100: loss=5.57598161697 object_loss=3.38595485687 distance_loss=2.1900267601
Iteration 76 of 100: loss=5.50156784058 object_loss=3.31189584732 distance_loss=2.18967175484
Iteration 77 of 100: loss=6.52852630615 object_loss=4.33875465393 distance_loss=2.1897714138
Iteration 78 of 100: loss=6.29626750946 object_loss=4.10624027252 distance_loss=2.19002747536
Iteration 79 of 100: loss=6.3829035759 object_loss=4.1927189827 distance_loss=2.1901845932
Iteration 80 of 100: loss=6.17829227448 object_loss=3.98787975311 distance_loss=2.19041252136
Iteration 81 of 100: loss=6.28539657593 object_loss=4.09506893158 distance_loss=2.19032740593
Iteration 82 of 100: loss=6.2134809494 object_loss=4.02335500717 distance_loss=2.19012570381
Iteration 83 of 100: loss=5.64435482025 object_loss=3.45436763763 distance_loss=2.1899869442
Iteration 84 of 100: loss=4.40291833878 object_loss=2.21313214302 distance_loss=2.18978619576
Iteration 85 of 100: loss=5.3587179184 object_loss=3.16911005974 distance_loss=2.18960762024
Iteration 86 of 100: loss=5.26371574402 object_loss=3.07425904274 distance_loss=2.18945646286
Iteration 87 of 100: loss=4.7348408699 object_loss=2.54562592506 distance_loss=2.18921494484
Iteration 88 of 100: loss=5.40050983429 object_loss=3.2114880085 distance_loss=2.18902206421
Iteration 89 of 100: loss=4.20209789276 object_loss=2.01293778419 distance_loss=2.18916034698
Iteration 90 of 100: loss=4.44850635529 object_loss=2.25937986374 distance_loss=2.18912672997
Iteration 91 of 100: loss=4.62338256836 object_loss=2.43440532684 distance_loss=2.1889770031
Iteration 92 of 100: loss=5.24395513535 object_loss=3.05560302734 distance_loss=2.188352108
Iteration 93 of 100: loss=5.86923503876 object_loss=3.68076729774 distance_loss=2.18846750259
Iteration 94 of 100: loss=5.51747560501 object_loss=3.32915019989 distance_loss=2.18832540512
Iteration 95 of 100: loss=4.80340099335 object_loss=2.61535549164 distance_loss=2.18804526329
Iteration 96 of 100: loss=4.67269611359 object_loss=2.4850935936 distance_loss=2.18760228157
Iteration 97 of 100: loss=5.10789489746 object_loss=2.92055559158 distance_loss=2.18733906746
Iteration 98 of 100: loss=5.57645750046 object_loss=3.38929462433 distance_loss=2.18716287613
Iteration 99 of 100: loss=5.6015381813 object_loss=3.41448879242 distance_loss=2.18704938889
Iteration 0 of 100: loss=4.79436826706 object_loss=2.60733604431 distance_loss=2.18703222275
Iteration 1 of 100: loss=5.59522819519 object_loss=3.40815758705 distance_loss=2.18707060814
Iteration 2 of 100: loss=5.91514921188 object_loss=3.72794008255 distance_loss=2.18720912933
Iteration 3 of 100: loss=6.49285316467 object_loss=4.30523061752 distance_loss=2.18762278557
Iteration 4 of 100: loss=6.24366855621 object_loss=4.05572080612 distance_loss=2.18794775009
Iteration 5 of 100: loss=7.53806972504 object_loss=5.34971189499 distance_loss=2.18835806847
Iteration 6 of 100: loss=5.1575255394 object_loss=2.96893620491 distance_loss=2.18858933449
Iteration 7 of 100: loss=4.71635627747 object_loss=2.52732896805 distance_loss=2.189027071
Iteration 8 of 100: loss=4.72548294067 object_loss=2.53622698784 distance_loss=2.18925595284
Iteration 9 of 100: loss=4.41355037689 object_loss=2.22412228584 distance_loss=2.18942809105
Iteration 10 of 100: loss=3.97226190567 object_loss=1.78247058392 distance_loss=2.18979120255
Iteration 11 of 100: loss=4.6941857338 object_loss=2.50395131111 distance_loss=2.19023442268
Iteration 12 of 100: loss=4.78368091583 object_loss=2.59343314171 distance_loss=2.19024777412
Iteration 13 of 100: loss=3.8214931488 object_loss=1.63101291656 distance_loss=2.19048023224
Iteration 14 of 100: loss=3.94605541229 object_loss=1.75528419018 distance_loss=2.19077110291
Iteration 15 of 100: loss=3.78726530075 object_loss=1.59642410278 distance_loss=2.19084119797
Iteration 16 of 100: loss=4.06481933594 object_loss=1.87377429008 distance_loss=2.19104528427
Iteration 17 of 100: loss=3.64309644699 object_loss=1.45170772076 distance_loss=2.19138884544
Iteration 18 of 100: loss=3.58733510971 object_loss=1.39566302299 distance_loss=2.19167208672
Iteration 19 of 100: loss=3.5911359787 object_loss=1.39902579784 distance_loss=2.19211006165
Iteration 20 of 100: loss=3.89693975449 object_loss=1.70463740826 distance_loss=2.19230246544
Iteration 21 of 100: loss=4.22079658508 object_loss=2.02833080292 distance_loss=2.19246578217
Iteration 22 of 100: loss=4.17206716537 object_loss=1.97947275639 distance_loss=2.19259428978
Iteration 23 of 100: loss=3.75077962875 object_loss=1.55794608593 distance_loss=2.19283366203
Iteration 24 of 100: loss=3.69976091385 object_loss=1.50701081753 distance_loss=2.19274997711
Iteration 25 of 100: loss=3.85190248489 object_loss=1.65877735615 distance_loss=2.19312500954
Iteration 26 of 100: loss=4.39024162292 object_loss=2.1972515583 distance_loss=2.1929898262
Iteration 27 of 100: loss=4.66384840012 object_loss=2.471108675 distance_loss=2.19273972511
Iteration 28 of 100: loss=4.19093084335 object_loss=1.99826335907 distance_loss=2.19266748428
Iteration 29 of 100: loss=4.20108318329 object_loss=2.00838470459 distance_loss=2.19269871712
Iteration 30 of 100: loss=4.25667381287 object_loss=2.06404209137 distance_loss=2.19263148308
Iteration 31 of 100: loss=4.71267414093 object_loss=2.51986074448 distance_loss=2.19281363487
Iteration 32 of 100: loss=5.94584989548 object_loss=3.75311470032 distance_loss=2.19273519516
Iteration 33 of 100: loss=4.64446353912 object_loss=2.45159173012 distance_loss=2.19287157059
Iteration 34 of 100: loss=4.57923316956 object_loss=2.38617229462 distance_loss=2.19306063652
Iteration 35 of 100: loss=4.70880413055 object_loss=2.51588463783 distance_loss=2.19291949272
Iteration 36 of 100: loss=4.73970794678 object_loss=2.54702711105 distance_loss=2.19268083572
Iteration 37 of 100: loss=4.72113704681 object_loss=2.52827453613 distance_loss=2.19286251068
Iteration 38 of 100: loss=4.42473125458 object_loss=2.23173713684 distance_loss=2.19299411774
Iteration 39 of 100: loss=5.79975128174 object_loss=3.60654020309 distance_loss=2.19321084023
Iteration 40 of 100: loss=7.04847621918 object_loss=4.8552775383 distance_loss=2.1931989193
Iteration 41 of 100: loss=5.76392841339 object_loss=3.57089233398 distance_loss=2.19303631783
Iteration 42 of 100: loss=6.93388462067 object_loss=4.74092721939 distance_loss=2.19295740128
Iteration 43 of 100: loss=6.57716226578 object_loss=4.3840970993 distance_loss=2.19306516647
Iteration 44 of 100: loss=8.25503349304 object_loss=6.06206178665 distance_loss=2.19297218323
Iteration 45 of 100: loss=7.85891294479 object_loss=5.66555261612 distance_loss=2.19336032867
Iteration 46 of 100: loss=7.66957759857 object_loss=5.47566080093 distance_loss=2.19391655922
Iteration 47 of 100: loss=7.11260032654 object_loss=4.91843223572 distance_loss=2.19416809082
Iteration 48 of 100: loss=7.69940185547 object_loss=5.50548934937 distance_loss=2.19391226768
Iteration 49 of 100: loss=7.74169063568 object_loss=5.54750537872 distance_loss=2.19418525696
Iteration 50 of 100: loss=8.19084835052 object_loss=5.99631023407 distance_loss=2.19453835487
Iteration 51 of 100: loss=7.76723098755 object_loss=5.57254552841 distance_loss=2.19468522072
Iteration 52 of 100: loss=7.63392162323 object_loss=5.43950986862 distance_loss=2.19441151619
Iteration 53 of 100: loss=7.25122833252 object_loss=5.05664968491 distance_loss=2.19457840919
Iteration 54 of 100: loss=8.58572673798 object_loss=6.39110660553 distance_loss=2.19461989403
Iteration 55 of 100: loss=8.83598613739 object_loss=6.64147615433 distance_loss=2.19450974464
Iteration 56 of 100: loss=8.50306987762 object_loss=6.3088145256 distance_loss=2.19425535202
Iteration 57 of 100: loss=8.31640148163 object_loss=6.12229394913 distance_loss=2.1941075325
Iteration 58 of 100: loss=7.66747951508 object_loss=5.47329521179 distance_loss=2.19418430328
Iteration 59 of 100: loss=7.99384260178 object_loss=5.79957914352 distance_loss=2.19426345825
Iteration 60 of 100: loss=9.36877441406 object_loss=7.17495632172 distance_loss=2.19381785393
Iteration 61 of 100: loss=8.55751895905 object_loss=6.36352777481 distance_loss=2.19399094582
Iteration 62 of 100: loss=8.04402065277 object_loss=5.85005331039 distance_loss=2.19396734238
Iteration 63 of 100: loss=8.17409801483 object_loss=5.97996234894 distance_loss=2.19413566589
Iteration 64 of 100: loss=7.41077184677 object_loss=5.21624612808 distance_loss=2.19452571869
Iteration 65 of 100: loss=6.81240367889 object_loss=4.61787557602 distance_loss=2.19452810287
Iteration 66 of 100: loss=6.7797293663 object_loss=4.58509731293 distance_loss=2.19463205338
Iteration 67 of 100: loss=7.22997760773 object_loss=5.03509235382 distance_loss=2.19488549232
Iteration 68 of 100: loss=8.83902931213 object_loss=6.64395141602 distance_loss=2.1950776577
Iteration 69 of 100: loss=6.54526519775 object_loss=4.34992408752 distance_loss=2.19534087181
Iteration 70 of 100: loss=6.7784614563 object_loss=4.58273601532 distance_loss=2.1957256794
Iteration 71 of 100: loss=6.47286510468 object_loss=4.27680253983 distance_loss=2.19606280327
Iteration 72 of 100: loss=6.78652572632 object_loss=4.59066152573 distance_loss=2.19586443901
Iteration 73 of 100: loss=6.69134712219 object_loss=4.49518728256 distance_loss=2.19615983963
Iteration 74 of 100: loss=7.54356479645 object_loss=5.34715652466 distance_loss=2.19640851021
Iteration 75 of 100: loss=6.48704862595 object_loss=4.29013586044 distance_loss=2.1969127655
Iteration 76 of 100: loss=6.81393623352 object_loss=4.61694049835 distance_loss=2.19699597359
Iteration 77 of 100: loss=6.9497718811 object_loss=4.7524895668 distance_loss=2.19728255272
Iteration 78 of 100: loss=8.02510929108 object_loss=5.82750606537 distance_loss=2.19760298729
Iteration 79 of 100: loss=7.89515590668 object_loss=5.69685745239 distance_loss=2.1982986927
Iteration 80 of 100: loss=6.0382194519 object_loss=3.83942627907 distance_loss=2.19879317284
Iteration 81 of 100: loss=7.8488483429 object_loss=5.64972496033 distance_loss=2.19912314415
Iteration 82 of 100: loss=8.50790786743 object_loss=6.30860280991 distance_loss=2.19930505753
Iteration 83 of 100: loss=11.5202035904 object_loss=9.32054805756 distance_loss=2.19965529442
Iteration 84 of 100: loss=9.99137496948 object_loss=7.79164075851 distance_loss=2.19973373413
Iteration 85 of 100: loss=9.05222225189 object_loss=6.85226821899 distance_loss=2.1999540329
Iteration 86 of 100: loss=10.4133043289 object_loss=8.21306037903 distance_loss=2.20024394989
Iteration 87 of 100: loss=11.6751298904 object_loss=9.47488307953 distance_loss=2.20024657249
Iteration 88 of 100: loss=11.0970983505 object_loss=8.89669418335 distance_loss=2.20040392876
Iteration 89 of 100: loss=12.0334720612 object_loss=9.83269023895 distance_loss=2.20078206062
Iteration 90 of 100: loss=12.6498298645 object_loss=10.448841095 distance_loss=2.20098900795
Iteration 91 of 100: loss=11.024315834 object_loss=8.82350635529 distance_loss=2.20080924034
Iteration 92 of 100: loss=7.95200777054 object_loss=5.75143909454 distance_loss=2.20056867599
Iteration 93 of 100: loss=8.57876014709 object_loss=6.37823152542 distance_loss=2.20052838326
Iteration 94 of 100: loss=7.5751490593 object_loss=5.37466144562 distance_loss=2.20048761368
Iteration 95 of 100: loss=10.4099121094 object_loss=8.20967006683 distance_loss=2.20024180412
Iteration 96 of 100: loss=9.04526329041 object_loss=6.84567260742 distance_loss=2.19959020615
Iteration 97 of 100: loss=7.52725887299 object_loss=5.32790517807 distance_loss=2.19935369492
Iteration 98 of 100: loss=8.13551616669 object_loss=5.93632411957 distance_loss=2.1991918087
Iteration 99 of 100: loss=9.50880908966 object_loss=7.30997419357 distance_loss=2.19883489609
Iteration 0 of 100: loss=8.90637207031 object_loss=6.70770645142 distance_loss=2.19866538048
Iteration 1 of 100: loss=10.3211612701 object_loss=8.12289333344 distance_loss=2.19826745987
Iteration 2 of 100: loss=8.20253181458 object_loss=6.00484371185 distance_loss=2.19768762589
Iteration 3 of 100: loss=8.94597053528 object_loss=6.74861526489 distance_loss=2.19735574722
Iteration 4 of 100: loss=9.61235618591 object_loss=7.41553544998 distance_loss=2.19682025909
Iteration 5 of 100: loss=8.28319549561 object_loss=6.08688020706 distance_loss=2.19631528854
Iteration 6 of 100: loss=7.40102720261 object_loss=5.20518445969 distance_loss=2.19584274292
Iteration 7 of 100: loss=7.22663497925 object_loss=5.03132724762 distance_loss=2.19530797005
Iteration 8 of 100: loss=8.24445056915 object_loss=6.0497713089 distance_loss=2.19467949867
Iteration 9 of 100: loss=7.29201793671 object_loss=5.09738922119 distance_loss=2.1946284771
Iteration 10 of 100: loss=7.07796382904 object_loss=4.88350963593 distance_loss=2.19445443153
Iteration 11 of 100: loss=6.75966644287 object_loss=4.5653796196 distance_loss=2.19428706169
Iteration 12 of 100: loss=6.90862941742 object_loss=4.7145524025 distance_loss=2.19407725334
Iteration 13 of 100: loss=7.39577388763 object_loss=5.20151376724 distance_loss=2.19426035881
Iteration 14 of 100: loss=6.6514415741 object_loss=4.45712661743 distance_loss=2.19431519508
Iteration 15 of 100: loss=6.72568321228 object_loss=4.53123521805 distance_loss=2.19444775581
Iteration 16 of 100: loss=6.5189781189 object_loss=4.3249578476 distance_loss=2.19402050972
Iteration 17 of 100: loss=6.95969390869 object_loss=4.76577091217 distance_loss=2.1939227581
Iteration 18 of 100: loss=7.09711265564 object_loss=4.90296602249 distance_loss=2.19414687157
Iteration 19 of 100: loss=6.74770736694 object_loss=4.55343437195 distance_loss=2.194272995
Iteration 20 of 100: loss=8.43452644348 object_loss=6.24040842056 distance_loss=2.19411849976
Iteration 21 of 100: loss=7.54902458191 object_loss=5.35498142242 distance_loss=2.19404315948
Iteration 22 of 100: loss=7.38317108154 object_loss=5.18910741806 distance_loss=2.1940639019
Iteration 23 of 100: loss=6.37343406677 object_loss=4.17932367325 distance_loss=2.19411015511
Iteration 24 of 100: loss=6.21852254868 object_loss=4.02430868149 distance_loss=2.19421386719
Iteration 25 of 100: loss=6.39270114899 object_loss=4.19856882095 distance_loss=2.19413256645
Iteration 26 of 100: loss=6.33115816116 object_loss=4.13698148727 distance_loss=2.19417667389
Iteration 27 of 100: loss=5.79674530029 object_loss=3.60256624222 distance_loss=2.19417929649
Iteration 28 of 100: loss=5.5632185936 object_loss=3.36922740936 distance_loss=2.19399118423
Iteration 29 of 100: loss=5.65345048904 object_loss=3.45950436592 distance_loss=2.19394612312
Iteration 30 of 100: loss=6.51253318787 object_loss=4.31850004196 distance_loss=2.19403338432
Iteration 31 of 100: loss=6.53540802002 object_loss=4.34137058258 distance_loss=2.19403743744
Iteration 32 of 100: loss=6.60942459106 object_loss=4.41594982147 distance_loss=2.19347453117
Iteration 33 of 100: loss=7.76975536346 object_loss=5.576192379 distance_loss=2.19356322289
Iteration 34 of 100: loss=7.42964553833 object_loss=5.23624515533 distance_loss=2.19340014458
Iteration 35 of 100: loss=7.96150112152 object_loss=5.76822757721 distance_loss=2.19327378273
Iteration 36 of 100: loss=7.43141460419 object_loss=5.23842048645 distance_loss=2.19299387932
Iteration 37 of 100: loss=7.0246181488 object_loss=4.83183860779 distance_loss=2.1927793026
Iteration 38 of 100: loss=7.48125219345 object_loss=5.28893899918 distance_loss=2.19231319427
Iteration 39 of 100: loss=6.1127614975 object_loss=3.92077040672 distance_loss=2.19199085236
Iteration 40 of 100: loss=5.38272476196 object_loss=3.19094467163 distance_loss=2.19178009033
Iteration 41 of 100: loss=5.35118961334 object_loss=3.15971469879 distance_loss=2.19147515297
Iteration 42 of 100: loss=4.87307071686 object_loss=2.68172597885 distance_loss=2.19134497643
Iteration 43 of 100: loss=5.17792224884 object_loss=2.98654437065 distance_loss=2.19137763977
Iteration 44 of 100: loss=5.55050754547 object_loss=3.35935330391 distance_loss=2.19115447998
Iteration 45 of 100: loss=5.19476175308 object_loss=3.00351452827 distance_loss=2.19124722481
Iteration 46 of 100: loss=4.89558458328 object_loss=2.70420265198 distance_loss=2.1913819313
Iteration 47 of 100: loss=5.58199214935 object_loss=3.39026021957 distance_loss=2.1917321682
Iteration 48 of 100: loss=6.54901409149 object_loss=4.35697317123 distance_loss=2.19204092026
Iteration 49 of 100: loss=5.25345993042 object_loss=3.06092357635 distance_loss=2.19253659248
Iteration 50 of 100: loss=5.53687763214 object_loss=3.34405136108 distance_loss=2.19282603264
Iteration 51 of 100: loss=5.73853492737 object_loss=3.5454044342 distance_loss=2.19313025475
Iteration 52 of 100: loss=6.36891555786 object_loss=4.17584276199 distance_loss=2.19307303429
Iteration 53 of 100: loss=6.93052387238 object_loss=4.73715782166 distance_loss=2.19336628914
Iteration 54 of 100: loss=6.03954696655 object_loss=3.84573960304 distance_loss=2.19380760193
Iteration 55 of 100: loss=6.82119941711 object_loss=4.62723970413 distance_loss=2.19395971298
Iteration 56 of 100: loss=6.45799827576 object_loss=4.26435661316 distance_loss=2.19364142418
Iteration 57 of 100: loss=6.65833902359 object_loss=4.46483325958 distance_loss=2.19350576401
Iteration 58 of 100: loss=5.83767938614 object_loss=3.64408040047 distance_loss=2.19359898567
Iteration 59 of 100: loss=6.22637557983 object_loss=4.03265523911 distance_loss=2.19372010231
Iteration 60 of 100: loss=6.64502811432 object_loss=4.45126199722 distance_loss=2.19376587868
Iteration 61 of 100: loss=7.50747871399 object_loss=5.31351995468 distance_loss=2.19395875931
Iteration 62 of 100: loss=7.30617856979 object_loss=5.11229085922 distance_loss=2.19388771057
Iteration 63 of 100: loss=7.16958332062 object_loss=4.97548866272 distance_loss=2.1940946579
Iteration 64 of 100: loss=7.14084625244 object_loss=4.9466509819 distance_loss=2.19419527054
Iteration 65 of 100: loss=6.95153236389 object_loss=4.7573261261 distance_loss=2.19420647621
Iteration 66 of 100: loss=6.37085342407 object_loss=4.17667484283 distance_loss=2.19417858124
Iteration 67 of 100: loss=6.41315746307 object_loss=4.21912384033 distance_loss=2.19403386116
Iteration 68 of 100: loss=5.4299249649 object_loss=3.23644518852 distance_loss=2.19347977638
Iteration 69 of 100: loss=5.16422271729 object_loss=2.97085189819 distance_loss=2.19337105751
Iteration 70 of 100: loss=5.16007709503 object_loss=2.96664190292 distance_loss=2.19343543053
Iteration 71 of 100: loss=6.52338790894 object_loss=4.32999372482 distance_loss=2.19339394569
Iteration 72 of 100: loss=6.44464683533 object_loss=4.25145864487 distance_loss=2.19318819046
Iteration 73 of 100: loss=6.63129520416 object_loss=4.43777322769 distance_loss=2.19352173805
Iteration 74 of 100: loss=6.15721082687 object_loss=3.96383309364 distance_loss=2.19337773323
Iteration 75 of 100: loss=6.41220664978 object_loss=4.21889734268 distance_loss=2.1933093071
Iteration 76 of 100: loss=6.54316711426 object_loss=4.34988355637 distance_loss=2.19328355789
Iteration 77 of 100: loss=7.04132938385 object_loss=4.84813165665 distance_loss=2.1931977272
Iteration 78 of 100: loss=6.95636081696 object_loss=4.76295375824 distance_loss=2.19340729713
Iteration 79 of 100: loss=7.38590764999 object_loss=5.19243526459 distance_loss=2.19347238541
Iteration 80 of 100: loss=8.19177246094 object_loss=5.99856424332 distance_loss=2.19320774078
Iteration 81 of 100: loss=8.31192398071 object_loss=6.1187915802 distance_loss=2.19313192368
Iteration 82 of 100: loss=7.21493816376 object_loss=5.02169418335 distance_loss=2.19324421883
Iteration 83 of 100: loss=7.95367717743 object_loss=5.76052713394 distance_loss=2.19314980507
Iteration 84 of 100: loss=6.40093851089 object_loss=4.20799684525 distance_loss=2.19294166565
Iteration 85 of 100: loss=5.93516731262 object_loss=3.74241733551 distance_loss=2.19274997711
Iteration 86 of 100: loss=6.18720245361 object_loss=3.99458670616 distance_loss=2.19261598587
Iteration 87 of 100: loss=6.02026510239 object_loss=3.8276219368 distance_loss=2.19264316559
Iteration 88 of 100: loss=5.44923019409 object_loss=3.25700330734 distance_loss=2.19222712517
Iteration 89 of 100: loss=6.44805908203 object_loss=4.25593280792 distance_loss=2.19212651253
Iteration 90 of 100: loss=6.55453872681 object_loss=4.36248826981 distance_loss=2.192050457
Iteration 91 of 100: loss=6.20340442657 object_loss=4.01156139374 distance_loss=2.19184327126
Iteration 92 of 100: loss=6.74046182632 object_loss=4.54932928085 distance_loss=2.19113254547
Iteration 93 of 100: loss=7.49255561829 object_loss=5.30134868622 distance_loss=2.19120717049
Iteration 94 of 100: loss=6.76412773132 object_loss=4.57296514511 distance_loss=2.19116258621
Iteration 95 of 100: loss=6.78180170059 object_loss=4.59102487564 distance_loss=2.19077682495
Iteration 96 of 100: loss=6.81828117371 object_loss=4.62777996063 distance_loss=2.19050097466
Iteration 97 of 100: loss=8.01825046539 object_loss=5.82758378983 distance_loss=2.19066667557
Iteration 98 of 100: loss=6.70178937912 object_loss=4.51098871231 distance_loss=2.19080066681
Iteration 99 of 100: loss=10.8691329956 object_loss=8.67819023132 distance_loss=2.19094324112
Iteration 0 of 100: loss=10.3712968826 object_loss=8.18036365509 distance_loss=2.19093322754
Iteration 1 of 100: loss=9.17499446869 object_loss=6.98425865173 distance_loss=2.19073605537
Iteration 2 of 100: loss=8.69565868378 object_loss=6.50502729416 distance_loss=2.19063162804
Iteration 3 of 100: loss=8.32070827484 object_loss=6.13000392914 distance_loss=2.1907043457
Iteration 4 of 100: loss=8.44813537598 object_loss=6.2575135231 distance_loss=2.19062209129
Iteration 5 of 100: loss=9.60633659363 object_loss=7.41569709778 distance_loss=2.19063997269
Iteration 6 of 100: loss=10.3986158371 object_loss=8.20807552338 distance_loss=2.1905400753
Iteration 7 of 100: loss=10.5413064957 object_loss=8.35084342957 distance_loss=2.1904630661
Iteration 8 of 100: loss=9.96216964722 object_loss=7.77169418335 distance_loss=2.19047570229
Iteration 9 of 100: loss=9.87342453003 object_loss=7.68318223953 distance_loss=2.19024276733
Iteration 10 of 100: loss=10.078619957 object_loss=7.88845777512 distance_loss=2.19016218185
Iteration 11 of 100: loss=11.3430376053 object_loss=9.15291690826 distance_loss=2.19012093544
Iteration 12 of 100: loss=11.307466507 object_loss=9.11771297455 distance_loss=2.18975377083
Iteration 13 of 100: loss=10.8394908905 object_loss=8.64971446991 distance_loss=2.18977618217
Iteration 14 of 100: loss=11.0873203278 object_loss=8.8975725174 distance_loss=2.18974781036
Iteration 15 of 100: loss=10.8571863174 object_loss=8.66737174988 distance_loss=2.18981456757
Iteration 16 of 100: loss=9.34034538269 object_loss=7.15106105804 distance_loss=2.18928432465
Iteration 17 of 100: loss=8.78953552246 object_loss=6.60041427612 distance_loss=2.1891207695
Iteration 18 of 100: loss=10.0813331604 object_loss=7.89236831665 distance_loss=2.18896460533
Iteration 19 of 100: loss=8.75182628632 object_loss=6.56287145615 distance_loss=2.18895483017
Iteration 20 of 100: loss=6.92990684509 object_loss=4.74093103409 distance_loss=2.18897604942
Iteration 21 of 100: loss=6.2717962265 object_loss=4.08282089233 distance_loss=2.18897509575
Iteration 22 of 100: loss=7.17454051971 object_loss=4.98559999466 distance_loss=2.18894052505
Iteration 23 of 100: loss=6.2795124054 object_loss=4.09039735794 distance_loss=2.18911504745
Iteration 24 of 100: loss=7.48028087616 object_loss=5.29100370407 distance_loss=2.18927693367
Iteration 25 of 100: loss=6.50388240814 object_loss=4.31440019608 distance_loss=2.18948197365
Iteration 26 of 100: loss=8.29963779449 object_loss=6.10981082916 distance_loss=2.18982672691
Iteration 27 of 100: loss=7.41362857819 object_loss=5.22358369827 distance_loss=2.19004487991
Iteration 28 of 100: loss=6.42553901672 object_loss=4.23566532135 distance_loss=2.18987345695
Iteration 29 of 100: loss=5.43712329865 object_loss=3.24699306488 distance_loss=2.19013023376
Iteration 30 of 100: loss=6.12210512161 object_loss=3.9318010807 distance_loss=2.19030404091
Iteration 31 of 100: loss=7.04140281677 object_loss=4.85117673874 distance_loss=2.19022607803
Iteration 32 of 100: loss=7.25358867645 object_loss=5.06366634369 distance_loss=2.18992257118
Iteration 33 of 100: loss=6.48384189606 object_loss=4.29387283325 distance_loss=2.18996930122
Iteration 34 of 100: loss=8.31366062164 object_loss=6.12361335754 distance_loss=2.19004750252
Iteration 35 of 100: loss=6.88621425629 object_loss=4.69640016556 distance_loss=2.18981409073
Iteration 36 of 100: loss=7.23368930817 object_loss=5.04429578781 distance_loss=2.18939375877
Iteration 37 of 100: loss=6.71637010574 object_loss=4.52705383301 distance_loss=2.18931627274
Iteration 38 of 100: loss=6.7190656662 object_loss=4.52977180481 distance_loss=2.18929409981
Iteration 39 of 100: loss=6.89893245697 object_loss=4.7094078064 distance_loss=2.18952488899
Iteration 40 of 100: loss=6.2903547287 object_loss=4.10071134567 distance_loss=2.18964362144
Iteration 41 of 100: loss=4.91026878357 object_loss=2.72044229507 distance_loss=2.18982625008
Iteration 42 of 100: loss=6.15353441238 object_loss=3.96349167824 distance_loss=2.19004273415
Iteration 43 of 100: loss=5.83023929596 object_loss=3.63997292519 distance_loss=2.19026660919
Iteration 44 of 100: loss=6.15405368805 object_loss=3.9636952877 distance_loss=2.19035816193
Iteration 45 of 100: loss=6.24939060211 object_loss=4.0589761734 distance_loss=2.19041419029
Iteration 46 of 100: loss=6.46879673004 object_loss=4.27848100662 distance_loss=2.19031572342
Iteration 47 of 100: loss=7.10842943192 object_loss=4.91842412949 distance_loss=2.19000530243
Iteration 48 of 100: loss=7.41073226929 object_loss=5.22104167938 distance_loss=2.1896905899
Iteration 49 of 100: loss=6.80562019348 object_loss=4.61613512039 distance_loss=2.18948483467
Iteration 50 of 100: loss=5.64621353149 object_loss=3.45678067207 distance_loss=2.189432621
Iteration 51 of 100: loss=5.11256408691 object_loss=2.92326545715 distance_loss=2.18929839134
Iteration 52 of 100: loss=5.44529533386 object_loss=3.25673174858 distance_loss=2.18856334686
Iteration 53 of 100: loss=5.67264413834 object_loss=3.48421478271 distance_loss=2.18842935562
Iteration 54 of 100: loss=6.08938694 object_loss=3.90121221542 distance_loss=2.18817448616
Iteration 55 of 100: loss=5.40184593201 object_loss=3.21409535408 distance_loss=2.18775081635
Iteration 56 of 100: loss=5.45348596573 object_loss=3.26624584198 distance_loss=2.18724012375
Iteration 57 of 100: loss=5.35555267334 object_loss=3.16841983795 distance_loss=2.18713307381
Iteration 58 of 100: loss=4.65179586411 object_loss=2.46499919891 distance_loss=2.18679666519
Iteration 59 of 100: loss=4.23270225525 object_loss=2.0458548069 distance_loss=2.18684720993
Iteration 60 of 100: loss=4.46673202515 object_loss=2.27999067307 distance_loss=2.1867415905
Iteration 61 of 100: loss=4.79771852493 object_loss=2.61135625839 distance_loss=2.18636226654
Iteration 62 of 100: loss=4.78570842743 object_loss=2.59921550751 distance_loss=2.18649315834
Iteration 63 of 100: loss=5.00621271133 object_loss=2.81949543953 distance_loss=2.1867172718
Iteration 64 of 100: loss=4.93554401398 object_loss=2.7491710186 distance_loss=2.1863732338
Iteration 65 of 100: loss=4.11364173889 object_loss=1.92755448818 distance_loss=2.18608736992
Iteration 66 of 100: loss=4.89573144913 object_loss=2.70977282524 distance_loss=2.18595862389
Iteration 67 of 100: loss=5.4778213501 object_loss=3.29225277901 distance_loss=2.18556880951
Iteration 68 of 100: loss=5.49795293808 object_loss=3.3124294281 distance_loss=2.18552350998
Iteration 69 of 100: loss=5.51725530624 object_loss=3.33152556419 distance_loss=2.18572974205
Iteration 70 of 100: loss=4.47726535797 object_loss=2.29161071777 distance_loss=2.18565487862
Iteration 71 of 100: loss=4.75656986237 object_loss=2.57071208954 distance_loss=2.18585801125
Iteration 72 of 100: loss=4.69549417496 object_loss=2.50970482826 distance_loss=2.18578934669
Iteration 73 of 100: loss=4.12649726868 object_loss=1.94057965279 distance_loss=2.18591737747
Iteration 74 of 100: loss=4.41614437103 object_loss=2.23019456863 distance_loss=2.18594956398
Iteration 75 of 100: loss=4.52105522156 object_loss=2.33516025543 distance_loss=2.18589496613
Iteration 76 of 100: loss=5.24231815338 object_loss=3.05676746368 distance_loss=2.1855506897
Iteration 77 of 100: loss=4.61379241943 object_loss=2.42779707909 distance_loss=2.18599534035
Iteration 78 of 100: loss=4.9489274025 object_loss=2.76285338402 distance_loss=2.18607401848
Iteration 79 of 100: loss=5.17060375214 object_loss=2.9843711853 distance_loss=2.18623232841
Iteration 80 of 100: loss=5.944688797 object_loss=3.75821828842 distance_loss=2.18647027016
Iteration 81 of 100: loss=6.01669311523 object_loss=3.83007097244 distance_loss=2.18662214279
Iteration 82 of 100: loss=5.52333116531 object_loss=3.33648347855 distance_loss=2.18684768677
Iteration 83 of 100: loss=6.30279064178 object_loss=4.11546945572 distance_loss=2.18732142448
Iteration 84 of 100: loss=6.05409812927 object_loss=3.86607789993 distance_loss=2.18802022934
Iteration 85 of 100: loss=5.0747385025 object_loss=2.88629961014 distance_loss=2.18843865395
Iteration 86 of 100: loss=6.48839569092 object_loss=4.29965400696 distance_loss=2.18874192238
Iteration 87 of 100: loss=5.49533033371 object_loss=3.30640292168 distance_loss=2.18892741203
Iteration 88 of 100: loss=7.79666852951 object_loss=5.60768651962 distance_loss=2.18898200989
Iteration 89 of 100: loss=9.02470111847 object_loss=6.83555221558 distance_loss=2.18914890289
Iteration 90 of 100: loss=7.94110202789 object_loss=5.75180149078 distance_loss=2.18930029869
Iteration 91 of 100: loss=7.90512752533 object_loss=5.71563911438 distance_loss=2.18948864937
Iteration 92 of 100: loss=9.08038234711 object_loss=6.89096879959 distance_loss=2.18941354752
Iteration 93 of 100: loss=7.05340194702 object_loss=4.86373090744 distance_loss=2.18967080116
Iteration 94 of 100: loss=6.61726951599 object_loss=4.42735481262 distance_loss=2.18991470337
Iteration 95 of 100: loss=6.37224674225 object_loss=4.18216514587 distance_loss=2.19008159637
Iteration 96 of 100: loss=6.47078323364 object_loss=4.28081417084 distance_loss=2.18996930122
Iteration 97 of 100: loss=5.47759246826 object_loss=3.2877240181 distance_loss=2.18986845016
Iteration 98 of 100: loss=6.18762683868 object_loss=3.99727249146 distance_loss=2.19035434723
Iteration 99 of 100: loss=6.11763238907 object_loss=3.92682695389 distance_loss=2.19080543518
Iteration 0 of 100: loss=5.85343551636 object_loss=3.66273069382 distance_loss=2.19070506096
Iteration 1 of 100: loss=5.93507957458 object_loss=3.74432373047 distance_loss=2.1907556057
Iteration 2 of 100: loss=5.62013101578 object_loss=3.42910909653 distance_loss=2.19102191925
Iteration 3 of 100: loss=5.328977108 object_loss=3.13777756691 distance_loss=2.19119954109
Iteration 4 of 100: loss=5.82202911377 object_loss=3.63085484505 distance_loss=2.1911740303
Iteration 5 of 100: loss=5.54887914658 object_loss=3.35751223564 distance_loss=2.19136691093
Iteration 6 of 100: loss=5.70691204071 object_loss=3.5154607296 distance_loss=2.19145154953
Iteration 7 of 100: loss=6.27407646179 object_loss=4.08256959915 distance_loss=2.19150686264
Iteration 8 of 100: loss=7.0692782402 object_loss=4.87783813477 distance_loss=2.19144010544
Iteration 9 of 100: loss=5.84534168243 object_loss=3.65378332138 distance_loss=2.19155812263
Iteration 10 of 100: loss=6.38049983978 object_loss=4.18867683411 distance_loss=2.19182300568
Iteration 11 of 100: loss=5.40930652618 object_loss=3.21724653244 distance_loss=2.19205975533
Iteration 12 of 100: loss=4.99075889587 object_loss=2.79904460907 distance_loss=2.1917142868
Iteration 13 of 100: loss=5.27529430389 object_loss=3.08330130577 distance_loss=2.19199323654
Iteration 14 of 100: loss=5.38924217224 object_loss=3.19713711739 distance_loss=2.19210481644
Iteration 15 of 100: loss=5.10465764999 object_loss=2.9125213623 distance_loss=2.19213628769
Iteration 16 of 100: loss=5.136510849 object_loss=2.94439840317 distance_loss=2.19211268425
Iteration 17 of 100: loss=5.91649246216 object_loss=3.72446417809 distance_loss=2.19202852249
Iteration 18 of 100: loss=5.6227645874 object_loss=3.43085980415 distance_loss=2.19190454483
Iteration 19 of 100: loss=5.2440199852 object_loss=3.05227327347 distance_loss=2.19174671173
Iteration 20 of 100: loss=5.04893875122 object_loss=2.85729598999 distance_loss=2.19164252281
Iteration 21 of 100: loss=4.86038589478 object_loss=2.66912174225 distance_loss=2.19126391411
Iteration 22 of 100: loss=4.58478689194 object_loss=2.3936715126 distance_loss=2.19111537933
Iteration 23 of 100: loss=4.77858924866 object_loss=2.58754587173 distance_loss=2.1910431385
Iteration 24 of 100: loss=4.73831748962 object_loss=2.54749965668 distance_loss=2.19081807137
Iteration 25 of 100: loss=5.14487361908 object_loss=2.95403766632 distance_loss=2.19083619118
Iteration 26 of 100: loss=4.72710132599 object_loss=2.53632616997 distance_loss=2.1907749176
Iteration 27 of 100: loss=4.75008201599 object_loss=2.55956363678 distance_loss=2.19051861763
Iteration 28 of 100: loss=5.1898598671 object_loss=2.99965763092 distance_loss=2.19020223618
Iteration 29 of 100: loss=4.35280704498 object_loss=2.16258955002 distance_loss=2.19021773338
Iteration 30 of 100: loss=4.90643167496 object_loss=2.71632480621 distance_loss=2.19010686874
Iteration 31 of 100: loss=4.81476974487 object_loss=2.62465858459 distance_loss=2.19011092186
Iteration 32 of 100: loss=4.79891967773 object_loss=2.60932064056 distance_loss=2.18959879875
Iteration 33 of 100: loss=5.84306430817 object_loss=3.65340781212 distance_loss=2.18965625763
Iteration 34 of 100: loss=4.65018081665 object_loss=2.46060347557 distance_loss=2.18957710266
Iteration 35 of 100: loss=3.76113510132 object_loss=1.5719769001 distance_loss=2.18915820122
Iteration 36 of 100: loss=4.3339176178 object_loss=2.14540195465 distance_loss=2.18851542473
Iteration 37 of 100: loss=4.25579452515 object_loss=2.06727766991 distance_loss=2.18851661682
Iteration 38 of 100: loss=4.76746082306 object_loss=2.57883071899 distance_loss=2.18863010406
Iteration 39 of 100: loss=4.8905620575 object_loss=2.70188999176 distance_loss=2.18867230415
Iteration 40 of 100: loss=4.69341564178 object_loss=2.50444793701 distance_loss=2.18896770477
Iteration 41 of 100: loss=4.00272226334 object_loss=1.8135613203 distance_loss=2.18916082382
Iteration 42 of 100: loss=4.1969742775 object_loss=2.00756454468 distance_loss=2.18940973282
Iteration 43 of 100: loss=4.58678340912 object_loss=2.39707422256 distance_loss=2.18970942497
Iteration 44 of 100: loss=4.42559242249 object_loss=2.23557496071 distance_loss=2.19001746178
Iteration 45 of 100: loss=4.16856050491 object_loss=1.9784321785 distance_loss=2.19012832642
Iteration 46 of 100: loss=4.63992977142 object_loss=2.44966125488 distance_loss=2.19026851654
Iteration 47 of 100: loss=4.11346244812 object_loss=1.92314469814 distance_loss=2.19031786919
Iteration 48 of 100: loss=4.56808948517 object_loss=2.37773108482 distance_loss=2.19035840034
Iteration 49 of 100: loss=4.88698768616 object_loss=2.69631123543 distance_loss=2.19067621231
Iteration 50 of 100: loss=4.33784675598 object_loss=2.14685678482 distance_loss=2.19099020958
Iteration 51 of 100: loss=3.89562940598 object_loss=1.70448362827 distance_loss=2.19114589691
Iteration 52 of 100: loss=3.66450500488 object_loss=1.47332513332 distance_loss=2.19117999077
Iteration 53 of 100: loss=3.75594687462 object_loss=1.56460356712 distance_loss=2.1913433075
Iteration 54 of 100: loss=3.76172542572 object_loss=1.57025492191 distance_loss=2.19147062302
Iteration 55 of 100: loss=3.68658828735 object_loss=1.49490404129 distance_loss=2.19168424606
Iteration 56 of 100: loss=4.1302189827 object_loss=1.93874645233 distance_loss=2.19147253036
Iteration 57 of 100: loss=3.8165268898 object_loss=1.62500059605 distance_loss=2.19152641296
Iteration 58 of 100: loss=3.54322052002 object_loss=1.35153663158 distance_loss=2.19168376923
Iteration 59 of 100: loss=3.88529729843 object_loss=1.69344806671 distance_loss=2.19184923172
Iteration 60 of 100: loss=3.80942821503 object_loss=1.61774778366 distance_loss=2.19168043137
Iteration 61 of 100: loss=4.96917438507 object_loss=2.77741336823 distance_loss=2.19176101685
Iteration 62 of 100: loss=5.22532463074 object_loss=3.03371095657 distance_loss=2.19161367416
Iteration 63 of 100: loss=5.22158432007 object_loss=3.03007698059 distance_loss=2.19150733948
Iteration 64 of 100: loss=5.19762134552 object_loss=3.00641775131 distance_loss=2.19120383263
Iteration 65 of 100: loss=3.74794483185 object_loss=1.55710017681 distance_loss=2.19084477425
Iteration 66 of 100: loss=4.55785083771 object_loss=2.36723279953 distance_loss=2.19061779976
Iteration 67 of 100: loss=4.77352523804 object_loss=2.5829744339 distance_loss=2.19055104256
Iteration 68 of 100: loss=4.40711307526 object_loss=2.21699810028 distance_loss=2.19011497498
Iteration 69 of 100: loss=4.45125579834 object_loss=2.2612247467 distance_loss=2.19003081322
Iteration 70 of 100: loss=3.65704536438 object_loss=1.46691632271 distance_loss=2.19012904167
Iteration 71 of 100: loss=3.96481227875 object_loss=1.77484023571 distance_loss=2.18997216225
Iteration 72 of 100: loss=3.94001340866 object_loss=1.7506030798 distance_loss=2.18941020966
Iteration 73 of 100: loss=4.27541399002 object_loss=2.08604383469 distance_loss=2.18937015533
Iteration 74 of 100: loss=4.68152713776 object_loss=2.49223279953 distance_loss=2.18929433823
Iteration 75 of 100: loss=4.38423490524 object_loss=2.19517374039 distance_loss=2.18906116486
Iteration 76 of 100: loss=4.38394832611 object_loss=2.19516897202 distance_loss=2.18877911568
Iteration 77 of 100: loss=4.30244779587 object_loss=2.11395955086 distance_loss=2.18848824501
Iteration 78 of 100: loss=4.92127752304 object_loss=2.73271417618 distance_loss=2.18856334686
Iteration 79 of 100: loss=5.28459835052 object_loss=3.09600520134 distance_loss=2.18859291077
Iteration 80 of 100: loss=6.41031742096 object_loss=4.22180891037 distance_loss=2.18850827217
Iteration 81 of 100: loss=5.95693635941 object_loss=3.76850605011 distance_loss=2.1884303093
Iteration 82 of 100: loss=6.11873912811 object_loss=3.93022251129 distance_loss=2.18851661682
Iteration 83 of 100: loss=4.94326114655 object_loss=2.7543888092 distance_loss=2.18887209892
Iteration 84 of 100: loss=6.57699584961 object_loss=4.38806915283 distance_loss=2.1889269352
Iteration 85 of 100: loss=7.42923641205 object_loss=5.24011611938 distance_loss=2.18912029266
Iteration 86 of 100: loss=7.20737934113 object_loss=5.01812124252 distance_loss=2.18925786018
Iteration 87 of 100: loss=6.17209434509 object_loss=3.98274445534 distance_loss=2.18934988976
Iteration 88 of 100: loss=6.2511844635 object_loss=4.0617108345 distance_loss=2.18947339058
Iteration 89 of 100: loss=5.91836500168 object_loss=3.72855758667 distance_loss=2.18980741501
Iteration 90 of 100: loss=4.04797554016 object_loss=1.85817825794 distance_loss=2.18979740143
Iteration 91 of 100: loss=4.12634849548 object_loss=1.93649280071 distance_loss=2.18985581398
Iteration 92 of 100: loss=4.49181556702 object_loss=2.30197739601 distance_loss=2.18983793259
Iteration 93 of 100: loss=4.67781734467 object_loss=2.48781442642 distance_loss=2.19000267982
Iteration 94 of 100: loss=4.68665599823 object_loss=2.49654459953 distance_loss=2.1901113987
Iteration 95 of 100: loss=4.38134288788 object_loss=2.19103431702 distance_loss=2.19030880928
Iteration 96 of 100: loss=4.01832294464 object_loss=1.82815003395 distance_loss=2.19017291069
Iteration 97 of 100: loss=4.29118204117 object_loss=2.10074162483 distance_loss=2.19044041634
Iteration 98 of 100: loss=4.01298475266 object_loss=1.82253921032 distance_loss=2.19044542313
Iteration 99 of 100: loss=4.06965017319 object_loss=1.87935113907 distance_loss=2.19029903412
Iteration 0 of 100: loss=3.57182073593 object_loss=1.38162219524 distance_loss=2.1901986599
Iteration 1 of 100: loss=3.79838132858 object_loss=1.60822331905 distance_loss=2.19015789032
Iteration 2 of 100: loss=3.91399383545 object_loss=1.72395968437 distance_loss=2.19003415108
Iteration 3 of 100: loss=3.34140443802 object_loss=1.15129387379 distance_loss=2.19011044502
Iteration 4 of 100: loss=3.10670876503 object_loss=0.916685402393 distance_loss=2.19002342224
Iteration 5 of 100: loss=3.14260840416 object_loss=0.952551186085 distance_loss=2.19005727768
Iteration 6 of 100: loss=3.03465938568 object_loss=0.844310879707 distance_loss=2.19034838676
Iteration 7 of 100: loss=2.80259275436 object_loss=0.612208008766 distance_loss=2.19038462639
Iteration 8 of 100: loss=2.73519277573 object_loss=0.545203030109 distance_loss=2.18998980522
Iteration 9 of 100: loss=2.64181542397 object_loss=0.451776564121 distance_loss=2.19003891945
Iteration 10 of 100: loss=2.62805247307 object_loss=0.437811791897 distance_loss=2.19024062157
Iteration 11 of 100: loss=2.69531583786 object_loss=0.505100727081 distance_loss=2.19021511078
Iteration 12 of 100: loss=2.6707906723 object_loss=0.480835437775 distance_loss=2.18995523453
Iteration 13 of 100: loss=2.6394507885 object_loss=0.449215173721 distance_loss=2.19023561478
Iteration 14 of 100: loss=2.72700190544 object_loss=0.536873102188 distance_loss=2.19012880325
Iteration 15 of 100: loss=2.70696783066 object_loss=0.516891658306 distance_loss=2.19007611275
Iteration 16 of 100: loss=2.70414853096 object_loss=0.514271199703 distance_loss=2.18987727165
Iteration 17 of 100: loss=2.73693013191 object_loss=0.547219753265 distance_loss=2.18971037865
Iteration 18 of 100: loss=2.76098251343 object_loss=0.571290612221 distance_loss=2.189691782
Iteration 19 of 100: loss=2.761033535 object_loss=0.571267426014 distance_loss=2.18976616859
Iteration 20 of 100: loss=2.68806934357 object_loss=0.498497843742 distance_loss=2.18957161903
Iteration 21 of 100: loss=2.69526982307 object_loss=0.505641460419 distance_loss=2.18962836266
Iteration 22 of 100: loss=2.68913722038 object_loss=0.499505728483 distance_loss=2.1896314621
Iteration 23 of 100: loss=2.68085074425 object_loss=0.491174757481 distance_loss=2.18967604637
Iteration 24 of 100: loss=2.68411755562 object_loss=0.494371414185 distance_loss=2.18974614143
Iteration 25 of 100: loss=2.7576417923 object_loss=0.567855596542 distance_loss=2.18978619576
Iteration 26 of 100: loss=2.74864721298 object_loss=0.558947682381 distance_loss=2.18969941139
Iteration 27 of 100: loss=2.70239400864 object_loss=0.51273137331 distance_loss=2.18966269493
Iteration 28 of 100: loss=2.79598689079 object_loss=0.606477499008 distance_loss=2.18950939178
Iteration 29 of 100: loss=2.69314050674 object_loss=0.503864169121 distance_loss=2.18927645683
Iteration 30 of 100: loss=2.67035055161 object_loss=0.480946540833 distance_loss=2.18940401077
Iteration 31 of 100: loss=2.67935180664 object_loss=0.489978373051 distance_loss=2.18937349319
Iteration 32 of 100: loss=2.68463540077 object_loss=0.49571365118 distance_loss=2.18892168999
Iteration 33 of 100: loss=2.66792201996 object_loss=0.478986263275 distance_loss=2.18893575668
Iteration 34 of 100: loss=2.58152151108 object_loss=0.392396479845 distance_loss=2.18912506104
Iteration 35 of 100: loss=2.56831407547 object_loss=0.379035681486 distance_loss=2.18927836418
Iteration 36 of 100: loss=2.56725978851 object_loss=0.378129631281 distance_loss=2.18913006783
Iteration 37 of 100: loss=2.57849121094 object_loss=0.389394462109 distance_loss=2.18909668922
Iteration 38 of 100: loss=2.5870642662 object_loss=0.397951036692 distance_loss=2.18911314011
Iteration 39 of 100: loss=2.58735346794 object_loss=0.397896379232 distance_loss=2.18945717812
Iteration 40 of 100: loss=2.57275152206 object_loss=0.383402466774 distance_loss=2.18934893608
Iteration 41 of 100: loss=2.57093143463 object_loss=0.381664514542 distance_loss=2.18926692009
Iteration 42 of 100: loss=2.58545780182 object_loss=0.396087706089 distance_loss=2.18937015533
Iteration 43 of 100: loss=2.5933778286 object_loss=0.403974235058 distance_loss=2.18940353394
Iteration 44 of 100: loss=2.59329843521 object_loss=0.404015421867 distance_loss=2.18928289413
Iteration 45 of 100: loss=2.59341526031 object_loss=0.403974175453 distance_loss=2.18944096565
Iteration 46 of 100: loss=2.56822156906 object_loss=0.378753513098 distance_loss=2.18946814537
Iteration 47 of 100: loss=2.57786607742 object_loss=0.388468593359 distance_loss=2.18939757347
Iteration 48 of 100: loss=2.58199453354 object_loss=0.392665743828 distance_loss=2.1893286705
Iteration 49 of 100: loss=2.57961344719 object_loss=0.390260845423 distance_loss=2.18935251236
Iteration 50 of 100: loss=2.56159353256 object_loss=0.372141957283 distance_loss=2.18945169449
Iteration 51 of 100: loss=2.61273288727 object_loss=0.423237919807 distance_loss=2.18949484825
Iteration 52 of 100: loss=2.62766623497 object_loss=0.43848067522 distance_loss=2.18918561935
Iteration 53 of 100: loss=2.65968489647 object_loss=0.470237225294 distance_loss=2.18944764137
Iteration 54 of 100: loss=2.63281083107 object_loss=0.443262606859 distance_loss=2.18954825401
Iteration 55 of 100: loss=2.65020942688 object_loss=0.460681974888 distance_loss=2.1895275116
Iteration 56 of 100: loss=2.66151237488 object_loss=0.472331017256 distance_loss=2.18918132782
Iteration 57 of 100: loss=2.66176629066 object_loss=0.472557604313 distance_loss=2.18920874596
Iteration 58 of 100: loss=2.65781736374 object_loss=0.468633532524 distance_loss=2.18918371201
Iteration 59 of 100: loss=2.6439371109 object_loss=0.454774260521 distance_loss=2.18916296959
Iteration 60 of 100: loss=2.62447738647 object_loss=0.435242235661 distance_loss=2.18923521042
Iteration 61 of 100: loss=2.61513948441 object_loss=0.42596295476 distance_loss=2.18917655945
Iteration 62 of 100: loss=2.62936830521 object_loss=0.440209358931 distance_loss=2.18915891647
Iteration 63 of 100: loss=2.69343042374 object_loss=0.504265367985 distance_loss=2.18916511536
Iteration 64 of 100: loss=2.66461968422 object_loss=0.475400060415 distance_loss=2.18921971321
Iteration 65 of 100: loss=2.67790055275 object_loss=0.48880648613 distance_loss=2.18909406662
Iteration 66 of 100: loss=2.68813371658 object_loss=0.499064534903 distance_loss=2.18906927109
Iteration 67 of 100: loss=2.88874769211 object_loss=0.699586749077 distance_loss=2.18916106224
Iteration 68 of 100: loss=2.85097885132 object_loss=0.662070214748 distance_loss=2.18890857697
Iteration 69 of 100: loss=2.6701529026 object_loss=0.481040775776 distance_loss=2.18911218643
Iteration 70 of 100: loss=2.68760633469 object_loss=0.498268723488 distance_loss=2.18933773041
Iteration 71 of 100: loss=2.67700433731 object_loss=0.487526714802 distance_loss=2.18947768211
Iteration 72 of 100: loss=2.7722594738 object_loss=0.582902491093 distance_loss=2.18935704231
Iteration 73 of 100: loss=2.64471578598 object_loss=0.455052345991 distance_loss=2.18966341019
Iteration 74 of 100: loss=2.72321987152 object_loss=0.533472418785 distance_loss=2.18974733353
Iteration 75 of 100: loss=2.7802939415 object_loss=0.590415120125 distance_loss=2.18987894058
Iteration 76 of 100: loss=2.74342608452 object_loss=0.553631365299 distance_loss=2.18979477882
Iteration 77 of 100: loss=2.69247531891 object_loss=0.502708435059 distance_loss=2.18976688385
Iteration 78 of 100: loss=2.72905731201 object_loss=0.539103806019 distance_loss=2.1899535656
Iteration 79 of 100: loss=2.64779400826 object_loss=0.457779109478 distance_loss=2.19001483917
Iteration 80 of 100: loss=2.60501861572 object_loss=0.415372461081 distance_loss=2.18964624405
Iteration 81 of 100: loss=2.66363954544 object_loss=0.474207639694 distance_loss=2.18943190575
Iteration 82 of 100: loss=2.77651381493 object_loss=0.58716493845 distance_loss=2.18934893608
Iteration 83 of 100: loss=2.73971962929 object_loss=0.55048084259 distance_loss=2.1892387867
Iteration 84 of 100: loss=2.66528511047 object_loss=0.476131737232 distance_loss=2.18915343285
Iteration 85 of 100: loss=2.81107091904 object_loss=0.622142791748 distance_loss=2.18892812729
Iteration 86 of 100: loss=2.82429337502 object_loss=0.635427176952 distance_loss=2.18886613846
Iteration 87 of 100: loss=2.61456799507 object_loss=0.425822228193 distance_loss=2.18874573708
Iteration 88 of 100: loss=2.64903831482 object_loss=0.460555672646 distance_loss=2.18848276138
Iteration 89 of 100: loss=2.64719319344 object_loss=0.458833873272 distance_loss=2.18835926056
Iteration 90 of 100: loss=2.65274143219 object_loss=0.464345574379 distance_loss=2.18839597702
Iteration 91 of 100: loss=2.77326774597 object_loss=0.584791719913 distance_loss=2.18847608566
Iteration 92 of 100: loss=2.71729254723 object_loss=0.529279232025 distance_loss=2.1880133152
Iteration 93 of 100: loss=2.70182943344 object_loss=0.513727664948 distance_loss=2.18810176849
Iteration 94 of 100: loss=2.58659076691 object_loss=0.398429393768 distance_loss=2.18816137314
Iteration 95 of 100: loss=2.70198535919 object_loss=0.5137591362 distance_loss=2.18822622299
Iteration 96 of 100: loss=2.71823215485 object_loss=0.530121386051 distance_loss=2.1881108284
Iteration 97 of 100: loss=2.68328785896 object_loss=0.495283991098 distance_loss=2.18800377846
Iteration 98 of 100: loss=2.68307232857 object_loss=0.495285093784 distance_loss=2.18778729439
Iteration 99 of 100: loss=2.68312120438 object_loss=0.495283722878 distance_loss=2.18783736229
Iteration 0 of 100: loss=2.75806713104 object_loss=0.570174813271 distance_loss=2.18789243698
Iteration 1 of 100: loss=2.78946065903 object_loss=0.601530194283 distance_loss=2.18793034554
Iteration 2 of 100: loss=2.76786971092 object_loss=0.579946100712 distance_loss=2.18792366982
Iteration 3 of 100: loss=2.76951742172 object_loss=0.581539511681 distance_loss=2.18797779083
Iteration 4 of 100: loss=2.79854154587 object_loss=0.61081635952 distance_loss=2.18772530556
Iteration 5 of 100: loss=2.69375753403 object_loss=0.506080687046 distance_loss=2.18767690659
Iteration 6 of 100: loss=2.80893325806 object_loss=0.621322274208 distance_loss=2.18761110306
Iteration 7 of 100: loss=2.75258922577 object_loss=0.565200388432 distance_loss=2.18738889694
Iteration 8 of 100: loss=2.73693847656 object_loss=0.549670994282 distance_loss=2.18726754189
Iteration 9 of 100: loss=2.71574926376 object_loss=0.528393626213 distance_loss=2.18735575676
Iteration 10 of 100: loss=2.70761418343 object_loss=0.520432949066 distance_loss=2.18718123436
Iteration 11 of 100: loss=2.70503687859 object_loss=0.517751455307 distance_loss=2.18728542328
Iteration 12 of 100: loss=2.78372383118 object_loss=0.596745789051 distance_loss=2.18697810173
Iteration 13 of 100: loss=2.78249406815 object_loss=0.595507085323 distance_loss=2.18698692322
Iteration 14 of 100: loss=2.79325389862 object_loss=0.606050908566 distance_loss=2.18720293045
Iteration 15 of 100: loss=2.70433163643 object_loss=0.517283678055 distance_loss=2.18704795837
Iteration 16 of 100: loss=2.74380874634 object_loss=0.557228147984 distance_loss=2.18658065796
Iteration 17 of 100: loss=2.76436710358 object_loss=0.577889919281 distance_loss=2.1864771843
Iteration 18 of 100: loss=2.77688646317 object_loss=0.590283274651 distance_loss=2.18660330772
Iteration 19 of 100: loss=2.74641227722 object_loss=0.559860527515 distance_loss=2.18655180931
Iteration 20 of 100: loss=2.64166378975 object_loss=0.455061405897 distance_loss=2.18660235405
Iteration 21 of 100: loss=2.66579842567 object_loss=0.479104340076 distance_loss=2.1866941452
Iteration 22 of 100: loss=2.66754412651 object_loss=0.480729430914 distance_loss=2.186814785
Iteration 23 of 100: loss=2.66782140732 object_loss=0.480727493763 distance_loss=2.18709397316
Iteration 24 of 100: loss=2.62826180458 object_loss=0.441193848848 distance_loss=2.18706798553
Iteration 25 of 100: loss=2.6477599144 object_loss=0.460589081049 distance_loss=2.18717074394
Iteration 26 of 100: loss=2.62870645523 object_loss=0.441399365664 distance_loss=2.18730711937
Iteration 27 of 100: loss=2.67757511139 object_loss=0.490161538124 distance_loss=2.18741345406
Iteration 28 of 100: loss=2.76088285446 object_loss=0.573675751686 distance_loss=2.18720698357
Iteration 29 of 100: loss=2.79323768616 object_loss=0.605749905109 distance_loss=2.18748784065
Iteration 30 of 100: loss=2.78808498383 object_loss=0.600541234016 distance_loss=2.18754386902
Iteration 31 of 100: loss=2.74689149857 object_loss=0.559477925301 distance_loss=2.18741369247
Iteration 32 of 100: loss=2.76954126358 object_loss=0.582229793072 distance_loss=2.1873114109
Iteration 33 of 100: loss=2.71803569794 object_loss=0.530406832695 distance_loss=2.18762874603
Iteration 34 of 100: loss=2.70874094963 object_loss=0.520961344242 distance_loss=2.18777966499
Iteration 35 of 100: loss=2.77117681503 object_loss=0.583408772945 distance_loss=2.18776798248
Iteration 36 of 100: loss=2.8632569313 object_loss=0.675742506981 distance_loss=2.18751430511
Iteration 37 of 100: loss=2.86312627792 object_loss=0.675740659237 distance_loss=2.18738555908
Iteration 38 of 100: loss=2.85847067833 object_loss=0.67108798027 distance_loss=2.18738269806
Iteration 39 of 100: loss=3.00832986832 object_loss=0.82077050209 distance_loss=2.18755936623
Iteration 40 of 100: loss=3.00894260406 object_loss=0.821339070797 distance_loss=2.18760347366
Iteration 41 of 100: loss=2.88041114807 object_loss=0.692793011665 distance_loss=2.1876180172
Iteration 42 of 100: loss=2.91638469696 object_loss=0.728876948357 distance_loss=2.18750762939
Iteration 43 of 100: loss=2.8874475956 object_loss=0.699921607971 distance_loss=2.18752598763
Iteration 44 of 100: loss=2.92161750793 object_loss=0.734159111977 distance_loss=2.18745827675
Iteration 45 of 100: loss=2.99599266052 object_loss=0.80865162611 distance_loss=2.18734097481
Iteration 46 of 100: loss=2.96678638458 object_loss=0.779545903206 distance_loss=2.18724036217
Iteration 47 of 100: loss=3.09316945076 object_loss=0.90593701601 distance_loss=2.18723249435
Iteration 48 of 100: loss=3.05148458481 object_loss=0.864312767982 distance_loss=2.18717193604
Iteration 49 of 100: loss=2.96795845032 object_loss=0.780652761459 distance_loss=2.18730568886
Iteration 50 of 100: loss=2.96702742577 object_loss=0.779577493668 distance_loss=2.1874499321
Iteration 51 of 100: loss=2.94034576416 object_loss=0.752801537514 distance_loss=2.18754434586
Iteration 52 of 100: loss=2.9240860939 object_loss=0.737149596214 distance_loss=2.1869366169
Iteration 53 of 100: loss=2.98391342163 object_loss=0.796858906746 distance_loss=2.18705463409
Iteration 54 of 100: loss=2.99918460846 object_loss=0.81200325489 distance_loss=2.18718123436
Iteration 55 of 100: loss=3.02961564064 object_loss=0.842498064041 distance_loss=2.1871175766
Iteration 56 of 100: loss=3.02909040451 object_loss=0.84219533205 distance_loss=2.18689513206
Iteration 57 of 100: loss=3.03719711304 object_loss=0.850215911865 distance_loss=2.18698120117
Iteration 58 of 100: loss=2.93261194229 object_loss=0.745809555054 distance_loss=2.18680238724
Iteration 59 of 100: loss=2.8785302639 object_loss=0.691771030426 distance_loss=2.18675923347
Iteration 60 of 100: loss=2.8590836525 object_loss=0.672241270542 distance_loss=2.18684244156
Iteration 61 of 100: loss=2.87443351746 object_loss=0.687863945961 distance_loss=2.1865696907
Iteration 62 of 100: loss=2.87454748154 object_loss=0.687877655029 distance_loss=2.18666982651
Iteration 63 of 100: loss=2.87274742126 object_loss=0.685824275017 distance_loss=2.18692326546
Iteration 64 of 100: loss=2.86722803116 object_loss=0.680578052998 distance_loss=2.18665003777
Iteration 65 of 100: loss=2.81473374367 object_loss=0.628107488155 distance_loss=2.18662619591
Iteration 66 of 100: loss=2.76007342339 object_loss=0.573677837849 distance_loss=2.18639564514
Iteration 67 of 100: loss=2.83547925949 object_loss=0.649274230003 distance_loss=2.18620491028
Iteration 68 of 100: loss=2.81583619118 object_loss=0.629639923573 distance_loss=2.18619632721
Iteration 69 of 100: loss=2.8476433754 object_loss=0.661654055119 distance_loss=2.18598937988
Iteration 70 of 100: loss=2.87544131279 object_loss=0.689652502537 distance_loss=2.18578886986
Iteration 71 of 100: loss=2.88770270348 object_loss=0.701890766621 distance_loss=2.18581199646
Iteration 72 of 100: loss=2.89987826347 object_loss=0.714306354523 distance_loss=2.18557190895
Iteration 73 of 100: loss=2.83382129669 object_loss=0.648340463638 distance_loss=2.18548083305
Iteration 74 of 100: loss=2.87219333649 object_loss=0.68656462431 distance_loss=2.18562865257
Iteration 75 of 100: loss=2.87207126617 object_loss=0.686560630798 distance_loss=2.18551063538
Iteration 76 of 100: loss=2.87142109871 object_loss=0.686347901821 distance_loss=2.18507313728
Iteration 77 of 100: loss=2.88541054726 object_loss=0.700321018696 distance_loss=2.18508958817
Iteration 78 of 100: loss=2.92896509171 object_loss=0.743845880032 distance_loss=2.18511915207
Iteration 79 of 100: loss=2.97851347923 object_loss=0.793277025223 distance_loss=2.18523645401
Iteration 80 of 100: loss=3.0186829567 object_loss=0.83352637291 distance_loss=2.18515658379
Iteration 81 of 100: loss=3.05100250244 object_loss=0.865836977959 distance_loss=2.18516540527
Iteration 82 of 100: loss=3.02283716202 object_loss=0.83759200573 distance_loss=2.18524503708
Iteration 83 of 100: loss=3.01118159294 object_loss=0.825632572174 distance_loss=2.18554902077
Iteration 84 of 100: loss=2.99808645248 object_loss=0.812542796135 distance_loss=2.18554377556
Iteration 85 of 100: loss=2.97336244583 object_loss=0.787624239922 distance_loss=2.1857380867
Iteration 86 of 100: loss=2.92591691017 object_loss=0.739882647991 distance_loss=2.18603420258
Iteration 87 of 100: loss=2.87717413902 object_loss=0.691089570522 distance_loss=2.1860845089
Iteration 88 of 100: loss=2.87140035629 object_loss=0.685483753681 distance_loss=2.18591666222
Iteration 89 of 100: loss=2.87150096893 object_loss=0.685266315937 distance_loss=2.1862347126
Iteration 90 of 100: loss=2.82030534744 object_loss=0.63379240036 distance_loss=2.18651294708
Iteration 91 of 100: loss=2.80171942711 object_loss=0.615175902843 distance_loss=2.18654346466
Iteration 92 of 100: loss=2.80148029327 object_loss=0.615174651146 distance_loss=2.18630552292
Iteration 93 of 100: loss=2.8395755291 object_loss=0.653156101704 distance_loss=2.186419487
Iteration 94 of 100: loss=2.84980797768 object_loss=0.663383722305 distance_loss=2.18642425537
Iteration 95 of 100: loss=2.85743284225 object_loss=0.671001672745 distance_loss=2.18643116951
Iteration 96 of 100: loss=2.85380196571 object_loss=0.667475700378 distance_loss=2.18632626534
Iteration 97 of 100: loss=2.84041118622 object_loss=0.654079437256 distance_loss=2.18633174896
Iteration 98 of 100: loss=2.85023140907 object_loss=0.66387540102 distance_loss=2.18635606766
Iteration 99 of 100: loss=2.90600180626 object_loss=0.719690084457 distance_loss=2.1863117218
Iteration 0 of 100: loss=2.8627910614 object_loss=0.676591813564 distance_loss=2.18619918823
Iteration 1 of 100: loss=2.84465432167 object_loss=0.65833067894 distance_loss=2.18632364273
Iteration 2 of 100: loss=2.83100819588 object_loss=0.644570350647 distance_loss=2.18643784523
Iteration 3 of 100: loss=2.8310790062 object_loss=0.64456564188 distance_loss=2.18651342392
Iteration 4 of 100: loss=2.84459447861 object_loss=0.658008933067 distance_loss=2.18658566475
Iteration 5 of 100: loss=2.84413385391 object_loss=0.657607555389 distance_loss=2.18652629852
Iteration 6 of 100: loss=2.87095594406 object_loss=0.684377849102 distance_loss=2.18657803535
Iteration 7 of 100: loss=2.86683297157 object_loss=0.680141031742 distance_loss=2.18669199944
Iteration 8 of 100: loss=2.86666560173 object_loss=0.680140435696 distance_loss=2.18652510643
Iteration 9 of 100: loss=2.84827637672 object_loss=0.661670744419 distance_loss=2.18660569191
Iteration 10 of 100: loss=2.83931303024 object_loss=0.652612626553 distance_loss=2.18670034409
Iteration 11 of 100: loss=2.84958696365 object_loss=0.66274189949 distance_loss=2.18684506416
Iteration 12 of 100: loss=2.8610970974 object_loss=0.674742877483 distance_loss=2.18635416031
Iteration 13 of 100: loss=2.89633274078 object_loss=0.709895968437 distance_loss=2.18643665314
Iteration 14 of 100: loss=2.89485287666 object_loss=0.708467483521 distance_loss=2.18638539314
Iteration 15 of 100: loss=2.84599876404 object_loss=0.6596763134 distance_loss=2.18632245064
Iteration 16 of 100: loss=2.90578436852 object_loss=0.719677686691 distance_loss=2.18610668182
Iteration 17 of 100: loss=2.8617784977 object_loss=0.675767123699 distance_loss=2.18601131439
Iteration 18 of 100: loss=2.85844945908 object_loss=0.672358810902 distance_loss=2.18609070778
Iteration 19 of 100: loss=2.79193258286 object_loss=0.605628609657 distance_loss=2.18630385399
Iteration 20 of 100: loss=2.84307098389 object_loss=0.656815469265 distance_loss=2.18625545502
Iteration 21 of 100: loss=2.84298944473 object_loss=0.656761109829 distance_loss=2.1862282753
Iteration 22 of 100: loss=2.86692523956 object_loss=0.680597066879 distance_loss=2.18632817268
Iteration 23 of 100: loss=2.81329870224 object_loss=0.626725673676 distance_loss=2.18657302856
Iteration 24 of 100: loss=2.82044696808 object_loss=0.63390225172 distance_loss=2.18654465675
Iteration 25 of 100: loss=2.83371710777 object_loss=0.647333085537 distance_loss=2.18638396263
Iteration 26 of 100: loss=2.7804069519 object_loss=0.593991100788 distance_loss=2.18641591072
Iteration 27 of 100: loss=2.78327059746 object_loss=0.597001492977 distance_loss=2.18626904488
Iteration 28 of 100: loss=2.82294988632 object_loss=0.636724829674 distance_loss=2.18622517586
Iteration 29 of 100: loss=2.89435482025 object_loss=0.708126842976 distance_loss=2.18622803688
Iteration 30 of 100: loss=2.88455533981 object_loss=0.698326647282 distance_loss=2.18622875214
Iteration 31 of 100: loss=2.88369345665 object_loss=0.697509348392 distance_loss=2.18618416786
Iteration 32 of 100: loss=2.82093763351 object_loss=0.635075926781 distance_loss=2.18586158752
Iteration 33 of 100: loss=3.05359315872 object_loss=0.867704629898 distance_loss=2.18588852882
Iteration 34 of 100: loss=2.92929840088 object_loss=0.74323284626 distance_loss=2.18606543541
Iteration 35 of 100: loss=2.84792566299 object_loss=0.661815524101 distance_loss=2.18611001968
Iteration 36 of 100: loss=2.86437034607 object_loss=0.678609788418 distance_loss=2.18576049805
Iteration 37 of 100: loss=2.83105874062 object_loss=0.645278990269 distance_loss=2.18577980995
Iteration 38 of 100: loss=2.90395069122 object_loss=0.718252539635 distance_loss=2.18569803238
Iteration 39 of 100: loss=2.81414151192 object_loss=0.628468573093 distance_loss=2.18567299843
Iteration 40 of 100: loss=2.80866670609 object_loss=0.622931003571 distance_loss=2.18573570251
Iteration 41 of 100: loss=2.89433288574 object_loss=0.708471357822 distance_loss=2.18586158752
Iteration 42 of 100: loss=2.81941318512 object_loss=0.633733928204 distance_loss=2.18567919731
Iteration 43 of 100: loss=2.96823120117 object_loss=0.782395124435 distance_loss=2.18583607674
Iteration 44 of 100: loss=2.80270385742 object_loss=0.616666674614 distance_loss=2.18603730202
Iteration 45 of 100: loss=2.86532449722 object_loss=0.679144620895 distance_loss=2.18617987633
Iteration 46 of 100: loss=2.7789645195 object_loss=0.592564940453 distance_loss=2.18639945984
Iteration 47 of 100: loss=2.81034421921 object_loss=0.62379950285 distance_loss=2.18654465675
Iteration 48 of 100: loss=2.88871002197 object_loss=0.702549755573 distance_loss=2.186160326
Iteration 49 of 100: loss=2.88445067406 object_loss=0.698238372803 distance_loss=2.18621230125
Iteration 50 of 100: loss=2.85143184662 object_loss=0.665131092072 distance_loss=2.18630075455
Iteration 51 of 100: loss=2.90802788734 object_loss=0.721721231937 distance_loss=2.18630671501
Iteration 52 of 100: loss=2.84495663643 object_loss=0.658695697784 distance_loss=2.18626093864
Iteration 53 of 100: loss=2.84541749954 object_loss=0.658827722073 distance_loss=2.18658971786
Iteration 54 of 100: loss=2.86128497124 object_loss=0.674630880356 distance_loss=2.18665409088
Iteration 55 of 100: loss=2.88430476189 object_loss=0.697447001934 distance_loss=2.18685770035
Iteration 56 of 100: loss=2.8618080616 object_loss=0.675106704235 distance_loss=2.18670129776
Iteration 57 of 100: loss=2.91335058212 object_loss=0.726850807667 distance_loss=2.18649983406
Iteration 58 of 100: loss=2.98162603378 object_loss=0.794722795486 distance_loss=2.1869032383
Iteration 59 of 100: loss=3.06654143333 object_loss=0.879480540752 distance_loss=2.18706083298
Iteration 60 of 100: loss=2.99102926254 object_loss=0.804286360741 distance_loss=2.18674302101
Iteration 61 of 100: loss=2.79499840736 object_loss=0.608175337315 distance_loss=2.18682312965
Iteration 62 of 100: loss=2.790371418 object_loss=0.60329413414 distance_loss=2.18707728386
Iteration 63 of 100: loss=2.74918675423 object_loss=0.561790883541 distance_loss=2.18739581108
Iteration 64 of 100: loss=2.77470445633 object_loss=0.587138175964 distance_loss=2.18756628036
Iteration 65 of 100: loss=2.82819318771 object_loss=0.640444219112 distance_loss=2.187748909
Iteration 66 of 100: loss=2.81996107101 object_loss=0.632169604301 distance_loss=2.1877913475
Iteration 67 of 100: loss=2.74013257027 object_loss=0.552231132984 distance_loss=2.18790149689
Iteration 68 of 100: loss=2.70957684517 object_loss=0.521647632122 distance_loss=2.18792915344
Iteration 69 of 100: loss=2.72056603432 object_loss=0.532338678837 distance_loss=2.18822741508
Iteration 70 of 100: loss=2.72081065178 object_loss=0.532337844372 distance_loss=2.1884727478
Iteration 71 of 100: loss=2.73781633377 object_loss=0.549194693565 distance_loss=2.18862175941
Iteration 72 of 100: loss=2.73933601379 object_loss=0.551026403904 distance_loss=2.18830966949
Iteration 73 of 100: loss=2.76119971275 object_loss=0.572538614273 distance_loss=2.18866109848
Iteration 74 of 100: loss=2.82179236412 object_loss=0.633010387421 distance_loss=2.1887819767
Iteration 75 of 100: loss=2.84549045563 object_loss=0.656621694565 distance_loss=2.18886876106
Iteration 76 of 100: loss=2.84549283981 object_loss=0.656657993793 distance_loss=2.18883490562
Iteration 77 of 100: loss=2.84366464615 object_loss=0.654762744904 distance_loss=2.18890190125
Iteration 78 of 100: loss=2.84360671043 object_loss=0.654757678509 distance_loss=2.18884897232
Iteration 79 of 100: loss=2.79770541191 object_loss=0.608793914318 distance_loss=2.18891143799
Iteration 80 of 100: loss=2.79685997963 object_loss=0.607855975628 distance_loss=2.1890039444
Iteration 81 of 100: loss=2.85703253746 object_loss=0.668283760548 distance_loss=2.18874883652
Iteration 82 of 100: loss=2.85705471039 object_loss=0.66826826334 distance_loss=2.18878650665
Iteration 83 of 100: loss=2.85707616806 object_loss=0.668203115463 distance_loss=2.1888730526
Iteration 84 of 100: loss=2.85629343987 object_loss=0.667466342449 distance_loss=2.18882703781
Iteration 85 of 100: loss=2.82836723328 object_loss=0.639641404152 distance_loss=2.18872594833
Iteration 86 of 100: loss=2.89193916321 object_loss=0.703328132629 distance_loss=2.18861103058
Iteration 87 of 100: loss=2.98846077919 object_loss=0.799982368946 distance_loss=2.18847846985
Iteration 88 of 100: loss=3.24059963226 object_loss=1.05232679844 distance_loss=2.18827295303
Iteration 89 of 100: loss=3.04328489304 object_loss=0.855061411858 distance_loss=2.18822360039
Iteration 90 of 100: loss=2.97553682327 object_loss=0.787314653397 distance_loss=2.18822216988
Iteration 91 of 100: loss=3.2309513092 object_loss=1.04248094559 distance_loss=2.18847036362
Iteration 92 of 100: loss=2.92667102814 object_loss=0.738470256329 distance_loss=2.1882007122
Iteration 93 of 100: loss=2.99280428886 object_loss=0.804432690144 distance_loss=2.18837165833
Iteration 94 of 100: loss=3.0089392662 object_loss=0.820587575436 distance_loss=2.18835163116
Iteration 95 of 100: loss=3.00914311409 object_loss=0.820976257324 distance_loss=2.18816685677
Iteration 96 of 100: loss=2.98891782761 object_loss=0.801243901253 distance_loss=2.18767404556
Iteration 97 of 100: loss=2.95382642746 object_loss=0.766228795052 distance_loss=2.1875975132
Iteration 98 of 100: loss=2.88914251328 object_loss=0.701611399651 distance_loss=2.18753099442
Iteration 99 of 100: loss=2.91189241409 object_loss=0.724383890629 distance_loss=2.18750858307
Iteration 0 of 100: loss=3.16816425323 object_loss=0.980654835701 distance_loss=2.18750953674
Iteration 1 of 100: loss=3.19017410278 object_loss=1.00271391869 distance_loss=2.1874601841
Iteration 2 of 100: loss=3.19013690948 object_loss=1.00271177292 distance_loss=2.18742513657
Iteration 3 of 100: loss=3.07495212555 object_loss=0.887541174889 distance_loss=2.18741106987
Iteration 4 of 100: loss=3.01542854309 object_loss=0.827904224396 distance_loss=2.1875243187
Iteration 5 of 100: loss=3.2186384201 object_loss=1.03104603291 distance_loss=2.18759250641
Iteration 6 of 100: loss=3.10159850121 object_loss=0.913858234882 distance_loss=2.18774032593
Iteration 7 of 100: loss=3.0436193943 object_loss=0.8557061553 distance_loss=2.1879131794
Iteration 8 of 100: loss=3.42432832718 object_loss=1.23657548428 distance_loss=2.18775296211
Iteration 9 of 100: loss=3.25957965851 object_loss=1.07158315182 distance_loss=2.1879966259
Iteration 10 of 100: loss=3.30481743813 object_loss=1.1165792942 distance_loss=2.18823814392
Iteration 11 of 100: loss=3.24956822395 object_loss=1.06128621101 distance_loss=2.18828201294
Iteration 12 of 100: loss=3.04621744156 object_loss=0.858167231083 distance_loss=2.18805027008
Iteration 13 of 100: loss=3.01009178162 object_loss=0.821937799454 distance_loss=2.18815398216
Iteration 14 of 100: loss=3.00081515312 object_loss=0.812530934811 distance_loss=2.18828415871
Iteration 15 of 100: loss=2.84916496277 object_loss=0.660947680473 distance_loss=2.1882174015
Iteration 16 of 100: loss=2.89449238777 object_loss=0.706479549408 distance_loss=2.18801283836
Iteration 17 of 100: loss=2.85174322128 object_loss=0.663778424263 distance_loss=2.18796491623
Iteration 18 of 100: loss=2.94262981415 object_loss=0.754483282566 distance_loss=2.18814659119
Iteration 19 of 100: loss=2.94027662277 object_loss=0.75188678503 distance_loss=2.18838977814
Iteration 20 of 100: loss=2.96220898628 object_loss=0.774101018906 distance_loss=2.18810796738
Iteration 21 of 100: loss=3.04062843323 object_loss=0.852409958839 distance_loss=2.1882185936
Iteration 22 of 100: loss=3.05054998398 object_loss=0.86227530241 distance_loss=2.18827462196
Iteration 23 of 100: loss=3.0298602581 object_loss=0.841539144516 distance_loss=2.18832111359
Iteration 24 of 100: loss=3.04466533661 object_loss=0.856461465359 distance_loss=2.18820381165
Iteration 25 of 100: loss=2.94650125504 object_loss=0.758192181587 distance_loss=2.18830895424
Iteration 26 of 100: loss=3.09864044189 object_loss=0.910297751427 distance_loss=2.18834257126
Iteration 27 of 100: loss=3.10114765167 object_loss=0.912772297859 distance_loss=2.1883752346
Iteration 28 of 100: loss=3.00531458855 object_loss=0.817320764065 distance_loss=2.18799376488
Iteration 29 of 100: loss=3.17319965363 object_loss=0.985453128815 distance_loss=2.18774652481
Iteration 30 of 100: loss=3.18986988068 object_loss=1.00202715397 distance_loss=2.1878426075
Iteration 31 of 100: loss=3.23179388046 object_loss=1.04407811165 distance_loss=2.18771576881
Iteration 32 of 100: loss=3.26172208786 object_loss=1.0747282505 distance_loss=2.18699383736
Iteration 33 of 100: loss=3.2501282692 object_loss=1.063139081 distance_loss=2.18698906898
Iteration 34 of 100: loss=3.07388687134 object_loss=0.88687646389 distance_loss=2.18701052666
Iteration 35 of 100: loss=3.04204130173 object_loss=0.855093479156 distance_loss=2.18694782257
Iteration 36 of 100: loss=3.0684261322 object_loss=0.881595492363 distance_loss=2.18683052063
Iteration 37 of 100: loss=3.15549015999 object_loss=0.969006717205 distance_loss=2.18648338318
Iteration 38 of 100: loss=3.22012329102 object_loss=1.03377830982 distance_loss=2.1863451004
Iteration 39 of 100: loss=3.24170613289 object_loss=1.0553355217 distance_loss=2.18637061119
Iteration 40 of 100: loss=3.23925375938 object_loss=1.05286026001 distance_loss=2.18639349937
Iteration 41 of 100: loss=3.35918855667 object_loss=1.17290794849 distance_loss=2.18628048897
Iteration 42 of 100: loss=3.33332443237 object_loss=1.14695131779 distance_loss=2.1863732338
Iteration 43 of 100: loss=3.30811882019 object_loss=1.12152504921 distance_loss=2.18659377098
Iteration 44 of 100: loss=3.26225447655 object_loss=1.07572317123 distance_loss=2.18653130531
Iteration 45 of 100: loss=3.26234531403 object_loss=1.07575440407 distance_loss=2.18659090996
Iteration 46 of 100: loss=3.32626509666 object_loss=1.13970065117 distance_loss=2.1865644455
Iteration 47 of 100: loss=3.40349388123 object_loss=1.21683561802 distance_loss=2.186658144
Iteration 48 of 100: loss=3.23940944672 object_loss=1.05270981789 distance_loss=2.18669962883
Iteration 49 of 100: loss=3.25964260101 object_loss=1.07292592525 distance_loss=2.18671679497
Iteration 50 of 100: loss=3.20800471306 object_loss=1.02149868011 distance_loss=2.18650603294
Iteration 51 of 100: loss=3.07825446129 object_loss=0.891778707504 distance_loss=2.18647575378
Iteration 52 of 100: loss=3.08429026604 object_loss=0.898088693619 distance_loss=2.18620157242
Iteration 53 of 100: loss=3.07822132111 object_loss=0.892052173615 distance_loss=2.18616914749
Iteration 54 of 100: loss=3.0712788105 object_loss=0.885226964951 distance_loss=2.18605184555
Iteration 55 of 100: loss=3.05306005478 object_loss=0.867277443409 distance_loss=2.18578267097
Iteration 56 of 100: loss=3.04773616791 object_loss=0.862373948097 distance_loss=2.18536233902
Iteration 57 of 100: loss=3.06525373459 object_loss=0.87993055582 distance_loss=2.18532323837
Iteration 58 of 100: loss=3.0156276226 object_loss=0.83043628931 distance_loss=2.1851913929
Iteration 59 of 100: loss=3.00966691971 object_loss=0.824459195137 distance_loss=2.18520760536
Iteration 60 of 100: loss=3.00037574768 object_loss=0.81527030468 distance_loss=2.18510532379
Iteration 61 of 100: loss=3.06664872169 object_loss=0.881650626659 distance_loss=2.18499803543
Iteration 62 of 100: loss=2.88278412819 object_loss=0.698059260845 distance_loss=2.18472480774
Iteration 63 of 100: loss=2.89589285851 object_loss=0.71116232872 distance_loss=2.18473052979
Iteration 64 of 100: loss=2.76521372795 object_loss=0.580562114716 distance_loss=2.18465161324
Iteration 65 of 100: loss=2.78389906883 object_loss=0.599225580692 distance_loss=2.18467354774
Iteration 66 of 100: loss=2.8030898571 object_loss=0.61814147234 distance_loss=2.18494844437
Iteration 67 of 100: loss=2.8475215435 object_loss=0.662462890148 distance_loss=2.18505859375
Iteration 68 of 100: loss=2.81721615791 object_loss=0.632341921329 distance_loss=2.18487429619
Iteration 69 of 100: loss=2.82984662056 object_loss=0.644926548004 distance_loss=2.18492007256
Iteration 70 of 100: loss=2.86852645874 object_loss=0.683265328407 distance_loss=2.18526101112
Iteration 71 of 100: loss=2.86588740349 object_loss=0.680548429489 distance_loss=2.185338974
Iteration 72 of 100: loss=3.04593658447 object_loss=0.860573887825 distance_loss=2.18536257744
Iteration 73 of 100: loss=3.01796126366 object_loss=0.832286655903 distance_loss=2.18567466736
Iteration 74 of 100: loss=2.95194530487 object_loss=0.766159534454 distance_loss=2.18578577042
Iteration 75 of 100: loss=2.94753193855 object_loss=0.761539399624 distance_loss=2.18599247932
Iteration 76 of 100: loss=2.92232704163 object_loss=0.736508846283 distance_loss=2.18581819534
Iteration 77 of 100: loss=2.7830991745 object_loss=0.597233295441 distance_loss=2.18586587906
Iteration 78 of 100: loss=2.7159974575 object_loss=0.530142962933 distance_loss=2.18585443497
Iteration 79 of 100: loss=2.71851706505 object_loss=0.532445907593 distance_loss=2.18607115746
Iteration 80 of 100: loss=2.71019268036 object_loss=0.524277329445 distance_loss=2.1859152317
Iteration 81 of 100: loss=2.59423923492 object_loss=0.408229857683 distance_loss=2.18600940704
Iteration 82 of 100: loss=2.6302075386 object_loss=0.44415217638 distance_loss=2.18605542183
Iteration 83 of 100: loss=2.59509730339 object_loss=0.409060418606 distance_loss=2.18603682518
Iteration 84 of 100: loss=2.66757583618 object_loss=0.4815351367 distance_loss=2.18604063988
Iteration 85 of 100: loss=2.56822323799 object_loss=0.382225245237 distance_loss=2.18599796295
Iteration 86 of 100: loss=2.60969233513 object_loss=0.423669964075 distance_loss=2.18602228165
Iteration 87 of 100: loss=2.60616636276 object_loss=0.420122623444 distance_loss=2.18604373932
Iteration 88 of 100: loss=2.58411455154 object_loss=0.398293524981 distance_loss=2.18582105637
Iteration 89 of 100: loss=2.54329872131 object_loss=0.35750156641 distance_loss=2.18579721451
Iteration 90 of 100: loss=2.54313254356 object_loss=0.357264995575 distance_loss=2.18586754799
Iteration 91 of 100: loss=2.54616713524 object_loss=0.360236942768 distance_loss=2.18593025208
Iteration 92 of 100: loss=2.57567214966 object_loss=0.390210986137 distance_loss=2.18546104431
Iteration 93 of 100: loss=2.5599822998 object_loss=0.374512255192 distance_loss=2.18547010422
Iteration 94 of 100: loss=2.56013989449 object_loss=0.374512195587 distance_loss=2.1856276989
Iteration 95 of 100: loss=2.58806872368 object_loss=0.402583986521 distance_loss=2.18548464775
Iteration 96 of 100: loss=2.55971813202 object_loss=0.374496072531 distance_loss=2.1852221489
Iteration 97 of 100: loss=2.55972719193 object_loss=0.374493122101 distance_loss=2.18523406982
Iteration 98 of 100: loss=2.63347172737 object_loss=0.448270320892 distance_loss=2.18520140648
Iteration 99 of 100: loss=2.63303256035 object_loss=0.447643488646 distance_loss=2.1853890419
Iteration 0 of 100: loss=2.63929438591 object_loss=0.453954994678 distance_loss=2.18533945084
Iteration 1 of 100: loss=2.63898253441 object_loss=0.453884929419 distance_loss=2.1850976944
Iteration 2 of 100: loss=2.58890104294 object_loss=0.403793215752 distance_loss=2.1851079464
Iteration 3 of 100: loss=2.5890994072 object_loss=0.403896927834 distance_loss=2.18520259857
Iteration 4 of 100: loss=2.58855414391 object_loss=0.403633117676 distance_loss=2.18492102623
Iteration 5 of 100: loss=2.58980107307 object_loss=0.404835224152 distance_loss=2.18496584892
Iteration 6 of 100: loss=2.58496332169 object_loss=0.399960637093 distance_loss=2.18500256538
Iteration 7 of 100: loss=2.63336968422 object_loss=0.44859701395 distance_loss=2.18477272987
Iteration 8 of 100: loss=2.59407091141 object_loss=0.409383505583 distance_loss=2.18468737602
Iteration 9 of 100: loss=2.59136080742 object_loss=0.406501561403 distance_loss=2.18485927582
Iteration 10 of 100: loss=2.60116410255 object_loss=0.416423499584 distance_loss=2.18474054337
Iteration 11 of 100: loss=2.64684247971 object_loss=0.462136745453 distance_loss=2.18470573425
Iteration 12 of 100: loss=2.61629295349 object_loss=0.431775480509 distance_loss=2.18451738358
Iteration 13 of 100: loss=2.61041545868 object_loss=0.425707876682 distance_loss=2.1847076416
Iteration 14 of 100: loss=2.65835905075 object_loss=0.473508954048 distance_loss=2.18484997749
Iteration 15 of 100: loss=2.59083271027 object_loss=0.405991494656 distance_loss=2.18484115601
Iteration 16 of 100: loss=2.59042334557 object_loss=0.405985981226 distance_loss=2.18443727493
Iteration 17 of 100: loss=2.67601728439 object_loss=0.491553753614 distance_loss=2.18446350098
Iteration 18 of 100: loss=2.66941332817 object_loss=0.485102593899 distance_loss=2.18431067467
Iteration 19 of 100: loss=2.68056583405 object_loss=0.49618178606 distance_loss=2.18438410759
Iteration 20 of 100: loss=2.63854837418 object_loss=0.454062014818 distance_loss=2.18448638916
Iteration 21 of 100: loss=2.62531399727 object_loss=0.441023170948 distance_loss=2.18429088593
Iteration 22 of 100: loss=2.61354231834 object_loss=0.429411590099 distance_loss=2.18413066864
Iteration 23 of 100: loss=2.57372808456 object_loss=0.389508843422 distance_loss=2.18421936035
Iteration 24 of 100: loss=2.60713839531 object_loss=0.422890603542 distance_loss=2.18424773216
Iteration 25 of 100: loss=2.61518788338 object_loss=0.431096464396 distance_loss=2.18409132957
Iteration 26 of 100: loss=2.64355993271 object_loss=0.459410905838 distance_loss=2.18414902687
Iteration 27 of 100: loss=2.6375784874 object_loss=0.453467696905 distance_loss=2.1841108799
Iteration 28 of 100: loss=2.64868569374 object_loss=0.464743196964 distance_loss=2.18394255638
Iteration 29 of 100: loss=2.64361786842 object_loss=0.459646761417 distance_loss=2.18397116661
Iteration 30 of 100: loss=2.71137428284 object_loss=0.527388215065 distance_loss=2.18398594856
Iteration 31 of 100: loss=2.69535493851 object_loss=0.511287510395 distance_loss=2.18406748772
Iteration 32 of 100: loss=2.76522779465 object_loss=0.581503033638 distance_loss=2.18372488022
Iteration 33 of 100: loss=2.72593545914 object_loss=0.542311787605 distance_loss=2.18362355232
Iteration 34 of 100: loss=2.67323327065 object_loss=0.489736020565 distance_loss=2.18349719048
Iteration 35 of 100: loss=2.66666936874 object_loss=0.483285546303 distance_loss=2.18338370323
Iteration 36 of 100: loss=2.67235326767 object_loss=0.489583939314 distance_loss=2.18276929855
Iteration 37 of 100: loss=2.59736633301 object_loss=0.414788603783 distance_loss=2.18257761002
Iteration 38 of 100: loss=2.59602832794 object_loss=0.413484215736 distance_loss=2.18254423141
Iteration 39 of 100: loss=2.61133575439 object_loss=0.428928494453 distance_loss=2.18240714073
Iteration 40 of 100: loss=2.63227987289 object_loss=0.450236737728 distance_loss=2.18204307556
Iteration 41 of 100: loss=2.63215756416 object_loss=0.450285375118 distance_loss=2.18187212944
Iteration 42 of 100: loss=2.54546809196 object_loss=0.363561570644 distance_loss=2.18190646172
Iteration 43 of 100: loss=2.61420178413 object_loss=0.432208031416 distance_loss=2.18199372292
Iteration 44 of 100: loss=2.58725547791 object_loss=0.405392020941 distance_loss=2.18186354637
Iteration 45 of 100: loss=2.5840780735 object_loss=0.402368843555 distance_loss=2.18170928955
Iteration 46 of 100: loss=2.61756086349 object_loss=0.435995429754 distance_loss=2.18156552315
Iteration 47 of 100: loss=2.63135480881 object_loss=0.449903070927 distance_loss=2.18145179749
Iteration 48 of 100: loss=2.71140170097 object_loss=0.53006696701 distance_loss=2.18133473396
Iteration 49 of 100: loss=2.60188865662 object_loss=0.42046135664 distance_loss=2.18142724037
Iteration 50 of 100: loss=2.60440444946 object_loss=0.422793447971 distance_loss=2.1816110611
Iteration 51 of 100: loss=2.54926109314 object_loss=0.36743336916 distance_loss=2.18182778358
Iteration 52 of 100: loss=2.67607569695 object_loss=0.494751989841 distance_loss=2.18132376671
Iteration 53 of 100: loss=2.67363977432 object_loss=0.492141008377 distance_loss=2.18149876595
Iteration 54 of 100: loss=2.5942325592 object_loss=0.412504553795 distance_loss=2.1817278862
Iteration 55 of 100: loss=2.5508646965 object_loss=0.369121342897 distance_loss=2.18174338341
Iteration 56 of 100: loss=2.58846282959 object_loss=0.406841814518 distance_loss=2.18162107468
Iteration 57 of 100: loss=2.5894048214 object_loss=0.407791286707 distance_loss=2.18161344528
Iteration 58 of 100: loss=2.63114690781 object_loss=0.449585318565 distance_loss=2.18156147003
Iteration 59 of 100: loss=2.6615819931 object_loss=0.479945451021 distance_loss=2.18163657188
Iteration 60 of 100: loss=2.69785618782 object_loss=0.516134560108 distance_loss=2.18172168732
Iteration 61 of 100: loss=2.67564344406 object_loss=0.493981570005 distance_loss=2.18166184425
Iteration 62 of 100: loss=2.66577005386 object_loss=0.484089314938 distance_loss=2.18168067932
Iteration 63 of 100: loss=2.72164678574 object_loss=0.539823889732 distance_loss=2.18182277679
Iteration 64 of 100: loss=2.64747881889 object_loss=0.465818583965 distance_loss=2.18166017532
Iteration 65 of 100: loss=2.70013952255 object_loss=0.51839107275 distance_loss=2.1817483902
Iteration 66 of 100: loss=2.92742395401 object_loss=0.745629072189 distance_loss=2.18179488182
Iteration 67 of 100: loss=2.82016468048 object_loss=0.638419270515 distance_loss=2.18174529076
Iteration 68 of 100: loss=2.90752720833 object_loss=0.725820481777 distance_loss=2.18170666695
Iteration 69 of 100: loss=3.08427405357 object_loss=0.902422130108 distance_loss=2.18185186386
Iteration 70 of 100: loss=3.11748075485 object_loss=0.935447752476 distance_loss=2.18203306198
Iteration 71 of 100: loss=3.13430643082 object_loss=0.952023386955 distance_loss=2.18228316307
Iteration 72 of 100: loss=3.06162548065 object_loss=0.879451870918 distance_loss=2.18217349052
Iteration 73 of 100: loss=3.17034959793 object_loss=0.987955152988 distance_loss=2.18239450455
Iteration 74 of 100: loss=3.16458749771 object_loss=0.9819201231 distance_loss=2.18266749382
Iteration 75 of 100: loss=3.22306156158 object_loss=1.04018354416 distance_loss=2.18287801743
Iteration 76 of 100: loss=3.20005750656 object_loss=1.0173459053 distance_loss=2.18271160126
Iteration 77 of 100: loss=3.276450634 object_loss=1.09355866909 distance_loss=2.1828918457
Iteration 78 of 100: loss=3.5049238205 object_loss=1.3217856884 distance_loss=2.1831381321
Iteration 79 of 100: loss=3.2445640564 object_loss=1.06121242046 distance_loss=2.18335175514
Iteration 80 of 100: loss=3.04515266418 object_loss=0.861505031586 distance_loss=2.1836476326
Iteration 81 of 100: loss=3.35454487801 object_loss=1.17076802254 distance_loss=2.18377685547
Iteration 82 of 100: loss=3.33351993561 object_loss=1.14930331707 distance_loss=2.18421649933
Iteration 83 of 100: loss=3.31263256073 object_loss=1.12800455093 distance_loss=2.1846280098
Iteration 84 of 100: loss=3.33193945885 object_loss=1.14721536636 distance_loss=2.18472409248
Iteration 85 of 100: loss=3.38952207565 object_loss=1.20465505123 distance_loss=2.18486714363
Iteration 86 of 100: loss=3.36424255371 object_loss=1.17913508415 distance_loss=2.18510746956
Iteration 87 of 100: loss=3.04308247566 object_loss=0.857747793198 distance_loss=2.18533468246
Iteration 88 of 100: loss=3.17742872238 object_loss=0.992435336113 distance_loss=2.18499350548
Iteration 89 of 100: loss=3.10271835327 object_loss=0.917559444904 distance_loss=2.18515896797
Iteration 90 of 100: loss=3.08782744408 object_loss=0.902612745762 distance_loss=2.18521475792
Iteration 91 of 100: loss=3.42131471634 object_loss=1.23614728451 distance_loss=2.18516755104
Iteration 92 of 100: loss=3.14651632309 object_loss=0.961464166641 distance_loss=2.18505215645
Iteration 93 of 100: loss=3.21534013748 object_loss=1.03010511398 distance_loss=2.1852350235
Iteration 94 of 100: loss=3.41913223267 object_loss=1.23398017883 distance_loss=2.18515205383
Iteration 95 of 100: loss=3.54322099686 object_loss=1.35798215866 distance_loss=2.1852388382
Iteration 96 of 100: loss=3.54236125946 object_loss=1.35715854168 distance_loss=2.18520259857
Iteration 97 of 100: loss=3.34885025024 object_loss=1.16374599934 distance_loss=2.18510437012
Iteration 98 of 100: loss=2.99238157272 object_loss=0.807270407677 distance_loss=2.18511128426
Iteration 99 of 100: loss=3.17109680176 object_loss=0.98601770401 distance_loss=2.18507909775
Iteration 0 of 100: loss=3.07000994682 object_loss=0.884947299957 distance_loss=2.18506264687
Iteration 1 of 100: loss=3.0621380806 object_loss=0.8768491745 distance_loss=2.1852889061
Iteration 2 of 100: loss=3.08454465866 object_loss=0.899149179459 distance_loss=2.1853954792
Iteration 3 of 100: loss=3.14909482002 object_loss=0.963494479656 distance_loss=2.18560028076
Iteration 4 of 100: loss=3.28185200691 object_loss=1.09611916542 distance_loss=2.18573284149
Iteration 5 of 100: loss=3.24993753433 object_loss=1.06414711475 distance_loss=2.18579053879
Iteration 6 of 100: loss=2.90897488594 object_loss=0.72298926115 distance_loss=2.18598556519
Iteration 7 of 100: loss=3.04229593277 object_loss=0.856022357941 distance_loss=2.18627357483
Iteration 8 of 100: loss=2.98515939713 object_loss=0.799033999443 distance_loss=2.18612551689
Iteration 9 of 100: loss=2.9797372818 object_loss=0.793574392796 distance_loss=2.18616294861
Iteration 10 of 100: loss=4.62721586227 object_loss=2.44073724747 distance_loss=2.18647861481
Iteration 11 of 100: loss=3.05244970322 object_loss=0.866078615189 distance_loss=2.18637108803
Iteration 12 of 100: loss=3.13207697868 object_loss=0.946399986744 distance_loss=2.18567705154
Iteration 13 of 100: loss=3.27669239044 object_loss=1.09112048149 distance_loss=2.18557190895
Iteration 14 of 100: loss=3.17050099373 object_loss=0.984872817993 distance_loss=2.18562817574
Iteration 15 of 100: loss=3.33815002441 object_loss=1.15258038044 distance_loss=2.18556976318
Iteration 16 of 100: loss=3.32691073418 object_loss=1.14152479172 distance_loss=2.18538594246
Iteration 17 of 100: loss=3.28954029083 object_loss=1.10410273075 distance_loss=2.18543744087
Iteration 18 of 100: loss=3.01970291138 object_loss=0.834278702736 distance_loss=2.18542408943
Iteration 19 of 100: loss=2.92651224136 object_loss=0.741072595119 distance_loss=2.18543958664
Iteration 20 of 100: loss=3.27328824997 object_loss=1.08807241917 distance_loss=2.18521595001
Iteration 21 of 100: loss=3.34167671204 object_loss=1.15672421455 distance_loss=2.18495249748
Iteration 22 of 100: loss=3.41445064545 object_loss=1.22965037823 distance_loss=2.18480014801
Iteration 23 of 100: loss=3.07435369492 object_loss=0.88944041729 distance_loss=2.18491339684
Iteration 24 of 100: loss=3.13178801537 object_loss=0.946927070618 distance_loss=2.18486094475
Iteration 25 of 100: loss=3.0788435936 object_loss=0.893924534321 distance_loss=2.18491911888
Iteration 26 of 100: loss=3.16698670387 object_loss=0.982057511806 distance_loss=2.18492913246
Iteration 27 of 100: loss=3.29784369469 object_loss=1.11287140846 distance_loss=2.18497228622
Iteration 28 of 100: loss=3.26410531998 object_loss=1.07908880711 distance_loss=2.18501639366
Iteration 29 of 100: loss=3.16915178299 object_loss=0.983884453773 distance_loss=2.18526744843
Iteration 30 of 100: loss=3.22458386421 object_loss=1.03932332993 distance_loss=2.18526053429
Iteration 31 of 100: loss=3.363758564 object_loss=1.1784311533 distance_loss=2.18532752991
Iteration 32 of 100: loss=3.14187455177 object_loss=0.956632316113 distance_loss=2.18524217606
Iteration 33 of 100: loss=3.09345769882 object_loss=0.908024668694 distance_loss=2.18543291092
Iteration 34 of 100: loss=3.22372102737 object_loss=1.0381538868 distance_loss=2.18556714058
Iteration 35 of 100: loss=3.07212591171 object_loss=0.886551976204 distance_loss=2.1855738163
Iteration 36 of 100: loss=3.07486343384 object_loss=0.889526128769 distance_loss=2.18533730507
Iteration 37 of 100: loss=3.20596504211 object_loss=1.0206207037 distance_loss=2.18534421921
Iteration 38 of 100: loss=2.92705774307 object_loss=0.741609692574 distance_loss=2.18544793129
Iteration 39 of 100: loss=3.14553546906 object_loss=0.960151553154 distance_loss=2.18538403511
Iteration 40 of 100: loss=3.12784814835 object_loss=0.942495346069 distance_loss=2.18535280228
Iteration 41 of 100: loss=3.1330947876 object_loss=0.947658896446 distance_loss=2.18543577194
Iteration 42 of 100: loss=3.00276041031 object_loss=0.817377686501 distance_loss=2.1853826046
Iteration 43 of 100: loss=3.00288009644 object_loss=0.817363679409 distance_loss=2.18551635742
Iteration 44 of 100: loss=3.00472784042 object_loss=0.819298803806 distance_loss=2.18542909622
Iteration 45 of 100: loss=3.04177379608 object_loss=0.856364130974 distance_loss=2.1854095459
Iteration 46 of 100: loss=3.09397530556 object_loss=0.908524513245 distance_loss=2.18545079231
Iteration 47 of 100: loss=3.09364557266 object_loss=0.908253490925 distance_loss=2.18539214134
Iteration 48 of 100: loss=3.00240159035 object_loss=0.817332029343 distance_loss=2.185069561
Iteration 49 of 100: loss=3.01039981842 object_loss=0.825065970421 distance_loss=2.18533396721
Iteration 50 of 100: loss=3.12794589996 object_loss=0.942368268967 distance_loss=2.185577631
Iteration 51 of 100: loss=3.14496970177 object_loss=0.959422767162 distance_loss=2.185546875
Iteration 52 of 100: loss=3.21525907516 object_loss=1.02990663052 distance_loss=2.18535232544
Iteration 53 of 100: loss=3.17386388779 object_loss=0.988212406635 distance_loss=2.18565154076
Iteration 54 of 100: loss=3.17403292656 object_loss=0.988210916519 distance_loss=2.18582201004
Iteration 55 of 100: loss=3.2456073761 object_loss=1.05963099003 distance_loss=2.18597650528
Iteration 56 of 100: loss=3.2106153965 object_loss=1.02490448952 distance_loss=2.18571090698
Iteration 57 of 100: loss=3.18547677994 object_loss=1.0000962019 distance_loss=2.18538069725
Iteration 58 of 100: loss=3.05514407158 object_loss=0.869917869568 distance_loss=2.18522620201
Iteration 59 of 100: loss=3.05155277252 object_loss=0.866115927696 distance_loss=2.18543672562
Iteration 60 of 100: loss=3.31921434402 object_loss=1.13391828537 distance_loss=2.18529605865
Iteration 61 of 100: loss=3.48814821243 object_loss=1.30293929577 distance_loss=2.18520903587
Iteration 62 of 100: loss=3.54164409637 object_loss=1.3564684391 distance_loss=2.18517565727
Iteration 63 of 100: loss=3.56882095337 object_loss=1.38352119923 distance_loss=2.18529987335
Iteration 64 of 100: loss=3.40824532509 object_loss=1.22272229195 distance_loss=2.18552303314
Iteration 65 of 100: loss=3.40241217613 object_loss=1.21682095528 distance_loss=2.18559122086
Iteration 66 of 100: loss=3.49376726151 object_loss=1.30802798271 distance_loss=2.18573927879
Iteration 67 of 100: loss=3.46596765518 object_loss=1.28003764153 distance_loss=2.18593001366
Iteration 68 of 100: loss=3.59741902351 object_loss=1.41141033173 distance_loss=2.18600869179
Iteration 69 of 100: loss=3.85025835037 object_loss=1.66424942017 distance_loss=2.18600893021
Iteration 70 of 100: loss=3.81241631508 object_loss=1.62628102303 distance_loss=2.18613529205
Iteration 71 of 100: loss=3.5952334404 object_loss=1.40898883343 distance_loss=2.18624472618
Iteration 72 of 100: loss=3.56563639641 object_loss=1.37968635559 distance_loss=2.18595004082
Iteration 73 of 100: loss=3.65411543846 object_loss=1.46769046783 distance_loss=2.18642497063
Iteration 74 of 100: loss=3.40256881714 object_loss=1.21570718288 distance_loss=2.18686175346
Iteration 75 of 100: loss=3.61415338516 object_loss=1.42691493034 distance_loss=2.18723845482
Iteration 76 of 100: loss=3.94805955887 object_loss=1.76054906845 distance_loss=2.18751049042
Iteration 77 of 100: loss=3.65576839447 object_loss=1.46807980537 distance_loss=2.1876885891
Iteration 78 of 100: loss=3.75697135925 object_loss=1.56923091412 distance_loss=2.18774056435
Iteration 79 of 100: loss=4.2540769577 object_loss=2.06598711014 distance_loss=2.18808984756
Iteration 80 of 100: loss=4.24223041534 object_loss=2.05399727821 distance_loss=2.18823337555
Iteration 81 of 100: loss=4.49373531342 object_loss=2.30542993546 distance_loss=2.18830537796
Iteration 82 of 100: loss=4.49293231964 object_loss=2.30429673195 distance_loss=2.18863534927
Iteration 83 of 100: loss=4.78141784668 object_loss=2.59259176254 distance_loss=2.18882632256
Iteration 84 of 100: loss=3.93545341492 object_loss=1.74689042568 distance_loss=2.18856287003
Iteration 85 of 100: loss=3.80695414543 object_loss=1.61823773384 distance_loss=2.18871641159
Iteration 86 of 100: loss=3.87763977051 object_loss=1.68871665001 distance_loss=2.1889231205
Iteration 87 of 100: loss=3.78418588638 object_loss=1.59521901608 distance_loss=2.18896698952
Iteration 88 of 100: loss=3.80200862885 object_loss=1.61287581921 distance_loss=2.18913269043
Iteration 89 of 100: loss=3.72843360901 object_loss=1.5391497612 distance_loss=2.18928384781
Iteration 90 of 100: loss=4.21486759186 object_loss=2.02541232109 distance_loss=2.18945503235
Iteration 91 of 100: loss=3.98371315002 object_loss=1.79408812523 distance_loss=2.1896250248
Iteration 92 of 100: loss=4.45794582367 object_loss=2.26865720749 distance_loss=2.18928837776
Iteration 93 of 100: loss=4.32361030579 object_loss=2.13421487808 distance_loss=2.1893954277
Iteration 94 of 100: loss=4.7739944458 object_loss=2.58480787277 distance_loss=2.18918681145
Iteration 95 of 100: loss=4.00736379623 object_loss=1.81841886044 distance_loss=2.18894481659
Iteration 96 of 100: loss=4.4729180336 object_loss=2.2844786644 distance_loss=2.1884393692
Iteration 97 of 100: loss=4.924908638 object_loss=2.73657917976 distance_loss=2.18832945824
Iteration 98 of 100: loss=5.26575994492 object_loss=3.07761788368 distance_loss=2.18814206123
Iteration 99 of 100: loss=5.17605495453 object_loss=2.9880001545 distance_loss=2.18805456161
Iteration 0 of 100: loss=4.52208805084 object_loss=2.33415365219 distance_loss=2.18793439865
Iteration 1 of 100: loss=4.9531545639 object_loss=2.7655146122 distance_loss=2.18763995171
Iteration 2 of 100: loss=4.87868452072 object_loss=2.69130945206 distance_loss=2.18737506866
Iteration 3 of 100: loss=4.41882610321 object_loss=2.23171687126 distance_loss=2.18710899353
Iteration 4 of 100: loss=4.13495111465 object_loss=1.94801008701 distance_loss=2.18694090843
Iteration 5 of 100: loss=4.35814476013 object_loss=2.17122411728 distance_loss=2.18692040443
Iteration 6 of 100: loss=4.18147611618 object_loss=1.99474060535 distance_loss=2.18673539162
Iteration 7 of 100: loss=4.16352844238 object_loss=1.97698938847 distance_loss=2.18653893471
Iteration 8 of 100: loss=4.65041589737 object_loss=2.4644677639 distance_loss=2.18594813347
Iteration 9 of 100: loss=4.53673267365 object_loss=2.35110092163 distance_loss=2.18563175201
Iteration 10 of 100: loss=4.51810073853 object_loss=2.33245992661 distance_loss=2.1856405735
Iteration 11 of 100: loss=4.32281064987 object_loss=2.13728713989 distance_loss=2.18552350998
Iteration 12 of 100: loss=4.66569471359 object_loss=2.48068237305 distance_loss=2.18501234055
Iteration 13 of 100: loss=4.75582790375 object_loss=2.57064270973 distance_loss=2.1851849556
Iteration 14 of 100: loss=4.24031734467 object_loss=2.05524969101 distance_loss=2.18506741524
Iteration 15 of 100: loss=5.14075517654 object_loss=2.9560585022 distance_loss=2.18469667435
Iteration 16 of 100: loss=5.08769798279 object_loss=2.90348911285 distance_loss=2.18420910835
Iteration 17 of 100: loss=4.9109287262 object_loss=2.72707152367 distance_loss=2.18385744095
Iteration 18 of 100: loss=4.65288972855 object_loss=2.46913337708 distance_loss=2.18375635147
Iteration 19 of 100: loss=4.471575737 object_loss=2.28796863556 distance_loss=2.18360733986
Iteration 20 of 100: loss=4.56836128235 object_loss=2.38518309593 distance_loss=2.183177948
Iteration 21 of 100: loss=5.01115036011 object_loss=2.82824993134 distance_loss=2.18290066719
Iteration 22 of 100: loss=5.85279130936 object_loss=3.66989183426 distance_loss=2.1828994751
Iteration 23 of 100: loss=5.72880363464 object_loss=3.54622936249 distance_loss=2.18257427216
Iteration 24 of 100: loss=5.38218975067 object_loss=3.19993710518 distance_loss=2.18225240707
Iteration 25 of 100: loss=6.36723232269 object_loss=4.18534421921 distance_loss=2.18188786507
Iteration 26 of 100: loss=6.18439388275 object_loss=4.00274848938 distance_loss=2.18164515495
Iteration 27 of 100: loss=4.89231109619 object_loss=2.71088647842 distance_loss=2.18142437935
Iteration 28 of 100: loss=4.80157279968 object_loss=2.6203622818 distance_loss=2.18121027946
Iteration 29 of 100: loss=4.49755191803 object_loss=2.31607890129 distance_loss=2.18147301674
Iteration 30 of 100: loss=5.19551181793 object_loss=3.01386022568 distance_loss=2.18165135384
Iteration 31 of 100: loss=4.77170181274 object_loss=2.58979272842 distance_loss=2.18190932274
Iteration 32 of 100: loss=4.12277317047 object_loss=1.94115817547 distance_loss=2.18161511421
Iteration 33 of 100: loss=4.87934875488 object_loss=2.69717645645 distance_loss=2.18217229843
Iteration 34 of 100: loss=4.03364753723 object_loss=1.85125756264 distance_loss=2.18239021301
Iteration 35 of 100: loss=3.61572742462 object_loss=1.43339216709 distance_loss=2.18233513832
Iteration 36 of 100: loss=4.756939888 object_loss=2.57469463348 distance_loss=2.18224525452
Iteration 37 of 100: loss=4.33020591736 object_loss=2.14797902107 distance_loss=2.18222665787
Iteration 38 of 100: loss=4.78954029083 object_loss=2.6073012352 distance_loss=2.18223929405
Iteration 39 of 100: loss=3.90479588509 object_loss=1.72235941887 distance_loss=2.18243646622
Iteration 40 of 100: loss=3.76987195015 object_loss=1.58744525909 distance_loss=2.18242669106
Iteration 41 of 100: loss=4.73067760468 object_loss=2.5483341217 distance_loss=2.18234372139
Iteration 42 of 100: loss=4.11804389954 object_loss=1.93551743031 distance_loss=2.18252658844
Iteration 43 of 100: loss=4.3427066803 object_loss=2.15982675552 distance_loss=2.18288016319
Iteration 44 of 100: loss=4.5641784668 object_loss=2.38112902641 distance_loss=2.18304920197
Iteration 45 of 100: loss=4.68829059601 object_loss=2.505007267 distance_loss=2.18328332901
Iteration 46 of 100: loss=4.59560012817 object_loss=2.41204667091 distance_loss=2.18355321884
Iteration 47 of 100: loss=4.49865722656 object_loss=2.3149023056 distance_loss=2.18375492096
Iteration 48 of 100: loss=4.79186916351 object_loss=2.60801839828 distance_loss=2.18385052681
Iteration 49 of 100: loss=5.22933769226 object_loss=3.04530930519 distance_loss=2.18402862549
Iteration 50 of 100: loss=4.47299289703 object_loss=2.28877830505 distance_loss=2.1842148304
Iteration 51 of 100: loss=4.3241944313 object_loss=2.1397049427 distance_loss=2.1844894886
Iteration 52 of 100: loss=4.53432846069 object_loss=2.35003304482 distance_loss=2.1842956543
Iteration 53 of 100: loss=4.46617126465 object_loss=2.28170919418 distance_loss=2.18446207047
Iteration 54 of 100: loss=4.48770713806 object_loss=2.3030154705 distance_loss=2.18469190598
Iteration 55 of 100: loss=4.79270076752 object_loss=2.60787343979 distance_loss=2.18482732773
Iteration 56 of 100: loss=4.72342205048 object_loss=2.53900384903 distance_loss=2.18441796303
Iteration 57 of 100: loss=4.09002351761 object_loss=1.90561926365 distance_loss=2.18440437317
Iteration 58 of 100: loss=3.92403793335 object_loss=1.73944807053 distance_loss=2.18458986282
Iteration 59 of 100: loss=3.48485469818 object_loss=1.30017971992 distance_loss=2.18467497826
Iteration 60 of 100: loss=3.47807312012 object_loss=1.29332256317 distance_loss=2.18475055695
Iteration 61 of 100: loss=4.0146074295 object_loss=1.8296456337 distance_loss=2.18496179581
Iteration 62 of 100: loss=3.5523788929 object_loss=1.36748456955 distance_loss=2.18489432335
Iteration 63 of 100: loss=3.74963855743 object_loss=1.56465816498 distance_loss=2.18498039246
Iteration 64 of 100: loss=3.53804063797 object_loss=1.35319840908 distance_loss=2.1848423481
Iteration 65 of 100: loss=3.88434839249 object_loss=1.69957911968 distance_loss=2.18476915359
Iteration 66 of 100: loss=4.59813213348 object_loss=2.41337156296 distance_loss=2.18476080894
Iteration 67 of 100: loss=4.65993404388 object_loss=2.47529459 distance_loss=2.18463921547
Iteration 68 of 100: loss=4.21684360504 object_loss=2.03234887123 distance_loss=2.18449473381
Iteration 69 of 100: loss=3.71372699738 object_loss=1.52883923054 distance_loss=2.18488788605
Iteration 70 of 100: loss=3.85867500305 object_loss=1.67359530926 distance_loss=2.18507957458
Iteration 71 of 100: loss=3.79793977737 object_loss=1.61296141148 distance_loss=2.18497848511
Iteration 72 of 100: loss=3.71182441711 object_loss=1.52705788612 distance_loss=2.18476653099
Iteration 73 of 100: loss=3.97895097733 object_loss=1.79416596889 distance_loss=2.18478488922
Iteration 74 of 100: loss=3.58620166779 object_loss=1.40151000023 distance_loss=2.18469166756
Iteration 75 of 100: loss=3.87537026405 object_loss=1.69091296196 distance_loss=2.18445730209
Iteration 76 of 100: loss=3.8541727066 object_loss=1.67003130913 distance_loss=2.18414139748
Iteration 77 of 100: loss=3.84656739235 object_loss=1.66268539429 distance_loss=2.18388199806
Iteration 78 of 100: loss=3.874604702 object_loss=1.69070565701 distance_loss=2.1838991642
Iteration 79 of 100: loss=5.05209732056 object_loss=2.86825108528 distance_loss=2.18384647369
Iteration 80 of 100: loss=3.82173061371 object_loss=1.63813924789 distance_loss=2.18359136581
Iteration 81 of 100: loss=3.84962749481 object_loss=1.66613018513 distance_loss=2.18349719048
Iteration 82 of 100: loss=3.81043052673 object_loss=1.62699687481 distance_loss=2.18343353271
Iteration 83 of 100: loss=3.69730424881 object_loss=1.51380562782 distance_loss=2.18349862099
Iteration 84 of 100: loss=3.7097287178 object_loss=1.52631747723 distance_loss=2.18341112137
Iteration 85 of 100: loss=3.84919071198 object_loss=1.66555714607 distance_loss=2.1836335659
Iteration 86 of 100: loss=3.96290874481 object_loss=1.7792340517 distance_loss=2.18367481232
Iteration 87 of 100: loss=3.78278470039 object_loss=1.59874558449 distance_loss=2.18403911591
Iteration 88 of 100: loss=3.77687454224 object_loss=1.59284794331 distance_loss=2.18402647972
Iteration 89 of 100: loss=4.07055187225 object_loss=1.88631272316 distance_loss=2.18423938751
Iteration 90 of 100: loss=3.73835754395 object_loss=1.5537570715 distance_loss=2.18460035324
Iteration 91 of 100: loss=3.8101785183 object_loss=1.62536287308 distance_loss=2.18481564522
Iteration 92 of 100: loss=3.61103439331 object_loss=1.42627465725 distance_loss=2.18475985527
Iteration 93 of 100: loss=3.89457273483 object_loss=1.70947217941 distance_loss=2.18510055542
Iteration 94 of 100: loss=3.99218225479 object_loss=1.80669558048 distance_loss=2.18548679352
Iteration 95 of 100: loss=3.75329732895 object_loss=1.56758129597 distance_loss=2.18571591377
Iteration 96 of 100: loss=3.91394209862 object_loss=1.72823667526 distance_loss=2.18570542336
Iteration 97 of 100: loss=4.00907802582 object_loss=1.82329237461 distance_loss=2.18578577042
Iteration 98 of 100: loss=4.02719402313 object_loss=1.84139108658 distance_loss=2.18580269814
Iteration 99 of 100: loss=4.24839401245 object_loss=2.06244564056 distance_loss=2.18594837189
Iteration 0 of 100: loss=4.80105113983 object_loss=2.61493372917 distance_loss=2.18611717224
Iteration 1 of 100: loss=4.67237949371 object_loss=2.48632049561 distance_loss=2.18605923653
Iteration 2 of 100: loss=4.77664995193 object_loss=2.5905585289 distance_loss=2.18609142303
Iteration 3 of 100: loss=6.60268211365 object_loss=4.4164223671 distance_loss=2.18625998497
Iteration 4 of 100: loss=5.82894515991 object_loss=3.64276695251 distance_loss=2.1861782074
Iteration 5 of 100: loss=5.75571870804 object_loss=3.56949949265 distance_loss=2.18621921539
Iteration 6 of 100: loss=5.52860021591 object_loss=3.34224748611 distance_loss=2.1863527298
Iteration 7 of 100: loss=5.33587598801 object_loss=3.14960432053 distance_loss=2.18627166748
Iteration 8 of 100: loss=6.01693439484 object_loss=3.8305516243 distance_loss=2.18638253212
Iteration 9 of 100: loss=7.01437664032 object_loss=4.82778549194 distance_loss=2.18659114838
Iteration 10 of 100: loss=5.82680463791 object_loss=3.64018058777 distance_loss=2.18662405014
Iteration 11 of 100: loss=6.48148488998 object_loss=4.29466104507 distance_loss=2.18682384491
Iteration 12 of 100: loss=6.35450649261 object_loss=4.16784858704 distance_loss=2.186658144
Iteration 13 of 100: loss=4.48739528656 object_loss=2.30045485497 distance_loss=2.18694067001
Iteration 14 of 100: loss=6.57117462158 object_loss=4.38383293152 distance_loss=2.18734145164
Iteration 15 of 100: loss=5.58689498901 object_loss=3.39956259727 distance_loss=2.18733215332
Iteration 16 of 100: loss=7.31711864471 object_loss=5.13015270233 distance_loss=2.18696594238
Iteration 17 of 100: loss=7.81972980499 object_loss=5.63269805908 distance_loss=2.18703150749
Iteration 18 of 100: loss=8.76270580292 object_loss=6.57574653625 distance_loss=2.18695902824
Iteration 19 of 100: loss=7.71295404434 object_loss=5.52612018585 distance_loss=2.18683385849
Iteration 20 of 100: loss=6.71525287628 object_loss=4.52839517593 distance_loss=2.18685746193
Iteration 21 of 100: loss=7.58675956726 object_loss=5.39978218079 distance_loss=2.18697762489
Iteration 22 of 100: loss=7.54740047455 object_loss=5.36037778854 distance_loss=2.18702292442
Iteration 23 of 100: loss=7.04220485687 object_loss=4.85485601425 distance_loss=2.18734884262
Iteration 24 of 100: loss=7.32992362976 object_loss=5.14253377914 distance_loss=2.18738985062
Iteration 25 of 100: loss=6.39676856995 object_loss=4.20929908752 distance_loss=2.18746948242
Iteration 26 of 100: loss=7.03576087952 object_loss=4.84816884995 distance_loss=2.18759202957
Iteration 27 of 100: loss=6.31494235992 object_loss=4.12753152847 distance_loss=2.18741083145
Iteration 28 of 100: loss=6.87277698517 object_loss=4.68593931198 distance_loss=2.18683767319
Iteration 29 of 100: loss=6.46776390076 object_loss=4.28111028671 distance_loss=2.18665361404
Iteration 30 of 100: loss=7.2435464859 object_loss=5.05696678162 distance_loss=2.18657946587
Iteration 31 of 100: loss=6.76561975479 object_loss=4.57938861847 distance_loss=2.18623113632
Iteration 32 of 100: loss=7.56854915619 object_loss=5.38263654709 distance_loss=2.18591237068
Iteration 33 of 100: loss=7.24274158478 object_loss=5.0569729805 distance_loss=2.1857688427
Iteration 34 of 100: loss=7.33301734924 object_loss=5.14732408524 distance_loss=2.18569326401
Iteration 35 of 100: loss=8.20058917999 object_loss=6.01509714127 distance_loss=2.18549180031
Iteration 36 of 100: loss=8.99791526794 object_loss=6.81286668777 distance_loss=2.18504810333
Iteration 37 of 100: loss=9.50896644592 object_loss=7.32413196564 distance_loss=2.18483424187
Iteration 38 of 100: loss=8.30103492737 object_loss=6.11614608765 distance_loss=2.18488836288
Iteration 39 of 100: loss=7.63107776642 object_loss=5.44600772858 distance_loss=2.18506979942
Iteration 40 of 100: loss=9.57098674774 object_loss=7.38620042801 distance_loss=2.18478631973
Iteration 41 of 100: loss=8.20007896423 object_loss=6.01514625549 distance_loss=2.18493247032
Iteration 42 of 100: loss=8.34856128693 object_loss=6.1637377739 distance_loss=2.18482351303
Iteration 43 of 100: loss=8.73944091797 object_loss=6.55463409424 distance_loss=2.18480730057
Iteration 44 of 100: loss=7.00706005096 object_loss=4.82229804993 distance_loss=2.18476176262
Iteration 45 of 100: loss=7.03018569946 object_loss=4.8455953598 distance_loss=2.18459033966
Iteration 46 of 100: loss=7.39667701721 object_loss=5.21220111847 distance_loss=2.18447589874
Iteration 47 of 100: loss=8.09007835388 object_loss=5.90545082092 distance_loss=2.18462705612
Iteration 48 of 100: loss=7.22234678268 object_loss=5.03766441345 distance_loss=2.18468236923
Iteration 49 of 100: loss=5.95700263977 object_loss=3.77204179764 distance_loss=2.18496060371
Iteration 50 of 100: loss=6.04411935806 object_loss=3.85887384415 distance_loss=2.18524551392
Iteration 51 of 100: loss=6.25724840164 object_loss=4.07177257538 distance_loss=2.18547582626
Iteration 52 of 100: loss=5.83278369904 object_loss=3.6476354599 distance_loss=2.18514823914
Iteration 53 of 100: loss=5.76591587067 object_loss=3.58064389229 distance_loss=2.1852722168
Iteration 54 of 100: loss=5.87853527069 object_loss=3.69309234619 distance_loss=2.18544268608
Iteration 55 of 100: loss=5.25154876709 object_loss=3.06586623192 distance_loss=2.18568277359
Iteration 56 of 100: loss=5.8744392395 object_loss=3.68873405457 distance_loss=2.18570494652
Iteration 57 of 100: loss=6.4429769516 object_loss=4.2572221756 distance_loss=2.18575453758
Iteration 58 of 100: loss=5.93303442001 object_loss=3.74730014801 distance_loss=2.185734272
Iteration 59 of 100: loss=5.82463932037 object_loss=3.63881540298 distance_loss=2.18582391739
Iteration 60 of 100: loss=6.29038858414 object_loss=4.10457801819 distance_loss=2.18581056595
Iteration 61 of 100: loss=5.00652694702 object_loss=2.82092237473 distance_loss=2.18560481071
Iteration 62 of 100: loss=5.28342151642 object_loss=3.09782075882 distance_loss=2.1856007576
Iteration 63 of 100: loss=4.56839609146 object_loss=2.3827855587 distance_loss=2.18561053276
Iteration 64 of 100: loss=7.09665966034 object_loss=4.91125535965 distance_loss=2.18540406227
Iteration 65 of 100: loss=6.84247207642 object_loss=4.65721559525 distance_loss=2.18525648117
Iteration 66 of 100: loss=6.35036468506 object_loss=4.16528940201 distance_loss=2.18507528305
Iteration 67 of 100: loss=6.0845708847 object_loss=3.89975452423 distance_loss=2.18481612206
Iteration 68 of 100: loss=5.71715450287 object_loss=3.5324151516 distance_loss=2.18473911285
Iteration 69 of 100: loss=5.63994121552 object_loss=3.45504355431 distance_loss=2.18489742279
Iteration 70 of 100: loss=6.24559593201 object_loss=4.06082868576 distance_loss=2.18476700783
Iteration 71 of 100: loss=6.07891941071 object_loss=3.8942964077 distance_loss=2.18462324142
Iteration 72 of 100: loss=6.03328847885 object_loss=3.8489522934 distance_loss=2.18433618546
Iteration 73 of 100: loss=6.17800569534 object_loss=3.99346733093 distance_loss=2.18453836441
Iteration 74 of 100: loss=6.67476940155 object_loss=4.4903512001 distance_loss=2.18441820145
Iteration 75 of 100: loss=4.69738388062 object_loss=2.51299166679 distance_loss=2.1843919754
Iteration 76 of 100: loss=4.06157588959 object_loss=1.87752199173 distance_loss=2.18405389786
Iteration 77 of 100: loss=4.99240493774 object_loss=2.80828166008 distance_loss=2.18412303925
Iteration 78 of 100: loss=5.15508270264 object_loss=2.97075843811 distance_loss=2.18432450294
Iteration 79 of 100: loss=5.57975196838 object_loss=3.39528942108 distance_loss=2.18446230888
Iteration 80 of 100: loss=4.89012050629 object_loss=2.70540237427 distance_loss=2.18471837044
Iteration 81 of 100: loss=5.54789352417 object_loss=3.3629989624 distance_loss=2.18489456177
Iteration 82 of 100: loss=5.87953472137 object_loss=3.69475102425 distance_loss=2.18478393555
Iteration 83 of 100: loss=5.42205524445 object_loss=3.23691105843 distance_loss=2.18514418602
Iteration 84 of 100: loss=5.89961433411 object_loss=3.71396875381 distance_loss=2.18564534187
Iteration 85 of 100: loss=7.84130907059 object_loss=5.6554107666 distance_loss=2.18589830399
Iteration 86 of 100: loss=6.38489151001 object_loss=4.19854688644 distance_loss=2.18634438515
Iteration 87 of 100: loss=6.69971132278 object_loss=4.51299381256 distance_loss=2.18671751022
Iteration 88 of 100: loss=7.00751781464 object_loss=4.82080125809 distance_loss=2.18671655655
Iteration 89 of 100: loss=8.17694282532 object_loss=5.9898686409 distance_loss=2.18707370758
Iteration 90 of 100: loss=6.44326639175 object_loss=4.25572109222 distance_loss=2.18754529953
Iteration 91 of 100: loss=6.88230419159 object_loss=4.69470310211 distance_loss=2.18760085106
Iteration 92 of 100: loss=7.71749448776 object_loss=5.53035593033 distance_loss=2.18713855743
Iteration 93 of 100: loss=8.06425666809 object_loss=5.87699747086 distance_loss=2.18725967407
Iteration 94 of 100: loss=6.71648645401 object_loss=4.52918958664 distance_loss=2.18729686737
Iteration 95 of 100: loss=8.63224029541 object_loss=6.44444847107 distance_loss=2.18779206276
Iteration 96 of 100: loss=6.76885223389 object_loss=4.58122682571 distance_loss=2.18762516975
Iteration 97 of 100: loss=6.56674480438 object_loss=4.37904024124 distance_loss=2.18770456314
Iteration 98 of 100: loss=7.21973514557 object_loss=5.03168821335 distance_loss=2.18804693222
Iteration 99 of 100: loss=7.80648183823 object_loss=5.61821222305 distance_loss=2.18826961517
Iteration 0 of 100: loss=7.35628700256 object_loss=5.16823673248 distance_loss=2.18805027008
Iteration 1 of 100: loss=6.49396800995 object_loss=4.30575561523 distance_loss=2.1882121563
Iteration 2 of 100: loss=7.28081798553 object_loss=5.09262657166 distance_loss=2.18819117546
Iteration 3 of 100: loss=8.31867694855 object_loss=6.13078403473 distance_loss=2.18789315224
Iteration 4 of 100: loss=7.55693721771 object_loss=5.369120121 distance_loss=2.18781733513
Iteration 5 of 100: loss=6.73913288116 object_loss=4.55119609833 distance_loss=2.18793654442
Iteration 6 of 100: loss=5.45200538635 object_loss=3.26411485672 distance_loss=2.18789052963
Iteration 7 of 100: loss=6.00281238556 object_loss=3.814650774 distance_loss=2.18816161156
Iteration 8 of 100: loss=5.96096611023 object_loss=3.7724943161 distance_loss=2.18847155571
Iteration 9 of 100: loss=6.32466030121 object_loss=4.13576507568 distance_loss=2.18889546394
Iteration 10 of 100: loss=4.76669883728 object_loss=2.57736158371 distance_loss=2.18933725357
Iteration 11 of 100: loss=6.60631942749 object_loss=4.41645431519 distance_loss=2.1898651123
Iteration 12 of 100: loss=5.57746171951 object_loss=3.38739657402 distance_loss=2.19006514549
Iteration 13 of 100: loss=5.11479377747 object_loss=2.92411565781 distance_loss=2.19067788124
Iteration 14 of 100: loss=5.875207901 object_loss=3.68402910233 distance_loss=2.19117856026
Iteration 15 of 100: loss=5.75461483002 object_loss=3.56305885315 distance_loss=2.19155573845
Iteration 16 of 100: loss=5.76718473434 object_loss=3.57537102699 distance_loss=2.19181370735
Iteration 17 of 100: loss=6.42075443268 object_loss=4.2287311554 distance_loss=2.19202303886
Iteration 18 of 100: loss=6.71898365021 object_loss=4.52681016922 distance_loss=2.19217324257
Iteration 19 of 100: loss=7.4385266304 object_loss=5.24584388733 distance_loss=2.19268274307
Iteration 20 of 100: loss=8.16375923157 object_loss=5.9706864357 distance_loss=2.19307255745
Iteration 21 of 100: loss=9.917137146 object_loss=7.72410726547 distance_loss=2.19302988052
Iteration 22 of 100: loss=9.8495759964 object_loss=7.65628623962 distance_loss=2.19328975677
Iteration 23 of 100: loss=8.38333034515 object_loss=6.18987083435 distance_loss=2.1934595108
Iteration 24 of 100: loss=7.0721206665 object_loss=4.87889051437 distance_loss=2.19322991371
Iteration 25 of 100: loss=8.54104614258 object_loss=6.34789991379 distance_loss=2.19314575195
Iteration 26 of 100: loss=9.23768138885 object_loss=7.04480314255 distance_loss=2.19287800789
Iteration 27 of 100: loss=8.55455207825 object_loss=6.36159229279 distance_loss=2.19295978546
Iteration 28 of 100: loss=8.40673542023 object_loss=6.21364545822 distance_loss=2.19308972359
Iteration 29 of 100: loss=8.89909076691 object_loss=6.70573234558 distance_loss=2.19335818291
Iteration 30 of 100: loss=9.37278366089 object_loss=7.17942476273 distance_loss=2.19335889816
Iteration 31 of 100: loss=9.52225112915 object_loss=7.32887744904 distance_loss=2.19337320328
Iteration 32 of 100: loss=6.25590133667 object_loss=4.06268978119 distance_loss=2.19321155548
Iteration 33 of 100: loss=10.291097641 object_loss=8.09755992889 distance_loss=2.19353818893
Iteration 34 of 100: loss=9.02396011353 object_loss=6.82995414734 distance_loss=2.19400644302
Iteration 35 of 100: loss=7.9651889801 object_loss=5.77101278305 distance_loss=2.19417643547
Iteration 36 of 100: loss=8.76370048523 object_loss=6.56974935532 distance_loss=2.19395112991
Iteration 37 of 100: loss=8.59899711609 object_loss=6.40483665466 distance_loss=2.19415998459
Iteration 38 of 100: loss=8.22183227539 object_loss=6.02761745453 distance_loss=2.1942152977
Iteration 39 of 100: loss=8.42166042328 object_loss=6.22744369507 distance_loss=2.19421696663
Iteration 40 of 100: loss=8.23221492767 object_loss=6.03806734085 distance_loss=2.19414758682
Iteration 41 of 100: loss=8.33690547943 object_loss=6.14338874817 distance_loss=2.19351673126
Iteration 42 of 100: loss=7.66301345825 object_loss=5.46997785568 distance_loss=2.19303584099
Iteration 43 of 100: loss=9.10721206665 object_loss=6.91445541382 distance_loss=2.19275665283
Iteration 44 of 100: loss=10.5797901154 object_loss=8.38716125488 distance_loss=2.19262933731
Iteration 45 of 100: loss=10.9913759232 object_loss=8.79874420166 distance_loss=2.19263148308
Iteration 46 of 100: loss=9.47212219238 object_loss=7.27938604355 distance_loss=2.19273591042
Iteration 47 of 100: loss=9.95138072968 object_loss=7.75860786438 distance_loss=2.19277262688
Iteration 48 of 100: loss=10.2521734238 object_loss=8.05959796906 distance_loss=2.19257521629
Iteration 49 of 100: loss=10.6406202316 object_loss=8.44807720184 distance_loss=2.1925432682
Iteration 50 of 100: loss=11.1428155899 object_loss=8.95027446747 distance_loss=2.19254136086
Iteration 51 of 100: loss=9.97832870483 object_loss=7.78583908081 distance_loss=2.19248914719
Iteration 52 of 100: loss=10.9932365417 object_loss=8.8011264801 distance_loss=2.19210982323
Iteration 53 of 100: loss=12.4111022949 object_loss=10.2187728882 distance_loss=2.19232940674
Iteration 54 of 100: loss=10.5755414963 object_loss=8.38286209106 distance_loss=2.19267916679
Iteration 55 of 100: loss=6.98440313339 object_loss=4.79147529602 distance_loss=2.19292783737
Iteration 56 of 100: loss=6.46963405609 object_loss=4.27662038803 distance_loss=2.19301342964
Iteration 57 of 100: loss=4.5327129364 object_loss=2.33968663216 distance_loss=2.19302630424
Iteration 58 of 100: loss=4.85566329956 object_loss=2.66277313232 distance_loss=2.19289040565
Iteration 59 of 100: loss=6.45533657074 object_loss=4.26248788834 distance_loss=2.1928486824
Iteration 60 of 100: loss=5.74628829956 object_loss=3.55377435684 distance_loss=2.19251418114
Iteration 61 of 100: loss=6.38990688324 object_loss=4.19743442535 distance_loss=2.1924726963
Iteration 62 of 100: loss=5.671251297 object_loss=3.47865009308 distance_loss=2.19260144234
Iteration 63 of 100: loss=6.3058052063 object_loss=4.11306190491 distance_loss=2.19274353981
Iteration 64 of 100: loss=6.68493556976 object_loss=4.49234485626 distance_loss=2.1925907135
Iteration 65 of 100: loss=8.38272190094 object_loss=6.19024467468 distance_loss=2.19247698784
Iteration 66 of 100: loss=6.80859279633 object_loss=4.61626911163 distance_loss=2.19232392311
Iteration 67 of 100: loss=6.66140127182 object_loss=4.46906995773 distance_loss=2.19233131409
Iteration 68 of 100: loss=6.68881940842 object_loss=4.49666404724 distance_loss=2.19215536118
Iteration 69 of 100: loss=6.08673715591 object_loss=3.89460134506 distance_loss=2.19213581085
Iteration 70 of 100: loss=7.11672973633 object_loss=4.92441654205 distance_loss=2.19231319427
Iteration 71 of 100: loss=9.13422584534 object_loss=6.94169378281 distance_loss=2.19253158569
Iteration 72 of 100: loss=8.24121284485 object_loss=6.04941272736 distance_loss=2.19179987907
Iteration 73 of 100: loss=6.25233364105 object_loss=4.0604839325 distance_loss=2.19184947014
Iteration 74 of 100: loss=9.00611209869 object_loss=6.81378555298 distance_loss=2.19232654572
Iteration 75 of 100: loss=7.71303844452 object_loss=5.52046537399 distance_loss=2.19257330894
Iteration 76 of 100: loss=7.11350727081 object_loss=4.92058181763 distance_loss=2.19292545319
Iteration 77 of 100: loss=9.1009759903 object_loss=6.90804576874 distance_loss=2.19292998314
Iteration 78 of 100: loss=7.38376235962 object_loss=5.19073963165 distance_loss=2.19302296638
Iteration 79 of 100: loss=6.299741745 object_loss=4.10646724701 distance_loss=2.1932747364
Iteration 80 of 100: loss=6.44959211349 object_loss=4.25625228882 distance_loss=2.19333982468
Iteration 81 of 100: loss=5.69630908966 object_loss=3.50290727615 distance_loss=2.19340157509
Iteration 82 of 100: loss=6.51212406158 object_loss=4.31864643097 distance_loss=2.19347786903
Iteration 83 of 100: loss=7.07900238037 object_loss=4.8851184845 distance_loss=2.19388365746
Iteration 84 of 100: loss=6.3128361702 object_loss=4.11889600754 distance_loss=2.19394016266
Iteration 85 of 100: loss=9.08175849915 object_loss=6.88737249374 distance_loss=2.19438552856
Iteration 86 of 100: loss=8.61163139343 object_loss=6.41716814041 distance_loss=2.1944630146
Iteration 87 of 100: loss=7.87225914001 object_loss=5.67787027359 distance_loss=2.19438862801
Iteration 88 of 100: loss=7.87920188904 object_loss=5.68451404572 distance_loss=2.19468808174
Iteration 89 of 100: loss=9.42903900146 object_loss=7.23408889771 distance_loss=2.1949505806
Iteration 90 of 100: loss=9.47430229187 object_loss=7.27910804749 distance_loss=2.19519472122
Iteration 91 of 100: loss=8.6634054184 object_loss=6.46782302856 distance_loss=2.19558215141
Iteration 92 of 100: loss=8.01069068909 object_loss=5.81522989273 distance_loss=2.19546031952
Iteration 93 of 100: loss=10.3532896042 object_loss=8.15741729736 distance_loss=2.19587206841
Iteration 94 of 100: loss=9.95094490051 object_loss=7.75454759598 distance_loss=2.19639706612
Iteration 95 of 100: loss=9.09881401062 object_loss=6.90212917328 distance_loss=2.19668531418
Iteration 96 of 100: loss=7.40160799026 object_loss=5.20475196838 distance_loss=2.19685602188
Iteration 97 of 100: loss=8.05208396912 object_loss=5.85499763489 distance_loss=2.19708609581
Iteration 98 of 100: loss=7.39219665527 object_loss=5.19487380981 distance_loss=2.19732260704
Iteration 99 of 100: loss=5.17844963074 object_loss=2.98095917702 distance_loss=2.1974902153
Iteration 0 of 100: loss=4.37572479248 object_loss=2.1780667305 distance_loss=2.19765782356
Iteration 1 of 100: loss=4.72834444046 object_loss=2.53082466125 distance_loss=2.19751977921
Iteration 2 of 100: loss=4.89146232605 object_loss=2.69399333 distance_loss=2.19746923447
Iteration 3 of 100: loss=5.41399765015 object_loss=3.21655106544 distance_loss=2.1974465847
Iteration 4 of 100: loss=5.23254203796 object_loss=3.03533363342 distance_loss=2.19720840454
Iteration 5 of 100: loss=4.37411212921 object_loss=2.17727208138 distance_loss=2.19684028625
Iteration 6 of 100: loss=4.58650493622 object_loss=2.3895778656 distance_loss=2.1969268322
Iteration 7 of 100: loss=5.1555480957 object_loss=2.95862674713 distance_loss=2.19692134857
Iteration 8 of 100: loss=4.58243656158 object_loss=2.38589286804 distance_loss=2.19654393196
Iteration 9 of 100: loss=4.86175632477 object_loss=2.66525530815 distance_loss=2.19650101662
Iteration 10 of 100: loss=4.98903417587 object_loss=2.79251003265 distance_loss=2.19652414322
Iteration 11 of 100: loss=4.11479616165 object_loss=1.91838920116 distance_loss=2.19640684128
Iteration 12 of 100: loss=4.21160411835 object_loss=2.01555609703 distance_loss=2.19604825974
Iteration 13 of 100: loss=4.40429878235 object_loss=2.20817446709 distance_loss=2.19612455368
Iteration 14 of 100: loss=4.9048166275 object_loss=2.70877695084 distance_loss=2.19603991508
Iteration 15 of 100: loss=4.78508472443 object_loss=2.58916211128 distance_loss=2.19592237473
Iteration 16 of 100: loss=5.22584342957 object_loss=3.03016710281 distance_loss=2.19567632675
Iteration 17 of 100: loss=6.08526325226 object_loss=3.88965606689 distance_loss=2.19560694695
Iteration 18 of 100: loss=5.68353366852 object_loss=3.48782444 distance_loss=2.19570922852
Iteration 19 of 100: loss=6.40679550171 object_loss=4.21072912216 distance_loss=2.19606614113
Iteration 20 of 100: loss=5.98322057724 object_loss=3.78732705116 distance_loss=2.19589352608
Iteration 21 of 100: loss=6.04526996613 object_loss=3.84923195839 distance_loss=2.19603800774
Iteration 22 of 100: loss=5.81471443176 object_loss=3.61852550507 distance_loss=2.19618916512
Iteration 23 of 100: loss=5.76463937759 object_loss=3.56810951233 distance_loss=2.19652986526
Iteration 24 of 100: loss=6.15886688232 object_loss=3.96200084686 distance_loss=2.19686603546
Iteration 25 of 100: loss=5.27253055573 object_loss=3.0754840374 distance_loss=2.19704651833
Iteration 26 of 100: loss=5.35821628571 object_loss=3.16096401215 distance_loss=2.19725227356
Iteration 27 of 100: loss=5.10928583145 object_loss=2.91177105904 distance_loss=2.19751477242
Iteration 28 of 100: loss=5.47142028809 object_loss=3.27365612984 distance_loss=2.19776439667
Iteration 29 of 100: loss=5.96130084991 object_loss=3.7633972168 distance_loss=2.1979033947
Iteration 30 of 100: loss=6.0539560318 object_loss=3.85580730438 distance_loss=2.198148489
Iteration 31 of 100: loss=6.05008983612 object_loss=3.85175824165 distance_loss=2.19833159447
Iteration 32 of 100: loss=5.66915035248 object_loss=3.47102379799 distance_loss=2.19812655449
Iteration 33 of 100: loss=5.17179584503 object_loss=2.97327184677 distance_loss=2.19852423668
Iteration 34 of 100: loss=5.56429862976 object_loss=3.36552047729 distance_loss=2.19877791405
Iteration 35 of 100: loss=6.29483985901 object_loss=4.09589862823 distance_loss=2.19894123077
Iteration 36 of 100: loss=5.92679405212 object_loss=3.72789216042 distance_loss=2.19890213013
Iteration 37 of 100: loss=6.82001256943 object_loss=4.62095403671 distance_loss=2.19905853271
Iteration 38 of 100: loss=6.94507598877 object_loss=4.74629354477 distance_loss=2.19878268242
Iteration 39 of 100: loss=6.83472490311 object_loss=4.63604593277 distance_loss=2.19867897034
Iteration 40 of 100: loss=7.60615634918 object_loss=5.40746736526 distance_loss=2.19868922234
Iteration 41 of 100: loss=6.89580345154 object_loss=4.69701719284 distance_loss=2.19878602028
Iteration 42 of 100: loss=5.4092540741 object_loss=3.21011519432 distance_loss=2.19913911819
Iteration 43 of 100: loss=5.62532138824 object_loss=3.42609238625 distance_loss=2.199229002
Iteration 44 of 100: loss=7.60249233246 object_loss=5.40361309052 distance_loss=2.19887924194
Iteration 45 of 100: loss=9.06288337708 object_loss=6.86412382126 distance_loss=2.19875955582
Iteration 46 of 100: loss=7.35865116119 object_loss=5.15994358063 distance_loss=2.19870734215
Iteration 47 of 100: loss=8.75956058502 object_loss=6.56096792221 distance_loss=2.19859266281
Iteration 48 of 100: loss=8.00870418549 object_loss=5.80997896194 distance_loss=2.19872546196
Iteration 49 of 100: loss=7.66987037659 object_loss=5.47078943253 distance_loss=2.19908070564
Iteration 50 of 100: loss=6.4171795845 object_loss=4.21805429459 distance_loss=2.19912528992
Iteration 51 of 100: loss=5.83443546295 object_loss=3.63501143456 distance_loss=2.1994240284
Iteration 52 of 100: loss=6.19989204407 object_loss=4.00059223175 distance_loss=2.19929981232
Iteration 53 of 100: loss=6.64151573181 object_loss=4.44222640991 distance_loss=2.19928908348
Iteration 54 of 100: loss=6.80849075317 object_loss=4.60904979706 distance_loss=2.19944095612
Iteration 55 of 100: loss=6.9599943161 object_loss=4.76051950455 distance_loss=2.19947457314
Iteration 56 of 100: loss=8.24377250671 object_loss=6.0446434021 distance_loss=2.19912862778
Iteration 57 of 100: loss=7.68870735168 object_loss=5.48961257935 distance_loss=2.19909477234
Iteration 58 of 100: loss=8.04671382904 object_loss=5.84775829315 distance_loss=2.19895577431
Iteration 59 of 100: loss=7.17301559448 object_loss=4.97387313843 distance_loss=2.19914245605
Iteration 60 of 100: loss=7.85349321365 object_loss=5.65409708023 distance_loss=2.19939613342
Iteration 61 of 100: loss=7.90350866318 object_loss=5.70414543152 distance_loss=2.19936323166
Iteration 62 of 100: loss=9.88631343842 object_loss=7.68702507019 distance_loss=2.19928812981
Iteration 63 of 100: loss=10.0894479752 object_loss=7.88970851898 distance_loss=2.1997396946
Iteration 64 of 100: loss=9.93797683716 object_loss=7.73793935776 distance_loss=2.20003795624
Iteration 65 of 100: loss=9.32439899445 object_loss=7.12406539917 distance_loss=2.20033359528
Iteration 66 of 100: loss=9.08013725281 object_loss=6.87952852249 distance_loss=2.20060825348
Iteration 67 of 100: loss=8.09920692444 object_loss=5.89849948883 distance_loss=2.20070719719
Iteration 68 of 100: loss=6.36999225616 object_loss=4.16951084137 distance_loss=2.20048117638
Iteration 69 of 100: loss=7.12700176239 object_loss=4.9263920784 distance_loss=2.20060968399
Iteration 70 of 100: loss=5.76603031158 object_loss=3.56546115875 distance_loss=2.20056915283
Iteration 71 of 100: loss=5.82679700851 object_loss=3.62633156776 distance_loss=2.20046544075
Iteration 72 of 100: loss=6.28034687042 object_loss=4.08010816574 distance_loss=2.20023870468
Iteration 73 of 100: loss=6.67387485504 object_loss=4.47358417511 distance_loss=2.20029044151
Iteration 74 of 100: loss=7.55395078659 object_loss=5.35374879837 distance_loss=2.20020198822
Iteration 75 of 100: loss=6.04657793045 object_loss=3.846316576 distance_loss=2.20026135445
Iteration 76 of 100: loss=5.94082641602 object_loss=3.74103569984 distance_loss=2.19979095459
Iteration 77 of 100: loss=7.35013961792 object_loss=5.15041780472 distance_loss=2.19972205162
Iteration 78 of 100: loss=6.66236925125 object_loss=4.46266460419 distance_loss=2.19970464706
Iteration 79 of 100: loss=6.59470272064 object_loss=4.39508104324 distance_loss=2.19962143898
Iteration 80 of 100: loss=6.92999076843 object_loss=4.73053359985 distance_loss=2.199457407
Iteration 81 of 100: loss=7.33963346481 object_loss=5.14022445679 distance_loss=2.19940900803
Iteration 82 of 100: loss=6.35326337814 object_loss=4.15364027023 distance_loss=2.19962310791
Iteration 83 of 100: loss=7.03702116013 object_loss=4.83725643158 distance_loss=2.19976472855
Iteration 84 of 100: loss=6.575340271 object_loss=4.37542819977 distance_loss=2.19991230965
Iteration 85 of 100: loss=6.2749376297 object_loss=4.07506656647 distance_loss=2.19987130165
Iteration 86 of 100: loss=7.67192840576 object_loss=5.47209262848 distance_loss=2.19983553886
Iteration 87 of 100: loss=6.9151058197 object_loss=4.71527576447 distance_loss=2.19983005524
Iteration 88 of 100: loss=6.90028953552 object_loss=4.70037746429 distance_loss=2.19991183281
Iteration 89 of 100: loss=6.35432243347 object_loss=4.15399980545 distance_loss=2.20032286644
Iteration 90 of 100: loss=7.97980308533 object_loss=5.77915525436 distance_loss=2.20064806938
Iteration 91 of 100: loss=7.17513275146 object_loss=4.97416687012 distance_loss=2.20096611977
Iteration 92 of 100: loss=8.15339756012 object_loss=5.9528093338 distance_loss=2.20058846474
Iteration 93 of 100: loss=6.42154598236 object_loss=4.22075271606 distance_loss=2.2007932663
Iteration 94 of 100: loss=6.56050872803 object_loss=4.35980606079 distance_loss=2.20070290565
Iteration 95 of 100: loss=6.9554142952 object_loss=4.75477790833 distance_loss=2.20063638687
Iteration 96 of 100: loss=6.52023506165 object_loss=4.31989145279 distance_loss=2.20034337044
Iteration 97 of 100: loss=6.39659976959 object_loss=4.19640731812 distance_loss=2.20019245148
Iteration 98 of 100: loss=6.84488964081 object_loss=4.6448969841 distance_loss=2.19999265671
Iteration 99 of 100: loss=6.19764518738 object_loss=3.99796628952 distance_loss=2.19967913628
Iteration 0 of 100: loss=5.46840381622 object_loss=3.26901221275 distance_loss=2.19939160347
Iteration 1 of 100: loss=5.51632547379 object_loss=3.31725358963 distance_loss=2.19907188416
Iteration 2 of 100: loss=6.06781196594 object_loss=3.86917185783 distance_loss=2.19864034653
Iteration 3 of 100: loss=4.87551784515 object_loss=2.67711043358 distance_loss=2.19840764999
Iteration 4 of 100: loss=4.70878696442 object_loss=2.510825634 distance_loss=2.197961092
Iteration 5 of 100: loss=4.24403905869 object_loss=2.04647946358 distance_loss=2.19755959511
Iteration 6 of 100: loss=4.45968866348 object_loss=2.26231408119 distance_loss=2.19737458229
Iteration 7 of 100: loss=4.59334516525 object_loss=2.39617395401 distance_loss=2.19717121124
Iteration 8 of 100: loss=4.29242229462 object_loss=2.09551095963 distance_loss=2.19691109657
Iteration 9 of 100: loss=4.57301235199 object_loss=2.37626671791 distance_loss=2.1967458725
Iteration 10 of 100: loss=4.41954231262 object_loss=2.22288990021 distance_loss=2.19665241241
Iteration 11 of 100: loss=4.33907604218 object_loss=2.14245319366 distance_loss=2.19662308693
Iteration 12 of 100: loss=5.64043998718 object_loss=3.44416213036 distance_loss=2.19627785683
Iteration 13 of 100: loss=4.17657423019 object_loss=1.98018217087 distance_loss=2.19639205933
Iteration 14 of 100: loss=4.33001947403 object_loss=2.13357543945 distance_loss=2.19644403458
Iteration 15 of 100: loss=4.57150411606 object_loss=2.37522554398 distance_loss=2.19627857208
Iteration 16 of 100: loss=4.6016702652 object_loss=2.40573191643 distance_loss=2.19593811035
Iteration 17 of 100: loss=4.9123044014 object_loss=2.71635055542 distance_loss=2.19595384598
Iteration 18 of 100: loss=4.45386791229 object_loss=2.25763034821 distance_loss=2.19623780251
Iteration 19 of 100: loss=4.57829618454 object_loss=2.38194990158 distance_loss=2.19634628296
Iteration 20 of 100: loss=4.83739852905 object_loss=2.64109539986 distance_loss=2.19630289078
Iteration 21 of 100: loss=4.70620155334 object_loss=2.50978016853 distance_loss=2.19642138481
Iteration 22 of 100: loss=4.8661813736 object_loss=2.67001605034 distance_loss=2.19616508484
Iteration 23 of 100: loss=5.08453845978 object_loss=2.88836121559 distance_loss=2.1961774826
Iteration 24 of 100: loss=4.66623401642 object_loss=2.4701218605 distance_loss=2.19611215591
Iteration 25 of 100: loss=5.24321556091 object_loss=3.04707288742 distance_loss=2.19614291191
Iteration 26 of 100: loss=5.21547222137 object_loss=3.01922082901 distance_loss=2.19625115395
Iteration 27 of 100: loss=6.86387062073 object_loss=4.66750621796 distance_loss=2.19636464119
Iteration 28 of 100: loss=5.7899851799 object_loss=3.59371089935 distance_loss=2.19627428055
Iteration 29 of 100: loss=5.2430357933 object_loss=3.04646086693 distance_loss=2.19657492638
Iteration 30 of 100: loss=5.36206817627 object_loss=3.16533255577 distance_loss=2.1967356205
Iteration 31 of 100: loss=4.85823822021 object_loss=2.66151714325 distance_loss=2.19672107697
Iteration 32 of 100: loss=5.04626178741 object_loss=2.84961509705 distance_loss=2.19664669037
Iteration 33 of 100: loss=4.94509887695 object_loss=2.74823522568 distance_loss=2.19686365128
Iteration 34 of 100: loss=6.16022872925 object_loss=3.9634771347 distance_loss=2.19675183296
Iteration 35 of 100: loss=5.83229589462 object_loss=3.63554763794 distance_loss=2.19674825668
Iteration 36 of 100: loss=5.5651807785 object_loss=3.36848735809 distance_loss=2.19669342041
Iteration 37 of 100: loss=5.27556419373 object_loss=3.07900190353 distance_loss=2.19656229019
Iteration 38 of 100: loss=5.57728099823 object_loss=3.38060760498 distance_loss=2.19667339325
Iteration 39 of 100: loss=6.06228542328 object_loss=3.86535787582 distance_loss=2.19692778587
Iteration 40 of 100: loss=5.96200084686 object_loss=3.76508235931 distance_loss=2.19691848755
Iteration 41 of 100: loss=5.17884111404 object_loss=2.98187923431 distance_loss=2.19696187973
Iteration 42 of 100: loss=5.59713554382 object_loss=3.40000510216 distance_loss=2.19713068008
Iteration 43 of 100: loss=5.21101427078 object_loss=3.01396155357 distance_loss=2.19705271721
Iteration 44 of 100: loss=5.45152282715 object_loss=3.25435161591 distance_loss=2.19717097282
Iteration 45 of 100: loss=6.96513938904 object_loss=4.76792001724 distance_loss=2.1972193718
Iteration 46 of 100: loss=6.92848968506 object_loss=4.73115205765 distance_loss=2.19733762741
Iteration 47 of 100: loss=6.36042690277 object_loss=4.16272640228 distance_loss=2.19770073891
Iteration 48 of 100: loss=6.29943275452 object_loss=4.10194730759 distance_loss=2.19748520851
Iteration 49 of 100: loss=6.299451828 object_loss=4.10196971893 distance_loss=2.19748210907
Iteration 50 of 100: loss=6.78463506699 object_loss=4.58694171906 distance_loss=2.19769334793
Iteration 51 of 100: loss=6.42823076248 object_loss=4.23043632507 distance_loss=2.19779443741
Iteration 52 of 100: loss=6.87432670593 object_loss=4.67692756653 distance_loss=2.19739937782
Iteration 53 of 100: loss=6.18880081177 object_loss=3.99108457565 distance_loss=2.1977159977
Iteration 54 of 100: loss=6.10921859741 object_loss=3.91137051582 distance_loss=2.19784784317
Iteration 55 of 100: loss=8.1788482666 object_loss=5.98112821579 distance_loss=2.19771981239
Iteration 56 of 100: loss=7.5632853508 object_loss=5.36592626572 distance_loss=2.19735908508
Iteration 57 of 100: loss=7.72762107849 object_loss=5.53054237366 distance_loss=2.19707870483
Iteration 58 of 100: loss=8.02398967743 object_loss=5.82701015472 distance_loss=2.19697952271
Iteration 59 of 100: loss=7.98422622681 object_loss=5.78725290298 distance_loss=2.19697356224
Iteration 60 of 100: loss=7.3363366127 object_loss=5.13977003098 distance_loss=2.19656658173
Iteration 61 of 100: loss=7.22323131561 object_loss=5.02698707581 distance_loss=2.19624447823
Iteration 62 of 100: loss=7.98291492462 object_loss=5.78689193726 distance_loss=2.19602274895
Iteration 63 of 100: loss=9.46964645386 object_loss=7.27391862869 distance_loss=2.19572734833
Iteration 64 of 100: loss=8.01401138306 object_loss=5.81871652603 distance_loss=2.19529438019
Iteration 65 of 100: loss=7.39897251129 object_loss=5.20396471024 distance_loss=2.19500803947
Iteration 66 of 100: loss=8.12833786011 object_loss=5.93372535706 distance_loss=2.19461297989
Iteration 67 of 100: loss=8.34512901306 object_loss=6.15108823776 distance_loss=2.19404053688
Iteration 68 of 100: loss=9.85871505737 object_loss=7.66511917114 distance_loss=2.19359612465
Iteration 69 of 100: loss=9.42769622803 object_loss=7.23419237137 distance_loss=2.19350409508
Iteration 70 of 100: loss=8.86485481262 object_loss=6.67148256302 distance_loss=2.19337177277
Iteration 71 of 100: loss=10.3057775497 object_loss=8.11240768433 distance_loss=2.19336986542
Iteration 72 of 100: loss=11.5399665833 object_loss=9.34679031372 distance_loss=2.19317626953
Iteration 73 of 100: loss=9.42453956604 object_loss=7.23144578934 distance_loss=2.1930937767
Iteration 74 of 100: loss=10.3228292465 object_loss=8.12975978851 distance_loss=2.19306945801
Iteration 75 of 100: loss=10.5717868805 object_loss=8.37861728668 distance_loss=2.19317007065
Iteration 76 of 100: loss=11.1191625595 object_loss=8.92616939545 distance_loss=2.19299292564
Iteration 77 of 100: loss=11.2234611511 object_loss=9.03029823303 distance_loss=2.19316267967
Iteration 78 of 100: loss=9.89105987549 object_loss=7.69785118103 distance_loss=2.19320821762
Iteration 79 of 100: loss=9.43926334381 object_loss=7.24615001678 distance_loss=2.19311356544
Iteration 80 of 100: loss=9.69800949097 object_loss=7.50505113602 distance_loss=2.19295787811
Iteration 81 of 100: loss=12.6505279541 object_loss=10.4576063156 distance_loss=2.19292187691
Iteration 82 of 100: loss=8.36865997314 object_loss=6.17608070374 distance_loss=2.19257974625
Iteration 83 of 100: loss=9.32912158966 object_loss=7.13663816452 distance_loss=2.19248342514
Iteration 84 of 100: loss=8.44580841064 object_loss=6.25321006775 distance_loss=2.19259810448
Iteration 85 of 100: loss=9.55082321167 object_loss=7.35814714432 distance_loss=2.19267582893
Iteration 86 of 100: loss=9.26985168457 object_loss=7.0769071579 distance_loss=2.19294476509
Iteration 87 of 100: loss=11.1219892502 object_loss=8.92900466919 distance_loss=2.19298481941
Iteration 88 of 100: loss=9.13649749756 object_loss=6.94385480881 distance_loss=2.19264316559
Iteration 89 of 100: loss=10.052236557 object_loss=7.85945081711 distance_loss=2.19278550148
Iteration 90 of 100: loss=9.37137317657 object_loss=7.17840528488 distance_loss=2.19296789169
Iteration 91 of 100: loss=10.738407135 object_loss=8.54545021057 distance_loss=2.19295740128
Iteration 92 of 100: loss=9.48307228088 object_loss=7.29041290283 distance_loss=2.19265961647
Iteration 93 of 100: loss=8.55963134766 object_loss=6.36694669724 distance_loss=2.19268417358
Iteration 94 of 100: loss=9.4066286087 object_loss=7.21395397186 distance_loss=2.19267463684
Iteration 95 of 100: loss=9.3379535675 object_loss=7.14557743073 distance_loss=2.1923763752
Iteration 96 of 100: loss=8.48201370239 object_loss=6.29023551941 distance_loss=2.19177770615
Iteration 97 of 100: loss=10.0773506165 object_loss=7.88616847992 distance_loss=2.19118261337
Iteration 98 of 100: loss=9.72417640686 object_loss=7.53310012817 distance_loss=2.19107580185
Iteration 99 of 100: loss=10.8163013458 object_loss=8.62516403198 distance_loss=2.19113755226
Iteration 0 of 100: loss=9.53672122955 object_loss=7.3458533287 distance_loss=2.19086813927
Iteration 1 of 100: loss=11.2040271759 object_loss=9.01316261292 distance_loss=2.19086503983
Iteration 2 of 100: loss=12.1737804413 object_loss=9.98291873932 distance_loss=2.19086122513
Iteration 3 of 100: loss=11.050819397 object_loss=8.85994243622 distance_loss=2.19087672234
Iteration 4 of 100: loss=8.04506587982 object_loss=5.85442066193 distance_loss=2.19064545631
Iteration 5 of 100: loss=7.07729434967 object_loss=4.88667583466 distance_loss=2.19061875343
Iteration 6 of 100: loss=7.94244670868 object_loss=5.75189399719 distance_loss=2.19055271149
Iteration 7 of 100: loss=7.19988155365 object_loss=5.00917339325 distance_loss=2.19070839882
Iteration 8 of 100: loss=6.89844751358 object_loss=4.70767307281 distance_loss=2.19077444077
Iteration 9 of 100: loss=7.28035926819 object_loss=5.08944749832 distance_loss=2.19091176987
Iteration 10 of 100: loss=7.46722698212 object_loss=5.27614307404 distance_loss=2.1910841465
Iteration 11 of 100: loss=6.7585144043 object_loss=4.56728792191 distance_loss=2.19122624397
Iteration 12 of 100: loss=6.35115337372 object_loss=4.16033649445 distance_loss=2.19081711769
Iteration 13 of 100: loss=6.92033004761 object_loss=4.72925281525 distance_loss=2.19107747078
Iteration 14 of 100: loss=6.83229160309 object_loss=4.64101171494 distance_loss=2.19128012657
Iteration 15 of 100: loss=6.35778903961 object_loss=4.16641139984 distance_loss=2.19137740135
Iteration 16 of 100: loss=6.90548992157 object_loss=4.71427965164 distance_loss=2.19121026993
Iteration 17 of 100: loss=6.63829231262 object_loss=4.44705486298 distance_loss=2.19123721123
Iteration 18 of 100: loss=6.80483007431 object_loss=4.61373901367 distance_loss=2.19109106064
Iteration 19 of 100: loss=7.59018993378 object_loss=5.39889478683 distance_loss=2.19129538536
Iteration 20 of 100: loss=8.18465709686 object_loss=5.99319839478 distance_loss=2.19145894051
Iteration 21 of 100: loss=8.2876625061 object_loss=6.09635639191 distance_loss=2.1913061142
Iteration 22 of 100: loss=7.88130331039 object_loss=5.689848423 distance_loss=2.19145488739
Iteration 23 of 100: loss=7.8467965126 object_loss=5.65536403656 distance_loss=2.19143247604
Iteration 24 of 100: loss=7.79698753357 object_loss=5.60589694977 distance_loss=2.19109034538
Iteration 25 of 100: loss=7.5701675415 object_loss=5.37900066376 distance_loss=2.19116711617
Iteration 26 of 100: loss=8.28400039673 object_loss=6.09294509888 distance_loss=2.19105482101
Iteration 27 of 100: loss=6.50204849243 object_loss=4.31117153168 distance_loss=2.19087719917
Iteration 28 of 100: loss=6.47911262512 object_loss=4.28845500946 distance_loss=2.19065785408
Iteration 29 of 100: loss=6.18281459808 object_loss=3.99207496643 distance_loss=2.19073939323
Iteration 30 of 100: loss=6.41286706924 object_loss=4.22204494476 distance_loss=2.19082212448
Iteration 31 of 100: loss=6.3595662117 object_loss=4.1685552597 distance_loss=2.191010952
Iteration 32 of 100: loss=6.44641399384 object_loss=4.25555419922 distance_loss=2.19086003304
Iteration 33 of 100: loss=5.89527130127 object_loss=3.70402860641 distance_loss=2.19124245644
Iteration 34 of 100: loss=7.26943540573 object_loss=5.07807207108 distance_loss=2.19136333466
Iteration 35 of 100: loss=6.87678718567 object_loss=4.68516349792 distance_loss=2.19162392616
Iteration 36 of 100: loss=6.19863033295 object_loss=4.00708580017 distance_loss=2.19154477119
Iteration 37 of 100: loss=6.39846134186 object_loss=4.2066411972 distance_loss=2.19182014465
Iteration 38 of 100: loss=6.42929840088 object_loss=4.23730230331 distance_loss=2.19199585915
Iteration 39 of 100: loss=6.56748437881 object_loss=4.37522745132 distance_loss=2.19225692749
Iteration 40 of 100: loss=6.72672557831 object_loss=4.53407859802 distance_loss=2.1926472187
Iteration 41 of 100: loss=7.95883083344 object_loss=5.76559686661 distance_loss=2.19323420525
Iteration 42 of 100: loss=9.03430271149 object_loss=6.84047555923 distance_loss=2.19382739067
Iteration 43 of 100: loss=7.944272995 object_loss=5.75000143051 distance_loss=2.1942718029
Iteration 44 of 100: loss=7.32460260391 object_loss=5.12966537476 distance_loss=2.19493722916
Iteration 45 of 100: loss=6.06397914886 object_loss=3.86831188202 distance_loss=2.19566726685
Iteration 46 of 100: loss=6.59196996689 object_loss=4.39577817917 distance_loss=2.19619178772
Iteration 47 of 100: loss=7.99497699738 object_loss=5.79836416245 distance_loss=2.19661307335
Iteration 48 of 100: loss=9.32336235046 object_loss=7.12661075592 distance_loss=2.19675183296
Iteration 49 of 100: loss=9.61655712128 object_loss=7.41953849792 distance_loss=2.19701838493
Iteration 50 of 100: loss=9.26864242554 object_loss=7.07136058807 distance_loss=2.19728183746
Iteration 51 of 100: loss=8.8855304718 object_loss=6.68816137314 distance_loss=2.19736909866
Iteration 52 of 100: loss=9.23351860046 object_loss=7.03624820709 distance_loss=2.19726991653
Iteration 53 of 100: loss=8.52781963348 object_loss=6.33048391342 distance_loss=2.19733572006
Iteration 54 of 100: loss=7.87313318253 object_loss=5.6756105423 distance_loss=2.19752264023
Iteration 55 of 100: loss=8.25384521484 object_loss=6.05631828308 distance_loss=2.19752693176
Iteration 56 of 100: loss=7.11272382736 object_loss=4.91575288773 distance_loss=2.19697093964
Iteration 57 of 100: loss=6.96273136139 object_loss=4.76588869095 distance_loss=2.19684290886
Iteration 58 of 100: loss=6.82334280014 object_loss=4.62657499313 distance_loss=2.19676780701
Iteration 59 of 100: loss=7.74043083191 object_loss=5.54399776459 distance_loss=2.19643306732
Iteration 60 of 100: loss=8.64308834076 object_loss=6.44738864899 distance_loss=2.19569969177
Iteration 61 of 100: loss=8.02316188812 object_loss=5.82786369324 distance_loss=2.19529795647
Iteration 62 of 100: loss=8.51052093506 object_loss=6.31544780731 distance_loss=2.19507288933
Iteration 63 of 100: loss=9.02631378174 object_loss=6.8316655159 distance_loss=2.19464802742
Iteration 64 of 100: loss=10.5320167542 object_loss=8.3378200531 distance_loss=2.19419670105
Iteration 65 of 100: loss=10.2616729736 object_loss=8.0678768158 distance_loss=2.19379615784
Iteration 66 of 100: loss=9.45995330811 object_loss=7.26688528061 distance_loss=2.19306826591
Iteration 67 of 100: loss=10.5867195129 object_loss=8.39424800873 distance_loss=2.19247174263
Iteration 68 of 100: loss=9.89490509033 object_loss=7.70283412933 distance_loss=2.19207072258
Iteration 69 of 100: loss=9.52241897583 object_loss=7.33052873611 distance_loss=2.19188976288
Iteration 70 of 100: loss=9.27097320557 object_loss=7.07919979095 distance_loss=2.19177341461
Iteration 71 of 100: loss=11.4239177704 object_loss=9.2321472168 distance_loss=2.19177007675
Iteration 72 of 100: loss=12.1160240173 object_loss=9.92486286163 distance_loss=2.1911611557
Iteration 73 of 100: loss=12.6726808548 object_loss=10.4814739227 distance_loss=2.19120717049
Iteration 74 of 100: loss=13.6116542816 object_loss=11.4204978943 distance_loss=2.19115662575
Iteration 75 of 100: loss=13.5521125793 object_loss=11.3609962463 distance_loss=2.19111609459
Iteration 76 of 100: loss=11.3647861481 object_loss=9.1735086441 distance_loss=2.19127702713
Iteration 77 of 100: loss=10.9166536331 object_loss=8.72545337677 distance_loss=2.19120025635
Iteration 78 of 100: loss=9.29148387909 object_loss=7.10038089752 distance_loss=2.19110321999
Iteration 79 of 100: loss=9.26663303375 object_loss=7.07523536682 distance_loss=2.19139790535
Iteration 80 of 100: loss=5.52380466461 object_loss=3.33253407478 distance_loss=2.19127082825
Iteration 81 of 100: loss=4.69766616821 object_loss=2.50682282448 distance_loss=2.19084334373
Iteration 82 of 100: loss=6.60859727859 object_loss=4.41746473312 distance_loss=2.19113254547
Iteration 83 of 100: loss=6.76447105408 object_loss=4.5729932785 distance_loss=2.19147753716
Iteration 84 of 100: loss=8.65505123138 object_loss=6.4635386467 distance_loss=2.19151234627
Iteration 85 of 100: loss=8.89444160461 object_loss=6.702896595 distance_loss=2.19154524803
Iteration 86 of 100: loss=7.23218536377 object_loss=5.04035377502 distance_loss=2.19183135033
Iteration 87 of 100: loss=6.38421916962 object_loss=4.19226551056 distance_loss=2.19195389748
Iteration 88 of 100: loss=6.5886297226 object_loss=4.39650058746 distance_loss=2.19212937355
Iteration 89 of 100: loss=7.24126434326 object_loss=5.04872512817 distance_loss=2.19253921509
Iteration 90 of 100: loss=7.96986341476 object_loss=5.77723169327 distance_loss=2.1926317215
Iteration 91 of 100: loss=7.63711643219 object_loss=5.44370889664 distance_loss=2.19340729713
Iteration 92 of 100: loss=9.32098674774 object_loss=7.12743854523 distance_loss=2.1935479641
Iteration 93 of 100: loss=14.7477359772 object_loss=12.5537281036 distance_loss=2.19400811195
Iteration 94 of 100: loss=12.8581619263 object_loss=10.6636571884 distance_loss=2.19450449944
Iteration 95 of 100: loss=12.3899078369 object_loss=10.1953086853 distance_loss=2.19459915161
Iteration 96 of 100: loss=12.146604538 object_loss=9.95209026337 distance_loss=2.19451403618
Iteration 97 of 100: loss=11.5732736588 object_loss=9.37821865082 distance_loss=2.19505476952
Iteration 98 of 100: loss=10.8552122116 object_loss=8.65968990326 distance_loss=2.19552230835
Iteration 99 of 100: loss=10.9345207214 object_loss=8.73863124847 distance_loss=2.19588923454
Iteration 0 of 100: loss=20.4356460571 object_loss=18.2393932343 distance_loss=2.19625282288
Iteration 1 of 100: loss=17.4521751404 object_loss=15.2556638718 distance_loss=2.19651222229
Iteration 2 of 100: loss=17.0886955261 object_loss=14.8920726776 distance_loss=2.19662380219
Iteration 3 of 100: loss=16.7273693085 object_loss=14.5302839279 distance_loss=2.19708490372
Iteration 4 of 100: loss=18.42669487 object_loss=16.2294464111 distance_loss=2.19724774361
Iteration 5 of 100: loss=16.770565033 object_loss=14.5730934143 distance_loss=2.19747257233
Iteration 6 of 100: loss=18.3085346222 object_loss=16.1108322144 distance_loss=2.19770216942
Iteration 7 of 100: loss=16.565454483 object_loss=14.3677129745 distance_loss=2.19774198532
Iteration 8 of 100: loss=15.7827606201 object_loss=13.5851917267 distance_loss=2.19756937027
Iteration 9 of 100: loss=17.108007431 object_loss=14.9102649689 distance_loss=2.19774222374
Iteration 10 of 100: loss=15.7824764252 object_loss=13.5844564438 distance_loss=2.19802045822
Iteration 11 of 100: loss=17.089471817 object_loss=14.8913698196 distance_loss=2.19810223579
Iteration 12 of 100: loss=13.8908557892 object_loss=11.6927862167 distance_loss=2.19806957245
Iteration 13 of 100: loss=12.3241939545 object_loss=10.1260166168 distance_loss=2.19817757607
Iteration 14 of 100: loss=14.1646938324 object_loss=11.9665164948 distance_loss=2.19817733765
Iteration 15 of 100: loss=13.8672351837 object_loss=11.6688137054 distance_loss=2.19842100143
Iteration 16 of 100: loss=15.3493919373 object_loss=13.1509799957 distance_loss=2.19841146469
Iteration 17 of 100: loss=16.0461063385 object_loss=13.8475065231 distance_loss=2.19859981537
Iteration 18 of 100: loss=18.967628479 object_loss=16.7686920166 distance_loss=2.19893670082
Iteration 19 of 100: loss=21.4546947479 object_loss=19.2555427551 distance_loss=2.19915151596
Iteration 20 of 100: loss=18.482591629 object_loss=16.2832603455 distance_loss=2.19933056831
Iteration 21 of 100: loss=16.0980396271 object_loss=13.8982219696 distance_loss=2.19981718063
Iteration 22 of 100: loss=15.7418479919 object_loss=13.5415935516 distance_loss=2.20025396347
Iteration 23 of 100: loss=18.49817276 object_loss=16.2976608276 distance_loss=2.20051288605
Iteration 24 of 100: loss=17.1240406036 object_loss=14.9235172272 distance_loss=2.20052266121
Iteration 25 of 100: loss=15.2833938599 object_loss=13.0828027725 distance_loss=2.20059132576
Iteration 26 of 100: loss=11.0616855621 object_loss=8.86099624634 distance_loss=2.20068979263
Iteration 27 of 100: loss=10.2443332672 object_loss=8.04356479645 distance_loss=2.20076799393
Iteration 28 of 100: loss=12.5207300186 object_loss=10.3201436996 distance_loss=2.20058608055
Iteration 29 of 100: loss=12.7104501724 object_loss=10.509762764 distance_loss=2.20068740845
Iteration 30 of 100: loss=11.4185438156 object_loss=9.21767711639 distance_loss=2.20086669922
Iteration 31 of 100: loss=9.54143238068 object_loss=7.34042739868 distance_loss=2.20100498199
Iteration 32 of 100: loss=10.5512981415 object_loss=8.35072898865 distance_loss=2.20056939125
Iteration 33 of 100: loss=14.7620925903 object_loss=12.5615768433 distance_loss=2.20051598549
Iteration 34 of 100: loss=15.1540231705 object_loss=12.95353508 distance_loss=2.2004878521
Iteration 35 of 100: loss=12.4589128494 object_loss=10.2584276199 distance_loss=2.20048499107
Iteration 36 of 100: loss=13.0656280518 object_loss=10.8654336929 distance_loss=2.20019412041
Iteration 37 of 100: loss=12.5007457733 object_loss=10.3008203506 distance_loss=2.19992589951
Iteration 38 of 100: loss=13.826751709 object_loss=11.6269989014 distance_loss=2.19975280762
Iteration 39 of 100: loss=12.5102548599 object_loss=10.3106155396 distance_loss=2.19963908195
Iteration 40 of 100: loss=12.0292243958 object_loss=9.82982349396 distance_loss=2.19940066338
Iteration 41 of 100: loss=10.4227409363 object_loss=8.22372913361 distance_loss=2.19901180267
Iteration 42 of 100: loss=11.9791584015 object_loss=9.78041648865 distance_loss=2.19874215126
Iteration 43 of 100: loss=12.8678379059 object_loss=10.6690177917 distance_loss=2.19882059097
Iteration 44 of 100: loss=13.099070549 object_loss=10.9003448486 distance_loss=2.19872570038
Iteration 45 of 100: loss=11.6549873352 object_loss=9.45610523224 distance_loss=2.19888234138
Iteration 46 of 100: loss=12.3693408966 object_loss=10.170501709 distance_loss=2.19883942604
Iteration 47 of 100: loss=14.4230270386 object_loss=12.2243690491 distance_loss=2.1986579895
Iteration 48 of 100: loss=12.0933742523 object_loss=9.89481544495 distance_loss=2.19855856895
Iteration 49 of 100: loss=10.3616409302 object_loss=8.16321182251 distance_loss=2.1984295845
Iteration 50 of 100: loss=12.9725255966 object_loss=10.7743320465 distance_loss=2.19819378853
Iteration 51 of 100: loss=14.3636283875 object_loss=12.1656074524 distance_loss=2.19802117348
Iteration 52 of 100: loss=12.1058502197 object_loss=9.90845680237 distance_loss=2.19739341736
Iteration 53 of 100: loss=10.8075046539 object_loss=8.61029434204 distance_loss=2.19721031189
Iteration 54 of 100: loss=12.8051700592 object_loss=10.6080341339 distance_loss=2.19713568687
Iteration 55 of 100: loss=8.30735969543 object_loss=6.11013317108 distance_loss=2.19722652435
Iteration 56 of 100: loss=9.55670928955 object_loss=7.35976696014 distance_loss=2.19694209099
Iteration 57 of 100: loss=13.232624054 object_loss=11.0354156494 distance_loss=2.19720816612
Iteration 58 of 100: loss=10.5157661438 object_loss=8.31834983826 distance_loss=2.19741630554
Iteration 59 of 100: loss=11.1744556427 object_loss=8.97689723969 distance_loss=2.1975581646
Iteration 60 of 100: loss=9.94511604309 object_loss=7.74741029739 distance_loss=2.19770550728
Iteration 61 of 100: loss=7.75221157074 object_loss=5.5545539856 distance_loss=2.19765758514
Iteration 62 of 100: loss=8.68703937531 object_loss=6.48940515518 distance_loss=2.19763445854
Iteration 63 of 100: loss=9.92965602875 object_loss=7.73161029816 distance_loss=2.19804596901
Iteration 64 of 100: loss=10.926445961 object_loss=8.72816467285 distance_loss=2.19828152657
Iteration 65 of 100: loss=16.1435241699 object_loss=13.9452829361 distance_loss=2.1982421875
Iteration 66 of 100: loss=14.6358795166 object_loss=12.4373664856 distance_loss=2.19851303101
Iteration 67 of 100: loss=13.7934579849 object_loss=11.5948514938 distance_loss=2.19860649109
Iteration 68 of 100: loss=11.0052471161 object_loss=8.80674171448 distance_loss=2.19850516319
Iteration 69 of 100: loss=13.6823368073 object_loss=11.4835166931 distance_loss=2.19882011414
Iteration 70 of 100: loss=12.9999389648 object_loss=10.8005475998 distance_loss=2.19939184189
Iteration 71 of 100: loss=12.6548366547 object_loss=10.4551048279 distance_loss=2.19973134995
Iteration 72 of 100: loss=12.9470510483 object_loss=10.7472047806 distance_loss=2.19984650612
Iteration 73 of 100: loss=14.740316391 object_loss=12.5399436951 distance_loss=2.20037317276
Iteration 74 of 100: loss=13.3328886032 object_loss=11.132194519 distance_loss=2.20069384575
Iteration 75 of 100: loss=13.9798402786 object_loss=11.779176712 distance_loss=2.20066380501
Iteration 76 of 100: loss=11.8315572739 object_loss=9.63115882874 distance_loss=2.20039820671
Iteration 77 of 100: loss=14.2438163757 object_loss=12.0433483124 distance_loss=2.20046758652
Iteration 78 of 100: loss=14.996304512 object_loss=12.7956867218 distance_loss=2.20061802864
Iteration 79 of 100: loss=13.8708934784 object_loss=11.6699638367 distance_loss=2.20092940331
Iteration 80 of 100: loss=14.3576345444 object_loss=12.1567144394 distance_loss=2.20091986656
Iteration 81 of 100: loss=19.282075882 object_loss=17.0809249878 distance_loss=2.20115017891
Iteration 82 of 100: loss=18.6644191742 object_loss=16.4630489349 distance_loss=2.201369524
Iteration 83 of 100: loss=14.5408725739 object_loss=12.3390293121 distance_loss=2.2018430233
Iteration 84 of 100: loss=15.8045654297 object_loss=13.6022796631 distance_loss=2.20228552818
Iteration 85 of 100: loss=18.6909923553 object_loss=16.4883403778 distance_loss=2.20265126228
Iteration 86 of 100: loss=18.9869747162 object_loss=16.7839603424 distance_loss=2.20301485062
Iteration 87 of 100: loss=18.1261024475 object_loss=15.9226732254 distance_loss=2.20342922211
Iteration 88 of 100: loss=14.6468133926 object_loss=12.4430198669 distance_loss=2.20379376411
Iteration 89 of 100: loss=17.6233596802 object_loss=15.4191102982 distance_loss=2.20424962044
Iteration 90 of 100: loss=17.979227066 object_loss=15.7744159698 distance_loss=2.20481038094
Iteration 91 of 100: loss=15.8900632858 object_loss=13.6849021912 distance_loss=2.20516085625
Iteration 92 of 100: loss=17.8687210083 object_loss=15.6633853912 distance_loss=2.20533585548
Iteration 93 of 100: loss=17.6682357788 object_loss=15.4623756409 distance_loss=2.20586037636
Iteration 94 of 100: loss=19.2233295441 object_loss=17.0168609619 distance_loss=2.20646810532
Iteration 95 of 100: loss=18.191318512 object_loss=15.9843168259 distance_loss=2.20700120926
Iteration 96 of 100: loss=14.6041927338 object_loss=12.3972826004 distance_loss=2.2069106102
Iteration 97 of 100: loss=12.2834682465 object_loss=10.0762405396 distance_loss=2.20722770691
Iteration 98 of 100: loss=17.0180721283 object_loss=14.8104333878 distance_loss=2.20763921738
Iteration 99 of 100: loss=13.0449209213 object_loss=10.8365840912 distance_loss=2.20833659172
loss difference: 56.2672309875 mu: 299
------------  Pytorch Output ------------
('first_line_filtered number.', (66343, 3), (109081, 3))
('took iterations:', 51, 'best model:', array([   0.37438464,   -2.2188826 , -143.32146   , -251.30511   ],
      dtype=float32), 'explains:', 48575)
19
140
18
70
3
9
11
6
4
42
21
47
3
20
6
4
6
13
6
11
3
5
7
13
3
14
10
14
189
8
85
9
55
9
68
58
1021
331
3227
8832
775
2035
54
262
31
18
4
30
5
23
6
4
8
54
9
86
58
3
28
8
